Command line invocation:
    /Applications/Xcode.app/Contents/Developer/usr/bin/xcodebuild -project Prompt28.xcodeproj -scheme Prompt28 -sdk iphonesimulator -configuration Debug -destination id=79BCF04B-CFE7-4A01-8202-21410B85052E build

Build settings from command line:
    SDKROOT = iphonesimulator26.2

Resolve Package Graph


Resolved source packages:
  GTMSessionFetcher: https://github.com/google/gtm-session-fetcher.git @ 3.5.0
  AppAuth: https://github.com/openid/AppAuth-iOS.git @ 2.0.0
  Promises: https://github.com/google/promises.git @ 2.4.0
  GoogleSignIn: https://github.com/google/GoogleSignIn-iOS @ 9.1.0
  GoogleUtilities: https://github.com/google/GoogleUtilities.git @ 8.1.0
  AppCheck: https://github.com/google/app-check.git @ 11.2.0
  GTMAppAuth: https://github.com/google/GTMAppAuth.git @ 5.0.0

2026-03-14 18:33:30.650 xcodebuild[28562:3269743] [MT] IDERunDestination: Supported platforms for the buildables in the current scheme is empty.
ComputePackagePrebuildTargetDependencyGraph

Prepare packages

CreateBuildRequest

SendProjectDescription

CreateBuildOperation

ComputeTargetDependencyGraph
note: Building targets in dependency order
note: Target dependency graph (33 targets)
    Target 'Prompt28' in project 'Prompt28'
        ➜ Explicit dependency on target 'GoogleSignIn' in project 'GoogleSignIn'
        ➜ Explicit dependency on target 'GoogleSignInSwift' in project 'GoogleSignIn'
    Target 'GoogleSignInSwift' in project 'GoogleSignIn'
        ➜ Explicit dependency on target 'GoogleSignInSwift' in project 'GoogleSignIn'
        ➜ Explicit dependency on target 'GoogleSignIn_GoogleSignInSwift' in project 'GoogleSignIn'
        ➜ Explicit dependency on target 'GoogleSignIn' in project 'GoogleSignIn'
        ➜ Explicit dependency on target 'AppAuth' in project 'AppAuth'
        ➜ Explicit dependency on target 'AppAuthCore' in project 'AppAuth'
        ➜ Explicit dependency on target 'AppCheckCore' in project 'AppCheck'
        ➜ Explicit dependency on target 'GTMAppAuth' in project 'GTMAppAuth'
        ➜ Explicit dependency on target 'GTMSessionFetcherCore' in project 'GTMSessionFetcher'
    Target 'GoogleSignInSwift' in project 'GoogleSignIn'
        ➜ Explicit dependency on target 'GoogleSignIn_GoogleSignInSwift' in project 'GoogleSignIn'
        ➜ Explicit dependency on target 'GoogleSignIn' in project 'GoogleSignIn'
        ➜ Explicit dependency on target 'AppAuth' in project 'AppAuth'
        ➜ Explicit dependency on target 'AppAuthCore' in project 'AppAuth'
        ➜ Explicit dependency on target 'AppCheckCore' in project 'AppCheck'
        ➜ Explicit dependency on target 'GTMAppAuth' in project 'GTMAppAuth'
        ➜ Explicit dependency on target 'GTMSessionFetcherCore' in project 'GTMSessionFetcher'
    Target 'GoogleSignIn_GoogleSignInSwift' in project 'GoogleSignIn' (no dependencies)
    Target 'GoogleSignIn' in project 'GoogleSignIn'
        ➜ Explicit dependency on target 'GoogleSignIn' in project 'GoogleSignIn'
        ➜ Explicit dependency on target 'GoogleSignIn_GoogleSignIn' in project 'GoogleSignIn'
        ➜ Explicit dependency on target 'AppAuth' in project 'AppAuth'
        ➜ Explicit dependency on target 'AppAuthCore' in project 'AppAuth'
        ➜ Explicit dependency on target 'AppCheckCore' in project 'AppCheck'
        ➜ Explicit dependency on target 'GTMAppAuth' in project 'GTMAppAuth'
        ➜ Explicit dependency on target 'GTMSessionFetcherCore' in project 'GTMSessionFetcher'
    Target 'GoogleSignIn' in project 'GoogleSignIn'
        ➜ Explicit dependency on target 'GoogleSignIn_GoogleSignIn' in project 'GoogleSignIn'
        ➜ Explicit dependency on target 'AppAuth' in project 'AppAuth'
        ➜ Explicit dependency on target 'AppAuthCore' in project 'AppAuth'
        ➜ Explicit dependency on target 'AppCheckCore' in project 'AppCheck'
        ➜ Explicit dependency on target 'GTMAppAuth' in project 'GTMAppAuth'
        ➜ Explicit dependency on target 'GTMSessionFetcherCore' in project 'GTMSessionFetcher'
    Target 'GTMAppAuth' in project 'GTMAppAuth'
        ➜ Explicit dependency on target 'GTMAppAuth' in project 'GTMAppAuth'
        ➜ Explicit dependency on target 'GTMAppAuth_GTMAppAuth' in project 'GTMAppAuth'
        ➜ Explicit dependency on target 'GTMSessionFetcherCore' in project 'GTMSessionFetcher'
        ➜ Explicit dependency on target 'AppAuthCore' in project 'AppAuth'
    Target 'GTMAppAuth' in project 'GTMAppAuth'
        ➜ Explicit dependency on target 'GTMAppAuth_GTMAppAuth' in project 'GTMAppAuth'
        ➜ Explicit dependency on target 'GTMSessionFetcherCore' in project 'GTMSessionFetcher'
        ➜ Explicit dependency on target 'AppAuthCore' in project 'AppAuth'
    Target 'GTMSessionFetcherCore' in project 'GTMSessionFetcher'
        ➜ Explicit dependency on target 'GTMSessionFetcherCore' in project 'GTMSessionFetcher'
        ➜ Explicit dependency on target 'GTMSessionFetcher_GTMSessionFetcherCore' in project 'GTMSessionFetcher'
    Target 'GTMSessionFetcherCore' in project 'GTMSessionFetcher'
        ➜ Explicit dependency on target 'GTMSessionFetcher_GTMSessionFetcherCore' in project 'GTMSessionFetcher'
    Target 'GTMSessionFetcher_GTMSessionFetcherCore' in project 'GTMSessionFetcher' (no dependencies)
    Target 'GTMAppAuth_GTMAppAuth' in project 'GTMAppAuth' (no dependencies)
    Target 'AppCheckCore' in project 'AppCheck'
        ➜ Explicit dependency on target 'AppCheckCore' in project 'AppCheck'
        ➜ Explicit dependency on target 'FBLPromises' in project 'Promises'
        ➜ Explicit dependency on target 'GULEnvironment' in project 'GoogleUtilities'
        ➜ Explicit dependency on target 'GULUserDefaults' in project 'GoogleUtilities'
    Target 'AppCheckCore' in project 'AppCheck'
        ➜ Explicit dependency on target 'FBLPromises' in project 'Promises'
        ➜ Explicit dependency on target 'GULEnvironment' in project 'GoogleUtilities'
        ➜ Explicit dependency on target 'GULUserDefaults' in project 'GoogleUtilities'
    Target 'GULUserDefaults' in project 'GoogleUtilities'
        ➜ Explicit dependency on target 'GoogleUtilities-UserDefaults' in project 'GoogleUtilities'
        ➜ Explicit dependency on target 'GoogleUtilities_GoogleUtilities-UserDefaults' in project 'GoogleUtilities'
        ➜ Explicit dependency on target 'third-party-IsAppEncrypted' in project 'GoogleUtilities'
        ➜ Explicit dependency on target 'GoogleUtilities-Environment' in project 'GoogleUtilities'
        ➜ Explicit dependency on target 'GoogleUtilities-Logger' in project 'GoogleUtilities'
    Target 'GoogleUtilities-UserDefaults' in project 'GoogleUtilities'
        ➜ Explicit dependency on target 'GoogleUtilities_GoogleUtilities-UserDefaults' in project 'GoogleUtilities'
        ➜ Explicit dependency on target 'third-party-IsAppEncrypted' in project 'GoogleUtilities'
        ➜ Explicit dependency on target 'GoogleUtilities-Environment' in project 'GoogleUtilities'
        ➜ Explicit dependency on target 'GoogleUtilities-Logger' in project 'GoogleUtilities'
    Target 'GoogleUtilities-Logger' in project 'GoogleUtilities'
        ➜ Explicit dependency on target 'GoogleUtilities_GoogleUtilities-Logger' in project 'GoogleUtilities'
        ➜ Explicit dependency on target 'third-party-IsAppEncrypted' in project 'GoogleUtilities'
        ➜ Explicit dependency on target 'GoogleUtilities-Environment' in project 'GoogleUtilities'
    Target 'GoogleUtilities_GoogleUtilities-Logger' in project 'GoogleUtilities' (no dependencies)
    Target 'GoogleUtilities_GoogleUtilities-UserDefaults' in project 'GoogleUtilities' (no dependencies)
    Target 'GULEnvironment' in project 'GoogleUtilities'
        ➜ Explicit dependency on target 'GoogleUtilities-Environment' in project 'GoogleUtilities'
        ➜ Explicit dependency on target 'GoogleUtilities_GoogleUtilities-Environment' in project 'GoogleUtilities'
        ➜ Explicit dependency on target 'third-party-IsAppEncrypted' in project 'GoogleUtilities'
    Target 'GoogleUtilities-Environment' in project 'GoogleUtilities'
        ➜ Explicit dependency on target 'GoogleUtilities_GoogleUtilities-Environment' in project 'GoogleUtilities'
        ➜ Explicit dependency on target 'third-party-IsAppEncrypted' in project 'GoogleUtilities'
    Target 'third-party-IsAppEncrypted' in project 'GoogleUtilities' (no dependencies)
    Target 'GoogleUtilities_GoogleUtilities-Environment' in project 'GoogleUtilities' (no dependencies)
    Target 'FBLPromises' in project 'Promises'
        ➜ Explicit dependency on target 'FBLPromises' in project 'Promises'
        ➜ Explicit dependency on target 'Promises_FBLPromises' in project 'Promises'
    Target 'FBLPromises' in project 'Promises'
        ➜ Explicit dependency on target 'Promises_FBLPromises' in project 'Promises'
    Target 'Promises_FBLPromises' in project 'Promises' (no dependencies)
    Target 'AppAuthCore' in project 'AppAuth'
        ➜ Explicit dependency on target 'AppAuthCore' in project 'AppAuth'
        ➜ Explicit dependency on target 'AppAuth_AppAuthCore' in project 'AppAuth'
    Target 'AppAuth' in project 'AppAuth'
        ➜ Explicit dependency on target 'AppAuth' in project 'AppAuth'
        ➜ Explicit dependency on target 'AppAuth_AppAuth' in project 'AppAuth'
        ➜ Explicit dependency on target 'AppAuthCore' in project 'AppAuth'
    Target 'AppAuth' in project 'AppAuth'
        ➜ Explicit dependency on target 'AppAuth_AppAuth' in project 'AppAuth'
        ➜ Explicit dependency on target 'AppAuthCore' in project 'AppAuth'
    Target 'AppAuthCore' in project 'AppAuth'
        ➜ Explicit dependency on target 'AppAuth_AppAuthCore' in project 'AppAuth'
    Target 'AppAuth_AppAuthCore' in project 'AppAuth' (no dependencies)
    Target 'AppAuth_AppAuth' in project 'AppAuth' (no dependencies)
    Target 'GoogleSignIn_GoogleSignIn' in project 'GoogleSignIn' (no dependencies)

GatherProvisioningInputs

CreateBuildDescription

ExecuteExternalTool /Applications/Xcode.app/Contents/Developer/Toolchains/XcodeDefault.xctoolchain/usr/bin/clang -v -E -dM -arch x86_64 -isysroot /Applications/Xcode.app/Contents/Developer/Platforms/iPhoneSimulator.platform/Developer/SDKs/iPhoneSimulator26.2.sdk -x objective-c -c /dev/null

ExecuteExternalTool /Applications/Xcode.app/Contents/Developer/Toolchains/XcodeDefault.xctoolchain/usr/bin/swiftc --version

ExecuteExternalTool /Applications/Xcode.app/Contents/Developer/Toolchains/XcodeDefault.xctoolchain/usr/bin/clang -v -E -dM -isysroot /Applications/Xcode.app/Contents/Developer/Platforms/iPhoneSimulator.platform/Developer/SDKs/iPhoneSimulator26.2.sdk -x c -c /dev/null

ExecuteExternalTool /Applications/Xcode.app/Contents/Developer/Toolchains/XcodeDefault.xctoolchain/usr/bin/clang -v -E -dM -arch x86_64 -isysroot /Applications/Xcode.app/Contents/Developer/Platforms/iPhoneSimulator.platform/Developer/SDKs/iPhoneSimulator26.2.sdk -x c -c /dev/null

ExecuteExternalTool /Applications/Xcode.app/Contents/Developer/Toolchains/XcodeDefault.xctoolchain/usr/bin/ld -version_details

Build description signature: 09511941a483ea0b405f80fb8c2dd219
Build description path: /Users/nataliewhipps/Library/Developer/Xcode/DerivedData/Prompt28-cgmmkisguitsyibyvnemfqvywbnv/Build/Intermediates.noindex/XCBuildData/09511941a483ea0b405f80fb8c2dd219.xcbuilddata
ClangStatCache /Applications/Xcode.app/Contents/Developer/Toolchains/XcodeDefault.xctoolchain/usr/bin/clang-stat-cache /Applications/Xcode.app/Contents/Developer/Platforms/iPhoneSimulator.platform/Developer/SDKs/iPhoneSimulator26.2.sdk /Users/nataliewhipps/Library/Developer/Xcode/DerivedData/SDKStatCaches.noindex/iphonesimulator26.2-23C57-7d00a8b37fbd7999ea79df8ebc024bf0.sdkstatcache
    cd /Users/nataliewhipps/Desktop/Prompt28/Prompt28.xcodeproj
    /Applications/Xcode.app/Contents/Developer/Toolchains/XcodeDefault.xctoolchain/usr/bin/clang-stat-cache /Applications/Xcode.app/Contents/Developer/Platforms/iPhoneSimulator.platform/Developer/SDKs/iPhoneSimulator26.2.sdk -o /Users/nataliewhipps/Library/Developer/Xcode/DerivedData/SDKStatCaches.noindex/iphonesimulator26.2-23C57-7d00a8b37fbd7999ea79df8ebc024bf0.sdkstatcache

CreateBuildDirectory /Users/nataliewhipps/Library/Developer/Xcode/DerivedData/Prompt28-cgmmkisguitsyibyvnemfqvywbnv/Build/Products
    cd /Users/nataliewhipps/Desktop/Prompt28/Prompt28.xcodeproj
    builtin-create-build-directory /Users/nataliewhipps/Library/Developer/Xcode/DerivedData/Prompt28-cgmmkisguitsyibyvnemfqvywbnv/Build/Products

CreateBuildDirectory /Users/nataliewhipps/Library/Developer/Xcode/DerivedData/Prompt28-cgmmkisguitsyibyvnemfqvywbnv/Build/Intermediates.noindex
    cd /Users/nataliewhipps/Desktop/Prompt28/Prompt28.xcodeproj
    builtin-create-build-directory /Users/nataliewhipps/Library/Developer/Xcode/DerivedData/Prompt28-cgmmkisguitsyibyvnemfqvywbnv/Build/Intermediates.noindex

CreateBuildDirectory /Users/nataliewhipps/Library/Developer/Xcode/DerivedData/Prompt28-cgmmkisguitsyibyvnemfqvywbnv/Build/Products/Debug-iphonesimulator
    cd /Users/nataliewhipps/Desktop/Prompt28/Prompt28.xcodeproj
    builtin-create-build-directory /Users/nataliewhipps/Library/Developer/Xcode/DerivedData/Prompt28-cgmmkisguitsyibyvnemfqvywbnv/Build/Products/Debug-iphonesimulator

CreateBuildDirectory /Users/nataliewhipps/Library/Developer/Xcode/DerivedData/Prompt28-cgmmkisguitsyibyvnemfqvywbnv/Build/Intermediates.noindex/SwiftExplicitPrecompiledModules
    cd /Users/nataliewhipps/Desktop/Prompt28/Prompt28.xcodeproj
    builtin-create-build-directory /Users/nataliewhipps/Library/Developer/Xcode/DerivedData/Prompt28-cgmmkisguitsyibyvnemfqvywbnv/Build/Intermediates.noindex/SwiftExplicitPrecompiledModules

CreateBuildDirectory /Users/nataliewhipps/Library/Developer/Xcode/DerivedData/Prompt28-cgmmkisguitsyibyvnemfqvywbnv/Build/Intermediates.noindex/ExplicitPrecompiledModules
    cd /Users/nataliewhipps/Desktop/Prompt28/Prompt28.xcodeproj
    builtin-create-build-directory /Users/nataliewhipps/Library/Developer/Xcode/DerivedData/Prompt28-cgmmkisguitsyibyvnemfqvywbnv/Build/Intermediates.noindex/ExplicitPrecompiledModules

CreateBuildDirectory /Users/nataliewhipps/Library/Developer/Xcode/DerivedData/Prompt28-cgmmkisguitsyibyvnemfqvywbnv/Build/Intermediates.noindex/EagerLinkingTBDs/Debug-iphonesimulator
    cd /Users/nataliewhipps/Desktop/Prompt28/Prompt28.xcodeproj
    builtin-create-build-directory /Users/nataliewhipps/Library/Developer/Xcode/DerivedData/Prompt28-cgmmkisguitsyibyvnemfqvywbnv/Build/Intermediates.noindex/EagerLinkingTBDs/Debug-iphonesimulator

WriteAuxiliaryFile /Users/nataliewhipps/Library/Developer/Xcode/DerivedData/Prompt28-cgmmkisguitsyibyvnemfqvywbnv/Build/Intermediates.noindex/Prompt28.build/Debug-iphonesimulator/Prompt28-ac916911077456fe79090a1a0a914592-VFS-iphonesimulator/all-product-headers.yaml
    cd /Users/nataliewhipps/Desktop/Prompt28/Prompt28.xcodeproj
    write-file /Users/nataliewhipps/Library/Developer/Xcode/DerivedData/Prompt28-cgmmkisguitsyibyvnemfqvywbnv/Build/Intermediates.noindex/Prompt28.build/Debug-iphonesimulator/Prompt28-ac916911077456fe79090a1a0a914592-VFS-iphonesimulator/all-product-headers.yaml

WriteAuxiliaryFile /Users/nataliewhipps/Library/Developer/Xcode/DerivedData/Prompt28-cgmmkisguitsyibyvnemfqvywbnv/Build/Intermediates.noindex/GoogleUtilities.build/Debug-iphonesimulator/third-party-IsAppEncrypted.build/third-party-IsAppEncrypted.DependencyMetadataFileList (in target 'third-party-IsAppEncrypted' from project 'GoogleUtilities')
    cd /Users/nataliewhipps/Library/Developer/Xcode/DerivedData/Prompt28-cgmmkisguitsyibyvnemfqvywbnv/SourcePackages/checkouts/GoogleUtilities
    write-file /Users/nataliewhipps/Library/Developer/Xcode/DerivedData/Prompt28-cgmmkisguitsyibyvnemfqvywbnv/Build/Intermediates.noindex/GoogleUtilities.build/Debug-iphonesimulator/third-party-IsAppEncrypted.build/third-party-IsAppEncrypted.DependencyMetadataFileList

WriteAuxiliaryFile /Users/nataliewhipps/Library/Developer/Xcode/DerivedData/Prompt28-cgmmkisguitsyibyvnemfqvywbnv/Build/Intermediates.noindex/GoogleUtilities.build/Debug-iphonesimulator/third-party-IsAppEncrypted.build/third-party-IsAppEncrypted.modulemap (in target 'third-party-IsAppEncrypted' from project 'GoogleUtilities')
    cd /Users/nataliewhipps/Library/Developer/Xcode/DerivedData/Prompt28-cgmmkisguitsyibyvnemfqvywbnv/SourcePackages/checkouts/GoogleUtilities
    write-file /Users/nataliewhipps/Library/Developer/Xcode/DerivedData/Prompt28-cgmmkisguitsyibyvnemfqvywbnv/Build/Intermediates.noindex/GoogleUtilities.build/Debug-iphonesimulator/third-party-IsAppEncrypted.build/third-party-IsAppEncrypted.modulemap

WriteAuxiliaryFile /Users/nataliewhipps/Library/Developer/Xcode/DerivedData/Prompt28-cgmmkisguitsyibyvnemfqvywbnv/Build/Intermediates.noindex/GoogleUtilities.build/Debug-iphonesimulator/third-party-IsAppEncrypted.build/third-party-IsAppEncrypted.DependencyStaticMetadataFileList (in target 'third-party-IsAppEncrypted' from project 'GoogleUtilities')
    cd /Users/nataliewhipps/Library/Developer/Xcode/DerivedData/Prompt28-cgmmkisguitsyibyvnemfqvywbnv/SourcePackages/checkouts/GoogleUtilities
    write-file /Users/nataliewhipps/Library/Developer/Xcode/DerivedData/Prompt28-cgmmkisguitsyibyvnemfqvywbnv/Build/Intermediates.noindex/GoogleUtilities.build/Debug-iphonesimulator/third-party-IsAppEncrypted.build/third-party-IsAppEncrypted.DependencyStaticMetadataFileList

WriteAuxiliaryFile /Users/nataliewhipps/Library/Developer/Xcode/DerivedData/Prompt28-cgmmkisguitsyibyvnemfqvywbnv/Build/Intermediates.noindex/GoogleUtilities.build/Debug-iphonesimulator/GoogleUtilities_GoogleUtilities-UserDefaults.build/empty-GoogleUtilities_GoogleUtilities-UserDefaults.plist (in target 'GoogleUtilities_GoogleUtilities-UserDefaults' from project 'GoogleUtilities')
    cd /Users/nataliewhipps/Library/Developer/Xcode/DerivedData/Prompt28-cgmmkisguitsyibyvnemfqvywbnv/SourcePackages/checkouts/GoogleUtilities
    write-file /Users/nataliewhipps/Library/Developer/Xcode/DerivedData/Prompt28-cgmmkisguitsyibyvnemfqvywbnv/Build/Intermediates.noindex/GoogleUtilities.build/Debug-iphonesimulator/GoogleUtilities_GoogleUtilities-UserDefaults.build/empty-GoogleUtilities_GoogleUtilities-UserDefaults.plist

WriteAuxiliaryFile /Users/nataliewhipps/Library/Developer/Xcode/DerivedData/Prompt28-cgmmkisguitsyibyvnemfqvywbnv/Build/Intermediates.noindex/GoogleUtilities.build/Debug-iphonesimulator/third-party-IsAppEncrypted.build/Objects-normal/x86_64/third-party-IsAppEncrypted.LinkFileList (in target 'third-party-IsAppEncrypted' from project 'GoogleUtilities')
    cd /Users/nataliewhipps/Library/Developer/Xcode/DerivedData/Prompt28-cgmmkisguitsyibyvnemfqvywbnv/SourcePackages/checkouts/GoogleUtilities
    write-file /Users/nataliewhipps/Library/Developer/Xcode/DerivedData/Prompt28-cgmmkisguitsyibyvnemfqvywbnv/Build/Intermediates.noindex/GoogleUtilities.build/Debug-iphonesimulator/third-party-IsAppEncrypted.build/Objects-normal/x86_64/third-party-IsAppEncrypted.LinkFileList

WriteAuxiliaryFile /Users/nataliewhipps/Library/Developer/Xcode/DerivedData/Prompt28-cgmmkisguitsyibyvnemfqvywbnv/Build/Intermediates.noindex/GoogleUtilities.build/Debug-iphonesimulator/third-party-IsAppEncrypted.build/Objects-normal/x86_64/e6072d4f65d7061329687fe24e3d63a7-common-args.resp (in target 'third-party-IsAppEncrypted' from project 'GoogleUtilities')
    cd /Users/nataliewhipps/Library/Developer/Xcode/DerivedData/Prompt28-cgmmkisguitsyibyvnemfqvywbnv/SourcePackages/checkouts/GoogleUtilities
    write-file /Users/nataliewhipps/Library/Developer/Xcode/DerivedData/Prompt28-cgmmkisguitsyibyvnemfqvywbnv/Build/Intermediates.noindex/GoogleUtilities.build/Debug-iphonesimulator/third-party-IsAppEncrypted.build/Objects-normal/x86_64/e6072d4f65d7061329687fe24e3d63a7-common-args.resp
-target x86_64-apple-ios12.0-simulator '-std=c99' -fobjc-arc -fmodules -gmodules '-fmodules-cache-path=/Users/nataliewhipps/Library/Developer/Xcode/DerivedData/ModuleCache.noindex' '-fmodule-name=third_party_IsAppEncrypted' -fpascal-strings -O0 -DSWIFT_PACKAGE '-DDEBUG=1' '-DOBJC_OLD_DISPATCH_PROTOTYPES=1' -isysroot /Applications/Xcode.app/Contents/Developer/Platforms/iPhoneSimulator.platform/Developer/SDKs/iPhoneSimulator26.2.sdk -fasm-blocks -g '-fobjc-abi-version=2' -fobjc-legacy-dispatch -fprofile-instr-generate -fcoverage-mapping -I/Users/nataliewhipps/Library/Developer/Xcode/DerivedData/Prompt28-cgmmkisguitsyibyvnemfqvywbnv/Build/Products/Debug-iphonesimulator/include -I/Users/nataliewhipps/Library/Developer/Xcode/DerivedData/Prompt28-cgmmkisguitsyibyvnemfqvywbnv/SourcePackages/checkouts/GoogleUtilities/third_party/IsAppEncrypted/Public -I/Users/nataliewhipps/Library/Developer/Xcode/DerivedData/Prompt28-cgmmkisguitsyibyvnemfqvywbnv/SourcePackages/checkouts/GoogleUtilities -I/Users/nataliewhipps/Library/Developer/Xcode/DerivedData/Prompt28-cgmmkisguitsyibyvnemfqvywbnv/Build/Intermediates.noindex/GoogleUtilities.build/Debug-iphonesimulator/third-party-IsAppEncrypted.build/DerivedSources-normal/x86_64 -I/Users/nataliewhipps/Library/Developer/Xcode/DerivedData/Prompt28-cgmmkisguitsyibyvnemfqvywbnv/Build/Intermediates.noindex/GoogleUtilities.build/Debug-iphonesimulator/third-party-IsAppEncrypted.build/DerivedSources/x86_64 -I/Users/nataliewhipps/Library/Developer/Xcode/DerivedData/Prompt28-cgmmkisguitsyibyvnemfqvywbnv/Build/Intermediates.noindex/GoogleUtilities.build/Debug-iphonesimulator/third-party-IsAppEncrypted.build/DerivedSources -F/Users/nataliewhipps/Library/Developer/Xcode/DerivedData/Prompt28-cgmmkisguitsyibyvnemfqvywbnv/Build/Products/Debug-iphonesimulator -iframework /Applications/Xcode.app/Contents/Developer/Platforms/iPhoneSimulator.platform/Developer/Library/Frameworks -iframework /Applications/Xcode.app/Contents/Developer/Platforms/iPhoneSimulator.platform/Developer/SDKs/iPhoneSimulator26.2.sdk/Developer/Library/Frameworks -DXcode

WriteAuxiliaryFile /Users/nataliewhipps/Library/Developer/Xcode/DerivedData/Prompt28-cgmmkisguitsyibyvnemfqvywbnv/Build/Intermediates.noindex/Prompt28.build/Debug-iphonesimulator/Prompt28.build/Prompt28.hmap (in target 'Prompt28' from project 'Prompt28')
    cd /Users/nataliewhipps/Desktop/Prompt28
    write-file /Users/nataliewhipps/Library/Developer/Xcode/DerivedData/Prompt28-cgmmkisguitsyibyvnemfqvywbnv/Build/Intermediates.noindex/Prompt28.build/Debug-iphonesimulator/Prompt28.build/Prompt28.hmap

WriteAuxiliaryFile /Users/nataliewhipps/Library/Developer/Xcode/DerivedData/Prompt28-cgmmkisguitsyibyvnemfqvywbnv/Build/Intermediates.noindex/Prompt28.build/Debug-iphonesimulator/Prompt28.build/Prompt28.DependencyMetadataFileList (in target 'Prompt28' from project 'Prompt28')
    cd /Users/nataliewhipps/Desktop/Prompt28
    write-file /Users/nataliewhipps/Library/Developer/Xcode/DerivedData/Prompt28-cgmmkisguitsyibyvnemfqvywbnv/Build/Intermediates.noindex/Prompt28.build/Debug-iphonesimulator/Prompt28.build/Prompt28.DependencyMetadataFileList

WriteAuxiliaryFile /Users/nataliewhipps/Library/Developer/Xcode/DerivedData/Prompt28-cgmmkisguitsyibyvnemfqvywbnv/Build/Intermediates.noindex/Prompt28.build/Debug-iphonesimulator/Prompt28.build/Prompt28.DependencyStaticMetadataFileList (in target 'Prompt28' from project 'Prompt28')
    cd /Users/nataliewhipps/Desktop/Prompt28
    write-file /Users/nataliewhipps/Library/Developer/Xcode/DerivedData/Prompt28-cgmmkisguitsyibyvnemfqvywbnv/Build/Intermediates.noindex/Prompt28.build/Debug-iphonesimulator/Prompt28.build/Prompt28.DependencyStaticMetadataFileList

WriteAuxiliaryFile /Users/nataliewhipps/Library/Developer/Xcode/DerivedData/Prompt28-cgmmkisguitsyibyvnemfqvywbnv/Build/Intermediates.noindex/Prompt28.build/Debug-iphonesimulator/Prompt28.build/Prompt28-project-headers.hmap (in target 'Prompt28' from project 'Prompt28')
    cd /Users/nataliewhipps/Desktop/Prompt28
    write-file /Users/nataliewhipps/Library/Developer/Xcode/DerivedData/Prompt28-cgmmkisguitsyibyvnemfqvywbnv/Build/Intermediates.noindex/Prompt28.build/Debug-iphonesimulator/Prompt28.build/Prompt28-project-headers.hmap

WriteAuxiliaryFile /Users/nataliewhipps/Library/Developer/Xcode/DerivedData/Prompt28-cgmmkisguitsyibyvnemfqvywbnv/Build/Intermediates.noindex/Prompt28.build/Debug-iphonesimulator/Prompt28.build/Prompt28-own-target-headers.hmap (in target 'Prompt28' from project 'Prompt28')
    cd /Users/nataliewhipps/Desktop/Prompt28
    write-file /Users/nataliewhipps/Library/Developer/Xcode/DerivedData/Prompt28-cgmmkisguitsyibyvnemfqvywbnv/Build/Intermediates.noindex/Prompt28.build/Debug-iphonesimulator/Prompt28.build/Prompt28-own-target-headers.hmap

WriteAuxiliaryFile /Users/nataliewhipps/Library/Developer/Xcode/DerivedData/Prompt28-cgmmkisguitsyibyvnemfqvywbnv/Build/Intermediates.noindex/Prompt28.build/Debug-iphonesimulator/Prompt28.build/Prompt28-generated-files.hmap (in target 'Prompt28' from project 'Prompt28')
    cd /Users/nataliewhipps/Desktop/Prompt28
    write-file /Users/nataliewhipps/Library/Developer/Xcode/DerivedData/Prompt28-cgmmkisguitsyibyvnemfqvywbnv/Build/Intermediates.noindex/Prompt28.build/Debug-iphonesimulator/Prompt28.build/Prompt28-generated-files.hmap

WriteAuxiliaryFile /Users/nataliewhipps/Library/Developer/Xcode/DerivedData/Prompt28-cgmmkisguitsyibyvnemfqvywbnv/Build/Intermediates.noindex/Prompt28.build/Debug-iphonesimulator/Prompt28.build/Prompt28-all-target-headers.hmap (in target 'Prompt28' from project 'Prompt28')
    cd /Users/nataliewhipps/Desktop/Prompt28
    write-file /Users/nataliewhipps/Library/Developer/Xcode/DerivedData/Prompt28-cgmmkisguitsyibyvnemfqvywbnv/Build/Intermediates.noindex/Prompt28.build/Debug-iphonesimulator/Prompt28.build/Prompt28-all-target-headers.hmap

WriteAuxiliaryFile /Users/nataliewhipps/Library/Developer/Xcode/DerivedData/Prompt28-cgmmkisguitsyibyvnemfqvywbnv/Build/Intermediates.noindex/Prompt28.build/Debug-iphonesimulator/Prompt28.build/Prompt28-all-non-framework-target-headers.hmap (in target 'Prompt28' from project 'Prompt28')
    cd /Users/nataliewhipps/Desktop/Prompt28
    write-file /Users/nataliewhipps/Library/Developer/Xcode/DerivedData/Prompt28-cgmmkisguitsyibyvnemfqvywbnv/Build/Intermediates.noindex/Prompt28.build/Debug-iphonesimulator/Prompt28.build/Prompt28-all-non-framework-target-headers.hmap

WriteAuxiliaryFile /Users/nataliewhipps/Library/Developer/Xcode/DerivedData/Prompt28-cgmmkisguitsyibyvnemfqvywbnv/Build/Intermediates.noindex/Prompt28.build/Debug-iphonesimulator/Prompt28.build/Prompt28-DebugDylibPath-normal-x86_64.txt (in target 'Prompt28' from project 'Prompt28')
    cd /Users/nataliewhipps/Desktop/Prompt28
    write-file /Users/nataliewhipps/Library/Developer/Xcode/DerivedData/Prompt28-cgmmkisguitsyibyvnemfqvywbnv/Build/Intermediates.noindex/Prompt28.build/Debug-iphonesimulator/Prompt28.build/Prompt28-DebugDylibPath-normal-x86_64.txt

Copy /Users/nataliewhipps/Library/Developer/Xcode/DerivedData/Prompt28-cgmmkisguitsyibyvnemfqvywbnv/Build/Intermediates.noindex/GeneratedModuleMaps-iphonesimulator/third-party-IsAppEncrypted.modulemap /Users/nataliewhipps/Library/Developer/Xcode/DerivedData/Prompt28-cgmmkisguitsyibyvnemfqvywbnv/Build/Intermediates.noindex/GoogleUtilities.build/Debug-iphonesimulator/third-party-IsAppEncrypted.build/third-party-IsAppEncrypted.modulemap (in target 'third-party-IsAppEncrypted' from project 'GoogleUtilities')
    cd /Users/nataliewhipps/Library/Developer/Xcode/DerivedData/Prompt28-cgmmkisguitsyibyvnemfqvywbnv/SourcePackages/checkouts/GoogleUtilities
    builtin-copy -exclude .DS_Store -exclude CVS -exclude .svn -exclude .git -exclude .hg -resolve-src-symlinks /Users/nataliewhipps/Library/Developer/Xcode/DerivedData/Prompt28-cgmmkisguitsyibyvnemfqvywbnv/Build/Intermediates.noindex/GoogleUtilities.build/Debug-iphonesimulator/third-party-IsAppEncrypted.build/third-party-IsAppEncrypted.modulemap /Users/nataliewhipps/Library/Developer/Xcode/DerivedData/Prompt28-cgmmkisguitsyibyvnemfqvywbnv/Build/Intermediates.noindex/GeneratedModuleMaps-iphonesimulator

WriteAuxiliaryFile /Users/nataliewhipps/Library/Developer/Xcode/DerivedData/Prompt28-cgmmkisguitsyibyvnemfqvywbnv/Build/Intermediates.noindex/Prompt28.build/Debug-iphonesimulator/Prompt28.build/Prompt28-DebugDylibInstallName-normal-x86_64.txt (in target 'Prompt28' from project 'Prompt28')
    cd /Users/nataliewhipps/Desktop/Prompt28
    write-file /Users/nataliewhipps/Library/Developer/Xcode/DerivedData/Prompt28-cgmmkisguitsyibyvnemfqvywbnv/Build/Intermediates.noindex/Prompt28.build/Debug-iphonesimulator/Prompt28.build/Prompt28-DebugDylibInstallName-normal-x86_64.txt

WriteAuxiliaryFile /Users/nataliewhipps/Library/Developer/Xcode/DerivedData/Prompt28-cgmmkisguitsyibyvnemfqvywbnv/Build/Intermediates.noindex/Prompt28.build/Debug-iphonesimulator/Prompt28.build/Objects-normal/x86_64/Prompt28_const_extract_protocols.json (in target 'Prompt28' from project 'Prompt28')
    cd /Users/nataliewhipps/Desktop/Prompt28
    write-file /Users/nataliewhipps/Library/Developer/Xcode/DerivedData/Prompt28-cgmmkisguitsyibyvnemfqvywbnv/Build/Intermediates.noindex/Prompt28.build/Debug-iphonesimulator/Prompt28.build/Objects-normal/x86_64/Prompt28_const_extract_protocols.json

WriteAuxiliaryFile /Users/nataliewhipps/Library/Developer/Xcode/DerivedData/Prompt28-cgmmkisguitsyibyvnemfqvywbnv/Build/Intermediates.noindex/Prompt28.build/Debug-iphonesimulator/Prompt28.build/Objects-normal/x86_64/Prompt28.SwiftFileList (in target 'Prompt28' from project 'Prompt28')
    cd /Users/nataliewhipps/Desktop/Prompt28
    write-file /Users/nataliewhipps/Library/Developer/Xcode/DerivedData/Prompt28-cgmmkisguitsyibyvnemfqvywbnv/Build/Intermediates.noindex/Prompt28.build/Debug-iphonesimulator/Prompt28.build/Objects-normal/x86_64/Prompt28.SwiftFileList

WriteAuxiliaryFile /Users/nataliewhipps/Library/Developer/Xcode/DerivedData/Prompt28-cgmmkisguitsyibyvnemfqvywbnv/Build/Intermediates.noindex/Prompt28.build/Debug-iphonesimulator/Prompt28.build/Objects-normal/x86_64/Prompt28.SwiftConstValuesFileList (in target 'Prompt28' from project 'Prompt28')
    cd /Users/nataliewhipps/Desktop/Prompt28
    write-file /Users/nataliewhipps/Library/Developer/Xcode/DerivedData/Prompt28-cgmmkisguitsyibyvnemfqvywbnv/Build/Intermediates.noindex/Prompt28.build/Debug-iphonesimulator/Prompt28.build/Objects-normal/x86_64/Prompt28.SwiftConstValuesFileList

WriteAuxiliaryFile /Users/nataliewhipps/Library/Developer/Xcode/DerivedData/Prompt28-cgmmkisguitsyibyvnemfqvywbnv/Build/Intermediates.noindex/Prompt28.build/Debug-iphonesimulator/Prompt28.build/Objects-normal/x86_64/Prompt28.LinkFileList (in target 'Prompt28' from project 'Prompt28')
    cd /Users/nataliewhipps/Desktop/Prompt28
    write-file /Users/nataliewhipps/Library/Developer/Xcode/DerivedData/Prompt28-cgmmkisguitsyibyvnemfqvywbnv/Build/Intermediates.noindex/Prompt28.build/Debug-iphonesimulator/Prompt28.build/Objects-normal/x86_64/Prompt28.LinkFileList

WriteAuxiliaryFile /Users/nataliewhipps/Library/Developer/Xcode/DerivedData/Prompt28-cgmmkisguitsyibyvnemfqvywbnv/Build/Intermediates.noindex/Prompt28.build/Debug-iphonesimulator/Prompt28.build/Objects-normal/x86_64/Prompt28-OutputFileMap.json (in target 'Prompt28' from project 'Prompt28')
    cd /Users/nataliewhipps/Desktop/Prompt28
    write-file /Users/nataliewhipps/Library/Developer/Xcode/DerivedData/Prompt28-cgmmkisguitsyibyvnemfqvywbnv/Build/Intermediates.noindex/Prompt28.build/Debug-iphonesimulator/Prompt28.build/Objects-normal/x86_64/Prompt28-OutputFileMap.json

WriteAuxiliaryFile /Users/nataliewhipps/Library/Developer/Xcode/DerivedData/Prompt28-cgmmkisguitsyibyvnemfqvywbnv/Build/Intermediates.noindex/Prompt28.build/Debug-iphonesimulator/Prompt28.build/DerivedSources/Entitlements-Simulated.plist (in target 'Prompt28' from project 'Prompt28')
    cd /Users/nataliewhipps/Desktop/Prompt28
    write-file /Users/nataliewhipps/Library/Developer/Xcode/DerivedData/Prompt28-cgmmkisguitsyibyvnemfqvywbnv/Build/Intermediates.noindex/Prompt28.build/Debug-iphonesimulator/Prompt28.build/DerivedSources/Entitlements-Simulated.plist

WriteAuxiliaryFile /Users/nataliewhipps/Library/Developer/Xcode/DerivedData/Prompt28-cgmmkisguitsyibyvnemfqvywbnv/Build/Intermediates.noindex/GoogleUtilities.build/Debug-iphonesimulator/GoogleUtilities_GoogleUtilities-UserDefaults.build/GoogleUtilities_GoogleUtilities-UserDefaults.DependencyStaticMetadataFileList (in target 'GoogleUtilities_GoogleUtilities-UserDefaults' from project 'GoogleUtilities')
    cd /Users/nataliewhipps/Library/Developer/Xcode/DerivedData/Prompt28-cgmmkisguitsyibyvnemfqvywbnv/SourcePackages/checkouts/GoogleUtilities
    write-file /Users/nataliewhipps/Library/Developer/Xcode/DerivedData/Prompt28-cgmmkisguitsyibyvnemfqvywbnv/Build/Intermediates.noindex/GoogleUtilities.build/Debug-iphonesimulator/GoogleUtilities_GoogleUtilities-UserDefaults.build/GoogleUtilities_GoogleUtilities-UserDefaults.DependencyStaticMetadataFileList

WriteAuxiliaryFile /Users/nataliewhipps/Library/Developer/Xcode/DerivedData/Prompt28-cgmmkisguitsyibyvnemfqvywbnv/Build/Intermediates.noindex/Promises.build/Debug-iphonesimulator/Promises_FBLPromises.build/Promises_FBLPromises.DependencyMetadataFileList (in target 'Promises_FBLPromises' from project 'Promises')
    cd /Users/nataliewhipps/Library/Developer/Xcode/DerivedData/Prompt28-cgmmkisguitsyibyvnemfqvywbnv/SourcePackages/checkouts/promises
    write-file /Users/nataliewhipps/Library/Developer/Xcode/DerivedData/Prompt28-cgmmkisguitsyibyvnemfqvywbnv/Build/Intermediates.noindex/Promises.build/Debug-iphonesimulator/Promises_FBLPromises.build/Promises_FBLPromises.DependencyMetadataFileList

WriteAuxiliaryFile /Users/nataliewhipps/Library/Developer/Xcode/DerivedData/Prompt28-cgmmkisguitsyibyvnemfqvywbnv/Build/Intermediates.noindex/Promises.build/Debug-iphonesimulator/Promises_FBLPromises.build/Promises_FBLPromises.DependencyStaticMetadataFileList (in target 'Promises_FBLPromises' from project 'Promises')
    cd /Users/nataliewhipps/Library/Developer/Xcode/DerivedData/Prompt28-cgmmkisguitsyibyvnemfqvywbnv/SourcePackages/checkouts/promises
    write-file /Users/nataliewhipps/Library/Developer/Xcode/DerivedData/Prompt28-cgmmkisguitsyibyvnemfqvywbnv/Build/Intermediates.noindex/Promises.build/Debug-iphonesimulator/Promises_FBLPromises.build/Promises_FBLPromises.DependencyStaticMetadataFileList

WriteAuxiliaryFile /Users/nataliewhipps/Library/Developer/Xcode/DerivedData/Prompt28-cgmmkisguitsyibyvnemfqvywbnv/Build/Intermediates.noindex/Promises.build/Debug-iphonesimulator/Promises_FBLPromises.build/empty-Promises_FBLPromises.plist (in target 'Promises_FBLPromises' from project 'Promises')
    cd /Users/nataliewhipps/Library/Developer/Xcode/DerivedData/Prompt28-cgmmkisguitsyibyvnemfqvywbnv/SourcePackages/checkouts/promises
    write-file /Users/nataliewhipps/Library/Developer/Xcode/DerivedData/Prompt28-cgmmkisguitsyibyvnemfqvywbnv/Build/Intermediates.noindex/Promises.build/Debug-iphonesimulator/Promises_FBLPromises.build/empty-Promises_FBLPromises.plist

WriteAuxiliaryFile /Users/nataliewhipps/Library/Developer/Xcode/DerivedData/Prompt28-cgmmkisguitsyibyvnemfqvywbnv/Build/Intermediates.noindex/GoogleUtilities.build/Debug-iphonesimulator/GoogleUtilities_GoogleUtilities-UserDefaults.build/GoogleUtilities_GoogleUtilities-UserDefaults.DependencyMetadataFileList (in target 'GoogleUtilities_GoogleUtilities-UserDefaults' from project 'GoogleUtilities')
    cd /Users/nataliewhipps/Library/Developer/Xcode/DerivedData/Prompt28-cgmmkisguitsyibyvnemfqvywbnv/SourcePackages/checkouts/GoogleUtilities
    write-file /Users/nataliewhipps/Library/Developer/Xcode/DerivedData/Prompt28-cgmmkisguitsyibyvnemfqvywbnv/Build/Intermediates.noindex/GoogleUtilities.build/Debug-iphonesimulator/GoogleUtilities_GoogleUtilities-UserDefaults.build/GoogleUtilities_GoogleUtilities-UserDefaults.DependencyMetadataFileList

WriteAuxiliaryFile /Users/nataliewhipps/Library/Developer/Xcode/DerivedData/Prompt28-cgmmkisguitsyibyvnemfqvywbnv/Build/Intermediates.noindex/GoogleUtilities.build/Debug-iphonesimulator/GoogleUtilities_GoogleUtilities-Logger.build/empty-GoogleUtilities_GoogleUtilities-Logger.plist (in target 'GoogleUtilities_GoogleUtilities-Logger' from project 'GoogleUtilities')
    cd /Users/nataliewhipps/Library/Developer/Xcode/DerivedData/Prompt28-cgmmkisguitsyibyvnemfqvywbnv/SourcePackages/checkouts/GoogleUtilities
    write-file /Users/nataliewhipps/Library/Developer/Xcode/DerivedData/Prompt28-cgmmkisguitsyibyvnemfqvywbnv/Build/Intermediates.noindex/GoogleUtilities.build/Debug-iphonesimulator/GoogleUtilities_GoogleUtilities-Logger.build/empty-GoogleUtilities_GoogleUtilities-Logger.plist

WriteAuxiliaryFile /Users/nataliewhipps/Library/Developer/Xcode/DerivedData/Prompt28-cgmmkisguitsyibyvnemfqvywbnv/Build/Intermediates.noindex/GoogleUtilities.build/Debug-iphonesimulator/GoogleUtilities_GoogleUtilities-Logger.build/GoogleUtilities_GoogleUtilities-Logger.DependencyStaticMetadataFileList (in target 'GoogleUtilities_GoogleUtilities-Logger' from project 'GoogleUtilities')
    cd /Users/nataliewhipps/Library/Developer/Xcode/DerivedData/Prompt28-cgmmkisguitsyibyvnemfqvywbnv/SourcePackages/checkouts/GoogleUtilities
    write-file /Users/nataliewhipps/Library/Developer/Xcode/DerivedData/Prompt28-cgmmkisguitsyibyvnemfqvywbnv/Build/Intermediates.noindex/GoogleUtilities.build/Debug-iphonesimulator/GoogleUtilities_GoogleUtilities-Logger.build/GoogleUtilities_GoogleUtilities-Logger.DependencyStaticMetadataFileList

WriteAuxiliaryFile /Users/nataliewhipps/Library/Developer/Xcode/DerivedData/Prompt28-cgmmkisguitsyibyvnemfqvywbnv/Build/Intermediates.noindex/GoogleUtilities.build/Debug-iphonesimulator/GoogleUtilities_GoogleUtilities-Logger.build/GoogleUtilities_GoogleUtilities-Logger.DependencyMetadataFileList (in target 'GoogleUtilities_GoogleUtilities-Logger' from project 'GoogleUtilities')
    cd /Users/nataliewhipps/Library/Developer/Xcode/DerivedData/Prompt28-cgmmkisguitsyibyvnemfqvywbnv/SourcePackages/checkouts/GoogleUtilities
    write-file /Users/nataliewhipps/Library/Developer/Xcode/DerivedData/Prompt28-cgmmkisguitsyibyvnemfqvywbnv/Build/Intermediates.noindex/GoogleUtilities.build/Debug-iphonesimulator/GoogleUtilities_GoogleUtilities-Logger.build/GoogleUtilities_GoogleUtilities-Logger.DependencyMetadataFileList

WriteAuxiliaryFile /Users/nataliewhipps/Library/Developer/Xcode/DerivedData/Prompt28-cgmmkisguitsyibyvnemfqvywbnv/Build/Intermediates.noindex/GoogleUtilities.build/Debug-iphonesimulator/GoogleUtilities_GoogleUtilities-Environment.build/GoogleUtilities_GoogleUtilities-Environment.DependencyMetadataFileList (in target 'GoogleUtilities_GoogleUtilities-Environment' from project 'GoogleUtilities')
    cd /Users/nataliewhipps/Library/Developer/Xcode/DerivedData/Prompt28-cgmmkisguitsyibyvnemfqvywbnv/SourcePackages/checkouts/GoogleUtilities
    write-file /Users/nataliewhipps/Library/Developer/Xcode/DerivedData/Prompt28-cgmmkisguitsyibyvnemfqvywbnv/Build/Intermediates.noindex/GoogleUtilities.build/Debug-iphonesimulator/GoogleUtilities_GoogleUtilities-Environment.build/GoogleUtilities_GoogleUtilities-Environment.DependencyMetadataFileList

WriteAuxiliaryFile /Users/nataliewhipps/Library/Developer/Xcode/DerivedData/Prompt28-cgmmkisguitsyibyvnemfqvywbnv/Build/Intermediates.noindex/GoogleUtilities.build/Debug-iphonesimulator/GoogleUtilities_GoogleUtilities-Environment.build/empty-GoogleUtilities_GoogleUtilities-Environment.plist (in target 'GoogleUtilities_GoogleUtilities-Environment' from project 'GoogleUtilities')
    cd /Users/nataliewhipps/Library/Developer/Xcode/DerivedData/Prompt28-cgmmkisguitsyibyvnemfqvywbnv/SourcePackages/checkouts/GoogleUtilities
    write-file /Users/nataliewhipps/Library/Developer/Xcode/DerivedData/Prompt28-cgmmkisguitsyibyvnemfqvywbnv/Build/Intermediates.noindex/GoogleUtilities.build/Debug-iphonesimulator/GoogleUtilities_GoogleUtilities-Environment.build/empty-GoogleUtilities_GoogleUtilities-Environment.plist

WriteAuxiliaryFile /Users/nataliewhipps/Library/Developer/Xcode/DerivedData/Prompt28-cgmmkisguitsyibyvnemfqvywbnv/Build/Intermediates.noindex/GoogleUtilities.build/Debug-iphonesimulator/GoogleUtilities_GoogleUtilities-Environment.build/GoogleUtilities_GoogleUtilities-Environment.DependencyStaticMetadataFileList (in target 'GoogleUtilities_GoogleUtilities-Environment' from project 'GoogleUtilities')
    cd /Users/nataliewhipps/Library/Developer/Xcode/DerivedData/Prompt28-cgmmkisguitsyibyvnemfqvywbnv/SourcePackages/checkouts/GoogleUtilities
    write-file /Users/nataliewhipps/Library/Developer/Xcode/DerivedData/Prompt28-cgmmkisguitsyibyvnemfqvywbnv/Build/Intermediates.noindex/GoogleUtilities.build/Debug-iphonesimulator/GoogleUtilities_GoogleUtilities-Environment.build/GoogleUtilities_GoogleUtilities-Environment.DependencyStaticMetadataFileList

MkDir /Users/nataliewhipps/Library/Developer/Xcode/DerivedData/Prompt28-cgmmkisguitsyibyvnemfqvywbnv/Build/Products/Debug-iphonesimulator/Prompt28.app (in target 'Prompt28' from project 'Prompt28')
    cd /Users/nataliewhipps/Desktop/Prompt28
    /bin/mkdir -p /Users/nataliewhipps/Library/Developer/Xcode/DerivedData/Prompt28-cgmmkisguitsyibyvnemfqvywbnv/Build/Products/Debug-iphonesimulator/Prompt28.app

MkDir /Users/nataliewhipps/Library/Developer/Xcode/DerivedData/Prompt28-cgmmkisguitsyibyvnemfqvywbnv/Build/Products/Debug-iphonesimulator/Promises_FBLPromises.bundle (in target 'Promises_FBLPromises' from project 'Promises')
    cd /Users/nataliewhipps/Library/Developer/Xcode/DerivedData/Prompt28-cgmmkisguitsyibyvnemfqvywbnv/SourcePackages/checkouts/promises
    /bin/mkdir -p /Users/nataliewhipps/Library/Developer/Xcode/DerivedData/Prompt28-cgmmkisguitsyibyvnemfqvywbnv/Build/Products/Debug-iphonesimulator/Promises_FBLPromises.bundle

MkDir /Users/nataliewhipps/Library/Developer/Xcode/DerivedData/Prompt28-cgmmkisguitsyibyvnemfqvywbnv/Build/Products/Debug-iphonesimulator/GoogleUtilities_GoogleUtilities-UserDefaults.bundle (in target 'GoogleUtilities_GoogleUtilities-UserDefaults' from project 'GoogleUtilities')
    cd /Users/nataliewhipps/Library/Developer/Xcode/DerivedData/Prompt28-cgmmkisguitsyibyvnemfqvywbnv/SourcePackages/checkouts/GoogleUtilities
    /bin/mkdir -p /Users/nataliewhipps/Library/Developer/Xcode/DerivedData/Prompt28-cgmmkisguitsyibyvnemfqvywbnv/Build/Products/Debug-iphonesimulator/GoogleUtilities_GoogleUtilities-UserDefaults.bundle

MkDir /Users/nataliewhipps/Library/Developer/Xcode/DerivedData/Prompt28-cgmmkisguitsyibyvnemfqvywbnv/Build/Products/Debug-iphonesimulator/GoogleUtilities_GoogleUtilities-Logger.bundle (in target 'GoogleUtilities_GoogleUtilities-Logger' from project 'GoogleUtilities')
    cd /Users/nataliewhipps/Library/Developer/Xcode/DerivedData/Prompt28-cgmmkisguitsyibyvnemfqvywbnv/SourcePackages/checkouts/GoogleUtilities
    /bin/mkdir -p /Users/nataliewhipps/Library/Developer/Xcode/DerivedData/Prompt28-cgmmkisguitsyibyvnemfqvywbnv/Build/Products/Debug-iphonesimulator/GoogleUtilities_GoogleUtilities-Logger.bundle

MkDir /Users/nataliewhipps/Library/Developer/Xcode/DerivedData/Prompt28-cgmmkisguitsyibyvnemfqvywbnv/Build/Products/Debug-iphonesimulator/GoogleUtilities_GoogleUtilities-Environment.bundle (in target 'GoogleUtilities_GoogleUtilities-Environment' from project 'GoogleUtilities')
    cd /Users/nataliewhipps/Library/Developer/Xcode/DerivedData/Prompt28-cgmmkisguitsyibyvnemfqvywbnv/SourcePackages/checkouts/GoogleUtilities
    /bin/mkdir -p /Users/nataliewhipps/Library/Developer/Xcode/DerivedData/Prompt28-cgmmkisguitsyibyvnemfqvywbnv/Build/Products/Debug-iphonesimulator/GoogleUtilities_GoogleUtilities-Environment.bundle

WriteAuxiliaryFile /Users/nataliewhipps/Library/Developer/Xcode/DerivedData/Prompt28-cgmmkisguitsyibyvnemfqvywbnv/Build/Intermediates.noindex/GoogleUtilities.build/Debug-iphonesimulator/GoogleUtilities-UserDefaults.build/GoogleUtilities-UserDefaults.modulemap (in target 'GoogleUtilities-UserDefaults' from project 'GoogleUtilities')
    cd /Users/nataliewhipps/Library/Developer/Xcode/DerivedData/Prompt28-cgmmkisguitsyibyvnemfqvywbnv/SourcePackages/checkouts/GoogleUtilities
    write-file /Users/nataliewhipps/Library/Developer/Xcode/DerivedData/Prompt28-cgmmkisguitsyibyvnemfqvywbnv/Build/Intermediates.noindex/GoogleUtilities.build/Debug-iphonesimulator/GoogleUtilities-UserDefaults.build/GoogleUtilities-UserDefaults.modulemap

WriteAuxiliaryFile /Users/nataliewhipps/Library/Developer/Xcode/DerivedData/Prompt28-cgmmkisguitsyibyvnemfqvywbnv/Build/Intermediates.noindex/GoogleUtilities.build/Debug-iphonesimulator/GoogleUtilities-UserDefaults.build/Objects-normal/x86_64/e6072d4f65d7061329687fe24e3d63a7-common-args.resp (in target 'GoogleUtilities-UserDefaults' from project 'GoogleUtilities')
    cd /Users/nataliewhipps/Library/Developer/Xcode/DerivedData/Prompt28-cgmmkisguitsyibyvnemfqvywbnv/SourcePackages/checkouts/GoogleUtilities
    write-file /Users/nataliewhipps/Library/Developer/Xcode/DerivedData/Prompt28-cgmmkisguitsyibyvnemfqvywbnv/Build/Intermediates.noindex/GoogleUtilities.build/Debug-iphonesimulator/GoogleUtilities-UserDefaults.build/Objects-normal/x86_64/e6072d4f65d7061329687fe24e3d63a7-common-args.resp
-target x86_64-apple-ios12.0-simulator '-std=c99' -fobjc-arc -fmodules -gmodules '-fmodules-cache-path=/Users/nataliewhipps/Library/Developer/Xcode/DerivedData/ModuleCache.noindex' '-fmodule-name=GoogleUtilities_UserDefaults' -fpascal-strings -O0 -DSWIFT_PACKAGE '-DDEBUG=1' '-DOBJC_OLD_DISPATCH_PROTOTYPES=1' -isysroot /Applications/Xcode.app/Contents/Developer/Platforms/iPhoneSimulator.platform/Developer/SDKs/iPhoneSimulator26.2.sdk -fasm-blocks -g '-fobjc-abi-version=2' -fobjc-legacy-dispatch -fprofile-instr-generate -fcoverage-mapping -I/Users/nataliewhipps/Library/Developer/Xcode/DerivedData/Prompt28-cgmmkisguitsyibyvnemfqvywbnv/SourcePackages/checkouts/GoogleUtilities/GoogleUtilities/Logger/Public -I/Users/nataliewhipps/Library/Developer/Xcode/DerivedData/Prompt28-cgmmkisguitsyibyvnemfqvywbnv/SourcePackages/checkouts/GoogleUtilities/GoogleUtilities/Environment/Public -I/Users/nataliewhipps/Library/Developer/Xcode/DerivedData/Prompt28-cgmmkisguitsyibyvnemfqvywbnv/SourcePackages/checkouts/GoogleUtilities/third_party/IsAppEncrypted/Public -I/Users/nataliewhipps/Library/Developer/Xcode/DerivedData/Prompt28-cgmmkisguitsyibyvnemfqvywbnv/Build/Products/Debug-iphonesimulator/include -I/Users/nataliewhipps/Library/Developer/Xcode/DerivedData/Prompt28-cgmmkisguitsyibyvnemfqvywbnv/SourcePackages/checkouts/GoogleUtilities/GoogleUtilities/UserDefaults/Public -I/Users/nataliewhipps/Library/Developer/Xcode/DerivedData/Prompt28-cgmmkisguitsyibyvnemfqvywbnv/SourcePackages/checkouts/GoogleUtilities -I/Users/nataliewhipps/Library/Developer/Xcode/DerivedData/Prompt28-cgmmkisguitsyibyvnemfqvywbnv/Build/Intermediates.noindex/GoogleUtilities.build/Debug-iphonesimulator/GoogleUtilities-UserDefaults.build/DerivedSources-normal/x86_64 -I/Users/nataliewhipps/Library/Developer/Xcode/DerivedData/Prompt28-cgmmkisguitsyibyvnemfqvywbnv/Build/Intermediates.noindex/GoogleUtilities.build/Debug-iphonesimulator/GoogleUtilities-UserDefaults.build/DerivedSources/x86_64 -I/Users/nataliewhipps/Library/Developer/Xcode/DerivedData/Prompt28-cgmmkisguitsyibyvnemfqvywbnv/Build/Intermediates.noindex/GoogleUtilities.build/Debug-iphonesimulator/GoogleUtilities-UserDefaults.build/DerivedSources -F/Users/nataliewhipps/Library/Developer/Xcode/DerivedData/Prompt28-cgmmkisguitsyibyvnemfqvywbnv/Build/Products/Debug-iphonesimulator/PackageFrameworks -F/Users/nataliewhipps/Library/Developer/Xcode/DerivedData/Prompt28-cgmmkisguitsyibyvnemfqvywbnv/Build/Products/Debug-iphonesimulator/PackageFrameworks -F/Users/nataliewhipps/Library/Developer/Xcode/DerivedData/Prompt28-cgmmkisguitsyibyvnemfqvywbnv/Build/Products/Debug-iphonesimulator/PackageFrameworks -F/Users/nataliewhipps/Library/Developer/Xcode/DerivedData/Prompt28-cgmmkisguitsyibyvnemfqvywbnv/Build/Products/Debug-iphonesimulator -iframework /Applications/Xcode.app/Contents/Developer/Platforms/iPhoneSimulator.platform/Developer/Library/Frameworks -iframework /Applications/Xcode.app/Contents/Developer/Platforms/iPhoneSimulator.platform/Developer/SDKs/iPhoneSimulator26.2.sdk/Developer/Library/Frameworks '-fmodule-map-file=/Users/nataliewhipps/Library/Developer/Xcode/DerivedData/Prompt28-cgmmkisguitsyibyvnemfqvywbnv/Build/Intermediates.noindex/GeneratedModuleMaps-iphonesimulator/GoogleUtilities-Logger.modulemap' '-fmodule-map-file=/Users/nataliewhipps/Library/Developer/Xcode/DerivedData/Prompt28-cgmmkisguitsyibyvnemfqvywbnv/Build/Intermediates.noindex/GeneratedModuleMaps-iphonesimulator/GoogleUtilities-Environment.modulemap' '-fmodule-map-file=/Users/nataliewhipps/Library/Developer/Xcode/DerivedData/Prompt28-cgmmkisguitsyibyvnemfqvywbnv/Build/Intermediates.noindex/GeneratedModuleMaps-iphonesimulator/third-party-IsAppEncrypted.modulemap' -DXcode

WriteAuxiliaryFile /Users/nataliewhipps/Library/Developer/Xcode/DerivedData/Prompt28-cgmmkisguitsyibyvnemfqvywbnv/Build/Intermediates.noindex/GoogleUtilities.build/Debug-iphonesimulator/GoogleUtilities-UserDefaults.build/Objects-normal/x86_64/GoogleUtilities-UserDefaults.LinkFileList (in target 'GoogleUtilities-UserDefaults' from project 'GoogleUtilities')
    cd /Users/nataliewhipps/Library/Developer/Xcode/DerivedData/Prompt28-cgmmkisguitsyibyvnemfqvywbnv/SourcePackages/checkouts/GoogleUtilities
    write-file /Users/nataliewhipps/Library/Developer/Xcode/DerivedData/Prompt28-cgmmkisguitsyibyvnemfqvywbnv/Build/Intermediates.noindex/GoogleUtilities.build/Debug-iphonesimulator/GoogleUtilities-UserDefaults.build/Objects-normal/x86_64/GoogleUtilities-UserDefaults.LinkFileList

WriteAuxiliaryFile /Users/nataliewhipps/Library/Developer/Xcode/DerivedData/Prompt28-cgmmkisguitsyibyvnemfqvywbnv/Build/Intermediates.noindex/GoogleUtilities.build/Debug-iphonesimulator/GoogleUtilities-UserDefaults.build/GoogleUtilities-UserDefaults.DependencyMetadataFileList (in target 'GoogleUtilities-UserDefaults' from project 'GoogleUtilities')
    cd /Users/nataliewhipps/Library/Developer/Xcode/DerivedData/Prompt28-cgmmkisguitsyibyvnemfqvywbnv/SourcePackages/checkouts/GoogleUtilities
    write-file /Users/nataliewhipps/Library/Developer/Xcode/DerivedData/Prompt28-cgmmkisguitsyibyvnemfqvywbnv/Build/Intermediates.noindex/GoogleUtilities.build/Debug-iphonesimulator/GoogleUtilities-UserDefaults.build/GoogleUtilities-UserDefaults.DependencyMetadataFileList

WriteAuxiliaryFile /Users/nataliewhipps/Library/Developer/Xcode/DerivedData/Prompt28-cgmmkisguitsyibyvnemfqvywbnv/Build/Intermediates.noindex/GoogleUtilities.build/Debug-iphonesimulator/GoogleUtilities-UserDefaults.build/GoogleUtilities-UserDefaults.DependencyStaticMetadataFileList (in target 'GoogleUtilities-UserDefaults' from project 'GoogleUtilities')
    cd /Users/nataliewhipps/Library/Developer/Xcode/DerivedData/Prompt28-cgmmkisguitsyibyvnemfqvywbnv/SourcePackages/checkouts/GoogleUtilities
    write-file /Users/nataliewhipps/Library/Developer/Xcode/DerivedData/Prompt28-cgmmkisguitsyibyvnemfqvywbnv/Build/Intermediates.noindex/GoogleUtilities.build/Debug-iphonesimulator/GoogleUtilities-UserDefaults.build/GoogleUtilities-UserDefaults.DependencyStaticMetadataFileList

WriteAuxiliaryFile /Users/nataliewhipps/Library/Developer/Xcode/DerivedData/Prompt28-cgmmkisguitsyibyvnemfqvywbnv/Build/Intermediates.noindex/GoogleUtilities.build/Debug-iphonesimulator/GoogleUtilities-UserDefaults.build/DerivedSources/resource_bundle_accessor.m (in target 'GoogleUtilities-UserDefaults' from project 'GoogleUtilities')
    cd /Users/nataliewhipps/Library/Developer/Xcode/DerivedData/Prompt28-cgmmkisguitsyibyvnemfqvywbnv/SourcePackages/checkouts/GoogleUtilities
    write-file /Users/nataliewhipps/Library/Developer/Xcode/DerivedData/Prompt28-cgmmkisguitsyibyvnemfqvywbnv/Build/Intermediates.noindex/GoogleUtilities.build/Debug-iphonesimulator/GoogleUtilities-UserDefaults.build/DerivedSources/resource_bundle_accessor.m

WriteAuxiliaryFile /Users/nataliewhipps/Library/Developer/Xcode/DerivedData/Prompt28-cgmmkisguitsyibyvnemfqvywbnv/Build/Intermediates.noindex/GoogleUtilities.build/Debug-iphonesimulator/GoogleUtilities-UserDefaults.build/DerivedSources/resource_bundle_accessor.h (in target 'GoogleUtilities-UserDefaults' from project 'GoogleUtilities')
    cd /Users/nataliewhipps/Library/Developer/Xcode/DerivedData/Prompt28-cgmmkisguitsyibyvnemfqvywbnv/SourcePackages/checkouts/GoogleUtilities
    write-file /Users/nataliewhipps/Library/Developer/Xcode/DerivedData/Prompt28-cgmmkisguitsyibyvnemfqvywbnv/Build/Intermediates.noindex/GoogleUtilities.build/Debug-iphonesimulator/GoogleUtilities-UserDefaults.build/DerivedSources/resource_bundle_accessor.h

WriteAuxiliaryFile /Users/nataliewhipps/Library/Developer/Xcode/DerivedData/Prompt28-cgmmkisguitsyibyvnemfqvywbnv/Build/Intermediates.noindex/GoogleUtilities.build/Debug-iphonesimulator/GoogleUtilities-Logger.build/Objects-normal/x86_64/e6072d4f65d7061329687fe24e3d63a7-common-args.resp (in target 'GoogleUtilities-Logger' from project 'GoogleUtilities')
    cd /Users/nataliewhipps/Library/Developer/Xcode/DerivedData/Prompt28-cgmmkisguitsyibyvnemfqvywbnv/SourcePackages/checkouts/GoogleUtilities
    write-file /Users/nataliewhipps/Library/Developer/Xcode/DerivedData/Prompt28-cgmmkisguitsyibyvnemfqvywbnv/Build/Intermediates.noindex/GoogleUtilities.build/Debug-iphonesimulator/GoogleUtilities-Logger.build/Objects-normal/x86_64/e6072d4f65d7061329687fe24e3d63a7-common-args.resp
-target x86_64-apple-ios12.0-simulator '-std=c99' -fobjc-arc -fmodules -gmodules '-fmodules-cache-path=/Users/nataliewhipps/Library/Developer/Xcode/DerivedData/ModuleCache.noindex' '-fmodule-name=GoogleUtilities_Logger' -fpascal-strings -O0 -DSWIFT_PACKAGE '-DDEBUG=1' '-DOBJC_OLD_DISPATCH_PROTOTYPES=1' -isysroot /Applications/Xcode.app/Contents/Developer/Platforms/iPhoneSimulator.platform/Developer/SDKs/iPhoneSimulator26.2.sdk -fasm-blocks -g '-fobjc-abi-version=2' -fobjc-legacy-dispatch -fprofile-instr-generate -fcoverage-mapping -I/Users/nataliewhipps/Library/Developer/Xcode/DerivedData/Prompt28-cgmmkisguitsyibyvnemfqvywbnv/SourcePackages/checkouts/GoogleUtilities/GoogleUtilities/Environment/Public -I/Users/nataliewhipps/Library/Developer/Xcode/DerivedData/Prompt28-cgmmkisguitsyibyvnemfqvywbnv/SourcePackages/checkouts/GoogleUtilities/third_party/IsAppEncrypted/Public -I/Users/nataliewhipps/Library/Developer/Xcode/DerivedData/Prompt28-cgmmkisguitsyibyvnemfqvywbnv/Build/Products/Debug-iphonesimulator/include -I/Users/nataliewhipps/Library/Developer/Xcode/DerivedData/Prompt28-cgmmkisguitsyibyvnemfqvywbnv/SourcePackages/checkouts/GoogleUtilities/GoogleUtilities/Logger/Public -I/Users/nataliewhipps/Library/Developer/Xcode/DerivedData/Prompt28-cgmmkisguitsyibyvnemfqvywbnv/SourcePackages/checkouts/GoogleUtilities -I/Users/nataliewhipps/Library/Developer/Xcode/DerivedData/Prompt28-cgmmkisguitsyibyvnemfqvywbnv/Build/Intermediates.noindex/GoogleUtilities.build/Debug-iphonesimulator/GoogleUtilities-Logger.build/DerivedSources-normal/x86_64 -I/Users/nataliewhipps/Library/Developer/Xcode/DerivedData/Prompt28-cgmmkisguitsyibyvnemfqvywbnv/Build/Intermediates.noindex/GoogleUtilities.build/Debug-iphonesimulator/GoogleUtilities-Logger.build/DerivedSources/x86_64 -I/Users/nataliewhipps/Library/Developer/Xcode/DerivedData/Prompt28-cgmmkisguitsyibyvnemfqvywbnv/Build/Intermediates.noindex/GoogleUtilities.build/Debug-iphonesimulator/GoogleUtilities-Logger.build/DerivedSources -F/Users/nataliewhipps/Library/Developer/Xcode/DerivedData/Prompt28-cgmmkisguitsyibyvnemfqvywbnv/Build/Products/Debug-iphonesimulator/PackageFrameworks -F/Users/nataliewhipps/Library/Developer/Xcode/DerivedData/Prompt28-cgmmkisguitsyibyvnemfqvywbnv/Build/Products/Debug-iphonesimulator/PackageFrameworks -F/Users/nataliewhipps/Library/Developer/Xcode/DerivedData/Prompt28-cgmmkisguitsyibyvnemfqvywbnv/Build/Products/Debug-iphonesimulator -iframework /Applications/Xcode.app/Contents/Developer/Platforms/iPhoneSimulator.platform/Developer/Library/Frameworks -iframework /Applications/Xcode.app/Contents/Developer/Platforms/iPhoneSimulator.platform/Developer/SDKs/iPhoneSimulator26.2.sdk/Developer/Library/Frameworks '-fmodule-map-file=/Users/nataliewhipps/Library/Developer/Xcode/DerivedData/Prompt28-cgmmkisguitsyibyvnemfqvywbnv/Build/Intermediates.noindex/GeneratedModuleMaps-iphonesimulator/GoogleUtilities-Environment.modulemap' '-fmodule-map-file=/Users/nataliewhipps/Library/Developer/Xcode/DerivedData/Prompt28-cgmmkisguitsyibyvnemfqvywbnv/Build/Intermediates.noindex/GeneratedModuleMaps-iphonesimulator/third-party-IsAppEncrypted.modulemap' -DXcode

WriteAuxiliaryFile /Users/nataliewhipps/Library/Developer/Xcode/DerivedData/Prompt28-cgmmkisguitsyibyvnemfqvywbnv/Build/Intermediates.noindex/GoogleUtilities.build/Debug-iphonesimulator/GoogleUtilities-Logger.build/Objects-normal/x86_64/GoogleUtilities-Logger.LinkFileList (in target 'GoogleUtilities-Logger' from project 'GoogleUtilities')
    cd /Users/nataliewhipps/Library/Developer/Xcode/DerivedData/Prompt28-cgmmkisguitsyibyvnemfqvywbnv/SourcePackages/checkouts/GoogleUtilities
    write-file /Users/nataliewhipps/Library/Developer/Xcode/DerivedData/Prompt28-cgmmkisguitsyibyvnemfqvywbnv/Build/Intermediates.noindex/GoogleUtilities.build/Debug-iphonesimulator/GoogleUtilities-Logger.build/Objects-normal/x86_64/GoogleUtilities-Logger.LinkFileList

WriteAuxiliaryFile /Users/nataliewhipps/Library/Developer/Xcode/DerivedData/Prompt28-cgmmkisguitsyibyvnemfqvywbnv/Build/Intermediates.noindex/GoogleUtilities.build/Debug-iphonesimulator/GoogleUtilities-Logger.build/GoogleUtilities-Logger.modulemap (in target 'GoogleUtilities-Logger' from project 'GoogleUtilities')
    cd /Users/nataliewhipps/Library/Developer/Xcode/DerivedData/Prompt28-cgmmkisguitsyibyvnemfqvywbnv/SourcePackages/checkouts/GoogleUtilities
    write-file /Users/nataliewhipps/Library/Developer/Xcode/DerivedData/Prompt28-cgmmkisguitsyibyvnemfqvywbnv/Build/Intermediates.noindex/GoogleUtilities.build/Debug-iphonesimulator/GoogleUtilities-Logger.build/GoogleUtilities-Logger.modulemap

Copy /Users/nataliewhipps/Library/Developer/Xcode/DerivedData/Prompt28-cgmmkisguitsyibyvnemfqvywbnv/Build/Intermediates.noindex/GeneratedModuleMaps-iphonesimulator/GoogleUtilities-UserDefaults.modulemap /Users/nataliewhipps/Library/Developer/Xcode/DerivedData/Prompt28-cgmmkisguitsyibyvnemfqvywbnv/Build/Intermediates.noindex/GoogleUtilities.build/Debug-iphonesimulator/GoogleUtilities-UserDefaults.build/GoogleUtilities-UserDefaults.modulemap (in target 'GoogleUtilities-UserDefaults' from project 'GoogleUtilities')
    cd /Users/nataliewhipps/Library/Developer/Xcode/DerivedData/Prompt28-cgmmkisguitsyibyvnemfqvywbnv/SourcePackages/checkouts/GoogleUtilities
    builtin-copy -exclude .DS_Store -exclude CVS -exclude .svn -exclude .git -exclude .hg -resolve-src-symlinks /Users/nataliewhipps/Library/Developer/Xcode/DerivedData/Prompt28-cgmmkisguitsyibyvnemfqvywbnv/Build/Intermediates.noindex/GoogleUtilities.build/Debug-iphonesimulator/GoogleUtilities-UserDefaults.build/GoogleUtilities-UserDefaults.modulemap /Users/nataliewhipps/Library/Developer/Xcode/DerivedData/Prompt28-cgmmkisguitsyibyvnemfqvywbnv/Build/Intermediates.noindex/GeneratedModuleMaps-iphonesimulator

WriteAuxiliaryFile /Users/nataliewhipps/Library/Developer/Xcode/DerivedData/Prompt28-cgmmkisguitsyibyvnemfqvywbnv/Build/Intermediates.noindex/GoogleUtilities.build/Debug-iphonesimulator/GoogleUtilities-Logger.build/GoogleUtilities-Logger.DependencyStaticMetadataFileList (in target 'GoogleUtilities-Logger' from project 'GoogleUtilities')
    cd /Users/nataliewhipps/Library/Developer/Xcode/DerivedData/Prompt28-cgmmkisguitsyibyvnemfqvywbnv/SourcePackages/checkouts/GoogleUtilities
    write-file /Users/nataliewhipps/Library/Developer/Xcode/DerivedData/Prompt28-cgmmkisguitsyibyvnemfqvywbnv/Build/Intermediates.noindex/GoogleUtilities.build/Debug-iphonesimulator/GoogleUtilities-Logger.build/GoogleUtilities-Logger.DependencyStaticMetadataFileList

WriteAuxiliaryFile /Users/nataliewhipps/Library/Developer/Xcode/DerivedData/Prompt28-cgmmkisguitsyibyvnemfqvywbnv/Build/Intermediates.noindex/GoogleUtilities.build/Debug-iphonesimulator/GoogleUtilities-Logger.build/GoogleUtilities-Logger.DependencyMetadataFileList (in target 'GoogleUtilities-Logger' from project 'GoogleUtilities')
    cd /Users/nataliewhipps/Library/Developer/Xcode/DerivedData/Prompt28-cgmmkisguitsyibyvnemfqvywbnv/SourcePackages/checkouts/GoogleUtilities
    write-file /Users/nataliewhipps/Library/Developer/Xcode/DerivedData/Prompt28-cgmmkisguitsyibyvnemfqvywbnv/Build/Intermediates.noindex/GoogleUtilities.build/Debug-iphonesimulator/GoogleUtilities-Logger.build/GoogleUtilities-Logger.DependencyMetadataFileList

WriteAuxiliaryFile /Users/nataliewhipps/Library/Developer/Xcode/DerivedData/Prompt28-cgmmkisguitsyibyvnemfqvywbnv/Build/Intermediates.noindex/GoogleUtilities.build/Debug-iphonesimulator/GoogleUtilities-Logger.build/DerivedSources/resource_bundle_accessor.m (in target 'GoogleUtilities-Logger' from project 'GoogleUtilities')
    cd /Users/nataliewhipps/Library/Developer/Xcode/DerivedData/Prompt28-cgmmkisguitsyibyvnemfqvywbnv/SourcePackages/checkouts/GoogleUtilities
    write-file /Users/nataliewhipps/Library/Developer/Xcode/DerivedData/Prompt28-cgmmkisguitsyibyvnemfqvywbnv/Build/Intermediates.noindex/GoogleUtilities.build/Debug-iphonesimulator/GoogleUtilities-Logger.build/DerivedSources/resource_bundle_accessor.m

WriteAuxiliaryFile /Users/nataliewhipps/Library/Developer/Xcode/DerivedData/Prompt28-cgmmkisguitsyibyvnemfqvywbnv/Build/Intermediates.noindex/GoogleUtilities.build/Debug-iphonesimulator/GoogleUtilities-Logger.build/DerivedSources/resource_bundle_accessor.h (in target 'GoogleUtilities-Logger' from project 'GoogleUtilities')
    cd /Users/nataliewhipps/Library/Developer/Xcode/DerivedData/Prompt28-cgmmkisguitsyibyvnemfqvywbnv/SourcePackages/checkouts/GoogleUtilities
    write-file /Users/nataliewhipps/Library/Developer/Xcode/DerivedData/Prompt28-cgmmkisguitsyibyvnemfqvywbnv/Build/Intermediates.noindex/GoogleUtilities.build/Debug-iphonesimulator/GoogleUtilities-Logger.build/DerivedSources/resource_bundle_accessor.h

WriteAuxiliaryFile /Users/nataliewhipps/Library/Developer/Xcode/DerivedData/Prompt28-cgmmkisguitsyibyvnemfqvywbnv/Build/Intermediates.noindex/GoogleUtilities.build/Debug-iphonesimulator/GoogleUtilities-Environment.build/Objects-normal/x86_64/GoogleUtilities-Environment.LinkFileList (in target 'GoogleUtilities-Environment' from project 'GoogleUtilities')
    cd /Users/nataliewhipps/Library/Developer/Xcode/DerivedData/Prompt28-cgmmkisguitsyibyvnemfqvywbnv/SourcePackages/checkouts/GoogleUtilities
    write-file /Users/nataliewhipps/Library/Developer/Xcode/DerivedData/Prompt28-cgmmkisguitsyibyvnemfqvywbnv/Build/Intermediates.noindex/GoogleUtilities.build/Debug-iphonesimulator/GoogleUtilities-Environment.build/Objects-normal/x86_64/GoogleUtilities-Environment.LinkFileList

WriteAuxiliaryFile /Users/nataliewhipps/Library/Developer/Xcode/DerivedData/Prompt28-cgmmkisguitsyibyvnemfqvywbnv/Build/Intermediates.noindex/GoogleUtilities.build/Debug-iphonesimulator/GoogleUtilities-Environment.build/Objects-normal/x86_64/e6072d4f65d7061329687fe24e3d63a7-common-args.resp (in target 'GoogleUtilities-Environment' from project 'GoogleUtilities')
    cd /Users/nataliewhipps/Library/Developer/Xcode/DerivedData/Prompt28-cgmmkisguitsyibyvnemfqvywbnv/SourcePackages/checkouts/GoogleUtilities
    write-file /Users/nataliewhipps/Library/Developer/Xcode/DerivedData/Prompt28-cgmmkisguitsyibyvnemfqvywbnv/Build/Intermediates.noindex/GoogleUtilities.build/Debug-iphonesimulator/GoogleUtilities-Environment.build/Objects-normal/x86_64/e6072d4f65d7061329687fe24e3d63a7-common-args.resp
-target x86_64-apple-ios12.0-simulator '-std=c99' -fobjc-arc -fmodules -gmodules '-fmodules-cache-path=/Users/nataliewhipps/Library/Developer/Xcode/DerivedData/ModuleCache.noindex' '-fmodule-name=GoogleUtilities_Environment' -fpascal-strings -O0 -DSWIFT_PACKAGE '-DDEBUG=1' '-DOBJC_OLD_DISPATCH_PROTOTYPES=1' -isysroot /Applications/Xcode.app/Contents/Developer/Platforms/iPhoneSimulator.platform/Developer/SDKs/iPhoneSimulator26.2.sdk -fasm-blocks -g '-fobjc-abi-version=2' -fobjc-legacy-dispatch -fprofile-instr-generate -fcoverage-mapping -I/Users/nataliewhipps/Library/Developer/Xcode/DerivedData/Prompt28-cgmmkisguitsyibyvnemfqvywbnv/SourcePackages/checkouts/GoogleUtilities/third_party/IsAppEncrypted/Public -I/Users/nataliewhipps/Library/Developer/Xcode/DerivedData/Prompt28-cgmmkisguitsyibyvnemfqvywbnv/Build/Products/Debug-iphonesimulator/include -I/Users/nataliewhipps/Library/Developer/Xcode/DerivedData/Prompt28-cgmmkisguitsyibyvnemfqvywbnv/SourcePackages/checkouts/GoogleUtilities/GoogleUtilities/Environment/Public -I/Users/nataliewhipps/Library/Developer/Xcode/DerivedData/Prompt28-cgmmkisguitsyibyvnemfqvywbnv/SourcePackages/checkouts/GoogleUtilities -I/Users/nataliewhipps/Library/Developer/Xcode/DerivedData/Prompt28-cgmmkisguitsyibyvnemfqvywbnv/Build/Intermediates.noindex/GoogleUtilities.build/Debug-iphonesimulator/GoogleUtilities-Environment.build/DerivedSources-normal/x86_64 -I/Users/nataliewhipps/Library/Developer/Xcode/DerivedData/Prompt28-cgmmkisguitsyibyvnemfqvywbnv/Build/Intermediates.noindex/GoogleUtilities.build/Debug-iphonesimulator/GoogleUtilities-Environment.build/DerivedSources/x86_64 -I/Users/nataliewhipps/Library/Developer/Xcode/DerivedData/Prompt28-cgmmkisguitsyibyvnemfqvywbnv/Build/Intermediates.noindex/GoogleUtilities.build/Debug-iphonesimulator/GoogleUtilities-Environment.build/DerivedSources -F/Users/nataliewhipps/Library/Developer/Xcode/DerivedData/Prompt28-cgmmkisguitsyibyvnemfqvywbnv/Build/Products/Debug-iphonesimulator/PackageFrameworks -F/Users/nataliewhipps/Library/Developer/Xcode/DerivedData/Prompt28-cgmmkisguitsyibyvnemfqvywbnv/Build/Products/Debug-iphonesimulator -iframework /Applications/Xcode.app/Contents/Developer/Platforms/iPhoneSimulator.platform/Developer/Library/Frameworks -iframework /Applications/Xcode.app/Contents/Developer/Platforms/iPhoneSimulator.platform/Developer/SDKs/iPhoneSimulator26.2.sdk/Developer/Library/Frameworks '-fmodule-map-file=/Users/nataliewhipps/Library/Developer/Xcode/DerivedData/Prompt28-cgmmkisguitsyibyvnemfqvywbnv/Build/Intermediates.noindex/GeneratedModuleMaps-iphonesimulator/third-party-IsAppEncrypted.modulemap' -DXcode

Copy /Users/nataliewhipps/Library/Developer/Xcode/DerivedData/Prompt28-cgmmkisguitsyibyvnemfqvywbnv/Build/Intermediates.noindex/GeneratedModuleMaps-iphonesimulator/GoogleUtilities-Logger.modulemap /Users/nataliewhipps/Library/Developer/Xcode/DerivedData/Prompt28-cgmmkisguitsyibyvnemfqvywbnv/Build/Intermediates.noindex/GoogleUtilities.build/Debug-iphonesimulator/GoogleUtilities-Logger.build/GoogleUtilities-Logger.modulemap (in target 'GoogleUtilities-Logger' from project 'GoogleUtilities')
    cd /Users/nataliewhipps/Library/Developer/Xcode/DerivedData/Prompt28-cgmmkisguitsyibyvnemfqvywbnv/SourcePackages/checkouts/GoogleUtilities
    builtin-copy -exclude .DS_Store -exclude CVS -exclude .svn -exclude .git -exclude .hg -resolve-src-symlinks /Users/nataliewhipps/Library/Developer/Xcode/DerivedData/Prompt28-cgmmkisguitsyibyvnemfqvywbnv/Build/Intermediates.noindex/GoogleUtilities.build/Debug-iphonesimulator/GoogleUtilities-Logger.build/GoogleUtilities-Logger.modulemap /Users/nataliewhipps/Library/Developer/Xcode/DerivedData/Prompt28-cgmmkisguitsyibyvnemfqvywbnv/Build/Intermediates.noindex/GeneratedModuleMaps-iphonesimulator

WriteAuxiliaryFile /Users/nataliewhipps/Library/Developer/Xcode/DerivedData/Prompt28-cgmmkisguitsyibyvnemfqvywbnv/Build/Intermediates.noindex/GoogleUtilities.build/Debug-iphonesimulator/GoogleUtilities-Environment.build/GoogleUtilities-Environment.modulemap (in target 'GoogleUtilities-Environment' from project 'GoogleUtilities')
    cd /Users/nataliewhipps/Library/Developer/Xcode/DerivedData/Prompt28-cgmmkisguitsyibyvnemfqvywbnv/SourcePackages/checkouts/GoogleUtilities
    write-file /Users/nataliewhipps/Library/Developer/Xcode/DerivedData/Prompt28-cgmmkisguitsyibyvnemfqvywbnv/Build/Intermediates.noindex/GoogleUtilities.build/Debug-iphonesimulator/GoogleUtilities-Environment.build/GoogleUtilities-Environment.modulemap

WriteAuxiliaryFile /Users/nataliewhipps/Library/Developer/Xcode/DerivedData/Prompt28-cgmmkisguitsyibyvnemfqvywbnv/Build/Intermediates.noindex/GoogleUtilities.build/Debug-iphonesimulator/GoogleUtilities-Environment.build/GoogleUtilities-Environment.DependencyMetadataFileList (in target 'GoogleUtilities-Environment' from project 'GoogleUtilities')
    cd /Users/nataliewhipps/Library/Developer/Xcode/DerivedData/Prompt28-cgmmkisguitsyibyvnemfqvywbnv/SourcePackages/checkouts/GoogleUtilities
    write-file /Users/nataliewhipps/Library/Developer/Xcode/DerivedData/Prompt28-cgmmkisguitsyibyvnemfqvywbnv/Build/Intermediates.noindex/GoogleUtilities.build/Debug-iphonesimulator/GoogleUtilities-Environment.build/GoogleUtilities-Environment.DependencyMetadataFileList

WriteAuxiliaryFile /Users/nataliewhipps/Library/Developer/Xcode/DerivedData/Prompt28-cgmmkisguitsyibyvnemfqvywbnv/Build/Intermediates.noindex/GoogleUtilities.build/Debug-iphonesimulator/GoogleUtilities-Environment.build/GoogleUtilities-Environment.DependencyStaticMetadataFileList (in target 'GoogleUtilities-Environment' from project 'GoogleUtilities')
    cd /Users/nataliewhipps/Library/Developer/Xcode/DerivedData/Prompt28-cgmmkisguitsyibyvnemfqvywbnv/SourcePackages/checkouts/GoogleUtilities
    write-file /Users/nataliewhipps/Library/Developer/Xcode/DerivedData/Prompt28-cgmmkisguitsyibyvnemfqvywbnv/Build/Intermediates.noindex/GoogleUtilities.build/Debug-iphonesimulator/GoogleUtilities-Environment.build/GoogleUtilities-Environment.DependencyStaticMetadataFileList

WriteAuxiliaryFile /Users/nataliewhipps/Library/Developer/Xcode/DerivedData/Prompt28-cgmmkisguitsyibyvnemfqvywbnv/Build/Intermediates.noindex/GoogleUtilities.build/Debug-iphonesimulator/GoogleUtilities-Environment.build/DerivedSources/resource_bundle_accessor.m (in target 'GoogleUtilities-Environment' from project 'GoogleUtilities')
    cd /Users/nataliewhipps/Library/Developer/Xcode/DerivedData/Prompt28-cgmmkisguitsyibyvnemfqvywbnv/SourcePackages/checkouts/GoogleUtilities
    write-file /Users/nataliewhipps/Library/Developer/Xcode/DerivedData/Prompt28-cgmmkisguitsyibyvnemfqvywbnv/Build/Intermediates.noindex/GoogleUtilities.build/Debug-iphonesimulator/GoogleUtilities-Environment.build/DerivedSources/resource_bundle_accessor.m

WriteAuxiliaryFile /Users/nataliewhipps/Library/Developer/Xcode/DerivedData/Prompt28-cgmmkisguitsyibyvnemfqvywbnv/Build/Intermediates.noindex/GoogleUtilities.build/Debug-iphonesimulator/GoogleUtilities-Environment.build/DerivedSources/resource_bundle_accessor.h (in target 'GoogleUtilities-Environment' from project 'GoogleUtilities')
    cd /Users/nataliewhipps/Library/Developer/Xcode/DerivedData/Prompt28-cgmmkisguitsyibyvnemfqvywbnv/SourcePackages/checkouts/GoogleUtilities
    write-file /Users/nataliewhipps/Library/Developer/Xcode/DerivedData/Prompt28-cgmmkisguitsyibyvnemfqvywbnv/Build/Intermediates.noindex/GoogleUtilities.build/Debug-iphonesimulator/GoogleUtilities-Environment.build/DerivedSources/resource_bundle_accessor.h

Copy /Users/nataliewhipps/Library/Developer/Xcode/DerivedData/Prompt28-cgmmkisguitsyibyvnemfqvywbnv/Build/Intermediates.noindex/GeneratedModuleMaps-iphonesimulator/GoogleUtilities-Environment.modulemap /Users/nataliewhipps/Library/Developer/Xcode/DerivedData/Prompt28-cgmmkisguitsyibyvnemfqvywbnv/Build/Intermediates.noindex/GoogleUtilities.build/Debug-iphonesimulator/GoogleUtilities-Environment.build/GoogleUtilities-Environment.modulemap (in target 'GoogleUtilities-Environment' from project 'GoogleUtilities')
    cd /Users/nataliewhipps/Library/Developer/Xcode/DerivedData/Prompt28-cgmmkisguitsyibyvnemfqvywbnv/SourcePackages/checkouts/GoogleUtilities
    builtin-copy -exclude .DS_Store -exclude CVS -exclude .svn -exclude .git -exclude .hg -resolve-src-symlinks /Users/nataliewhipps/Library/Developer/Xcode/DerivedData/Prompt28-cgmmkisguitsyibyvnemfqvywbnv/Build/Intermediates.noindex/GoogleUtilities.build/Debug-iphonesimulator/GoogleUtilities-Environment.build/GoogleUtilities-Environment.modulemap /Users/nataliewhipps/Library/Developer/Xcode/DerivedData/Prompt28-cgmmkisguitsyibyvnemfqvywbnv/Build/Intermediates.noindex/GeneratedModuleMaps-iphonesimulator

MkDir /Users/nataliewhipps/Library/Developer/Xcode/DerivedData/Prompt28-cgmmkisguitsyibyvnemfqvywbnv/Build/Products/Debug-iphonesimulator/GoogleSignIn_GoogleSignInSwift.bundle (in target 'GoogleSignIn_GoogleSignInSwift' from project 'GoogleSignIn')
    cd /Users/nataliewhipps/Library/Developer/Xcode/DerivedData/Prompt28-cgmmkisguitsyibyvnemfqvywbnv/SourcePackages/checkouts/GoogleSignIn-iOS
    /bin/mkdir -p /Users/nataliewhipps/Library/Developer/Xcode/DerivedData/Prompt28-cgmmkisguitsyibyvnemfqvywbnv/Build/Products/Debug-iphonesimulator/GoogleSignIn_GoogleSignInSwift.bundle

WriteAuxiliaryFile /Users/nataliewhipps/Library/Developer/Xcode/DerivedData/Prompt28-cgmmkisguitsyibyvnemfqvywbnv/Build/Intermediates.noindex/GoogleSignIn.build/Debug-iphonesimulator/GoogleSignIn_GoogleSignInSwift.build/GoogleSignIn_GoogleSignInSwift.DependencyStaticMetadataFileList (in target 'GoogleSignIn_GoogleSignInSwift' from project 'GoogleSignIn')
    cd /Users/nataliewhipps/Library/Developer/Xcode/DerivedData/Prompt28-cgmmkisguitsyibyvnemfqvywbnv/SourcePackages/checkouts/GoogleSignIn-iOS
    write-file /Users/nataliewhipps/Library/Developer/Xcode/DerivedData/Prompt28-cgmmkisguitsyibyvnemfqvywbnv/Build/Intermediates.noindex/GoogleSignIn.build/Debug-iphonesimulator/GoogleSignIn_GoogleSignInSwift.build/GoogleSignIn_GoogleSignInSwift.DependencyStaticMetadataFileList

WriteAuxiliaryFile /Users/nataliewhipps/Library/Developer/Xcode/DerivedData/Prompt28-cgmmkisguitsyibyvnemfqvywbnv/Build/Intermediates.noindex/GoogleSignIn.build/Debug-iphonesimulator/GoogleSignIn_GoogleSignInSwift.build/GoogleSignIn_GoogleSignInSwift.DependencyMetadataFileList (in target 'GoogleSignIn_GoogleSignInSwift' from project 'GoogleSignIn')
    cd /Users/nataliewhipps/Library/Developer/Xcode/DerivedData/Prompt28-cgmmkisguitsyibyvnemfqvywbnv/SourcePackages/checkouts/GoogleSignIn-iOS
    write-file /Users/nataliewhipps/Library/Developer/Xcode/DerivedData/Prompt28-cgmmkisguitsyibyvnemfqvywbnv/Build/Intermediates.noindex/GoogleSignIn.build/Debug-iphonesimulator/GoogleSignIn_GoogleSignInSwift.build/GoogleSignIn_GoogleSignInSwift.DependencyMetadataFileList

WriteAuxiliaryFile /Users/nataliewhipps/Library/Developer/Xcode/DerivedData/Prompt28-cgmmkisguitsyibyvnemfqvywbnv/Build/Intermediates.noindex/GoogleSignIn.build/Debug-iphonesimulator/GoogleSignIn_GoogleSignInSwift.build/empty-GoogleSignIn_GoogleSignInSwift.plist (in target 'GoogleSignIn_GoogleSignInSwift' from project 'GoogleSignIn')
    cd /Users/nataliewhipps/Library/Developer/Xcode/DerivedData/Prompt28-cgmmkisguitsyibyvnemfqvywbnv/SourcePackages/checkouts/GoogleSignIn-iOS
    write-file /Users/nataliewhipps/Library/Developer/Xcode/DerivedData/Prompt28-cgmmkisguitsyibyvnemfqvywbnv/Build/Intermediates.noindex/GoogleSignIn.build/Debug-iphonesimulator/GoogleSignIn_GoogleSignInSwift.build/empty-GoogleSignIn_GoogleSignInSwift.plist

WriteAuxiliaryFile /Users/nataliewhipps/Library/Developer/Xcode/DerivedData/Prompt28-cgmmkisguitsyibyvnemfqvywbnv/Build/Intermediates.noindex/GoogleSignIn.build/Debug-iphonesimulator/GoogleSignIn_GoogleSignIn.build/empty-GoogleSignIn_GoogleSignIn.plist (in target 'GoogleSignIn_GoogleSignIn' from project 'GoogleSignIn')
    cd /Users/nataliewhipps/Library/Developer/Xcode/DerivedData/Prompt28-cgmmkisguitsyibyvnemfqvywbnv/SourcePackages/checkouts/GoogleSignIn-iOS
    write-file /Users/nataliewhipps/Library/Developer/Xcode/DerivedData/Prompt28-cgmmkisguitsyibyvnemfqvywbnv/Build/Intermediates.noindex/GoogleSignIn.build/Debug-iphonesimulator/GoogleSignIn_GoogleSignIn.build/empty-GoogleSignIn_GoogleSignIn.plist

WriteAuxiliaryFile /Users/nataliewhipps/Library/Developer/Xcode/DerivedData/Prompt28-cgmmkisguitsyibyvnemfqvywbnv/Build/Intermediates.noindex/GoogleSignIn.build/Debug-iphonesimulator/GoogleSignIn_GoogleSignIn.build/GoogleSignIn_GoogleSignIn.DependencyStaticMetadataFileList (in target 'GoogleSignIn_GoogleSignIn' from project 'GoogleSignIn')
    cd /Users/nataliewhipps/Library/Developer/Xcode/DerivedData/Prompt28-cgmmkisguitsyibyvnemfqvywbnv/SourcePackages/checkouts/GoogleSignIn-iOS
    write-file /Users/nataliewhipps/Library/Developer/Xcode/DerivedData/Prompt28-cgmmkisguitsyibyvnemfqvywbnv/Build/Intermediates.noindex/GoogleSignIn.build/Debug-iphonesimulator/GoogleSignIn_GoogleSignIn.build/GoogleSignIn_GoogleSignIn.DependencyStaticMetadataFileList

WriteAuxiliaryFile /Users/nataliewhipps/Library/Developer/Xcode/DerivedData/Prompt28-cgmmkisguitsyibyvnemfqvywbnv/Build/Intermediates.noindex/GoogleSignIn.build/Debug-iphonesimulator/GoogleSignIn_GoogleSignIn.build/GoogleSignIn_GoogleSignIn.DependencyMetadataFileList (in target 'GoogleSignIn_GoogleSignIn' from project 'GoogleSignIn')
    cd /Users/nataliewhipps/Library/Developer/Xcode/DerivedData/Prompt28-cgmmkisguitsyibyvnemfqvywbnv/SourcePackages/checkouts/GoogleSignIn-iOS
    write-file /Users/nataliewhipps/Library/Developer/Xcode/DerivedData/Prompt28-cgmmkisguitsyibyvnemfqvywbnv/Build/Intermediates.noindex/GoogleSignIn.build/Debug-iphonesimulator/GoogleSignIn_GoogleSignIn.build/GoogleSignIn_GoogleSignIn.DependencyMetadataFileList

MkDir /Users/nataliewhipps/Library/Developer/Xcode/DerivedData/Prompt28-cgmmkisguitsyibyvnemfqvywbnv/Build/Products/Debug-iphonesimulator/GoogleSignIn_GoogleSignIn.bundle (in target 'GoogleSignIn_GoogleSignIn' from project 'GoogleSignIn')
    cd /Users/nataliewhipps/Library/Developer/Xcode/DerivedData/Prompt28-cgmmkisguitsyibyvnemfqvywbnv/SourcePackages/checkouts/GoogleSignIn-iOS
    /bin/mkdir -p /Users/nataliewhipps/Library/Developer/Xcode/DerivedData/Prompt28-cgmmkisguitsyibyvnemfqvywbnv/Build/Products/Debug-iphonesimulator/GoogleSignIn_GoogleSignIn.bundle

WriteAuxiliaryFile /Users/nataliewhipps/Library/Developer/Xcode/DerivedData/Prompt28-cgmmkisguitsyibyvnemfqvywbnv/Build/Intermediates.noindex/GoogleSignIn.build/Debug-iphonesimulator/GoogleSignInSwift.build/Objects-normal/x86_64/GoogleSignInSwift.LinkFileList (in target 'GoogleSignInSwift' from project 'GoogleSignIn')
    cd /Users/nataliewhipps/Library/Developer/Xcode/DerivedData/Prompt28-cgmmkisguitsyibyvnemfqvywbnv/SourcePackages/checkouts/GoogleSignIn-iOS
    write-file /Users/nataliewhipps/Library/Developer/Xcode/DerivedData/Prompt28-cgmmkisguitsyibyvnemfqvywbnv/Build/Intermediates.noindex/GoogleSignIn.build/Debug-iphonesimulator/GoogleSignInSwift.build/Objects-normal/x86_64/GoogleSignInSwift.LinkFileList

WriteAuxiliaryFile /Users/nataliewhipps/Library/Developer/Xcode/DerivedData/Prompt28-cgmmkisguitsyibyvnemfqvywbnv/Build/Intermediates.noindex/GoogleSignIn.build/Debug-iphonesimulator/GoogleSignInSwift.build/Objects-normal/x86_64/GoogleSignInSwift.SwiftFileList (in target 'GoogleSignInSwift' from project 'GoogleSignIn')
    cd /Users/nataliewhipps/Library/Developer/Xcode/DerivedData/Prompt28-cgmmkisguitsyibyvnemfqvywbnv/SourcePackages/checkouts/GoogleSignIn-iOS
    write-file /Users/nataliewhipps/Library/Developer/Xcode/DerivedData/Prompt28-cgmmkisguitsyibyvnemfqvywbnv/Build/Intermediates.noindex/GoogleSignIn.build/Debug-iphonesimulator/GoogleSignInSwift.build/Objects-normal/x86_64/GoogleSignInSwift.SwiftFileList

WriteAuxiliaryFile /Users/nataliewhipps/Library/Developer/Xcode/DerivedData/Prompt28-cgmmkisguitsyibyvnemfqvywbnv/Build/Intermediates.noindex/GoogleSignIn.build/Debug-iphonesimulator/GoogleSignInSwift.build/Objects-normal/x86_64/GoogleSignInSwift_const_extract_protocols.json (in target 'GoogleSignInSwift' from project 'GoogleSignIn')
    cd /Users/nataliewhipps/Library/Developer/Xcode/DerivedData/Prompt28-cgmmkisguitsyibyvnemfqvywbnv/SourcePackages/checkouts/GoogleSignIn-iOS
    write-file /Users/nataliewhipps/Library/Developer/Xcode/DerivedData/Prompt28-cgmmkisguitsyibyvnemfqvywbnv/Build/Intermediates.noindex/GoogleSignIn.build/Debug-iphonesimulator/GoogleSignInSwift.build/Objects-normal/x86_64/GoogleSignInSwift_const_extract_protocols.json

WriteAuxiliaryFile /Users/nataliewhipps/Library/Developer/Xcode/DerivedData/Prompt28-cgmmkisguitsyibyvnemfqvywbnv/Build/Intermediates.noindex/GoogleSignIn.build/Debug-iphonesimulator/GoogleSignInSwift.build/Objects-normal/x86_64/GoogleSignInSwift-OutputFileMap.json (in target 'GoogleSignInSwift' from project 'GoogleSignIn')
    cd /Users/nataliewhipps/Library/Developer/Xcode/DerivedData/Prompt28-cgmmkisguitsyibyvnemfqvywbnv/SourcePackages/checkouts/GoogleSignIn-iOS
    write-file /Users/nataliewhipps/Library/Developer/Xcode/DerivedData/Prompt28-cgmmkisguitsyibyvnemfqvywbnv/Build/Intermediates.noindex/GoogleSignIn.build/Debug-iphonesimulator/GoogleSignInSwift.build/Objects-normal/x86_64/GoogleSignInSwift-OutputFileMap.json

WriteAuxiliaryFile /Users/nataliewhipps/Library/Developer/Xcode/DerivedData/Prompt28-cgmmkisguitsyibyvnemfqvywbnv/Build/Intermediates.noindex/GoogleSignIn.build/Debug-iphonesimulator/GoogleSignInSwift.build/GoogleSignInSwift.modulemap (in target 'GoogleSignInSwift' from project 'GoogleSignIn')
    cd /Users/nataliewhipps/Library/Developer/Xcode/DerivedData/Prompt28-cgmmkisguitsyibyvnemfqvywbnv/SourcePackages/checkouts/GoogleSignIn-iOS
    write-file /Users/nataliewhipps/Library/Developer/Xcode/DerivedData/Prompt28-cgmmkisguitsyibyvnemfqvywbnv/Build/Intermediates.noindex/GoogleSignIn.build/Debug-iphonesimulator/GoogleSignInSwift.build/GoogleSignInSwift.modulemap

WriteAuxiliaryFile /Users/nataliewhipps/Library/Developer/Xcode/DerivedData/Prompt28-cgmmkisguitsyibyvnemfqvywbnv/Build/Intermediates.noindex/GoogleSignIn.build/Debug-iphonesimulator/GoogleSignInSwift.build/Objects-normal/x86_64/GoogleSignInSwift.SwiftConstValuesFileList (in target 'GoogleSignInSwift' from project 'GoogleSignIn')
    cd /Users/nataliewhipps/Library/Developer/Xcode/DerivedData/Prompt28-cgmmkisguitsyibyvnemfqvywbnv/SourcePackages/checkouts/GoogleSignIn-iOS
    write-file /Users/nataliewhipps/Library/Developer/Xcode/DerivedData/Prompt28-cgmmkisguitsyibyvnemfqvywbnv/Build/Intermediates.noindex/GoogleSignIn.build/Debug-iphonesimulator/GoogleSignInSwift.build/Objects-normal/x86_64/GoogleSignInSwift.SwiftConstValuesFileList

WriteAuxiliaryFile /Users/nataliewhipps/Library/Developer/Xcode/DerivedData/Prompt28-cgmmkisguitsyibyvnemfqvywbnv/Build/Intermediates.noindex/GoogleSignIn.build/Debug-iphonesimulator/GoogleSignInSwift.build/GoogleSignInSwift.DependencyStaticMetadataFileList (in target 'GoogleSignInSwift' from project 'GoogleSignIn')
    cd /Users/nataliewhipps/Library/Developer/Xcode/DerivedData/Prompt28-cgmmkisguitsyibyvnemfqvywbnv/SourcePackages/checkouts/GoogleSignIn-iOS
    write-file /Users/nataliewhipps/Library/Developer/Xcode/DerivedData/Prompt28-cgmmkisguitsyibyvnemfqvywbnv/Build/Intermediates.noindex/GoogleSignIn.build/Debug-iphonesimulator/GoogleSignInSwift.build/GoogleSignInSwift.DependencyStaticMetadataFileList

WriteAuxiliaryFile /Users/nataliewhipps/Library/Developer/Xcode/DerivedData/Prompt28-cgmmkisguitsyibyvnemfqvywbnv/Build/Intermediates.noindex/GoogleSignIn.build/Debug-iphonesimulator/GoogleSignInSwift.build/GoogleSignInSwift.DependencyMetadataFileList (in target 'GoogleSignInSwift' from project 'GoogleSignIn')
    cd /Users/nataliewhipps/Library/Developer/Xcode/DerivedData/Prompt28-cgmmkisguitsyibyvnemfqvywbnv/SourcePackages/checkouts/GoogleSignIn-iOS
    write-file /Users/nataliewhipps/Library/Developer/Xcode/DerivedData/Prompt28-cgmmkisguitsyibyvnemfqvywbnv/Build/Intermediates.noindex/GoogleSignIn.build/Debug-iphonesimulator/GoogleSignInSwift.build/GoogleSignInSwift.DependencyMetadataFileList

WriteAuxiliaryFile /Users/nataliewhipps/Library/Developer/Xcode/DerivedData/Prompt28-cgmmkisguitsyibyvnemfqvywbnv/Build/Intermediates.noindex/GoogleSignIn.build/Debug-iphonesimulator/GoogleSignInSwift.build/DerivedSources/resource_bundle_accessor.swift (in target 'GoogleSignInSwift' from project 'GoogleSignIn')
    cd /Users/nataliewhipps/Library/Developer/Xcode/DerivedData/Prompt28-cgmmkisguitsyibyvnemfqvywbnv/SourcePackages/checkouts/GoogleSignIn-iOS
    write-file /Users/nataliewhipps/Library/Developer/Xcode/DerivedData/Prompt28-cgmmkisguitsyibyvnemfqvywbnv/Build/Intermediates.noindex/GoogleSignIn.build/Debug-iphonesimulator/GoogleSignInSwift.build/DerivedSources/resource_bundle_accessor.swift

WriteAuxiliaryFile /Users/nataliewhipps/Library/Developer/Xcode/DerivedData/Prompt28-cgmmkisguitsyibyvnemfqvywbnv/Build/Intermediates.noindex/GoogleSignIn.build/Debug-iphonesimulator/GoogleSignIn.build/Objects-normal/x86_64/GoogleSignIn.LinkFileList (in target 'GoogleSignIn' from project 'GoogleSignIn')
    cd /Users/nataliewhipps/Library/Developer/Xcode/DerivedData/Prompt28-cgmmkisguitsyibyvnemfqvywbnv/SourcePackages/checkouts/GoogleSignIn-iOS
    write-file /Users/nataliewhipps/Library/Developer/Xcode/DerivedData/Prompt28-cgmmkisguitsyibyvnemfqvywbnv/Build/Intermediates.noindex/GoogleSignIn.build/Debug-iphonesimulator/GoogleSignIn.build/Objects-normal/x86_64/GoogleSignIn.LinkFileList

WriteAuxiliaryFile /Users/nataliewhipps/Library/Developer/Xcode/DerivedData/Prompt28-cgmmkisguitsyibyvnemfqvywbnv/Build/Intermediates.noindex/GoogleSignIn.build/Debug-iphonesimulator/GoogleSignIn.build/Objects-normal/x86_64/e6072d4f65d7061329687fe24e3d63a7-common-args.resp (in target 'GoogleSignIn' from project 'GoogleSignIn')
    cd /Users/nataliewhipps/Library/Developer/Xcode/DerivedData/Prompt28-cgmmkisguitsyibyvnemfqvywbnv/SourcePackages/checkouts/GoogleSignIn-iOS
    write-file /Users/nataliewhipps/Library/Developer/Xcode/DerivedData/Prompt28-cgmmkisguitsyibyvnemfqvywbnv/Build/Intermediates.noindex/GoogleSignIn.build/Debug-iphonesimulator/GoogleSignIn.build/Objects-normal/x86_64/e6072d4f65d7061329687fe24e3d63a7-common-args.resp
-target x86_64-apple-ios12.0-simulator -fobjc-arc -fmodules -gmodules '-fmodules-cache-path=/Users/nataliewhipps/Library/Developer/Xcode/DerivedData/ModuleCache.noindex' '-fmodule-name=GoogleSignIn' -fpascal-strings -O0 -DSWIFT_PACKAGE '-DDEBUG=1' '-DGID_SDK_VERSION=9.1.0' '-DOBJC_OLD_DISPATCH_PROTOTYPES=1' -isysroot /Applications/Xcode.app/Contents/Developer/Platforms/iPhoneSimulator.platform/Developer/SDKs/iPhoneSimulator26.2.sdk -fasm-blocks -g '-fobjc-abi-version=2' -fobjc-legacy-dispatch -fprofile-instr-generate -fcoverage-mapping -I/Users/nataliewhipps/Library/Developer/Xcode/DerivedData/Prompt28-cgmmkisguitsyibyvnemfqvywbnv/SourcePackages/checkouts/AppAuth-iOS/Sources/AppAuth -I/Users/nataliewhipps/Library/Developer/Xcode/DerivedData/Prompt28-cgmmkisguitsyibyvnemfqvywbnv/SourcePackages/checkouts/AppAuth-iOS/Sources/AppAuthCore -I/Users/nataliewhipps/Library/Developer/Xcode/DerivedData/Prompt28-cgmmkisguitsyibyvnemfqvywbnv/SourcePackages/checkouts/promises/Sources/FBLPromises/include -I/Users/nataliewhipps/Library/Developer/Xcode/DerivedData/Prompt28-cgmmkisguitsyibyvnemfqvywbnv/SourcePackages/checkouts/GoogleUtilities/GoogleUtilities/Logger/Public -I/Users/nataliewhipps/Library/Developer/Xcode/DerivedData/Prompt28-cgmmkisguitsyibyvnemfqvywbnv/SourcePackages/checkouts/GoogleUtilities/GoogleUtilities/Environment/Public -I/Users/nataliewhipps/Library/Developer/Xcode/DerivedData/Prompt28-cgmmkisguitsyibyvnemfqvywbnv/SourcePackages/checkouts/GoogleUtilities/third_party/IsAppEncrypted/Public -I/Users/nataliewhipps/Library/Developer/Xcode/DerivedData/Prompt28-cgmmkisguitsyibyvnemfqvywbnv/SourcePackages/checkouts/GoogleUtilities/GoogleUtilities/UserDefaults/Public -I/Users/nataliewhipps/Library/Developer/Xcode/DerivedData/Prompt28-cgmmkisguitsyibyvnemfqvywbnv/SourcePackages/checkouts/app-check/AppCheckCore/Sources/Public -I/Users/nataliewhipps/Library/Developer/Xcode/DerivedData/Prompt28-cgmmkisguitsyibyvnemfqvywbnv/SourcePackages/checkouts/gtm-session-fetcher/Sources/Core/Public -I/Users/nataliewhipps/Library/Developer/Xcode/DerivedData/Prompt28-cgmmkisguitsyibyvnemfqvywbnv/Build/Products/Debug-iphonesimulator/include -I/Users/nataliewhipps/Library/Developer/Xcode/DerivedData/Prompt28-cgmmkisguitsyibyvnemfqvywbnv/SourcePackages/checkouts/GoogleSignIn-iOS/GoogleSignIn/Sources/Public -I/Users/nataliewhipps/Library/Developer/Xcode/DerivedData/Prompt28-cgmmkisguitsyibyvnemfqvywbnv/SourcePackages/checkouts/GoogleSignIn-iOS -I/Users/nataliewhipps/Library/Developer/Xcode/DerivedData/Prompt28-cgmmkisguitsyibyvnemfqvywbnv/Build/Intermediates.noindex/GoogleSignIn.build/Debug-iphonesimulator/GoogleSignIn.build/DerivedSources-normal/x86_64 -I/Users/nataliewhipps/Library/Developer/Xcode/DerivedData/Prompt28-cgmmkisguitsyibyvnemfqvywbnv/Build/Intermediates.noindex/GoogleSignIn.build/Debug-iphonesimulator/GoogleSignIn.build/DerivedSources/x86_64 -I/Users/nataliewhipps/Library/Developer/Xcode/DerivedData/Prompt28-cgmmkisguitsyibyvnemfqvywbnv/Build/Intermediates.noindex/GoogleSignIn.build/Debug-iphonesimulator/GoogleSignIn.build/DerivedSources -F/Users/nataliewhipps/Library/Developer/Xcode/DerivedData/Prompt28-cgmmkisguitsyibyvnemfqvywbnv/Build/Products/Debug-iphonesimulator/PackageFrameworks -F/Users/nataliewhipps/Library/Developer/Xcode/DerivedData/Prompt28-cgmmkisguitsyibyvnemfqvywbnv/Build/Products/Debug-iphonesimulator/PackageFrameworks -F/Users/nataliewhipps/Library/Developer/Xcode/DerivedData/Prompt28-cgmmkisguitsyibyvnemfqvywbnv/Build/Products/Debug-iphonesimulator/PackageFrameworks -F/Users/nataliewhipps/Library/Developer/Xcode/DerivedData/Prompt28-cgmmkisguitsyibyvnemfqvywbnv/Build/Products/Debug-iphonesimulator/PackageFrameworks -F/Users/nataliewhipps/Library/Developer/Xcode/DerivedData/Prompt28-cgmmkisguitsyibyvnemfqvywbnv/Build/Products/Debug-iphonesimulator/PackageFrameworks -F/Users/nataliewhipps/Library/Developer/Xcode/DerivedData/Prompt28-cgmmkisguitsyibyvnemfqvywbnv/Build/Products/Debug-iphonesimulator/PackageFrameworks -F/Users/nataliewhipps/Library/Developer/Xcode/DerivedData/Prompt28-cgmmkisguitsyibyvnemfqvywbnv/Build/Products/Debug-iphonesimulator/PackageFrameworks -F/Users/nataliewhipps/Library/Developer/Xcode/DerivedData/Prompt28-cgmmkisguitsyibyvnemfqvywbnv/Build/Products/Debug-iphonesimulator/PackageFrameworks -F/Users/nataliewhipps/Library/Developer/Xcode/DerivedData/Prompt28-cgmmkisguitsyibyvnemfqvywbnv/Build/Products/Debug-iphonesimulator/PackageFrameworks -F/Users/nataliewhipps/Library/Developer/Xcode/DerivedData/Prompt28-cgmmkisguitsyibyvnemfqvywbnv/Build/Products/Debug-iphonesimulator/PackageFrameworks -F/Users/nataliewhipps/Library/Developer/Xcode/DerivedData/Prompt28-cgmmkisguitsyibyvnemfqvywbnv/Build/Products/Debug-iphonesimulator -iframework /Applications/Xcode.app/Contents/Developer/Platforms/iPhoneSimulator.platform/Developer/Library/Frameworks -iframework /Applications/Xcode.app/Contents/Developer/Platforms/iPhoneSimulator.platform/Developer/SDKs/iPhoneSimulator26.2.sdk/Developer/Library/Frameworks '-fmodule-map-file=/Users/nataliewhipps/Library/Developer/Xcode/DerivedData/Prompt28-cgmmkisguitsyibyvnemfqvywbnv/Build/Intermediates.noindex/GeneratedModuleMaps-iphonesimulator/AppAuth.modulemap' '-fmodule-map-file=/Users/nataliewhipps/Library/Developer/Xcode/DerivedData/Prompt28-cgmmkisguitsyibyvnemfqvywbnv/Build/Intermediates.noindex/GeneratedModuleMaps-iphonesimulator/AppAuthCore.modulemap' '-fmodule-map-file=/Users/nataliewhipps/Library/Developer/Xcode/DerivedData/Prompt28-cgmmkisguitsyibyvnemfqvywbnv/Build/Intermediates.noindex/GeneratedModuleMaps-iphonesimulator/GoogleUtilities-Logger.modulemap' '-fmodule-map-file=/Users/nataliewhipps/Library/Developer/Xcode/DerivedData/Prompt28-cgmmkisguitsyibyvnemfqvywbnv/Build/Intermediates.noindex/GeneratedModuleMaps-iphonesimulator/GoogleUtilities-Environment.modulemap' '-fmodule-map-file=/Users/nataliewhipps/Library/Developer/Xcode/DerivedData/Prompt28-cgmmkisguitsyibyvnemfqvywbnv/Build/Intermediates.noindex/GeneratedModuleMaps-iphonesimulator/third-party-IsAppEncrypted.modulemap' '-fmodule-map-file=/Users/nataliewhipps/Library/Developer/Xcode/DerivedData/Prompt28-cgmmkisguitsyibyvnemfqvywbnv/Build/Intermediates.noindex/GeneratedModuleMaps-iphonesimulator/GoogleUtilities-UserDefaults.modulemap' '-fmodule-map-file=/Users/nataliewhipps/Library/Developer/Xcode/DerivedData/Prompt28-cgmmkisguitsyibyvnemfqvywbnv/Build/Intermediates.noindex/GeneratedModuleMaps-iphonesimulator/AppCheckCore.modulemap' '-fmodule-map-file=/Users/nataliewhipps/Library/Developer/Xcode/DerivedData/Prompt28-cgmmkisguitsyibyvnemfqvywbnv/Build/Intermediates.noindex/GeneratedModuleMaps-iphonesimulator/GTMAppAuth.modulemap' '-fmodule-map-file=/Users/nataliewhipps/Library/Developer/Xcode/DerivedData/Prompt28-cgmmkisguitsyibyvnemfqvywbnv/Build/Intermediates.noindex/GeneratedModuleMaps-iphonesimulator/GTMSessionFetcherCore.modulemap' -DXcode

Copy /Users/nataliewhipps/Library/Developer/Xcode/DerivedData/Prompt28-cgmmkisguitsyibyvnemfqvywbnv/Build/Intermediates.noindex/GeneratedModuleMaps-iphonesimulator/GoogleSignInSwift.modulemap /Users/nataliewhipps/Library/Developer/Xcode/DerivedData/Prompt28-cgmmkisguitsyibyvnemfqvywbnv/Build/Intermediates.noindex/GoogleSignIn.build/Debug-iphonesimulator/GoogleSignInSwift.build/GoogleSignInSwift.modulemap (in target 'GoogleSignInSwift' from project 'GoogleSignIn')
    cd /Users/nataliewhipps/Library/Developer/Xcode/DerivedData/Prompt28-cgmmkisguitsyibyvnemfqvywbnv/SourcePackages/checkouts/GoogleSignIn-iOS
    builtin-copy -exclude .DS_Store -exclude CVS -exclude .svn -exclude .git -exclude .hg -resolve-src-symlinks /Users/nataliewhipps/Library/Developer/Xcode/DerivedData/Prompt28-cgmmkisguitsyibyvnemfqvywbnv/Build/Intermediates.noindex/GoogleSignIn.build/Debug-iphonesimulator/GoogleSignInSwift.build/GoogleSignInSwift.modulemap /Users/nataliewhipps/Library/Developer/Xcode/DerivedData/Prompt28-cgmmkisguitsyibyvnemfqvywbnv/Build/Intermediates.noindex/GeneratedModuleMaps-iphonesimulator

WriteAuxiliaryFile /Users/nataliewhipps/Library/Developer/Xcode/DerivedData/Prompt28-cgmmkisguitsyibyvnemfqvywbnv/Build/Intermediates.noindex/GoogleSignIn.build/Debug-iphonesimulator/GoogleSignIn.build/GoogleSignIn.modulemap (in target 'GoogleSignIn' from project 'GoogleSignIn')
    cd /Users/nataliewhipps/Library/Developer/Xcode/DerivedData/Prompt28-cgmmkisguitsyibyvnemfqvywbnv/SourcePackages/checkouts/GoogleSignIn-iOS
    write-file /Users/nataliewhipps/Library/Developer/Xcode/DerivedData/Prompt28-cgmmkisguitsyibyvnemfqvywbnv/Build/Intermediates.noindex/GoogleSignIn.build/Debug-iphonesimulator/GoogleSignIn.build/GoogleSignIn.modulemap

WriteAuxiliaryFile /Users/nataliewhipps/Library/Developer/Xcode/DerivedData/Prompt28-cgmmkisguitsyibyvnemfqvywbnv/Build/Intermediates.noindex/GoogleSignIn.build/Debug-iphonesimulator/GoogleSignIn.build/GoogleSignIn.DependencyStaticMetadataFileList (in target 'GoogleSignIn' from project 'GoogleSignIn')
    cd /Users/nataliewhipps/Library/Developer/Xcode/DerivedData/Prompt28-cgmmkisguitsyibyvnemfqvywbnv/SourcePackages/checkouts/GoogleSignIn-iOS
    write-file /Users/nataliewhipps/Library/Developer/Xcode/DerivedData/Prompt28-cgmmkisguitsyibyvnemfqvywbnv/Build/Intermediates.noindex/GoogleSignIn.build/Debug-iphonesimulator/GoogleSignIn.build/GoogleSignIn.DependencyStaticMetadataFileList

WriteAuxiliaryFile /Users/nataliewhipps/Library/Developer/Xcode/DerivedData/Prompt28-cgmmkisguitsyibyvnemfqvywbnv/Build/Intermediates.noindex/GoogleSignIn.build/Debug-iphonesimulator/GoogleSignIn.build/GoogleSignIn.DependencyMetadataFileList (in target 'GoogleSignIn' from project 'GoogleSignIn')
    cd /Users/nataliewhipps/Library/Developer/Xcode/DerivedData/Prompt28-cgmmkisguitsyibyvnemfqvywbnv/SourcePackages/checkouts/GoogleSignIn-iOS
    write-file /Users/nataliewhipps/Library/Developer/Xcode/DerivedData/Prompt28-cgmmkisguitsyibyvnemfqvywbnv/Build/Intermediates.noindex/GoogleSignIn.build/Debug-iphonesimulator/GoogleSignIn.build/GoogleSignIn.DependencyMetadataFileList

WriteAuxiliaryFile /Users/nataliewhipps/Library/Developer/Xcode/DerivedData/Prompt28-cgmmkisguitsyibyvnemfqvywbnv/Build/Intermediates.noindex/GoogleSignIn.build/Debug-iphonesimulator/GoogleSignIn.build/DerivedSources/resource_bundle_accessor.m (in target 'GoogleSignIn' from project 'GoogleSignIn')
    cd /Users/nataliewhipps/Library/Developer/Xcode/DerivedData/Prompt28-cgmmkisguitsyibyvnemfqvywbnv/SourcePackages/checkouts/GoogleSignIn-iOS
    write-file /Users/nataliewhipps/Library/Developer/Xcode/DerivedData/Prompt28-cgmmkisguitsyibyvnemfqvywbnv/Build/Intermediates.noindex/GoogleSignIn.build/Debug-iphonesimulator/GoogleSignIn.build/DerivedSources/resource_bundle_accessor.m

WriteAuxiliaryFile /Users/nataliewhipps/Library/Developer/Xcode/DerivedData/Prompt28-cgmmkisguitsyibyvnemfqvywbnv/Build/Intermediates.noindex/GoogleSignIn.build/Debug-iphonesimulator/GoogleSignIn.build/DerivedSources/resource_bundle_accessor.h (in target 'GoogleSignIn' from project 'GoogleSignIn')
    cd /Users/nataliewhipps/Library/Developer/Xcode/DerivedData/Prompt28-cgmmkisguitsyibyvnemfqvywbnv/SourcePackages/checkouts/GoogleSignIn-iOS
    write-file /Users/nataliewhipps/Library/Developer/Xcode/DerivedData/Prompt28-cgmmkisguitsyibyvnemfqvywbnv/Build/Intermediates.noindex/GoogleSignIn.build/Debug-iphonesimulator/GoogleSignIn.build/DerivedSources/resource_bundle_accessor.h

WriteAuxiliaryFile /Users/nataliewhipps/Library/Developer/Xcode/DerivedData/Prompt28-cgmmkisguitsyibyvnemfqvywbnv/Build/Intermediates.noindex/GTMSessionFetcher.build/Debug-iphonesimulator/GTMSessionFetcher_GTMSessionFetcherCore.build/empty-GTMSessionFetcher_GTMSessionFetcherCore.plist (in target 'GTMSessionFetcher_GTMSessionFetcherCore' from project 'GTMSessionFetcher')
    cd /Users/nataliewhipps/Library/Developer/Xcode/DerivedData/Prompt28-cgmmkisguitsyibyvnemfqvywbnv/SourcePackages/checkouts/gtm-session-fetcher
    write-file /Users/nataliewhipps/Library/Developer/Xcode/DerivedData/Prompt28-cgmmkisguitsyibyvnemfqvywbnv/Build/Intermediates.noindex/GTMSessionFetcher.build/Debug-iphonesimulator/GTMSessionFetcher_GTMSessionFetcherCore.build/empty-GTMSessionFetcher_GTMSessionFetcherCore.plist

WriteAuxiliaryFile /Users/nataliewhipps/Library/Developer/Xcode/DerivedData/Prompt28-cgmmkisguitsyibyvnemfqvywbnv/Build/Intermediates.noindex/GTMSessionFetcher.build/Debug-iphonesimulator/GTMSessionFetcher_GTMSessionFetcherCore.build/GTMSessionFetcher_GTMSessionFetcherCore.DependencyStaticMetadataFileList (in target 'GTMSessionFetcher_GTMSessionFetcherCore' from project 'GTMSessionFetcher')
    cd /Users/nataliewhipps/Library/Developer/Xcode/DerivedData/Prompt28-cgmmkisguitsyibyvnemfqvywbnv/SourcePackages/checkouts/gtm-session-fetcher
    write-file /Users/nataliewhipps/Library/Developer/Xcode/DerivedData/Prompt28-cgmmkisguitsyibyvnemfqvywbnv/Build/Intermediates.noindex/GTMSessionFetcher.build/Debug-iphonesimulator/GTMSessionFetcher_GTMSessionFetcherCore.build/GTMSessionFetcher_GTMSessionFetcherCore.DependencyStaticMetadataFileList

WriteAuxiliaryFile /Users/nataliewhipps/Library/Developer/Xcode/DerivedData/Prompt28-cgmmkisguitsyibyvnemfqvywbnv/Build/Intermediates.noindex/GTMSessionFetcher.build/Debug-iphonesimulator/GTMSessionFetcher_GTMSessionFetcherCore.build/GTMSessionFetcher_GTMSessionFetcherCore.DependencyMetadataFileList (in target 'GTMSessionFetcher_GTMSessionFetcherCore' from project 'GTMSessionFetcher')
    cd /Users/nataliewhipps/Library/Developer/Xcode/DerivedData/Prompt28-cgmmkisguitsyibyvnemfqvywbnv/SourcePackages/checkouts/gtm-session-fetcher
    write-file /Users/nataliewhipps/Library/Developer/Xcode/DerivedData/Prompt28-cgmmkisguitsyibyvnemfqvywbnv/Build/Intermediates.noindex/GTMSessionFetcher.build/Debug-iphonesimulator/GTMSessionFetcher_GTMSessionFetcherCore.build/GTMSessionFetcher_GTMSessionFetcherCore.DependencyMetadataFileList

Copy /Users/nataliewhipps/Library/Developer/Xcode/DerivedData/Prompt28-cgmmkisguitsyibyvnemfqvywbnv/Build/Intermediates.noindex/GeneratedModuleMaps-iphonesimulator/GoogleSignIn.modulemap /Users/nataliewhipps/Library/Developer/Xcode/DerivedData/Prompt28-cgmmkisguitsyibyvnemfqvywbnv/Build/Intermediates.noindex/GoogleSignIn.build/Debug-iphonesimulator/GoogleSignIn.build/GoogleSignIn.modulemap (in target 'GoogleSignIn' from project 'GoogleSignIn')
    cd /Users/nataliewhipps/Library/Developer/Xcode/DerivedData/Prompt28-cgmmkisguitsyibyvnemfqvywbnv/SourcePackages/checkouts/GoogleSignIn-iOS
    builtin-copy -exclude .DS_Store -exclude CVS -exclude .svn -exclude .git -exclude .hg -resolve-src-symlinks /Users/nataliewhipps/Library/Developer/Xcode/DerivedData/Prompt28-cgmmkisguitsyibyvnemfqvywbnv/Build/Intermediates.noindex/GoogleSignIn.build/Debug-iphonesimulator/GoogleSignIn.build/GoogleSignIn.modulemap /Users/nataliewhipps/Library/Developer/Xcode/DerivedData/Prompt28-cgmmkisguitsyibyvnemfqvywbnv/Build/Intermediates.noindex/GeneratedModuleMaps-iphonesimulator

MkDir /Users/nataliewhipps/Library/Developer/Xcode/DerivedData/Prompt28-cgmmkisguitsyibyvnemfqvywbnv/Build/Products/Debug-iphonesimulator/GTMSessionFetcher_GTMSessionFetcherCore.bundle (in target 'GTMSessionFetcher_GTMSessionFetcherCore' from project 'GTMSessionFetcher')
    cd /Users/nataliewhipps/Library/Developer/Xcode/DerivedData/Prompt28-cgmmkisguitsyibyvnemfqvywbnv/SourcePackages/checkouts/gtm-session-fetcher
    /bin/mkdir -p /Users/nataliewhipps/Library/Developer/Xcode/DerivedData/Prompt28-cgmmkisguitsyibyvnemfqvywbnv/Build/Products/Debug-iphonesimulator/GTMSessionFetcher_GTMSessionFetcherCore.bundle

WriteAuxiliaryFile /Users/nataliewhipps/Library/Developer/Xcode/DerivedData/Prompt28-cgmmkisguitsyibyvnemfqvywbnv/Build/Intermediates.noindex/GTMSessionFetcher.build/Debug-iphonesimulator/GTMSessionFetcherCore.build/GTMSessionFetcherCore.modulemap (in target 'GTMSessionFetcherCore' from project 'GTMSessionFetcher')
    cd /Users/nataliewhipps/Library/Developer/Xcode/DerivedData/Prompt28-cgmmkisguitsyibyvnemfqvywbnv/SourcePackages/checkouts/gtm-session-fetcher
    write-file /Users/nataliewhipps/Library/Developer/Xcode/DerivedData/Prompt28-cgmmkisguitsyibyvnemfqvywbnv/Build/Intermediates.noindex/GTMSessionFetcher.build/Debug-iphonesimulator/GTMSessionFetcherCore.build/GTMSessionFetcherCore.modulemap

WriteAuxiliaryFile /Users/nataliewhipps/Library/Developer/Xcode/DerivedData/Prompt28-cgmmkisguitsyibyvnemfqvywbnv/Build/Intermediates.noindex/GTMSessionFetcher.build/Debug-iphonesimulator/GTMSessionFetcherCore.build/GTMSessionFetcherCore.DependencyStaticMetadataFileList (in target 'GTMSessionFetcherCore' from project 'GTMSessionFetcher')
    cd /Users/nataliewhipps/Library/Developer/Xcode/DerivedData/Prompt28-cgmmkisguitsyibyvnemfqvywbnv/SourcePackages/checkouts/gtm-session-fetcher
    write-file /Users/nataliewhipps/Library/Developer/Xcode/DerivedData/Prompt28-cgmmkisguitsyibyvnemfqvywbnv/Build/Intermediates.noindex/GTMSessionFetcher.build/Debug-iphonesimulator/GTMSessionFetcherCore.build/GTMSessionFetcherCore.DependencyStaticMetadataFileList

WriteAuxiliaryFile /Users/nataliewhipps/Library/Developer/Xcode/DerivedData/Prompt28-cgmmkisguitsyibyvnemfqvywbnv/Build/Intermediates.noindex/GTMSessionFetcher.build/Debug-iphonesimulator/GTMSessionFetcherCore.build/GTMSessionFetcherCore.DependencyMetadataFileList (in target 'GTMSessionFetcherCore' from project 'GTMSessionFetcher')
    cd /Users/nataliewhipps/Library/Developer/Xcode/DerivedData/Prompt28-cgmmkisguitsyibyvnemfqvywbnv/SourcePackages/checkouts/gtm-session-fetcher
    write-file /Users/nataliewhipps/Library/Developer/Xcode/DerivedData/Prompt28-cgmmkisguitsyibyvnemfqvywbnv/Build/Intermediates.noindex/GTMSessionFetcher.build/Debug-iphonesimulator/GTMSessionFetcherCore.build/GTMSessionFetcherCore.DependencyMetadataFileList

WriteAuxiliaryFile /Users/nataliewhipps/Library/Developer/Xcode/DerivedData/Prompt28-cgmmkisguitsyibyvnemfqvywbnv/Build/Intermediates.noindex/GTMSessionFetcher.build/Debug-iphonesimulator/GTMSessionFetcherCore.build/Objects-normal/x86_64/GTMSessionFetcherCore.LinkFileList (in target 'GTMSessionFetcherCore' from project 'GTMSessionFetcher')
    cd /Users/nataliewhipps/Library/Developer/Xcode/DerivedData/Prompt28-cgmmkisguitsyibyvnemfqvywbnv/SourcePackages/checkouts/gtm-session-fetcher
    write-file /Users/nataliewhipps/Library/Developer/Xcode/DerivedData/Prompt28-cgmmkisguitsyibyvnemfqvywbnv/Build/Intermediates.noindex/GTMSessionFetcher.build/Debug-iphonesimulator/GTMSessionFetcherCore.build/Objects-normal/x86_64/GTMSessionFetcherCore.LinkFileList

WriteAuxiliaryFile /Users/nataliewhipps/Library/Developer/Xcode/DerivedData/Prompt28-cgmmkisguitsyibyvnemfqvywbnv/Build/Intermediates.noindex/GTMSessionFetcher.build/Debug-iphonesimulator/GTMSessionFetcherCore.build/Objects-normal/x86_64/e6072d4f65d7061329687fe24e3d63a7-common-args.resp (in target 'GTMSessionFetcherCore' from project 'GTMSessionFetcher')
    cd /Users/nataliewhipps/Library/Developer/Xcode/DerivedData/Prompt28-cgmmkisguitsyibyvnemfqvywbnv/SourcePackages/checkouts/gtm-session-fetcher
    write-file /Users/nataliewhipps/Library/Developer/Xcode/DerivedData/Prompt28-cgmmkisguitsyibyvnemfqvywbnv/Build/Intermediates.noindex/GTMSessionFetcher.build/Debug-iphonesimulator/GTMSessionFetcherCore.build/Objects-normal/x86_64/e6072d4f65d7061329687fe24e3d63a7-common-args.resp
-target x86_64-apple-ios12.0-simulator -fobjc-arc -fmodules -gmodules '-fmodules-cache-path=/Users/nataliewhipps/Library/Developer/Xcode/DerivedData/ModuleCache.noindex' '-fmodule-name=GTMSessionFetcherCore' -fpascal-strings -O0 -DSWIFT_PACKAGE '-DDEBUG=1' '-DOBJC_OLD_DISPATCH_PROTOTYPES=1' -isysroot /Applications/Xcode.app/Contents/Developer/Platforms/iPhoneSimulator.platform/Developer/SDKs/iPhoneSimulator26.2.sdk -fasm-blocks -g '-fobjc-abi-version=2' -fobjc-legacy-dispatch -fprofile-instr-generate -fcoverage-mapping -I/Users/nataliewhipps/Library/Developer/Xcode/DerivedData/Prompt28-cgmmkisguitsyibyvnemfqvywbnv/Build/Products/Debug-iphonesimulator/include -I/Users/nataliewhipps/Library/Developer/Xcode/DerivedData/Prompt28-cgmmkisguitsyibyvnemfqvywbnv/SourcePackages/checkouts/gtm-session-fetcher/Sources/Core/Public -I/Users/nataliewhipps/Library/Developer/Xcode/DerivedData/Prompt28-cgmmkisguitsyibyvnemfqvywbnv/Build/Intermediates.noindex/GTMSessionFetcher.build/Debug-iphonesimulator/GTMSessionFetcherCore.build/DerivedSources-normal/x86_64 -I/Users/nataliewhipps/Library/Developer/Xcode/DerivedData/Prompt28-cgmmkisguitsyibyvnemfqvywbnv/Build/Intermediates.noindex/GTMSessionFetcher.build/Debug-iphonesimulator/GTMSessionFetcherCore.build/DerivedSources/x86_64 -I/Users/nataliewhipps/Library/Developer/Xcode/DerivedData/Prompt28-cgmmkisguitsyibyvnemfqvywbnv/Build/Intermediates.noindex/GTMSessionFetcher.build/Debug-iphonesimulator/GTMSessionFetcherCore.build/DerivedSources -F/Users/nataliewhipps/Library/Developer/Xcode/DerivedData/Prompt28-cgmmkisguitsyibyvnemfqvywbnv/Build/Products/Debug-iphonesimulator -iframework /Applications/Xcode.app/Contents/Developer/Platforms/iPhoneSimulator.platform/Developer/Library/Frameworks -iframework /Applications/Xcode.app/Contents/Developer/Platforms/iPhoneSimulator.platform/Developer/SDKs/iPhoneSimulator26.2.sdk/Developer/Library/Frameworks -DXcode

WriteAuxiliaryFile /Users/nataliewhipps/Library/Developer/Xcode/DerivedData/Prompt28-cgmmkisguitsyibyvnemfqvywbnv/Build/Intermediates.noindex/GTMSessionFetcher.build/Debug-iphonesimulator/GTMSessionFetcherCore.build/DerivedSources/resource_bundle_accessor.h (in target 'GTMSessionFetcherCore' from project 'GTMSessionFetcher')
    cd /Users/nataliewhipps/Library/Developer/Xcode/DerivedData/Prompt28-cgmmkisguitsyibyvnemfqvywbnv/SourcePackages/checkouts/gtm-session-fetcher
    write-file /Users/nataliewhipps/Library/Developer/Xcode/DerivedData/Prompt28-cgmmkisguitsyibyvnemfqvywbnv/Build/Intermediates.noindex/GTMSessionFetcher.build/Debug-iphonesimulator/GTMSessionFetcherCore.build/DerivedSources/resource_bundle_accessor.h

WriteAuxiliaryFile /Users/nataliewhipps/Library/Developer/Xcode/DerivedData/Prompt28-cgmmkisguitsyibyvnemfqvywbnv/Build/Intermediates.noindex/GTMSessionFetcher.build/Debug-iphonesimulator/GTMSessionFetcherCore.build/DerivedSources/resource_bundle_accessor.m (in target 'GTMSessionFetcherCore' from project 'GTMSessionFetcher')
    cd /Users/nataliewhipps/Library/Developer/Xcode/DerivedData/Prompt28-cgmmkisguitsyibyvnemfqvywbnv/SourcePackages/checkouts/gtm-session-fetcher
    write-file /Users/nataliewhipps/Library/Developer/Xcode/DerivedData/Prompt28-cgmmkisguitsyibyvnemfqvywbnv/Build/Intermediates.noindex/GTMSessionFetcher.build/Debug-iphonesimulator/GTMSessionFetcherCore.build/DerivedSources/resource_bundle_accessor.m

WriteAuxiliaryFile /Users/nataliewhipps/Library/Developer/Xcode/DerivedData/Prompt28-cgmmkisguitsyibyvnemfqvywbnv/Build/Intermediates.noindex/GTMAppAuth.build/Debug-iphonesimulator/GTMAppAuth_GTMAppAuth.build/GTMAppAuth_GTMAppAuth.DependencyMetadataFileList (in target 'GTMAppAuth_GTMAppAuth' from project 'GTMAppAuth')
    cd /Users/nataliewhipps/Library/Developer/Xcode/DerivedData/Prompt28-cgmmkisguitsyibyvnemfqvywbnv/SourcePackages/checkouts/GTMAppAuth
    write-file /Users/nataliewhipps/Library/Developer/Xcode/DerivedData/Prompt28-cgmmkisguitsyibyvnemfqvywbnv/Build/Intermediates.noindex/GTMAppAuth.build/Debug-iphonesimulator/GTMAppAuth_GTMAppAuth.build/GTMAppAuth_GTMAppAuth.DependencyMetadataFileList

WriteAuxiliaryFile /Users/nataliewhipps/Library/Developer/Xcode/DerivedData/Prompt28-cgmmkisguitsyibyvnemfqvywbnv/Build/Intermediates.noindex/GTMAppAuth.build/Debug-iphonesimulator/GTMAppAuth_GTMAppAuth.build/empty-GTMAppAuth_GTMAppAuth.plist (in target 'GTMAppAuth_GTMAppAuth' from project 'GTMAppAuth')
    cd /Users/nataliewhipps/Library/Developer/Xcode/DerivedData/Prompt28-cgmmkisguitsyibyvnemfqvywbnv/SourcePackages/checkouts/GTMAppAuth
    write-file /Users/nataliewhipps/Library/Developer/Xcode/DerivedData/Prompt28-cgmmkisguitsyibyvnemfqvywbnv/Build/Intermediates.noindex/GTMAppAuth.build/Debug-iphonesimulator/GTMAppAuth_GTMAppAuth.build/empty-GTMAppAuth_GTMAppAuth.plist

WriteAuxiliaryFile /Users/nataliewhipps/Library/Developer/Xcode/DerivedData/Prompt28-cgmmkisguitsyibyvnemfqvywbnv/Build/Intermediates.noindex/GTMAppAuth.build/Debug-iphonesimulator/GTMAppAuth_GTMAppAuth.build/GTMAppAuth_GTMAppAuth.DependencyStaticMetadataFileList (in target 'GTMAppAuth_GTMAppAuth' from project 'GTMAppAuth')
    cd /Users/nataliewhipps/Library/Developer/Xcode/DerivedData/Prompt28-cgmmkisguitsyibyvnemfqvywbnv/SourcePackages/checkouts/GTMAppAuth
    write-file /Users/nataliewhipps/Library/Developer/Xcode/DerivedData/Prompt28-cgmmkisguitsyibyvnemfqvywbnv/Build/Intermediates.noindex/GTMAppAuth.build/Debug-iphonesimulator/GTMAppAuth_GTMAppAuth.build/GTMAppAuth_GTMAppAuth.DependencyStaticMetadataFileList

Copy /Users/nataliewhipps/Library/Developer/Xcode/DerivedData/Prompt28-cgmmkisguitsyibyvnemfqvywbnv/Build/Intermediates.noindex/GeneratedModuleMaps-iphonesimulator/GTMSessionFetcherCore.modulemap /Users/nataliewhipps/Library/Developer/Xcode/DerivedData/Prompt28-cgmmkisguitsyibyvnemfqvywbnv/Build/Intermediates.noindex/GTMSessionFetcher.build/Debug-iphonesimulator/GTMSessionFetcherCore.build/GTMSessionFetcherCore.modulemap (in target 'GTMSessionFetcherCore' from project 'GTMSessionFetcher')
    cd /Users/nataliewhipps/Library/Developer/Xcode/DerivedData/Prompt28-cgmmkisguitsyibyvnemfqvywbnv/SourcePackages/checkouts/gtm-session-fetcher
    builtin-copy -exclude .DS_Store -exclude CVS -exclude .svn -exclude .git -exclude .hg -resolve-src-symlinks /Users/nataliewhipps/Library/Developer/Xcode/DerivedData/Prompt28-cgmmkisguitsyibyvnemfqvywbnv/Build/Intermediates.noindex/GTMSessionFetcher.build/Debug-iphonesimulator/GTMSessionFetcherCore.build/GTMSessionFetcherCore.modulemap /Users/nataliewhipps/Library/Developer/Xcode/DerivedData/Prompt28-cgmmkisguitsyibyvnemfqvywbnv/Build/Intermediates.noindex/GeneratedModuleMaps-iphonesimulator

WriteAuxiliaryFile /Users/nataliewhipps/Library/Developer/Xcode/DerivedData/Prompt28-cgmmkisguitsyibyvnemfqvywbnv/Build/Intermediates.noindex/GTMAppAuth.build/Debug-iphonesimulator/GTMAppAuth.build/Objects-normal/x86_64/GTMAppAuth_const_extract_protocols.json (in target 'GTMAppAuth' from project 'GTMAppAuth')
    cd /Users/nataliewhipps/Library/Developer/Xcode/DerivedData/Prompt28-cgmmkisguitsyibyvnemfqvywbnv/SourcePackages/checkouts/GTMAppAuth
    write-file /Users/nataliewhipps/Library/Developer/Xcode/DerivedData/Prompt28-cgmmkisguitsyibyvnemfqvywbnv/Build/Intermediates.noindex/GTMAppAuth.build/Debug-iphonesimulator/GTMAppAuth.build/Objects-normal/x86_64/GTMAppAuth_const_extract_protocols.json

WriteAuxiliaryFile /Users/nataliewhipps/Library/Developer/Xcode/DerivedData/Prompt28-cgmmkisguitsyibyvnemfqvywbnv/Build/Intermediates.noindex/GTMAppAuth.build/Debug-iphonesimulator/GTMAppAuth.build/Objects-normal/x86_64/GTMAppAuth.SwiftFileList (in target 'GTMAppAuth' from project 'GTMAppAuth')
    cd /Users/nataliewhipps/Library/Developer/Xcode/DerivedData/Prompt28-cgmmkisguitsyibyvnemfqvywbnv/SourcePackages/checkouts/GTMAppAuth
    write-file /Users/nataliewhipps/Library/Developer/Xcode/DerivedData/Prompt28-cgmmkisguitsyibyvnemfqvywbnv/Build/Intermediates.noindex/GTMAppAuth.build/Debug-iphonesimulator/GTMAppAuth.build/Objects-normal/x86_64/GTMAppAuth.SwiftFileList

WriteAuxiliaryFile /Users/nataliewhipps/Library/Developer/Xcode/DerivedData/Prompt28-cgmmkisguitsyibyvnemfqvywbnv/Build/Intermediates.noindex/GTMAppAuth.build/Debug-iphonesimulator/GTMAppAuth.build/Objects-normal/x86_64/GTMAppAuth.SwiftConstValuesFileList (in target 'GTMAppAuth' from project 'GTMAppAuth')
    cd /Users/nataliewhipps/Library/Developer/Xcode/DerivedData/Prompt28-cgmmkisguitsyibyvnemfqvywbnv/SourcePackages/checkouts/GTMAppAuth
    write-file /Users/nataliewhipps/Library/Developer/Xcode/DerivedData/Prompt28-cgmmkisguitsyibyvnemfqvywbnv/Build/Intermediates.noindex/GTMAppAuth.build/Debug-iphonesimulator/GTMAppAuth.build/Objects-normal/x86_64/GTMAppAuth.SwiftConstValuesFileList

WriteAuxiliaryFile /Users/nataliewhipps/Library/Developer/Xcode/DerivedData/Prompt28-cgmmkisguitsyibyvnemfqvywbnv/Build/Intermediates.noindex/GTMAppAuth.build/Debug-iphonesimulator/GTMAppAuth.build/Objects-normal/x86_64/GTMAppAuth.LinkFileList (in target 'GTMAppAuth' from project 'GTMAppAuth')
    cd /Users/nataliewhipps/Library/Developer/Xcode/DerivedData/Prompt28-cgmmkisguitsyibyvnemfqvywbnv/SourcePackages/checkouts/GTMAppAuth
    write-file /Users/nataliewhipps/Library/Developer/Xcode/DerivedData/Prompt28-cgmmkisguitsyibyvnemfqvywbnv/Build/Intermediates.noindex/GTMAppAuth.build/Debug-iphonesimulator/GTMAppAuth.build/Objects-normal/x86_64/GTMAppAuth.LinkFileList

WriteAuxiliaryFile /Users/nataliewhipps/Library/Developer/Xcode/DerivedData/Prompt28-cgmmkisguitsyibyvnemfqvywbnv/Build/Intermediates.noindex/GTMAppAuth.build/Debug-iphonesimulator/GTMAppAuth.build/Objects-normal/x86_64/GTMAppAuth-OutputFileMap.json (in target 'GTMAppAuth' from project 'GTMAppAuth')
    cd /Users/nataliewhipps/Library/Developer/Xcode/DerivedData/Prompt28-cgmmkisguitsyibyvnemfqvywbnv/SourcePackages/checkouts/GTMAppAuth
    write-file /Users/nataliewhipps/Library/Developer/Xcode/DerivedData/Prompt28-cgmmkisguitsyibyvnemfqvywbnv/Build/Intermediates.noindex/GTMAppAuth.build/Debug-iphonesimulator/GTMAppAuth.build/Objects-normal/x86_64/GTMAppAuth-OutputFileMap.json

WriteAuxiliaryFile /Users/nataliewhipps/Library/Developer/Xcode/DerivedData/Prompt28-cgmmkisguitsyibyvnemfqvywbnv/Build/Intermediates.noindex/GTMAppAuth.build/Debug-iphonesimulator/GTMAppAuth.build/GTMAppAuth.modulemap (in target 'GTMAppAuth' from project 'GTMAppAuth')
    cd /Users/nataliewhipps/Library/Developer/Xcode/DerivedData/Prompt28-cgmmkisguitsyibyvnemfqvywbnv/SourcePackages/checkouts/GTMAppAuth
    write-file /Users/nataliewhipps/Library/Developer/Xcode/DerivedData/Prompt28-cgmmkisguitsyibyvnemfqvywbnv/Build/Intermediates.noindex/GTMAppAuth.build/Debug-iphonesimulator/GTMAppAuth.build/GTMAppAuth.modulemap

WriteAuxiliaryFile /Users/nataliewhipps/Library/Developer/Xcode/DerivedData/Prompt28-cgmmkisguitsyibyvnemfqvywbnv/Build/Intermediates.noindex/GTMAppAuth.build/Debug-iphonesimulator/GTMAppAuth.build/GTMAppAuth.DependencyStaticMetadataFileList (in target 'GTMAppAuth' from project 'GTMAppAuth')
    cd /Users/nataliewhipps/Library/Developer/Xcode/DerivedData/Prompt28-cgmmkisguitsyibyvnemfqvywbnv/SourcePackages/checkouts/GTMAppAuth
    write-file /Users/nataliewhipps/Library/Developer/Xcode/DerivedData/Prompt28-cgmmkisguitsyibyvnemfqvywbnv/Build/Intermediates.noindex/GTMAppAuth.build/Debug-iphonesimulator/GTMAppAuth.build/GTMAppAuth.DependencyStaticMetadataFileList

WriteAuxiliaryFile /Users/nataliewhipps/Library/Developer/Xcode/DerivedData/Prompt28-cgmmkisguitsyibyvnemfqvywbnv/Build/Intermediates.noindex/GTMAppAuth.build/Debug-iphonesimulator/GTMAppAuth.build/GTMAppAuth.DependencyMetadataFileList (in target 'GTMAppAuth' from project 'GTMAppAuth')
    cd /Users/nataliewhipps/Library/Developer/Xcode/DerivedData/Prompt28-cgmmkisguitsyibyvnemfqvywbnv/SourcePackages/checkouts/GTMAppAuth
    write-file /Users/nataliewhipps/Library/Developer/Xcode/DerivedData/Prompt28-cgmmkisguitsyibyvnemfqvywbnv/Build/Intermediates.noindex/GTMAppAuth.build/Debug-iphonesimulator/GTMAppAuth.build/GTMAppAuth.DependencyMetadataFileList

WriteAuxiliaryFile /Users/nataliewhipps/Library/Developer/Xcode/DerivedData/Prompt28-cgmmkisguitsyibyvnemfqvywbnv/Build/Intermediates.noindex/GTMAppAuth.build/Debug-iphonesimulator/GTMAppAuth.build/DerivedSources/resource_bundle_accessor.swift (in target 'GTMAppAuth' from project 'GTMAppAuth')
    cd /Users/nataliewhipps/Library/Developer/Xcode/DerivedData/Prompt28-cgmmkisguitsyibyvnemfqvywbnv/SourcePackages/checkouts/GTMAppAuth
    write-file /Users/nataliewhipps/Library/Developer/Xcode/DerivedData/Prompt28-cgmmkisguitsyibyvnemfqvywbnv/Build/Intermediates.noindex/GTMAppAuth.build/Debug-iphonesimulator/GTMAppAuth.build/DerivedSources/resource_bundle_accessor.swift

WriteAuxiliaryFile /Users/nataliewhipps/Library/Developer/Xcode/DerivedData/Prompt28-cgmmkisguitsyibyvnemfqvywbnv/Build/Intermediates.noindex/Promises.build/Debug-iphonesimulator/FBLPromises.build/Objects-normal/x86_64/e6072d4f65d7061329687fe24e3d63a7-common-args.resp (in target 'FBLPromises' from project 'Promises')
    cd /Users/nataliewhipps/Library/Developer/Xcode/DerivedData/Prompt28-cgmmkisguitsyibyvnemfqvywbnv/SourcePackages/checkouts/promises
    write-file /Users/nataliewhipps/Library/Developer/Xcode/DerivedData/Prompt28-cgmmkisguitsyibyvnemfqvywbnv/Build/Intermediates.noindex/Promises.build/Debug-iphonesimulator/FBLPromises.build/Objects-normal/x86_64/e6072d4f65d7061329687fe24e3d63a7-common-args.resp
-target x86_64-apple-ios12.0-simulator -fobjc-arc -fmodules -gmodules '-fmodules-cache-path=/Users/nataliewhipps/Library/Developer/Xcode/DerivedData/ModuleCache.noindex' '-fmodule-name=FBLPromises' -fpascal-strings -O0 -DSWIFT_PACKAGE '-DDEBUG=1' '-DOBJC_OLD_DISPATCH_PROTOTYPES=1' -isysroot /Applications/Xcode.app/Contents/Developer/Platforms/iPhoneSimulator.platform/Developer/SDKs/iPhoneSimulator26.2.sdk -fasm-blocks -g '-fobjc-abi-version=2' -fobjc-legacy-dispatch -fprofile-instr-generate -fcoverage-mapping -I/Users/nataliewhipps/Library/Developer/Xcode/DerivedData/Prompt28-cgmmkisguitsyibyvnemfqvywbnv/Build/Products/Debug-iphonesimulator/include -I/Users/nataliewhipps/Library/Developer/Xcode/DerivedData/Prompt28-cgmmkisguitsyibyvnemfqvywbnv/SourcePackages/checkouts/promises/Sources/FBLPromises/include -I/Users/nataliewhipps/Library/Developer/Xcode/DerivedData/Prompt28-cgmmkisguitsyibyvnemfqvywbnv/Build/Intermediates.noindex/Promises.build/Debug-iphonesimulator/FBLPromises.build/DerivedSources-normal/x86_64 -I/Users/nataliewhipps/Library/Developer/Xcode/DerivedData/Prompt28-cgmmkisguitsyibyvnemfqvywbnv/Build/Intermediates.noindex/Promises.build/Debug-iphonesimulator/FBLPromises.build/DerivedSources/x86_64 -I/Users/nataliewhipps/Library/Developer/Xcode/DerivedData/Prompt28-cgmmkisguitsyibyvnemfqvywbnv/Build/Intermediates.noindex/Promises.build/Debug-iphonesimulator/FBLPromises.build/DerivedSources -F/Users/nataliewhipps/Library/Developer/Xcode/DerivedData/Prompt28-cgmmkisguitsyibyvnemfqvywbnv/Build/Products/Debug-iphonesimulator -iframework /Applications/Xcode.app/Contents/Developer/Platforms/iPhoneSimulator.platform/Developer/Library/Frameworks -iframework /Applications/Xcode.app/Contents/Developer/Platforms/iPhoneSimulator.platform/Developer/SDKs/iPhoneSimulator26.2.sdk/Developer/Library/Frameworks -DXcode

WriteAuxiliaryFile /Users/nataliewhipps/Library/Developer/Xcode/DerivedData/Prompt28-cgmmkisguitsyibyvnemfqvywbnv/Build/Intermediates.noindex/Promises.build/Debug-iphonesimulator/FBLPromises.build/Objects-normal/x86_64/FBLPromises.LinkFileList (in target 'FBLPromises' from project 'Promises')
    cd /Users/nataliewhipps/Library/Developer/Xcode/DerivedData/Prompt28-cgmmkisguitsyibyvnemfqvywbnv/SourcePackages/checkouts/promises
    write-file /Users/nataliewhipps/Library/Developer/Xcode/DerivedData/Prompt28-cgmmkisguitsyibyvnemfqvywbnv/Build/Intermediates.noindex/Promises.build/Debug-iphonesimulator/FBLPromises.build/Objects-normal/x86_64/FBLPromises.LinkFileList

WriteAuxiliaryFile /Users/nataliewhipps/Library/Developer/Xcode/DerivedData/Prompt28-cgmmkisguitsyibyvnemfqvywbnv/Build/Intermediates.noindex/Promises.build/Debug-iphonesimulator/FBLPromises.build/FBLPromises.DependencyStaticMetadataFileList (in target 'FBLPromises' from project 'Promises')
    cd /Users/nataliewhipps/Library/Developer/Xcode/DerivedData/Prompt28-cgmmkisguitsyibyvnemfqvywbnv/SourcePackages/checkouts/promises
    write-file /Users/nataliewhipps/Library/Developer/Xcode/DerivedData/Prompt28-cgmmkisguitsyibyvnemfqvywbnv/Build/Intermediates.noindex/Promises.build/Debug-iphonesimulator/FBLPromises.build/FBLPromises.DependencyStaticMetadataFileList

WriteAuxiliaryFile /Users/nataliewhipps/Library/Developer/Xcode/DerivedData/Prompt28-cgmmkisguitsyibyvnemfqvywbnv/Build/Intermediates.noindex/Promises.build/Debug-iphonesimulator/FBLPromises.build/FBLPromises.DependencyMetadataFileList (in target 'FBLPromises' from project 'Promises')
    cd /Users/nataliewhipps/Library/Developer/Xcode/DerivedData/Prompt28-cgmmkisguitsyibyvnemfqvywbnv/SourcePackages/checkouts/promises
    write-file /Users/nataliewhipps/Library/Developer/Xcode/DerivedData/Prompt28-cgmmkisguitsyibyvnemfqvywbnv/Build/Intermediates.noindex/Promises.build/Debug-iphonesimulator/FBLPromises.build/FBLPromises.DependencyMetadataFileList

WriteAuxiliaryFile /Users/nataliewhipps/Library/Developer/Xcode/DerivedData/Prompt28-cgmmkisguitsyibyvnemfqvywbnv/Build/Intermediates.noindex/Promises.build/Debug-iphonesimulator/FBLPromises.build/DerivedSources/resource_bundle_accessor.m (in target 'FBLPromises' from project 'Promises')
    cd /Users/nataliewhipps/Library/Developer/Xcode/DerivedData/Prompt28-cgmmkisguitsyibyvnemfqvywbnv/SourcePackages/checkouts/promises
    write-file /Users/nataliewhipps/Library/Developer/Xcode/DerivedData/Prompt28-cgmmkisguitsyibyvnemfqvywbnv/Build/Intermediates.noindex/Promises.build/Debug-iphonesimulator/FBLPromises.build/DerivedSources/resource_bundle_accessor.m

WriteAuxiliaryFile /Users/nataliewhipps/Library/Developer/Xcode/DerivedData/Prompt28-cgmmkisguitsyibyvnemfqvywbnv/Build/Intermediates.noindex/Promises.build/Debug-iphonesimulator/FBLPromises.build/DerivedSources/resource_bundle_accessor.h (in target 'FBLPromises' from project 'Promises')
    cd /Users/nataliewhipps/Library/Developer/Xcode/DerivedData/Prompt28-cgmmkisguitsyibyvnemfqvywbnv/SourcePackages/checkouts/promises
    write-file /Users/nataliewhipps/Library/Developer/Xcode/DerivedData/Prompt28-cgmmkisguitsyibyvnemfqvywbnv/Build/Intermediates.noindex/Promises.build/Debug-iphonesimulator/FBLPromises.build/DerivedSources/resource_bundle_accessor.h

Copy /Users/nataliewhipps/Library/Developer/Xcode/DerivedData/Prompt28-cgmmkisguitsyibyvnemfqvywbnv/Build/Intermediates.noindex/GeneratedModuleMaps-iphonesimulator/GTMAppAuth.modulemap /Users/nataliewhipps/Library/Developer/Xcode/DerivedData/Prompt28-cgmmkisguitsyibyvnemfqvywbnv/Build/Intermediates.noindex/GTMAppAuth.build/Debug-iphonesimulator/GTMAppAuth.build/GTMAppAuth.modulemap (in target 'GTMAppAuth' from project 'GTMAppAuth')
    cd /Users/nataliewhipps/Library/Developer/Xcode/DerivedData/Prompt28-cgmmkisguitsyibyvnemfqvywbnv/SourcePackages/checkouts/GTMAppAuth
    builtin-copy -exclude .DS_Store -exclude CVS -exclude .svn -exclude .git -exclude .hg -resolve-src-symlinks /Users/nataliewhipps/Library/Developer/Xcode/DerivedData/Prompt28-cgmmkisguitsyibyvnemfqvywbnv/Build/Intermediates.noindex/GTMAppAuth.build/Debug-iphonesimulator/GTMAppAuth.build/GTMAppAuth.modulemap /Users/nataliewhipps/Library/Developer/Xcode/DerivedData/Prompt28-cgmmkisguitsyibyvnemfqvywbnv/Build/Intermediates.noindex/GeneratedModuleMaps-iphonesimulator

WriteAuxiliaryFile /Users/nataliewhipps/Library/Developer/Xcode/DerivedData/Prompt28-cgmmkisguitsyibyvnemfqvywbnv/Build/Intermediates.noindex/AppCheck.build/Debug-iphonesimulator/AppCheckCore.build/AppCheckCore.DependencyStaticMetadataFileList (in target 'AppCheckCore' from project 'AppCheck')
    cd /Users/nataliewhipps/Library/Developer/Xcode/DerivedData/Prompt28-cgmmkisguitsyibyvnemfqvywbnv/SourcePackages/checkouts/app-check
    write-file /Users/nataliewhipps/Library/Developer/Xcode/DerivedData/Prompt28-cgmmkisguitsyibyvnemfqvywbnv/Build/Intermediates.noindex/AppCheck.build/Debug-iphonesimulator/AppCheckCore.build/AppCheckCore.DependencyStaticMetadataFileList

WriteAuxiliaryFile /Users/nataliewhipps/Library/Developer/Xcode/DerivedData/Prompt28-cgmmkisguitsyibyvnemfqvywbnv/Build/Intermediates.noindex/AppCheck.build/Debug-iphonesimulator/AppCheckCore.build/AppCheckCore.modulemap (in target 'AppCheckCore' from project 'AppCheck')
    cd /Users/nataliewhipps/Library/Developer/Xcode/DerivedData/Prompt28-cgmmkisguitsyibyvnemfqvywbnv/SourcePackages/checkouts/app-check
    write-file /Users/nataliewhipps/Library/Developer/Xcode/DerivedData/Prompt28-cgmmkisguitsyibyvnemfqvywbnv/Build/Intermediates.noindex/AppCheck.build/Debug-iphonesimulator/AppCheckCore.build/AppCheckCore.modulemap

WriteAuxiliaryFile /Users/nataliewhipps/Library/Developer/Xcode/DerivedData/Prompt28-cgmmkisguitsyibyvnemfqvywbnv/Build/Intermediates.noindex/AppCheck.build/Debug-iphonesimulator/AppCheckCore.build/AppCheckCore.DependencyMetadataFileList (in target 'AppCheckCore' from project 'AppCheck')
    cd /Users/nataliewhipps/Library/Developer/Xcode/DerivedData/Prompt28-cgmmkisguitsyibyvnemfqvywbnv/SourcePackages/checkouts/app-check
    write-file /Users/nataliewhipps/Library/Developer/Xcode/DerivedData/Prompt28-cgmmkisguitsyibyvnemfqvywbnv/Build/Intermediates.noindex/AppCheck.build/Debug-iphonesimulator/AppCheckCore.build/AppCheckCore.DependencyMetadataFileList

WriteAuxiliaryFile /Users/nataliewhipps/Library/Developer/Xcode/DerivedData/Prompt28-cgmmkisguitsyibyvnemfqvywbnv/Build/Intermediates.noindex/AppCheck.build/Debug-iphonesimulator/AppCheckCore.build/Objects-normal/x86_64/e6072d4f65d7061329687fe24e3d63a7-common-args.resp (in target 'AppCheckCore' from project 'AppCheck')
    cd /Users/nataliewhipps/Library/Developer/Xcode/DerivedData/Prompt28-cgmmkisguitsyibyvnemfqvywbnv/SourcePackages/checkouts/app-check
    write-file /Users/nataliewhipps/Library/Developer/Xcode/DerivedData/Prompt28-cgmmkisguitsyibyvnemfqvywbnv/Build/Intermediates.noindex/AppCheck.build/Debug-iphonesimulator/AppCheckCore.build/Objects-normal/x86_64/e6072d4f65d7061329687fe24e3d63a7-common-args.resp
-target x86_64-apple-ios12.0-simulator -fobjc-arc -fmodules -gmodules '-fmodules-cache-path=/Users/nataliewhipps/Library/Developer/Xcode/DerivedData/ModuleCache.noindex' '-fmodule-name=AppCheckCore' -fpascal-strings -O0 -DSWIFT_PACKAGE '-DDEBUG=1' '-DOBJC_OLD_DISPATCH_PROTOTYPES=1' -isysroot /Applications/Xcode.app/Contents/Developer/Platforms/iPhoneSimulator.platform/Developer/SDKs/iPhoneSimulator26.2.sdk -fasm-blocks -g '-fobjc-abi-version=2' -fobjc-legacy-dispatch -fprofile-instr-generate -fcoverage-mapping -I/Users/nataliewhipps/Library/Developer/Xcode/DerivedData/Prompt28-cgmmkisguitsyibyvnemfqvywbnv/SourcePackages/checkouts/promises/Sources/FBLPromises/include -I/Users/nataliewhipps/Library/Developer/Xcode/DerivedData/Prompt28-cgmmkisguitsyibyvnemfqvywbnv/SourcePackages/checkouts/GoogleUtilities/GoogleUtilities/Logger/Public -I/Users/nataliewhipps/Library/Developer/Xcode/DerivedData/Prompt28-cgmmkisguitsyibyvnemfqvywbnv/SourcePackages/checkouts/GoogleUtilities/GoogleUtilities/Environment/Public -I/Users/nataliewhipps/Library/Developer/Xcode/DerivedData/Prompt28-cgmmkisguitsyibyvnemfqvywbnv/SourcePackages/checkouts/GoogleUtilities/third_party/IsAppEncrypted/Public -I/Users/nataliewhipps/Library/Developer/Xcode/DerivedData/Prompt28-cgmmkisguitsyibyvnemfqvywbnv/SourcePackages/checkouts/GoogleUtilities/GoogleUtilities/UserDefaults/Public -I/Users/nataliewhipps/Library/Developer/Xcode/DerivedData/Prompt28-cgmmkisguitsyibyvnemfqvywbnv/Build/Products/Debug-iphonesimulator/include -I/Users/nataliewhipps/Library/Developer/Xcode/DerivedData/Prompt28-cgmmkisguitsyibyvnemfqvywbnv/SourcePackages/checkouts/app-check/AppCheckCore/Sources/Public -I/Users/nataliewhipps/Library/Developer/Xcode/DerivedData/Prompt28-cgmmkisguitsyibyvnemfqvywbnv/SourcePackages/checkouts/app-check -I/Users/nataliewhipps/Library/Developer/Xcode/DerivedData/Prompt28-cgmmkisguitsyibyvnemfqvywbnv/Build/Intermediates.noindex/AppCheck.build/Debug-iphonesimulator/AppCheckCore.build/DerivedSources-normal/x86_64 -I/Users/nataliewhipps/Library/Developer/Xcode/DerivedData/Prompt28-cgmmkisguitsyibyvnemfqvywbnv/Build/Intermediates.noindex/AppCheck.build/Debug-iphonesimulator/AppCheckCore.build/DerivedSources/x86_64 -I/Users/nataliewhipps/Library/Developer/Xcode/DerivedData/Prompt28-cgmmkisguitsyibyvnemfqvywbnv/Build/Intermediates.noindex/AppCheck.build/Debug-iphonesimulator/AppCheckCore.build/DerivedSources -F/Users/nataliewhipps/Library/Developer/Xcode/DerivedData/Prompt28-cgmmkisguitsyibyvnemfqvywbnv/Build/Products/Debug-iphonesimulator/PackageFrameworks -F/Users/nataliewhipps/Library/Developer/Xcode/DerivedData/Prompt28-cgmmkisguitsyibyvnemfqvywbnv/Build/Products/Debug-iphonesimulator/PackageFrameworks -F/Users/nataliewhipps/Library/Developer/Xcode/DerivedData/Prompt28-cgmmkisguitsyibyvnemfqvywbnv/Build/Products/Debug-iphonesimulator/PackageFrameworks -F/Users/nataliewhipps/Library/Developer/Xcode/DerivedData/Prompt28-cgmmkisguitsyibyvnemfqvywbnv/Build/Products/Debug-iphonesimulator/PackageFrameworks -F/Users/nataliewhipps/Library/Developer/Xcode/DerivedData/Prompt28-cgmmkisguitsyibyvnemfqvywbnv/Build/Products/Debug-iphonesimulator/PackageFrameworks -F/Users/nataliewhipps/Library/Developer/Xcode/DerivedData/Prompt28-cgmmkisguitsyibyvnemfqvywbnv/Build/Products/Debug-iphonesimulator -iframework /Applications/Xcode.app/Contents/Developer/Platforms/iPhoneSimulator.platform/Developer/Library/Frameworks -iframework /Applications/Xcode.app/Contents/Developer/Platforms/iPhoneSimulator.platform/Developer/SDKs/iPhoneSimulator26.2.sdk/Developer/Library/Frameworks '-fmodule-map-file=/Users/nataliewhipps/Library/Developer/Xcode/DerivedData/Prompt28-cgmmkisguitsyibyvnemfqvywbnv/Build/Intermediates.noindex/GeneratedModuleMaps-iphonesimulator/GoogleUtilities-Logger.modulemap' '-fmodule-map-file=/Users/nataliewhipps/Library/Developer/Xcode/DerivedData/Prompt28-cgmmkisguitsyibyvnemfqvywbnv/Build/Intermediates.noindex/GeneratedModuleMaps-iphonesimulator/GoogleUtilities-Environment.modulemap' '-fmodule-map-file=/Users/nataliewhipps/Library/Developer/Xcode/DerivedData/Prompt28-cgmmkisguitsyibyvnemfqvywbnv/Build/Intermediates.noindex/GeneratedModuleMaps-iphonesimulator/third-party-IsAppEncrypted.modulemap' '-fmodule-map-file=/Users/nataliewhipps/Library/Developer/Xcode/DerivedData/Prompt28-cgmmkisguitsyibyvnemfqvywbnv/Build/Intermediates.noindex/GeneratedModuleMaps-iphonesimulator/GoogleUtilities-UserDefaults.modulemap' -DXcode

WriteAuxiliaryFile /Users/nataliewhipps/Library/Developer/Xcode/DerivedData/Prompt28-cgmmkisguitsyibyvnemfqvywbnv/Build/Intermediates.noindex/AppCheck.build/Debug-iphonesimulator/AppCheckCore.build/Objects-normal/x86_64/AppCheckCore.LinkFileList (in target 'AppCheckCore' from project 'AppCheck')
    cd /Users/nataliewhipps/Library/Developer/Xcode/DerivedData/Prompt28-cgmmkisguitsyibyvnemfqvywbnv/SourcePackages/checkouts/app-check
    write-file /Users/nataliewhipps/Library/Developer/Xcode/DerivedData/Prompt28-cgmmkisguitsyibyvnemfqvywbnv/Build/Intermediates.noindex/AppCheck.build/Debug-iphonesimulator/AppCheckCore.build/Objects-normal/x86_64/AppCheckCore.LinkFileList

Copy /Users/nataliewhipps/Library/Developer/Xcode/DerivedData/Prompt28-cgmmkisguitsyibyvnemfqvywbnv/Build/Intermediates.noindex/GeneratedModuleMaps-iphonesimulator/AppCheckCore.modulemap /Users/nataliewhipps/Library/Developer/Xcode/DerivedData/Prompt28-cgmmkisguitsyibyvnemfqvywbnv/Build/Intermediates.noindex/AppCheck.build/Debug-iphonesimulator/AppCheckCore.build/AppCheckCore.modulemap (in target 'AppCheckCore' from project 'AppCheck')
    cd /Users/nataliewhipps/Library/Developer/Xcode/DerivedData/Prompt28-cgmmkisguitsyibyvnemfqvywbnv/SourcePackages/checkouts/app-check
    builtin-copy -exclude .DS_Store -exclude CVS -exclude .svn -exclude .git -exclude .hg -resolve-src-symlinks /Users/nataliewhipps/Library/Developer/Xcode/DerivedData/Prompt28-cgmmkisguitsyibyvnemfqvywbnv/Build/Intermediates.noindex/AppCheck.build/Debug-iphonesimulator/AppCheckCore.build/AppCheckCore.modulemap /Users/nataliewhipps/Library/Developer/Xcode/DerivedData/Prompt28-cgmmkisguitsyibyvnemfqvywbnv/Build/Intermediates.noindex/GeneratedModuleMaps-iphonesimulator

MkDir /Users/nataliewhipps/Library/Developer/Xcode/DerivedData/Prompt28-cgmmkisguitsyibyvnemfqvywbnv/Build/Products/Debug-iphonesimulator/GTMAppAuth_GTMAppAuth.bundle (in target 'GTMAppAuth_GTMAppAuth' from project 'GTMAppAuth')
    cd /Users/nataliewhipps/Library/Developer/Xcode/DerivedData/Prompt28-cgmmkisguitsyibyvnemfqvywbnv/SourcePackages/checkouts/GTMAppAuth
    /bin/mkdir -p /Users/nataliewhipps/Library/Developer/Xcode/DerivedData/Prompt28-cgmmkisguitsyibyvnemfqvywbnv/Build/Products/Debug-iphonesimulator/GTMAppAuth_GTMAppAuth.bundle

WriteAuxiliaryFile /Users/nataliewhipps/Library/Developer/Xcode/DerivedData/Prompt28-cgmmkisguitsyibyvnemfqvywbnv/Build/Intermediates.noindex/AppAuth.build/Debug-iphonesimulator/AppAuth_AppAuthCore.build/AppAuth_AppAuthCore.DependencyMetadataFileList (in target 'AppAuth_AppAuthCore' from project 'AppAuth')
    cd /Users/nataliewhipps/Library/Developer/Xcode/DerivedData/Prompt28-cgmmkisguitsyibyvnemfqvywbnv/SourcePackages/checkouts/AppAuth-iOS
    write-file /Users/nataliewhipps/Library/Developer/Xcode/DerivedData/Prompt28-cgmmkisguitsyibyvnemfqvywbnv/Build/Intermediates.noindex/AppAuth.build/Debug-iphonesimulator/AppAuth_AppAuthCore.build/AppAuth_AppAuthCore.DependencyMetadataFileList

WriteAuxiliaryFile /Users/nataliewhipps/Library/Developer/Xcode/DerivedData/Prompt28-cgmmkisguitsyibyvnemfqvywbnv/Build/Intermediates.noindex/AppAuth.build/Debug-iphonesimulator/AppAuth_AppAuthCore.build/empty-AppAuth_AppAuthCore.plist (in target 'AppAuth_AppAuthCore' from project 'AppAuth')
    cd /Users/nataliewhipps/Library/Developer/Xcode/DerivedData/Prompt28-cgmmkisguitsyibyvnemfqvywbnv/SourcePackages/checkouts/AppAuth-iOS
    write-file /Users/nataliewhipps/Library/Developer/Xcode/DerivedData/Prompt28-cgmmkisguitsyibyvnemfqvywbnv/Build/Intermediates.noindex/AppAuth.build/Debug-iphonesimulator/AppAuth_AppAuthCore.build/empty-AppAuth_AppAuthCore.plist

WriteAuxiliaryFile /Users/nataliewhipps/Library/Developer/Xcode/DerivedData/Prompt28-cgmmkisguitsyibyvnemfqvywbnv/Build/Intermediates.noindex/AppAuth.build/Debug-iphonesimulator/AppAuth_AppAuthCore.build/AppAuth_AppAuthCore.DependencyStaticMetadataFileList (in target 'AppAuth_AppAuthCore' from project 'AppAuth')
    cd /Users/nataliewhipps/Library/Developer/Xcode/DerivedData/Prompt28-cgmmkisguitsyibyvnemfqvywbnv/SourcePackages/checkouts/AppAuth-iOS
    write-file /Users/nataliewhipps/Library/Developer/Xcode/DerivedData/Prompt28-cgmmkisguitsyibyvnemfqvywbnv/Build/Intermediates.noindex/AppAuth.build/Debug-iphonesimulator/AppAuth_AppAuthCore.build/AppAuth_AppAuthCore.DependencyStaticMetadataFileList

WriteAuxiliaryFile /Users/nataliewhipps/Library/Developer/Xcode/DerivedData/Prompt28-cgmmkisguitsyibyvnemfqvywbnv/Build/Intermediates.noindex/AppAuth.build/Debug-iphonesimulator/AppAuth_AppAuth.build/empty-AppAuth_AppAuth.plist (in target 'AppAuth_AppAuth' from project 'AppAuth')
    cd /Users/nataliewhipps/Library/Developer/Xcode/DerivedData/Prompt28-cgmmkisguitsyibyvnemfqvywbnv/SourcePackages/checkouts/AppAuth-iOS
    write-file /Users/nataliewhipps/Library/Developer/Xcode/DerivedData/Prompt28-cgmmkisguitsyibyvnemfqvywbnv/Build/Intermediates.noindex/AppAuth.build/Debug-iphonesimulator/AppAuth_AppAuth.build/empty-AppAuth_AppAuth.plist

WriteAuxiliaryFile /Users/nataliewhipps/Library/Developer/Xcode/DerivedData/Prompt28-cgmmkisguitsyibyvnemfqvywbnv/Build/Intermediates.noindex/AppAuth.build/Debug-iphonesimulator/AppAuth_AppAuth.build/AppAuth_AppAuth.DependencyStaticMetadataFileList (in target 'AppAuth_AppAuth' from project 'AppAuth')
    cd /Users/nataliewhipps/Library/Developer/Xcode/DerivedData/Prompt28-cgmmkisguitsyibyvnemfqvywbnv/SourcePackages/checkouts/AppAuth-iOS
    write-file /Users/nataliewhipps/Library/Developer/Xcode/DerivedData/Prompt28-cgmmkisguitsyibyvnemfqvywbnv/Build/Intermediates.noindex/AppAuth.build/Debug-iphonesimulator/AppAuth_AppAuth.build/AppAuth_AppAuth.DependencyStaticMetadataFileList

WriteAuxiliaryFile /Users/nataliewhipps/Library/Developer/Xcode/DerivedData/Prompt28-cgmmkisguitsyibyvnemfqvywbnv/Build/Intermediates.noindex/AppAuth.build/Debug-iphonesimulator/AppAuth_AppAuth.build/AppAuth_AppAuth.DependencyMetadataFileList (in target 'AppAuth_AppAuth' from project 'AppAuth')
    cd /Users/nataliewhipps/Library/Developer/Xcode/DerivedData/Prompt28-cgmmkisguitsyibyvnemfqvywbnv/SourcePackages/checkouts/AppAuth-iOS
    write-file /Users/nataliewhipps/Library/Developer/Xcode/DerivedData/Prompt28-cgmmkisguitsyibyvnemfqvywbnv/Build/Intermediates.noindex/AppAuth.build/Debug-iphonesimulator/AppAuth_AppAuth.build/AppAuth_AppAuth.DependencyMetadataFileList

MkDir /Users/nataliewhipps/Library/Developer/Xcode/DerivedData/Prompt28-cgmmkisguitsyibyvnemfqvywbnv/Build/Products/Debug-iphonesimulator/AppAuth_AppAuthCore.bundle (in target 'AppAuth_AppAuthCore' from project 'AppAuth')
    cd /Users/nataliewhipps/Library/Developer/Xcode/DerivedData/Prompt28-cgmmkisguitsyibyvnemfqvywbnv/SourcePackages/checkouts/AppAuth-iOS
    /bin/mkdir -p /Users/nataliewhipps/Library/Developer/Xcode/DerivedData/Prompt28-cgmmkisguitsyibyvnemfqvywbnv/Build/Products/Debug-iphonesimulator/AppAuth_AppAuthCore.bundle

MkDir /Users/nataliewhipps/Library/Developer/Xcode/DerivedData/Prompt28-cgmmkisguitsyibyvnemfqvywbnv/Build/Products/Debug-iphonesimulator/AppAuth_AppAuth.bundle (in target 'AppAuth_AppAuth' from project 'AppAuth')
    cd /Users/nataliewhipps/Library/Developer/Xcode/DerivedData/Prompt28-cgmmkisguitsyibyvnemfqvywbnv/SourcePackages/checkouts/AppAuth-iOS
    /bin/mkdir -p /Users/nataliewhipps/Library/Developer/Xcode/DerivedData/Prompt28-cgmmkisguitsyibyvnemfqvywbnv/Build/Products/Debug-iphonesimulator/AppAuth_AppAuth.bundle

WriteAuxiliaryFile /Users/nataliewhipps/Library/Developer/Xcode/DerivedData/Prompt28-cgmmkisguitsyibyvnemfqvywbnv/Build/Intermediates.noindex/AppAuth.build/Debug-iphonesimulator/AppAuthCore.build/Objects-normal/x86_64/e6072d4f65d7061329687fe24e3d63a7-common-args.resp (in target 'AppAuthCore' from project 'AppAuth')
    cd /Users/nataliewhipps/Library/Developer/Xcode/DerivedData/Prompt28-cgmmkisguitsyibyvnemfqvywbnv/SourcePackages/checkouts/AppAuth-iOS
    write-file /Users/nataliewhipps/Library/Developer/Xcode/DerivedData/Prompt28-cgmmkisguitsyibyvnemfqvywbnv/Build/Intermediates.noindex/AppAuth.build/Debug-iphonesimulator/AppAuthCore.build/Objects-normal/x86_64/e6072d4f65d7061329687fe24e3d63a7-common-args.resp
-target x86_64-apple-ios12.0-simulator -fobjc-arc -fmodules -gmodules '-fmodules-cache-path=/Users/nataliewhipps/Library/Developer/Xcode/DerivedData/ModuleCache.noindex' '-fmodule-name=AppAuthCore' -fpascal-strings -O0 -DSWIFT_PACKAGE '-DDEBUG=1' '-DOBJC_OLD_DISPATCH_PROTOTYPES=1' -isysroot /Applications/Xcode.app/Contents/Developer/Platforms/iPhoneSimulator.platform/Developer/SDKs/iPhoneSimulator26.2.sdk -fasm-blocks -g '-fobjc-abi-version=2' -fobjc-legacy-dispatch -fprofile-instr-generate -fcoverage-mapping -I/Users/nataliewhipps/Library/Developer/Xcode/DerivedData/Prompt28-cgmmkisguitsyibyvnemfqvywbnv/Build/Products/Debug-iphonesimulator/include -I/Users/nataliewhipps/Library/Developer/Xcode/DerivedData/Prompt28-cgmmkisguitsyibyvnemfqvywbnv/SourcePackages/checkouts/AppAuth-iOS/Sources/AppAuthCore -I/Users/nataliewhipps/Library/Developer/Xcode/DerivedData/Prompt28-cgmmkisguitsyibyvnemfqvywbnv/Build/Intermediates.noindex/AppAuth.build/Debug-iphonesimulator/AppAuthCore.build/DerivedSources-normal/x86_64 -I/Users/nataliewhipps/Library/Developer/Xcode/DerivedData/Prompt28-cgmmkisguitsyibyvnemfqvywbnv/Build/Intermediates.noindex/AppAuth.build/Debug-iphonesimulator/AppAuthCore.build/DerivedSources/x86_64 -I/Users/nataliewhipps/Library/Developer/Xcode/DerivedData/Prompt28-cgmmkisguitsyibyvnemfqvywbnv/Build/Intermediates.noindex/AppAuth.build/Debug-iphonesimulator/AppAuthCore.build/DerivedSources -F/Users/nataliewhipps/Library/Developer/Xcode/DerivedData/Prompt28-cgmmkisguitsyibyvnemfqvywbnv/Build/Products/Debug-iphonesimulator -iframework /Applications/Xcode.app/Contents/Developer/Platforms/iPhoneSimulator.platform/Developer/Library/Frameworks -iframework /Applications/Xcode.app/Contents/Developer/Platforms/iPhoneSimulator.platform/Developer/SDKs/iPhoneSimulator26.2.sdk/Developer/Library/Frameworks -DXcode

WriteAuxiliaryFile /Users/nataliewhipps/Library/Developer/Xcode/DerivedData/Prompt28-cgmmkisguitsyibyvnemfqvywbnv/Build/Intermediates.noindex/AppAuth.build/Debug-iphonesimulator/AppAuthCore.build/Objects-normal/x86_64/AppAuthCore.LinkFileList (in target 'AppAuthCore' from project 'AppAuth')
    cd /Users/nataliewhipps/Library/Developer/Xcode/DerivedData/Prompt28-cgmmkisguitsyibyvnemfqvywbnv/SourcePackages/checkouts/AppAuth-iOS
    write-file /Users/nataliewhipps/Library/Developer/Xcode/DerivedData/Prompt28-cgmmkisguitsyibyvnemfqvywbnv/Build/Intermediates.noindex/AppAuth.build/Debug-iphonesimulator/AppAuthCore.build/Objects-normal/x86_64/AppAuthCore.LinkFileList

WriteAuxiliaryFile /Users/nataliewhipps/Library/Developer/Xcode/DerivedData/Prompt28-cgmmkisguitsyibyvnemfqvywbnv/Build/Intermediates.noindex/AppAuth.build/Debug-iphonesimulator/AppAuthCore.build/DerivedSources/resource_bundle_accessor.m (in target 'AppAuthCore' from project 'AppAuth')
    cd /Users/nataliewhipps/Library/Developer/Xcode/DerivedData/Prompt28-cgmmkisguitsyibyvnemfqvywbnv/SourcePackages/checkouts/AppAuth-iOS
    write-file /Users/nataliewhipps/Library/Developer/Xcode/DerivedData/Prompt28-cgmmkisguitsyibyvnemfqvywbnv/Build/Intermediates.noindex/AppAuth.build/Debug-iphonesimulator/AppAuthCore.build/DerivedSources/resource_bundle_accessor.m

WriteAuxiliaryFile /Users/nataliewhipps/Library/Developer/Xcode/DerivedData/Prompt28-cgmmkisguitsyibyvnemfqvywbnv/Build/Intermediates.noindex/AppAuth.build/Debug-iphonesimulator/AppAuthCore.build/DerivedSources/resource_bundle_accessor.h (in target 'AppAuthCore' from project 'AppAuth')
    cd /Users/nataliewhipps/Library/Developer/Xcode/DerivedData/Prompt28-cgmmkisguitsyibyvnemfqvywbnv/SourcePackages/checkouts/AppAuth-iOS
    write-file /Users/nataliewhipps/Library/Developer/Xcode/DerivedData/Prompt28-cgmmkisguitsyibyvnemfqvywbnv/Build/Intermediates.noindex/AppAuth.build/Debug-iphonesimulator/AppAuthCore.build/DerivedSources/resource_bundle_accessor.h

WriteAuxiliaryFile /Users/nataliewhipps/Library/Developer/Xcode/DerivedData/Prompt28-cgmmkisguitsyibyvnemfqvywbnv/Build/Intermediates.noindex/AppAuth.build/Debug-iphonesimulator/AppAuthCore.build/AppAuthCore.modulemap (in target 'AppAuthCore' from project 'AppAuth')
    cd /Users/nataliewhipps/Library/Developer/Xcode/DerivedData/Prompt28-cgmmkisguitsyibyvnemfqvywbnv/SourcePackages/checkouts/AppAuth-iOS
    write-file /Users/nataliewhipps/Library/Developer/Xcode/DerivedData/Prompt28-cgmmkisguitsyibyvnemfqvywbnv/Build/Intermediates.noindex/AppAuth.build/Debug-iphonesimulator/AppAuthCore.build/AppAuthCore.modulemap

WriteAuxiliaryFile /Users/nataliewhipps/Library/Developer/Xcode/DerivedData/Prompt28-cgmmkisguitsyibyvnemfqvywbnv/Build/Intermediates.noindex/AppAuth.build/Debug-iphonesimulator/AppAuthCore.build/AppAuthCore.DependencyStaticMetadataFileList (in target 'AppAuthCore' from project 'AppAuth')
    cd /Users/nataliewhipps/Library/Developer/Xcode/DerivedData/Prompt28-cgmmkisguitsyibyvnemfqvywbnv/SourcePackages/checkouts/AppAuth-iOS
    write-file /Users/nataliewhipps/Library/Developer/Xcode/DerivedData/Prompt28-cgmmkisguitsyibyvnemfqvywbnv/Build/Intermediates.noindex/AppAuth.build/Debug-iphonesimulator/AppAuthCore.build/AppAuthCore.DependencyStaticMetadataFileList

WriteAuxiliaryFile /Users/nataliewhipps/Library/Developer/Xcode/DerivedData/Prompt28-cgmmkisguitsyibyvnemfqvywbnv/Build/Intermediates.noindex/AppAuth.build/Debug-iphonesimulator/AppAuthCore.build/AppAuthCore.DependencyMetadataFileList (in target 'AppAuthCore' from project 'AppAuth')
    cd /Users/nataliewhipps/Library/Developer/Xcode/DerivedData/Prompt28-cgmmkisguitsyibyvnemfqvywbnv/SourcePackages/checkouts/AppAuth-iOS
    write-file /Users/nataliewhipps/Library/Developer/Xcode/DerivedData/Prompt28-cgmmkisguitsyibyvnemfqvywbnv/Build/Intermediates.noindex/AppAuth.build/Debug-iphonesimulator/AppAuthCore.build/AppAuthCore.DependencyMetadataFileList

WriteAuxiliaryFile /Users/nataliewhipps/Library/Developer/Xcode/DerivedData/Prompt28-cgmmkisguitsyibyvnemfqvywbnv/Build/Intermediates.noindex/AppAuth.build/Debug-iphonesimulator/AppAuth.build/AppAuth.DependencyStaticMetadataFileList (in target 'AppAuth' from project 'AppAuth')
    cd /Users/nataliewhipps/Library/Developer/Xcode/DerivedData/Prompt28-cgmmkisguitsyibyvnemfqvywbnv/SourcePackages/checkouts/AppAuth-iOS
    write-file /Users/nataliewhipps/Library/Developer/Xcode/DerivedData/Prompt28-cgmmkisguitsyibyvnemfqvywbnv/Build/Intermediates.noindex/AppAuth.build/Debug-iphonesimulator/AppAuth.build/AppAuth.DependencyStaticMetadataFileList

WriteAuxiliaryFile /Users/nataliewhipps/Library/Developer/Xcode/DerivedData/Prompt28-cgmmkisguitsyibyvnemfqvywbnv/Build/Intermediates.noindex/AppAuth.build/Debug-iphonesimulator/AppAuth.build/DerivedSources/resource_bundle_accessor.m (in target 'AppAuth' from project 'AppAuth')
    cd /Users/nataliewhipps/Library/Developer/Xcode/DerivedData/Prompt28-cgmmkisguitsyibyvnemfqvywbnv/SourcePackages/checkouts/AppAuth-iOS
    write-file /Users/nataliewhipps/Library/Developer/Xcode/DerivedData/Prompt28-cgmmkisguitsyibyvnemfqvywbnv/Build/Intermediates.noindex/AppAuth.build/Debug-iphonesimulator/AppAuth.build/DerivedSources/resource_bundle_accessor.m

WriteAuxiliaryFile /Users/nataliewhipps/Library/Developer/Xcode/DerivedData/Prompt28-cgmmkisguitsyibyvnemfqvywbnv/Build/Intermediates.noindex/AppAuth.build/Debug-iphonesimulator/AppAuth.build/AppAuth.modulemap (in target 'AppAuth' from project 'AppAuth')
    cd /Users/nataliewhipps/Library/Developer/Xcode/DerivedData/Prompt28-cgmmkisguitsyibyvnemfqvywbnv/SourcePackages/checkouts/AppAuth-iOS
    write-file /Users/nataliewhipps/Library/Developer/Xcode/DerivedData/Prompt28-cgmmkisguitsyibyvnemfqvywbnv/Build/Intermediates.noindex/AppAuth.build/Debug-iphonesimulator/AppAuth.build/AppAuth.modulemap

WriteAuxiliaryFile /Users/nataliewhipps/Library/Developer/Xcode/DerivedData/Prompt28-cgmmkisguitsyibyvnemfqvywbnv/Build/Intermediates.noindex/AppAuth.build/Debug-iphonesimulator/AppAuth.build/DerivedSources/resource_bundle_accessor.h (in target 'AppAuth' from project 'AppAuth')
    cd /Users/nataliewhipps/Library/Developer/Xcode/DerivedData/Prompt28-cgmmkisguitsyibyvnemfqvywbnv/SourcePackages/checkouts/AppAuth-iOS
    write-file /Users/nataliewhipps/Library/Developer/Xcode/DerivedData/Prompt28-cgmmkisguitsyibyvnemfqvywbnv/Build/Intermediates.noindex/AppAuth.build/Debug-iphonesimulator/AppAuth.build/DerivedSources/resource_bundle_accessor.h

WriteAuxiliaryFile /Users/nataliewhipps/Library/Developer/Xcode/DerivedData/Prompt28-cgmmkisguitsyibyvnemfqvywbnv/Build/Intermediates.noindex/AppAuth.build/Debug-iphonesimulator/AppAuth.build/Objects-normal/x86_64/AppAuth.LinkFileList (in target 'AppAuth' from project 'AppAuth')
    cd /Users/nataliewhipps/Library/Developer/Xcode/DerivedData/Prompt28-cgmmkisguitsyibyvnemfqvywbnv/SourcePackages/checkouts/AppAuth-iOS
    write-file /Users/nataliewhipps/Library/Developer/Xcode/DerivedData/Prompt28-cgmmkisguitsyibyvnemfqvywbnv/Build/Intermediates.noindex/AppAuth.build/Debug-iphonesimulator/AppAuth.build/Objects-normal/x86_64/AppAuth.LinkFileList

WriteAuxiliaryFile /Users/nataliewhipps/Library/Developer/Xcode/DerivedData/Prompt28-cgmmkisguitsyibyvnemfqvywbnv/Build/Intermediates.noindex/AppAuth.build/Debug-iphonesimulator/AppAuth.build/Objects-normal/x86_64/e6072d4f65d7061329687fe24e3d63a7-common-args.resp (in target 'AppAuth' from project 'AppAuth')
    cd /Users/nataliewhipps/Library/Developer/Xcode/DerivedData/Prompt28-cgmmkisguitsyibyvnemfqvywbnv/SourcePackages/checkouts/AppAuth-iOS
    write-file /Users/nataliewhipps/Library/Developer/Xcode/DerivedData/Prompt28-cgmmkisguitsyibyvnemfqvywbnv/Build/Intermediates.noindex/AppAuth.build/Debug-iphonesimulator/AppAuth.build/Objects-normal/x86_64/e6072d4f65d7061329687fe24e3d63a7-common-args.resp
-target x86_64-apple-ios12.0-simulator -fobjc-arc -fmodules -gmodules '-fmodules-cache-path=/Users/nataliewhipps/Library/Developer/Xcode/DerivedData/ModuleCache.noindex' '-fmodule-name=AppAuth' -fpascal-strings -O0 -DSWIFT_PACKAGE '-DDEBUG=1' '-DOBJC_OLD_DISPATCH_PROTOTYPES=1' -isysroot /Applications/Xcode.app/Contents/Developer/Platforms/iPhoneSimulator.platform/Developer/SDKs/iPhoneSimulator26.2.sdk -fasm-blocks -g '-fobjc-abi-version=2' -fobjc-legacy-dispatch -fprofile-instr-generate -fcoverage-mapping -I/Users/nataliewhipps/Library/Developer/Xcode/DerivedData/Prompt28-cgmmkisguitsyibyvnemfqvywbnv/SourcePackages/checkouts/AppAuth-iOS/Sources/AppAuthCore -I/Users/nataliewhipps/Library/Developer/Xcode/DerivedData/Prompt28-cgmmkisguitsyibyvnemfqvywbnv/Build/Products/Debug-iphonesimulator/include -I/Users/nataliewhipps/Library/Developer/Xcode/DerivedData/Prompt28-cgmmkisguitsyibyvnemfqvywbnv/SourcePackages/checkouts/AppAuth-iOS/Sources/AppAuth -I/Users/nataliewhipps/Library/Developer/Xcode/DerivedData/Prompt28-cgmmkisguitsyibyvnemfqvywbnv/SourcePackages/checkouts/AppAuth-iOS/Sources/AppAuth/iOS -I/Users/nataliewhipps/Library/Developer/Xcode/DerivedData/Prompt28-cgmmkisguitsyibyvnemfqvywbnv/SourcePackages/checkouts/AppAuth-iOS/Sources/AppAuth/macOS -I/Users/nataliewhipps/Library/Developer/Xcode/DerivedData/Prompt28-cgmmkisguitsyibyvnemfqvywbnv/SourcePackages/checkouts/AppAuth-iOS/Sources/AppAuth/macOS/LoopbackHTTPServer -I/Users/nataliewhipps/Library/Developer/Xcode/DerivedData/Prompt28-cgmmkisguitsyibyvnemfqvywbnv/Build/Intermediates.noindex/AppAuth.build/Debug-iphonesimulator/AppAuth.build/DerivedSources-normal/x86_64 -I/Users/nataliewhipps/Library/Developer/Xcode/DerivedData/Prompt28-cgmmkisguitsyibyvnemfqvywbnv/Build/Intermediates.noindex/AppAuth.build/Debug-iphonesimulator/AppAuth.build/DerivedSources/x86_64 -I/Users/nataliewhipps/Library/Developer/Xcode/DerivedData/Prompt28-cgmmkisguitsyibyvnemfqvywbnv/Build/Intermediates.noindex/AppAuth.build/Debug-iphonesimulator/AppAuth.build/DerivedSources -F/Users/nataliewhipps/Library/Developer/Xcode/DerivedData/Prompt28-cgmmkisguitsyibyvnemfqvywbnv/Build/Products/Debug-iphonesimulator/PackageFrameworks -F/Users/nataliewhipps/Library/Developer/Xcode/DerivedData/Prompt28-cgmmkisguitsyibyvnemfqvywbnv/Build/Products/Debug-iphonesimulator -iframework /Applications/Xcode.app/Contents/Developer/Platforms/iPhoneSimulator.platform/Developer/Library/Frameworks -iframework /Applications/Xcode.app/Contents/Developer/Platforms/iPhoneSimulator.platform/Developer/SDKs/iPhoneSimulator26.2.sdk/Developer/Library/Frameworks '-fmodule-map-file=/Users/nataliewhipps/Library/Developer/Xcode/DerivedData/Prompt28-cgmmkisguitsyibyvnemfqvywbnv/Build/Intermediates.noindex/GeneratedModuleMaps-iphonesimulator/AppAuthCore.modulemap' -DXcode

Copy /Users/nataliewhipps/Library/Developer/Xcode/DerivedData/Prompt28-cgmmkisguitsyibyvnemfqvywbnv/Build/Intermediates.noindex/GeneratedModuleMaps-iphonesimulator/AppAuthCore.modulemap /Users/nataliewhipps/Library/Developer/Xcode/DerivedData/Prompt28-cgmmkisguitsyibyvnemfqvywbnv/Build/Intermediates.noindex/AppAuth.build/Debug-iphonesimulator/AppAuthCore.build/AppAuthCore.modulemap (in target 'AppAuthCore' from project 'AppAuth')
    cd /Users/nataliewhipps/Library/Developer/Xcode/DerivedData/Prompt28-cgmmkisguitsyibyvnemfqvywbnv/SourcePackages/checkouts/AppAuth-iOS
    builtin-copy -exclude .DS_Store -exclude CVS -exclude .svn -exclude .git -exclude .hg -resolve-src-symlinks /Users/nataliewhipps/Library/Developer/Xcode/DerivedData/Prompt28-cgmmkisguitsyibyvnemfqvywbnv/Build/Intermediates.noindex/AppAuth.build/Debug-iphonesimulator/AppAuthCore.build/AppAuthCore.modulemap /Users/nataliewhipps/Library/Developer/Xcode/DerivedData/Prompt28-cgmmkisguitsyibyvnemfqvywbnv/Build/Intermediates.noindex/GeneratedModuleMaps-iphonesimulator

WriteAuxiliaryFile /Users/nataliewhipps/Library/Developer/Xcode/DerivedData/Prompt28-cgmmkisguitsyibyvnemfqvywbnv/Build/Intermediates.noindex/AppAuth.build/Debug-iphonesimulator/AppAuth.build/AppAuth.DependencyMetadataFileList (in target 'AppAuth' from project 'AppAuth')
    cd /Users/nataliewhipps/Library/Developer/Xcode/DerivedData/Prompt28-cgmmkisguitsyibyvnemfqvywbnv/SourcePackages/checkouts/AppAuth-iOS
    write-file /Users/nataliewhipps/Library/Developer/Xcode/DerivedData/Prompt28-cgmmkisguitsyibyvnemfqvywbnv/Build/Intermediates.noindex/AppAuth.build/Debug-iphonesimulator/AppAuth.build/AppAuth.DependencyMetadataFileList

Copy /Users/nataliewhipps/Library/Developer/Xcode/DerivedData/Prompt28-cgmmkisguitsyibyvnemfqvywbnv/Build/Intermediates.noindex/GeneratedModuleMaps-iphonesimulator/AppAuth.modulemap /Users/nataliewhipps/Library/Developer/Xcode/DerivedData/Prompt28-cgmmkisguitsyibyvnemfqvywbnv/Build/Intermediates.noindex/AppAuth.build/Debug-iphonesimulator/AppAuth.build/AppAuth.modulemap (in target 'AppAuth' from project 'AppAuth')
    cd /Users/nataliewhipps/Library/Developer/Xcode/DerivedData/Prompt28-cgmmkisguitsyibyvnemfqvywbnv/SourcePackages/checkouts/AppAuth-iOS
    builtin-copy -exclude .DS_Store -exclude CVS -exclude .svn -exclude .git -exclude .hg -resolve-src-symlinks /Users/nataliewhipps/Library/Developer/Xcode/DerivedData/Prompt28-cgmmkisguitsyibyvnemfqvywbnv/Build/Intermediates.noindex/AppAuth.build/Debug-iphonesimulator/AppAuth.build/AppAuth.modulemap /Users/nataliewhipps/Library/Developer/Xcode/DerivedData/Prompt28-cgmmkisguitsyibyvnemfqvywbnv/Build/Intermediates.noindex/GeneratedModuleMaps-iphonesimulator

ProcessInfoPlistFile /Users/nataliewhipps/Library/Developer/Xcode/DerivedData/Prompt28-cgmmkisguitsyibyvnemfqvywbnv/Build/Products/Debug-iphonesimulator/Promises_FBLPromises.bundle/Info.plist /Users/nataliewhipps/Library/Developer/Xcode/DerivedData/Prompt28-cgmmkisguitsyibyvnemfqvywbnv/Build/Intermediates.noindex/Promises.build/Debug-iphonesimulator/Promises_FBLPromises.build/empty-Promises_FBLPromises.plist (in target 'Promises_FBLPromises' from project 'Promises')
    cd /Users/nataliewhipps/Library/Developer/Xcode/DerivedData/Prompt28-cgmmkisguitsyibyvnemfqvywbnv/SourcePackages/checkouts/promises
    builtin-infoPlistUtility /Users/nataliewhipps/Library/Developer/Xcode/DerivedData/Prompt28-cgmmkisguitsyibyvnemfqvywbnv/Build/Intermediates.noindex/Promises.build/Debug-iphonesimulator/Promises_FBLPromises.build/empty-Promises_FBLPromises.plist -producttype com.apple.product-type.bundle -expandbuildsettings -format binary -platform iphonesimulator -o /Users/nataliewhipps/Library/Developer/Xcode/DerivedData/Prompt28-cgmmkisguitsyibyvnemfqvywbnv/Build/Products/Debug-iphonesimulator/Promises_FBLPromises.bundle/Info.plist

CpResource /Users/nataliewhipps/Library/Developer/Xcode/DerivedData/Prompt28-cgmmkisguitsyibyvnemfqvywbnv/Build/Products/Debug-iphonesimulator/Promises_FBLPromises.bundle/PrivacyInfo.xcprivacy /Users/nataliewhipps/Library/Developer/Xcode/DerivedData/Prompt28-cgmmkisguitsyibyvnemfqvywbnv/SourcePackages/checkouts/promises/Sources/FBLPromises/Resources/PrivacyInfo.xcprivacy (in target 'Promises_FBLPromises' from project 'Promises')
    cd /Users/nataliewhipps/Library/Developer/Xcode/DerivedData/Prompt28-cgmmkisguitsyibyvnemfqvywbnv/SourcePackages/checkouts/promises
    builtin-copy -exclude .DS_Store -exclude CVS -exclude .svn -exclude .git -exclude .hg -resolve-src-symlinks /Users/nataliewhipps/Library/Developer/Xcode/DerivedData/Prompt28-cgmmkisguitsyibyvnemfqvywbnv/SourcePackages/checkouts/promises/Sources/FBLPromises/Resources/PrivacyInfo.xcprivacy /Users/nataliewhipps/Library/Developer/Xcode/DerivedData/Prompt28-cgmmkisguitsyibyvnemfqvywbnv/Build/Products/Debug-iphonesimulator/Promises_FBLPromises.bundle

ProcessInfoPlistFile /Users/nataliewhipps/Library/Developer/Xcode/DerivedData/Prompt28-cgmmkisguitsyibyvnemfqvywbnv/Build/Products/Debug-iphonesimulator/GoogleUtilities_GoogleUtilities-UserDefaults.bundle/Info.plist /Users/nataliewhipps/Library/Developer/Xcode/DerivedData/Prompt28-cgmmkisguitsyibyvnemfqvywbnv/Build/Intermediates.noindex/GoogleUtilities.build/Debug-iphonesimulator/GoogleUtilities_GoogleUtilities-UserDefaults.build/empty-GoogleUtilities_GoogleUtilities-UserDefaults.plist (in target 'GoogleUtilities_GoogleUtilities-UserDefaults' from project 'GoogleUtilities')
    cd /Users/nataliewhipps/Library/Developer/Xcode/DerivedData/Prompt28-cgmmkisguitsyibyvnemfqvywbnv/SourcePackages/checkouts/GoogleUtilities
    builtin-infoPlistUtility /Users/nataliewhipps/Library/Developer/Xcode/DerivedData/Prompt28-cgmmkisguitsyibyvnemfqvywbnv/Build/Intermediates.noindex/GoogleUtilities.build/Debug-iphonesimulator/GoogleUtilities_GoogleUtilities-UserDefaults.build/empty-GoogleUtilities_GoogleUtilities-UserDefaults.plist -producttype com.apple.product-type.bundle -expandbuildsettings -format binary -platform iphonesimulator -o /Users/nataliewhipps/Library/Developer/Xcode/DerivedData/Prompt28-cgmmkisguitsyibyvnemfqvywbnv/Build/Products/Debug-iphonesimulator/GoogleUtilities_GoogleUtilities-UserDefaults.bundle/Info.plist

CpResource /Users/nataliewhipps/Library/Developer/Xcode/DerivedData/Prompt28-cgmmkisguitsyibyvnemfqvywbnv/Build/Products/Debug-iphonesimulator/GoogleUtilities_GoogleUtilities-UserDefaults.bundle/PrivacyInfo.xcprivacy /Users/nataliewhipps/Library/Developer/Xcode/DerivedData/Prompt28-cgmmkisguitsyibyvnemfqvywbnv/SourcePackages/checkouts/GoogleUtilities/GoogleUtilities/UserDefaults/Resources/PrivacyInfo.xcprivacy (in target 'GoogleUtilities_GoogleUtilities-UserDefaults' from project 'GoogleUtilities')
    cd /Users/nataliewhipps/Library/Developer/Xcode/DerivedData/Prompt28-cgmmkisguitsyibyvnemfqvywbnv/SourcePackages/checkouts/GoogleUtilities
    builtin-copy -exclude .DS_Store -exclude CVS -exclude .svn -exclude .git -exclude .hg -resolve-src-symlinks /Users/nataliewhipps/Library/Developer/Xcode/DerivedData/Prompt28-cgmmkisguitsyibyvnemfqvywbnv/SourcePackages/checkouts/GoogleUtilities/GoogleUtilities/UserDefaults/Resources/PrivacyInfo.xcprivacy /Users/nataliewhipps/Library/Developer/Xcode/DerivedData/Prompt28-cgmmkisguitsyibyvnemfqvywbnv/Build/Products/Debug-iphonesimulator/GoogleUtilities_GoogleUtilities-UserDefaults.bundle

ProcessInfoPlistFile /Users/nataliewhipps/Library/Developer/Xcode/DerivedData/Prompt28-cgmmkisguitsyibyvnemfqvywbnv/Build/Products/Debug-iphonesimulator/GoogleUtilities_GoogleUtilities-Logger.bundle/Info.plist /Users/nataliewhipps/Library/Developer/Xcode/DerivedData/Prompt28-cgmmkisguitsyibyvnemfqvywbnv/Build/Intermediates.noindex/GoogleUtilities.build/Debug-iphonesimulator/GoogleUtilities_GoogleUtilities-Logger.build/empty-GoogleUtilities_GoogleUtilities-Logger.plist (in target 'GoogleUtilities_GoogleUtilities-Logger' from project 'GoogleUtilities')
    cd /Users/nataliewhipps/Library/Developer/Xcode/DerivedData/Prompt28-cgmmkisguitsyibyvnemfqvywbnv/SourcePackages/checkouts/GoogleUtilities
    builtin-infoPlistUtility /Users/nataliewhipps/Library/Developer/Xcode/DerivedData/Prompt28-cgmmkisguitsyibyvnemfqvywbnv/Build/Intermediates.noindex/GoogleUtilities.build/Debug-iphonesimulator/GoogleUtilities_GoogleUtilities-Logger.build/empty-GoogleUtilities_GoogleUtilities-Logger.plist -producttype com.apple.product-type.bundle -expandbuildsettings -format binary -platform iphonesimulator -o /Users/nataliewhipps/Library/Developer/Xcode/DerivedData/Prompt28-cgmmkisguitsyibyvnemfqvywbnv/Build/Products/Debug-iphonesimulator/GoogleUtilities_GoogleUtilities-Logger.bundle/Info.plist

CpResource /Users/nataliewhipps/Library/Developer/Xcode/DerivedData/Prompt28-cgmmkisguitsyibyvnemfqvywbnv/Build/Products/Debug-iphonesimulator/GoogleUtilities_GoogleUtilities-Logger.bundle/PrivacyInfo.xcprivacy /Users/nataliewhipps/Library/Developer/Xcode/DerivedData/Prompt28-cgmmkisguitsyibyvnemfqvywbnv/SourcePackages/checkouts/GoogleUtilities/GoogleUtilities/Logger/Resources/PrivacyInfo.xcprivacy (in target 'GoogleUtilities_GoogleUtilities-Logger' from project 'GoogleUtilities')
    cd /Users/nataliewhipps/Library/Developer/Xcode/DerivedData/Prompt28-cgmmkisguitsyibyvnemfqvywbnv/SourcePackages/checkouts/GoogleUtilities
    builtin-copy -exclude .DS_Store -exclude CVS -exclude .svn -exclude .git -exclude .hg -resolve-src-symlinks /Users/nataliewhipps/Library/Developer/Xcode/DerivedData/Prompt28-cgmmkisguitsyibyvnemfqvywbnv/SourcePackages/checkouts/GoogleUtilities/GoogleUtilities/Logger/Resources/PrivacyInfo.xcprivacy /Users/nataliewhipps/Library/Developer/Xcode/DerivedData/Prompt28-cgmmkisguitsyibyvnemfqvywbnv/Build/Products/Debug-iphonesimulator/GoogleUtilities_GoogleUtilities-Logger.bundle

ProcessInfoPlistFile /Users/nataliewhipps/Library/Developer/Xcode/DerivedData/Prompt28-cgmmkisguitsyibyvnemfqvywbnv/Build/Products/Debug-iphonesimulator/GoogleUtilities_GoogleUtilities-Environment.bundle/Info.plist /Users/nataliewhipps/Library/Developer/Xcode/DerivedData/Prompt28-cgmmkisguitsyibyvnemfqvywbnv/Build/Intermediates.noindex/GoogleUtilities.build/Debug-iphonesimulator/GoogleUtilities_GoogleUtilities-Environment.build/empty-GoogleUtilities_GoogleUtilities-Environment.plist (in target 'GoogleUtilities_GoogleUtilities-Environment' from project 'GoogleUtilities')
    cd /Users/nataliewhipps/Library/Developer/Xcode/DerivedData/Prompt28-cgmmkisguitsyibyvnemfqvywbnv/SourcePackages/checkouts/GoogleUtilities
    builtin-infoPlistUtility /Users/nataliewhipps/Library/Developer/Xcode/DerivedData/Prompt28-cgmmkisguitsyibyvnemfqvywbnv/Build/Intermediates.noindex/GoogleUtilities.build/Debug-iphonesimulator/GoogleUtilities_GoogleUtilities-Environment.build/empty-GoogleUtilities_GoogleUtilities-Environment.plist -producttype com.apple.product-type.bundle -expandbuildsettings -format binary -platform iphonesimulator -o /Users/nataliewhipps/Library/Developer/Xcode/DerivedData/Prompt28-cgmmkisguitsyibyvnemfqvywbnv/Build/Products/Debug-iphonesimulator/GoogleUtilities_GoogleUtilities-Environment.bundle/Info.plist

CpResource /Users/nataliewhipps/Library/Developer/Xcode/DerivedData/Prompt28-cgmmkisguitsyibyvnemfqvywbnv/Build/Products/Debug-iphonesimulator/GoogleUtilities_GoogleUtilities-Environment.bundle/PrivacyInfo.xcprivacy /Users/nataliewhipps/Library/Developer/Xcode/DerivedData/Prompt28-cgmmkisguitsyibyvnemfqvywbnv/SourcePackages/checkouts/GoogleUtilities/GoogleUtilities/Environment/Resources/PrivacyInfo.xcprivacy (in target 'GoogleUtilities_GoogleUtilities-Environment' from project 'GoogleUtilities')
    cd /Users/nataliewhipps/Library/Developer/Xcode/DerivedData/Prompt28-cgmmkisguitsyibyvnemfqvywbnv/SourcePackages/checkouts/GoogleUtilities
    builtin-copy -exclude .DS_Store -exclude CVS -exclude .svn -exclude .git -exclude .hg -resolve-src-symlinks /Users/nataliewhipps/Library/Developer/Xcode/DerivedData/Prompt28-cgmmkisguitsyibyvnemfqvywbnv/SourcePackages/checkouts/GoogleUtilities/GoogleUtilities/Environment/Resources/PrivacyInfo.xcprivacy /Users/nataliewhipps/Library/Developer/Xcode/DerivedData/Prompt28-cgmmkisguitsyibyvnemfqvywbnv/Build/Products/Debug-iphonesimulator/GoogleUtilities_GoogleUtilities-Environment.bundle

ProcessInfoPlistFile /Users/nataliewhipps/Library/Developer/Xcode/DerivedData/Prompt28-cgmmkisguitsyibyvnemfqvywbnv/Build/Products/Debug-iphonesimulator/GoogleSignIn_GoogleSignInSwift.bundle/Info.plist /Users/nataliewhipps/Library/Developer/Xcode/DerivedData/Prompt28-cgmmkisguitsyibyvnemfqvywbnv/Build/Intermediates.noindex/GoogleSignIn.build/Debug-iphonesimulator/GoogleSignIn_GoogleSignInSwift.build/empty-GoogleSignIn_GoogleSignInSwift.plist (in target 'GoogleSignIn_GoogleSignInSwift' from project 'GoogleSignIn')
    cd /Users/nataliewhipps/Library/Developer/Xcode/DerivedData/Prompt28-cgmmkisguitsyibyvnemfqvywbnv/SourcePackages/checkouts/GoogleSignIn-iOS
    builtin-infoPlistUtility /Users/nataliewhipps/Library/Developer/Xcode/DerivedData/Prompt28-cgmmkisguitsyibyvnemfqvywbnv/Build/Intermediates.noindex/GoogleSignIn.build/Debug-iphonesimulator/GoogleSignIn_GoogleSignInSwift.build/empty-GoogleSignIn_GoogleSignInSwift.plist -producttype com.apple.product-type.bundle -expandbuildsettings -format binary -platform iphonesimulator -o /Users/nataliewhipps/Library/Developer/Xcode/DerivedData/Prompt28-cgmmkisguitsyibyvnemfqvywbnv/Build/Products/Debug-iphonesimulator/GoogleSignIn_GoogleSignInSwift.bundle/Info.plist

CpResource /Users/nataliewhipps/Library/Developer/Xcode/DerivedData/Prompt28-cgmmkisguitsyibyvnemfqvywbnv/Build/Products/Debug-iphonesimulator/GoogleSignIn_GoogleSignInSwift.bundle/PrivacyInfo.xcprivacy /Users/nataliewhipps/Library/Developer/Xcode/DerivedData/Prompt28-cgmmkisguitsyibyvnemfqvywbnv/SourcePackages/checkouts/GoogleSignIn-iOS/GoogleSignInSwift/Sources/Resources/PrivacyInfo.xcprivacy (in target 'GoogleSignIn_GoogleSignInSwift' from project 'GoogleSignIn')
    cd /Users/nataliewhipps/Library/Developer/Xcode/DerivedData/Prompt28-cgmmkisguitsyibyvnemfqvywbnv/SourcePackages/checkouts/GoogleSignIn-iOS
    builtin-copy -exclude .DS_Store -exclude CVS -exclude .svn -exclude .git -exclude .hg -resolve-src-symlinks /Users/nataliewhipps/Library/Developer/Xcode/DerivedData/Prompt28-cgmmkisguitsyibyvnemfqvywbnv/SourcePackages/checkouts/GoogleSignIn-iOS/GoogleSignInSwift/Sources/Resources/PrivacyInfo.xcprivacy /Users/nataliewhipps/Library/Developer/Xcode/DerivedData/Prompt28-cgmmkisguitsyibyvnemfqvywbnv/Build/Products/Debug-iphonesimulator/GoogleSignIn_GoogleSignInSwift.bundle

ProcessInfoPlistFile /Users/nataliewhipps/Library/Developer/Xcode/DerivedData/Prompt28-cgmmkisguitsyibyvnemfqvywbnv/Build/Products/Debug-iphonesimulator/GoogleSignIn_GoogleSignIn.bundle/Info.plist /Users/nataliewhipps/Library/Developer/Xcode/DerivedData/Prompt28-cgmmkisguitsyibyvnemfqvywbnv/Build/Intermediates.noindex/GoogleSignIn.build/Debug-iphonesimulator/GoogleSignIn_GoogleSignIn.build/empty-GoogleSignIn_GoogleSignIn.plist (in target 'GoogleSignIn_GoogleSignIn' from project 'GoogleSignIn')
    cd /Users/nataliewhipps/Library/Developer/Xcode/DerivedData/Prompt28-cgmmkisguitsyibyvnemfqvywbnv/SourcePackages/checkouts/GoogleSignIn-iOS
    builtin-infoPlistUtility /Users/nataliewhipps/Library/Developer/Xcode/DerivedData/Prompt28-cgmmkisguitsyibyvnemfqvywbnv/Build/Intermediates.noindex/GoogleSignIn.build/Debug-iphonesimulator/GoogleSignIn_GoogleSignIn.build/empty-GoogleSignIn_GoogleSignIn.plist -producttype com.apple.product-type.bundle -expandbuildsettings -format binary -platform iphonesimulator -o /Users/nataliewhipps/Library/Developer/Xcode/DerivedData/Prompt28-cgmmkisguitsyibyvnemfqvywbnv/Build/Products/Debug-iphonesimulator/GoogleSignIn_GoogleSignIn.bundle/Info.plist

CpResource /Users/nataliewhipps/Library/Developer/Xcode/DerivedData/Prompt28-cgmmkisguitsyibyvnemfqvywbnv/Build/Products/Debug-iphonesimulator/GoogleSignIn_GoogleSignIn.bundle/zh_TW.lproj/GoogleSignIn.strings /Users/nataliewhipps/Library/Developer/Xcode/DerivedData/Prompt28-cgmmkisguitsyibyvnemfqvywbnv/SourcePackages/checkouts/GoogleSignIn-iOS/GoogleSignIn/Sources/Strings/zh_TW.lproj/GoogleSignIn.strings (in target 'GoogleSignIn_GoogleSignIn' from project 'GoogleSignIn')
    cd /Users/nataliewhipps/Library/Developer/Xcode/DerivedData/Prompt28-cgmmkisguitsyibyvnemfqvywbnv/SourcePackages/checkouts/GoogleSignIn-iOS
    builtin-copy -exclude .DS_Store -exclude CVS -exclude .svn -exclude .git -exclude .hg -resolve-src-symlinks /Users/nataliewhipps/Library/Developer/Xcode/DerivedData/Prompt28-cgmmkisguitsyibyvnemfqvywbnv/SourcePackages/checkouts/GoogleSignIn-iOS/GoogleSignIn/Sources/Strings/zh_TW.lproj/GoogleSignIn.strings /Users/nataliewhipps/Library/Developer/Xcode/DerivedData/Prompt28-cgmmkisguitsyibyvnemfqvywbnv/Build/Products/Debug-iphonesimulator/GoogleSignIn_GoogleSignIn.bundle/zh_TW.lproj

CpResource /Users/nataliewhipps/Library/Developer/Xcode/DerivedData/Prompt28-cgmmkisguitsyibyvnemfqvywbnv/Build/Products/Debug-iphonesimulator/GoogleSignIn_GoogleSignIn.bundle/zh_CN.lproj/GoogleSignIn.strings /Users/nataliewhipps/Library/Developer/Xcode/DerivedData/Prompt28-cgmmkisguitsyibyvnemfqvywbnv/SourcePackages/checkouts/GoogleSignIn-iOS/GoogleSignIn/Sources/Strings/zh_CN.lproj/GoogleSignIn.strings (in target 'GoogleSignIn_GoogleSignIn' from project 'GoogleSignIn')
    cd /Users/nataliewhipps/Library/Developer/Xcode/DerivedData/Prompt28-cgmmkisguitsyibyvnemfqvywbnv/SourcePackages/checkouts/GoogleSignIn-iOS
    builtin-copy -exclude .DS_Store -exclude CVS -exclude .svn -exclude .git -exclude .hg -resolve-src-symlinks /Users/nataliewhipps/Library/Developer/Xcode/DerivedData/Prompt28-cgmmkisguitsyibyvnemfqvywbnv/SourcePackages/checkouts/GoogleSignIn-iOS/GoogleSignIn/Sources/Strings/zh_CN.lproj/GoogleSignIn.strings /Users/nataliewhipps/Library/Developer/Xcode/DerivedData/Prompt28-cgmmkisguitsyibyvnemfqvywbnv/Build/Products/Debug-iphonesimulator/GoogleSignIn_GoogleSignIn.bundle/zh_CN.lproj

CpResource /Users/nataliewhipps/Library/Developer/Xcode/DerivedData/Prompt28-cgmmkisguitsyibyvnemfqvywbnv/Build/Products/Debug-iphonesimulator/GoogleSignIn_GoogleSignIn.bundle/vi.lproj/GoogleSignIn.strings /Users/nataliewhipps/Library/Developer/Xcode/DerivedData/Prompt28-cgmmkisguitsyibyvnemfqvywbnv/SourcePackages/checkouts/GoogleSignIn-iOS/GoogleSignIn/Sources/Strings/vi.lproj/GoogleSignIn.strings (in target 'GoogleSignIn_GoogleSignIn' from project 'GoogleSignIn')
    cd /Users/nataliewhipps/Library/Developer/Xcode/DerivedData/Prompt28-cgmmkisguitsyibyvnemfqvywbnv/SourcePackages/checkouts/GoogleSignIn-iOS
    builtin-copy -exclude .DS_Store -exclude CVS -exclude .svn -exclude .git -exclude .hg -resolve-src-symlinks /Users/nataliewhipps/Library/Developer/Xcode/DerivedData/Prompt28-cgmmkisguitsyibyvnemfqvywbnv/SourcePackages/checkouts/GoogleSignIn-iOS/GoogleSignIn/Sources/Strings/vi.lproj/GoogleSignIn.strings /Users/nataliewhipps/Library/Developer/Xcode/DerivedData/Prompt28-cgmmkisguitsyibyvnemfqvywbnv/Build/Products/Debug-iphonesimulator/GoogleSignIn_GoogleSignIn.bundle/vi.lproj

CpResource /Users/nataliewhipps/Library/Developer/Xcode/DerivedData/Prompt28-cgmmkisguitsyibyvnemfqvywbnv/Build/Products/Debug-iphonesimulator/GoogleSignIn_GoogleSignIn.bundle/uk.lproj/GoogleSignIn.strings /Users/nataliewhipps/Library/Developer/Xcode/DerivedData/Prompt28-cgmmkisguitsyibyvnemfqvywbnv/SourcePackages/checkouts/GoogleSignIn-iOS/GoogleSignIn/Sources/Strings/uk.lproj/GoogleSignIn.strings (in target 'GoogleSignIn_GoogleSignIn' from project 'GoogleSignIn')
    cd /Users/nataliewhipps/Library/Developer/Xcode/DerivedData/Prompt28-cgmmkisguitsyibyvnemfqvywbnv/SourcePackages/checkouts/GoogleSignIn-iOS
    builtin-copy -exclude .DS_Store -exclude CVS -exclude .svn -exclude .git -exclude .hg -resolve-src-symlinks /Users/nataliewhipps/Library/Developer/Xcode/DerivedData/Prompt28-cgmmkisguitsyibyvnemfqvywbnv/SourcePackages/checkouts/GoogleSignIn-iOS/GoogleSignIn/Sources/Strings/uk.lproj/GoogleSignIn.strings /Users/nataliewhipps/Library/Developer/Xcode/DerivedData/Prompt28-cgmmkisguitsyibyvnemfqvywbnv/Build/Products/Debug-iphonesimulator/GoogleSignIn_GoogleSignIn.bundle/uk.lproj

CpResource /Users/nataliewhipps/Library/Developer/Xcode/DerivedData/Prompt28-cgmmkisguitsyibyvnemfqvywbnv/Build/Products/Debug-iphonesimulator/GoogleSignIn_GoogleSignIn.bundle/tr.lproj/GoogleSignIn.strings /Users/nataliewhipps/Library/Developer/Xcode/DerivedData/Prompt28-cgmmkisguitsyibyvnemfqvywbnv/SourcePackages/checkouts/GoogleSignIn-iOS/GoogleSignIn/Sources/Strings/tr.lproj/GoogleSignIn.strings (in target 'GoogleSignIn_GoogleSignIn' from project 'GoogleSignIn')
    cd /Users/nataliewhipps/Library/Developer/Xcode/DerivedData/Prompt28-cgmmkisguitsyibyvnemfqvywbnv/SourcePackages/checkouts/GoogleSignIn-iOS
    builtin-copy -exclude .DS_Store -exclude CVS -exclude .svn -exclude .git -exclude .hg -resolve-src-symlinks /Users/nataliewhipps/Library/Developer/Xcode/DerivedData/Prompt28-cgmmkisguitsyibyvnemfqvywbnv/SourcePackages/checkouts/GoogleSignIn-iOS/GoogleSignIn/Sources/Strings/tr.lproj/GoogleSignIn.strings /Users/nataliewhipps/Library/Developer/Xcode/DerivedData/Prompt28-cgmmkisguitsyibyvnemfqvywbnv/Build/Products/Debug-iphonesimulator/GoogleSignIn_GoogleSignIn.bundle/tr.lproj

CpResource /Users/nataliewhipps/Library/Developer/Xcode/DerivedData/Prompt28-cgmmkisguitsyibyvnemfqvywbnv/Build/Products/Debug-iphonesimulator/GoogleSignIn_GoogleSignIn.bundle/th.lproj/GoogleSignIn.strings /Users/nataliewhipps/Library/Developer/Xcode/DerivedData/Prompt28-cgmmkisguitsyibyvnemfqvywbnv/SourcePackages/checkouts/GoogleSignIn-iOS/GoogleSignIn/Sources/Strings/th.lproj/GoogleSignIn.strings (in target 'GoogleSignIn_GoogleSignIn' from project 'GoogleSignIn')
    cd /Users/nataliewhipps/Library/Developer/Xcode/DerivedData/Prompt28-cgmmkisguitsyibyvnemfqvywbnv/SourcePackages/checkouts/GoogleSignIn-iOS
    builtin-copy -exclude .DS_Store -exclude CVS -exclude .svn -exclude .git -exclude .hg -resolve-src-symlinks /Users/nataliewhipps/Library/Developer/Xcode/DerivedData/Prompt28-cgmmkisguitsyibyvnemfqvywbnv/SourcePackages/checkouts/GoogleSignIn-iOS/GoogleSignIn/Sources/Strings/th.lproj/GoogleSignIn.strings /Users/nataliewhipps/Library/Developer/Xcode/DerivedData/Prompt28-cgmmkisguitsyibyvnemfqvywbnv/Build/Products/Debug-iphonesimulator/GoogleSignIn_GoogleSignIn.bundle/th.lproj

CpResource /Users/nataliewhipps/Library/Developer/Xcode/DerivedData/Prompt28-cgmmkisguitsyibyvnemfqvywbnv/Build/Products/Debug-iphonesimulator/GoogleSignIn_GoogleSignIn.bundle/sv.lproj/GoogleSignIn.strings /Users/nataliewhipps/Library/Developer/Xcode/DerivedData/Prompt28-cgmmkisguitsyibyvnemfqvywbnv/SourcePackages/checkouts/GoogleSignIn-iOS/GoogleSignIn/Sources/Strings/sv.lproj/GoogleSignIn.strings (in target 'GoogleSignIn_GoogleSignIn' from project 'GoogleSignIn')
    cd /Users/nataliewhipps/Library/Developer/Xcode/DerivedData/Prompt28-cgmmkisguitsyibyvnemfqvywbnv/SourcePackages/checkouts/GoogleSignIn-iOS
    builtin-copy -exclude .DS_Store -exclude CVS -exclude .svn -exclude .git -exclude .hg -resolve-src-symlinks /Users/nataliewhipps/Library/Developer/Xcode/DerivedData/Prompt28-cgmmkisguitsyibyvnemfqvywbnv/SourcePackages/checkouts/GoogleSignIn-iOS/GoogleSignIn/Sources/Strings/sv.lproj/GoogleSignIn.strings /Users/nataliewhipps/Library/Developer/Xcode/DerivedData/Prompt28-cgmmkisguitsyibyvnemfqvywbnv/Build/Products/Debug-iphonesimulator/GoogleSignIn_GoogleSignIn.bundle/sv.lproj

CpResource /Users/nataliewhipps/Library/Developer/Xcode/DerivedData/Prompt28-cgmmkisguitsyibyvnemfqvywbnv/Build/Products/Debug-iphonesimulator/GoogleSignIn_GoogleSignIn.bundle/sk.lproj/GoogleSignIn.strings /Users/nataliewhipps/Library/Developer/Xcode/DerivedData/Prompt28-cgmmkisguitsyibyvnemfqvywbnv/SourcePackages/checkouts/GoogleSignIn-iOS/GoogleSignIn/Sources/Strings/sk.lproj/GoogleSignIn.strings (in target 'GoogleSignIn_GoogleSignIn' from project 'GoogleSignIn')
    cd /Users/nataliewhipps/Library/Developer/Xcode/DerivedData/Prompt28-cgmmkisguitsyibyvnemfqvywbnv/SourcePackages/checkouts/GoogleSignIn-iOS
    builtin-copy -exclude .DS_Store -exclude CVS -exclude .svn -exclude .git -exclude .hg -resolve-src-symlinks /Users/nataliewhipps/Library/Developer/Xcode/DerivedData/Prompt28-cgmmkisguitsyibyvnemfqvywbnv/SourcePackages/checkouts/GoogleSignIn-iOS/GoogleSignIn/Sources/Strings/sk.lproj/GoogleSignIn.strings /Users/nataliewhipps/Library/Developer/Xcode/DerivedData/Prompt28-cgmmkisguitsyibyvnemfqvywbnv/Build/Products/Debug-iphonesimulator/GoogleSignIn_GoogleSignIn.bundle/sk.lproj

CpResource /Users/nataliewhipps/Library/Developer/Xcode/DerivedData/Prompt28-cgmmkisguitsyibyvnemfqvywbnv/Build/Products/Debug-iphonesimulator/GoogleSignIn_GoogleSignIn.bundle/ru.lproj/GoogleSignIn.strings /Users/nataliewhipps/Library/Developer/Xcode/DerivedData/Prompt28-cgmmkisguitsyibyvnemfqvywbnv/SourcePackages/checkouts/GoogleSignIn-iOS/GoogleSignIn/Sources/Strings/ru.lproj/GoogleSignIn.strings (in target 'GoogleSignIn_GoogleSignIn' from project 'GoogleSignIn')
    cd /Users/nataliewhipps/Library/Developer/Xcode/DerivedData/Prompt28-cgmmkisguitsyibyvnemfqvywbnv/SourcePackages/checkouts/GoogleSignIn-iOS
    builtin-copy -exclude .DS_Store -exclude CVS -exclude .svn -exclude .git -exclude .hg -resolve-src-symlinks /Users/nataliewhipps/Library/Developer/Xcode/DerivedData/Prompt28-cgmmkisguitsyibyvnemfqvywbnv/SourcePackages/checkouts/GoogleSignIn-iOS/GoogleSignIn/Sources/Strings/ru.lproj/GoogleSignIn.strings /Users/nataliewhipps/Library/Developer/Xcode/DerivedData/Prompt28-cgmmkisguitsyibyvnemfqvywbnv/Build/Products/Debug-iphonesimulator/GoogleSignIn_GoogleSignIn.bundle/ru.lproj

CpResource /Users/nataliewhipps/Library/Developer/Xcode/DerivedData/Prompt28-cgmmkisguitsyibyvnemfqvywbnv/Build/Products/Debug-iphonesimulator/GoogleSignIn_GoogleSignIn.bundle/ro.lproj/GoogleSignIn.strings /Users/nataliewhipps/Library/Developer/Xcode/DerivedData/Prompt28-cgmmkisguitsyibyvnemfqvywbnv/SourcePackages/checkouts/GoogleSignIn-iOS/GoogleSignIn/Sources/Strings/ro.lproj/GoogleSignIn.strings (in target 'GoogleSignIn_GoogleSignIn' from project 'GoogleSignIn')
    cd /Users/nataliewhipps/Library/Developer/Xcode/DerivedData/Prompt28-cgmmkisguitsyibyvnemfqvywbnv/SourcePackages/checkouts/GoogleSignIn-iOS
    builtin-copy -exclude .DS_Store -exclude CVS -exclude .svn -exclude .git -exclude .hg -resolve-src-symlinks /Users/nataliewhipps/Library/Developer/Xcode/DerivedData/Prompt28-cgmmkisguitsyibyvnemfqvywbnv/SourcePackages/checkouts/GoogleSignIn-iOS/GoogleSignIn/Sources/Strings/ro.lproj/GoogleSignIn.strings /Users/nataliewhipps/Library/Developer/Xcode/DerivedData/Prompt28-cgmmkisguitsyibyvnemfqvywbnv/Build/Products/Debug-iphonesimulator/GoogleSignIn_GoogleSignIn.bundle/ro.lproj

CpResource /Users/nataliewhipps/Library/Developer/Xcode/DerivedData/Prompt28-cgmmkisguitsyibyvnemfqvywbnv/Build/Products/Debug-iphonesimulator/GoogleSignIn_GoogleSignIn.bundle/pt_BR.lproj/GoogleSignIn.strings /Users/nataliewhipps/Library/Developer/Xcode/DerivedData/Prompt28-cgmmkisguitsyibyvnemfqvywbnv/SourcePackages/checkouts/GoogleSignIn-iOS/GoogleSignIn/Sources/Strings/pt_BR.lproj/GoogleSignIn.strings (in target 'GoogleSignIn_GoogleSignIn' from project 'GoogleSignIn')
    cd /Users/nataliewhipps/Library/Developer/Xcode/DerivedData/Prompt28-cgmmkisguitsyibyvnemfqvywbnv/SourcePackages/checkouts/GoogleSignIn-iOS
    builtin-copy -exclude .DS_Store -exclude CVS -exclude .svn -exclude .git -exclude .hg -resolve-src-symlinks /Users/nataliewhipps/Library/Developer/Xcode/DerivedData/Prompt28-cgmmkisguitsyibyvnemfqvywbnv/SourcePackages/checkouts/GoogleSignIn-iOS/GoogleSignIn/Sources/Strings/pt_BR.lproj/GoogleSignIn.strings /Users/nataliewhipps/Library/Developer/Xcode/DerivedData/Prompt28-cgmmkisguitsyibyvnemfqvywbnv/Build/Products/Debug-iphonesimulator/GoogleSignIn_GoogleSignIn.bundle/pt_BR.lproj

CpResource /Users/nataliewhipps/Library/Developer/Xcode/DerivedData/Prompt28-cgmmkisguitsyibyvnemfqvywbnv/Build/Products/Debug-iphonesimulator/GoogleSignIn_GoogleSignIn.bundle/pt_PT.lproj/GoogleSignIn.strings /Users/nataliewhipps/Library/Developer/Xcode/DerivedData/Prompt28-cgmmkisguitsyibyvnemfqvywbnv/SourcePackages/checkouts/GoogleSignIn-iOS/GoogleSignIn/Sources/Strings/pt_PT.lproj/GoogleSignIn.strings (in target 'GoogleSignIn_GoogleSignIn' from project 'GoogleSignIn')
    cd /Users/nataliewhipps/Library/Developer/Xcode/DerivedData/Prompt28-cgmmkisguitsyibyvnemfqvywbnv/SourcePackages/checkouts/GoogleSignIn-iOS
    builtin-copy -exclude .DS_Store -exclude CVS -exclude .svn -exclude .git -exclude .hg -resolve-src-symlinks /Users/nataliewhipps/Library/Developer/Xcode/DerivedData/Prompt28-cgmmkisguitsyibyvnemfqvywbnv/SourcePackages/checkouts/GoogleSignIn-iOS/GoogleSignIn/Sources/Strings/pt_PT.lproj/GoogleSignIn.strings /Users/nataliewhipps/Library/Developer/Xcode/DerivedData/Prompt28-cgmmkisguitsyibyvnemfqvywbnv/Build/Products/Debug-iphonesimulator/GoogleSignIn_GoogleSignIn.bundle/pt_PT.lproj

CpResource /Users/nataliewhipps/Library/Developer/Xcode/DerivedData/Prompt28-cgmmkisguitsyibyvnemfqvywbnv/Build/Products/Debug-iphonesimulator/GoogleSignIn_GoogleSignIn.bundle/pt.lproj/GoogleSignIn.strings /Users/nataliewhipps/Library/Developer/Xcode/DerivedData/Prompt28-cgmmkisguitsyibyvnemfqvywbnv/SourcePackages/checkouts/GoogleSignIn-iOS/GoogleSignIn/Sources/Strings/pt.lproj/GoogleSignIn.strings (in target 'GoogleSignIn_GoogleSignIn' from project 'GoogleSignIn')
    cd /Users/nataliewhipps/Library/Developer/Xcode/DerivedData/Prompt28-cgmmkisguitsyibyvnemfqvywbnv/SourcePackages/checkouts/GoogleSignIn-iOS
    builtin-copy -exclude .DS_Store -exclude CVS -exclude .svn -exclude .git -exclude .hg -resolve-src-symlinks /Users/nataliewhipps/Library/Developer/Xcode/DerivedData/Prompt28-cgmmkisguitsyibyvnemfqvywbnv/SourcePackages/checkouts/GoogleSignIn-iOS/GoogleSignIn/Sources/Strings/pt.lproj/GoogleSignIn.strings /Users/nataliewhipps/Library/Developer/Xcode/DerivedData/Prompt28-cgmmkisguitsyibyvnemfqvywbnv/Build/Products/Debug-iphonesimulator/GoogleSignIn_GoogleSignIn.bundle/pt.lproj

CpResource /Users/nataliewhipps/Library/Developer/Xcode/DerivedData/Prompt28-cgmmkisguitsyibyvnemfqvywbnv/Build/Products/Debug-iphonesimulator/GoogleSignIn_GoogleSignIn.bundle/pl.lproj/GoogleSignIn.strings /Users/nataliewhipps/Library/Developer/Xcode/DerivedData/Prompt28-cgmmkisguitsyibyvnemfqvywbnv/SourcePackages/checkouts/GoogleSignIn-iOS/GoogleSignIn/Sources/Strings/pl.lproj/GoogleSignIn.strings (in target 'GoogleSignIn_GoogleSignIn' from project 'GoogleSignIn')
    cd /Users/nataliewhipps/Library/Developer/Xcode/DerivedData/Prompt28-cgmmkisguitsyibyvnemfqvywbnv/SourcePackages/checkouts/GoogleSignIn-iOS
    builtin-copy -exclude .DS_Store -exclude CVS -exclude .svn -exclude .git -exclude .hg -resolve-src-symlinks /Users/nataliewhipps/Library/Developer/Xcode/DerivedData/Prompt28-cgmmkisguitsyibyvnemfqvywbnv/SourcePackages/checkouts/GoogleSignIn-iOS/GoogleSignIn/Sources/Strings/pl.lproj/GoogleSignIn.strings /Users/nataliewhipps/Library/Developer/Xcode/DerivedData/Prompt28-cgmmkisguitsyibyvnemfqvywbnv/Build/Products/Debug-iphonesimulator/GoogleSignIn_GoogleSignIn.bundle/pl.lproj

CpResource /Users/nataliewhipps/Library/Developer/Xcode/DerivedData/Prompt28-cgmmkisguitsyibyvnemfqvywbnv/Build/Products/Debug-iphonesimulator/GoogleSignIn_GoogleSignIn.bundle/nl.lproj/GoogleSignIn.strings /Users/nataliewhipps/Library/Developer/Xcode/DerivedData/Prompt28-cgmmkisguitsyibyvnemfqvywbnv/SourcePackages/checkouts/GoogleSignIn-iOS/GoogleSignIn/Sources/Strings/nl.lproj/GoogleSignIn.strings (in target 'GoogleSignIn_GoogleSignIn' from project 'GoogleSignIn')
    cd /Users/nataliewhipps/Library/Developer/Xcode/DerivedData/Prompt28-cgmmkisguitsyibyvnemfqvywbnv/SourcePackages/checkouts/GoogleSignIn-iOS
    builtin-copy -exclude .DS_Store -exclude CVS -exclude .svn -exclude .git -exclude .hg -resolve-src-symlinks /Users/nataliewhipps/Library/Developer/Xcode/DerivedData/Prompt28-cgmmkisguitsyibyvnemfqvywbnv/SourcePackages/checkouts/GoogleSignIn-iOS/GoogleSignIn/Sources/Strings/nl.lproj/GoogleSignIn.strings /Users/nataliewhipps/Library/Developer/Xcode/DerivedData/Prompt28-cgmmkisguitsyibyvnemfqvywbnv/Build/Products/Debug-iphonesimulator/GoogleSignIn_GoogleSignIn.bundle/nl.lproj

CpResource /Users/nataliewhipps/Library/Developer/Xcode/DerivedData/Prompt28-cgmmkisguitsyibyvnemfqvywbnv/Build/Products/Debug-iphonesimulator/GoogleSignIn_GoogleSignIn.bundle/nb.lproj/GoogleSignIn.strings /Users/nataliewhipps/Library/Developer/Xcode/DerivedData/Prompt28-cgmmkisguitsyibyvnemfqvywbnv/SourcePackages/checkouts/GoogleSignIn-iOS/GoogleSignIn/Sources/Strings/nb.lproj/GoogleSignIn.strings (in target 'GoogleSignIn_GoogleSignIn' from project 'GoogleSignIn')
    cd /Users/nataliewhipps/Library/Developer/Xcode/DerivedData/Prompt28-cgmmkisguitsyibyvnemfqvywbnv/SourcePackages/checkouts/GoogleSignIn-iOS
    builtin-copy -exclude .DS_Store -exclude CVS -exclude .svn -exclude .git -exclude .hg -resolve-src-symlinks /Users/nataliewhipps/Library/Developer/Xcode/DerivedData/Prompt28-cgmmkisguitsyibyvnemfqvywbnv/SourcePackages/checkouts/GoogleSignIn-iOS/GoogleSignIn/Sources/Strings/nb.lproj/GoogleSignIn.strings /Users/nataliewhipps/Library/Developer/Xcode/DerivedData/Prompt28-cgmmkisguitsyibyvnemfqvywbnv/Build/Products/Debug-iphonesimulator/GoogleSignIn_GoogleSignIn.bundle/nb.lproj

CpResource /Users/nataliewhipps/Library/Developer/Xcode/DerivedData/Prompt28-cgmmkisguitsyibyvnemfqvywbnv/Build/Products/Debug-iphonesimulator/GoogleSignIn_GoogleSignIn.bundle/ms.lproj/GoogleSignIn.strings /Users/nataliewhipps/Library/Developer/Xcode/DerivedData/Prompt28-cgmmkisguitsyibyvnemfqvywbnv/SourcePackages/checkouts/GoogleSignIn-iOS/GoogleSignIn/Sources/Strings/ms.lproj/GoogleSignIn.strings (in target 'GoogleSignIn_GoogleSignIn' from project 'GoogleSignIn')
    cd /Users/nataliewhipps/Library/Developer/Xcode/DerivedData/Prompt28-cgmmkisguitsyibyvnemfqvywbnv/SourcePackages/checkouts/GoogleSignIn-iOS
    builtin-copy -exclude .DS_Store -exclude CVS -exclude .svn -exclude .git -exclude .hg -resolve-src-symlinks /Users/nataliewhipps/Library/Developer/Xcode/DerivedData/Prompt28-cgmmkisguitsyibyvnemfqvywbnv/SourcePackages/checkouts/GoogleSignIn-iOS/GoogleSignIn/Sources/Strings/ms.lproj/GoogleSignIn.strings /Users/nataliewhipps/Library/Developer/Xcode/DerivedData/Prompt28-cgmmkisguitsyibyvnemfqvywbnv/Build/Products/Debug-iphonesimulator/GoogleSignIn_GoogleSignIn.bundle/ms.lproj

CpResource /Users/nataliewhipps/Library/Developer/Xcode/DerivedData/Prompt28-cgmmkisguitsyibyvnemfqvywbnv/Build/Products/Debug-iphonesimulator/GoogleSignIn_GoogleSignIn.bundle/ko.lproj/GoogleSignIn.strings /Users/nataliewhipps/Library/Developer/Xcode/DerivedData/Prompt28-cgmmkisguitsyibyvnemfqvywbnv/SourcePackages/checkouts/GoogleSignIn-iOS/GoogleSignIn/Sources/Strings/ko.lproj/GoogleSignIn.strings (in target 'GoogleSignIn_GoogleSignIn' from project 'GoogleSignIn')
    cd /Users/nataliewhipps/Library/Developer/Xcode/DerivedData/Prompt28-cgmmkisguitsyibyvnemfqvywbnv/SourcePackages/checkouts/GoogleSignIn-iOS
    builtin-copy -exclude .DS_Store -exclude CVS -exclude .svn -exclude .git -exclude .hg -resolve-src-symlinks /Users/nataliewhipps/Library/Developer/Xcode/DerivedData/Prompt28-cgmmkisguitsyibyvnemfqvywbnv/SourcePackages/checkouts/GoogleSignIn-iOS/GoogleSignIn/Sources/Strings/ko.lproj/GoogleSignIn.strings /Users/nataliewhipps/Library/Developer/Xcode/DerivedData/Prompt28-cgmmkisguitsyibyvnemfqvywbnv/Build/Products/Debug-iphonesimulator/GoogleSignIn_GoogleSignIn.bundle/ko.lproj

CpResource /Users/nataliewhipps/Library/Developer/Xcode/DerivedData/Prompt28-cgmmkisguitsyibyvnemfqvywbnv/Build/Products/Debug-iphonesimulator/GoogleSignIn_GoogleSignIn.bundle/ja.lproj/GoogleSignIn.strings /Users/nataliewhipps/Library/Developer/Xcode/DerivedData/Prompt28-cgmmkisguitsyibyvnemfqvywbnv/SourcePackages/checkouts/GoogleSignIn-iOS/GoogleSignIn/Sources/Strings/ja.lproj/GoogleSignIn.strings (in target 'GoogleSignIn_GoogleSignIn' from project 'GoogleSignIn')
    cd /Users/nataliewhipps/Library/Developer/Xcode/DerivedData/Prompt28-cgmmkisguitsyibyvnemfqvywbnv/SourcePackages/checkouts/GoogleSignIn-iOS
    builtin-copy -exclude .DS_Store -exclude CVS -exclude .svn -exclude .git -exclude .hg -resolve-src-symlinks /Users/nataliewhipps/Library/Developer/Xcode/DerivedData/Prompt28-cgmmkisguitsyibyvnemfqvywbnv/SourcePackages/checkouts/GoogleSignIn-iOS/GoogleSignIn/Sources/Strings/ja.lproj/GoogleSignIn.strings /Users/nataliewhipps/Library/Developer/Xcode/DerivedData/Prompt28-cgmmkisguitsyibyvnemfqvywbnv/Build/Products/Debug-iphonesimulator/GoogleSignIn_GoogleSignIn.bundle/ja.lproj

CpResource /Users/nataliewhipps/Library/Developer/Xcode/DerivedData/Prompt28-cgmmkisguitsyibyvnemfqvywbnv/Build/Products/Debug-iphonesimulator/GoogleSignIn_GoogleSignIn.bundle/id.lproj/GoogleSignIn.strings /Users/nataliewhipps/Library/Developer/Xcode/DerivedData/Prompt28-cgmmkisguitsyibyvnemfqvywbnv/SourcePackages/checkouts/GoogleSignIn-iOS/GoogleSignIn/Sources/Strings/id.lproj/GoogleSignIn.strings (in target 'GoogleSignIn_GoogleSignIn' from project 'GoogleSignIn')
    cd /Users/nataliewhipps/Library/Developer/Xcode/DerivedData/Prompt28-cgmmkisguitsyibyvnemfqvywbnv/SourcePackages/checkouts/GoogleSignIn-iOS
    builtin-copy -exclude .DS_Store -exclude CVS -exclude .svn -exclude .git -exclude .hg -resolve-src-symlinks /Users/nataliewhipps/Library/Developer/Xcode/DerivedData/Prompt28-cgmmkisguitsyibyvnemfqvywbnv/SourcePackages/checkouts/GoogleSignIn-iOS/GoogleSignIn/Sources/Strings/id.lproj/GoogleSignIn.strings /Users/nataliewhipps/Library/Developer/Xcode/DerivedData/Prompt28-cgmmkisguitsyibyvnemfqvywbnv/Build/Products/Debug-iphonesimulator/GoogleSignIn_GoogleSignIn.bundle/id.lproj

CpResource /Users/nataliewhipps/Library/Developer/Xcode/DerivedData/Prompt28-cgmmkisguitsyibyvnemfqvywbnv/Build/Products/Debug-iphonesimulator/GoogleSignIn_GoogleSignIn.bundle/it.lproj/GoogleSignIn.strings /Users/nataliewhipps/Library/Developer/Xcode/DerivedData/Prompt28-cgmmkisguitsyibyvnemfqvywbnv/SourcePackages/checkouts/GoogleSignIn-iOS/GoogleSignIn/Sources/Strings/it.lproj/GoogleSignIn.strings (in target 'GoogleSignIn_GoogleSignIn' from project 'GoogleSignIn')
    cd /Users/nataliewhipps/Library/Developer/Xcode/DerivedData/Prompt28-cgmmkisguitsyibyvnemfqvywbnv/SourcePackages/checkouts/GoogleSignIn-iOS
    builtin-copy -exclude .DS_Store -exclude CVS -exclude .svn -exclude .git -exclude .hg -resolve-src-symlinks /Users/nataliewhipps/Library/Developer/Xcode/DerivedData/Prompt28-cgmmkisguitsyibyvnemfqvywbnv/SourcePackages/checkouts/GoogleSignIn-iOS/GoogleSignIn/Sources/Strings/it.lproj/GoogleSignIn.strings /Users/nataliewhipps/Library/Developer/Xcode/DerivedData/Prompt28-cgmmkisguitsyibyvnemfqvywbnv/Build/Products/Debug-iphonesimulator/GoogleSignIn_GoogleSignIn.bundle/it.lproj

CpResource /Users/nataliewhipps/Library/Developer/Xcode/DerivedData/Prompt28-cgmmkisguitsyibyvnemfqvywbnv/Build/Products/Debug-iphonesimulator/GoogleSignIn_GoogleSignIn.bundle/hu.lproj/GoogleSignIn.strings /Users/nataliewhipps/Library/Developer/Xcode/DerivedData/Prompt28-cgmmkisguitsyibyvnemfqvywbnv/SourcePackages/checkouts/GoogleSignIn-iOS/GoogleSignIn/Sources/Strings/hu.lproj/GoogleSignIn.strings (in target 'GoogleSignIn_GoogleSignIn' from project 'GoogleSignIn')
    cd /Users/nataliewhipps/Library/Developer/Xcode/DerivedData/Prompt28-cgmmkisguitsyibyvnemfqvywbnv/SourcePackages/checkouts/GoogleSignIn-iOS
    builtin-copy -exclude .DS_Store -exclude CVS -exclude .svn -exclude .git -exclude .hg -resolve-src-symlinks /Users/nataliewhipps/Library/Developer/Xcode/DerivedData/Prompt28-cgmmkisguitsyibyvnemfqvywbnv/SourcePackages/checkouts/GoogleSignIn-iOS/GoogleSignIn/Sources/Strings/hu.lproj/GoogleSignIn.strings /Users/nataliewhipps/Library/Developer/Xcode/DerivedData/Prompt28-cgmmkisguitsyibyvnemfqvywbnv/Build/Products/Debug-iphonesimulator/GoogleSignIn_GoogleSignIn.bundle/hu.lproj

CpResource /Users/nataliewhipps/Library/Developer/Xcode/DerivedData/Prompt28-cgmmkisguitsyibyvnemfqvywbnv/Build/Products/Debug-iphonesimulator/GoogleSignIn_GoogleSignIn.bundle/hr.lproj/GoogleSignIn.strings /Users/nataliewhipps/Library/Developer/Xcode/DerivedData/Prompt28-cgmmkisguitsyibyvnemfqvywbnv/SourcePackages/checkouts/GoogleSignIn-iOS/GoogleSignIn/Sources/Strings/hr.lproj/GoogleSignIn.strings (in target 'GoogleSignIn_GoogleSignIn' from project 'GoogleSignIn')
    cd /Users/nataliewhipps/Library/Developer/Xcode/DerivedData/Prompt28-cgmmkisguitsyibyvnemfqvywbnv/SourcePackages/checkouts/GoogleSignIn-iOS
    builtin-copy -exclude .DS_Store -exclude CVS -exclude .svn -exclude .git -exclude .hg -resolve-src-symlinks /Users/nataliewhipps/Library/Developer/Xcode/DerivedData/Prompt28-cgmmkisguitsyibyvnemfqvywbnv/SourcePackages/checkouts/GoogleSignIn-iOS/GoogleSignIn/Sources/Strings/hr.lproj/GoogleSignIn.strings /Users/nataliewhipps/Library/Developer/Xcode/DerivedData/Prompt28-cgmmkisguitsyibyvnemfqvywbnv/Build/Products/Debug-iphonesimulator/GoogleSignIn_GoogleSignIn.bundle/hr.lproj

CpResource /Users/nataliewhipps/Library/Developer/Xcode/DerivedData/Prompt28-cgmmkisguitsyibyvnemfqvywbnv/Build/Products/Debug-iphonesimulator/GoogleSignIn_GoogleSignIn.bundle/hi.lproj/GoogleSignIn.strings /Users/nataliewhipps/Library/Developer/Xcode/DerivedData/Prompt28-cgmmkisguitsyibyvnemfqvywbnv/SourcePackages/checkouts/GoogleSignIn-iOS/GoogleSignIn/Sources/Strings/hi.lproj/GoogleSignIn.strings (in target 'GoogleSignIn_GoogleSignIn' from project 'GoogleSignIn')
    cd /Users/nataliewhipps/Library/Developer/Xcode/DerivedData/Prompt28-cgmmkisguitsyibyvnemfqvywbnv/SourcePackages/checkouts/GoogleSignIn-iOS
    builtin-copy -exclude .DS_Store -exclude CVS -exclude .svn -exclude .git -exclude .hg -resolve-src-symlinks /Users/nataliewhipps/Library/Developer/Xcode/DerivedData/Prompt28-cgmmkisguitsyibyvnemfqvywbnv/SourcePackages/checkouts/GoogleSignIn-iOS/GoogleSignIn/Sources/Strings/hi.lproj/GoogleSignIn.strings /Users/nataliewhipps/Library/Developer/Xcode/DerivedData/Prompt28-cgmmkisguitsyibyvnemfqvywbnv/Build/Products/Debug-iphonesimulator/GoogleSignIn_GoogleSignIn.bundle/hi.lproj

CpResource /Users/nataliewhipps/Library/Developer/Xcode/DerivedData/Prompt28-cgmmkisguitsyibyvnemfqvywbnv/Build/Products/Debug-iphonesimulator/GoogleSignIn_GoogleSignIn.bundle/he.lproj/GoogleSignIn.strings /Users/nataliewhipps/Library/Developer/Xcode/DerivedData/Prompt28-cgmmkisguitsyibyvnemfqvywbnv/SourcePackages/checkouts/GoogleSignIn-iOS/GoogleSignIn/Sources/Strings/he.lproj/GoogleSignIn.strings (in target 'GoogleSignIn_GoogleSignIn' from project 'GoogleSignIn')
    cd /Users/nataliewhipps/Library/Developer/Xcode/DerivedData/Prompt28-cgmmkisguitsyibyvnemfqvywbnv/SourcePackages/checkouts/GoogleSignIn-iOS
    builtin-copy -exclude .DS_Store -exclude CVS -exclude .svn -exclude .git -exclude .hg -resolve-src-symlinks /Users/nataliewhipps/Library/Developer/Xcode/DerivedData/Prompt28-cgmmkisguitsyibyvnemfqvywbnv/SourcePackages/checkouts/GoogleSignIn-iOS/GoogleSignIn/Sources/Strings/he.lproj/GoogleSignIn.strings /Users/nataliewhipps/Library/Developer/Xcode/DerivedData/Prompt28-cgmmkisguitsyibyvnemfqvywbnv/Build/Products/Debug-iphonesimulator/GoogleSignIn_GoogleSignIn.bundle/he.lproj

CpResource /Users/nataliewhipps/Library/Developer/Xcode/DerivedData/Prompt28-cgmmkisguitsyibyvnemfqvywbnv/Build/Products/Debug-iphonesimulator/GoogleSignIn_GoogleSignIn.bundle/google@2x.png /Users/nataliewhipps/Library/Developer/Xcode/DerivedData/Prompt28-cgmmkisguitsyibyvnemfqvywbnv/SourcePackages/checkouts/GoogleSignIn-iOS/GoogleSignIn/Sources/Resources/google@2x.png (in target 'GoogleSignIn_GoogleSignIn' from project 'GoogleSignIn')
    cd /Users/nataliewhipps/Library/Developer/Xcode/DerivedData/Prompt28-cgmmkisguitsyibyvnemfqvywbnv/SourcePackages/checkouts/GoogleSignIn-iOS
    builtin-copy -exclude .DS_Store -exclude CVS -exclude .svn -exclude .git -exclude .hg -resolve-src-symlinks /Users/nataliewhipps/Library/Developer/Xcode/DerivedData/Prompt28-cgmmkisguitsyibyvnemfqvywbnv/SourcePackages/checkouts/GoogleSignIn-iOS/GoogleSignIn/Sources/Resources/google@2x.png /Users/nataliewhipps/Library/Developer/Xcode/DerivedData/Prompt28-cgmmkisguitsyibyvnemfqvywbnv/Build/Products/Debug-iphonesimulator/GoogleSignIn_GoogleSignIn.bundle

CpResource /Users/nataliewhipps/Library/Developer/Xcode/DerivedData/Prompt28-cgmmkisguitsyibyvnemfqvywbnv/Build/Products/Debug-iphonesimulator/GoogleSignIn_GoogleSignIn.bundle/google@3x.png /Users/nataliewhipps/Library/Developer/Xcode/DerivedData/Prompt28-cgmmkisguitsyibyvnemfqvywbnv/SourcePackages/checkouts/GoogleSignIn-iOS/GoogleSignIn/Sources/Resources/google@3x.png (in target 'GoogleSignIn_GoogleSignIn' from project 'GoogleSignIn')
    cd /Users/nataliewhipps/Library/Developer/Xcode/DerivedData/Prompt28-cgmmkisguitsyibyvnemfqvywbnv/SourcePackages/checkouts/GoogleSignIn-iOS
    builtin-copy -exclude .DS_Store -exclude CVS -exclude .svn -exclude .git -exclude .hg -resolve-src-symlinks /Users/nataliewhipps/Library/Developer/Xcode/DerivedData/Prompt28-cgmmkisguitsyibyvnemfqvywbnv/SourcePackages/checkouts/GoogleSignIn-iOS/GoogleSignIn/Sources/Resources/google@3x.png /Users/nataliewhipps/Library/Developer/Xcode/DerivedData/Prompt28-cgmmkisguitsyibyvnemfqvywbnv/Build/Products/Debug-iphonesimulator/GoogleSignIn_GoogleSignIn.bundle

CpResource /Users/nataliewhipps/Library/Developer/Xcode/DerivedData/Prompt28-cgmmkisguitsyibyvnemfqvywbnv/Build/Products/Debug-iphonesimulator/GoogleSignIn_GoogleSignIn.bundle/google.png /Users/nataliewhipps/Library/Developer/Xcode/DerivedData/Prompt28-cgmmkisguitsyibyvnemfqvywbnv/SourcePackages/checkouts/GoogleSignIn-iOS/GoogleSignIn/Sources/Resources/google.png (in target 'GoogleSignIn_GoogleSignIn' from project 'GoogleSignIn')
    cd /Users/nataliewhipps/Library/Developer/Xcode/DerivedData/Prompt28-cgmmkisguitsyibyvnemfqvywbnv/SourcePackages/checkouts/GoogleSignIn-iOS
    builtin-copy -exclude .DS_Store -exclude CVS -exclude .svn -exclude .git -exclude .hg -resolve-src-symlinks /Users/nataliewhipps/Library/Developer/Xcode/DerivedData/Prompt28-cgmmkisguitsyibyvnemfqvywbnv/SourcePackages/checkouts/GoogleSignIn-iOS/GoogleSignIn/Sources/Resources/google.png /Users/nataliewhipps/Library/Developer/Xcode/DerivedData/Prompt28-cgmmkisguitsyibyvnemfqvywbnv/Build/Products/Debug-iphonesimulator/GoogleSignIn_GoogleSignIn.bundle

CpResource /Users/nataliewhipps/Library/Developer/Xcode/DerivedData/Prompt28-cgmmkisguitsyibyvnemfqvywbnv/Build/Products/Debug-iphonesimulator/GoogleSignIn_GoogleSignIn.bundle/fr_CA.lproj/GoogleSignIn.strings /Users/nataliewhipps/Library/Developer/Xcode/DerivedData/Prompt28-cgmmkisguitsyibyvnemfqvywbnv/SourcePackages/checkouts/GoogleSignIn-iOS/GoogleSignIn/Sources/Strings/fr_CA.lproj/GoogleSignIn.strings (in target 'GoogleSignIn_GoogleSignIn' from project 'GoogleSignIn')
    cd /Users/nataliewhipps/Library/Developer/Xcode/DerivedData/Prompt28-cgmmkisguitsyibyvnemfqvywbnv/SourcePackages/checkouts/GoogleSignIn-iOS
    builtin-copy -exclude .DS_Store -exclude CVS -exclude .svn -exclude .git -exclude .hg -resolve-src-symlinks /Users/nataliewhipps/Library/Developer/Xcode/DerivedData/Prompt28-cgmmkisguitsyibyvnemfqvywbnv/SourcePackages/checkouts/GoogleSignIn-iOS/GoogleSignIn/Sources/Strings/fr_CA.lproj/GoogleSignIn.strings /Users/nataliewhipps/Library/Developer/Xcode/DerivedData/Prompt28-cgmmkisguitsyibyvnemfqvywbnv/Build/Products/Debug-iphonesimulator/GoogleSignIn_GoogleSignIn.bundle/fr_CA.lproj

CpResource /Users/nataliewhipps/Library/Developer/Xcode/DerivedData/Prompt28-cgmmkisguitsyibyvnemfqvywbnv/Build/Products/Debug-iphonesimulator/GoogleSignIn_GoogleSignIn.bundle/fr.lproj/GoogleSignIn.strings /Users/nataliewhipps/Library/Developer/Xcode/DerivedData/Prompt28-cgmmkisguitsyibyvnemfqvywbnv/SourcePackages/checkouts/GoogleSignIn-iOS/GoogleSignIn/Sources/Strings/fr.lproj/GoogleSignIn.strings (in target 'GoogleSignIn_GoogleSignIn' from project 'GoogleSignIn')
    cd /Users/nataliewhipps/Library/Developer/Xcode/DerivedData/Prompt28-cgmmkisguitsyibyvnemfqvywbnv/SourcePackages/checkouts/GoogleSignIn-iOS
    builtin-copy -exclude .DS_Store -exclude CVS -exclude .svn -exclude .git -exclude .hg -resolve-src-symlinks /Users/nataliewhipps/Library/Developer/Xcode/DerivedData/Prompt28-cgmmkisguitsyibyvnemfqvywbnv/SourcePackages/checkouts/GoogleSignIn-iOS/GoogleSignIn/Sources/Strings/fr.lproj/GoogleSignIn.strings /Users/nataliewhipps/Library/Developer/Xcode/DerivedData/Prompt28-cgmmkisguitsyibyvnemfqvywbnv/Build/Products/Debug-iphonesimulator/GoogleSignIn_GoogleSignIn.bundle/fr.lproj

CpResource /Users/nataliewhipps/Library/Developer/Xcode/DerivedData/Prompt28-cgmmkisguitsyibyvnemfqvywbnv/Build/Products/Debug-iphonesimulator/GoogleSignIn_GoogleSignIn.bundle/fi.lproj/GoogleSignIn.strings /Users/nataliewhipps/Library/Developer/Xcode/DerivedData/Prompt28-cgmmkisguitsyibyvnemfqvywbnv/SourcePackages/checkouts/GoogleSignIn-iOS/GoogleSignIn/Sources/Strings/fi.lproj/GoogleSignIn.strings (in target 'GoogleSignIn_GoogleSignIn' from project 'GoogleSignIn')
    cd /Users/nataliewhipps/Library/Developer/Xcode/DerivedData/Prompt28-cgmmkisguitsyibyvnemfqvywbnv/SourcePackages/checkouts/GoogleSignIn-iOS
    builtin-copy -exclude .DS_Store -exclude CVS -exclude .svn -exclude .git -exclude .hg -resolve-src-symlinks /Users/nataliewhipps/Library/Developer/Xcode/DerivedData/Prompt28-cgmmkisguitsyibyvnemfqvywbnv/SourcePackages/checkouts/GoogleSignIn-iOS/GoogleSignIn/Sources/Strings/fi.lproj/GoogleSignIn.strings /Users/nataliewhipps/Library/Developer/Xcode/DerivedData/Prompt28-cgmmkisguitsyibyvnemfqvywbnv/Build/Products/Debug-iphonesimulator/GoogleSignIn_GoogleSignIn.bundle/fi.lproj

CpResource /Users/nataliewhipps/Library/Developer/Xcode/DerivedData/Prompt28-cgmmkisguitsyibyvnemfqvywbnv/Build/Products/Debug-iphonesimulator/GoogleSignIn_GoogleSignIn.bundle/es.lproj/GoogleSignIn.strings /Users/nataliewhipps/Library/Developer/Xcode/DerivedData/Prompt28-cgmmkisguitsyibyvnemfqvywbnv/SourcePackages/checkouts/GoogleSignIn-iOS/GoogleSignIn/Sources/Strings/es.lproj/GoogleSignIn.strings (in target 'GoogleSignIn_GoogleSignIn' from project 'GoogleSignIn')
    cd /Users/nataliewhipps/Library/Developer/Xcode/DerivedData/Prompt28-cgmmkisguitsyibyvnemfqvywbnv/SourcePackages/checkouts/GoogleSignIn-iOS
    builtin-copy -exclude .DS_Store -exclude CVS -exclude .svn -exclude .git -exclude .hg -resolve-src-symlinks /Users/nataliewhipps/Library/Developer/Xcode/DerivedData/Prompt28-cgmmkisguitsyibyvnemfqvywbnv/SourcePackages/checkouts/GoogleSignIn-iOS/GoogleSignIn/Sources/Strings/es.lproj/GoogleSignIn.strings /Users/nataliewhipps/Library/Developer/Xcode/DerivedData/Prompt28-cgmmkisguitsyibyvnemfqvywbnv/Build/Products/Debug-iphonesimulator/GoogleSignIn_GoogleSignIn.bundle/es.lproj

CpResource /Users/nataliewhipps/Library/Developer/Xcode/DerivedData/Prompt28-cgmmkisguitsyibyvnemfqvywbnv/Build/Products/Debug-iphonesimulator/GoogleSignIn_GoogleSignIn.bundle/es_MX.lproj/GoogleSignIn.strings /Users/nataliewhipps/Library/Developer/Xcode/DerivedData/Prompt28-cgmmkisguitsyibyvnemfqvywbnv/SourcePackages/checkouts/GoogleSignIn-iOS/GoogleSignIn/Sources/Strings/es_MX.lproj/GoogleSignIn.strings (in target 'GoogleSignIn_GoogleSignIn' from project 'GoogleSignIn')
    cd /Users/nataliewhipps/Library/Developer/Xcode/DerivedData/Prompt28-cgmmkisguitsyibyvnemfqvywbnv/SourcePackages/checkouts/GoogleSignIn-iOS
    builtin-copy -exclude .DS_Store -exclude CVS -exclude .svn -exclude .git -exclude .hg -resolve-src-symlinks /Users/nataliewhipps/Library/Developer/Xcode/DerivedData/Prompt28-cgmmkisguitsyibyvnemfqvywbnv/SourcePackages/checkouts/GoogleSignIn-iOS/GoogleSignIn/Sources/Strings/es_MX.lproj/GoogleSignIn.strings /Users/nataliewhipps/Library/Developer/Xcode/DerivedData/Prompt28-cgmmkisguitsyibyvnemfqvywbnv/Build/Products/Debug-iphonesimulator/GoogleSignIn_GoogleSignIn.bundle/es_MX.lproj

CpResource /Users/nataliewhipps/Library/Developer/Xcode/DerivedData/Prompt28-cgmmkisguitsyibyvnemfqvywbnv/Build/Products/Debug-iphonesimulator/GoogleSignIn_GoogleSignIn.bundle/en_GB.lproj/GoogleSignIn.strings /Users/nataliewhipps/Library/Developer/Xcode/DerivedData/Prompt28-cgmmkisguitsyibyvnemfqvywbnv/SourcePackages/checkouts/GoogleSignIn-iOS/GoogleSignIn/Sources/Strings/en_GB.lproj/GoogleSignIn.strings (in target 'GoogleSignIn_GoogleSignIn' from project 'GoogleSignIn')
    cd /Users/nataliewhipps/Library/Developer/Xcode/DerivedData/Prompt28-cgmmkisguitsyibyvnemfqvywbnv/SourcePackages/checkouts/GoogleSignIn-iOS
    builtin-copy -exclude .DS_Store -exclude CVS -exclude .svn -exclude .git -exclude .hg -resolve-src-symlinks /Users/nataliewhipps/Library/Developer/Xcode/DerivedData/Prompt28-cgmmkisguitsyibyvnemfqvywbnv/SourcePackages/checkouts/GoogleSignIn-iOS/GoogleSignIn/Sources/Strings/en_GB.lproj/GoogleSignIn.strings /Users/nataliewhipps/Library/Developer/Xcode/DerivedData/Prompt28-cgmmkisguitsyibyvnemfqvywbnv/Build/Products/Debug-iphonesimulator/GoogleSignIn_GoogleSignIn.bundle/en_GB.lproj

CpResource /Users/nataliewhipps/Library/Developer/Xcode/DerivedData/Prompt28-cgmmkisguitsyibyvnemfqvywbnv/Build/Products/Debug-iphonesimulator/GoogleSignIn_GoogleSignIn.bundle/en.lproj/GoogleSignIn.strings /Users/nataliewhipps/Library/Developer/Xcode/DerivedData/Prompt28-cgmmkisguitsyibyvnemfqvywbnv/SourcePackages/checkouts/GoogleSignIn-iOS/GoogleSignIn/Sources/Strings/en.lproj/GoogleSignIn.strings (in target 'GoogleSignIn_GoogleSignIn' from project 'GoogleSignIn')
    cd /Users/nataliewhipps/Library/Developer/Xcode/DerivedData/Prompt28-cgmmkisguitsyibyvnemfqvywbnv/SourcePackages/checkouts/GoogleSignIn-iOS
    builtin-copy -exclude .DS_Store -exclude CVS -exclude .svn -exclude .git -exclude .hg -resolve-src-symlinks /Users/nataliewhipps/Library/Developer/Xcode/DerivedData/Prompt28-cgmmkisguitsyibyvnemfqvywbnv/SourcePackages/checkouts/GoogleSignIn-iOS/GoogleSignIn/Sources/Strings/en.lproj/GoogleSignIn.strings /Users/nataliewhipps/Library/Developer/Xcode/DerivedData/Prompt28-cgmmkisguitsyibyvnemfqvywbnv/Build/Products/Debug-iphonesimulator/GoogleSignIn_GoogleSignIn.bundle/en.lproj

CpResource /Users/nataliewhipps/Library/Developer/Xcode/DerivedData/Prompt28-cgmmkisguitsyibyvnemfqvywbnv/Build/Products/Debug-iphonesimulator/GoogleSignIn_GoogleSignIn.bundle/el.lproj/GoogleSignIn.strings /Users/nataliewhipps/Library/Developer/Xcode/DerivedData/Prompt28-cgmmkisguitsyibyvnemfqvywbnv/SourcePackages/checkouts/GoogleSignIn-iOS/GoogleSignIn/Sources/Strings/el.lproj/GoogleSignIn.strings (in target 'GoogleSignIn_GoogleSignIn' from project 'GoogleSignIn')
    cd /Users/nataliewhipps/Library/Developer/Xcode/DerivedData/Prompt28-cgmmkisguitsyibyvnemfqvywbnv/SourcePackages/checkouts/GoogleSignIn-iOS
    builtin-copy -exclude .DS_Store -exclude CVS -exclude .svn -exclude .git -exclude .hg -resolve-src-symlinks /Users/nataliewhipps/Library/Developer/Xcode/DerivedData/Prompt28-cgmmkisguitsyibyvnemfqvywbnv/SourcePackages/checkouts/GoogleSignIn-iOS/GoogleSignIn/Sources/Strings/el.lproj/GoogleSignIn.strings /Users/nataliewhipps/Library/Developer/Xcode/DerivedData/Prompt28-cgmmkisguitsyibyvnemfqvywbnv/Build/Products/Debug-iphonesimulator/GoogleSignIn_GoogleSignIn.bundle/el.lproj

CpResource /Users/nataliewhipps/Library/Developer/Xcode/DerivedData/Prompt28-cgmmkisguitsyibyvnemfqvywbnv/Build/Products/Debug-iphonesimulator/GoogleSignIn_GoogleSignIn.bundle/de.lproj/GoogleSignIn.strings /Users/nataliewhipps/Library/Developer/Xcode/DerivedData/Prompt28-cgmmkisguitsyibyvnemfqvywbnv/SourcePackages/checkouts/GoogleSignIn-iOS/GoogleSignIn/Sources/Strings/de.lproj/GoogleSignIn.strings (in target 'GoogleSignIn_GoogleSignIn' from project 'GoogleSignIn')
    cd /Users/nataliewhipps/Library/Developer/Xcode/DerivedData/Prompt28-cgmmkisguitsyibyvnemfqvywbnv/SourcePackages/checkouts/GoogleSignIn-iOS
    builtin-copy -exclude .DS_Store -exclude CVS -exclude .svn -exclude .git -exclude .hg -resolve-src-symlinks /Users/nataliewhipps/Library/Developer/Xcode/DerivedData/Prompt28-cgmmkisguitsyibyvnemfqvywbnv/SourcePackages/checkouts/GoogleSignIn-iOS/GoogleSignIn/Sources/Strings/de.lproj/GoogleSignIn.strings /Users/nataliewhipps/Library/Developer/Xcode/DerivedData/Prompt28-cgmmkisguitsyibyvnemfqvywbnv/Build/Products/Debug-iphonesimulator/GoogleSignIn_GoogleSignIn.bundle/de.lproj

CpResource /Users/nataliewhipps/Library/Developer/Xcode/DerivedData/Prompt28-cgmmkisguitsyibyvnemfqvywbnv/Build/Products/Debug-iphonesimulator/GoogleSignIn_GoogleSignIn.bundle/da.lproj/GoogleSignIn.strings /Users/nataliewhipps/Library/Developer/Xcode/DerivedData/Prompt28-cgmmkisguitsyibyvnemfqvywbnv/SourcePackages/checkouts/GoogleSignIn-iOS/GoogleSignIn/Sources/Strings/da.lproj/GoogleSignIn.strings (in target 'GoogleSignIn_GoogleSignIn' from project 'GoogleSignIn')
    cd /Users/nataliewhipps/Library/Developer/Xcode/DerivedData/Prompt28-cgmmkisguitsyibyvnemfqvywbnv/SourcePackages/checkouts/GoogleSignIn-iOS
    builtin-copy -exclude .DS_Store -exclude CVS -exclude .svn -exclude .git -exclude .hg -resolve-src-symlinks /Users/nataliewhipps/Library/Developer/Xcode/DerivedData/Prompt28-cgmmkisguitsyibyvnemfqvywbnv/SourcePackages/checkouts/GoogleSignIn-iOS/GoogleSignIn/Sources/Strings/da.lproj/GoogleSignIn.strings /Users/nataliewhipps/Library/Developer/Xcode/DerivedData/Prompt28-cgmmkisguitsyibyvnemfqvywbnv/Build/Products/Debug-iphonesimulator/GoogleSignIn_GoogleSignIn.bundle/da.lproj

CpResource /Users/nataliewhipps/Library/Developer/Xcode/DerivedData/Prompt28-cgmmkisguitsyibyvnemfqvywbnv/Build/Products/Debug-iphonesimulator/GoogleSignIn_GoogleSignIn.bundle/cs.lproj/GoogleSignIn.strings /Users/nataliewhipps/Library/Developer/Xcode/DerivedData/Prompt28-cgmmkisguitsyibyvnemfqvywbnv/SourcePackages/checkouts/GoogleSignIn-iOS/GoogleSignIn/Sources/Strings/cs.lproj/GoogleSignIn.strings (in target 'GoogleSignIn_GoogleSignIn' from project 'GoogleSignIn')
    cd /Users/nataliewhipps/Library/Developer/Xcode/DerivedData/Prompt28-cgmmkisguitsyibyvnemfqvywbnv/SourcePackages/checkouts/GoogleSignIn-iOS
    builtin-copy -exclude .DS_Store -exclude CVS -exclude .svn -exclude .git -exclude .hg -resolve-src-symlinks /Users/nataliewhipps/Library/Developer/Xcode/DerivedData/Prompt28-cgmmkisguitsyibyvnemfqvywbnv/SourcePackages/checkouts/GoogleSignIn-iOS/GoogleSignIn/Sources/Strings/cs.lproj/GoogleSignIn.strings /Users/nataliewhipps/Library/Developer/Xcode/DerivedData/Prompt28-cgmmkisguitsyibyvnemfqvywbnv/Build/Products/Debug-iphonesimulator/GoogleSignIn_GoogleSignIn.bundle/cs.lproj

CpResource /Users/nataliewhipps/Library/Developer/Xcode/DerivedData/Prompt28-cgmmkisguitsyibyvnemfqvywbnv/Build/Products/Debug-iphonesimulator/GoogleSignIn_GoogleSignIn.bundle/ca.lproj/GoogleSignIn.strings /Users/nataliewhipps/Library/Developer/Xcode/DerivedData/Prompt28-cgmmkisguitsyibyvnemfqvywbnv/SourcePackages/checkouts/GoogleSignIn-iOS/GoogleSignIn/Sources/Strings/ca.lproj/GoogleSignIn.strings (in target 'GoogleSignIn_GoogleSignIn' from project 'GoogleSignIn')
    cd /Users/nataliewhipps/Library/Developer/Xcode/DerivedData/Prompt28-cgmmkisguitsyibyvnemfqvywbnv/SourcePackages/checkouts/GoogleSignIn-iOS
    builtin-copy -exclude .DS_Store -exclude CVS -exclude .svn -exclude .git -exclude .hg -resolve-src-symlinks /Users/nataliewhipps/Library/Developer/Xcode/DerivedData/Prompt28-cgmmkisguitsyibyvnemfqvywbnv/SourcePackages/checkouts/GoogleSignIn-iOS/GoogleSignIn/Sources/Strings/ca.lproj/GoogleSignIn.strings /Users/nataliewhipps/Library/Developer/Xcode/DerivedData/Prompt28-cgmmkisguitsyibyvnemfqvywbnv/Build/Products/Debug-iphonesimulator/GoogleSignIn_GoogleSignIn.bundle/ca.lproj

CpResource /Users/nataliewhipps/Library/Developer/Xcode/DerivedData/Prompt28-cgmmkisguitsyibyvnemfqvywbnv/Build/Products/Debug-iphonesimulator/GoogleSignIn_GoogleSignIn.bundle/ar.lproj/GoogleSignIn.strings /Users/nataliewhipps/Library/Developer/Xcode/DerivedData/Prompt28-cgmmkisguitsyibyvnemfqvywbnv/SourcePackages/checkouts/GoogleSignIn-iOS/GoogleSignIn/Sources/Strings/ar.lproj/GoogleSignIn.strings (in target 'GoogleSignIn_GoogleSignIn' from project 'GoogleSignIn')
    cd /Users/nataliewhipps/Library/Developer/Xcode/DerivedData/Prompt28-cgmmkisguitsyibyvnemfqvywbnv/SourcePackages/checkouts/GoogleSignIn-iOS
    builtin-copy -exclude .DS_Store -exclude CVS -exclude .svn -exclude .git -exclude .hg -resolve-src-symlinks /Users/nataliewhipps/Library/Developer/Xcode/DerivedData/Prompt28-cgmmkisguitsyibyvnemfqvywbnv/SourcePackages/checkouts/GoogleSignIn-iOS/GoogleSignIn/Sources/Strings/ar.lproj/GoogleSignIn.strings /Users/nataliewhipps/Library/Developer/Xcode/DerivedData/Prompt28-cgmmkisguitsyibyvnemfqvywbnv/Build/Products/Debug-iphonesimulator/GoogleSignIn_GoogleSignIn.bundle/ar.lproj

CpResource /Users/nataliewhipps/Library/Developer/Xcode/DerivedData/Prompt28-cgmmkisguitsyibyvnemfqvywbnv/Build/Products/Debug-iphonesimulator/GoogleSignIn_GoogleSignIn.bundle/Roboto-Bold.ttf /Users/nataliewhipps/Library/Developer/Xcode/DerivedData/Prompt28-cgmmkisguitsyibyvnemfqvywbnv/SourcePackages/checkouts/GoogleSignIn-iOS/GoogleSignIn/Sources/Resources/Roboto-Bold.ttf (in target 'GoogleSignIn_GoogleSignIn' from project 'GoogleSignIn')
    cd /Users/nataliewhipps/Library/Developer/Xcode/DerivedData/Prompt28-cgmmkisguitsyibyvnemfqvywbnv/SourcePackages/checkouts/GoogleSignIn-iOS
    builtin-copy -exclude .DS_Store -exclude CVS -exclude .svn -exclude .git -exclude .hg -resolve-src-symlinks /Users/nataliewhipps/Library/Developer/Xcode/DerivedData/Prompt28-cgmmkisguitsyibyvnemfqvywbnv/SourcePackages/checkouts/GoogleSignIn-iOS/GoogleSignIn/Sources/Resources/Roboto-Bold.ttf /Users/nataliewhipps/Library/Developer/Xcode/DerivedData/Prompt28-cgmmkisguitsyibyvnemfqvywbnv/Build/Products/Debug-iphonesimulator/GoogleSignIn_GoogleSignIn.bundle

CpResource /Users/nataliewhipps/Library/Developer/Xcode/DerivedData/Prompt28-cgmmkisguitsyibyvnemfqvywbnv/Build/Products/Debug-iphonesimulator/GoogleSignIn_GoogleSignIn.bundle/PrivacyInfo.xcprivacy /Users/nataliewhipps/Library/Developer/Xcode/DerivedData/Prompt28-cgmmkisguitsyibyvnemfqvywbnv/SourcePackages/checkouts/GoogleSignIn-iOS/GoogleSignIn/Sources/Resources/PrivacyInfo.xcprivacy (in target 'GoogleSignIn_GoogleSignIn' from project 'GoogleSignIn')
    cd /Users/nataliewhipps/Library/Developer/Xcode/DerivedData/Prompt28-cgmmkisguitsyibyvnemfqvywbnv/SourcePackages/checkouts/GoogleSignIn-iOS
    builtin-copy -exclude .DS_Store -exclude CVS -exclude .svn -exclude .git -exclude .hg -resolve-src-symlinks /Users/nataliewhipps/Library/Developer/Xcode/DerivedData/Prompt28-cgmmkisguitsyibyvnemfqvywbnv/SourcePackages/checkouts/GoogleSignIn-iOS/GoogleSignIn/Sources/Resources/PrivacyInfo.xcprivacy /Users/nataliewhipps/Library/Developer/Xcode/DerivedData/Prompt28-cgmmkisguitsyibyvnemfqvywbnv/Build/Products/Debug-iphonesimulator/GoogleSignIn_GoogleSignIn.bundle

ProcessInfoPlistFile /Users/nataliewhipps/Library/Developer/Xcode/DerivedData/Prompt28-cgmmkisguitsyibyvnemfqvywbnv/Build/Products/Debug-iphonesimulator/GTMSessionFetcher_GTMSessionFetcherCore.bundle/Info.plist /Users/nataliewhipps/Library/Developer/Xcode/DerivedData/Prompt28-cgmmkisguitsyibyvnemfqvywbnv/Build/Intermediates.noindex/GTMSessionFetcher.build/Debug-iphonesimulator/GTMSessionFetcher_GTMSessionFetcherCore.build/empty-GTMSessionFetcher_GTMSessionFetcherCore.plist (in target 'GTMSessionFetcher_GTMSessionFetcherCore' from project 'GTMSessionFetcher')
    cd /Users/nataliewhipps/Library/Developer/Xcode/DerivedData/Prompt28-cgmmkisguitsyibyvnemfqvywbnv/SourcePackages/checkouts/gtm-session-fetcher
    builtin-infoPlistUtility /Users/nataliewhipps/Library/Developer/Xcode/DerivedData/Prompt28-cgmmkisguitsyibyvnemfqvywbnv/Build/Intermediates.noindex/GTMSessionFetcher.build/Debug-iphonesimulator/GTMSessionFetcher_GTMSessionFetcherCore.build/empty-GTMSessionFetcher_GTMSessionFetcherCore.plist -producttype com.apple.product-type.bundle -expandbuildsettings -format binary -platform iphonesimulator -o /Users/nataliewhipps/Library/Developer/Xcode/DerivedData/Prompt28-cgmmkisguitsyibyvnemfqvywbnv/Build/Products/Debug-iphonesimulator/GTMSessionFetcher_GTMSessionFetcherCore.bundle/Info.plist

CpResource /Users/nataliewhipps/Library/Developer/Xcode/DerivedData/Prompt28-cgmmkisguitsyibyvnemfqvywbnv/Build/Products/Debug-iphonesimulator/GTMSessionFetcher_GTMSessionFetcherCore.bundle/PrivacyInfo.xcprivacy /Users/nataliewhipps/Library/Developer/Xcode/DerivedData/Prompt28-cgmmkisguitsyibyvnemfqvywbnv/SourcePackages/checkouts/gtm-session-fetcher/Sources/Core/Resources/PrivacyInfo.xcprivacy (in target 'GTMSessionFetcher_GTMSessionFetcherCore' from project 'GTMSessionFetcher')
    cd /Users/nataliewhipps/Library/Developer/Xcode/DerivedData/Prompt28-cgmmkisguitsyibyvnemfqvywbnv/SourcePackages/checkouts/gtm-session-fetcher
    builtin-copy -exclude .DS_Store -exclude CVS -exclude .svn -exclude .git -exclude .hg -resolve-src-symlinks /Users/nataliewhipps/Library/Developer/Xcode/DerivedData/Prompt28-cgmmkisguitsyibyvnemfqvywbnv/SourcePackages/checkouts/gtm-session-fetcher/Sources/Core/Resources/PrivacyInfo.xcprivacy /Users/nataliewhipps/Library/Developer/Xcode/DerivedData/Prompt28-cgmmkisguitsyibyvnemfqvywbnv/Build/Products/Debug-iphonesimulator/GTMSessionFetcher_GTMSessionFetcherCore.bundle

CodeSign /Users/nataliewhipps/Library/Developer/Xcode/DerivedData/Prompt28-cgmmkisguitsyibyvnemfqvywbnv/Build/Products/Debug-iphonesimulator/Promises_FBLPromises.bundle (in target 'Promises_FBLPromises' from project 'Promises')
    cd /Users/nataliewhipps/Library/Developer/Xcode/DerivedData/Prompt28-cgmmkisguitsyibyvnemfqvywbnv/SourcePackages/checkouts/promises
    
    Signing Identity:     "Sign to Run Locally"
    
    /usr/bin/codesign --force --sign - --timestamp\=none --generate-entitlement-der /Users/nataliewhipps/Library/Developer/Xcode/DerivedData/Prompt28-cgmmkisguitsyibyvnemfqvywbnv/Build/Products/Debug-iphonesimulator/Promises_FBLPromises.bundle

CodeSign /Users/nataliewhipps/Library/Developer/Xcode/DerivedData/Prompt28-cgmmkisguitsyibyvnemfqvywbnv/Build/Products/Debug-iphonesimulator/GoogleUtilities_GoogleUtilities-Logger.bundle (in target 'GoogleUtilities_GoogleUtilities-Logger' from project 'GoogleUtilities')
    cd /Users/nataliewhipps/Library/Developer/Xcode/DerivedData/Prompt28-cgmmkisguitsyibyvnemfqvywbnv/SourcePackages/checkouts/GoogleUtilities
    
    Signing Identity:     "Sign to Run Locally"
    
    /usr/bin/codesign --force --sign - --timestamp\=none --generate-entitlement-der /Users/nataliewhipps/Library/Developer/Xcode/DerivedData/Prompt28-cgmmkisguitsyibyvnemfqvywbnv/Build/Products/Debug-iphonesimulator/GoogleUtilities_GoogleUtilities-Logger.bundle

CodeSign /Users/nataliewhipps/Library/Developer/Xcode/DerivedData/Prompt28-cgmmkisguitsyibyvnemfqvywbnv/Build/Products/Debug-iphonesimulator/GoogleUtilities_GoogleUtilities-UserDefaults.bundle (in target 'GoogleUtilities_GoogleUtilities-UserDefaults' from project 'GoogleUtilities')
    cd /Users/nataliewhipps/Library/Developer/Xcode/DerivedData/Prompt28-cgmmkisguitsyibyvnemfqvywbnv/SourcePackages/checkouts/GoogleUtilities
    
    Signing Identity:     "Sign to Run Locally"
    
    /usr/bin/codesign --force --sign - --timestamp\=none --generate-entitlement-der /Users/nataliewhipps/Library/Developer/Xcode/DerivedData/Prompt28-cgmmkisguitsyibyvnemfqvywbnv/Build/Products/Debug-iphonesimulator/GoogleUtilities_GoogleUtilities-UserDefaults.bundle

CodeSign /Users/nataliewhipps/Library/Developer/Xcode/DerivedData/Prompt28-cgmmkisguitsyibyvnemfqvywbnv/Build/Products/Debug-iphonesimulator/GoogleUtilities_GoogleUtilities-Environment.bundle (in target 'GoogleUtilities_GoogleUtilities-Environment' from project 'GoogleUtilities')
    cd /Users/nataliewhipps/Library/Developer/Xcode/DerivedData/Prompt28-cgmmkisguitsyibyvnemfqvywbnv/SourcePackages/checkouts/GoogleUtilities
    
    Signing Identity:     "Sign to Run Locally"
    
    /usr/bin/codesign --force --sign - --timestamp\=none --generate-entitlement-der /Users/nataliewhipps/Library/Developer/Xcode/DerivedData/Prompt28-cgmmkisguitsyibyvnemfqvywbnv/Build/Products/Debug-iphonesimulator/GoogleUtilities_GoogleUtilities-Environment.bundle

CodeSign /Users/nataliewhipps/Library/Developer/Xcode/DerivedData/Prompt28-cgmmkisguitsyibyvnemfqvywbnv/Build/Products/Debug-iphonesimulator/GoogleSignIn_GoogleSignInSwift.bundle (in target 'GoogleSignIn_GoogleSignInSwift' from project 'GoogleSignIn')
    cd /Users/nataliewhipps/Library/Developer/Xcode/DerivedData/Prompt28-cgmmkisguitsyibyvnemfqvywbnv/SourcePackages/checkouts/GoogleSignIn-iOS
    
    Signing Identity:     "Sign to Run Locally"
    
    /usr/bin/codesign --force --sign - --timestamp\=none --generate-entitlement-der /Users/nataliewhipps/Library/Developer/Xcode/DerivedData/Prompt28-cgmmkisguitsyibyvnemfqvywbnv/Build/Products/Debug-iphonesimulator/GoogleSignIn_GoogleSignInSwift.bundle

CodeSign /Users/nataliewhipps/Library/Developer/Xcode/DerivedData/Prompt28-cgmmkisguitsyibyvnemfqvywbnv/Build/Products/Debug-iphonesimulator/GoogleSignIn_GoogleSignIn.bundle (in target 'GoogleSignIn_GoogleSignIn' from project 'GoogleSignIn')
    cd /Users/nataliewhipps/Library/Developer/Xcode/DerivedData/Prompt28-cgmmkisguitsyibyvnemfqvywbnv/SourcePackages/checkouts/GoogleSignIn-iOS
    
    Signing Identity:     "Sign to Run Locally"
    
    /usr/bin/codesign --force --sign - --timestamp\=none --generate-entitlement-der /Users/nataliewhipps/Library/Developer/Xcode/DerivedData/Prompt28-cgmmkisguitsyibyvnemfqvywbnv/Build/Products/Debug-iphonesimulator/GoogleSignIn_GoogleSignIn.bundle

RegisterExecutionPolicyException /Users/nataliewhipps/Library/Developer/Xcode/DerivedData/Prompt28-cgmmkisguitsyibyvnemfqvywbnv/Build/Products/Debug-iphonesimulator/Promises_FBLPromises.bundle (in target 'Promises_FBLPromises' from project 'Promises')
    cd /Users/nataliewhipps/Library/Developer/Xcode/DerivedData/Prompt28-cgmmkisguitsyibyvnemfqvywbnv/SourcePackages/checkouts/promises
    builtin-RegisterExecutionPolicyException /Users/nataliewhipps/Library/Developer/Xcode/DerivedData/Prompt28-cgmmkisguitsyibyvnemfqvywbnv/Build/Products/Debug-iphonesimulator/Promises_FBLPromises.bundle

RegisterExecutionPolicyException /Users/nataliewhipps/Library/Developer/Xcode/DerivedData/Prompt28-cgmmkisguitsyibyvnemfqvywbnv/Build/Products/Debug-iphonesimulator/GoogleUtilities_GoogleUtilities-UserDefaults.bundle (in target 'GoogleUtilities_GoogleUtilities-UserDefaults' from project 'GoogleUtilities')
    cd /Users/nataliewhipps/Library/Developer/Xcode/DerivedData/Prompt28-cgmmkisguitsyibyvnemfqvywbnv/SourcePackages/checkouts/GoogleUtilities
    builtin-RegisterExecutionPolicyException /Users/nataliewhipps/Library/Developer/Xcode/DerivedData/Prompt28-cgmmkisguitsyibyvnemfqvywbnv/Build/Products/Debug-iphonesimulator/GoogleUtilities_GoogleUtilities-UserDefaults.bundle

RegisterExecutionPolicyException /Users/nataliewhipps/Library/Developer/Xcode/DerivedData/Prompt28-cgmmkisguitsyibyvnemfqvywbnv/Build/Products/Debug-iphonesimulator/GoogleSignIn_GoogleSignInSwift.bundle (in target 'GoogleSignIn_GoogleSignInSwift' from project 'GoogleSignIn')
    cd /Users/nataliewhipps/Library/Developer/Xcode/DerivedData/Prompt28-cgmmkisguitsyibyvnemfqvywbnv/SourcePackages/checkouts/GoogleSignIn-iOS
    builtin-RegisterExecutionPolicyException /Users/nataliewhipps/Library/Developer/Xcode/DerivedData/Prompt28-cgmmkisguitsyibyvnemfqvywbnv/Build/Products/Debug-iphonesimulator/GoogleSignIn_GoogleSignInSwift.bundle

RegisterExecutionPolicyException /Users/nataliewhipps/Library/Developer/Xcode/DerivedData/Prompt28-cgmmkisguitsyibyvnemfqvywbnv/Build/Products/Debug-iphonesimulator/GoogleUtilities_GoogleUtilities-Environment.bundle (in target 'GoogleUtilities_GoogleUtilities-Environment' from project 'GoogleUtilities')
    cd /Users/nataliewhipps/Library/Developer/Xcode/DerivedData/Prompt28-cgmmkisguitsyibyvnemfqvywbnv/SourcePackages/checkouts/GoogleUtilities
    builtin-RegisterExecutionPolicyException /Users/nataliewhipps/Library/Developer/Xcode/DerivedData/Prompt28-cgmmkisguitsyibyvnemfqvywbnv/Build/Products/Debug-iphonesimulator/GoogleUtilities_GoogleUtilities-Environment.bundle

RegisterExecutionPolicyException /Users/nataliewhipps/Library/Developer/Xcode/DerivedData/Prompt28-cgmmkisguitsyibyvnemfqvywbnv/Build/Products/Debug-iphonesimulator/GoogleUtilities_GoogleUtilities-Logger.bundle (in target 'GoogleUtilities_GoogleUtilities-Logger' from project 'GoogleUtilities')
    cd /Users/nataliewhipps/Library/Developer/Xcode/DerivedData/Prompt28-cgmmkisguitsyibyvnemfqvywbnv/SourcePackages/checkouts/GoogleUtilities
    builtin-RegisterExecutionPolicyException /Users/nataliewhipps/Library/Developer/Xcode/DerivedData/Prompt28-cgmmkisguitsyibyvnemfqvywbnv/Build/Products/Debug-iphonesimulator/GoogleUtilities_GoogleUtilities-Logger.bundle

RegisterExecutionPolicyException /Users/nataliewhipps/Library/Developer/Xcode/DerivedData/Prompt28-cgmmkisguitsyibyvnemfqvywbnv/Build/Products/Debug-iphonesimulator/GoogleSignIn_GoogleSignIn.bundle (in target 'GoogleSignIn_GoogleSignIn' from project 'GoogleSignIn')
    cd /Users/nataliewhipps/Library/Developer/Xcode/DerivedData/Prompt28-cgmmkisguitsyibyvnemfqvywbnv/SourcePackages/checkouts/GoogleSignIn-iOS
    builtin-RegisterExecutionPolicyException /Users/nataliewhipps/Library/Developer/Xcode/DerivedData/Prompt28-cgmmkisguitsyibyvnemfqvywbnv/Build/Products/Debug-iphonesimulator/GoogleSignIn_GoogleSignIn.bundle

CodeSign /Users/nataliewhipps/Library/Developer/Xcode/DerivedData/Prompt28-cgmmkisguitsyibyvnemfqvywbnv/Build/Products/Debug-iphonesimulator/GTMSessionFetcher_GTMSessionFetcherCore.bundle (in target 'GTMSessionFetcher_GTMSessionFetcherCore' from project 'GTMSessionFetcher')
    cd /Users/nataliewhipps/Library/Developer/Xcode/DerivedData/Prompt28-cgmmkisguitsyibyvnemfqvywbnv/SourcePackages/checkouts/gtm-session-fetcher
    
    Signing Identity:     "Sign to Run Locally"
    
    /usr/bin/codesign --force --sign - --timestamp\=none --generate-entitlement-der /Users/nataliewhipps/Library/Developer/Xcode/DerivedData/Prompt28-cgmmkisguitsyibyvnemfqvywbnv/Build/Products/Debug-iphonesimulator/GTMSessionFetcher_GTMSessionFetcherCore.bundle

RegisterExecutionPolicyException /Users/nataliewhipps/Library/Developer/Xcode/DerivedData/Prompt28-cgmmkisguitsyibyvnemfqvywbnv/Build/Products/Debug-iphonesimulator/GTMSessionFetcher_GTMSessionFetcherCore.bundle (in target 'GTMSessionFetcher_GTMSessionFetcherCore' from project 'GTMSessionFetcher')
    cd /Users/nataliewhipps/Library/Developer/Xcode/DerivedData/Prompt28-cgmmkisguitsyibyvnemfqvywbnv/SourcePackages/checkouts/gtm-session-fetcher
    builtin-RegisterExecutionPolicyException /Users/nataliewhipps/Library/Developer/Xcode/DerivedData/Prompt28-cgmmkisguitsyibyvnemfqvywbnv/Build/Products/Debug-iphonesimulator/GTMSessionFetcher_GTMSessionFetcherCore.bundle

Touch /Users/nataliewhipps/Library/Developer/Xcode/DerivedData/Prompt28-cgmmkisguitsyibyvnemfqvywbnv/Build/Products/Debug-iphonesimulator/GoogleUtilities_GoogleUtilities-Environment.bundle (in target 'GoogleUtilities_GoogleUtilities-Environment' from project 'GoogleUtilities')
    cd /Users/nataliewhipps/Library/Developer/Xcode/DerivedData/Prompt28-cgmmkisguitsyibyvnemfqvywbnv/SourcePackages/checkouts/GoogleUtilities
    /usr/bin/touch -c /Users/nataliewhipps/Library/Developer/Xcode/DerivedData/Prompt28-cgmmkisguitsyibyvnemfqvywbnv/Build/Products/Debug-iphonesimulator/GoogleUtilities_GoogleUtilities-Environment.bundle

ProcessInfoPlistFile /Users/nataliewhipps/Library/Developer/Xcode/DerivedData/Prompt28-cgmmkisguitsyibyvnemfqvywbnv/Build/Products/Debug-iphonesimulator/GTMAppAuth_GTMAppAuth.bundle/Info.plist /Users/nataliewhipps/Library/Developer/Xcode/DerivedData/Prompt28-cgmmkisguitsyibyvnemfqvywbnv/Build/Intermediates.noindex/GTMAppAuth.build/Debug-iphonesimulator/GTMAppAuth_GTMAppAuth.build/empty-GTMAppAuth_GTMAppAuth.plist (in target 'GTMAppAuth_GTMAppAuth' from project 'GTMAppAuth')
    cd /Users/nataliewhipps/Library/Developer/Xcode/DerivedData/Prompt28-cgmmkisguitsyibyvnemfqvywbnv/SourcePackages/checkouts/GTMAppAuth
    builtin-infoPlistUtility /Users/nataliewhipps/Library/Developer/Xcode/DerivedData/Prompt28-cgmmkisguitsyibyvnemfqvywbnv/Build/Intermediates.noindex/GTMAppAuth.build/Debug-iphonesimulator/GTMAppAuth_GTMAppAuth.build/empty-GTMAppAuth_GTMAppAuth.plist -producttype com.apple.product-type.bundle -expandbuildsettings -format binary -platform iphonesimulator -o /Users/nataliewhipps/Library/Developer/Xcode/DerivedData/Prompt28-cgmmkisguitsyibyvnemfqvywbnv/Build/Products/Debug-iphonesimulator/GTMAppAuth_GTMAppAuth.bundle/Info.plist

CpResource /Users/nataliewhipps/Library/Developer/Xcode/DerivedData/Prompt28-cgmmkisguitsyibyvnemfqvywbnv/Build/Products/Debug-iphonesimulator/GTMAppAuth_GTMAppAuth.bundle/PrivacyInfo.xcprivacy /Users/nataliewhipps/Library/Developer/Xcode/DerivedData/Prompt28-cgmmkisguitsyibyvnemfqvywbnv/SourcePackages/checkouts/GTMAppAuth/GTMAppAuth/Sources/Resources/PrivacyInfo.xcprivacy (in target 'GTMAppAuth_GTMAppAuth' from project 'GTMAppAuth')
    cd /Users/nataliewhipps/Library/Developer/Xcode/DerivedData/Prompt28-cgmmkisguitsyibyvnemfqvywbnv/SourcePackages/checkouts/GTMAppAuth
    builtin-copy -exclude .DS_Store -exclude CVS -exclude .svn -exclude .git -exclude .hg -resolve-src-symlinks /Users/nataliewhipps/Library/Developer/Xcode/DerivedData/Prompt28-cgmmkisguitsyibyvnemfqvywbnv/SourcePackages/checkouts/GTMAppAuth/GTMAppAuth/Sources/Resources/PrivacyInfo.xcprivacy /Users/nataliewhipps/Library/Developer/Xcode/DerivedData/Prompt28-cgmmkisguitsyibyvnemfqvywbnv/Build/Products/Debug-iphonesimulator/GTMAppAuth_GTMAppAuth.bundle

CodeSign /Users/nataliewhipps/Library/Developer/Xcode/DerivedData/Prompt28-cgmmkisguitsyibyvnemfqvywbnv/Build/Products/Debug-iphonesimulator/GTMAppAuth_GTMAppAuth.bundle (in target 'GTMAppAuth_GTMAppAuth' from project 'GTMAppAuth')
    cd /Users/nataliewhipps/Library/Developer/Xcode/DerivedData/Prompt28-cgmmkisguitsyibyvnemfqvywbnv/SourcePackages/checkouts/GTMAppAuth
    
    Signing Identity:     "Sign to Run Locally"
    
    /usr/bin/codesign --force --sign - --timestamp\=none --generate-entitlement-der /Users/nataliewhipps/Library/Developer/Xcode/DerivedData/Prompt28-cgmmkisguitsyibyvnemfqvywbnv/Build/Products/Debug-iphonesimulator/GTMAppAuth_GTMAppAuth.bundle

Touch /Users/nataliewhipps/Library/Developer/Xcode/DerivedData/Prompt28-cgmmkisguitsyibyvnemfqvywbnv/Build/Products/Debug-iphonesimulator/GoogleUtilities_GoogleUtilities-UserDefaults.bundle (in target 'GoogleUtilities_GoogleUtilities-UserDefaults' from project 'GoogleUtilities')
    cd /Users/nataliewhipps/Library/Developer/Xcode/DerivedData/Prompt28-cgmmkisguitsyibyvnemfqvywbnv/SourcePackages/checkouts/GoogleUtilities
    /usr/bin/touch -c /Users/nataliewhipps/Library/Developer/Xcode/DerivedData/Prompt28-cgmmkisguitsyibyvnemfqvywbnv/Build/Products/Debug-iphonesimulator/GoogleUtilities_GoogleUtilities-UserDefaults.bundle

ProcessInfoPlistFile /Users/nataliewhipps/Library/Developer/Xcode/DerivedData/Prompt28-cgmmkisguitsyibyvnemfqvywbnv/Build/Products/Debug-iphonesimulator/AppAuth_AppAuthCore.bundle/Info.plist /Users/nataliewhipps/Library/Developer/Xcode/DerivedData/Prompt28-cgmmkisguitsyibyvnemfqvywbnv/Build/Intermediates.noindex/AppAuth.build/Debug-iphonesimulator/AppAuth_AppAuthCore.build/empty-AppAuth_AppAuthCore.plist (in target 'AppAuth_AppAuthCore' from project 'AppAuth')
    cd /Users/nataliewhipps/Library/Developer/Xcode/DerivedData/Prompt28-cgmmkisguitsyibyvnemfqvywbnv/SourcePackages/checkouts/AppAuth-iOS
    builtin-infoPlistUtility /Users/nataliewhipps/Library/Developer/Xcode/DerivedData/Prompt28-cgmmkisguitsyibyvnemfqvywbnv/Build/Intermediates.noindex/AppAuth.build/Debug-iphonesimulator/AppAuth_AppAuthCore.build/empty-AppAuth_AppAuthCore.plist -producttype com.apple.product-type.bundle -expandbuildsettings -format binary -platform iphonesimulator -o /Users/nataliewhipps/Library/Developer/Xcode/DerivedData/Prompt28-cgmmkisguitsyibyvnemfqvywbnv/Build/Products/Debug-iphonesimulator/AppAuth_AppAuthCore.bundle/Info.plist

CpResource /Users/nataliewhipps/Library/Developer/Xcode/DerivedData/Prompt28-cgmmkisguitsyibyvnemfqvywbnv/Build/Products/Debug-iphonesimulator/AppAuth_AppAuthCore.bundle/PrivacyInfo.xcprivacy /Users/nataliewhipps/Library/Developer/Xcode/DerivedData/Prompt28-cgmmkisguitsyibyvnemfqvywbnv/SourcePackages/checkouts/AppAuth-iOS/Sources/AppAuthCore/Resources/PrivacyInfo.xcprivacy (in target 'AppAuth_AppAuthCore' from project 'AppAuth')
    cd /Users/nataliewhipps/Library/Developer/Xcode/DerivedData/Prompt28-cgmmkisguitsyibyvnemfqvywbnv/SourcePackages/checkouts/AppAuth-iOS
    builtin-copy -exclude .DS_Store -exclude CVS -exclude .svn -exclude .git -exclude .hg -resolve-src-symlinks /Users/nataliewhipps/Library/Developer/Xcode/DerivedData/Prompt28-cgmmkisguitsyibyvnemfqvywbnv/SourcePackages/checkouts/AppAuth-iOS/Sources/AppAuthCore/Resources/PrivacyInfo.xcprivacy /Users/nataliewhipps/Library/Developer/Xcode/DerivedData/Prompt28-cgmmkisguitsyibyvnemfqvywbnv/Build/Products/Debug-iphonesimulator/AppAuth_AppAuthCore.bundle

RegisterExecutionPolicyException /Users/nataliewhipps/Library/Developer/Xcode/DerivedData/Prompt28-cgmmkisguitsyibyvnemfqvywbnv/Build/Products/Debug-iphonesimulator/GTMAppAuth_GTMAppAuth.bundle (in target 'GTMAppAuth_GTMAppAuth' from project 'GTMAppAuth')
    cd /Users/nataliewhipps/Library/Developer/Xcode/DerivedData/Prompt28-cgmmkisguitsyibyvnemfqvywbnv/SourcePackages/checkouts/GTMAppAuth
    builtin-RegisterExecutionPolicyException /Users/nataliewhipps/Library/Developer/Xcode/DerivedData/Prompt28-cgmmkisguitsyibyvnemfqvywbnv/Build/Products/Debug-iphonesimulator/GTMAppAuth_GTMAppAuth.bundle

Touch /Users/nataliewhipps/Library/Developer/Xcode/DerivedData/Prompt28-cgmmkisguitsyibyvnemfqvywbnv/Build/Products/Debug-iphonesimulator/GoogleSignIn_GoogleSignInSwift.bundle (in target 'GoogleSignIn_GoogleSignInSwift' from project 'GoogleSignIn')
    cd /Users/nataliewhipps/Library/Developer/Xcode/DerivedData/Prompt28-cgmmkisguitsyibyvnemfqvywbnv/SourcePackages/checkouts/GoogleSignIn-iOS
    /usr/bin/touch -c /Users/nataliewhipps/Library/Developer/Xcode/DerivedData/Prompt28-cgmmkisguitsyibyvnemfqvywbnv/Build/Products/Debug-iphonesimulator/GoogleSignIn_GoogleSignInSwift.bundle

ProcessInfoPlistFile /Users/nataliewhipps/Library/Developer/Xcode/DerivedData/Prompt28-cgmmkisguitsyibyvnemfqvywbnv/Build/Products/Debug-iphonesimulator/AppAuth_AppAuth.bundle/Info.plist /Users/nataliewhipps/Library/Developer/Xcode/DerivedData/Prompt28-cgmmkisguitsyibyvnemfqvywbnv/Build/Intermediates.noindex/AppAuth.build/Debug-iphonesimulator/AppAuth_AppAuth.build/empty-AppAuth_AppAuth.plist (in target 'AppAuth_AppAuth' from project 'AppAuth')
    cd /Users/nataliewhipps/Library/Developer/Xcode/DerivedData/Prompt28-cgmmkisguitsyibyvnemfqvywbnv/SourcePackages/checkouts/AppAuth-iOS
    builtin-infoPlistUtility /Users/nataliewhipps/Library/Developer/Xcode/DerivedData/Prompt28-cgmmkisguitsyibyvnemfqvywbnv/Build/Intermediates.noindex/AppAuth.build/Debug-iphonesimulator/AppAuth_AppAuth.build/empty-AppAuth_AppAuth.plist -producttype com.apple.product-type.bundle -expandbuildsettings -format binary -platform iphonesimulator -o /Users/nataliewhipps/Library/Developer/Xcode/DerivedData/Prompt28-cgmmkisguitsyibyvnemfqvywbnv/Build/Products/Debug-iphonesimulator/AppAuth_AppAuth.bundle/Info.plist

CpResource /Users/nataliewhipps/Library/Developer/Xcode/DerivedData/Prompt28-cgmmkisguitsyibyvnemfqvywbnv/Build/Products/Debug-iphonesimulator/AppAuth_AppAuth.bundle/PrivacyInfo.xcprivacy /Users/nataliewhipps/Library/Developer/Xcode/DerivedData/Prompt28-cgmmkisguitsyibyvnemfqvywbnv/SourcePackages/checkouts/AppAuth-iOS/Sources/AppAuth/Resources/PrivacyInfo.xcprivacy (in target 'AppAuth_AppAuth' from project 'AppAuth')
    cd /Users/nataliewhipps/Library/Developer/Xcode/DerivedData/Prompt28-cgmmkisguitsyibyvnemfqvywbnv/SourcePackages/checkouts/AppAuth-iOS
    builtin-copy -exclude .DS_Store -exclude CVS -exclude .svn -exclude .git -exclude .hg -resolve-src-symlinks /Users/nataliewhipps/Library/Developer/Xcode/DerivedData/Prompt28-cgmmkisguitsyibyvnemfqvywbnv/SourcePackages/checkouts/AppAuth-iOS/Sources/AppAuth/Resources/PrivacyInfo.xcprivacy /Users/nataliewhipps/Library/Developer/Xcode/DerivedData/Prompt28-cgmmkisguitsyibyvnemfqvywbnv/Build/Products/Debug-iphonesimulator/AppAuth_AppAuth.bundle

CodeSign /Users/nataliewhipps/Library/Developer/Xcode/DerivedData/Prompt28-cgmmkisguitsyibyvnemfqvywbnv/Build/Products/Debug-iphonesimulator/AppAuth_AppAuthCore.bundle (in target 'AppAuth_AppAuthCore' from project 'AppAuth')
    cd /Users/nataliewhipps/Library/Developer/Xcode/DerivedData/Prompt28-cgmmkisguitsyibyvnemfqvywbnv/SourcePackages/checkouts/AppAuth-iOS
    
    Signing Identity:     "Sign to Run Locally"
    
    /usr/bin/codesign --force --sign - --timestamp\=none --generate-entitlement-der /Users/nataliewhipps/Library/Developer/Xcode/DerivedData/Prompt28-cgmmkisguitsyibyvnemfqvywbnv/Build/Products/Debug-iphonesimulator/AppAuth_AppAuthCore.bundle

CreateBuildDirectory /Users/nataliewhipps/Library/Developer/Xcode/DerivedData/Prompt28-cgmmkisguitsyibyvnemfqvywbnv/Build/Products/Debug-iphonesimulator/PackageFrameworks
    cd /Users/nataliewhipps/Desktop/Prompt28/Prompt28.xcodeproj
    builtin-create-build-directory /Users/nataliewhipps/Library/Developer/Xcode/DerivedData/Prompt28-cgmmkisguitsyibyvnemfqvywbnv/Build/Products/Debug-iphonesimulator/PackageFrameworks

CodeSign /Users/nataliewhipps/Library/Developer/Xcode/DerivedData/Prompt28-cgmmkisguitsyibyvnemfqvywbnv/Build/Products/Debug-iphonesimulator/AppAuth_AppAuth.bundle (in target 'AppAuth_AppAuth' from project 'AppAuth')
    cd /Users/nataliewhipps/Library/Developer/Xcode/DerivedData/Prompt28-cgmmkisguitsyibyvnemfqvywbnv/SourcePackages/checkouts/AppAuth-iOS
    
    Signing Identity:     "Sign to Run Locally"
    
    /usr/bin/codesign --force --sign - --timestamp\=none --generate-entitlement-der /Users/nataliewhipps/Library/Developer/Xcode/DerivedData/Prompt28-cgmmkisguitsyibyvnemfqvywbnv/Build/Products/Debug-iphonesimulator/AppAuth_AppAuth.bundle

Touch /Users/nataliewhipps/Library/Developer/Xcode/DerivedData/Prompt28-cgmmkisguitsyibyvnemfqvywbnv/Build/Products/Debug-iphonesimulator/Promises_FBLPromises.bundle (in target 'Promises_FBLPromises' from project 'Promises')
    cd /Users/nataliewhipps/Library/Developer/Xcode/DerivedData/Prompt28-cgmmkisguitsyibyvnemfqvywbnv/SourcePackages/checkouts/promises
    /usr/bin/touch -c /Users/nataliewhipps/Library/Developer/Xcode/DerivedData/Prompt28-cgmmkisguitsyibyvnemfqvywbnv/Build/Products/Debug-iphonesimulator/Promises_FBLPromises.bundle

RegisterExecutionPolicyException /Users/nataliewhipps/Library/Developer/Xcode/DerivedData/Prompt28-cgmmkisguitsyibyvnemfqvywbnv/Build/Products/Debug-iphonesimulator/AppAuth_AppAuthCore.bundle (in target 'AppAuth_AppAuthCore' from project 'AppAuth')
    cd /Users/nataliewhipps/Library/Developer/Xcode/DerivedData/Prompt28-cgmmkisguitsyibyvnemfqvywbnv/SourcePackages/checkouts/AppAuth-iOS
    builtin-RegisterExecutionPolicyException /Users/nataliewhipps/Library/Developer/Xcode/DerivedData/Prompt28-cgmmkisguitsyibyvnemfqvywbnv/Build/Products/Debug-iphonesimulator/AppAuth_AppAuthCore.bundle

RegisterExecutionPolicyException /Users/nataliewhipps/Library/Developer/Xcode/DerivedData/Prompt28-cgmmkisguitsyibyvnemfqvywbnv/Build/Products/Debug-iphonesimulator/AppAuth_AppAuth.bundle (in target 'AppAuth_AppAuth' from project 'AppAuth')
    cd /Users/nataliewhipps/Library/Developer/Xcode/DerivedData/Prompt28-cgmmkisguitsyibyvnemfqvywbnv/SourcePackages/checkouts/AppAuth-iOS
    builtin-RegisterExecutionPolicyException /Users/nataliewhipps/Library/Developer/Xcode/DerivedData/Prompt28-cgmmkisguitsyibyvnemfqvywbnv/Build/Products/Debug-iphonesimulator/AppAuth_AppAuth.bundle

Touch /Users/nataliewhipps/Library/Developer/Xcode/DerivedData/Prompt28-cgmmkisguitsyibyvnemfqvywbnv/Build/Products/Debug-iphonesimulator/GoogleUtilities_GoogleUtilities-Logger.bundle (in target 'GoogleUtilities_GoogleUtilities-Logger' from project 'GoogleUtilities')
    cd /Users/nataliewhipps/Library/Developer/Xcode/DerivedData/Prompt28-cgmmkisguitsyibyvnemfqvywbnv/SourcePackages/checkouts/GoogleUtilities
    /usr/bin/touch -c /Users/nataliewhipps/Library/Developer/Xcode/DerivedData/Prompt28-cgmmkisguitsyibyvnemfqvywbnv/Build/Products/Debug-iphonesimulator/GoogleUtilities_GoogleUtilities-Logger.bundle

Touch /Users/nataliewhipps/Library/Developer/Xcode/DerivedData/Prompt28-cgmmkisguitsyibyvnemfqvywbnv/Build/Products/Debug-iphonesimulator/GoogleSignIn_GoogleSignIn.bundle (in target 'GoogleSignIn_GoogleSignIn' from project 'GoogleSignIn')
    cd /Users/nataliewhipps/Library/Developer/Xcode/DerivedData/Prompt28-cgmmkisguitsyibyvnemfqvywbnv/SourcePackages/checkouts/GoogleSignIn-iOS
    /usr/bin/touch -c /Users/nataliewhipps/Library/Developer/Xcode/DerivedData/Prompt28-cgmmkisguitsyibyvnemfqvywbnv/Build/Products/Debug-iphonesimulator/GoogleSignIn_GoogleSignIn.bundle

Touch /Users/nataliewhipps/Library/Developer/Xcode/DerivedData/Prompt28-cgmmkisguitsyibyvnemfqvywbnv/Build/Products/Debug-iphonesimulator/GTMSessionFetcher_GTMSessionFetcherCore.bundle (in target 'GTMSessionFetcher_GTMSessionFetcherCore' from project 'GTMSessionFetcher')
    cd /Users/nataliewhipps/Library/Developer/Xcode/DerivedData/Prompt28-cgmmkisguitsyibyvnemfqvywbnv/SourcePackages/checkouts/gtm-session-fetcher
    /usr/bin/touch -c /Users/nataliewhipps/Library/Developer/Xcode/DerivedData/Prompt28-cgmmkisguitsyibyvnemfqvywbnv/Build/Products/Debug-iphonesimulator/GTMSessionFetcher_GTMSessionFetcherCore.bundle

Touch /Users/nataliewhipps/Library/Developer/Xcode/DerivedData/Prompt28-cgmmkisguitsyibyvnemfqvywbnv/Build/Products/Debug-iphonesimulator/GTMAppAuth_GTMAppAuth.bundle (in target 'GTMAppAuth_GTMAppAuth' from project 'GTMAppAuth')
    cd /Users/nataliewhipps/Library/Developer/Xcode/DerivedData/Prompt28-cgmmkisguitsyibyvnemfqvywbnv/SourcePackages/checkouts/GTMAppAuth
    /usr/bin/touch -c /Users/nataliewhipps/Library/Developer/Xcode/DerivedData/Prompt28-cgmmkisguitsyibyvnemfqvywbnv/Build/Products/Debug-iphonesimulator/GTMAppAuth_GTMAppAuth.bundle

Touch /Users/nataliewhipps/Library/Developer/Xcode/DerivedData/Prompt28-cgmmkisguitsyibyvnemfqvywbnv/Build/Products/Debug-iphonesimulator/AppAuth_AppAuthCore.bundle (in target 'AppAuth_AppAuthCore' from project 'AppAuth')
    cd /Users/nataliewhipps/Library/Developer/Xcode/DerivedData/Prompt28-cgmmkisguitsyibyvnemfqvywbnv/SourcePackages/checkouts/AppAuth-iOS
    /usr/bin/touch -c /Users/nataliewhipps/Library/Developer/Xcode/DerivedData/Prompt28-cgmmkisguitsyibyvnemfqvywbnv/Build/Products/Debug-iphonesimulator/AppAuth_AppAuthCore.bundle

Touch /Users/nataliewhipps/Library/Developer/Xcode/DerivedData/Prompt28-cgmmkisguitsyibyvnemfqvywbnv/Build/Products/Debug-iphonesimulator/AppAuth_AppAuth.bundle (in target 'AppAuth_AppAuth' from project 'AppAuth')
    cd /Users/nataliewhipps/Library/Developer/Xcode/DerivedData/Prompt28-cgmmkisguitsyibyvnemfqvywbnv/SourcePackages/checkouts/AppAuth-iOS
    /usr/bin/touch -c /Users/nataliewhipps/Library/Developer/Xcode/DerivedData/Prompt28-cgmmkisguitsyibyvnemfqvywbnv/Build/Products/Debug-iphonesimulator/AppAuth_AppAuth.bundle

ScanDependencies /Users/nataliewhipps/Library/Developer/Xcode/DerivedData/Prompt28-cgmmkisguitsyibyvnemfqvywbnv/Build/Intermediates.noindex/GoogleUtilities.build/Debug-iphonesimulator/GoogleUtilities-UserDefaults.build/Objects-normal/x86_64/resource_bundle_accessor.o /Users/nataliewhipps/Library/Developer/Xcode/DerivedData/Prompt28-cgmmkisguitsyibyvnemfqvywbnv/Build/Intermediates.noindex/GoogleUtilities.build/Debug-iphonesimulator/GoogleUtilities-UserDefaults.build/DerivedSources/resource_bundle_accessor.m normal x86_64 objective-c com.apple.compilers.llvm.clang.1_0.compiler (in target 'GoogleUtilities-UserDefaults' from project 'GoogleUtilities')
    cd /Users/nataliewhipps/Desktop/Prompt28/Prompt28.xcodeproj
    
    Using response file: /Users/nataliewhipps/Library/Developer/Xcode/DerivedData/Prompt28-cgmmkisguitsyibyvnemfqvywbnv/Build/Intermediates.noindex/GoogleUtilities.build/Debug-iphonesimulator/GoogleUtilities-UserDefaults.build/Objects-normal/x86_64/e6072d4f65d7061329687fe24e3d63a7-common-args.resp
    
    builtin-ScanDependencies -o /Users/nataliewhipps/Library/Developer/Xcode/DerivedData/Prompt28-cgmmkisguitsyibyvnemfqvywbnv/Build/Intermediates.noindex/GoogleUtilities.build/Debug-iphonesimulator/GoogleUtilities-UserDefaults.build/Objects-normal/x86_64/resource_bundle_accessor.o.scan -- /Applications/Xcode.app/Contents/Developer/Toolchains/XcodeDefault.xctoolchain/usr/bin/clang -x objective-c -ivfsstatcache /Users/nataliewhipps/Library/Developer/Xcode/DerivedData/SDKStatCaches.noindex/iphonesimulator26.2-23C57-7d00a8b37fbd7999ea79df8ebc024bf0.sdkstatcache -fmessage-length\=0 -fdiagnostics-show-note-include-stack -fmacro-backtrace-limit\=0 -fno-color-diagnostics -fmodules-prune-interval\=86400 -fmodules-prune-after\=345600 -fbuild-session-file\=/Users/nataliewhipps/Library/Developer/Xcode/DerivedData/ModuleCache.noindex/Session.modulevalidation -fmodules-validate-once-per-build-session -Wnon-modular-include-in-framework-module -Werror\=non-modular-include-in-framework-module -Wno-trigraphs -Wno-missing-field-initializers -Wno-missing-prototypes -Wno-return-type -Wno-implicit-atomic-properties -Wno-objc-interface-ivars -Wno-arc-repeated-use-of-weak -Wno-missing-braces -Wparentheses -Wswitch -Wno-unused-function -Wno-unused-label -Wno-unused-parameter -Wno-unused-variable -Wunused-value -Wno-empty-body -Wno-uninitialized -Wno-unknown-pragmas -w -Wno-shadow -Wno-four-char-constants -Wno-conversion -Wno-constant-conversion -Wno-int-conversion -Wno-bool-conversion -Wno-enum-conversion -Wno-float-conversion -Wno-non-literal-null-conversion -Wno-objc-literal-conversion -Wshorten-64-to-32 -Wpointer-sign -Wno-newline-eof -Wno-selector -Wno-strict-selector-match -Wno-undeclared-selector -Wno-deprecated-implementations -Wno-implicit-fallthrough -fstrict-aliasing -Wprotocol -Wdeprecated-declarations -Wno-sign-conversion -Wno-infinite-recursion -Wno-comma -Wno-block-capture-autoreleasing -Wno-strict-prototypes -Wno-semicolon-before-method-body -index-store-path /Users/nataliewhipps/Library/Developer/Xcode/DerivedData/Prompt28-cgmmkisguitsyibyvnemfqvywbnv/Index.noindex/DataStore @/Users/nataliewhipps/Library/Developer/Xcode/DerivedData/Prompt28-cgmmkisguitsyibyvnemfqvywbnv/Build/Intermediates.noindex/GoogleUtilities.build/Debug-iphonesimulator/GoogleUtilities-UserDefaults.build/Objects-normal/x86_64/e6072d4f65d7061329687fe24e3d63a7-common-args.resp -include /Users/nataliewhipps/Library/Developer/Xcode/DerivedData/Prompt28-cgmmkisguitsyibyvnemfqvywbnv/Build/Intermediates.noindex/GoogleUtilities.build/Debug-iphonesimulator/GoogleUtilities-UserDefaults.build/DerivedSources/resource_bundle_accessor.h -MMD -MT dependencies -MF /Users/nataliewhipps/Library/Developer/Xcode/DerivedData/Prompt28-cgmmkisguitsyibyvnemfqvywbnv/Build/Intermediates.noindex/GoogleUtilities.build/Debug-iphonesimulator/GoogleUtilities-UserDefaults.build/Objects-normal/x86_64/resource_bundle_accessor.d --serialize-diagnostics /Users/nataliewhipps/Library/Developer/Xcode/DerivedData/Prompt28-cgmmkisguitsyibyvnemfqvywbnv/Build/Intermediates.noindex/GoogleUtilities.build/Debug-iphonesimulator/GoogleUtilities-UserDefaults.build/Objects-normal/x86_64/resource_bundle_accessor.dia -c /Users/nataliewhipps/Library/Developer/Xcode/DerivedData/Prompt28-cgmmkisguitsyibyvnemfqvywbnv/Build/Intermediates.noindex/GoogleUtilities.build/Debug-iphonesimulator/GoogleUtilities-UserDefaults.build/DerivedSources/resource_bundle_accessor.m -o /Users/nataliewhipps/Library/Developer/Xcode/DerivedData/Prompt28-cgmmkisguitsyibyvnemfqvywbnv/Build/Intermediates.noindex/GoogleUtilities.build/Debug-iphonesimulator/GoogleUtilities-UserDefaults.build/Objects-normal/x86_64/resource_bundle_accessor.o -index-unit-output-path /GoogleUtilities.build/Debug-iphonesimulator/GoogleUtilities-UserDefaults.build/Objects-normal/x86_64/resource_bundle_accessor.o

ScanDependencies /Users/nataliewhipps/Library/Developer/Xcode/DerivedData/Prompt28-cgmmkisguitsyibyvnemfqvywbnv/Build/Intermediates.noindex/GoogleUtilities.build/Debug-iphonesimulator/GoogleUtilities-UserDefaults.build/Objects-normal/x86_64/GULUserDefaults.o /Users/nataliewhipps/Library/Developer/Xcode/DerivedData/Prompt28-cgmmkisguitsyibyvnemfqvywbnv/SourcePackages/checkouts/GoogleUtilities/GoogleUtilities/UserDefaults/GULUserDefaults.m normal x86_64 objective-c com.apple.compilers.llvm.clang.1_0.compiler (in target 'GoogleUtilities-UserDefaults' from project 'GoogleUtilities')
    cd /Users/nataliewhipps/Desktop/Prompt28/Prompt28.xcodeproj
    
    Using response file: /Users/nataliewhipps/Library/Developer/Xcode/DerivedData/Prompt28-cgmmkisguitsyibyvnemfqvywbnv/Build/Intermediates.noindex/GoogleUtilities.build/Debug-iphonesimulator/GoogleUtilities-UserDefaults.build/Objects-normal/x86_64/e6072d4f65d7061329687fe24e3d63a7-common-args.resp
    
    builtin-ScanDependencies -o /Users/nataliewhipps/Library/Developer/Xcode/DerivedData/Prompt28-cgmmkisguitsyibyvnemfqvywbnv/Build/Intermediates.noindex/GoogleUtilities.build/Debug-iphonesimulator/GoogleUtilities-UserDefaults.build/Objects-normal/x86_64/GULUserDefaults.o.scan -- /Applications/Xcode.app/Contents/Developer/Toolchains/XcodeDefault.xctoolchain/usr/bin/clang -x objective-c -ivfsstatcache /Users/nataliewhipps/Library/Developer/Xcode/DerivedData/SDKStatCaches.noindex/iphonesimulator26.2-23C57-7d00a8b37fbd7999ea79df8ebc024bf0.sdkstatcache -fmessage-length\=0 -fdiagnostics-show-note-include-stack -fmacro-backtrace-limit\=0 -fno-color-diagnostics -fmodules-prune-interval\=86400 -fmodules-prune-after\=345600 -fbuild-session-file\=/Users/nataliewhipps/Library/Developer/Xcode/DerivedData/ModuleCache.noindex/Session.modulevalidation -fmodules-validate-once-per-build-session -Wnon-modular-include-in-framework-module -Werror\=non-modular-include-in-framework-module -Wno-trigraphs -Wno-missing-field-initializers -Wno-missing-prototypes -Wno-return-type -Wno-implicit-atomic-properties -Wno-objc-interface-ivars -Wno-arc-repeated-use-of-weak -Wno-missing-braces -Wparentheses -Wswitch -Wno-unused-function -Wno-unused-label -Wno-unused-parameter -Wno-unused-variable -Wunused-value -Wno-empty-body -Wno-uninitialized -Wno-unknown-pragmas -w -Wno-shadow -Wno-four-char-constants -Wno-conversion -Wno-constant-conversion -Wno-int-conversion -Wno-bool-conversion -Wno-enum-conversion -Wno-float-conversion -Wno-non-literal-null-conversion -Wno-objc-literal-conversion -Wshorten-64-to-32 -Wpointer-sign -Wno-newline-eof -Wno-selector -Wno-strict-selector-match -Wno-undeclared-selector -Wno-deprecated-implementations -Wno-implicit-fallthrough -fstrict-aliasing -Wprotocol -Wdeprecated-declarations -Wno-sign-conversion -Wno-infinite-recursion -Wno-comma -Wno-block-capture-autoreleasing -Wno-strict-prototypes -Wno-semicolon-before-method-body -index-store-path /Users/nataliewhipps/Library/Developer/Xcode/DerivedData/Prompt28-cgmmkisguitsyibyvnemfqvywbnv/Index.noindex/DataStore @/Users/nataliewhipps/Library/Developer/Xcode/DerivedData/Prompt28-cgmmkisguitsyibyvnemfqvywbnv/Build/Intermediates.noindex/GoogleUtilities.build/Debug-iphonesimulator/GoogleUtilities-UserDefaults.build/Objects-normal/x86_64/e6072d4f65d7061329687fe24e3d63a7-common-args.resp -include /Users/nataliewhipps/Library/Developer/Xcode/DerivedData/Prompt28-cgmmkisguitsyibyvnemfqvywbnv/Build/Intermediates.noindex/GoogleUtilities.build/Debug-iphonesimulator/GoogleUtilities-UserDefaults.build/DerivedSources/resource_bundle_accessor.h -MMD -MT dependencies -MF /Users/nataliewhipps/Library/Developer/Xcode/DerivedData/Prompt28-cgmmkisguitsyibyvnemfqvywbnv/Build/Intermediates.noindex/GoogleUtilities.build/Debug-iphonesimulator/GoogleUtilities-UserDefaults.build/Objects-normal/x86_64/GULUserDefaults.d --serialize-diagnostics /Users/nataliewhipps/Library/Developer/Xcode/DerivedData/Prompt28-cgmmkisguitsyibyvnemfqvywbnv/Build/Intermediates.noindex/GoogleUtilities.build/Debug-iphonesimulator/GoogleUtilities-UserDefaults.build/Objects-normal/x86_64/GULUserDefaults.dia -c /Users/nataliewhipps/Library/Developer/Xcode/DerivedData/Prompt28-cgmmkisguitsyibyvnemfqvywbnv/SourcePackages/checkouts/GoogleUtilities/GoogleUtilities/UserDefaults/GULUserDefaults.m -o /Users/nataliewhipps/Library/Developer/Xcode/DerivedData/Prompt28-cgmmkisguitsyibyvnemfqvywbnv/Build/Intermediates.noindex/GoogleUtilities.build/Debug-iphonesimulator/GoogleUtilities-UserDefaults.build/Objects-normal/x86_64/GULUserDefaults.o -index-unit-output-path /GoogleUtilities.build/Debug-iphonesimulator/GoogleUtilities-UserDefaults.build/Objects-normal/x86_64/GULUserDefaults.o

ScanDependencies /Users/nataliewhipps/Library/Developer/Xcode/DerivedData/Prompt28-cgmmkisguitsyibyvnemfqvywbnv/Build/Intermediates.noindex/GoogleUtilities.build/Debug-iphonesimulator/third-party-IsAppEncrypted.build/Objects-normal/x86_64/IsAppEncrypted.o /Users/nataliewhipps/Library/Developer/Xcode/DerivedData/Prompt28-cgmmkisguitsyibyvnemfqvywbnv/SourcePackages/checkouts/GoogleUtilities/third_party/IsAppEncrypted/IsAppEncrypted.m normal x86_64 objective-c com.apple.compilers.llvm.clang.1_0.compiler (in target 'third-party-IsAppEncrypted' from project 'GoogleUtilities')
    cd /Users/nataliewhipps/Desktop/Prompt28/Prompt28.xcodeproj
    
    Using response file: /Users/nataliewhipps/Library/Developer/Xcode/DerivedData/Prompt28-cgmmkisguitsyibyvnemfqvywbnv/Build/Intermediates.noindex/GoogleUtilities.build/Debug-iphonesimulator/third-party-IsAppEncrypted.build/Objects-normal/x86_64/e6072d4f65d7061329687fe24e3d63a7-common-args.resp
    
    builtin-ScanDependencies -o /Users/nataliewhipps/Library/Developer/Xcode/DerivedData/Prompt28-cgmmkisguitsyibyvnemfqvywbnv/Build/Intermediates.noindex/GoogleUtilities.build/Debug-iphonesimulator/third-party-IsAppEncrypted.build/Objects-normal/x86_64/IsAppEncrypted.o.scan -- /Applications/Xcode.app/Contents/Developer/Toolchains/XcodeDefault.xctoolchain/usr/bin/clang -x objective-c -ivfsstatcache /Users/nataliewhipps/Library/Developer/Xcode/DerivedData/SDKStatCaches.noindex/iphonesimulator26.2-23C57-7d00a8b37fbd7999ea79df8ebc024bf0.sdkstatcache -fmessage-length\=0 -fdiagnostics-show-note-include-stack -fmacro-backtrace-limit\=0 -fno-color-diagnostics -fmodules-prune-interval\=86400 -fmodules-prune-after\=345600 -fbuild-session-file\=/Users/nataliewhipps/Library/Developer/Xcode/DerivedData/ModuleCache.noindex/Session.modulevalidation -fmodules-validate-once-per-build-session -Wnon-modular-include-in-framework-module -Werror\=non-modular-include-in-framework-module -Wno-trigraphs -Wno-missing-field-initializers -Wno-missing-prototypes -Wno-return-type -Wno-implicit-atomic-properties -Wno-objc-interface-ivars -Wno-arc-repeated-use-of-weak -Wno-missing-braces -Wparentheses -Wswitch -Wno-unused-function -Wno-unused-label -Wno-unused-parameter -Wno-unused-variable -Wunused-value -Wno-empty-body -Wno-uninitialized -Wno-unknown-pragmas -w -Wno-shadow -Wno-four-char-constants -Wno-conversion -Wno-constant-conversion -Wno-int-conversion -Wno-bool-conversion -Wno-enum-conversion -Wno-float-conversion -Wno-non-literal-null-conversion -Wno-objc-literal-conversion -Wshorten-64-to-32 -Wpointer-sign -Wno-newline-eof -Wno-selector -Wno-strict-selector-match -Wno-undeclared-selector -Wno-deprecated-implementations -Wno-implicit-fallthrough -fstrict-aliasing -Wprotocol -Wdeprecated-declarations -Wno-sign-conversion -Wno-infinite-recursion -Wno-comma -Wno-block-capture-autoreleasing -Wno-strict-prototypes -Wno-semicolon-before-method-body -index-store-path /Users/nataliewhipps/Library/Developer/Xcode/DerivedData/Prompt28-cgmmkisguitsyibyvnemfqvywbnv/Index.noindex/DataStore @/Users/nataliewhipps/Library/Developer/Xcode/DerivedData/Prompt28-cgmmkisguitsyibyvnemfqvywbnv/Build/Intermediates.noindex/GoogleUtilities.build/Debug-iphonesimulator/third-party-IsAppEncrypted.build/Objects-normal/x86_64/e6072d4f65d7061329687fe24e3d63a7-common-args.resp -MMD -MT dependencies -MF /Users/nataliewhipps/Library/Developer/Xcode/DerivedData/Prompt28-cgmmkisguitsyibyvnemfqvywbnv/Build/Intermediates.noindex/GoogleUtilities.build/Debug-iphonesimulator/third-party-IsAppEncrypted.build/Objects-normal/x86_64/IsAppEncrypted.d --serialize-diagnostics /Users/nataliewhipps/Library/Developer/Xcode/DerivedData/Prompt28-cgmmkisguitsyibyvnemfqvywbnv/Build/Intermediates.noindex/GoogleUtilities.build/Debug-iphonesimulator/third-party-IsAppEncrypted.build/Objects-normal/x86_64/IsAppEncrypted.dia -c /Users/nataliewhipps/Library/Developer/Xcode/DerivedData/Prompt28-cgmmkisguitsyibyvnemfqvywbnv/SourcePackages/checkouts/GoogleUtilities/third_party/IsAppEncrypted/IsAppEncrypted.m -o /Users/nataliewhipps/Library/Developer/Xcode/DerivedData/Prompt28-cgmmkisguitsyibyvnemfqvywbnv/Build/Intermediates.noindex/GoogleUtilities.build/Debug-iphonesimulator/third-party-IsAppEncrypted.build/Objects-normal/x86_64/IsAppEncrypted.o -index-unit-output-path /GoogleUtilities.build/Debug-iphonesimulator/third-party-IsAppEncrypted.build/Objects-normal/x86_64/IsAppEncrypted.o

ScanDependencies /Users/nataliewhipps/Library/Developer/Xcode/DerivedData/Prompt28-cgmmkisguitsyibyvnemfqvywbnv/Build/Intermediates.noindex/GoogleUtilities.build/Debug-iphonesimulator/GoogleUtilities-Logger.build/Objects-normal/x86_64/GULLogger.o /Users/nataliewhipps/Library/Developer/Xcode/DerivedData/Prompt28-cgmmkisguitsyibyvnemfqvywbnv/SourcePackages/checkouts/GoogleUtilities/GoogleUtilities/Logger/GULLogger.m normal x86_64 objective-c com.apple.compilers.llvm.clang.1_0.compiler (in target 'GoogleUtilities-Logger' from project 'GoogleUtilities')
    cd /Users/nataliewhipps/Desktop/Prompt28/Prompt28.xcodeproj
    
    Using response file: /Users/nataliewhipps/Library/Developer/Xcode/DerivedData/Prompt28-cgmmkisguitsyibyvnemfqvywbnv/Build/Intermediates.noindex/GoogleUtilities.build/Debug-iphonesimulator/GoogleUtilities-Logger.build/Objects-normal/x86_64/e6072d4f65d7061329687fe24e3d63a7-common-args.resp
    
    builtin-ScanDependencies -o /Users/nataliewhipps/Library/Developer/Xcode/DerivedData/Prompt28-cgmmkisguitsyibyvnemfqvywbnv/Build/Intermediates.noindex/GoogleUtilities.build/Debug-iphonesimulator/GoogleUtilities-Logger.build/Objects-normal/x86_64/GULLogger.o.scan -- /Applications/Xcode.app/Contents/Developer/Toolchains/XcodeDefault.xctoolchain/usr/bin/clang -x objective-c -ivfsstatcache /Users/nataliewhipps/Library/Developer/Xcode/DerivedData/SDKStatCaches.noindex/iphonesimulator26.2-23C57-7d00a8b37fbd7999ea79df8ebc024bf0.sdkstatcache -fmessage-length\=0 -fdiagnostics-show-note-include-stack -fmacro-backtrace-limit\=0 -fno-color-diagnostics -fmodules-prune-interval\=86400 -fmodules-prune-after\=345600 -fbuild-session-file\=/Users/nataliewhipps/Library/Developer/Xcode/DerivedData/ModuleCache.noindex/Session.modulevalidation -fmodules-validate-once-per-build-session -Wnon-modular-include-in-framework-module -Werror\=non-modular-include-in-framework-module -Wno-trigraphs -Wno-missing-field-initializers -Wno-missing-prototypes -Wno-return-type -Wno-implicit-atomic-properties -Wno-objc-interface-ivars -Wno-arc-repeated-use-of-weak -Wno-missing-braces -Wparentheses -Wswitch -Wno-unused-function -Wno-unused-label -Wno-unused-parameter -Wno-unused-variable -Wunused-value -Wno-empty-body -Wno-uninitialized -Wno-unknown-pragmas -w -Wno-shadow -Wno-four-char-constants -Wno-conversion -Wno-constant-conversion -Wno-int-conversion -Wno-bool-conversion -Wno-enum-conversion -Wno-float-conversion -Wno-non-literal-null-conversion -Wno-objc-literal-conversion -Wshorten-64-to-32 -Wpointer-sign -Wno-newline-eof -Wno-selector -Wno-strict-selector-match -Wno-undeclared-selector -Wno-deprecated-implementations -Wno-implicit-fallthrough -fstrict-aliasing -Wprotocol -Wdeprecated-declarations -Wno-sign-conversion -Wno-infinite-recursion -Wno-comma -Wno-block-capture-autoreleasing -Wno-strict-prototypes -Wno-semicolon-before-method-body -index-store-path /Users/nataliewhipps/Library/Developer/Xcode/DerivedData/Prompt28-cgmmkisguitsyibyvnemfqvywbnv/Index.noindex/DataStore @/Users/nataliewhipps/Library/Developer/Xcode/DerivedData/Prompt28-cgmmkisguitsyibyvnemfqvywbnv/Build/Intermediates.noindex/GoogleUtilities.build/Debug-iphonesimulator/GoogleUtilities-Logger.build/Objects-normal/x86_64/e6072d4f65d7061329687fe24e3d63a7-common-args.resp -include /Users/nataliewhipps/Library/Developer/Xcode/DerivedData/Prompt28-cgmmkisguitsyibyvnemfqvywbnv/Build/Intermediates.noindex/GoogleUtilities.build/Debug-iphonesimulator/GoogleUtilities-Logger.build/DerivedSources/resource_bundle_accessor.h -MMD -MT dependencies -MF /Users/nataliewhipps/Library/Developer/Xcode/DerivedData/Prompt28-cgmmkisguitsyibyvnemfqvywbnv/Build/Intermediates.noindex/GoogleUtilities.build/Debug-iphonesimulator/GoogleUtilities-Logger.build/Objects-normal/x86_64/GULLogger.d --serialize-diagnostics /Users/nataliewhipps/Library/Developer/Xcode/DerivedData/Prompt28-cgmmkisguitsyibyvnemfqvywbnv/Build/Intermediates.noindex/GoogleUtilities.build/Debug-iphonesimulator/GoogleUtilities-Logger.build/Objects-normal/x86_64/GULLogger.dia -c /Users/nataliewhipps/Library/Developer/Xcode/DerivedData/Prompt28-cgmmkisguitsyibyvnemfqvywbnv/SourcePackages/checkouts/GoogleUtilities/GoogleUtilities/Logger/GULLogger.m -o /Users/nataliewhipps/Library/Developer/Xcode/DerivedData/Prompt28-cgmmkisguitsyibyvnemfqvywbnv/Build/Intermediates.noindex/GoogleUtilities.build/Debug-iphonesimulator/GoogleUtilities-Logger.build/Objects-normal/x86_64/GULLogger.o -index-unit-output-path /GoogleUtilities.build/Debug-iphonesimulator/GoogleUtilities-Logger.build/Objects-normal/x86_64/GULLogger.o

ScanDependencies /Users/nataliewhipps/Library/Developer/Xcode/DerivedData/Prompt28-cgmmkisguitsyibyvnemfqvywbnv/Build/Intermediates.noindex/GoogleUtilities.build/Debug-iphonesimulator/GoogleUtilities-Logger.build/Objects-normal/x86_64/resource_bundle_accessor.o /Users/nataliewhipps/Library/Developer/Xcode/DerivedData/Prompt28-cgmmkisguitsyibyvnemfqvywbnv/Build/Intermediates.noindex/GoogleUtilities.build/Debug-iphonesimulator/GoogleUtilities-Logger.build/DerivedSources/resource_bundle_accessor.m normal x86_64 objective-c com.apple.compilers.llvm.clang.1_0.compiler (in target 'GoogleUtilities-Logger' from project 'GoogleUtilities')
    cd /Users/nataliewhipps/Desktop/Prompt28/Prompt28.xcodeproj
    
    Using response file: /Users/nataliewhipps/Library/Developer/Xcode/DerivedData/Prompt28-cgmmkisguitsyibyvnemfqvywbnv/Build/Intermediates.noindex/GoogleUtilities.build/Debug-iphonesimulator/GoogleUtilities-Logger.build/Objects-normal/x86_64/e6072d4f65d7061329687fe24e3d63a7-common-args.resp
    
    builtin-ScanDependencies -o /Users/nataliewhipps/Library/Developer/Xcode/DerivedData/Prompt28-cgmmkisguitsyibyvnemfqvywbnv/Build/Intermediates.noindex/GoogleUtilities.build/Debug-iphonesimulator/GoogleUtilities-Logger.build/Objects-normal/x86_64/resource_bundle_accessor.o.scan -- /Applications/Xcode.app/Contents/Developer/Toolchains/XcodeDefault.xctoolchain/usr/bin/clang -x objective-c -ivfsstatcache /Users/nataliewhipps/Library/Developer/Xcode/DerivedData/SDKStatCaches.noindex/iphonesimulator26.2-23C57-7d00a8b37fbd7999ea79df8ebc024bf0.sdkstatcache -fmessage-length\=0 -fdiagnostics-show-note-include-stack -fmacro-backtrace-limit\=0 -fno-color-diagnostics -fmodules-prune-interval\=86400 -fmodules-prune-after\=345600 -fbuild-session-file\=/Users/nataliewhipps/Library/Developer/Xcode/DerivedData/ModuleCache.noindex/Session.modulevalidation -fmodules-validate-once-per-build-session -Wnon-modular-include-in-framework-module -Werror\=non-modular-include-in-framework-module -Wno-trigraphs -Wno-missing-field-initializers -Wno-missing-prototypes -Wno-return-type -Wno-implicit-atomic-properties -Wno-objc-interface-ivars -Wno-arc-repeated-use-of-weak -Wno-missing-braces -Wparentheses -Wswitch -Wno-unused-function -Wno-unused-label -Wno-unused-parameter -Wno-unused-variable -Wunused-value -Wno-empty-body -Wno-uninitialized -Wno-unknown-pragmas -w -Wno-shadow -Wno-four-char-constants -Wno-conversion -Wno-constant-conversion -Wno-int-conversion -Wno-bool-conversion -Wno-enum-conversion -Wno-float-conversion -Wno-non-literal-null-conversion -Wno-objc-literal-conversion -Wshorten-64-to-32 -Wpointer-sign -Wno-newline-eof -Wno-selector -Wno-strict-selector-match -Wno-undeclared-selector -Wno-deprecated-implementations -Wno-implicit-fallthrough -fstrict-aliasing -Wprotocol -Wdeprecated-declarations -Wno-sign-conversion -Wno-infinite-recursion -Wno-comma -Wno-block-capture-autoreleasing -Wno-strict-prototypes -Wno-semicolon-before-method-body -index-store-path /Users/nataliewhipps/Library/Developer/Xcode/DerivedData/Prompt28-cgmmkisguitsyibyvnemfqvywbnv/Index.noindex/DataStore @/Users/nataliewhipps/Library/Developer/Xcode/DerivedData/Prompt28-cgmmkisguitsyibyvnemfqvywbnv/Build/Intermediates.noindex/GoogleUtilities.build/Debug-iphonesimulator/GoogleUtilities-Logger.build/Objects-normal/x86_64/e6072d4f65d7061329687fe24e3d63a7-common-args.resp -include /Users/nataliewhipps/Library/Developer/Xcode/DerivedData/Prompt28-cgmmkisguitsyibyvnemfqvywbnv/Build/Intermediates.noindex/GoogleUtilities.build/Debug-iphonesimulator/GoogleUtilities-Logger.build/DerivedSources/resource_bundle_accessor.h -MMD -MT dependencies -MF /Users/nataliewhipps/Library/Developer/Xcode/DerivedData/Prompt28-cgmmkisguitsyibyvnemfqvywbnv/Build/Intermediates.noindex/GoogleUtilities.build/Debug-iphonesimulator/GoogleUtilities-Logger.build/Objects-normal/x86_64/resource_bundle_accessor.d --serialize-diagnostics /Users/nataliewhipps/Library/Developer/Xcode/DerivedData/Prompt28-cgmmkisguitsyibyvnemfqvywbnv/Build/Intermediates.noindex/GoogleUtilities.build/Debug-iphonesimulator/GoogleUtilities-Logger.build/Objects-normal/x86_64/resource_bundle_accessor.dia -c /Users/nataliewhipps/Library/Developer/Xcode/DerivedData/Prompt28-cgmmkisguitsyibyvnemfqvywbnv/Build/Intermediates.noindex/GoogleUtilities.build/Debug-iphonesimulator/GoogleUtilities-Logger.build/DerivedSources/resource_bundle_accessor.m -o /Users/nataliewhipps/Library/Developer/Xcode/DerivedData/Prompt28-cgmmkisguitsyibyvnemfqvywbnv/Build/Intermediates.noindex/GoogleUtilities.build/Debug-iphonesimulator/GoogleUtilities-Logger.build/Objects-normal/x86_64/resource_bundle_accessor.o -index-unit-output-path /GoogleUtilities.build/Debug-iphonesimulator/GoogleUtilities-Logger.build/Objects-normal/x86_64/resource_bundle_accessor.o

ScanDependencies /Users/nataliewhipps/Library/Developer/Xcode/DerivedData/Prompt28-cgmmkisguitsyibyvnemfqvywbnv/Build/Intermediates.noindex/GoogleUtilities.build/Debug-iphonesimulator/GoogleUtilities-Environment.build/Objects-normal/x86_64/resource_bundle_accessor.o /Users/nataliewhipps/Library/Developer/Xcode/DerivedData/Prompt28-cgmmkisguitsyibyvnemfqvywbnv/Build/Intermediates.noindex/GoogleUtilities.build/Debug-iphonesimulator/GoogleUtilities-Environment.build/DerivedSources/resource_bundle_accessor.m normal x86_64 objective-c com.apple.compilers.llvm.clang.1_0.compiler (in target 'GoogleUtilities-Environment' from project 'GoogleUtilities')
    cd /Users/nataliewhipps/Desktop/Prompt28/Prompt28.xcodeproj
    
    Using response file: /Users/nataliewhipps/Library/Developer/Xcode/DerivedData/Prompt28-cgmmkisguitsyibyvnemfqvywbnv/Build/Intermediates.noindex/GoogleUtilities.build/Debug-iphonesimulator/GoogleUtilities-Environment.build/Objects-normal/x86_64/e6072d4f65d7061329687fe24e3d63a7-common-args.resp
    
    builtin-ScanDependencies -o /Users/nataliewhipps/Library/Developer/Xcode/DerivedData/Prompt28-cgmmkisguitsyibyvnemfqvywbnv/Build/Intermediates.noindex/GoogleUtilities.build/Debug-iphonesimulator/GoogleUtilities-Environment.build/Objects-normal/x86_64/resource_bundle_accessor.o.scan -- /Applications/Xcode.app/Contents/Developer/Toolchains/XcodeDefault.xctoolchain/usr/bin/clang -x objective-c -ivfsstatcache /Users/nataliewhipps/Library/Developer/Xcode/DerivedData/SDKStatCaches.noindex/iphonesimulator26.2-23C57-7d00a8b37fbd7999ea79df8ebc024bf0.sdkstatcache -fmessage-length\=0 -fdiagnostics-show-note-include-stack -fmacro-backtrace-limit\=0 -fno-color-diagnostics -fmodules-prune-interval\=86400 -fmodules-prune-after\=345600 -fbuild-session-file\=/Users/nataliewhipps/Library/Developer/Xcode/DerivedData/ModuleCache.noindex/Session.modulevalidation -fmodules-validate-once-per-build-session -Wnon-modular-include-in-framework-module -Werror\=non-modular-include-in-framework-module -Wno-trigraphs -Wno-missing-field-initializers -Wno-missing-prototypes -Wno-return-type -Wno-implicit-atomic-properties -Wno-objc-interface-ivars -Wno-arc-repeated-use-of-weak -Wno-missing-braces -Wparentheses -Wswitch -Wno-unused-function -Wno-unused-label -Wno-unused-parameter -Wno-unused-variable -Wunused-value -Wno-empty-body -Wno-uninitialized -Wno-unknown-pragmas -w -Wno-shadow -Wno-four-char-constants -Wno-conversion -Wno-constant-conversion -Wno-int-conversion -Wno-bool-conversion -Wno-enum-conversion -Wno-float-conversion -Wno-non-literal-null-conversion -Wno-objc-literal-conversion -Wshorten-64-to-32 -Wpointer-sign -Wno-newline-eof -Wno-selector -Wno-strict-selector-match -Wno-undeclared-selector -Wno-deprecated-implementations -Wno-implicit-fallthrough -fstrict-aliasing -Wprotocol -Wdeprecated-declarations -Wno-sign-conversion -Wno-infinite-recursion -Wno-comma -Wno-block-capture-autoreleasing -Wno-strict-prototypes -Wno-semicolon-before-method-body -index-store-path /Users/nataliewhipps/Library/Developer/Xcode/DerivedData/Prompt28-cgmmkisguitsyibyvnemfqvywbnv/Index.noindex/DataStore @/Users/nataliewhipps/Library/Developer/Xcode/DerivedData/Prompt28-cgmmkisguitsyibyvnemfqvywbnv/Build/Intermediates.noindex/GoogleUtilities.build/Debug-iphonesimulator/GoogleUtilities-Environment.build/Objects-normal/x86_64/e6072d4f65d7061329687fe24e3d63a7-common-args.resp -include /Users/nataliewhipps/Library/Developer/Xcode/DerivedData/Prompt28-cgmmkisguitsyibyvnemfqvywbnv/Build/Intermediates.noindex/GoogleUtilities.build/Debug-iphonesimulator/GoogleUtilities-Environment.build/DerivedSources/resource_bundle_accessor.h -MMD -MT dependencies -MF /Users/nataliewhipps/Library/Developer/Xcode/DerivedData/Prompt28-cgmmkisguitsyibyvnemfqvywbnv/Build/Intermediates.noindex/GoogleUtilities.build/Debug-iphonesimulator/GoogleUtilities-Environment.build/Objects-normal/x86_64/resource_bundle_accessor.d --serialize-diagnostics /Users/nataliewhipps/Library/Developer/Xcode/DerivedData/Prompt28-cgmmkisguitsyibyvnemfqvywbnv/Build/Intermediates.noindex/GoogleUtilities.build/Debug-iphonesimulator/GoogleUtilities-Environment.build/Objects-normal/x86_64/resource_bundle_accessor.dia -c /Users/nataliewhipps/Library/Developer/Xcode/DerivedData/Prompt28-cgmmkisguitsyibyvnemfqvywbnv/Build/Intermediates.noindex/GoogleUtilities.build/Debug-iphonesimulator/GoogleUtilities-Environment.build/DerivedSources/resource_bundle_accessor.m -o /Users/nataliewhipps/Library/Developer/Xcode/DerivedData/Prompt28-cgmmkisguitsyibyvnemfqvywbnv/Build/Intermediates.noindex/GoogleUtilities.build/Debug-iphonesimulator/GoogleUtilities-Environment.build/Objects-normal/x86_64/resource_bundle_accessor.o -index-unit-output-path /GoogleUtilities.build/Debug-iphonesimulator/GoogleUtilities-Environment.build/Objects-normal/x86_64/resource_bundle_accessor.o

ScanDependencies /Users/nataliewhipps/Library/Developer/Xcode/DerivedData/Prompt28-cgmmkisguitsyibyvnemfqvywbnv/Build/Intermediates.noindex/GoogleUtilities.build/Debug-iphonesimulator/GoogleUtilities-Environment.build/Objects-normal/x86_64/GULNetworkInfo.o /Users/nataliewhipps/Library/Developer/Xcode/DerivedData/Prompt28-cgmmkisguitsyibyvnemfqvywbnv/SourcePackages/checkouts/GoogleUtilities/GoogleUtilities/Environment/NetworkInfo/GULNetworkInfo.m normal x86_64 objective-c com.apple.compilers.llvm.clang.1_0.compiler (in target 'GoogleUtilities-Environment' from project 'GoogleUtilities')
    cd /Users/nataliewhipps/Desktop/Prompt28/Prompt28.xcodeproj
    
    Using response file: /Users/nataliewhipps/Library/Developer/Xcode/DerivedData/Prompt28-cgmmkisguitsyibyvnemfqvywbnv/Build/Intermediates.noindex/GoogleUtilities.build/Debug-iphonesimulator/GoogleUtilities-Environment.build/Objects-normal/x86_64/e6072d4f65d7061329687fe24e3d63a7-common-args.resp
    
    builtin-ScanDependencies -o /Users/nataliewhipps/Library/Developer/Xcode/DerivedData/Prompt28-cgmmkisguitsyibyvnemfqvywbnv/Build/Intermediates.noindex/GoogleUtilities.build/Debug-iphonesimulator/GoogleUtilities-Environment.build/Objects-normal/x86_64/GULNetworkInfo.o.scan -- /Applications/Xcode.app/Contents/Developer/Toolchains/XcodeDefault.xctoolchain/usr/bin/clang -x objective-c -ivfsstatcache /Users/nataliewhipps/Library/Developer/Xcode/DerivedData/SDKStatCaches.noindex/iphonesimulator26.2-23C57-7d00a8b37fbd7999ea79df8ebc024bf0.sdkstatcache -fmessage-length\=0 -fdiagnostics-show-note-include-stack -fmacro-backtrace-limit\=0 -fno-color-diagnostics -fmodules-prune-interval\=86400 -fmodules-prune-after\=345600 -fbuild-session-file\=/Users/nataliewhipps/Library/Developer/Xcode/DerivedData/ModuleCache.noindex/Session.modulevalidation -fmodules-validate-once-per-build-session -Wnon-modular-include-in-framework-module -Werror\=non-modular-include-in-framework-module -Wno-trigraphs -Wno-missing-field-initializers -Wno-missing-prototypes -Wno-return-type -Wno-implicit-atomic-properties -Wno-objc-interface-ivars -Wno-arc-repeated-use-of-weak -Wno-missing-braces -Wparentheses -Wswitch -Wno-unused-function -Wno-unused-label -Wno-unused-parameter -Wno-unused-variable -Wunused-value -Wno-empty-body -Wno-uninitialized -Wno-unknown-pragmas -w -Wno-shadow -Wno-four-char-constants -Wno-conversion -Wno-constant-conversion -Wno-int-conversion -Wno-bool-conversion -Wno-enum-conversion -Wno-float-conversion -Wno-non-literal-null-conversion -Wno-objc-literal-conversion -Wshorten-64-to-32 -Wpointer-sign -Wno-newline-eof -Wno-selector -Wno-strict-selector-match -Wno-undeclared-selector -Wno-deprecated-implementations -Wno-implicit-fallthrough -fstrict-aliasing -Wprotocol -Wdeprecated-declarations -Wno-sign-conversion -Wno-infinite-recursion -Wno-comma -Wno-block-capture-autoreleasing -Wno-strict-prototypes -Wno-semicolon-before-method-body -index-store-path /Users/nataliewhipps/Library/Developer/Xcode/DerivedData/Prompt28-cgmmkisguitsyibyvnemfqvywbnv/Index.noindex/DataStore @/Users/nataliewhipps/Library/Developer/Xcode/DerivedData/Prompt28-cgmmkisguitsyibyvnemfqvywbnv/Build/Intermediates.noindex/GoogleUtilities.build/Debug-iphonesimulator/GoogleUtilities-Environment.build/Objects-normal/x86_64/e6072d4f65d7061329687fe24e3d63a7-common-args.resp -include /Users/nataliewhipps/Library/Developer/Xcode/DerivedData/Prompt28-cgmmkisguitsyibyvnemfqvywbnv/Build/Intermediates.noindex/GoogleUtilities.build/Debug-iphonesimulator/GoogleUtilities-Environment.build/DerivedSources/resource_bundle_accessor.h -MMD -MT dependencies -MF /Users/nataliewhipps/Library/Developer/Xcode/DerivedData/Prompt28-cgmmkisguitsyibyvnemfqvywbnv/Build/Intermediates.noindex/GoogleUtilities.build/Debug-iphonesimulator/GoogleUtilities-Environment.build/Objects-normal/x86_64/GULNetworkInfo.d --serialize-diagnostics /Users/nataliewhipps/Library/Developer/Xcode/DerivedData/Prompt28-cgmmkisguitsyibyvnemfqvywbnv/Build/Intermediates.noindex/GoogleUtilities.build/Debug-iphonesimulator/GoogleUtilities-Environment.build/Objects-normal/x86_64/GULNetworkInfo.dia -c /Users/nataliewhipps/Library/Developer/Xcode/DerivedData/Prompt28-cgmmkisguitsyibyvnemfqvywbnv/SourcePackages/checkouts/GoogleUtilities/GoogleUtilities/Environment/NetworkInfo/GULNetworkInfo.m -o /Users/nataliewhipps/Library/Developer/Xcode/DerivedData/Prompt28-cgmmkisguitsyibyvnemfqvywbnv/Build/Intermediates.noindex/GoogleUtilities.build/Debug-iphonesimulator/GoogleUtilities-Environment.build/Objects-normal/x86_64/GULNetworkInfo.o -index-unit-output-path /GoogleUtilities.build/Debug-iphonesimulator/GoogleUtilities-Environment.build/Objects-normal/x86_64/GULNetworkInfo.o

SwiftDriver GTMAppAuth normal x86_64 com.apple.xcode.tools.swift.compiler (in target 'GTMAppAuth' from project 'GTMAppAuth')
    cd /Users/nataliewhipps/Desktop/Prompt28/Prompt28.xcodeproj
    builtin-SwiftDriver -- /Applications/Xcode.app/Contents/Developer/Toolchains/XcodeDefault.xctoolchain/usr/bin/swiftc -module-name GTMAppAuth -Onone -enforce-exclusivity\=checked @/Users/nataliewhipps/Library/Developer/Xcode/DerivedData/Prompt28-cgmmkisguitsyibyvnemfqvywbnv/Build/Intermediates.noindex/GTMAppAuth.build/Debug-iphonesimulator/GTMAppAuth.build/Objects-normal/x86_64/GTMAppAuth.SwiftFileList -DSWIFT_PACKAGE -DDEBUG -DSWIFT_MODULE_RESOURCE_BUNDLE_AVAILABLE -Xcc -fmodule-map-file\=/Users/nataliewhipps/Library/Developer/Xcode/DerivedData/Prompt28-cgmmkisguitsyibyvnemfqvywbnv/Build/Intermediates.noindex/GeneratedModuleMaps-iphonesimulator/GTMSessionFetcherCore.modulemap -Xcc -fmodule-map-file\=/Users/nataliewhipps/Library/Developer/Xcode/DerivedData/Prompt28-cgmmkisguitsyibyvnemfqvywbnv/Build/Intermediates.noindex/GeneratedModuleMaps-iphonesimulator/AppAuthCore.modulemap -DXcode -plugin-path /Applications/Xcode.app/Contents/Developer/Toolchains/XcodeDefault.xctoolchain/usr/lib/swift/host/plugins/testing -enable-experimental-feature DebugDescriptionMacro -sdk /Applications/Xcode.app/Contents/Developer/Platforms/iPhoneSimulator.platform/Developer/SDKs/iPhoneSimulator26.2.sdk -target x86_64-apple-ios12.0-simulator -g -module-cache-path /Users/nataliewhipps/Library/Developer/Xcode/DerivedData/ModuleCache.noindex -Xfrontend -serialize-debugging-options -profile-coverage-mapping -profile-generate -enable-testing -suppress-warnings -index-store-path /Users/nataliewhipps/Library/Developer/Xcode/DerivedData/Prompt28-cgmmkisguitsyibyvnemfqvywbnv/Index.noindex/DataStore -Xcc -D_LIBCPP_HARDENING_MODE\=_LIBCPP_HARDENING_MODE_DEBUG -swift-version 5 -I /Users/nataliewhipps/Library/Developer/Xcode/DerivedData/Prompt28-cgmmkisguitsyibyvnemfqvywbnv/Build/Products/Debug-iphonesimulator -Isystem /Applications/Xcode.app/Contents/Developer/Platforms/iPhoneSimulator.platform/Developer/usr/lib -F /Users/nataliewhipps/Library/Developer/Xcode/DerivedData/Prompt28-cgmmkisguitsyibyvnemfqvywbnv/Build/Products/Debug-iphonesimulator/PackageFrameworks -F /Users/nataliewhipps/Library/Developer/Xcode/DerivedData/Prompt28-cgmmkisguitsyibyvnemfqvywbnv/Build/Products/Debug-iphonesimulator/PackageFrameworks -F /Users/nataliewhipps/Library/Developer/Xcode/DerivedData/Prompt28-cgmmkisguitsyibyvnemfqvywbnv/Build/Products/Debug-iphonesimulator -F /Applications/Xcode.app/Contents/Developer/Platforms/iPhoneSimulator.platform/Developer/Library/Frameworks -F /Applications/Xcode.app/Contents/Developer/Platforms/iPhoneSimulator.platform/Developer/SDKs/iPhoneSimulator26.2.sdk/Developer/Library/Frameworks -c -j8 -enable-batch-mode -incremental -Xcc -ivfsstatcache -Xcc /Users/nataliewhipps/Library/Developer/Xcode/DerivedData/SDKStatCaches.noindex/iphonesimulator26.2-23C57-7d00a8b37fbd7999ea79df8ebc024bf0.sdkstatcache -output-file-map /Users/nataliewhipps/Library/Developer/Xcode/DerivedData/Prompt28-cgmmkisguitsyibyvnemfqvywbnv/Build/Intermediates.noindex/GTMAppAuth.build/Debug-iphonesimulator/GTMAppAuth.build/Objects-normal/x86_64/GTMAppAuth-OutputFileMap.json -use-frontend-parseable-output -save-temps -no-color-diagnostics -explicit-module-build -module-cache-path /Users/nataliewhipps/Library/Developer/Xcode/DerivedData/Prompt28-cgmmkisguitsyibyvnemfqvywbnv/Build/Intermediates.noindex/SwiftExplicitPrecompiledModules -clang-scanner-module-cache-path /Users/nataliewhipps/Library/Developer/Xcode/DerivedData/ModuleCache.noindex -sdk-module-cache-path /Users/nataliewhipps/Library/Developer/Xcode/DerivedData/ModuleCache.noindex -serialize-diagnostics -emit-dependencies -emit-module -emit-module-path /Users/nataliewhipps/Library/Developer/Xcode/DerivedData/Prompt28-cgmmkisguitsyibyvnemfqvywbnv/Build/Intermediates.noindex/GTMAppAuth.build/Debug-iphonesimulator/GTMAppAuth.build/Objects-normal/x86_64/GTMAppAuth.swiftmodule -validate-clang-modules-once -clang-build-session-file /Users/nataliewhipps/Library/Developer/Xcode/DerivedData/ModuleCache.noindex/Session.modulevalidation -Xcc -I/Users/nataliewhipps/Library/Developer/Xcode/DerivedData/Prompt28-cgmmkisguitsyibyvnemfqvywbnv/Build/Intermediates.noindex/GTMAppAuth.build/Debug-iphonesimulator/GTMAppAuth.build/swift-overrides.hmap -emit-const-values -Xfrontend -const-gather-protocols-file -Xfrontend /Users/nataliewhipps/Library/Developer/Xcode/DerivedData/Prompt28-cgmmkisguitsyibyvnemfqvywbnv/Build/Intermediates.noindex/GTMAppAuth.build/Debug-iphonesimulator/GTMAppAuth.build/Objects-normal/x86_64/GTMAppAuth_const_extract_protocols.json -Xcc -I/Users/nataliewhipps/Library/Developer/Xcode/DerivedData/Prompt28-cgmmkisguitsyibyvnemfqvywbnv/SourcePackages/checkouts/gtm-session-fetcher/Sources/Core/Public -Xcc -I/Users/nataliewhipps/Library/Developer/Xcode/DerivedData/Prompt28-cgmmkisguitsyibyvnemfqvywbnv/SourcePackages/checkouts/AppAuth-iOS/Sources/AppAuthCore -Xcc -I/Users/nataliewhipps/Library/Developer/Xcode/DerivedData/Prompt28-cgmmkisguitsyibyvnemfqvywbnv/Build/Products/Debug-iphonesimulator/include -Xcc -I/Users/nataliewhipps/Library/Developer/Xcode/DerivedData/Prompt28-cgmmkisguitsyibyvnemfqvywbnv/Build/Intermediates.noindex/GTMAppAuth.build/Debug-iphonesimulator/GTMAppAuth.build/DerivedSources-normal/x86_64 -Xcc -I/Users/nataliewhipps/Library/Developer/Xcode/DerivedData/Prompt28-cgmmkisguitsyibyvnemfqvywbnv/Build/Intermediates.noindex/GTMAppAuth.build/Debug-iphonesimulator/GTMAppAuth.build/DerivedSources/x86_64 -Xcc -I/Users/nataliewhipps/Library/Developer/Xcode/DerivedData/Prompt28-cgmmkisguitsyibyvnemfqvywbnv/Build/Intermediates.noindex/GTMAppAuth.build/Debug-iphonesimulator/GTMAppAuth.build/DerivedSources -Xcc -DSWIFT_PACKAGE -Xcc -DDEBUG\=1 -emit-objc-header -emit-objc-header-path /Users/nataliewhipps/Library/Developer/Xcode/DerivedData/Prompt28-cgmmkisguitsyibyvnemfqvywbnv/Build/Intermediates.noindex/GTMAppAuth.build/Debug-iphonesimulator/GTMAppAuth.build/Objects-normal/x86_64/GTMAppAuth-Swift.h -working-directory /Users/nataliewhipps/Desktop/Prompt28/Prompt28.xcodeproj -experimental-emit-module-separately -disable-cmo

ScanDependencies /Users/nataliewhipps/Library/Developer/Xcode/DerivedData/Prompt28-cgmmkisguitsyibyvnemfqvywbnv/Build/Intermediates.noindex/GoogleUtilities.build/Debug-iphonesimulator/GoogleUtilities-Environment.build/Objects-normal/x86_64/GULKeychainUtils.o /Users/nataliewhipps/Library/Developer/Xcode/DerivedData/Prompt28-cgmmkisguitsyibyvnemfqvywbnv/SourcePackages/checkouts/GoogleUtilities/GoogleUtilities/Environment/SecureStorage/GULKeychainUtils.m normal x86_64 objective-c com.apple.compilers.llvm.clang.1_0.compiler (in target 'GoogleUtilities-Environment' from project 'GoogleUtilities')
    cd /Users/nataliewhipps/Desktop/Prompt28/Prompt28.xcodeproj
    
    Using response file: /Users/nataliewhipps/Library/Developer/Xcode/DerivedData/Prompt28-cgmmkisguitsyibyvnemfqvywbnv/Build/Intermediates.noindex/GoogleUtilities.build/Debug-iphonesimulator/GoogleUtilities-Environment.build/Objects-normal/x86_64/e6072d4f65d7061329687fe24e3d63a7-common-args.resp
    
    builtin-ScanDependencies -o /Users/nataliewhipps/Library/Developer/Xcode/DerivedData/Prompt28-cgmmkisguitsyibyvnemfqvywbnv/Build/Intermediates.noindex/GoogleUtilities.build/Debug-iphonesimulator/GoogleUtilities-Environment.build/Objects-normal/x86_64/GULKeychainUtils.o.scan -- /Applications/Xcode.app/Contents/Developer/Toolchains/XcodeDefault.xctoolchain/usr/bin/clang -x objective-c -ivfsstatcache /Users/nataliewhipps/Library/Developer/Xcode/DerivedData/SDKStatCaches.noindex/iphonesimulator26.2-23C57-7d00a8b37fbd7999ea79df8ebc024bf0.sdkstatcache -fmessage-length\=0 -fdiagnostics-show-note-include-stack -fmacro-backtrace-limit\=0 -fno-color-diagnostics -fmodules-prune-interval\=86400 -fmodules-prune-after\=345600 -fbuild-session-file\=/Users/nataliewhipps/Library/Developer/Xcode/DerivedData/ModuleCache.noindex/Session.modulevalidation -fmodules-validate-once-per-build-session -Wnon-modular-include-in-framework-module -Werror\=non-modular-include-in-framework-module -Wno-trigraphs -Wno-missing-field-initializers -Wno-missing-prototypes -Wno-return-type -Wno-implicit-atomic-properties -Wno-objc-interface-ivars -Wno-arc-repeated-use-of-weak -Wno-missing-braces -Wparentheses -Wswitch -Wno-unused-function -Wno-unused-label -Wno-unused-parameter -Wno-unused-variable -Wunused-value -Wno-empty-body -Wno-uninitialized -Wno-unknown-pragmas -w -Wno-shadow -Wno-four-char-constants -Wno-conversion -Wno-constant-conversion -Wno-int-conversion -Wno-bool-conversion -Wno-enum-conversion -Wno-float-conversion -Wno-non-literal-null-conversion -Wno-objc-literal-conversion -Wshorten-64-to-32 -Wpointer-sign -Wno-newline-eof -Wno-selector -Wno-strict-selector-match -Wno-undeclared-selector -Wno-deprecated-implementations -Wno-implicit-fallthrough -fstrict-aliasing -Wprotocol -Wdeprecated-declarations -Wno-sign-conversion -Wno-infinite-recursion -Wno-comma -Wno-block-capture-autoreleasing -Wno-strict-prototypes -Wno-semicolon-before-method-body -index-store-path /Users/nataliewhipps/Library/Developer/Xcode/DerivedData/Prompt28-cgmmkisguitsyibyvnemfqvywbnv/Index.noindex/DataStore @/Users/nataliewhipps/Library/Developer/Xcode/DerivedData/Prompt28-cgmmkisguitsyibyvnemfqvywbnv/Build/Intermediates.noindex/GoogleUtilities.build/Debug-iphonesimulator/GoogleUtilities-Environment.build/Objects-normal/x86_64/e6072d4f65d7061329687fe24e3d63a7-common-args.resp -include /Users/nataliewhipps/Library/Developer/Xcode/DerivedData/Prompt28-cgmmkisguitsyibyvnemfqvywbnv/Build/Intermediates.noindex/GoogleUtilities.build/Debug-iphonesimulator/GoogleUtilities-Environment.build/DerivedSources/resource_bundle_accessor.h -MMD -MT dependencies -MF /Users/nataliewhipps/Library/Developer/Xcode/DerivedData/Prompt28-cgmmkisguitsyibyvnemfqvywbnv/Build/Intermediates.noindex/GoogleUtilities.build/Debug-iphonesimulator/GoogleUtilities-Environment.build/Objects-normal/x86_64/GULKeychainUtils.d --serialize-diagnostics /Users/nataliewhipps/Library/Developer/Xcode/DerivedData/Prompt28-cgmmkisguitsyibyvnemfqvywbnv/Build/Intermediates.noindex/GoogleUtilities.build/Debug-iphonesimulator/GoogleUtilities-Environment.build/Objects-normal/x86_64/GULKeychainUtils.dia -c /Users/nataliewhipps/Library/Developer/Xcode/DerivedData/Prompt28-cgmmkisguitsyibyvnemfqvywbnv/SourcePackages/checkouts/GoogleUtilities/GoogleUtilities/Environment/SecureStorage/GULKeychainUtils.m -o /Users/nataliewhipps/Library/Developer/Xcode/DerivedData/Prompt28-cgmmkisguitsyibyvnemfqvywbnv/Build/Intermediates.noindex/GoogleUtilities.build/Debug-iphonesimulator/GoogleUtilities-Environment.build/Objects-normal/x86_64/GULKeychainUtils.o -index-unit-output-path /GoogleUtilities.build/Debug-iphonesimulator/GoogleUtilities-Environment.build/Objects-normal/x86_64/GULKeychainUtils.o

PrecompileModule /Users/nataliewhipps/Library/Developer/Xcode/DerivedData/Prompt28-cgmmkisguitsyibyvnemfqvywbnv/Build/Intermediates.noindex/ExplicitPrecompiledModules/_AvailabilityInternal-3EQE4AGIW71RWFCMH21VOHTDF.scan
    cd /
    builtin-precompileModule /Users/nataliewhipps/Library/Developer/Xcode/DerivedData/Prompt28-cgmmkisguitsyibyvnemfqvywbnv/Build/Intermediates.noindex/ExplicitPrecompiledModules/_AvailabilityInternal-3EQE4AGIW71RWFCMH21VOHTDF.scan

PrecompileModule /Users/nataliewhipps/Library/Developer/Xcode/DerivedData/Prompt28-cgmmkisguitsyibyvnemfqvywbnv/Build/Intermediates.noindex/ExplicitPrecompiledModules/_Builtin_stdbool-5QNJ9X36DZKRR3U8B6Y5Z9T3E.scan
    cd /
    builtin-precompileModule /Users/nataliewhipps/Library/Developer/Xcode/DerivedData/Prompt28-cgmmkisguitsyibyvnemfqvywbnv/Build/Intermediates.noindex/ExplicitPrecompiledModules/_Builtin_stdbool-5QNJ9X36DZKRR3U8B6Y5Z9T3E.scan

PrecompileModule /Users/nataliewhipps/Library/Developer/Xcode/DerivedData/Prompt28-cgmmkisguitsyibyvnemfqvywbnv/Build/Intermediates.noindex/ExplicitPrecompiledModules/_Builtin_stddef-BP4EFCVL2GCJOSCN169GB9DYW.scan
    cd /
    builtin-precompileModule /Users/nataliewhipps/Library/Developer/Xcode/DerivedData/Prompt28-cgmmkisguitsyibyvnemfqvywbnv/Build/Intermediates.noindex/ExplicitPrecompiledModules/_Builtin_stddef-BP4EFCVL2GCJOSCN169GB9DYW.scan

PrecompileModule /Users/nataliewhipps/Library/Developer/Xcode/DerivedData/Prompt28-cgmmkisguitsyibyvnemfqvywbnv/Build/Intermediates.noindex/ExplicitPrecompiledModules/_Builtin_stdarg-6LGGKUW94ISABWA8N1EKYWTEL.scan
    cd /
    builtin-precompileModule /Users/nataliewhipps/Library/Developer/Xcode/DerivedData/Prompt28-cgmmkisguitsyibyvnemfqvywbnv/Build/Intermediates.noindex/ExplicitPrecompiledModules/_Builtin_stdarg-6LGGKUW94ISABWA8N1EKYWTEL.scan

PrecompileModule /Users/nataliewhipps/Library/Developer/Xcode/DerivedData/Prompt28-cgmmkisguitsyibyvnemfqvywbnv/Build/Intermediates.noindex/ExplicitPrecompiledModules/ptrcheck-1LL5HTB30QKR54SCY1D2FDA37.scan
    cd /
    builtin-precompileModule /Users/nataliewhipps/Library/Developer/Xcode/DerivedData/Prompt28-cgmmkisguitsyibyvnemfqvywbnv/Build/Intermediates.noindex/ExplicitPrecompiledModules/ptrcheck-1LL5HTB30QKR54SCY1D2FDA37.scan

PrecompileModule /Users/nataliewhipps/Library/Developer/Xcode/DerivedData/Prompt28-cgmmkisguitsyibyvnemfqvywbnv/Build/Intermediates.noindex/ExplicitPrecompiledModules/ptrauth-AVFFPDGD0H89FMVPYR1J5196F.scan
    cd /
    builtin-precompileModule /Users/nataliewhipps/Library/Developer/Xcode/DerivedData/Prompt28-cgmmkisguitsyibyvnemfqvywbnv/Build/Intermediates.noindex/ExplicitPrecompiledModules/ptrauth-AVFFPDGD0H89FMVPYR1J5196F.scan

PrecompileModule /Users/nataliewhipps/Library/Developer/Xcode/DerivedData/Prompt28-cgmmkisguitsyibyvnemfqvywbnv/Build/Intermediates.noindex/ExplicitPrecompiledModules/_Builtin_float-AJWYU5BXIKGM7PK9BFZU1AMFO.scan
    cd /
    builtin-precompileModule /Users/nataliewhipps/Library/Developer/Xcode/DerivedData/Prompt28-cgmmkisguitsyibyvnemfqvywbnv/Build/Intermediates.noindex/ExplicitPrecompiledModules/_Builtin_float-AJWYU5BXIKGM7PK9BFZU1AMFO.scan

ScanDependencies /Users/nataliewhipps/Library/Developer/Xcode/DerivedData/Prompt28-cgmmkisguitsyibyvnemfqvywbnv/Build/Intermediates.noindex/GoogleUtilities.build/Debug-iphonesimulator/GoogleUtilities-Environment.build/Objects-normal/x86_64/GULKeychainStorage.o /Users/nataliewhipps/Library/Developer/Xcode/DerivedData/Prompt28-cgmmkisguitsyibyvnemfqvywbnv/SourcePackages/checkouts/GoogleUtilities/GoogleUtilities/Environment/SecureStorage/GULKeychainStorage.m normal x86_64 objective-c com.apple.compilers.llvm.clang.1_0.compiler (in target 'GoogleUtilities-Environment' from project 'GoogleUtilities')
    cd /Users/nataliewhipps/Desktop/Prompt28/Prompt28.xcodeproj
    
    Using response file: /Users/nataliewhipps/Library/Developer/Xcode/DerivedData/Prompt28-cgmmkisguitsyibyvnemfqvywbnv/Build/Intermediates.noindex/GoogleUtilities.build/Debug-iphonesimulator/GoogleUtilities-Environment.build/Objects-normal/x86_64/e6072d4f65d7061329687fe24e3d63a7-common-args.resp
    
    builtin-ScanDependencies -o /Users/nataliewhipps/Library/Developer/Xcode/DerivedData/Prompt28-cgmmkisguitsyibyvnemfqvywbnv/Build/Intermediates.noindex/GoogleUtilities.build/Debug-iphonesimulator/GoogleUtilities-Environment.build/Objects-normal/x86_64/GULKeychainStorage.o.scan -- /Applications/Xcode.app/Contents/Developer/Toolchains/XcodeDefault.xctoolchain/usr/bin/clang -x objective-c -ivfsstatcache /Users/nataliewhipps/Library/Developer/Xcode/DerivedData/SDKStatCaches.noindex/iphonesimulator26.2-23C57-7d00a8b37fbd7999ea79df8ebc024bf0.sdkstatcache -fmessage-length\=0 -fdiagnostics-show-note-include-stack -fmacro-backtrace-limit\=0 -fno-color-diagnostics -fmodules-prune-interval\=86400 -fmodules-prune-after\=345600 -fbuild-session-file\=/Users/nataliewhipps/Library/Developer/Xcode/DerivedData/ModuleCache.noindex/Session.modulevalidation -fmodules-validate-once-per-build-session -Wnon-modular-include-in-framework-module -Werror\=non-modular-include-in-framework-module -Wno-trigraphs -Wno-missing-field-initializers -Wno-missing-prototypes -Wno-return-type -Wno-implicit-atomic-properties -Wno-objc-interface-ivars -Wno-arc-repeated-use-of-weak -Wno-missing-braces -Wparentheses -Wswitch -Wno-unused-function -Wno-unused-label -Wno-unused-parameter -Wno-unused-variable -Wunused-value -Wno-empty-body -Wno-uninitialized -Wno-unknown-pragmas -w -Wno-shadow -Wno-four-char-constants -Wno-conversion -Wno-constant-conversion -Wno-int-conversion -Wno-bool-conversion -Wno-enum-conversion -Wno-float-conversion -Wno-non-literal-null-conversion -Wno-objc-literal-conversion -Wshorten-64-to-32 -Wpointer-sign -Wno-newline-eof -Wno-selector -Wno-strict-selector-match -Wno-undeclared-selector -Wno-deprecated-implementations -Wno-implicit-fallthrough -fstrict-aliasing -Wprotocol -Wdeprecated-declarations -Wno-sign-conversion -Wno-infinite-recursion -Wno-comma -Wno-block-capture-autoreleasing -Wno-strict-prototypes -Wno-semicolon-before-method-body -index-store-path /Users/nataliewhipps/Library/Developer/Xcode/DerivedData/Prompt28-cgmmkisguitsyibyvnemfqvywbnv/Index.noindex/DataStore @/Users/nataliewhipps/Library/Developer/Xcode/DerivedData/Prompt28-cgmmkisguitsyibyvnemfqvywbnv/Build/Intermediates.noindex/GoogleUtilities.build/Debug-iphonesimulator/GoogleUtilities-Environment.build/Objects-normal/x86_64/e6072d4f65d7061329687fe24e3d63a7-common-args.resp -include /Users/nataliewhipps/Library/Developer/Xcode/DerivedData/Prompt28-cgmmkisguitsyibyvnemfqvywbnv/Build/Intermediates.noindex/GoogleUtilities.build/Debug-iphonesimulator/GoogleUtilities-Environment.build/DerivedSources/resource_bundle_accessor.h -MMD -MT dependencies -MF /Users/nataliewhipps/Library/Developer/Xcode/DerivedData/Prompt28-cgmmkisguitsyibyvnemfqvywbnv/Build/Intermediates.noindex/GoogleUtilities.build/Debug-iphonesimulator/GoogleUtilities-Environment.build/Objects-normal/x86_64/GULKeychainStorage.d --serialize-diagnostics /Users/nataliewhipps/Library/Developer/Xcode/DerivedData/Prompt28-cgmmkisguitsyibyvnemfqvywbnv/Build/Intermediates.noindex/GoogleUtilities.build/Debug-iphonesimulator/GoogleUtilities-Environment.build/Objects-normal/x86_64/GULKeychainStorage.dia -c /Users/nataliewhipps/Library/Developer/Xcode/DerivedData/Prompt28-cgmmkisguitsyibyvnemfqvywbnv/SourcePackages/checkouts/GoogleUtilities/GoogleUtilities/Environment/SecureStorage/GULKeychainStorage.m -o /Users/nataliewhipps/Library/Developer/Xcode/DerivedData/Prompt28-cgmmkisguitsyibyvnemfqvywbnv/Build/Intermediates.noindex/GoogleUtilities.build/Debug-iphonesimulator/GoogleUtilities-Environment.build/Objects-normal/x86_64/GULKeychainStorage.o -index-unit-output-path /GoogleUtilities.build/Debug-iphonesimulator/GoogleUtilities-Environment.build/Objects-normal/x86_64/GULKeychainStorage.o

ScanDependencies /Users/nataliewhipps/Library/Developer/Xcode/DerivedData/Prompt28-cgmmkisguitsyibyvnemfqvywbnv/Build/Intermediates.noindex/GoogleUtilities.build/Debug-iphonesimulator/GoogleUtilities-Environment.build/Objects-normal/x86_64/GULAppEnvironmentUtil.o /Users/nataliewhipps/Library/Developer/Xcode/DerivedData/Prompt28-cgmmkisguitsyibyvnemfqvywbnv/SourcePackages/checkouts/GoogleUtilities/GoogleUtilities/Environment/GULAppEnvironmentUtil.m normal x86_64 objective-c com.apple.compilers.llvm.clang.1_0.compiler (in target 'GoogleUtilities-Environment' from project 'GoogleUtilities')
    cd /Users/nataliewhipps/Desktop/Prompt28/Prompt28.xcodeproj
    
    Using response file: /Users/nataliewhipps/Library/Developer/Xcode/DerivedData/Prompt28-cgmmkisguitsyibyvnemfqvywbnv/Build/Intermediates.noindex/GoogleUtilities.build/Debug-iphonesimulator/GoogleUtilities-Environment.build/Objects-normal/x86_64/e6072d4f65d7061329687fe24e3d63a7-common-args.resp
    
    builtin-ScanDependencies -o /Users/nataliewhipps/Library/Developer/Xcode/DerivedData/Prompt28-cgmmkisguitsyibyvnemfqvywbnv/Build/Intermediates.noindex/GoogleUtilities.build/Debug-iphonesimulator/GoogleUtilities-Environment.build/Objects-normal/x86_64/GULAppEnvironmentUtil.o.scan -- /Applications/Xcode.app/Contents/Developer/Toolchains/XcodeDefault.xctoolchain/usr/bin/clang -x objective-c -ivfsstatcache /Users/nataliewhipps/Library/Developer/Xcode/DerivedData/SDKStatCaches.noindex/iphonesimulator26.2-23C57-7d00a8b37fbd7999ea79df8ebc024bf0.sdkstatcache -fmessage-length\=0 -fdiagnostics-show-note-include-stack -fmacro-backtrace-limit\=0 -fno-color-diagnostics -fmodules-prune-interval\=86400 -fmodules-prune-after\=345600 -fbuild-session-file\=/Users/nataliewhipps/Library/Developer/Xcode/DerivedData/ModuleCache.noindex/Session.modulevalidation -fmodules-validate-once-per-build-session -Wnon-modular-include-in-framework-module -Werror\=non-modular-include-in-framework-module -Wno-trigraphs -Wno-missing-field-initializers -Wno-missing-prototypes -Wno-return-type -Wno-implicit-atomic-properties -Wno-objc-interface-ivars -Wno-arc-repeated-use-of-weak -Wno-missing-braces -Wparentheses -Wswitch -Wno-unused-function -Wno-unused-label -Wno-unused-parameter -Wno-unused-variable -Wunused-value -Wno-empty-body -Wno-uninitialized -Wno-unknown-pragmas -w -Wno-shadow -Wno-four-char-constants -Wno-conversion -Wno-constant-conversion -Wno-int-conversion -Wno-bool-conversion -Wno-enum-conversion -Wno-float-conversion -Wno-non-literal-null-conversion -Wno-objc-literal-conversion -Wshorten-64-to-32 -Wpointer-sign -Wno-newline-eof -Wno-selector -Wno-strict-selector-match -Wno-undeclared-selector -Wno-deprecated-implementations -Wno-implicit-fallthrough -fstrict-aliasing -Wprotocol -Wdeprecated-declarations -Wno-sign-conversion -Wno-infinite-recursion -Wno-comma -Wno-block-capture-autoreleasing -Wno-strict-prototypes -Wno-semicolon-before-method-body -index-store-path /Users/nataliewhipps/Library/Developer/Xcode/DerivedData/Prompt28-cgmmkisguitsyibyvnemfqvywbnv/Index.noindex/DataStore @/Users/nataliewhipps/Library/Developer/Xcode/DerivedData/Prompt28-cgmmkisguitsyibyvnemfqvywbnv/Build/Intermediates.noindex/GoogleUtilities.build/Debug-iphonesimulator/GoogleUtilities-Environment.build/Objects-normal/x86_64/e6072d4f65d7061329687fe24e3d63a7-common-args.resp -include /Users/nataliewhipps/Library/Developer/Xcode/DerivedData/Prompt28-cgmmkisguitsyibyvnemfqvywbnv/Build/Intermediates.noindex/GoogleUtilities.build/Debug-iphonesimulator/GoogleUtilities-Environment.build/DerivedSources/resource_bundle_accessor.h -MMD -MT dependencies -MF /Users/nataliewhipps/Library/Developer/Xcode/DerivedData/Prompt28-cgmmkisguitsyibyvnemfqvywbnv/Build/Intermediates.noindex/GoogleUtilities.build/Debug-iphonesimulator/GoogleUtilities-Environment.build/Objects-normal/x86_64/GULAppEnvironmentUtil.d --serialize-diagnostics /Users/nataliewhipps/Library/Developer/Xcode/DerivedData/Prompt28-cgmmkisguitsyibyvnemfqvywbnv/Build/Intermediates.noindex/GoogleUtilities.build/Debug-iphonesimulator/GoogleUtilities-Environment.build/Objects-normal/x86_64/GULAppEnvironmentUtil.dia -c /Users/nataliewhipps/Library/Developer/Xcode/DerivedData/Prompt28-cgmmkisguitsyibyvnemfqvywbnv/SourcePackages/checkouts/GoogleUtilities/GoogleUtilities/Environment/GULAppEnvironmentUtil.m -o /Users/nataliewhipps/Library/Developer/Xcode/DerivedData/Prompt28-cgmmkisguitsyibyvnemfqvywbnv/Build/Intermediates.noindex/GoogleUtilities.build/Debug-iphonesimulator/GoogleUtilities-Environment.build/Objects-normal/x86_64/GULAppEnvironmentUtil.o -index-unit-output-path /GoogleUtilities.build/Debug-iphonesimulator/GoogleUtilities-Environment.build/Objects-normal/x86_64/GULAppEnvironmentUtil.o

ScanDependencies /Users/nataliewhipps/Library/Developer/Xcode/DerivedData/Prompt28-cgmmkisguitsyibyvnemfqvywbnv/Build/Intermediates.noindex/GTMSessionFetcher.build/Debug-iphonesimulator/GTMSessionFetcherCore.build/Objects-normal/x86_64/resource_bundle_accessor.o /Users/nataliewhipps/Library/Developer/Xcode/DerivedData/Prompt28-cgmmkisguitsyibyvnemfqvywbnv/Build/Intermediates.noindex/GTMSessionFetcher.build/Debug-iphonesimulator/GTMSessionFetcherCore.build/DerivedSources/resource_bundle_accessor.m normal x86_64 objective-c com.apple.compilers.llvm.clang.1_0.compiler (in target 'GTMSessionFetcherCore' from project 'GTMSessionFetcher')
    cd /Users/nataliewhipps/Desktop/Prompt28/Prompt28.xcodeproj
    
    Using response file: /Users/nataliewhipps/Library/Developer/Xcode/DerivedData/Prompt28-cgmmkisguitsyibyvnemfqvywbnv/Build/Intermediates.noindex/GTMSessionFetcher.build/Debug-iphonesimulator/GTMSessionFetcherCore.build/Objects-normal/x86_64/e6072d4f65d7061329687fe24e3d63a7-common-args.resp
    
    builtin-ScanDependencies -o /Users/nataliewhipps/Library/Developer/Xcode/DerivedData/Prompt28-cgmmkisguitsyibyvnemfqvywbnv/Build/Intermediates.noindex/GTMSessionFetcher.build/Debug-iphonesimulator/GTMSessionFetcherCore.build/Objects-normal/x86_64/resource_bundle_accessor.o.scan -- /Applications/Xcode.app/Contents/Developer/Toolchains/XcodeDefault.xctoolchain/usr/bin/clang -x objective-c -ivfsstatcache /Users/nataliewhipps/Library/Developer/Xcode/DerivedData/SDKStatCaches.noindex/iphonesimulator26.2-23C57-7d00a8b37fbd7999ea79df8ebc024bf0.sdkstatcache -fmessage-length\=0 -fdiagnostics-show-note-include-stack -fmacro-backtrace-limit\=0 -fno-color-diagnostics -fmodules-prune-interval\=86400 -fmodules-prune-after\=345600 -fbuild-session-file\=/Users/nataliewhipps/Library/Developer/Xcode/DerivedData/ModuleCache.noindex/Session.modulevalidation -fmodules-validate-once-per-build-session -Wnon-modular-include-in-framework-module -Werror\=non-modular-include-in-framework-module -Wno-trigraphs -Wno-missing-field-initializers -Wno-missing-prototypes -Wno-return-type -Wno-implicit-atomic-properties -Wno-objc-interface-ivars -Wno-arc-repeated-use-of-weak -Wno-missing-braces -Wparentheses -Wswitch -Wno-unused-function -Wno-unused-label -Wno-unused-parameter -Wno-unused-variable -Wunused-value -Wno-empty-body -Wno-uninitialized -Wno-unknown-pragmas -w -Wno-shadow -Wno-four-char-constants -Wno-conversion -Wno-constant-conversion -Wno-int-conversion -Wno-bool-conversion -Wno-enum-conversion -Wno-float-conversion -Wno-non-literal-null-conversion -Wno-objc-literal-conversion -Wshorten-64-to-32 -Wpointer-sign -Wno-newline-eof -Wno-selector -Wno-strict-selector-match -Wno-undeclared-selector -Wno-deprecated-implementations -Wno-implicit-fallthrough -fstrict-aliasing -Wprotocol -Wdeprecated-declarations -Wno-sign-conversion -Wno-infinite-recursion -Wno-comma -Wno-block-capture-autoreleasing -Wno-strict-prototypes -Wno-semicolon-before-method-body -index-store-path /Users/nataliewhipps/Library/Developer/Xcode/DerivedData/Prompt28-cgmmkisguitsyibyvnemfqvywbnv/Index.noindex/DataStore @/Users/nataliewhipps/Library/Developer/Xcode/DerivedData/Prompt28-cgmmkisguitsyibyvnemfqvywbnv/Build/Intermediates.noindex/GTMSessionFetcher.build/Debug-iphonesimulator/GTMSessionFetcherCore.build/Objects-normal/x86_64/e6072d4f65d7061329687fe24e3d63a7-common-args.resp -include /Users/nataliewhipps/Library/Developer/Xcode/DerivedData/Prompt28-cgmmkisguitsyibyvnemfqvywbnv/Build/Intermediates.noindex/GTMSessionFetcher.build/Debug-iphonesimulator/GTMSessionFetcherCore.build/DerivedSources/resource_bundle_accessor.h -MMD -MT dependencies -MF /Users/nataliewhipps/Library/Developer/Xcode/DerivedData/Prompt28-cgmmkisguitsyibyvnemfqvywbnv/Build/Intermediates.noindex/GTMSessionFetcher.build/Debug-iphonesimulator/GTMSessionFetcherCore.build/Objects-normal/x86_64/resource_bundle_accessor.d --serialize-diagnostics /Users/nataliewhipps/Library/Developer/Xcode/DerivedData/Prompt28-cgmmkisguitsyibyvnemfqvywbnv/Build/Intermediates.noindex/GTMSessionFetcher.build/Debug-iphonesimulator/GTMSessionFetcherCore.build/Objects-normal/x86_64/resource_bundle_accessor.dia -c /Users/nataliewhipps/Library/Developer/Xcode/DerivedData/Prompt28-cgmmkisguitsyibyvnemfqvywbnv/Build/Intermediates.noindex/GTMSessionFetcher.build/Debug-iphonesimulator/GTMSessionFetcherCore.build/DerivedSources/resource_bundle_accessor.m -o /Users/nataliewhipps/Library/Developer/Xcode/DerivedData/Prompt28-cgmmkisguitsyibyvnemfqvywbnv/Build/Intermediates.noindex/GTMSessionFetcher.build/Debug-iphonesimulator/GTMSessionFetcherCore.build/Objects-normal/x86_64/resource_bundle_accessor.o -index-unit-output-path /GTMSessionFetcher.build/Debug-iphonesimulator/GTMSessionFetcherCore.build/Objects-normal/x86_64/resource_bundle_accessor.o

ScanDependencies /Users/nataliewhipps/Library/Developer/Xcode/DerivedData/Prompt28-cgmmkisguitsyibyvnemfqvywbnv/Build/Intermediates.noindex/GTMSessionFetcher.build/Debug-iphonesimulator/GTMSessionFetcherCore.build/Objects-normal/x86_64/GTMSessionFetcherService.o /Users/nataliewhipps/Library/Developer/Xcode/DerivedData/Prompt28-cgmmkisguitsyibyvnemfqvywbnv/SourcePackages/checkouts/gtm-session-fetcher/Sources/Core/GTMSessionFetcherService.m normal x86_64 objective-c com.apple.compilers.llvm.clang.1_0.compiler (in target 'GTMSessionFetcherCore' from project 'GTMSessionFetcher')
    cd /Users/nataliewhipps/Desktop/Prompt28/Prompt28.xcodeproj
    
    Using response file: /Users/nataliewhipps/Library/Developer/Xcode/DerivedData/Prompt28-cgmmkisguitsyibyvnemfqvywbnv/Build/Intermediates.noindex/GTMSessionFetcher.build/Debug-iphonesimulator/GTMSessionFetcherCore.build/Objects-normal/x86_64/e6072d4f65d7061329687fe24e3d63a7-common-args.resp
    
    builtin-ScanDependencies -o /Users/nataliewhipps/Library/Developer/Xcode/DerivedData/Prompt28-cgmmkisguitsyibyvnemfqvywbnv/Build/Intermediates.noindex/GTMSessionFetcher.build/Debug-iphonesimulator/GTMSessionFetcherCore.build/Objects-normal/x86_64/GTMSessionFetcherService.o.scan -- /Applications/Xcode.app/Contents/Developer/Toolchains/XcodeDefault.xctoolchain/usr/bin/clang -x objective-c -ivfsstatcache /Users/nataliewhipps/Library/Developer/Xcode/DerivedData/SDKStatCaches.noindex/iphonesimulator26.2-23C57-7d00a8b37fbd7999ea79df8ebc024bf0.sdkstatcache -fmessage-length\=0 -fdiagnostics-show-note-include-stack -fmacro-backtrace-limit\=0 -fno-color-diagnostics -fmodules-prune-interval\=86400 -fmodules-prune-after\=345600 -fbuild-session-file\=/Users/nataliewhipps/Library/Developer/Xcode/DerivedData/ModuleCache.noindex/Session.modulevalidation -fmodules-validate-once-per-build-session -Wnon-modular-include-in-framework-module -Werror\=non-modular-include-in-framework-module -Wno-trigraphs -Wno-missing-field-initializers -Wno-missing-prototypes -Wno-return-type -Wno-implicit-atomic-properties -Wno-objc-interface-ivars -Wno-arc-repeated-use-of-weak -Wno-missing-braces -Wparentheses -Wswitch -Wno-unused-function -Wno-unused-label -Wno-unused-parameter -Wno-unused-variable -Wunused-value -Wno-empty-body -Wno-uninitialized -Wno-unknown-pragmas -w -Wno-shadow -Wno-four-char-constants -Wno-conversion -Wno-constant-conversion -Wno-int-conversion -Wno-bool-conversion -Wno-enum-conversion -Wno-float-conversion -Wno-non-literal-null-conversion -Wno-objc-literal-conversion -Wshorten-64-to-32 -Wpointer-sign -Wno-newline-eof -Wno-selector -Wno-strict-selector-match -Wno-undeclared-selector -Wno-deprecated-implementations -Wno-implicit-fallthrough -fstrict-aliasing -Wprotocol -Wdeprecated-declarations -Wno-sign-conversion -Wno-infinite-recursion -Wno-comma -Wno-block-capture-autoreleasing -Wno-strict-prototypes -Wno-semicolon-before-method-body -index-store-path /Users/nataliewhipps/Library/Developer/Xcode/DerivedData/Prompt28-cgmmkisguitsyibyvnemfqvywbnv/Index.noindex/DataStore @/Users/nataliewhipps/Library/Developer/Xcode/DerivedData/Prompt28-cgmmkisguitsyibyvnemfqvywbnv/Build/Intermediates.noindex/GTMSessionFetcher.build/Debug-iphonesimulator/GTMSessionFetcherCore.build/Objects-normal/x86_64/e6072d4f65d7061329687fe24e3d63a7-common-args.resp -include /Users/nataliewhipps/Library/Developer/Xcode/DerivedData/Prompt28-cgmmkisguitsyibyvnemfqvywbnv/Build/Intermediates.noindex/GTMSessionFetcher.build/Debug-iphonesimulator/GTMSessionFetcherCore.build/DerivedSources/resource_bundle_accessor.h -MMD -MT dependencies -MF /Users/nataliewhipps/Library/Developer/Xcode/DerivedData/Prompt28-cgmmkisguitsyibyvnemfqvywbnv/Build/Intermediates.noindex/GTMSessionFetcher.build/Debug-iphonesimulator/GTMSessionFetcherCore.build/Objects-normal/x86_64/GTMSessionFetcherService.d --serialize-diagnostics /Users/nataliewhipps/Library/Developer/Xcode/DerivedData/Prompt28-cgmmkisguitsyibyvnemfqvywbnv/Build/Intermediates.noindex/GTMSessionFetcher.build/Debug-iphonesimulator/GTMSessionFetcherCore.build/Objects-normal/x86_64/GTMSessionFetcherService.dia -c /Users/nataliewhipps/Library/Developer/Xcode/DerivedData/Prompt28-cgmmkisguitsyibyvnemfqvywbnv/SourcePackages/checkouts/gtm-session-fetcher/Sources/Core/GTMSessionFetcherService.m -o /Users/nataliewhipps/Library/Developer/Xcode/DerivedData/Prompt28-cgmmkisguitsyibyvnemfqvywbnv/Build/Intermediates.noindex/GTMSessionFetcher.build/Debug-iphonesimulator/GTMSessionFetcherCore.build/Objects-normal/x86_64/GTMSessionFetcherService.o -index-unit-output-path /GTMSessionFetcher.build/Debug-iphonesimulator/GTMSessionFetcherCore.build/Objects-normal/x86_64/GTMSessionFetcherService.o

ScanDependencies /Users/nataliewhipps/Library/Developer/Xcode/DerivedData/Prompt28-cgmmkisguitsyibyvnemfqvywbnv/Build/Intermediates.noindex/GTMSessionFetcher.build/Debug-iphonesimulator/GTMSessionFetcherCore.build/Objects-normal/x86_64/GTMSessionFetcherLogging.o /Users/nataliewhipps/Library/Developer/Xcode/DerivedData/Prompt28-cgmmkisguitsyibyvnemfqvywbnv/SourcePackages/checkouts/gtm-session-fetcher/Sources/Core/GTMSessionFetcherLogging.m normal x86_64 objective-c com.apple.compilers.llvm.clang.1_0.compiler (in target 'GTMSessionFetcherCore' from project 'GTMSessionFetcher')
    cd /Users/nataliewhipps/Desktop/Prompt28/Prompt28.xcodeproj
    
    Using response file: /Users/nataliewhipps/Library/Developer/Xcode/DerivedData/Prompt28-cgmmkisguitsyibyvnemfqvywbnv/Build/Intermediates.noindex/GTMSessionFetcher.build/Debug-iphonesimulator/GTMSessionFetcherCore.build/Objects-normal/x86_64/e6072d4f65d7061329687fe24e3d63a7-common-args.resp
    
    builtin-ScanDependencies -o /Users/nataliewhipps/Library/Developer/Xcode/DerivedData/Prompt28-cgmmkisguitsyibyvnemfqvywbnv/Build/Intermediates.noindex/GTMSessionFetcher.build/Debug-iphonesimulator/GTMSessionFetcherCore.build/Objects-normal/x86_64/GTMSessionFetcherLogging.o.scan -- /Applications/Xcode.app/Contents/Developer/Toolchains/XcodeDefault.xctoolchain/usr/bin/clang -x objective-c -ivfsstatcache /Users/nataliewhipps/Library/Developer/Xcode/DerivedData/SDKStatCaches.noindex/iphonesimulator26.2-23C57-7d00a8b37fbd7999ea79df8ebc024bf0.sdkstatcache -fmessage-length\=0 -fdiagnostics-show-note-include-stack -fmacro-backtrace-limit\=0 -fno-color-diagnostics -fmodules-prune-interval\=86400 -fmodules-prune-after\=345600 -fbuild-session-file\=/Users/nataliewhipps/Library/Developer/Xcode/DerivedData/ModuleCache.noindex/Session.modulevalidation -fmodules-validate-once-per-build-session -Wnon-modular-include-in-framework-module -Werror\=non-modular-include-in-framework-module -Wno-trigraphs -Wno-missing-field-initializers -Wno-missing-prototypes -Wno-return-type -Wno-implicit-atomic-properties -Wno-objc-interface-ivars -Wno-arc-repeated-use-of-weak -Wno-missing-braces -Wparentheses -Wswitch -Wno-unused-function -Wno-unused-label -Wno-unused-parameter -Wno-unused-variable -Wunused-value -Wno-empty-body -Wno-uninitialized -Wno-unknown-pragmas -w -Wno-shadow -Wno-four-char-constants -Wno-conversion -Wno-constant-conversion -Wno-int-conversion -Wno-bool-conversion -Wno-enum-conversion -Wno-float-conversion -Wno-non-literal-null-conversion -Wno-objc-literal-conversion -Wshorten-64-to-32 -Wpointer-sign -Wno-newline-eof -Wno-selector -Wno-strict-selector-match -Wno-undeclared-selector -Wno-deprecated-implementations -Wno-implicit-fallthrough -fstrict-aliasing -Wprotocol -Wdeprecated-declarations -Wno-sign-conversion -Wno-infinite-recursion -Wno-comma -Wno-block-capture-autoreleasing -Wno-strict-prototypes -Wno-semicolon-before-method-body -index-store-path /Users/nataliewhipps/Library/Developer/Xcode/DerivedData/Prompt28-cgmmkisguitsyibyvnemfqvywbnv/Index.noindex/DataStore @/Users/nataliewhipps/Library/Developer/Xcode/DerivedData/Prompt28-cgmmkisguitsyibyvnemfqvywbnv/Build/Intermediates.noindex/GTMSessionFetcher.build/Debug-iphonesimulator/GTMSessionFetcherCore.build/Objects-normal/x86_64/e6072d4f65d7061329687fe24e3d63a7-common-args.resp -include /Users/nataliewhipps/Library/Developer/Xcode/DerivedData/Prompt28-cgmmkisguitsyibyvnemfqvywbnv/Build/Intermediates.noindex/GTMSessionFetcher.build/Debug-iphonesimulator/GTMSessionFetcherCore.build/DerivedSources/resource_bundle_accessor.h -MMD -MT dependencies -MF /Users/nataliewhipps/Library/Developer/Xcode/DerivedData/Prompt28-cgmmkisguitsyibyvnemfqvywbnv/Build/Intermediates.noindex/GTMSessionFetcher.build/Debug-iphonesimulator/GTMSessionFetcherCore.build/Objects-normal/x86_64/GTMSessionFetcherLogging.d --serialize-diagnostics /Users/nataliewhipps/Library/Developer/Xcode/DerivedData/Prompt28-cgmmkisguitsyibyvnemfqvywbnv/Build/Intermediates.noindex/GTMSessionFetcher.build/Debug-iphonesimulator/GTMSessionFetcherCore.build/Objects-normal/x86_64/GTMSessionFetcherLogging.dia -c /Users/nataliewhipps/Library/Developer/Xcode/DerivedData/Prompt28-cgmmkisguitsyibyvnemfqvywbnv/SourcePackages/checkouts/gtm-session-fetcher/Sources/Core/GTMSessionFetcherLogging.m -o /Users/nataliewhipps/Library/Developer/Xcode/DerivedData/Prompt28-cgmmkisguitsyibyvnemfqvywbnv/Build/Intermediates.noindex/GTMSessionFetcher.build/Debug-iphonesimulator/GTMSessionFetcherCore.build/Objects-normal/x86_64/GTMSessionFetcherLogging.o -index-unit-output-path /GTMSessionFetcher.build/Debug-iphonesimulator/GTMSessionFetcherCore.build/Objects-normal/x86_64/GTMSessionFetcherLogging.o

ScanDependencies /Users/nataliewhipps/Library/Developer/Xcode/DerivedData/Prompt28-cgmmkisguitsyibyvnemfqvywbnv/Build/Intermediates.noindex/GTMSessionFetcher.build/Debug-iphonesimulator/GTMSessionFetcherCore.build/Objects-normal/x86_64/GTMSessionUploadFetcher.o /Users/nataliewhipps/Library/Developer/Xcode/DerivedData/Prompt28-cgmmkisguitsyibyvnemfqvywbnv/SourcePackages/checkouts/gtm-session-fetcher/Sources/Core/GTMSessionUploadFetcher.m normal x86_64 objective-c com.apple.compilers.llvm.clang.1_0.compiler (in target 'GTMSessionFetcherCore' from project 'GTMSessionFetcher')
    cd /Users/nataliewhipps/Desktop/Prompt28/Prompt28.xcodeproj
    
    Using response file: /Users/nataliewhipps/Library/Developer/Xcode/DerivedData/Prompt28-cgmmkisguitsyibyvnemfqvywbnv/Build/Intermediates.noindex/GTMSessionFetcher.build/Debug-iphonesimulator/GTMSessionFetcherCore.build/Objects-normal/x86_64/e6072d4f65d7061329687fe24e3d63a7-common-args.resp
    
    builtin-ScanDependencies -o /Users/nataliewhipps/Library/Developer/Xcode/DerivedData/Prompt28-cgmmkisguitsyibyvnemfqvywbnv/Build/Intermediates.noindex/GTMSessionFetcher.build/Debug-iphonesimulator/GTMSessionFetcherCore.build/Objects-normal/x86_64/GTMSessionUploadFetcher.o.scan -- /Applications/Xcode.app/Contents/Developer/Toolchains/XcodeDefault.xctoolchain/usr/bin/clang -x objective-c -ivfsstatcache /Users/nataliewhipps/Library/Developer/Xcode/DerivedData/SDKStatCaches.noindex/iphonesimulator26.2-23C57-7d00a8b37fbd7999ea79df8ebc024bf0.sdkstatcache -fmessage-length\=0 -fdiagnostics-show-note-include-stack -fmacro-backtrace-limit\=0 -fno-color-diagnostics -fmodules-prune-interval\=86400 -fmodules-prune-after\=345600 -fbuild-session-file\=/Users/nataliewhipps/Library/Developer/Xcode/DerivedData/ModuleCache.noindex/Session.modulevalidation -fmodules-validate-once-per-build-session -Wnon-modular-include-in-framework-module -Werror\=non-modular-include-in-framework-module -Wno-trigraphs -Wno-missing-field-initializers -Wno-missing-prototypes -Wno-return-type -Wno-implicit-atomic-properties -Wno-objc-interface-ivars -Wno-arc-repeated-use-of-weak -Wno-missing-braces -Wparentheses -Wswitch -Wno-unused-function -Wno-unused-label -Wno-unused-parameter -Wno-unused-variable -Wunused-value -Wno-empty-body -Wno-uninitialized -Wno-unknown-pragmas -w -Wno-shadow -Wno-four-char-constants -Wno-conversion -Wno-constant-conversion -Wno-int-conversion -Wno-bool-conversion -Wno-enum-conversion -Wno-float-conversion -Wno-non-literal-null-conversion -Wno-objc-literal-conversion -Wshorten-64-to-32 -Wpointer-sign -Wno-newline-eof -Wno-selector -Wno-strict-selector-match -Wno-undeclared-selector -Wno-deprecated-implementations -Wno-implicit-fallthrough -fstrict-aliasing -Wprotocol -Wdeprecated-declarations -Wno-sign-conversion -Wno-infinite-recursion -Wno-comma -Wno-block-capture-autoreleasing -Wno-strict-prototypes -Wno-semicolon-before-method-body -index-store-path /Users/nataliewhipps/Library/Developer/Xcode/DerivedData/Prompt28-cgmmkisguitsyibyvnemfqvywbnv/Index.noindex/DataStore @/Users/nataliewhipps/Library/Developer/Xcode/DerivedData/Prompt28-cgmmkisguitsyibyvnemfqvywbnv/Build/Intermediates.noindex/GTMSessionFetcher.build/Debug-iphonesimulator/GTMSessionFetcherCore.build/Objects-normal/x86_64/e6072d4f65d7061329687fe24e3d63a7-common-args.resp -include /Users/nataliewhipps/Library/Developer/Xcode/DerivedData/Prompt28-cgmmkisguitsyibyvnemfqvywbnv/Build/Intermediates.noindex/GTMSessionFetcher.build/Debug-iphonesimulator/GTMSessionFetcherCore.build/DerivedSources/resource_bundle_accessor.h -MMD -MT dependencies -MF /Users/nataliewhipps/Library/Developer/Xcode/DerivedData/Prompt28-cgmmkisguitsyibyvnemfqvywbnv/Build/Intermediates.noindex/GTMSessionFetcher.build/Debug-iphonesimulator/GTMSessionFetcherCore.build/Objects-normal/x86_64/GTMSessionUploadFetcher.d --serialize-diagnostics /Users/nataliewhipps/Library/Developer/Xcode/DerivedData/Prompt28-cgmmkisguitsyibyvnemfqvywbnv/Build/Intermediates.noindex/GTMSessionFetcher.build/Debug-iphonesimulator/GTMSessionFetcherCore.build/Objects-normal/x86_64/GTMSessionUploadFetcher.dia -c /Users/nataliewhipps/Library/Developer/Xcode/DerivedData/Prompt28-cgmmkisguitsyibyvnemfqvywbnv/SourcePackages/checkouts/gtm-session-fetcher/Sources/Core/GTMSessionUploadFetcher.m -o /Users/nataliewhipps/Library/Developer/Xcode/DerivedData/Prompt28-cgmmkisguitsyibyvnemfqvywbnv/Build/Intermediates.noindex/GTMSessionFetcher.build/Debug-iphonesimulator/GTMSessionFetcherCore.build/Objects-normal/x86_64/GTMSessionUploadFetcher.o -index-unit-output-path /GTMSessionFetcher.build/Debug-iphonesimulator/GTMSessionFetcherCore.build/Objects-normal/x86_64/GTMSessionUploadFetcher.o

ScanDependencies /Users/nataliewhipps/Library/Developer/Xcode/DerivedData/Prompt28-cgmmkisguitsyibyvnemfqvywbnv/Build/Intermediates.noindex/GTMSessionFetcher.build/Debug-iphonesimulator/GTMSessionFetcherCore.build/Objects-normal/x86_64/GTMSessionFetcher.o /Users/nataliewhipps/Library/Developer/Xcode/DerivedData/Prompt28-cgmmkisguitsyibyvnemfqvywbnv/SourcePackages/checkouts/gtm-session-fetcher/Sources/Core/GTMSessionFetcher.m normal x86_64 objective-c com.apple.compilers.llvm.clang.1_0.compiler (in target 'GTMSessionFetcherCore' from project 'GTMSessionFetcher')
    cd /Users/nataliewhipps/Desktop/Prompt28/Prompt28.xcodeproj
    
    Using response file: /Users/nataliewhipps/Library/Developer/Xcode/DerivedData/Prompt28-cgmmkisguitsyibyvnemfqvywbnv/Build/Intermediates.noindex/GTMSessionFetcher.build/Debug-iphonesimulator/GTMSessionFetcherCore.build/Objects-normal/x86_64/e6072d4f65d7061329687fe24e3d63a7-common-args.resp
    
    builtin-ScanDependencies -o /Users/nataliewhipps/Library/Developer/Xcode/DerivedData/Prompt28-cgmmkisguitsyibyvnemfqvywbnv/Build/Intermediates.noindex/GTMSessionFetcher.build/Debug-iphonesimulator/GTMSessionFetcherCore.build/Objects-normal/x86_64/GTMSessionFetcher.o.scan -- /Applications/Xcode.app/Contents/Developer/Toolchains/XcodeDefault.xctoolchain/usr/bin/clang -x objective-c -ivfsstatcache /Users/nataliewhipps/Library/Developer/Xcode/DerivedData/SDKStatCaches.noindex/iphonesimulator26.2-23C57-7d00a8b37fbd7999ea79df8ebc024bf0.sdkstatcache -fmessage-length\=0 -fdiagnostics-show-note-include-stack -fmacro-backtrace-limit\=0 -fno-color-diagnostics -fmodules-prune-interval\=86400 -fmodules-prune-after\=345600 -fbuild-session-file\=/Users/nataliewhipps/Library/Developer/Xcode/DerivedData/ModuleCache.noindex/Session.modulevalidation -fmodules-validate-once-per-build-session -Wnon-modular-include-in-framework-module -Werror\=non-modular-include-in-framework-module -Wno-trigraphs -Wno-missing-field-initializers -Wno-missing-prototypes -Wno-return-type -Wno-implicit-atomic-properties -Wno-objc-interface-ivars -Wno-arc-repeated-use-of-weak -Wno-missing-braces -Wparentheses -Wswitch -Wno-unused-function -Wno-unused-label -Wno-unused-parameter -Wno-unused-variable -Wunused-value -Wno-empty-body -Wno-uninitialized -Wno-unknown-pragmas -w -Wno-shadow -Wno-four-char-constants -Wno-conversion -Wno-constant-conversion -Wno-int-conversion -Wno-bool-conversion -Wno-enum-conversion -Wno-float-conversion -Wno-non-literal-null-conversion -Wno-objc-literal-conversion -Wshorten-64-to-32 -Wpointer-sign -Wno-newline-eof -Wno-selector -Wno-strict-selector-match -Wno-undeclared-selector -Wno-deprecated-implementations -Wno-implicit-fallthrough -fstrict-aliasing -Wprotocol -Wdeprecated-declarations -Wno-sign-conversion -Wno-infinite-recursion -Wno-comma -Wno-block-capture-autoreleasing -Wno-strict-prototypes -Wno-semicolon-before-method-body -index-store-path /Users/nataliewhipps/Library/Developer/Xcode/DerivedData/Prompt28-cgmmkisguitsyibyvnemfqvywbnv/Index.noindex/DataStore @/Users/nataliewhipps/Library/Developer/Xcode/DerivedData/Prompt28-cgmmkisguitsyibyvnemfqvywbnv/Build/Intermediates.noindex/GTMSessionFetcher.build/Debug-iphonesimulator/GTMSessionFetcherCore.build/Objects-normal/x86_64/e6072d4f65d7061329687fe24e3d63a7-common-args.resp -include /Users/nataliewhipps/Library/Developer/Xcode/DerivedData/Prompt28-cgmmkisguitsyibyvnemfqvywbnv/Build/Intermediates.noindex/GTMSessionFetcher.build/Debug-iphonesimulator/GTMSessionFetcherCore.build/DerivedSources/resource_bundle_accessor.h -MMD -MT dependencies -MF /Users/nataliewhipps/Library/Developer/Xcode/DerivedData/Prompt28-cgmmkisguitsyibyvnemfqvywbnv/Build/Intermediates.noindex/GTMSessionFetcher.build/Debug-iphonesimulator/GTMSessionFetcherCore.build/Objects-normal/x86_64/GTMSessionFetcher.d --serialize-diagnostics /Users/nataliewhipps/Library/Developer/Xcode/DerivedData/Prompt28-cgmmkisguitsyibyvnemfqvywbnv/Build/Intermediates.noindex/GTMSessionFetcher.build/Debug-iphonesimulator/GTMSessionFetcherCore.build/Objects-normal/x86_64/GTMSessionFetcher.dia -c /Users/nataliewhipps/Library/Developer/Xcode/DerivedData/Prompt28-cgmmkisguitsyibyvnemfqvywbnv/SourcePackages/checkouts/gtm-session-fetcher/Sources/Core/GTMSessionFetcher.m -o /Users/nataliewhipps/Library/Developer/Xcode/DerivedData/Prompt28-cgmmkisguitsyibyvnemfqvywbnv/Build/Intermediates.noindex/GTMSessionFetcher.build/Debug-iphonesimulator/GTMSessionFetcherCore.build/Objects-normal/x86_64/GTMSessionFetcher.o -index-unit-output-path /GTMSessionFetcher.build/Debug-iphonesimulator/GTMSessionFetcherCore.build/Objects-normal/x86_64/GTMSessionFetcher.o

PrecompileModule /Users/nataliewhipps/Library/Developer/Xcode/DerivedData/Prompt28-cgmmkisguitsyibyvnemfqvywbnv/Build/Intermediates.noindex/ExplicitPrecompiledModules/_DarwinFoundation1-T8CA23TQESFSTBV7761O3TA3.scan
    cd /
    builtin-precompileModule /Users/nataliewhipps/Library/Developer/Xcode/DerivedData/Prompt28-cgmmkisguitsyibyvnemfqvywbnv/Build/Intermediates.noindex/ExplicitPrecompiledModules/_DarwinFoundation1-T8CA23TQESFSTBV7761O3TA3.scan

ScanDependencies /Users/nataliewhipps/Library/Developer/Xcode/DerivedData/Prompt28-cgmmkisguitsyibyvnemfqvywbnv/Build/Intermediates.noindex/Promises.build/Debug-iphonesimulator/FBLPromises.build/Objects-normal/x86_64/resource_bundle_accessor.o /Users/nataliewhipps/Library/Developer/Xcode/DerivedData/Prompt28-cgmmkisguitsyibyvnemfqvywbnv/Build/Intermediates.noindex/Promises.build/Debug-iphonesimulator/FBLPromises.build/DerivedSources/resource_bundle_accessor.m normal x86_64 objective-c com.apple.compilers.llvm.clang.1_0.compiler (in target 'FBLPromises' from project 'Promises')
    cd /Users/nataliewhipps/Desktop/Prompt28/Prompt28.xcodeproj
    
    Using response file: /Users/nataliewhipps/Library/Developer/Xcode/DerivedData/Prompt28-cgmmkisguitsyibyvnemfqvywbnv/Build/Intermediates.noindex/Promises.build/Debug-iphonesimulator/FBLPromises.build/Objects-normal/x86_64/e6072d4f65d7061329687fe24e3d63a7-common-args.resp
    
    builtin-ScanDependencies -o /Users/nataliewhipps/Library/Developer/Xcode/DerivedData/Prompt28-cgmmkisguitsyibyvnemfqvywbnv/Build/Intermediates.noindex/Promises.build/Debug-iphonesimulator/FBLPromises.build/Objects-normal/x86_64/resource_bundle_accessor.o.scan -- /Applications/Xcode.app/Contents/Developer/Toolchains/XcodeDefault.xctoolchain/usr/bin/clang -x objective-c -ivfsstatcache /Users/nataliewhipps/Library/Developer/Xcode/DerivedData/SDKStatCaches.noindex/iphonesimulator26.2-23C57-7d00a8b37fbd7999ea79df8ebc024bf0.sdkstatcache -fmessage-length\=0 -fdiagnostics-show-note-include-stack -fmacro-backtrace-limit\=0 -fno-color-diagnostics -fmodules-prune-interval\=86400 -fmodules-prune-after\=345600 -fbuild-session-file\=/Users/nataliewhipps/Library/Developer/Xcode/DerivedData/ModuleCache.noindex/Session.modulevalidation -fmodules-validate-once-per-build-session -Wnon-modular-include-in-framework-module -Werror\=non-modular-include-in-framework-module -Wno-trigraphs -Wno-missing-field-initializers -Wno-missing-prototypes -Wno-return-type -Wno-implicit-atomic-properties -Wno-objc-interface-ivars -Wno-arc-repeated-use-of-weak -Wno-missing-braces -Wparentheses -Wswitch -Wno-unused-function -Wno-unused-label -Wno-unused-parameter -Wno-unused-variable -Wunused-value -Wno-empty-body -Wno-uninitialized -Wno-unknown-pragmas -w -Wno-shadow -Wno-four-char-constants -Wno-conversion -Wno-constant-conversion -Wno-int-conversion -Wno-bool-conversion -Wno-enum-conversion -Wno-float-conversion -Wno-non-literal-null-conversion -Wno-objc-literal-conversion -Wshorten-64-to-32 -Wpointer-sign -Wno-newline-eof -Wno-selector -Wno-strict-selector-match -Wno-undeclared-selector -Wno-deprecated-implementations -Wno-implicit-fallthrough -fstrict-aliasing -Wprotocol -Wdeprecated-declarations -Wno-sign-conversion -Wno-infinite-recursion -Wno-comma -Wno-block-capture-autoreleasing -Wno-strict-prototypes -Wno-semicolon-before-method-body -index-store-path /Users/nataliewhipps/Library/Developer/Xcode/DerivedData/Prompt28-cgmmkisguitsyibyvnemfqvywbnv/Index.noindex/DataStore @/Users/nataliewhipps/Library/Developer/Xcode/DerivedData/Prompt28-cgmmkisguitsyibyvnemfqvywbnv/Build/Intermediates.noindex/Promises.build/Debug-iphonesimulator/FBLPromises.build/Objects-normal/x86_64/e6072d4f65d7061329687fe24e3d63a7-common-args.resp -include /Users/nataliewhipps/Library/Developer/Xcode/DerivedData/Prompt28-cgmmkisguitsyibyvnemfqvywbnv/Build/Intermediates.noindex/Promises.build/Debug-iphonesimulator/FBLPromises.build/DerivedSources/resource_bundle_accessor.h -MMD -MT dependencies -MF /Users/nataliewhipps/Library/Developer/Xcode/DerivedData/Prompt28-cgmmkisguitsyibyvnemfqvywbnv/Build/Intermediates.noindex/Promises.build/Debug-iphonesimulator/FBLPromises.build/Objects-normal/x86_64/resource_bundle_accessor.d --serialize-diagnostics /Users/nataliewhipps/Library/Developer/Xcode/DerivedData/Prompt28-cgmmkisguitsyibyvnemfqvywbnv/Build/Intermediates.noindex/Promises.build/Debug-iphonesimulator/FBLPromises.build/Objects-normal/x86_64/resource_bundle_accessor.dia -c /Users/nataliewhipps/Library/Developer/Xcode/DerivedData/Prompt28-cgmmkisguitsyibyvnemfqvywbnv/Build/Intermediates.noindex/Promises.build/Debug-iphonesimulator/FBLPromises.build/DerivedSources/resource_bundle_accessor.m -o /Users/nataliewhipps/Library/Developer/Xcode/DerivedData/Prompt28-cgmmkisguitsyibyvnemfqvywbnv/Build/Intermediates.noindex/Promises.build/Debug-iphonesimulator/FBLPromises.build/Objects-normal/x86_64/resource_bundle_accessor.o -index-unit-output-path /Promises.build/Debug-iphonesimulator/FBLPromises.build/Objects-normal/x86_64/resource_bundle_accessor.o

PrecompileModule /Users/nataliewhipps/Library/Developer/Xcode/DerivedData/Prompt28-cgmmkisguitsyibyvnemfqvywbnv/Build/Intermediates.noindex/ExplicitPrecompiledModules/_Builtin_limits-9WGMZ7JCLUI7Y1842XPNCSCPV.scan
    cd /
    builtin-precompileModule /Users/nataliewhipps/Library/Developer/Xcode/DerivedData/Prompt28-cgmmkisguitsyibyvnemfqvywbnv/Build/Intermediates.noindex/ExplicitPrecompiledModules/_Builtin_limits-9WGMZ7JCLUI7Y1842XPNCSCPV.scan

PrecompileModule /Users/nataliewhipps/Library/Developer/Xcode/DerivedData/Prompt28-cgmmkisguitsyibyvnemfqvywbnv/Build/Intermediates.noindex/ExplicitPrecompiledModules/_Builtin_stddef-1F6XXYWOXD3EU6MRRBMBC5A3H.scan
    cd /
    builtin-precompileModule /Users/nataliewhipps/Library/Developer/Xcode/DerivedData/Prompt28-cgmmkisguitsyibyvnemfqvywbnv/Build/Intermediates.noindex/ExplicitPrecompiledModules/_Builtin_stddef-1F6XXYWOXD3EU6MRRBMBC5A3H.scan

PrecompileModule /Users/nataliewhipps/Library/Developer/Xcode/DerivedData/Prompt28-cgmmkisguitsyibyvnemfqvywbnv/Build/Intermediates.noindex/ExplicitPrecompiledModules/ptrcheck-CCZF7KCKKEMSYN8Z3SP6CR40C.scan
    cd /
    builtin-precompileModule /Users/nataliewhipps/Library/Developer/Xcode/DerivedData/Prompt28-cgmmkisguitsyibyvnemfqvywbnv/Build/Intermediates.noindex/ExplicitPrecompiledModules/ptrcheck-CCZF7KCKKEMSYN8Z3SP6CR40C.scan

PrecompileModule /Users/nataliewhipps/Library/Developer/Xcode/DerivedData/Prompt28-cgmmkisguitsyibyvnemfqvywbnv/Build/Intermediates.noindex/ExplicitPrecompiledModules/ptrauth-THY7PQDRX4SUUFR9EUIFX4BP.scan
    cd /
    builtin-precompileModule /Users/nataliewhipps/Library/Developer/Xcode/DerivedData/Prompt28-cgmmkisguitsyibyvnemfqvywbnv/Build/Intermediates.noindex/ExplicitPrecompiledModules/ptrauth-THY7PQDRX4SUUFR9EUIFX4BP.scan

PrecompileModule /Users/nataliewhipps/Library/Developer/Xcode/DerivedData/Prompt28-cgmmkisguitsyibyvnemfqvywbnv/Build/Intermediates.noindex/ExplicitPrecompiledModules/_Builtin_float-DFCVN9D54AIW7HML23VROG4AB.scan
    cd /
    builtin-precompileModule /Users/nataliewhipps/Library/Developer/Xcode/DerivedData/Prompt28-cgmmkisguitsyibyvnemfqvywbnv/Build/Intermediates.noindex/ExplicitPrecompiledModules/_Builtin_float-DFCVN9D54AIW7HML23VROG4AB.scan

PrecompileModule /Users/nataliewhipps/Library/Developer/Xcode/DerivedData/Prompt28-cgmmkisguitsyibyvnemfqvywbnv/Build/Intermediates.noindex/ExplicitPrecompiledModules/_Builtin_stdbool-ETKXHC1OA88KOY9PC4EYQIYLO.scan
    cd /
    builtin-precompileModule /Users/nataliewhipps/Library/Developer/Xcode/DerivedData/Prompt28-cgmmkisguitsyibyvnemfqvywbnv/Build/Intermediates.noindex/ExplicitPrecompiledModules/_Builtin_stdbool-ETKXHC1OA88KOY9PC4EYQIYLO.scan

PrecompileModule /Users/nataliewhipps/Library/Developer/Xcode/DerivedData/Prompt28-cgmmkisguitsyibyvnemfqvywbnv/Build/Intermediates.noindex/ExplicitPrecompiledModules/_AvailabilityInternal-KGWRO9M45DUDNZP64CRPOX3T.scan
    cd /
    builtin-precompileModule /Users/nataliewhipps/Library/Developer/Xcode/DerivedData/Prompt28-cgmmkisguitsyibyvnemfqvywbnv/Build/Intermediates.noindex/ExplicitPrecompiledModules/_AvailabilityInternal-KGWRO9M45DUDNZP64CRPOX3T.scan

PrecompileModule /Users/nataliewhipps/Library/Developer/Xcode/DerivedData/Prompt28-cgmmkisguitsyibyvnemfqvywbnv/Build/Intermediates.noindex/ExplicitPrecompiledModules/_Builtin_stdarg-QYLMI1Y3XNCJHCY2WWJ4PVSY.scan
    cd /
    builtin-precompileModule /Users/nataliewhipps/Library/Developer/Xcode/DerivedData/Prompt28-cgmmkisguitsyibyvnemfqvywbnv/Build/Intermediates.noindex/ExplicitPrecompiledModules/_Builtin_stdarg-QYLMI1Y3XNCJHCY2WWJ4PVSY.scan

PrecompileModule /Users/nataliewhipps/Library/Developer/Xcode/DerivedData/Prompt28-cgmmkisguitsyibyvnemfqvywbnv/Build/Intermediates.noindex/ExplicitPrecompiledModules/_DarwinFoundation2-BJC3XEPM2YUYTWIWH7Z1GP1O.scan
    cd /
    builtin-precompileModule /Users/nataliewhipps/Library/Developer/Xcode/DerivedData/Prompt28-cgmmkisguitsyibyvnemfqvywbnv/Build/Intermediates.noindex/ExplicitPrecompiledModules/_DarwinFoundation2-BJC3XEPM2YUYTWIWH7Z1GP1O.scan

ScanDependencies /Users/nataliewhipps/Library/Developer/Xcode/DerivedData/Prompt28-cgmmkisguitsyibyvnemfqvywbnv/Build/Intermediates.noindex/Promises.build/Debug-iphonesimulator/FBLPromises.build/Objects-normal/x86_64/FBLPromiseError.o /Users/nataliewhipps/Library/Developer/Xcode/DerivedData/Prompt28-cgmmkisguitsyibyvnemfqvywbnv/SourcePackages/checkouts/promises/Sources/FBLPromises/FBLPromiseError.m normal x86_64 objective-c com.apple.compilers.llvm.clang.1_0.compiler (in target 'FBLPromises' from project 'Promises')
    cd /Users/nataliewhipps/Desktop/Prompt28/Prompt28.xcodeproj
    
    Using response file: /Users/nataliewhipps/Library/Developer/Xcode/DerivedData/Prompt28-cgmmkisguitsyibyvnemfqvywbnv/Build/Intermediates.noindex/Promises.build/Debug-iphonesimulator/FBLPromises.build/Objects-normal/x86_64/e6072d4f65d7061329687fe24e3d63a7-common-args.resp
    
    builtin-ScanDependencies -o /Users/nataliewhipps/Library/Developer/Xcode/DerivedData/Prompt28-cgmmkisguitsyibyvnemfqvywbnv/Build/Intermediates.noindex/Promises.build/Debug-iphonesimulator/FBLPromises.build/Objects-normal/x86_64/FBLPromiseError.o.scan -- /Applications/Xcode.app/Contents/Developer/Toolchains/XcodeDefault.xctoolchain/usr/bin/clang -x objective-c -ivfsstatcache /Users/nataliewhipps/Library/Developer/Xcode/DerivedData/SDKStatCaches.noindex/iphonesimulator26.2-23C57-7d00a8b37fbd7999ea79df8ebc024bf0.sdkstatcache -fmessage-length\=0 -fdiagnostics-show-note-include-stack -fmacro-backtrace-limit\=0 -fno-color-diagnostics -fmodules-prune-interval\=86400 -fmodules-prune-after\=345600 -fbuild-session-file\=/Users/nataliewhipps/Library/Developer/Xcode/DerivedData/ModuleCache.noindex/Session.modulevalidation -fmodules-validate-once-per-build-session -Wnon-modular-include-in-framework-module -Werror\=non-modular-include-in-framework-module -Wno-trigraphs -Wno-missing-field-initializers -Wno-missing-prototypes -Wno-return-type -Wno-implicit-atomic-properties -Wno-objc-interface-ivars -Wno-arc-repeated-use-of-weak -Wno-missing-braces -Wparentheses -Wswitch -Wno-unused-function -Wno-unused-label -Wno-unused-parameter -Wno-unused-variable -Wunused-value -Wno-empty-body -Wno-uninitialized -Wno-unknown-pragmas -w -Wno-shadow -Wno-four-char-constants -Wno-conversion -Wno-constant-conversion -Wno-int-conversion -Wno-bool-conversion -Wno-enum-conversion -Wno-float-conversion -Wno-non-literal-null-conversion -Wno-objc-literal-conversion -Wshorten-64-to-32 -Wpointer-sign -Wno-newline-eof -Wno-selector -Wno-strict-selector-match -Wno-undeclared-selector -Wno-deprecated-implementations -Wno-implicit-fallthrough -fstrict-aliasing -Wprotocol -Wdeprecated-declarations -Wno-sign-conversion -Wno-infinite-recursion -Wno-comma -Wno-block-capture-autoreleasing -Wno-strict-prototypes -Wno-semicolon-before-method-body -index-store-path /Users/nataliewhipps/Library/Developer/Xcode/DerivedData/Prompt28-cgmmkisguitsyibyvnemfqvywbnv/Index.noindex/DataStore @/Users/nataliewhipps/Library/Developer/Xcode/DerivedData/Prompt28-cgmmkisguitsyibyvnemfqvywbnv/Build/Intermediates.noindex/Promises.build/Debug-iphonesimulator/FBLPromises.build/Objects-normal/x86_64/e6072d4f65d7061329687fe24e3d63a7-common-args.resp -include /Users/nataliewhipps/Library/Developer/Xcode/DerivedData/Prompt28-cgmmkisguitsyibyvnemfqvywbnv/Build/Intermediates.noindex/Promises.build/Debug-iphonesimulator/FBLPromises.build/DerivedSources/resource_bundle_accessor.h -MMD -MT dependencies -MF /Users/nataliewhipps/Library/Developer/Xcode/DerivedData/Prompt28-cgmmkisguitsyibyvnemfqvywbnv/Build/Intermediates.noindex/Promises.build/Debug-iphonesimulator/FBLPromises.build/Objects-normal/x86_64/FBLPromiseError.d --serialize-diagnostics /Users/nataliewhipps/Library/Developer/Xcode/DerivedData/Prompt28-cgmmkisguitsyibyvnemfqvywbnv/Build/Intermediates.noindex/Promises.build/Debug-iphonesimulator/FBLPromises.build/Objects-normal/x86_64/FBLPromiseError.dia -c /Users/nataliewhipps/Library/Developer/Xcode/DerivedData/Prompt28-cgmmkisguitsyibyvnemfqvywbnv/SourcePackages/checkouts/promises/Sources/FBLPromises/FBLPromiseError.m -o /Users/nataliewhipps/Library/Developer/Xcode/DerivedData/Prompt28-cgmmkisguitsyibyvnemfqvywbnv/Build/Intermediates.noindex/Promises.build/Debug-iphonesimulator/FBLPromises.build/Objects-normal/x86_64/FBLPromiseError.o -index-unit-output-path /Promises.build/Debug-iphonesimulator/FBLPromises.build/Objects-normal/x86_64/FBLPromiseError.o

ScanDependencies /Users/nataliewhipps/Library/Developer/Xcode/DerivedData/Prompt28-cgmmkisguitsyibyvnemfqvywbnv/Build/Intermediates.noindex/Promises.build/Debug-iphonesimulator/FBLPromises.build/Objects-normal/x86_64/FBLPromise.o /Users/nataliewhipps/Library/Developer/Xcode/DerivedData/Prompt28-cgmmkisguitsyibyvnemfqvywbnv/SourcePackages/checkouts/promises/Sources/FBLPromises/FBLPromise.m normal x86_64 objective-c com.apple.compilers.llvm.clang.1_0.compiler (in target 'FBLPromises' from project 'Promises')
    cd /Users/nataliewhipps/Desktop/Prompt28/Prompt28.xcodeproj
    
    Using response file: /Users/nataliewhipps/Library/Developer/Xcode/DerivedData/Prompt28-cgmmkisguitsyibyvnemfqvywbnv/Build/Intermediates.noindex/Promises.build/Debug-iphonesimulator/FBLPromises.build/Objects-normal/x86_64/e6072d4f65d7061329687fe24e3d63a7-common-args.resp
    
    builtin-ScanDependencies -o /Users/nataliewhipps/Library/Developer/Xcode/DerivedData/Prompt28-cgmmkisguitsyibyvnemfqvywbnv/Build/Intermediates.noindex/Promises.build/Debug-iphonesimulator/FBLPromises.build/Objects-normal/x86_64/FBLPromise.o.scan -- /Applications/Xcode.app/Contents/Developer/Toolchains/XcodeDefault.xctoolchain/usr/bin/clang -x objective-c -ivfsstatcache /Users/nataliewhipps/Library/Developer/Xcode/DerivedData/SDKStatCaches.noindex/iphonesimulator26.2-23C57-7d00a8b37fbd7999ea79df8ebc024bf0.sdkstatcache -fmessage-length\=0 -fdiagnostics-show-note-include-stack -fmacro-backtrace-limit\=0 -fno-color-diagnostics -fmodules-prune-interval\=86400 -fmodules-prune-after\=345600 -fbuild-session-file\=/Users/nataliewhipps/Library/Developer/Xcode/DerivedData/ModuleCache.noindex/Session.modulevalidation -fmodules-validate-once-per-build-session -Wnon-modular-include-in-framework-module -Werror\=non-modular-include-in-framework-module -Wno-trigraphs -Wno-missing-field-initializers -Wno-missing-prototypes -Wno-return-type -Wno-implicit-atomic-properties -Wno-objc-interface-ivars -Wno-arc-repeated-use-of-weak -Wno-missing-braces -Wparentheses -Wswitch -Wno-unused-function -Wno-unused-label -Wno-unused-parameter -Wno-unused-variable -Wunused-value -Wno-empty-body -Wno-uninitialized -Wno-unknown-pragmas -w -Wno-shadow -Wno-four-char-constants -Wno-conversion -Wno-constant-conversion -Wno-int-conversion -Wno-bool-conversion -Wno-enum-conversion -Wno-float-conversion -Wno-non-literal-null-conversion -Wno-objc-literal-conversion -Wshorten-64-to-32 -Wpointer-sign -Wno-newline-eof -Wno-selector -Wno-strict-selector-match -Wno-undeclared-selector -Wno-deprecated-implementations -Wno-implicit-fallthrough -fstrict-aliasing -Wprotocol -Wdeprecated-declarations -Wno-sign-conversion -Wno-infinite-recursion -Wno-comma -Wno-block-capture-autoreleasing -Wno-strict-prototypes -Wno-semicolon-before-method-body -index-store-path /Users/nataliewhipps/Library/Developer/Xcode/DerivedData/Prompt28-cgmmkisguitsyibyvnemfqvywbnv/Index.noindex/DataStore @/Users/nataliewhipps/Library/Developer/Xcode/DerivedData/Prompt28-cgmmkisguitsyibyvnemfqvywbnv/Build/Intermediates.noindex/Promises.build/Debug-iphonesimulator/FBLPromises.build/Objects-normal/x86_64/e6072d4f65d7061329687fe24e3d63a7-common-args.resp -include /Users/nataliewhipps/Library/Developer/Xcode/DerivedData/Prompt28-cgmmkisguitsyibyvnemfqvywbnv/Build/Intermediates.noindex/Promises.build/Debug-iphonesimulator/FBLPromises.build/DerivedSources/resource_bundle_accessor.h -MMD -MT dependencies -MF /Users/nataliewhipps/Library/Developer/Xcode/DerivedData/Prompt28-cgmmkisguitsyibyvnemfqvywbnv/Build/Intermediates.noindex/Promises.build/Debug-iphonesimulator/FBLPromises.build/Objects-normal/x86_64/FBLPromise.d --serialize-diagnostics /Users/nataliewhipps/Library/Developer/Xcode/DerivedData/Prompt28-cgmmkisguitsyibyvnemfqvywbnv/Build/Intermediates.noindex/Promises.build/Debug-iphonesimulator/FBLPromises.build/Objects-normal/x86_64/FBLPromise.dia -c /Users/nataliewhipps/Library/Developer/Xcode/DerivedData/Prompt28-cgmmkisguitsyibyvnemfqvywbnv/SourcePackages/checkouts/promises/Sources/FBLPromises/FBLPromise.m -o /Users/nataliewhipps/Library/Developer/Xcode/DerivedData/Prompt28-cgmmkisguitsyibyvnemfqvywbnv/Build/Intermediates.noindex/Promises.build/Debug-iphonesimulator/FBLPromises.build/Objects-normal/x86_64/FBLPromise.o -index-unit-output-path /Promises.build/Debug-iphonesimulator/FBLPromises.build/Objects-normal/x86_64/FBLPromise.o

ScanDependencies /Users/nataliewhipps/Library/Developer/Xcode/DerivedData/Prompt28-cgmmkisguitsyibyvnemfqvywbnv/Build/Intermediates.noindex/Promises.build/Debug-iphonesimulator/FBLPromises.build/Objects-normal/x86_64/FBLPromise+Wrap.o /Users/nataliewhipps/Library/Developer/Xcode/DerivedData/Prompt28-cgmmkisguitsyibyvnemfqvywbnv/SourcePackages/checkouts/promises/Sources/FBLPromises/FBLPromise+Wrap.m normal x86_64 objective-c com.apple.compilers.llvm.clang.1_0.compiler (in target 'FBLPromises' from project 'Promises')
    cd /Users/nataliewhipps/Desktop/Prompt28/Prompt28.xcodeproj
    
    Using response file: /Users/nataliewhipps/Library/Developer/Xcode/DerivedData/Prompt28-cgmmkisguitsyibyvnemfqvywbnv/Build/Intermediates.noindex/Promises.build/Debug-iphonesimulator/FBLPromises.build/Objects-normal/x86_64/e6072d4f65d7061329687fe24e3d63a7-common-args.resp
    
    builtin-ScanDependencies -o /Users/nataliewhipps/Library/Developer/Xcode/DerivedData/Prompt28-cgmmkisguitsyibyvnemfqvywbnv/Build/Intermediates.noindex/Promises.build/Debug-iphonesimulator/FBLPromises.build/Objects-normal/x86_64/FBLPromise+Wrap.o.scan -- /Applications/Xcode.app/Contents/Developer/Toolchains/XcodeDefault.xctoolchain/usr/bin/clang -x objective-c -ivfsstatcache /Users/nataliewhipps/Library/Developer/Xcode/DerivedData/SDKStatCaches.noindex/iphonesimulator26.2-23C57-7d00a8b37fbd7999ea79df8ebc024bf0.sdkstatcache -fmessage-length\=0 -fdiagnostics-show-note-include-stack -fmacro-backtrace-limit\=0 -fno-color-diagnostics -fmodules-prune-interval\=86400 -fmodules-prune-after\=345600 -fbuild-session-file\=/Users/nataliewhipps/Library/Developer/Xcode/DerivedData/ModuleCache.noindex/Session.modulevalidation -fmodules-validate-once-per-build-session -Wnon-modular-include-in-framework-module -Werror\=non-modular-include-in-framework-module -Wno-trigraphs -Wno-missing-field-initializers -Wno-missing-prototypes -Wno-return-type -Wno-implicit-atomic-properties -Wno-objc-interface-ivars -Wno-arc-repeated-use-of-weak -Wno-missing-braces -Wparentheses -Wswitch -Wno-unused-function -Wno-unused-label -Wno-unused-parameter -Wno-unused-variable -Wunused-value -Wno-empty-body -Wno-uninitialized -Wno-unknown-pragmas -w -Wno-shadow -Wno-four-char-constants -Wno-conversion -Wno-constant-conversion -Wno-int-conversion -Wno-bool-conversion -Wno-enum-conversion -Wno-float-conversion -Wno-non-literal-null-conversion -Wno-objc-literal-conversion -Wshorten-64-to-32 -Wpointer-sign -Wno-newline-eof -Wno-selector -Wno-strict-selector-match -Wno-undeclared-selector -Wno-deprecated-implementations -Wno-implicit-fallthrough -fstrict-aliasing -Wprotocol -Wdeprecated-declarations -Wno-sign-conversion -Wno-infinite-recursion -Wno-comma -Wno-block-capture-autoreleasing -Wno-strict-prototypes -Wno-semicolon-before-method-body -index-store-path /Users/nataliewhipps/Library/Developer/Xcode/DerivedData/Prompt28-cgmmkisguitsyibyvnemfqvywbnv/Index.noindex/DataStore @/Users/nataliewhipps/Library/Developer/Xcode/DerivedData/Prompt28-cgmmkisguitsyibyvnemfqvywbnv/Build/Intermediates.noindex/Promises.build/Debug-iphonesimulator/FBLPromises.build/Objects-normal/x86_64/e6072d4f65d7061329687fe24e3d63a7-common-args.resp -include /Users/nataliewhipps/Library/Developer/Xcode/DerivedData/Prompt28-cgmmkisguitsyibyvnemfqvywbnv/Build/Intermediates.noindex/Promises.build/Debug-iphonesimulator/FBLPromises.build/DerivedSources/resource_bundle_accessor.h -MMD -MT dependencies -MF /Users/nataliewhipps/Library/Developer/Xcode/DerivedData/Prompt28-cgmmkisguitsyibyvnemfqvywbnv/Build/Intermediates.noindex/Promises.build/Debug-iphonesimulator/FBLPromises.build/Objects-normal/x86_64/FBLPromise+Wrap.d --serialize-diagnostics /Users/nataliewhipps/Library/Developer/Xcode/DerivedData/Prompt28-cgmmkisguitsyibyvnemfqvywbnv/Build/Intermediates.noindex/Promises.build/Debug-iphonesimulator/FBLPromises.build/Objects-normal/x86_64/FBLPromise+Wrap.dia -c /Users/nataliewhipps/Library/Developer/Xcode/DerivedData/Prompt28-cgmmkisguitsyibyvnemfqvywbnv/SourcePackages/checkouts/promises/Sources/FBLPromises/FBLPromise+Wrap.m -o /Users/nataliewhipps/Library/Developer/Xcode/DerivedData/Prompt28-cgmmkisguitsyibyvnemfqvywbnv/Build/Intermediates.noindex/Promises.build/Debug-iphonesimulator/FBLPromises.build/Objects-normal/x86_64/FBLPromise+Wrap.o -index-unit-output-path /Promises.build/Debug-iphonesimulator/FBLPromises.build/Objects-normal/x86_64/FBLPromise+Wrap.o

ScanDependencies /Users/nataliewhipps/Library/Developer/Xcode/DerivedData/Prompt28-cgmmkisguitsyibyvnemfqvywbnv/Build/Intermediates.noindex/Promises.build/Debug-iphonesimulator/FBLPromises.build/Objects-normal/x86_64/FBLPromise+Validate.o /Users/nataliewhipps/Library/Developer/Xcode/DerivedData/Prompt28-cgmmkisguitsyibyvnemfqvywbnv/SourcePackages/checkouts/promises/Sources/FBLPromises/FBLPromise+Validate.m normal x86_64 objective-c com.apple.compilers.llvm.clang.1_0.compiler (in target 'FBLPromises' from project 'Promises')
    cd /Users/nataliewhipps/Desktop/Prompt28/Prompt28.xcodeproj
    
    Using response file: /Users/nataliewhipps/Library/Developer/Xcode/DerivedData/Prompt28-cgmmkisguitsyibyvnemfqvywbnv/Build/Intermediates.noindex/Promises.build/Debug-iphonesimulator/FBLPromises.build/Objects-normal/x86_64/e6072d4f65d7061329687fe24e3d63a7-common-args.resp
    
    builtin-ScanDependencies -o /Users/nataliewhipps/Library/Developer/Xcode/DerivedData/Prompt28-cgmmkisguitsyibyvnemfqvywbnv/Build/Intermediates.noindex/Promises.build/Debug-iphonesimulator/FBLPromises.build/Objects-normal/x86_64/FBLPromise+Validate.o.scan -- /Applications/Xcode.app/Contents/Developer/Toolchains/XcodeDefault.xctoolchain/usr/bin/clang -x objective-c -ivfsstatcache /Users/nataliewhipps/Library/Developer/Xcode/DerivedData/SDKStatCaches.noindex/iphonesimulator26.2-23C57-7d00a8b37fbd7999ea79df8ebc024bf0.sdkstatcache -fmessage-length\=0 -fdiagnostics-show-note-include-stack -fmacro-backtrace-limit\=0 -fno-color-diagnostics -fmodules-prune-interval\=86400 -fmodules-prune-after\=345600 -fbuild-session-file\=/Users/nataliewhipps/Library/Developer/Xcode/DerivedData/ModuleCache.noindex/Session.modulevalidation -fmodules-validate-once-per-build-session -Wnon-modular-include-in-framework-module -Werror\=non-modular-include-in-framework-module -Wno-trigraphs -Wno-missing-field-initializers -Wno-missing-prototypes -Wno-return-type -Wno-implicit-atomic-properties -Wno-objc-interface-ivars -Wno-arc-repeated-use-of-weak -Wno-missing-braces -Wparentheses -Wswitch -Wno-unused-function -Wno-unused-label -Wno-unused-parameter -Wno-unused-variable -Wunused-value -Wno-empty-body -Wno-uninitialized -Wno-unknown-pragmas -w -Wno-shadow -Wno-four-char-constants -Wno-conversion -Wno-constant-conversion -Wno-int-conversion -Wno-bool-conversion -Wno-enum-conversion -Wno-float-conversion -Wno-non-literal-null-conversion -Wno-objc-literal-conversion -Wshorten-64-to-32 -Wpointer-sign -Wno-newline-eof -Wno-selector -Wno-strict-selector-match -Wno-undeclared-selector -Wno-deprecated-implementations -Wno-implicit-fallthrough -fstrict-aliasing -Wprotocol -Wdeprecated-declarations -Wno-sign-conversion -Wno-infinite-recursion -Wno-comma -Wno-block-capture-autoreleasing -Wno-strict-prototypes -Wno-semicolon-before-method-body -index-store-path /Users/nataliewhipps/Library/Developer/Xcode/DerivedData/Prompt28-cgmmkisguitsyibyvnemfqvywbnv/Index.noindex/DataStore @/Users/nataliewhipps/Library/Developer/Xcode/DerivedData/Prompt28-cgmmkisguitsyibyvnemfqvywbnv/Build/Intermediates.noindex/Promises.build/Debug-iphonesimulator/FBLPromises.build/Objects-normal/x86_64/e6072d4f65d7061329687fe24e3d63a7-common-args.resp -include /Users/nataliewhipps/Library/Developer/Xcode/DerivedData/Prompt28-cgmmkisguitsyibyvnemfqvywbnv/Build/Intermediates.noindex/Promises.build/Debug-iphonesimulator/FBLPromises.build/DerivedSources/resource_bundle_accessor.h -MMD -MT dependencies -MF /Users/nataliewhipps/Library/Developer/Xcode/DerivedData/Prompt28-cgmmkisguitsyibyvnemfqvywbnv/Build/Intermediates.noindex/Promises.build/Debug-iphonesimulator/FBLPromises.build/Objects-normal/x86_64/FBLPromise+Validate.d --serialize-diagnostics /Users/nataliewhipps/Library/Developer/Xcode/DerivedData/Prompt28-cgmmkisguitsyibyvnemfqvywbnv/Build/Intermediates.noindex/Promises.build/Debug-iphonesimulator/FBLPromises.build/Objects-normal/x86_64/FBLPromise+Validate.dia -c /Users/nataliewhipps/Library/Developer/Xcode/DerivedData/Prompt28-cgmmkisguitsyibyvnemfqvywbnv/SourcePackages/checkouts/promises/Sources/FBLPromises/FBLPromise+Validate.m -o /Users/nataliewhipps/Library/Developer/Xcode/DerivedData/Prompt28-cgmmkisguitsyibyvnemfqvywbnv/Build/Intermediates.noindex/Promises.build/Debug-iphonesimulator/FBLPromises.build/Objects-normal/x86_64/FBLPromise+Validate.o -index-unit-output-path /Promises.build/Debug-iphonesimulator/FBLPromises.build/Objects-normal/x86_64/FBLPromise+Validate.o

PrecompileModule /Users/nataliewhipps/Library/Developer/Xcode/DerivedData/Prompt28-cgmmkisguitsyibyvnemfqvywbnv/Build/Intermediates.noindex/ExplicitPrecompiledModules/_DarwinFoundation1-6DL7YV5KTJMQ072POFY27Z3MQ.scan
    cd /
    builtin-precompileModule /Users/nataliewhipps/Library/Developer/Xcode/DerivedData/Prompt28-cgmmkisguitsyibyvnemfqvywbnv/Build/Intermediates.noindex/ExplicitPrecompiledModules/_DarwinFoundation1-6DL7YV5KTJMQ072POFY27Z3MQ.scan

ScanDependencies /Users/nataliewhipps/Library/Developer/Xcode/DerivedData/Prompt28-cgmmkisguitsyibyvnemfqvywbnv/Build/Intermediates.noindex/Promises.build/Debug-iphonesimulator/FBLPromises.build/Objects-normal/x86_64/FBLPromise+Timeout.o /Users/nataliewhipps/Library/Developer/Xcode/DerivedData/Prompt28-cgmmkisguitsyibyvnemfqvywbnv/SourcePackages/checkouts/promises/Sources/FBLPromises/FBLPromise+Timeout.m normal x86_64 objective-c com.apple.compilers.llvm.clang.1_0.compiler (in target 'FBLPromises' from project 'Promises')
    cd /Users/nataliewhipps/Desktop/Prompt28/Prompt28.xcodeproj
    
    Using response file: /Users/nataliewhipps/Library/Developer/Xcode/DerivedData/Prompt28-cgmmkisguitsyibyvnemfqvywbnv/Build/Intermediates.noindex/Promises.build/Debug-iphonesimulator/FBLPromises.build/Objects-normal/x86_64/e6072d4f65d7061329687fe24e3d63a7-common-args.resp
    
    builtin-ScanDependencies -o /Users/nataliewhipps/Library/Developer/Xcode/DerivedData/Prompt28-cgmmkisguitsyibyvnemfqvywbnv/Build/Intermediates.noindex/Promises.build/Debug-iphonesimulator/FBLPromises.build/Objects-normal/x86_64/FBLPromise+Timeout.o.scan -- /Applications/Xcode.app/Contents/Developer/Toolchains/XcodeDefault.xctoolchain/usr/bin/clang -x objective-c -ivfsstatcache /Users/nataliewhipps/Library/Developer/Xcode/DerivedData/SDKStatCaches.noindex/iphonesimulator26.2-23C57-7d00a8b37fbd7999ea79df8ebc024bf0.sdkstatcache -fmessage-length\=0 -fdiagnostics-show-note-include-stack -fmacro-backtrace-limit\=0 -fno-color-diagnostics -fmodules-prune-interval\=86400 -fmodules-prune-after\=345600 -fbuild-session-file\=/Users/nataliewhipps/Library/Developer/Xcode/DerivedData/ModuleCache.noindex/Session.modulevalidation -fmodules-validate-once-per-build-session -Wnon-modular-include-in-framework-module -Werror\=non-modular-include-in-framework-module -Wno-trigraphs -Wno-missing-field-initializers -Wno-missing-prototypes -Wno-return-type -Wno-implicit-atomic-properties -Wno-objc-interface-ivars -Wno-arc-repeated-use-of-weak -Wno-missing-braces -Wparentheses -Wswitch -Wno-unused-function -Wno-unused-label -Wno-unused-parameter -Wno-unused-variable -Wunused-value -Wno-empty-body -Wno-uninitialized -Wno-unknown-pragmas -w -Wno-shadow -Wno-four-char-constants -Wno-conversion -Wno-constant-conversion -Wno-int-conversion -Wno-bool-conversion -Wno-enum-conversion -Wno-float-conversion -Wno-non-literal-null-conversion -Wno-objc-literal-conversion -Wshorten-64-to-32 -Wpointer-sign -Wno-newline-eof -Wno-selector -Wno-strict-selector-match -Wno-undeclared-selector -Wno-deprecated-implementations -Wno-implicit-fallthrough -fstrict-aliasing -Wprotocol -Wdeprecated-declarations -Wno-sign-conversion -Wno-infinite-recursion -Wno-comma -Wno-block-capture-autoreleasing -Wno-strict-prototypes -Wno-semicolon-before-method-body -index-store-path /Users/nataliewhipps/Library/Developer/Xcode/DerivedData/Prompt28-cgmmkisguitsyibyvnemfqvywbnv/Index.noindex/DataStore @/Users/nataliewhipps/Library/Developer/Xcode/DerivedData/Prompt28-cgmmkisguitsyibyvnemfqvywbnv/Build/Intermediates.noindex/Promises.build/Debug-iphonesimulator/FBLPromises.build/Objects-normal/x86_64/e6072d4f65d7061329687fe24e3d63a7-common-args.resp -include /Users/nataliewhipps/Library/Developer/Xcode/DerivedData/Prompt28-cgmmkisguitsyibyvnemfqvywbnv/Build/Intermediates.noindex/Promises.build/Debug-iphonesimulator/FBLPromises.build/DerivedSources/resource_bundle_accessor.h -MMD -MT dependencies -MF /Users/nataliewhipps/Library/Developer/Xcode/DerivedData/Prompt28-cgmmkisguitsyibyvnemfqvywbnv/Build/Intermediates.noindex/Promises.build/Debug-iphonesimulator/FBLPromises.build/Objects-normal/x86_64/FBLPromise+Timeout.d --serialize-diagnostics /Users/nataliewhipps/Library/Developer/Xcode/DerivedData/Prompt28-cgmmkisguitsyibyvnemfqvywbnv/Build/Intermediates.noindex/Promises.build/Debug-iphonesimulator/FBLPromises.build/Objects-normal/x86_64/FBLPromise+Timeout.dia -c /Users/nataliewhipps/Library/Developer/Xcode/DerivedData/Prompt28-cgmmkisguitsyibyvnemfqvywbnv/SourcePackages/checkouts/promises/Sources/FBLPromises/FBLPromise+Timeout.m -o /Users/nataliewhipps/Library/Developer/Xcode/DerivedData/Prompt28-cgmmkisguitsyibyvnemfqvywbnv/Build/Intermediates.noindex/Promises.build/Debug-iphonesimulator/FBLPromises.build/Objects-normal/x86_64/FBLPromise+Timeout.o -index-unit-output-path /Promises.build/Debug-iphonesimulator/FBLPromises.build/Objects-normal/x86_64/FBLPromise+Timeout.o

ScanDependencies /Users/nataliewhipps/Library/Developer/Xcode/DerivedData/Prompt28-cgmmkisguitsyibyvnemfqvywbnv/Build/Intermediates.noindex/Promises.build/Debug-iphonesimulator/FBLPromises.build/Objects-normal/x86_64/FBLPromise+Then.o /Users/nataliewhipps/Library/Developer/Xcode/DerivedData/Prompt28-cgmmkisguitsyibyvnemfqvywbnv/SourcePackages/checkouts/promises/Sources/FBLPromises/FBLPromise+Then.m normal x86_64 objective-c com.apple.compilers.llvm.clang.1_0.compiler (in target 'FBLPromises' from project 'Promises')
    cd /Users/nataliewhipps/Desktop/Prompt28/Prompt28.xcodeproj
    
    Using response file: /Users/nataliewhipps/Library/Developer/Xcode/DerivedData/Prompt28-cgmmkisguitsyibyvnemfqvywbnv/Build/Intermediates.noindex/Promises.build/Debug-iphonesimulator/FBLPromises.build/Objects-normal/x86_64/e6072d4f65d7061329687fe24e3d63a7-common-args.resp
    
    builtin-ScanDependencies -o /Users/nataliewhipps/Library/Developer/Xcode/DerivedData/Prompt28-cgmmkisguitsyibyvnemfqvywbnv/Build/Intermediates.noindex/Promises.build/Debug-iphonesimulator/FBLPromises.build/Objects-normal/x86_64/FBLPromise+Then.o.scan -- /Applications/Xcode.app/Contents/Developer/Toolchains/XcodeDefault.xctoolchain/usr/bin/clang -x objective-c -ivfsstatcache /Users/nataliewhipps/Library/Developer/Xcode/DerivedData/SDKStatCaches.noindex/iphonesimulator26.2-23C57-7d00a8b37fbd7999ea79df8ebc024bf0.sdkstatcache -fmessage-length\=0 -fdiagnostics-show-note-include-stack -fmacro-backtrace-limit\=0 -fno-color-diagnostics -fmodules-prune-interval\=86400 -fmodules-prune-after\=345600 -fbuild-session-file\=/Users/nataliewhipps/Library/Developer/Xcode/DerivedData/ModuleCache.noindex/Session.modulevalidation -fmodules-validate-once-per-build-session -Wnon-modular-include-in-framework-module -Werror\=non-modular-include-in-framework-module -Wno-trigraphs -Wno-missing-field-initializers -Wno-missing-prototypes -Wno-return-type -Wno-implicit-atomic-properties -Wno-objc-interface-ivars -Wno-arc-repeated-use-of-weak -Wno-missing-braces -Wparentheses -Wswitch -Wno-unused-function -Wno-unused-label -Wno-unused-parameter -Wno-unused-variable -Wunused-value -Wno-empty-body -Wno-uninitialized -Wno-unknown-pragmas -w -Wno-shadow -Wno-four-char-constants -Wno-conversion -Wno-constant-conversion -Wno-int-conversion -Wno-bool-conversion -Wno-enum-conversion -Wno-float-conversion -Wno-non-literal-null-conversion -Wno-objc-literal-conversion -Wshorten-64-to-32 -Wpointer-sign -Wno-newline-eof -Wno-selector -Wno-strict-selector-match -Wno-undeclared-selector -Wno-deprecated-implementations -Wno-implicit-fallthrough -fstrict-aliasing -Wprotocol -Wdeprecated-declarations -Wno-sign-conversion -Wno-infinite-recursion -Wno-comma -Wno-block-capture-autoreleasing -Wno-strict-prototypes -Wno-semicolon-before-method-body -index-store-path /Users/nataliewhipps/Library/Developer/Xcode/DerivedData/Prompt28-cgmmkisguitsyibyvnemfqvywbnv/Index.noindex/DataStore @/Users/nataliewhipps/Library/Developer/Xcode/DerivedData/Prompt28-cgmmkisguitsyibyvnemfqvywbnv/Build/Intermediates.noindex/Promises.build/Debug-iphonesimulator/FBLPromises.build/Objects-normal/x86_64/e6072d4f65d7061329687fe24e3d63a7-common-args.resp -include /Users/nataliewhipps/Library/Developer/Xcode/DerivedData/Prompt28-cgmmkisguitsyibyvnemfqvywbnv/Build/Intermediates.noindex/Promises.build/Debug-iphonesimulator/FBLPromises.build/DerivedSources/resource_bundle_accessor.h -MMD -MT dependencies -MF /Users/nataliewhipps/Library/Developer/Xcode/DerivedData/Prompt28-cgmmkisguitsyibyvnemfqvywbnv/Build/Intermediates.noindex/Promises.build/Debug-iphonesimulator/FBLPromises.build/Objects-normal/x86_64/FBLPromise+Then.d --serialize-diagnostics /Users/nataliewhipps/Library/Developer/Xcode/DerivedData/Prompt28-cgmmkisguitsyibyvnemfqvywbnv/Build/Intermediates.noindex/Promises.build/Debug-iphonesimulator/FBLPromises.build/Objects-normal/x86_64/FBLPromise+Then.dia -c /Users/nataliewhipps/Library/Developer/Xcode/DerivedData/Prompt28-cgmmkisguitsyibyvnemfqvywbnv/SourcePackages/checkouts/promises/Sources/FBLPromises/FBLPromise+Then.m -o /Users/nataliewhipps/Library/Developer/Xcode/DerivedData/Prompt28-cgmmkisguitsyibyvnemfqvywbnv/Build/Intermediates.noindex/Promises.build/Debug-iphonesimulator/FBLPromises.build/Objects-normal/x86_64/FBLPromise+Then.o -index-unit-output-path /Promises.build/Debug-iphonesimulator/FBLPromises.build/Objects-normal/x86_64/FBLPromise+Then.o

ScanDependencies /Users/nataliewhipps/Library/Developer/Xcode/DerivedData/Prompt28-cgmmkisguitsyibyvnemfqvywbnv/Build/Intermediates.noindex/Promises.build/Debug-iphonesimulator/FBLPromises.build/Objects-normal/x86_64/FBLPromise+Testing.o /Users/nataliewhipps/Library/Developer/Xcode/DerivedData/Prompt28-cgmmkisguitsyibyvnemfqvywbnv/SourcePackages/checkouts/promises/Sources/FBLPromises/FBLPromise+Testing.m normal x86_64 objective-c com.apple.compilers.llvm.clang.1_0.compiler (in target 'FBLPromises' from project 'Promises')
    cd /Users/nataliewhipps/Desktop/Prompt28/Prompt28.xcodeproj
    
    Using response file: /Users/nataliewhipps/Library/Developer/Xcode/DerivedData/Prompt28-cgmmkisguitsyibyvnemfqvywbnv/Build/Intermediates.noindex/Promises.build/Debug-iphonesimulator/FBLPromises.build/Objects-normal/x86_64/e6072d4f65d7061329687fe24e3d63a7-common-args.resp
    
    builtin-ScanDependencies -o /Users/nataliewhipps/Library/Developer/Xcode/DerivedData/Prompt28-cgmmkisguitsyibyvnemfqvywbnv/Build/Intermediates.noindex/Promises.build/Debug-iphonesimulator/FBLPromises.build/Objects-normal/x86_64/FBLPromise+Testing.o.scan -- /Applications/Xcode.app/Contents/Developer/Toolchains/XcodeDefault.xctoolchain/usr/bin/clang -x objective-c -ivfsstatcache /Users/nataliewhipps/Library/Developer/Xcode/DerivedData/SDKStatCaches.noindex/iphonesimulator26.2-23C57-7d00a8b37fbd7999ea79df8ebc024bf0.sdkstatcache -fmessage-length\=0 -fdiagnostics-show-note-include-stack -fmacro-backtrace-limit\=0 -fno-color-diagnostics -fmodules-prune-interval\=86400 -fmodules-prune-after\=345600 -fbuild-session-file\=/Users/nataliewhipps/Library/Developer/Xcode/DerivedData/ModuleCache.noindex/Session.modulevalidation -fmodules-validate-once-per-build-session -Wnon-modular-include-in-framework-module -Werror\=non-modular-include-in-framework-module -Wno-trigraphs -Wno-missing-field-initializers -Wno-missing-prototypes -Wno-return-type -Wno-implicit-atomic-properties -Wno-objc-interface-ivars -Wno-arc-repeated-use-of-weak -Wno-missing-braces -Wparentheses -Wswitch -Wno-unused-function -Wno-unused-label -Wno-unused-parameter -Wno-unused-variable -Wunused-value -Wno-empty-body -Wno-uninitialized -Wno-unknown-pragmas -w -Wno-shadow -Wno-four-char-constants -Wno-conversion -Wno-constant-conversion -Wno-int-conversion -Wno-bool-conversion -Wno-enum-conversion -Wno-float-conversion -Wno-non-literal-null-conversion -Wno-objc-literal-conversion -Wshorten-64-to-32 -Wpointer-sign -Wno-newline-eof -Wno-selector -Wno-strict-selector-match -Wno-undeclared-selector -Wno-deprecated-implementations -Wno-implicit-fallthrough -fstrict-aliasing -Wprotocol -Wdeprecated-declarations -Wno-sign-conversion -Wno-infinite-recursion -Wno-comma -Wno-block-capture-autoreleasing -Wno-strict-prototypes -Wno-semicolon-before-method-body -index-store-path /Users/nataliewhipps/Library/Developer/Xcode/DerivedData/Prompt28-cgmmkisguitsyibyvnemfqvywbnv/Index.noindex/DataStore @/Users/nataliewhipps/Library/Developer/Xcode/DerivedData/Prompt28-cgmmkisguitsyibyvnemfqvywbnv/Build/Intermediates.noindex/Promises.build/Debug-iphonesimulator/FBLPromises.build/Objects-normal/x86_64/e6072d4f65d7061329687fe24e3d63a7-common-args.resp -include /Users/nataliewhipps/Library/Developer/Xcode/DerivedData/Prompt28-cgmmkisguitsyibyvnemfqvywbnv/Build/Intermediates.noindex/Promises.build/Debug-iphonesimulator/FBLPromises.build/DerivedSources/resource_bundle_accessor.h -MMD -MT dependencies -MF /Users/nataliewhipps/Library/Developer/Xcode/DerivedData/Prompt28-cgmmkisguitsyibyvnemfqvywbnv/Build/Intermediates.noindex/Promises.build/Debug-iphonesimulator/FBLPromises.build/Objects-normal/x86_64/FBLPromise+Testing.d --serialize-diagnostics /Users/nataliewhipps/Library/Developer/Xcode/DerivedData/Prompt28-cgmmkisguitsyibyvnemfqvywbnv/Build/Intermediates.noindex/Promises.build/Debug-iphonesimulator/FBLPromises.build/Objects-normal/x86_64/FBLPromise+Testing.dia -c /Users/nataliewhipps/Library/Developer/Xcode/DerivedData/Prompt28-cgmmkisguitsyibyvnemfqvywbnv/SourcePackages/checkouts/promises/Sources/FBLPromises/FBLPromise+Testing.m -o /Users/nataliewhipps/Library/Developer/Xcode/DerivedData/Prompt28-cgmmkisguitsyibyvnemfqvywbnv/Build/Intermediates.noindex/Promises.build/Debug-iphonesimulator/FBLPromises.build/Objects-normal/x86_64/FBLPromise+Testing.o -index-unit-output-path /Promises.build/Debug-iphonesimulator/FBLPromises.build/Objects-normal/x86_64/FBLPromise+Testing.o

ScanDependencies /Users/nataliewhipps/Library/Developer/Xcode/DerivedData/Prompt28-cgmmkisguitsyibyvnemfqvywbnv/Build/Intermediates.noindex/Promises.build/Debug-iphonesimulator/FBLPromises.build/Objects-normal/x86_64/FBLPromise+Retry.o /Users/nataliewhipps/Library/Developer/Xcode/DerivedData/Prompt28-cgmmkisguitsyibyvnemfqvywbnv/SourcePackages/checkouts/promises/Sources/FBLPromises/FBLPromise+Retry.m normal x86_64 objective-c com.apple.compilers.llvm.clang.1_0.compiler (in target 'FBLPromises' from project 'Promises')
    cd /Users/nataliewhipps/Desktop/Prompt28/Prompt28.xcodeproj
    
    Using response file: /Users/nataliewhipps/Library/Developer/Xcode/DerivedData/Prompt28-cgmmkisguitsyibyvnemfqvywbnv/Build/Intermediates.noindex/Promises.build/Debug-iphonesimulator/FBLPromises.build/Objects-normal/x86_64/e6072d4f65d7061329687fe24e3d63a7-common-args.resp
    
    builtin-ScanDependencies -o /Users/nataliewhipps/Library/Developer/Xcode/DerivedData/Prompt28-cgmmkisguitsyibyvnemfqvywbnv/Build/Intermediates.noindex/Promises.build/Debug-iphonesimulator/FBLPromises.build/Objects-normal/x86_64/FBLPromise+Retry.o.scan -- /Applications/Xcode.app/Contents/Developer/Toolchains/XcodeDefault.xctoolchain/usr/bin/clang -x objective-c -ivfsstatcache /Users/nataliewhipps/Library/Developer/Xcode/DerivedData/SDKStatCaches.noindex/iphonesimulator26.2-23C57-7d00a8b37fbd7999ea79df8ebc024bf0.sdkstatcache -fmessage-length\=0 -fdiagnostics-show-note-include-stack -fmacro-backtrace-limit\=0 -fno-color-diagnostics -fmodules-prune-interval\=86400 -fmodules-prune-after\=345600 -fbuild-session-file\=/Users/nataliewhipps/Library/Developer/Xcode/DerivedData/ModuleCache.noindex/Session.modulevalidation -fmodules-validate-once-per-build-session -Wnon-modular-include-in-framework-module -Werror\=non-modular-include-in-framework-module -Wno-trigraphs -Wno-missing-field-initializers -Wno-missing-prototypes -Wno-return-type -Wno-implicit-atomic-properties -Wno-objc-interface-ivars -Wno-arc-repeated-use-of-weak -Wno-missing-braces -Wparentheses -Wswitch -Wno-unused-function -Wno-unused-label -Wno-unused-parameter -Wno-unused-variable -Wunused-value -Wno-empty-body -Wno-uninitialized -Wno-unknown-pragmas -w -Wno-shadow -Wno-four-char-constants -Wno-conversion -Wno-constant-conversion -Wno-int-conversion -Wno-bool-conversion -Wno-enum-conversion -Wno-float-conversion -Wno-non-literal-null-conversion -Wno-objc-literal-conversion -Wshorten-64-to-32 -Wpointer-sign -Wno-newline-eof -Wno-selector -Wno-strict-selector-match -Wno-undeclared-selector -Wno-deprecated-implementations -Wno-implicit-fallthrough -fstrict-aliasing -Wprotocol -Wdeprecated-declarations -Wno-sign-conversion -Wno-infinite-recursion -Wno-comma -Wno-block-capture-autoreleasing -Wno-strict-prototypes -Wno-semicolon-before-method-body -index-store-path /Users/nataliewhipps/Library/Developer/Xcode/DerivedData/Prompt28-cgmmkisguitsyibyvnemfqvywbnv/Index.noindex/DataStore @/Users/nataliewhipps/Library/Developer/Xcode/DerivedData/Prompt28-cgmmkisguitsyibyvnemfqvywbnv/Build/Intermediates.noindex/Promises.build/Debug-iphonesimulator/FBLPromises.build/Objects-normal/x86_64/e6072d4f65d7061329687fe24e3d63a7-common-args.resp -include /Users/nataliewhipps/Library/Developer/Xcode/DerivedData/Prompt28-cgmmkisguitsyibyvnemfqvywbnv/Build/Intermediates.noindex/Promises.build/Debug-iphonesimulator/FBLPromises.build/DerivedSources/resource_bundle_accessor.h -MMD -MT dependencies -MF /Users/nataliewhipps/Library/Developer/Xcode/DerivedData/Prompt28-cgmmkisguitsyibyvnemfqvywbnv/Build/Intermediates.noindex/Promises.build/Debug-iphonesimulator/FBLPromises.build/Objects-normal/x86_64/FBLPromise+Retry.d --serialize-diagnostics /Users/nataliewhipps/Library/Developer/Xcode/DerivedData/Prompt28-cgmmkisguitsyibyvnemfqvywbnv/Build/Intermediates.noindex/Promises.build/Debug-iphonesimulator/FBLPromises.build/Objects-normal/x86_64/FBLPromise+Retry.dia -c /Users/nataliewhipps/Library/Developer/Xcode/DerivedData/Prompt28-cgmmkisguitsyibyvnemfqvywbnv/SourcePackages/checkouts/promises/Sources/FBLPromises/FBLPromise+Retry.m -o /Users/nataliewhipps/Library/Developer/Xcode/DerivedData/Prompt28-cgmmkisguitsyibyvnemfqvywbnv/Build/Intermediates.noindex/Promises.build/Debug-iphonesimulator/FBLPromises.build/Objects-normal/x86_64/FBLPromise+Retry.o -index-unit-output-path /Promises.build/Debug-iphonesimulator/FBLPromises.build/Objects-normal/x86_64/FBLPromise+Retry.o

PrecompileModule /Users/nataliewhipps/Library/Developer/Xcode/DerivedData/Prompt28-cgmmkisguitsyibyvnemfqvywbnv/Build/Intermediates.noindex/ExplicitPrecompiledModules/_Builtin_limits-2E8VJZ1L36Z75V2TL0X3YEP2X.scan
    cd /
    builtin-precompileModule /Users/nataliewhipps/Library/Developer/Xcode/DerivedData/Prompt28-cgmmkisguitsyibyvnemfqvywbnv/Build/Intermediates.noindex/ExplicitPrecompiledModules/_Builtin_limits-2E8VJZ1L36Z75V2TL0X3YEP2X.scan

PrecompileModule /Users/nataliewhipps/Library/Developer/Xcode/DerivedData/Prompt28-cgmmkisguitsyibyvnemfqvywbnv/Build/Intermediates.noindex/ExplicitPrecompiledModules/_DarwinFoundation2-C65UVF3TV9RWBKV8686XMT5F3.scan
    cd /
    builtin-precompileModule /Users/nataliewhipps/Library/Developer/Xcode/DerivedData/Prompt28-cgmmkisguitsyibyvnemfqvywbnv/Build/Intermediates.noindex/ExplicitPrecompiledModules/_DarwinFoundation2-C65UVF3TV9RWBKV8686XMT5F3.scan

ScanDependencies /Users/nataliewhipps/Library/Developer/Xcode/DerivedData/Prompt28-cgmmkisguitsyibyvnemfqvywbnv/Build/Intermediates.noindex/Promises.build/Debug-iphonesimulator/FBLPromises.build/Objects-normal/x86_64/FBLPromise+Reduce.o /Users/nataliewhipps/Library/Developer/Xcode/DerivedData/Prompt28-cgmmkisguitsyibyvnemfqvywbnv/SourcePackages/checkouts/promises/Sources/FBLPromises/FBLPromise+Reduce.m normal x86_64 objective-c com.apple.compilers.llvm.clang.1_0.compiler (in target 'FBLPromises' from project 'Promises')
    cd /Users/nataliewhipps/Desktop/Prompt28/Prompt28.xcodeproj
    
    Using response file: /Users/nataliewhipps/Library/Developer/Xcode/DerivedData/Prompt28-cgmmkisguitsyibyvnemfqvywbnv/Build/Intermediates.noindex/Promises.build/Debug-iphonesimulator/FBLPromises.build/Objects-normal/x86_64/e6072d4f65d7061329687fe24e3d63a7-common-args.resp
    
    builtin-ScanDependencies -o /Users/nataliewhipps/Library/Developer/Xcode/DerivedData/Prompt28-cgmmkisguitsyibyvnemfqvywbnv/Build/Intermediates.noindex/Promises.build/Debug-iphonesimulator/FBLPromises.build/Objects-normal/x86_64/FBLPromise+Reduce.o.scan -- /Applications/Xcode.app/Contents/Developer/Toolchains/XcodeDefault.xctoolchain/usr/bin/clang -x objective-c -ivfsstatcache /Users/nataliewhipps/Library/Developer/Xcode/DerivedData/SDKStatCaches.noindex/iphonesimulator26.2-23C57-7d00a8b37fbd7999ea79df8ebc024bf0.sdkstatcache -fmessage-length\=0 -fdiagnostics-show-note-include-stack -fmacro-backtrace-limit\=0 -fno-color-diagnostics -fmodules-prune-interval\=86400 -fmodules-prune-after\=345600 -fbuild-session-file\=/Users/nataliewhipps/Library/Developer/Xcode/DerivedData/ModuleCache.noindex/Session.modulevalidation -fmodules-validate-once-per-build-session -Wnon-modular-include-in-framework-module -Werror\=non-modular-include-in-framework-module -Wno-trigraphs -Wno-missing-field-initializers -Wno-missing-prototypes -Wno-return-type -Wno-implicit-atomic-properties -Wno-objc-interface-ivars -Wno-arc-repeated-use-of-weak -Wno-missing-braces -Wparentheses -Wswitch -Wno-unused-function -Wno-unused-label -Wno-unused-parameter -Wno-unused-variable -Wunused-value -Wno-empty-body -Wno-uninitialized -Wno-unknown-pragmas -w -Wno-shadow -Wno-four-char-constants -Wno-conversion -Wno-constant-conversion -Wno-int-conversion -Wno-bool-conversion -Wno-enum-conversion -Wno-float-conversion -Wno-non-literal-null-conversion -Wno-objc-literal-conversion -Wshorten-64-to-32 -Wpointer-sign -Wno-newline-eof -Wno-selector -Wno-strict-selector-match -Wno-undeclared-selector -Wno-deprecated-implementations -Wno-implicit-fallthrough -fstrict-aliasing -Wprotocol -Wdeprecated-declarations -Wno-sign-conversion -Wno-infinite-recursion -Wno-comma -Wno-block-capture-autoreleasing -Wno-strict-prototypes -Wno-semicolon-before-method-body -index-store-path /Users/nataliewhipps/Library/Developer/Xcode/DerivedData/Prompt28-cgmmkisguitsyibyvnemfqvywbnv/Index.noindex/DataStore @/Users/nataliewhipps/Library/Developer/Xcode/DerivedData/Prompt28-cgmmkisguitsyibyvnemfqvywbnv/Build/Intermediates.noindex/Promises.build/Debug-iphonesimulator/FBLPromises.build/Objects-normal/x86_64/e6072d4f65d7061329687fe24e3d63a7-common-args.resp -include /Users/nataliewhipps/Library/Developer/Xcode/DerivedData/Prompt28-cgmmkisguitsyibyvnemfqvywbnv/Build/Intermediates.noindex/Promises.build/Debug-iphonesimulator/FBLPromises.build/DerivedSources/resource_bundle_accessor.h -MMD -MT dependencies -MF /Users/nataliewhipps/Library/Developer/Xcode/DerivedData/Prompt28-cgmmkisguitsyibyvnemfqvywbnv/Build/Intermediates.noindex/Promises.build/Debug-iphonesimulator/FBLPromises.build/Objects-normal/x86_64/FBLPromise+Reduce.d --serialize-diagnostics /Users/nataliewhipps/Library/Developer/Xcode/DerivedData/Prompt28-cgmmkisguitsyibyvnemfqvywbnv/Build/Intermediates.noindex/Promises.build/Debug-iphonesimulator/FBLPromises.build/Objects-normal/x86_64/FBLPromise+Reduce.dia -c /Users/nataliewhipps/Library/Developer/Xcode/DerivedData/Prompt28-cgmmkisguitsyibyvnemfqvywbnv/SourcePackages/checkouts/promises/Sources/FBLPromises/FBLPromise+Reduce.m -o /Users/nataliewhipps/Library/Developer/Xcode/DerivedData/Prompt28-cgmmkisguitsyibyvnemfqvywbnv/Build/Intermediates.noindex/Promises.build/Debug-iphonesimulator/FBLPromises.build/Objects-normal/x86_64/FBLPromise+Reduce.o -index-unit-output-path /Promises.build/Debug-iphonesimulator/FBLPromises.build/Objects-normal/x86_64/FBLPromise+Reduce.o

ScanDependencies /Users/nataliewhipps/Library/Developer/Xcode/DerivedData/Prompt28-cgmmkisguitsyibyvnemfqvywbnv/Build/Intermediates.noindex/Promises.build/Debug-iphonesimulator/FBLPromises.build/Objects-normal/x86_64/FBLPromise+Recover.o /Users/nataliewhipps/Library/Developer/Xcode/DerivedData/Prompt28-cgmmkisguitsyibyvnemfqvywbnv/SourcePackages/checkouts/promises/Sources/FBLPromises/FBLPromise+Recover.m normal x86_64 objective-c com.apple.compilers.llvm.clang.1_0.compiler (in target 'FBLPromises' from project 'Promises')
    cd /Users/nataliewhipps/Desktop/Prompt28/Prompt28.xcodeproj
    
    Using response file: /Users/nataliewhipps/Library/Developer/Xcode/DerivedData/Prompt28-cgmmkisguitsyibyvnemfqvywbnv/Build/Intermediates.noindex/Promises.build/Debug-iphonesimulator/FBLPromises.build/Objects-normal/x86_64/e6072d4f65d7061329687fe24e3d63a7-common-args.resp
    
    builtin-ScanDependencies -o /Users/nataliewhipps/Library/Developer/Xcode/DerivedData/Prompt28-cgmmkisguitsyibyvnemfqvywbnv/Build/Intermediates.noindex/Promises.build/Debug-iphonesimulator/FBLPromises.build/Objects-normal/x86_64/FBLPromise+Recover.o.scan -- /Applications/Xcode.app/Contents/Developer/Toolchains/XcodeDefault.xctoolchain/usr/bin/clang -x objective-c -ivfsstatcache /Users/nataliewhipps/Library/Developer/Xcode/DerivedData/SDKStatCaches.noindex/iphonesimulator26.2-23C57-7d00a8b37fbd7999ea79df8ebc024bf0.sdkstatcache -fmessage-length\=0 -fdiagnostics-show-note-include-stack -fmacro-backtrace-limit\=0 -fno-color-diagnostics -fmodules-prune-interval\=86400 -fmodules-prune-after\=345600 -fbuild-session-file\=/Users/nataliewhipps/Library/Developer/Xcode/DerivedData/ModuleCache.noindex/Session.modulevalidation -fmodules-validate-once-per-build-session -Wnon-modular-include-in-framework-module -Werror\=non-modular-include-in-framework-module -Wno-trigraphs -Wno-missing-field-initializers -Wno-missing-prototypes -Wno-return-type -Wno-implicit-atomic-properties -Wno-objc-interface-ivars -Wno-arc-repeated-use-of-weak -Wno-missing-braces -Wparentheses -Wswitch -Wno-unused-function -Wno-unused-label -Wno-unused-parameter -Wno-unused-variable -Wunused-value -Wno-empty-body -Wno-uninitialized -Wno-unknown-pragmas -w -Wno-shadow -Wno-four-char-constants -Wno-conversion -Wno-constant-conversion -Wno-int-conversion -Wno-bool-conversion -Wno-enum-conversion -Wno-float-conversion -Wno-non-literal-null-conversion -Wno-objc-literal-conversion -Wshorten-64-to-32 -Wpointer-sign -Wno-newline-eof -Wno-selector -Wno-strict-selector-match -Wno-undeclared-selector -Wno-deprecated-implementations -Wno-implicit-fallthrough -fstrict-aliasing -Wprotocol -Wdeprecated-declarations -Wno-sign-conversion -Wno-infinite-recursion -Wno-comma -Wno-block-capture-autoreleasing -Wno-strict-prototypes -Wno-semicolon-before-method-body -index-store-path /Users/nataliewhipps/Library/Developer/Xcode/DerivedData/Prompt28-cgmmkisguitsyibyvnemfqvywbnv/Index.noindex/DataStore @/Users/nataliewhipps/Library/Developer/Xcode/DerivedData/Prompt28-cgmmkisguitsyibyvnemfqvywbnv/Build/Intermediates.noindex/Promises.build/Debug-iphonesimulator/FBLPromises.build/Objects-normal/x86_64/e6072d4f65d7061329687fe24e3d63a7-common-args.resp -include /Users/nataliewhipps/Library/Developer/Xcode/DerivedData/Prompt28-cgmmkisguitsyibyvnemfqvywbnv/Build/Intermediates.noindex/Promises.build/Debug-iphonesimulator/FBLPromises.build/DerivedSources/resource_bundle_accessor.h -MMD -MT dependencies -MF /Users/nataliewhipps/Library/Developer/Xcode/DerivedData/Prompt28-cgmmkisguitsyibyvnemfqvywbnv/Build/Intermediates.noindex/Promises.build/Debug-iphonesimulator/FBLPromises.build/Objects-normal/x86_64/FBLPromise+Recover.d --serialize-diagnostics /Users/nataliewhipps/Library/Developer/Xcode/DerivedData/Prompt28-cgmmkisguitsyibyvnemfqvywbnv/Build/Intermediates.noindex/Promises.build/Debug-iphonesimulator/FBLPromises.build/Objects-normal/x86_64/FBLPromise+Recover.dia -c /Users/nataliewhipps/Library/Developer/Xcode/DerivedData/Prompt28-cgmmkisguitsyibyvnemfqvywbnv/SourcePackages/checkouts/promises/Sources/FBLPromises/FBLPromise+Recover.m -o /Users/nataliewhipps/Library/Developer/Xcode/DerivedData/Prompt28-cgmmkisguitsyibyvnemfqvywbnv/Build/Intermediates.noindex/Promises.build/Debug-iphonesimulator/FBLPromises.build/Objects-normal/x86_64/FBLPromise+Recover.o -index-unit-output-path /Promises.build/Debug-iphonesimulator/FBLPromises.build/Objects-normal/x86_64/FBLPromise+Recover.o

ScanDependencies /Users/nataliewhipps/Library/Developer/Xcode/DerivedData/Prompt28-cgmmkisguitsyibyvnemfqvywbnv/Build/Intermediates.noindex/Promises.build/Debug-iphonesimulator/FBLPromises.build/Objects-normal/x86_64/FBLPromise+Race.o /Users/nataliewhipps/Library/Developer/Xcode/DerivedData/Prompt28-cgmmkisguitsyibyvnemfqvywbnv/SourcePackages/checkouts/promises/Sources/FBLPromises/FBLPromise+Race.m normal x86_64 objective-c com.apple.compilers.llvm.clang.1_0.compiler (in target 'FBLPromises' from project 'Promises')
    cd /Users/nataliewhipps/Desktop/Prompt28/Prompt28.xcodeproj
    
    Using response file: /Users/nataliewhipps/Library/Developer/Xcode/DerivedData/Prompt28-cgmmkisguitsyibyvnemfqvywbnv/Build/Intermediates.noindex/Promises.build/Debug-iphonesimulator/FBLPromises.build/Objects-normal/x86_64/e6072d4f65d7061329687fe24e3d63a7-common-args.resp
    
    builtin-ScanDependencies -o /Users/nataliewhipps/Library/Developer/Xcode/DerivedData/Prompt28-cgmmkisguitsyibyvnemfqvywbnv/Build/Intermediates.noindex/Promises.build/Debug-iphonesimulator/FBLPromises.build/Objects-normal/x86_64/FBLPromise+Race.o.scan -- /Applications/Xcode.app/Contents/Developer/Toolchains/XcodeDefault.xctoolchain/usr/bin/clang -x objective-c -ivfsstatcache /Users/nataliewhipps/Library/Developer/Xcode/DerivedData/SDKStatCaches.noindex/iphonesimulator26.2-23C57-7d00a8b37fbd7999ea79df8ebc024bf0.sdkstatcache -fmessage-length\=0 -fdiagnostics-show-note-include-stack -fmacro-backtrace-limit\=0 -fno-color-diagnostics -fmodules-prune-interval\=86400 -fmodules-prune-after\=345600 -fbuild-session-file\=/Users/nataliewhipps/Library/Developer/Xcode/DerivedData/ModuleCache.noindex/Session.modulevalidation -fmodules-validate-once-per-build-session -Wnon-modular-include-in-framework-module -Werror\=non-modular-include-in-framework-module -Wno-trigraphs -Wno-missing-field-initializers -Wno-missing-prototypes -Wno-return-type -Wno-implicit-atomic-properties -Wno-objc-interface-ivars -Wno-arc-repeated-use-of-weak -Wno-missing-braces -Wparentheses -Wswitch -Wno-unused-function -Wno-unused-label -Wno-unused-parameter -Wno-unused-variable -Wunused-value -Wno-empty-body -Wno-uninitialized -Wno-unknown-pragmas -w -Wno-shadow -Wno-four-char-constants -Wno-conversion -Wno-constant-conversion -Wno-int-conversion -Wno-bool-conversion -Wno-enum-conversion -Wno-float-conversion -Wno-non-literal-null-conversion -Wno-objc-literal-conversion -Wshorten-64-to-32 -Wpointer-sign -Wno-newline-eof -Wno-selector -Wno-strict-selector-match -Wno-undeclared-selector -Wno-deprecated-implementations -Wno-implicit-fallthrough -fstrict-aliasing -Wprotocol -Wdeprecated-declarations -Wno-sign-conversion -Wno-infinite-recursion -Wno-comma -Wno-block-capture-autoreleasing -Wno-strict-prototypes -Wno-semicolon-before-method-body -index-store-path /Users/nataliewhipps/Library/Developer/Xcode/DerivedData/Prompt28-cgmmkisguitsyibyvnemfqvywbnv/Index.noindex/DataStore @/Users/nataliewhipps/Library/Developer/Xcode/DerivedData/Prompt28-cgmmkisguitsyibyvnemfqvywbnv/Build/Intermediates.noindex/Promises.build/Debug-iphonesimulator/FBLPromises.build/Objects-normal/x86_64/e6072d4f65d7061329687fe24e3d63a7-common-args.resp -include /Users/nataliewhipps/Library/Developer/Xcode/DerivedData/Prompt28-cgmmkisguitsyibyvnemfqvywbnv/Build/Intermediates.noindex/Promises.build/Debug-iphonesimulator/FBLPromises.build/DerivedSources/resource_bundle_accessor.h -MMD -MT dependencies -MF /Users/nataliewhipps/Library/Developer/Xcode/DerivedData/Prompt28-cgmmkisguitsyibyvnemfqvywbnv/Build/Intermediates.noindex/Promises.build/Debug-iphonesimulator/FBLPromises.build/Objects-normal/x86_64/FBLPromise+Race.d --serialize-diagnostics /Users/nataliewhipps/Library/Developer/Xcode/DerivedData/Prompt28-cgmmkisguitsyibyvnemfqvywbnv/Build/Intermediates.noindex/Promises.build/Debug-iphonesimulator/FBLPromises.build/Objects-normal/x86_64/FBLPromise+Race.dia -c /Users/nataliewhipps/Library/Developer/Xcode/DerivedData/Prompt28-cgmmkisguitsyibyvnemfqvywbnv/SourcePackages/checkouts/promises/Sources/FBLPromises/FBLPromise+Race.m -o /Users/nataliewhipps/Library/Developer/Xcode/DerivedData/Prompt28-cgmmkisguitsyibyvnemfqvywbnv/Build/Intermediates.noindex/Promises.build/Debug-iphonesimulator/FBLPromises.build/Objects-normal/x86_64/FBLPromise+Race.o -index-unit-output-path /Promises.build/Debug-iphonesimulator/FBLPromises.build/Objects-normal/x86_64/FBLPromise+Race.o

ScanDependencies /Users/nataliewhipps/Library/Developer/Xcode/DerivedData/Prompt28-cgmmkisguitsyibyvnemfqvywbnv/Build/Intermediates.noindex/Promises.build/Debug-iphonesimulator/FBLPromises.build/Objects-normal/x86_64/FBLPromise+Do.o /Users/nataliewhipps/Library/Developer/Xcode/DerivedData/Prompt28-cgmmkisguitsyibyvnemfqvywbnv/SourcePackages/checkouts/promises/Sources/FBLPromises/FBLPromise+Do.m normal x86_64 objective-c com.apple.compilers.llvm.clang.1_0.compiler (in target 'FBLPromises' from project 'Promises')
    cd /Users/nataliewhipps/Desktop/Prompt28/Prompt28.xcodeproj
    
    Using response file: /Users/nataliewhipps/Library/Developer/Xcode/DerivedData/Prompt28-cgmmkisguitsyibyvnemfqvywbnv/Build/Intermediates.noindex/Promises.build/Debug-iphonesimulator/FBLPromises.build/Objects-normal/x86_64/e6072d4f65d7061329687fe24e3d63a7-common-args.resp
    
    builtin-ScanDependencies -o /Users/nataliewhipps/Library/Developer/Xcode/DerivedData/Prompt28-cgmmkisguitsyibyvnemfqvywbnv/Build/Intermediates.noindex/Promises.build/Debug-iphonesimulator/FBLPromises.build/Objects-normal/x86_64/FBLPromise+Do.o.scan -- /Applications/Xcode.app/Contents/Developer/Toolchains/XcodeDefault.xctoolchain/usr/bin/clang -x objective-c -ivfsstatcache /Users/nataliewhipps/Library/Developer/Xcode/DerivedData/SDKStatCaches.noindex/iphonesimulator26.2-23C57-7d00a8b37fbd7999ea79df8ebc024bf0.sdkstatcache -fmessage-length\=0 -fdiagnostics-show-note-include-stack -fmacro-backtrace-limit\=0 -fno-color-diagnostics -fmodules-prune-interval\=86400 -fmodules-prune-after\=345600 -fbuild-session-file\=/Users/nataliewhipps/Library/Developer/Xcode/DerivedData/ModuleCache.noindex/Session.modulevalidation -fmodules-validate-once-per-build-session -Wnon-modular-include-in-framework-module -Werror\=non-modular-include-in-framework-module -Wno-trigraphs -Wno-missing-field-initializers -Wno-missing-prototypes -Wno-return-type -Wno-implicit-atomic-properties -Wno-objc-interface-ivars -Wno-arc-repeated-use-of-weak -Wno-missing-braces -Wparentheses -Wswitch -Wno-unused-function -Wno-unused-label -Wno-unused-parameter -Wno-unused-variable -Wunused-value -Wno-empty-body -Wno-uninitialized -Wno-unknown-pragmas -w -Wno-shadow -Wno-four-char-constants -Wno-conversion -Wno-constant-conversion -Wno-int-conversion -Wno-bool-conversion -Wno-enum-conversion -Wno-float-conversion -Wno-non-literal-null-conversion -Wno-objc-literal-conversion -Wshorten-64-to-32 -Wpointer-sign -Wno-newline-eof -Wno-selector -Wno-strict-selector-match -Wno-undeclared-selector -Wno-deprecated-implementations -Wno-implicit-fallthrough -fstrict-aliasing -Wprotocol -Wdeprecated-declarations -Wno-sign-conversion -Wno-infinite-recursion -Wno-comma -Wno-block-capture-autoreleasing -Wno-strict-prototypes -Wno-semicolon-before-method-body -index-store-path /Users/nataliewhipps/Library/Developer/Xcode/DerivedData/Prompt28-cgmmkisguitsyibyvnemfqvywbnv/Index.noindex/DataStore @/Users/nataliewhipps/Library/Developer/Xcode/DerivedData/Prompt28-cgmmkisguitsyibyvnemfqvywbnv/Build/Intermediates.noindex/Promises.build/Debug-iphonesimulator/FBLPromises.build/Objects-normal/x86_64/e6072d4f65d7061329687fe24e3d63a7-common-args.resp -include /Users/nataliewhipps/Library/Developer/Xcode/DerivedData/Prompt28-cgmmkisguitsyibyvnemfqvywbnv/Build/Intermediates.noindex/Promises.build/Debug-iphonesimulator/FBLPromises.build/DerivedSources/resource_bundle_accessor.h -MMD -MT dependencies -MF /Users/nataliewhipps/Library/Developer/Xcode/DerivedData/Prompt28-cgmmkisguitsyibyvnemfqvywbnv/Build/Intermediates.noindex/Promises.build/Debug-iphonesimulator/FBLPromises.build/Objects-normal/x86_64/FBLPromise+Do.d --serialize-diagnostics /Users/nataliewhipps/Library/Developer/Xcode/DerivedData/Prompt28-cgmmkisguitsyibyvnemfqvywbnv/Build/Intermediates.noindex/Promises.build/Debug-iphonesimulator/FBLPromises.build/Objects-normal/x86_64/FBLPromise+Do.dia -c /Users/nataliewhipps/Library/Developer/Xcode/DerivedData/Prompt28-cgmmkisguitsyibyvnemfqvywbnv/SourcePackages/checkouts/promises/Sources/FBLPromises/FBLPromise+Do.m -o /Users/nataliewhipps/Library/Developer/Xcode/DerivedData/Prompt28-cgmmkisguitsyibyvnemfqvywbnv/Build/Intermediates.noindex/Promises.build/Debug-iphonesimulator/FBLPromises.build/Objects-normal/x86_64/FBLPromise+Do.o -index-unit-output-path /Promises.build/Debug-iphonesimulator/FBLPromises.build/Objects-normal/x86_64/FBLPromise+Do.o

ScanDependencies /Users/nataliewhipps/Library/Developer/Xcode/DerivedData/Prompt28-cgmmkisguitsyibyvnemfqvywbnv/Build/Intermediates.noindex/Promises.build/Debug-iphonesimulator/FBLPromises.build/Objects-normal/x86_64/FBLPromise+Delay.o /Users/nataliewhipps/Library/Developer/Xcode/DerivedData/Prompt28-cgmmkisguitsyibyvnemfqvywbnv/SourcePackages/checkouts/promises/Sources/FBLPromises/FBLPromise+Delay.m normal x86_64 objective-c com.apple.compilers.llvm.clang.1_0.compiler (in target 'FBLPromises' from project 'Promises')
    cd /Users/nataliewhipps/Desktop/Prompt28/Prompt28.xcodeproj
    
    Using response file: /Users/nataliewhipps/Library/Developer/Xcode/DerivedData/Prompt28-cgmmkisguitsyibyvnemfqvywbnv/Build/Intermediates.noindex/Promises.build/Debug-iphonesimulator/FBLPromises.build/Objects-normal/x86_64/e6072d4f65d7061329687fe24e3d63a7-common-args.resp
    
    builtin-ScanDependencies -o /Users/nataliewhipps/Library/Developer/Xcode/DerivedData/Prompt28-cgmmkisguitsyibyvnemfqvywbnv/Build/Intermediates.noindex/Promises.build/Debug-iphonesimulator/FBLPromises.build/Objects-normal/x86_64/FBLPromise+Delay.o.scan -- /Applications/Xcode.app/Contents/Developer/Toolchains/XcodeDefault.xctoolchain/usr/bin/clang -x objective-c -ivfsstatcache /Users/nataliewhipps/Library/Developer/Xcode/DerivedData/SDKStatCaches.noindex/iphonesimulator26.2-23C57-7d00a8b37fbd7999ea79df8ebc024bf0.sdkstatcache -fmessage-length\=0 -fdiagnostics-show-note-include-stack -fmacro-backtrace-limit\=0 -fno-color-diagnostics -fmodules-prune-interval\=86400 -fmodules-prune-after\=345600 -fbuild-session-file\=/Users/nataliewhipps/Library/Developer/Xcode/DerivedData/ModuleCache.noindex/Session.modulevalidation -fmodules-validate-once-per-build-session -Wnon-modular-include-in-framework-module -Werror\=non-modular-include-in-framework-module -Wno-trigraphs -Wno-missing-field-initializers -Wno-missing-prototypes -Wno-return-type -Wno-implicit-atomic-properties -Wno-objc-interface-ivars -Wno-arc-repeated-use-of-weak -Wno-missing-braces -Wparentheses -Wswitch -Wno-unused-function -Wno-unused-label -Wno-unused-parameter -Wno-unused-variable -Wunused-value -Wno-empty-body -Wno-uninitialized -Wno-unknown-pragmas -w -Wno-shadow -Wno-four-char-constants -Wno-conversion -Wno-constant-conversion -Wno-int-conversion -Wno-bool-conversion -Wno-enum-conversion -Wno-float-conversion -Wno-non-literal-null-conversion -Wno-objc-literal-conversion -Wshorten-64-to-32 -Wpointer-sign -Wno-newline-eof -Wno-selector -Wno-strict-selector-match -Wno-undeclared-selector -Wno-deprecated-implementations -Wno-implicit-fallthrough -fstrict-aliasing -Wprotocol -Wdeprecated-declarations -Wno-sign-conversion -Wno-infinite-recursion -Wno-comma -Wno-block-capture-autoreleasing -Wno-strict-prototypes -Wno-semicolon-before-method-body -index-store-path /Users/nataliewhipps/Library/Developer/Xcode/DerivedData/Prompt28-cgmmkisguitsyibyvnemfqvywbnv/Index.noindex/DataStore @/Users/nataliewhipps/Library/Developer/Xcode/DerivedData/Prompt28-cgmmkisguitsyibyvnemfqvywbnv/Build/Intermediates.noindex/Promises.build/Debug-iphonesimulator/FBLPromises.build/Objects-normal/x86_64/e6072d4f65d7061329687fe24e3d63a7-common-args.resp -include /Users/nataliewhipps/Library/Developer/Xcode/DerivedData/Prompt28-cgmmkisguitsyibyvnemfqvywbnv/Build/Intermediates.noindex/Promises.build/Debug-iphonesimulator/FBLPromises.build/DerivedSources/resource_bundle_accessor.h -MMD -MT dependencies -MF /Users/nataliewhipps/Library/Developer/Xcode/DerivedData/Prompt28-cgmmkisguitsyibyvnemfqvywbnv/Build/Intermediates.noindex/Promises.build/Debug-iphonesimulator/FBLPromises.build/Objects-normal/x86_64/FBLPromise+Delay.d --serialize-diagnostics /Users/nataliewhipps/Library/Developer/Xcode/DerivedData/Prompt28-cgmmkisguitsyibyvnemfqvywbnv/Build/Intermediates.noindex/Promises.build/Debug-iphonesimulator/FBLPromises.build/Objects-normal/x86_64/FBLPromise+Delay.dia -c /Users/nataliewhipps/Library/Developer/Xcode/DerivedData/Prompt28-cgmmkisguitsyibyvnemfqvywbnv/SourcePackages/checkouts/promises/Sources/FBLPromises/FBLPromise+Delay.m -o /Users/nataliewhipps/Library/Developer/Xcode/DerivedData/Prompt28-cgmmkisguitsyibyvnemfqvywbnv/Build/Intermediates.noindex/Promises.build/Debug-iphonesimulator/FBLPromises.build/Objects-normal/x86_64/FBLPromise+Delay.o -index-unit-output-path /Promises.build/Debug-iphonesimulator/FBLPromises.build/Objects-normal/x86_64/FBLPromise+Delay.o

ScanDependencies /Users/nataliewhipps/Library/Developer/Xcode/DerivedData/Prompt28-cgmmkisguitsyibyvnemfqvywbnv/Build/Intermediates.noindex/Promises.build/Debug-iphonesimulator/FBLPromises.build/Objects-normal/x86_64/FBLPromise+Catch.o /Users/nataliewhipps/Library/Developer/Xcode/DerivedData/Prompt28-cgmmkisguitsyibyvnemfqvywbnv/SourcePackages/checkouts/promises/Sources/FBLPromises/FBLPromise+Catch.m normal x86_64 objective-c com.apple.compilers.llvm.clang.1_0.compiler (in target 'FBLPromises' from project 'Promises')
    cd /Users/nataliewhipps/Desktop/Prompt28/Prompt28.xcodeproj
    
    Using response file: /Users/nataliewhipps/Library/Developer/Xcode/DerivedData/Prompt28-cgmmkisguitsyibyvnemfqvywbnv/Build/Intermediates.noindex/Promises.build/Debug-iphonesimulator/FBLPromises.build/Objects-normal/x86_64/e6072d4f65d7061329687fe24e3d63a7-common-args.resp
    
    builtin-ScanDependencies -o /Users/nataliewhipps/Library/Developer/Xcode/DerivedData/Prompt28-cgmmkisguitsyibyvnemfqvywbnv/Build/Intermediates.noindex/Promises.build/Debug-iphonesimulator/FBLPromises.build/Objects-normal/x86_64/FBLPromise+Catch.o.scan -- /Applications/Xcode.app/Contents/Developer/Toolchains/XcodeDefault.xctoolchain/usr/bin/clang -x objective-c -ivfsstatcache /Users/nataliewhipps/Library/Developer/Xcode/DerivedData/SDKStatCaches.noindex/iphonesimulator26.2-23C57-7d00a8b37fbd7999ea79df8ebc024bf0.sdkstatcache -fmessage-length\=0 -fdiagnostics-show-note-include-stack -fmacro-backtrace-limit\=0 -fno-color-diagnostics -fmodules-prune-interval\=86400 -fmodules-prune-after\=345600 -fbuild-session-file\=/Users/nataliewhipps/Library/Developer/Xcode/DerivedData/ModuleCache.noindex/Session.modulevalidation -fmodules-validate-once-per-build-session -Wnon-modular-include-in-framework-module -Werror\=non-modular-include-in-framework-module -Wno-trigraphs -Wno-missing-field-initializers -Wno-missing-prototypes -Wno-return-type -Wno-implicit-atomic-properties -Wno-objc-interface-ivars -Wno-arc-repeated-use-of-weak -Wno-missing-braces -Wparentheses -Wswitch -Wno-unused-function -Wno-unused-label -Wno-unused-parameter -Wno-unused-variable -Wunused-value -Wno-empty-body -Wno-uninitialized -Wno-unknown-pragmas -w -Wno-shadow -Wno-four-char-constants -Wno-conversion -Wno-constant-conversion -Wno-int-conversion -Wno-bool-conversion -Wno-enum-conversion -Wno-float-conversion -Wno-non-literal-null-conversion -Wno-objc-literal-conversion -Wshorten-64-to-32 -Wpointer-sign -Wno-newline-eof -Wno-selector -Wno-strict-selector-match -Wno-undeclared-selector -Wno-deprecated-implementations -Wno-implicit-fallthrough -fstrict-aliasing -Wprotocol -Wdeprecated-declarations -Wno-sign-conversion -Wno-infinite-recursion -Wno-comma -Wno-block-capture-autoreleasing -Wno-strict-prototypes -Wno-semicolon-before-method-body -index-store-path /Users/nataliewhipps/Library/Developer/Xcode/DerivedData/Prompt28-cgmmkisguitsyibyvnemfqvywbnv/Index.noindex/DataStore @/Users/nataliewhipps/Library/Developer/Xcode/DerivedData/Prompt28-cgmmkisguitsyibyvnemfqvywbnv/Build/Intermediates.noindex/Promises.build/Debug-iphonesimulator/FBLPromises.build/Objects-normal/x86_64/e6072d4f65d7061329687fe24e3d63a7-common-args.resp -include /Users/nataliewhipps/Library/Developer/Xcode/DerivedData/Prompt28-cgmmkisguitsyibyvnemfqvywbnv/Build/Intermediates.noindex/Promises.build/Debug-iphonesimulator/FBLPromises.build/DerivedSources/resource_bundle_accessor.h -MMD -MT dependencies -MF /Users/nataliewhipps/Library/Developer/Xcode/DerivedData/Prompt28-cgmmkisguitsyibyvnemfqvywbnv/Build/Intermediates.noindex/Promises.build/Debug-iphonesimulator/FBLPromises.build/Objects-normal/x86_64/FBLPromise+Catch.d --serialize-diagnostics /Users/nataliewhipps/Library/Developer/Xcode/DerivedData/Prompt28-cgmmkisguitsyibyvnemfqvywbnv/Build/Intermediates.noindex/Promises.build/Debug-iphonesimulator/FBLPromises.build/Objects-normal/x86_64/FBLPromise+Catch.dia -c /Users/nataliewhipps/Library/Developer/Xcode/DerivedData/Prompt28-cgmmkisguitsyibyvnemfqvywbnv/SourcePackages/checkouts/promises/Sources/FBLPromises/FBLPromise+Catch.m -o /Users/nataliewhipps/Library/Developer/Xcode/DerivedData/Prompt28-cgmmkisguitsyibyvnemfqvywbnv/Build/Intermediates.noindex/Promises.build/Debug-iphonesimulator/FBLPromises.build/Objects-normal/x86_64/FBLPromise+Catch.o -index-unit-output-path /Promises.build/Debug-iphonesimulator/FBLPromises.build/Objects-normal/x86_64/FBLPromise+Catch.o

ScanDependencies /Users/nataliewhipps/Library/Developer/Xcode/DerivedData/Prompt28-cgmmkisguitsyibyvnemfqvywbnv/Build/Intermediates.noindex/Promises.build/Debug-iphonesimulator/FBLPromises.build/Objects-normal/x86_64/FBLPromise+Await.o /Users/nataliewhipps/Library/Developer/Xcode/DerivedData/Prompt28-cgmmkisguitsyibyvnemfqvywbnv/SourcePackages/checkouts/promises/Sources/FBLPromises/FBLPromise+Await.m normal x86_64 objective-c com.apple.compilers.llvm.clang.1_0.compiler (in target 'FBLPromises' from project 'Promises')
    cd /Users/nataliewhipps/Desktop/Prompt28/Prompt28.xcodeproj
    
    Using response file: /Users/nataliewhipps/Library/Developer/Xcode/DerivedData/Prompt28-cgmmkisguitsyibyvnemfqvywbnv/Build/Intermediates.noindex/Promises.build/Debug-iphonesimulator/FBLPromises.build/Objects-normal/x86_64/e6072d4f65d7061329687fe24e3d63a7-common-args.resp
    
    builtin-ScanDependencies -o /Users/nataliewhipps/Library/Developer/Xcode/DerivedData/Prompt28-cgmmkisguitsyibyvnemfqvywbnv/Build/Intermediates.noindex/Promises.build/Debug-iphonesimulator/FBLPromises.build/Objects-normal/x86_64/FBLPromise+Await.o.scan -- /Applications/Xcode.app/Contents/Developer/Toolchains/XcodeDefault.xctoolchain/usr/bin/clang -x objective-c -ivfsstatcache /Users/nataliewhipps/Library/Developer/Xcode/DerivedData/SDKStatCaches.noindex/iphonesimulator26.2-23C57-7d00a8b37fbd7999ea79df8ebc024bf0.sdkstatcache -fmessage-length\=0 -fdiagnostics-show-note-include-stack -fmacro-backtrace-limit\=0 -fno-color-diagnostics -fmodules-prune-interval\=86400 -fmodules-prune-after\=345600 -fbuild-session-file\=/Users/nataliewhipps/Library/Developer/Xcode/DerivedData/ModuleCache.noindex/Session.modulevalidation -fmodules-validate-once-per-build-session -Wnon-modular-include-in-framework-module -Werror\=non-modular-include-in-framework-module -Wno-trigraphs -Wno-missing-field-initializers -Wno-missing-prototypes -Wno-return-type -Wno-implicit-atomic-properties -Wno-objc-interface-ivars -Wno-arc-repeated-use-of-weak -Wno-missing-braces -Wparentheses -Wswitch -Wno-unused-function -Wno-unused-label -Wno-unused-parameter -Wno-unused-variable -Wunused-value -Wno-empty-body -Wno-uninitialized -Wno-unknown-pragmas -w -Wno-shadow -Wno-four-char-constants -Wno-conversion -Wno-constant-conversion -Wno-int-conversion -Wno-bool-conversion -Wno-enum-conversion -Wno-float-conversion -Wno-non-literal-null-conversion -Wno-objc-literal-conversion -Wshorten-64-to-32 -Wpointer-sign -Wno-newline-eof -Wno-selector -Wno-strict-selector-match -Wno-undeclared-selector -Wno-deprecated-implementations -Wno-implicit-fallthrough -fstrict-aliasing -Wprotocol -Wdeprecated-declarations -Wno-sign-conversion -Wno-infinite-recursion -Wno-comma -Wno-block-capture-autoreleasing -Wno-strict-prototypes -Wno-semicolon-before-method-body -index-store-path /Users/nataliewhipps/Library/Developer/Xcode/DerivedData/Prompt28-cgmmkisguitsyibyvnemfqvywbnv/Index.noindex/DataStore @/Users/nataliewhipps/Library/Developer/Xcode/DerivedData/Prompt28-cgmmkisguitsyibyvnemfqvywbnv/Build/Intermediates.noindex/Promises.build/Debug-iphonesimulator/FBLPromises.build/Objects-normal/x86_64/e6072d4f65d7061329687fe24e3d63a7-common-args.resp -include /Users/nataliewhipps/Library/Developer/Xcode/DerivedData/Prompt28-cgmmkisguitsyibyvnemfqvywbnv/Build/Intermediates.noindex/Promises.build/Debug-iphonesimulator/FBLPromises.build/DerivedSources/resource_bundle_accessor.h -MMD -MT dependencies -MF /Users/nataliewhipps/Library/Developer/Xcode/DerivedData/Prompt28-cgmmkisguitsyibyvnemfqvywbnv/Build/Intermediates.noindex/Promises.build/Debug-iphonesimulator/FBLPromises.build/Objects-normal/x86_64/FBLPromise+Await.d --serialize-diagnostics /Users/nataliewhipps/Library/Developer/Xcode/DerivedData/Prompt28-cgmmkisguitsyibyvnemfqvywbnv/Build/Intermediates.noindex/Promises.build/Debug-iphonesimulator/FBLPromises.build/Objects-normal/x86_64/FBLPromise+Await.dia -c /Users/nataliewhipps/Library/Developer/Xcode/DerivedData/Prompt28-cgmmkisguitsyibyvnemfqvywbnv/SourcePackages/checkouts/promises/Sources/FBLPromises/FBLPromise+Await.m -o /Users/nataliewhipps/Library/Developer/Xcode/DerivedData/Prompt28-cgmmkisguitsyibyvnemfqvywbnv/Build/Intermediates.noindex/Promises.build/Debug-iphonesimulator/FBLPromises.build/Objects-normal/x86_64/FBLPromise+Await.o -index-unit-output-path /Promises.build/Debug-iphonesimulator/FBLPromises.build/Objects-normal/x86_64/FBLPromise+Await.o

ScanDependencies /Users/nataliewhipps/Library/Developer/Xcode/DerivedData/Prompt28-cgmmkisguitsyibyvnemfqvywbnv/Build/Intermediates.noindex/Promises.build/Debug-iphonesimulator/FBLPromises.build/Objects-normal/x86_64/FBLPromise+Async.o /Users/nataliewhipps/Library/Developer/Xcode/DerivedData/Prompt28-cgmmkisguitsyibyvnemfqvywbnv/SourcePackages/checkouts/promises/Sources/FBLPromises/FBLPromise+Async.m normal x86_64 objective-c com.apple.compilers.llvm.clang.1_0.compiler (in target 'FBLPromises' from project 'Promises')
    cd /Users/nataliewhipps/Desktop/Prompt28/Prompt28.xcodeproj
    
    Using response file: /Users/nataliewhipps/Library/Developer/Xcode/DerivedData/Prompt28-cgmmkisguitsyibyvnemfqvywbnv/Build/Intermediates.noindex/Promises.build/Debug-iphonesimulator/FBLPromises.build/Objects-normal/x86_64/e6072d4f65d7061329687fe24e3d63a7-common-args.resp
    
    builtin-ScanDependencies -o /Users/nataliewhipps/Library/Developer/Xcode/DerivedData/Prompt28-cgmmkisguitsyibyvnemfqvywbnv/Build/Intermediates.noindex/Promises.build/Debug-iphonesimulator/FBLPromises.build/Objects-normal/x86_64/FBLPromise+Async.o.scan -- /Applications/Xcode.app/Contents/Developer/Toolchains/XcodeDefault.xctoolchain/usr/bin/clang -x objective-c -ivfsstatcache /Users/nataliewhipps/Library/Developer/Xcode/DerivedData/SDKStatCaches.noindex/iphonesimulator26.2-23C57-7d00a8b37fbd7999ea79df8ebc024bf0.sdkstatcache -fmessage-length\=0 -fdiagnostics-show-note-include-stack -fmacro-backtrace-limit\=0 -fno-color-diagnostics -fmodules-prune-interval\=86400 -fmodules-prune-after\=345600 -fbuild-session-file\=/Users/nataliewhipps/Library/Developer/Xcode/DerivedData/ModuleCache.noindex/Session.modulevalidation -fmodules-validate-once-per-build-session -Wnon-modular-include-in-framework-module -Werror\=non-modular-include-in-framework-module -Wno-trigraphs -Wno-missing-field-initializers -Wno-missing-prototypes -Wno-return-type -Wno-implicit-atomic-properties -Wno-objc-interface-ivars -Wno-arc-repeated-use-of-weak -Wno-missing-braces -Wparentheses -Wswitch -Wno-unused-function -Wno-unused-label -Wno-unused-parameter -Wno-unused-variable -Wunused-value -Wno-empty-body -Wno-uninitialized -Wno-unknown-pragmas -w -Wno-shadow -Wno-four-char-constants -Wno-conversion -Wno-constant-conversion -Wno-int-conversion -Wno-bool-conversion -Wno-enum-conversion -Wno-float-conversion -Wno-non-literal-null-conversion -Wno-objc-literal-conversion -Wshorten-64-to-32 -Wpointer-sign -Wno-newline-eof -Wno-selector -Wno-strict-selector-match -Wno-undeclared-selector -Wno-deprecated-implementations -Wno-implicit-fallthrough -fstrict-aliasing -Wprotocol -Wdeprecated-declarations -Wno-sign-conversion -Wno-infinite-recursion -Wno-comma -Wno-block-capture-autoreleasing -Wno-strict-prototypes -Wno-semicolon-before-method-body -index-store-path /Users/nataliewhipps/Library/Developer/Xcode/DerivedData/Prompt28-cgmmkisguitsyibyvnemfqvywbnv/Index.noindex/DataStore @/Users/nataliewhipps/Library/Developer/Xcode/DerivedData/Prompt28-cgmmkisguitsyibyvnemfqvywbnv/Build/Intermediates.noindex/Promises.build/Debug-iphonesimulator/FBLPromises.build/Objects-normal/x86_64/e6072d4f65d7061329687fe24e3d63a7-common-args.resp -include /Users/nataliewhipps/Library/Developer/Xcode/DerivedData/Prompt28-cgmmkisguitsyibyvnemfqvywbnv/Build/Intermediates.noindex/Promises.build/Debug-iphonesimulator/FBLPromises.build/DerivedSources/resource_bundle_accessor.h -MMD -MT dependencies -MF /Users/nataliewhipps/Library/Developer/Xcode/DerivedData/Prompt28-cgmmkisguitsyibyvnemfqvywbnv/Build/Intermediates.noindex/Promises.build/Debug-iphonesimulator/FBLPromises.build/Objects-normal/x86_64/FBLPromise+Async.d --serialize-diagnostics /Users/nataliewhipps/Library/Developer/Xcode/DerivedData/Prompt28-cgmmkisguitsyibyvnemfqvywbnv/Build/Intermediates.noindex/Promises.build/Debug-iphonesimulator/FBLPromises.build/Objects-normal/x86_64/FBLPromise+Async.dia -c /Users/nataliewhipps/Library/Developer/Xcode/DerivedData/Prompt28-cgmmkisguitsyibyvnemfqvywbnv/SourcePackages/checkouts/promises/Sources/FBLPromises/FBLPromise+Async.m -o /Users/nataliewhipps/Library/Developer/Xcode/DerivedData/Prompt28-cgmmkisguitsyibyvnemfqvywbnv/Build/Intermediates.noindex/Promises.build/Debug-iphonesimulator/FBLPromises.build/Objects-normal/x86_64/FBLPromise+Async.o -index-unit-output-path /Promises.build/Debug-iphonesimulator/FBLPromises.build/Objects-normal/x86_64/FBLPromise+Async.o

ScanDependencies /Users/nataliewhipps/Library/Developer/Xcode/DerivedData/Prompt28-cgmmkisguitsyibyvnemfqvywbnv/Build/Intermediates.noindex/Promises.build/Debug-iphonesimulator/FBLPromises.build/Objects-normal/x86_64/FBLPromise+Any.o /Users/nataliewhipps/Library/Developer/Xcode/DerivedData/Prompt28-cgmmkisguitsyibyvnemfqvywbnv/SourcePackages/checkouts/promises/Sources/FBLPromises/FBLPromise+Any.m normal x86_64 objective-c com.apple.compilers.llvm.clang.1_0.compiler (in target 'FBLPromises' from project 'Promises')
    cd /Users/nataliewhipps/Desktop/Prompt28/Prompt28.xcodeproj
    
    Using response file: /Users/nataliewhipps/Library/Developer/Xcode/DerivedData/Prompt28-cgmmkisguitsyibyvnemfqvywbnv/Build/Intermediates.noindex/Promises.build/Debug-iphonesimulator/FBLPromises.build/Objects-normal/x86_64/e6072d4f65d7061329687fe24e3d63a7-common-args.resp
    
    builtin-ScanDependencies -o /Users/nataliewhipps/Library/Developer/Xcode/DerivedData/Prompt28-cgmmkisguitsyibyvnemfqvywbnv/Build/Intermediates.noindex/Promises.build/Debug-iphonesimulator/FBLPromises.build/Objects-normal/x86_64/FBLPromise+Any.o.scan -- /Applications/Xcode.app/Contents/Developer/Toolchains/XcodeDefault.xctoolchain/usr/bin/clang -x objective-c -ivfsstatcache /Users/nataliewhipps/Library/Developer/Xcode/DerivedData/SDKStatCaches.noindex/iphonesimulator26.2-23C57-7d00a8b37fbd7999ea79df8ebc024bf0.sdkstatcache -fmessage-length\=0 -fdiagnostics-show-note-include-stack -fmacro-backtrace-limit\=0 -fno-color-diagnostics -fmodules-prune-interval\=86400 -fmodules-prune-after\=345600 -fbuild-session-file\=/Users/nataliewhipps/Library/Developer/Xcode/DerivedData/ModuleCache.noindex/Session.modulevalidation -fmodules-validate-once-per-build-session -Wnon-modular-include-in-framework-module -Werror\=non-modular-include-in-framework-module -Wno-trigraphs -Wno-missing-field-initializers -Wno-missing-prototypes -Wno-return-type -Wno-implicit-atomic-properties -Wno-objc-interface-ivars -Wno-arc-repeated-use-of-weak -Wno-missing-braces -Wparentheses -Wswitch -Wno-unused-function -Wno-unused-label -Wno-unused-parameter -Wno-unused-variable -Wunused-value -Wno-empty-body -Wno-uninitialized -Wno-unknown-pragmas -w -Wno-shadow -Wno-four-char-constants -Wno-conversion -Wno-constant-conversion -Wno-int-conversion -Wno-bool-conversion -Wno-enum-conversion -Wno-float-conversion -Wno-non-literal-null-conversion -Wno-objc-literal-conversion -Wshorten-64-to-32 -Wpointer-sign -Wno-newline-eof -Wno-selector -Wno-strict-selector-match -Wno-undeclared-selector -Wno-deprecated-implementations -Wno-implicit-fallthrough -fstrict-aliasing -Wprotocol -Wdeprecated-declarations -Wno-sign-conversion -Wno-infinite-recursion -Wno-comma -Wno-block-capture-autoreleasing -Wno-strict-prototypes -Wno-semicolon-before-method-body -index-store-path /Users/nataliewhipps/Library/Developer/Xcode/DerivedData/Prompt28-cgmmkisguitsyibyvnemfqvywbnv/Index.noindex/DataStore @/Users/nataliewhipps/Library/Developer/Xcode/DerivedData/Prompt28-cgmmkisguitsyibyvnemfqvywbnv/Build/Intermediates.noindex/Promises.build/Debug-iphonesimulator/FBLPromises.build/Objects-normal/x86_64/e6072d4f65d7061329687fe24e3d63a7-common-args.resp -include /Users/nataliewhipps/Library/Developer/Xcode/DerivedData/Prompt28-cgmmkisguitsyibyvnemfqvywbnv/Build/Intermediates.noindex/Promises.build/Debug-iphonesimulator/FBLPromises.build/DerivedSources/resource_bundle_accessor.h -MMD -MT dependencies -MF /Users/nataliewhipps/Library/Developer/Xcode/DerivedData/Prompt28-cgmmkisguitsyibyvnemfqvywbnv/Build/Intermediates.noindex/Promises.build/Debug-iphonesimulator/FBLPromises.build/Objects-normal/x86_64/FBLPromise+Any.d --serialize-diagnostics /Users/nataliewhipps/Library/Developer/Xcode/DerivedData/Prompt28-cgmmkisguitsyibyvnemfqvywbnv/Build/Intermediates.noindex/Promises.build/Debug-iphonesimulator/FBLPromises.build/Objects-normal/x86_64/FBLPromise+Any.dia -c /Users/nataliewhipps/Library/Developer/Xcode/DerivedData/Prompt28-cgmmkisguitsyibyvnemfqvywbnv/SourcePackages/checkouts/promises/Sources/FBLPromises/FBLPromise+Any.m -o /Users/nataliewhipps/Library/Developer/Xcode/DerivedData/Prompt28-cgmmkisguitsyibyvnemfqvywbnv/Build/Intermediates.noindex/Promises.build/Debug-iphonesimulator/FBLPromises.build/Objects-normal/x86_64/FBLPromise+Any.o -index-unit-output-path /Promises.build/Debug-iphonesimulator/FBLPromises.build/Objects-normal/x86_64/FBLPromise+Any.o

ScanDependencies /Users/nataliewhipps/Library/Developer/Xcode/DerivedData/Prompt28-cgmmkisguitsyibyvnemfqvywbnv/Build/Intermediates.noindex/Promises.build/Debug-iphonesimulator/FBLPromises.build/Objects-normal/x86_64/FBLPromise+Always.o /Users/nataliewhipps/Library/Developer/Xcode/DerivedData/Prompt28-cgmmkisguitsyibyvnemfqvywbnv/SourcePackages/checkouts/promises/Sources/FBLPromises/FBLPromise+Always.m normal x86_64 objective-c com.apple.compilers.llvm.clang.1_0.compiler (in target 'FBLPromises' from project 'Promises')
    cd /Users/nataliewhipps/Desktop/Prompt28/Prompt28.xcodeproj
    
    Using response file: /Users/nataliewhipps/Library/Developer/Xcode/DerivedData/Prompt28-cgmmkisguitsyibyvnemfqvywbnv/Build/Intermediates.noindex/Promises.build/Debug-iphonesimulator/FBLPromises.build/Objects-normal/x86_64/e6072d4f65d7061329687fe24e3d63a7-common-args.resp
    
    builtin-ScanDependencies -o /Users/nataliewhipps/Library/Developer/Xcode/DerivedData/Prompt28-cgmmkisguitsyibyvnemfqvywbnv/Build/Intermediates.noindex/Promises.build/Debug-iphonesimulator/FBLPromises.build/Objects-normal/x86_64/FBLPromise+Always.o.scan -- /Applications/Xcode.app/Contents/Developer/Toolchains/XcodeDefault.xctoolchain/usr/bin/clang -x objective-c -ivfsstatcache /Users/nataliewhipps/Library/Developer/Xcode/DerivedData/SDKStatCaches.noindex/iphonesimulator26.2-23C57-7d00a8b37fbd7999ea79df8ebc024bf0.sdkstatcache -fmessage-length\=0 -fdiagnostics-show-note-include-stack -fmacro-backtrace-limit\=0 -fno-color-diagnostics -fmodules-prune-interval\=86400 -fmodules-prune-after\=345600 -fbuild-session-file\=/Users/nataliewhipps/Library/Developer/Xcode/DerivedData/ModuleCache.noindex/Session.modulevalidation -fmodules-validate-once-per-build-session -Wnon-modular-include-in-framework-module -Werror\=non-modular-include-in-framework-module -Wno-trigraphs -Wno-missing-field-initializers -Wno-missing-prototypes -Wno-return-type -Wno-implicit-atomic-properties -Wno-objc-interface-ivars -Wno-arc-repeated-use-of-weak -Wno-missing-braces -Wparentheses -Wswitch -Wno-unused-function -Wno-unused-label -Wno-unused-parameter -Wno-unused-variable -Wunused-value -Wno-empty-body -Wno-uninitialized -Wno-unknown-pragmas -w -Wno-shadow -Wno-four-char-constants -Wno-conversion -Wno-constant-conversion -Wno-int-conversion -Wno-bool-conversion -Wno-enum-conversion -Wno-float-conversion -Wno-non-literal-null-conversion -Wno-objc-literal-conversion -Wshorten-64-to-32 -Wpointer-sign -Wno-newline-eof -Wno-selector -Wno-strict-selector-match -Wno-undeclared-selector -Wno-deprecated-implementations -Wno-implicit-fallthrough -fstrict-aliasing -Wprotocol -Wdeprecated-declarations -Wno-sign-conversion -Wno-infinite-recursion -Wno-comma -Wno-block-capture-autoreleasing -Wno-strict-prototypes -Wno-semicolon-before-method-body -index-store-path /Users/nataliewhipps/Library/Developer/Xcode/DerivedData/Prompt28-cgmmkisguitsyibyvnemfqvywbnv/Index.noindex/DataStore @/Users/nataliewhipps/Library/Developer/Xcode/DerivedData/Prompt28-cgmmkisguitsyibyvnemfqvywbnv/Build/Intermediates.noindex/Promises.build/Debug-iphonesimulator/FBLPromises.build/Objects-normal/x86_64/e6072d4f65d7061329687fe24e3d63a7-common-args.resp -include /Users/nataliewhipps/Library/Developer/Xcode/DerivedData/Prompt28-cgmmkisguitsyibyvnemfqvywbnv/Build/Intermediates.noindex/Promises.build/Debug-iphonesimulator/FBLPromises.build/DerivedSources/resource_bundle_accessor.h -MMD -MT dependencies -MF /Users/nataliewhipps/Library/Developer/Xcode/DerivedData/Prompt28-cgmmkisguitsyibyvnemfqvywbnv/Build/Intermediates.noindex/Promises.build/Debug-iphonesimulator/FBLPromises.build/Objects-normal/x86_64/FBLPromise+Always.d --serialize-diagnostics /Users/nataliewhipps/Library/Developer/Xcode/DerivedData/Prompt28-cgmmkisguitsyibyvnemfqvywbnv/Build/Intermediates.noindex/Promises.build/Debug-iphonesimulator/FBLPromises.build/Objects-normal/x86_64/FBLPromise+Always.dia -c /Users/nataliewhipps/Library/Developer/Xcode/DerivedData/Prompt28-cgmmkisguitsyibyvnemfqvywbnv/SourcePackages/checkouts/promises/Sources/FBLPromises/FBLPromise+Always.m -o /Users/nataliewhipps/Library/Developer/Xcode/DerivedData/Prompt28-cgmmkisguitsyibyvnemfqvywbnv/Build/Intermediates.noindex/Promises.build/Debug-iphonesimulator/FBLPromises.build/Objects-normal/x86_64/FBLPromise+Always.o -index-unit-output-path /Promises.build/Debug-iphonesimulator/FBLPromises.build/Objects-normal/x86_64/FBLPromise+Always.o

ScanDependencies /Users/nataliewhipps/Library/Developer/Xcode/DerivedData/Prompt28-cgmmkisguitsyibyvnemfqvywbnv/Build/Intermediates.noindex/Promises.build/Debug-iphonesimulator/FBLPromises.build/Objects-normal/x86_64/FBLPromise+All.o /Users/nataliewhipps/Library/Developer/Xcode/DerivedData/Prompt28-cgmmkisguitsyibyvnemfqvywbnv/SourcePackages/checkouts/promises/Sources/FBLPromises/FBLPromise+All.m normal x86_64 objective-c com.apple.compilers.llvm.clang.1_0.compiler (in target 'FBLPromises' from project 'Promises')
    cd /Users/nataliewhipps/Desktop/Prompt28/Prompt28.xcodeproj
    
    Using response file: /Users/nataliewhipps/Library/Developer/Xcode/DerivedData/Prompt28-cgmmkisguitsyibyvnemfqvywbnv/Build/Intermediates.noindex/Promises.build/Debug-iphonesimulator/FBLPromises.build/Objects-normal/x86_64/e6072d4f65d7061329687fe24e3d63a7-common-args.resp
    
    builtin-ScanDependencies -o /Users/nataliewhipps/Library/Developer/Xcode/DerivedData/Prompt28-cgmmkisguitsyibyvnemfqvywbnv/Build/Intermediates.noindex/Promises.build/Debug-iphonesimulator/FBLPromises.build/Objects-normal/x86_64/FBLPromise+All.o.scan -- /Applications/Xcode.app/Contents/Developer/Toolchains/XcodeDefault.xctoolchain/usr/bin/clang -x objective-c -ivfsstatcache /Users/nataliewhipps/Library/Developer/Xcode/DerivedData/SDKStatCaches.noindex/iphonesimulator26.2-23C57-7d00a8b37fbd7999ea79df8ebc024bf0.sdkstatcache -fmessage-length\=0 -fdiagnostics-show-note-include-stack -fmacro-backtrace-limit\=0 -fno-color-diagnostics -fmodules-prune-interval\=86400 -fmodules-prune-after\=345600 -fbuild-session-file\=/Users/nataliewhipps/Library/Developer/Xcode/DerivedData/ModuleCache.noindex/Session.modulevalidation -fmodules-validate-once-per-build-session -Wnon-modular-include-in-framework-module -Werror\=non-modular-include-in-framework-module -Wno-trigraphs -Wno-missing-field-initializers -Wno-missing-prototypes -Wno-return-type -Wno-implicit-atomic-properties -Wno-objc-interface-ivars -Wno-arc-repeated-use-of-weak -Wno-missing-braces -Wparentheses -Wswitch -Wno-unused-function -Wno-unused-label -Wno-unused-parameter -Wno-unused-variable -Wunused-value -Wno-empty-body -Wno-uninitialized -Wno-unknown-pragmas -w -Wno-shadow -Wno-four-char-constants -Wno-conversion -Wno-constant-conversion -Wno-int-conversion -Wno-bool-conversion -Wno-enum-conversion -Wno-float-conversion -Wno-non-literal-null-conversion -Wno-objc-literal-conversion -Wshorten-64-to-32 -Wpointer-sign -Wno-newline-eof -Wno-selector -Wno-strict-selector-match -Wno-undeclared-selector -Wno-deprecated-implementations -Wno-implicit-fallthrough -fstrict-aliasing -Wprotocol -Wdeprecated-declarations -Wno-sign-conversion -Wno-infinite-recursion -Wno-comma -Wno-block-capture-autoreleasing -Wno-strict-prototypes -Wno-semicolon-before-method-body -index-store-path /Users/nataliewhipps/Library/Developer/Xcode/DerivedData/Prompt28-cgmmkisguitsyibyvnemfqvywbnv/Index.noindex/DataStore @/Users/nataliewhipps/Library/Developer/Xcode/DerivedData/Prompt28-cgmmkisguitsyibyvnemfqvywbnv/Build/Intermediates.noindex/Promises.build/Debug-iphonesimulator/FBLPromises.build/Objects-normal/x86_64/e6072d4f65d7061329687fe24e3d63a7-common-args.resp -include /Users/nataliewhipps/Library/Developer/Xcode/DerivedData/Prompt28-cgmmkisguitsyibyvnemfqvywbnv/Build/Intermediates.noindex/Promises.build/Debug-iphonesimulator/FBLPromises.build/DerivedSources/resource_bundle_accessor.h -MMD -MT dependencies -MF /Users/nataliewhipps/Library/Developer/Xcode/DerivedData/Prompt28-cgmmkisguitsyibyvnemfqvywbnv/Build/Intermediates.noindex/Promises.build/Debug-iphonesimulator/FBLPromises.build/Objects-normal/x86_64/FBLPromise+All.d --serialize-diagnostics /Users/nataliewhipps/Library/Developer/Xcode/DerivedData/Prompt28-cgmmkisguitsyibyvnemfqvywbnv/Build/Intermediates.noindex/Promises.build/Debug-iphonesimulator/FBLPromises.build/Objects-normal/x86_64/FBLPromise+All.dia -c /Users/nataliewhipps/Library/Developer/Xcode/DerivedData/Prompt28-cgmmkisguitsyibyvnemfqvywbnv/SourcePackages/checkouts/promises/Sources/FBLPromises/FBLPromise+All.m -o /Users/nataliewhipps/Library/Developer/Xcode/DerivedData/Prompt28-cgmmkisguitsyibyvnemfqvywbnv/Build/Intermediates.noindex/Promises.build/Debug-iphonesimulator/FBLPromises.build/Objects-normal/x86_64/FBLPromise+All.o -index-unit-output-path /Promises.build/Debug-iphonesimulator/FBLPromises.build/Objects-normal/x86_64/FBLPromise+All.o

ScanDependencies /Users/nataliewhipps/Library/Developer/Xcode/DerivedData/Prompt28-cgmmkisguitsyibyvnemfqvywbnv/Build/Intermediates.noindex/AppCheck.build/Debug-iphonesimulator/AppCheckCore.build/Objects-normal/x86_64/NSURLSession+GACPromises.o /Users/nataliewhipps/Library/Developer/Xcode/DerivedData/Prompt28-cgmmkisguitsyibyvnemfqvywbnv/SourcePackages/checkouts/app-check/AppCheckCore/Sources/Core/APIService/NSURLSession+GACPromises.m normal x86_64 objective-c com.apple.compilers.llvm.clang.1_0.compiler (in target 'AppCheckCore' from project 'AppCheck')
    cd /Users/nataliewhipps/Desktop/Prompt28/Prompt28.xcodeproj
    
    Using response file: /Users/nataliewhipps/Library/Developer/Xcode/DerivedData/Prompt28-cgmmkisguitsyibyvnemfqvywbnv/Build/Intermediates.noindex/AppCheck.build/Debug-iphonesimulator/AppCheckCore.build/Objects-normal/x86_64/e6072d4f65d7061329687fe24e3d63a7-common-args.resp
    
    builtin-ScanDependencies -o /Users/nataliewhipps/Library/Developer/Xcode/DerivedData/Prompt28-cgmmkisguitsyibyvnemfqvywbnv/Build/Intermediates.noindex/AppCheck.build/Debug-iphonesimulator/AppCheckCore.build/Objects-normal/x86_64/NSURLSession+GACPromises.o.scan -- /Applications/Xcode.app/Contents/Developer/Toolchains/XcodeDefault.xctoolchain/usr/bin/clang -x objective-c -ivfsstatcache /Users/nataliewhipps/Library/Developer/Xcode/DerivedData/SDKStatCaches.noindex/iphonesimulator26.2-23C57-7d00a8b37fbd7999ea79df8ebc024bf0.sdkstatcache -fmessage-length\=0 -fdiagnostics-show-note-include-stack -fmacro-backtrace-limit\=0 -fno-color-diagnostics -fmodules-prune-interval\=86400 -fmodules-prune-after\=345600 -fbuild-session-file\=/Users/nataliewhipps/Library/Developer/Xcode/DerivedData/ModuleCache.noindex/Session.modulevalidation -fmodules-validate-once-per-build-session -Wnon-modular-include-in-framework-module -Werror\=non-modular-include-in-framework-module -Wno-trigraphs -Wno-missing-field-initializers -Wno-missing-prototypes -Wno-return-type -Wno-implicit-atomic-properties -Wno-objc-interface-ivars -Wno-arc-repeated-use-of-weak -Wno-missing-braces -Wparentheses -Wswitch -Wno-unused-function -Wno-unused-label -Wno-unused-parameter -Wno-unused-variable -Wunused-value -Wno-empty-body -Wno-uninitialized -Wno-unknown-pragmas -w -Wno-shadow -Wno-four-char-constants -Wno-conversion -Wno-constant-conversion -Wno-int-conversion -Wno-bool-conversion -Wno-enum-conversion -Wno-float-conversion -Wno-non-literal-null-conversion -Wno-objc-literal-conversion -Wshorten-64-to-32 -Wpointer-sign -Wno-newline-eof -Wno-selector -Wno-strict-selector-match -Wno-undeclared-selector -Wno-deprecated-implementations -Wno-implicit-fallthrough -fstrict-aliasing -Wprotocol -Wdeprecated-declarations -Wno-sign-conversion -Wno-infinite-recursion -Wno-comma -Wno-block-capture-autoreleasing -Wno-strict-prototypes -Wno-semicolon-before-method-body -index-store-path /Users/nataliewhipps/Library/Developer/Xcode/DerivedData/Prompt28-cgmmkisguitsyibyvnemfqvywbnv/Index.noindex/DataStore @/Users/nataliewhipps/Library/Developer/Xcode/DerivedData/Prompt28-cgmmkisguitsyibyvnemfqvywbnv/Build/Intermediates.noindex/AppCheck.build/Debug-iphonesimulator/AppCheckCore.build/Objects-normal/x86_64/e6072d4f65d7061329687fe24e3d63a7-common-args.resp -MMD -MT dependencies -MF /Users/nataliewhipps/Library/Developer/Xcode/DerivedData/Prompt28-cgmmkisguitsyibyvnemfqvywbnv/Build/Intermediates.noindex/AppCheck.build/Debug-iphonesimulator/AppCheckCore.build/Objects-normal/x86_64/NSURLSession+GACPromises.d --serialize-diagnostics /Users/nataliewhipps/Library/Developer/Xcode/DerivedData/Prompt28-cgmmkisguitsyibyvnemfqvywbnv/Build/Intermediates.noindex/AppCheck.build/Debug-iphonesimulator/AppCheckCore.build/Objects-normal/x86_64/NSURLSession+GACPromises.dia -c /Users/nataliewhipps/Library/Developer/Xcode/DerivedData/Prompt28-cgmmkisguitsyibyvnemfqvywbnv/SourcePackages/checkouts/app-check/AppCheckCore/Sources/Core/APIService/NSURLSession+GACPromises.m -o /Users/nataliewhipps/Library/Developer/Xcode/DerivedData/Prompt28-cgmmkisguitsyibyvnemfqvywbnv/Build/Intermediates.noindex/AppCheck.build/Debug-iphonesimulator/AppCheckCore.build/Objects-normal/x86_64/NSURLSession+GACPromises.o -index-unit-output-path /AppCheck.build/Debug-iphonesimulator/AppCheckCore.build/Objects-normal/x86_64/NSURLSession+GACPromises.o

PrecompileModule /Users/nataliewhipps/Library/Developer/Xcode/DerivedData/Prompt28-cgmmkisguitsyibyvnemfqvywbnv/Build/Intermediates.noindex/ExplicitPrecompiledModules/_Builtin_stdint-8FOC8G4Q8M5QK251T92C1MS0R.scan
    cd /
    builtin-precompileModule /Users/nataliewhipps/Library/Developer/Xcode/DerivedData/Prompt28-cgmmkisguitsyibyvnemfqvywbnv/Build/Intermediates.noindex/ExplicitPrecompiledModules/_Builtin_stdint-8FOC8G4Q8M5QK251T92C1MS0R.scan

ScanDependencies /Users/nataliewhipps/Library/Developer/Xcode/DerivedData/Prompt28-cgmmkisguitsyibyvnemfqvywbnv/Build/Intermediates.noindex/AppCheck.build/Debug-iphonesimulator/AppCheckCore.build/Objects-normal/x86_64/GACURLSessionDataResponse.o /Users/nataliewhipps/Library/Developer/Xcode/DerivedData/Prompt28-cgmmkisguitsyibyvnemfqvywbnv/SourcePackages/checkouts/app-check/AppCheckCore/Sources/Core/APIService/GACURLSessionDataResponse.m normal x86_64 objective-c com.apple.compilers.llvm.clang.1_0.compiler (in target 'AppCheckCore' from project 'AppCheck')
    cd /Users/nataliewhipps/Desktop/Prompt28/Prompt28.xcodeproj
    
    Using response file: /Users/nataliewhipps/Library/Developer/Xcode/DerivedData/Prompt28-cgmmkisguitsyibyvnemfqvywbnv/Build/Intermediates.noindex/AppCheck.build/Debug-iphonesimulator/AppCheckCore.build/Objects-normal/x86_64/e6072d4f65d7061329687fe24e3d63a7-common-args.resp
    
    builtin-ScanDependencies -o /Users/nataliewhipps/Library/Developer/Xcode/DerivedData/Prompt28-cgmmkisguitsyibyvnemfqvywbnv/Build/Intermediates.noindex/AppCheck.build/Debug-iphonesimulator/AppCheckCore.build/Objects-normal/x86_64/GACURLSessionDataResponse.o.scan -- /Applications/Xcode.app/Contents/Developer/Toolchains/XcodeDefault.xctoolchain/usr/bin/clang -x objective-c -ivfsstatcache /Users/nataliewhipps/Library/Developer/Xcode/DerivedData/SDKStatCaches.noindex/iphonesimulator26.2-23C57-7d00a8b37fbd7999ea79df8ebc024bf0.sdkstatcache -fmessage-length\=0 -fdiagnostics-show-note-include-stack -fmacro-backtrace-limit\=0 -fno-color-diagnostics -fmodules-prune-interval\=86400 -fmodules-prune-after\=345600 -fbuild-session-file\=/Users/nataliewhipps/Library/Developer/Xcode/DerivedData/ModuleCache.noindex/Session.modulevalidation -fmodules-validate-once-per-build-session -Wnon-modular-include-in-framework-module -Werror\=non-modular-include-in-framework-module -Wno-trigraphs -Wno-missing-field-initializers -Wno-missing-prototypes -Wno-return-type -Wno-implicit-atomic-properties -Wno-objc-interface-ivars -Wno-arc-repeated-use-of-weak -Wno-missing-braces -Wparentheses -Wswitch -Wno-unused-function -Wno-unused-label -Wno-unused-parameter -Wno-unused-variable -Wunused-value -Wno-empty-body -Wno-uninitialized -Wno-unknown-pragmas -w -Wno-shadow -Wno-four-char-constants -Wno-conversion -Wno-constant-conversion -Wno-int-conversion -Wno-bool-conversion -Wno-enum-conversion -Wno-float-conversion -Wno-non-literal-null-conversion -Wno-objc-literal-conversion -Wshorten-64-to-32 -Wpointer-sign -Wno-newline-eof -Wno-selector -Wno-strict-selector-match -Wno-undeclared-selector -Wno-deprecated-implementations -Wno-implicit-fallthrough -fstrict-aliasing -Wprotocol -Wdeprecated-declarations -Wno-sign-conversion -Wno-infinite-recursion -Wno-comma -Wno-block-capture-autoreleasing -Wno-strict-prototypes -Wno-semicolon-before-method-body -index-store-path /Users/nataliewhipps/Library/Developer/Xcode/DerivedData/Prompt28-cgmmkisguitsyibyvnemfqvywbnv/Index.noindex/DataStore @/Users/nataliewhipps/Library/Developer/Xcode/DerivedData/Prompt28-cgmmkisguitsyibyvnemfqvywbnv/Build/Intermediates.noindex/AppCheck.build/Debug-iphonesimulator/AppCheckCore.build/Objects-normal/x86_64/e6072d4f65d7061329687fe24e3d63a7-common-args.resp -MMD -MT dependencies -MF /Users/nataliewhipps/Library/Developer/Xcode/DerivedData/Prompt28-cgmmkisguitsyibyvnemfqvywbnv/Build/Intermediates.noindex/AppCheck.build/Debug-iphonesimulator/AppCheckCore.build/Objects-normal/x86_64/GACURLSessionDataResponse.d --serialize-diagnostics /Users/nataliewhipps/Library/Developer/Xcode/DerivedData/Prompt28-cgmmkisguitsyibyvnemfqvywbnv/Build/Intermediates.noindex/AppCheck.build/Debug-iphonesimulator/AppCheckCore.build/Objects-normal/x86_64/GACURLSessionDataResponse.dia -c /Users/nataliewhipps/Library/Developer/Xcode/DerivedData/Prompt28-cgmmkisguitsyibyvnemfqvywbnv/SourcePackages/checkouts/app-check/AppCheckCore/Sources/Core/APIService/GACURLSessionDataResponse.m -o /Users/nataliewhipps/Library/Developer/Xcode/DerivedData/Prompt28-cgmmkisguitsyibyvnemfqvywbnv/Build/Intermediates.noindex/AppCheck.build/Debug-iphonesimulator/AppCheckCore.build/Objects-normal/x86_64/GACURLSessionDataResponse.o -index-unit-output-path /AppCheck.build/Debug-iphonesimulator/AppCheckCore.build/Objects-normal/x86_64/GACURLSessionDataResponse.o

PrecompileModule /Users/nataliewhipps/Library/Developer/Xcode/DerivedData/Prompt28-cgmmkisguitsyibyvnemfqvywbnv/Build/Intermediates.noindex/ExplicitPrecompiledModules/_Builtin_stdatomic-5EQJF4R8KW782LWWYMPGIYBOT.scan
    cd /
    builtin-precompileModule /Users/nataliewhipps/Library/Developer/Xcode/DerivedData/Prompt28-cgmmkisguitsyibyvnemfqvywbnv/Build/Intermediates.noindex/ExplicitPrecompiledModules/_Builtin_stdatomic-5EQJF4R8KW782LWWYMPGIYBOT.scan

PrecompileModule /Users/nataliewhipps/Library/Developer/Xcode/DerivedData/Prompt28-cgmmkisguitsyibyvnemfqvywbnv/Build/Intermediates.noindex/ExplicitPrecompiledModules/_DarwinFoundation3-AGT86CTC9BQ3N7WYBJKSH5TL1.scan
    cd /
    builtin-precompileModule /Users/nataliewhipps/Library/Developer/Xcode/DerivedData/Prompt28-cgmmkisguitsyibyvnemfqvywbnv/Build/Intermediates.noindex/ExplicitPrecompiledModules/_DarwinFoundation3-AGT86CTC9BQ3N7WYBJKSH5TL1.scan

PrecompileModule /Users/nataliewhipps/Library/Developer/Xcode/DerivedData/Prompt28-cgmmkisguitsyibyvnemfqvywbnv/Build/Intermediates.noindex/ExplicitPrecompiledModules/_Builtin_stdint-6IMHYWHF060WTMXCPEOTFOFWE.scan
    cd /
    builtin-precompileModule /Users/nataliewhipps/Library/Developer/Xcode/DerivedData/Prompt28-cgmmkisguitsyibyvnemfqvywbnv/Build/Intermediates.noindex/ExplicitPrecompiledModules/_Builtin_stdint-6IMHYWHF060WTMXCPEOTFOFWE.scan

ScanDependencies /Users/nataliewhipps/Library/Developer/Xcode/DerivedData/Prompt28-cgmmkisguitsyibyvnemfqvywbnv/Build/Intermediates.noindex/AppCheck.build/Debug-iphonesimulator/AppCheckCore.build/Objects-normal/x86_64/GACDeviceCheckProvider.o /Users/nataliewhipps/Library/Developer/Xcode/DerivedData/Prompt28-cgmmkisguitsyibyvnemfqvywbnv/SourcePackages/checkouts/app-check/AppCheckCore/Sources/DeviceCheckProvider/GACDeviceCheckProvider.m normal x86_64 objective-c com.apple.compilers.llvm.clang.1_0.compiler (in target 'AppCheckCore' from project 'AppCheck')
    cd /Users/nataliewhipps/Desktop/Prompt28/Prompt28.xcodeproj
    
    Using response file: /Users/nataliewhipps/Library/Developer/Xcode/DerivedData/Prompt28-cgmmkisguitsyibyvnemfqvywbnv/Build/Intermediates.noindex/AppCheck.build/Debug-iphonesimulator/AppCheckCore.build/Objects-normal/x86_64/e6072d4f65d7061329687fe24e3d63a7-common-args.resp
    
    builtin-ScanDependencies -o /Users/nataliewhipps/Library/Developer/Xcode/DerivedData/Prompt28-cgmmkisguitsyibyvnemfqvywbnv/Build/Intermediates.noindex/AppCheck.build/Debug-iphonesimulator/AppCheckCore.build/Objects-normal/x86_64/GACDeviceCheckProvider.o.scan -- /Applications/Xcode.app/Contents/Developer/Toolchains/XcodeDefault.xctoolchain/usr/bin/clang -x objective-c -ivfsstatcache /Users/nataliewhipps/Library/Developer/Xcode/DerivedData/SDKStatCaches.noindex/iphonesimulator26.2-23C57-7d00a8b37fbd7999ea79df8ebc024bf0.sdkstatcache -fmessage-length\=0 -fdiagnostics-show-note-include-stack -fmacro-backtrace-limit\=0 -fno-color-diagnostics -fmodules-prune-interval\=86400 -fmodules-prune-after\=345600 -fbuild-session-file\=/Users/nataliewhipps/Library/Developer/Xcode/DerivedData/ModuleCache.noindex/Session.modulevalidation -fmodules-validate-once-per-build-session -Wnon-modular-include-in-framework-module -Werror\=non-modular-include-in-framework-module -Wno-trigraphs -Wno-missing-field-initializers -Wno-missing-prototypes -Wno-return-type -Wno-implicit-atomic-properties -Wno-objc-interface-ivars -Wno-arc-repeated-use-of-weak -Wno-missing-braces -Wparentheses -Wswitch -Wno-unused-function -Wno-unused-label -Wno-unused-parameter -Wno-unused-variable -Wunused-value -Wno-empty-body -Wno-uninitialized -Wno-unknown-pragmas -w -Wno-shadow -Wno-four-char-constants -Wno-conversion -Wno-constant-conversion -Wno-int-conversion -Wno-bool-conversion -Wno-enum-conversion -Wno-float-conversion -Wno-non-literal-null-conversion -Wno-objc-literal-conversion -Wshorten-64-to-32 -Wpointer-sign -Wno-newline-eof -Wno-selector -Wno-strict-selector-match -Wno-undeclared-selector -Wno-deprecated-implementations -Wno-implicit-fallthrough -fstrict-aliasing -Wprotocol -Wdeprecated-declarations -Wno-sign-conversion -Wno-infinite-recursion -Wno-comma -Wno-block-capture-autoreleasing -Wno-strict-prototypes -Wno-semicolon-before-method-body -index-store-path /Users/nataliewhipps/Library/Developer/Xcode/DerivedData/Prompt28-cgmmkisguitsyibyvnemfqvywbnv/Index.noindex/DataStore @/Users/nataliewhipps/Library/Developer/Xcode/DerivedData/Prompt28-cgmmkisguitsyibyvnemfqvywbnv/Build/Intermediates.noindex/AppCheck.build/Debug-iphonesimulator/AppCheckCore.build/Objects-normal/x86_64/e6072d4f65d7061329687fe24e3d63a7-common-args.resp -MMD -MT dependencies -MF /Users/nataliewhipps/Library/Developer/Xcode/DerivedData/Prompt28-cgmmkisguitsyibyvnemfqvywbnv/Build/Intermediates.noindex/AppCheck.build/Debug-iphonesimulator/AppCheckCore.build/Objects-normal/x86_64/GACDeviceCheckProvider.d --serialize-diagnostics /Users/nataliewhipps/Library/Developer/Xcode/DerivedData/Prompt28-cgmmkisguitsyibyvnemfqvywbnv/Build/Intermediates.noindex/AppCheck.build/Debug-iphonesimulator/AppCheckCore.build/Objects-normal/x86_64/GACDeviceCheckProvider.dia -c /Users/nataliewhipps/Library/Developer/Xcode/DerivedData/Prompt28-cgmmkisguitsyibyvnemfqvywbnv/SourcePackages/checkouts/app-check/AppCheckCore/Sources/DeviceCheckProvider/GACDeviceCheckProvider.m -o /Users/nataliewhipps/Library/Developer/Xcode/DerivedData/Prompt28-cgmmkisguitsyibyvnemfqvywbnv/Build/Intermediates.noindex/AppCheck.build/Debug-iphonesimulator/AppCheckCore.build/Objects-normal/x86_64/GACDeviceCheckProvider.o -index-unit-output-path /AppCheck.build/Debug-iphonesimulator/AppCheckCore.build/Objects-normal/x86_64/GACDeviceCheckProvider.o

ScanDependencies /Users/nataliewhipps/Library/Developer/Xcode/DerivedData/Prompt28-cgmmkisguitsyibyvnemfqvywbnv/Build/Intermediates.noindex/AppCheck.build/Debug-iphonesimulator/AppCheckCore.build/Objects-normal/x86_64/GACDeviceCheckAPIService.o /Users/nataliewhipps/Library/Developer/Xcode/DerivedData/Prompt28-cgmmkisguitsyibyvnemfqvywbnv/SourcePackages/checkouts/app-check/AppCheckCore/Sources/DeviceCheckProvider/API/GACDeviceCheckAPIService.m normal x86_64 objective-c com.apple.compilers.llvm.clang.1_0.compiler (in target 'AppCheckCore' from project 'AppCheck')
    cd /Users/nataliewhipps/Desktop/Prompt28/Prompt28.xcodeproj
    
    Using response file: /Users/nataliewhipps/Library/Developer/Xcode/DerivedData/Prompt28-cgmmkisguitsyibyvnemfqvywbnv/Build/Intermediates.noindex/AppCheck.build/Debug-iphonesimulator/AppCheckCore.build/Objects-normal/x86_64/e6072d4f65d7061329687fe24e3d63a7-common-args.resp
    
    builtin-ScanDependencies -o /Users/nataliewhipps/Library/Developer/Xcode/DerivedData/Prompt28-cgmmkisguitsyibyvnemfqvywbnv/Build/Intermediates.noindex/AppCheck.build/Debug-iphonesimulator/AppCheckCore.build/Objects-normal/x86_64/GACDeviceCheckAPIService.o.scan -- /Applications/Xcode.app/Contents/Developer/Toolchains/XcodeDefault.xctoolchain/usr/bin/clang -x objective-c -ivfsstatcache /Users/nataliewhipps/Library/Developer/Xcode/DerivedData/SDKStatCaches.noindex/iphonesimulator26.2-23C57-7d00a8b37fbd7999ea79df8ebc024bf0.sdkstatcache -fmessage-length\=0 -fdiagnostics-show-note-include-stack -fmacro-backtrace-limit\=0 -fno-color-diagnostics -fmodules-prune-interval\=86400 -fmodules-prune-after\=345600 -fbuild-session-file\=/Users/nataliewhipps/Library/Developer/Xcode/DerivedData/ModuleCache.noindex/Session.modulevalidation -fmodules-validate-once-per-build-session -Wnon-modular-include-in-framework-module -Werror\=non-modular-include-in-framework-module -Wno-trigraphs -Wno-missing-field-initializers -Wno-missing-prototypes -Wno-return-type -Wno-implicit-atomic-properties -Wno-objc-interface-ivars -Wno-arc-repeated-use-of-weak -Wno-missing-braces -Wparentheses -Wswitch -Wno-unused-function -Wno-unused-label -Wno-unused-parameter -Wno-unused-variable -Wunused-value -Wno-empty-body -Wno-uninitialized -Wno-unknown-pragmas -w -Wno-shadow -Wno-four-char-constants -Wno-conversion -Wno-constant-conversion -Wno-int-conversion -Wno-bool-conversion -Wno-enum-conversion -Wno-float-conversion -Wno-non-literal-null-conversion -Wno-objc-literal-conversion -Wshorten-64-to-32 -Wpointer-sign -Wno-newline-eof -Wno-selector -Wno-strict-selector-match -Wno-undeclared-selector -Wno-deprecated-implementations -Wno-implicit-fallthrough -fstrict-aliasing -Wprotocol -Wdeprecated-declarations -Wno-sign-conversion -Wno-infinite-recursion -Wno-comma -Wno-block-capture-autoreleasing -Wno-strict-prototypes -Wno-semicolon-before-method-body -index-store-path /Users/nataliewhipps/Library/Developer/Xcode/DerivedData/Prompt28-cgmmkisguitsyibyvnemfqvywbnv/Index.noindex/DataStore @/Users/nataliewhipps/Library/Developer/Xcode/DerivedData/Prompt28-cgmmkisguitsyibyvnemfqvywbnv/Build/Intermediates.noindex/AppCheck.build/Debug-iphonesimulator/AppCheckCore.build/Objects-normal/x86_64/e6072d4f65d7061329687fe24e3d63a7-common-args.resp -MMD -MT dependencies -MF /Users/nataliewhipps/Library/Developer/Xcode/DerivedData/Prompt28-cgmmkisguitsyibyvnemfqvywbnv/Build/Intermediates.noindex/AppCheck.build/Debug-iphonesimulator/AppCheckCore.build/Objects-normal/x86_64/GACDeviceCheckAPIService.d --serialize-diagnostics /Users/nataliewhipps/Library/Developer/Xcode/DerivedData/Prompt28-cgmmkisguitsyibyvnemfqvywbnv/Build/Intermediates.noindex/AppCheck.build/Debug-iphonesimulator/AppCheckCore.build/Objects-normal/x86_64/GACDeviceCheckAPIService.dia -c /Users/nataliewhipps/Library/Developer/Xcode/DerivedData/Prompt28-cgmmkisguitsyibyvnemfqvywbnv/SourcePackages/checkouts/app-check/AppCheckCore/Sources/DeviceCheckProvider/API/GACDeviceCheckAPIService.m -o /Users/nataliewhipps/Library/Developer/Xcode/DerivedData/Prompt28-cgmmkisguitsyibyvnemfqvywbnv/Build/Intermediates.noindex/AppCheck.build/Debug-iphonesimulator/AppCheckCore.build/Objects-normal/x86_64/GACDeviceCheckAPIService.o -index-unit-output-path /AppCheck.build/Debug-iphonesimulator/AppCheckCore.build/Objects-normal/x86_64/GACDeviceCheckAPIService.o

ScanDependencies /Users/nataliewhipps/Library/Developer/Xcode/DerivedData/Prompt28-cgmmkisguitsyibyvnemfqvywbnv/Build/Intermediates.noindex/AppCheck.build/Debug-iphonesimulator/AppCheckCore.build/Objects-normal/x86_64/GACAppCheckTokenResult.o /Users/nataliewhipps/Library/Developer/Xcode/DerivedData/Prompt28-cgmmkisguitsyibyvnemfqvywbnv/SourcePackages/checkouts/app-check/AppCheckCore/Sources/Core/GACAppCheckTokenResult.m normal x86_64 objective-c com.apple.compilers.llvm.clang.1_0.compiler (in target 'AppCheckCore' from project 'AppCheck')
    cd /Users/nataliewhipps/Desktop/Prompt28/Prompt28.xcodeproj
    
    Using response file: /Users/nataliewhipps/Library/Developer/Xcode/DerivedData/Prompt28-cgmmkisguitsyibyvnemfqvywbnv/Build/Intermediates.noindex/AppCheck.build/Debug-iphonesimulator/AppCheckCore.build/Objects-normal/x86_64/e6072d4f65d7061329687fe24e3d63a7-common-args.resp
    
    builtin-ScanDependencies -o /Users/nataliewhipps/Library/Developer/Xcode/DerivedData/Prompt28-cgmmkisguitsyibyvnemfqvywbnv/Build/Intermediates.noindex/AppCheck.build/Debug-iphonesimulator/AppCheckCore.build/Objects-normal/x86_64/GACAppCheckTokenResult.o.scan -- /Applications/Xcode.app/Contents/Developer/Toolchains/XcodeDefault.xctoolchain/usr/bin/clang -x objective-c -ivfsstatcache /Users/nataliewhipps/Library/Developer/Xcode/DerivedData/SDKStatCaches.noindex/iphonesimulator26.2-23C57-7d00a8b37fbd7999ea79df8ebc024bf0.sdkstatcache -fmessage-length\=0 -fdiagnostics-show-note-include-stack -fmacro-backtrace-limit\=0 -fno-color-diagnostics -fmodules-prune-interval\=86400 -fmodules-prune-after\=345600 -fbuild-session-file\=/Users/nataliewhipps/Library/Developer/Xcode/DerivedData/ModuleCache.noindex/Session.modulevalidation -fmodules-validate-once-per-build-session -Wnon-modular-include-in-framework-module -Werror\=non-modular-include-in-framework-module -Wno-trigraphs -Wno-missing-field-initializers -Wno-missing-prototypes -Wno-return-type -Wno-implicit-atomic-properties -Wno-objc-interface-ivars -Wno-arc-repeated-use-of-weak -Wno-missing-braces -Wparentheses -Wswitch -Wno-unused-function -Wno-unused-label -Wno-unused-parameter -Wno-unused-variable -Wunused-value -Wno-empty-body -Wno-uninitialized -Wno-unknown-pragmas -w -Wno-shadow -Wno-four-char-constants -Wno-conversion -Wno-constant-conversion -Wno-int-conversion -Wno-bool-conversion -Wno-enum-conversion -Wno-float-conversion -Wno-non-literal-null-conversion -Wno-objc-literal-conversion -Wshorten-64-to-32 -Wpointer-sign -Wno-newline-eof -Wno-selector -Wno-strict-selector-match -Wno-undeclared-selector -Wno-deprecated-implementations -Wno-implicit-fallthrough -fstrict-aliasing -Wprotocol -Wdeprecated-declarations -Wno-sign-conversion -Wno-infinite-recursion -Wno-comma -Wno-block-capture-autoreleasing -Wno-strict-prototypes -Wno-semicolon-before-method-body -index-store-path /Users/nataliewhipps/Library/Developer/Xcode/DerivedData/Prompt28-cgmmkisguitsyibyvnemfqvywbnv/Index.noindex/DataStore @/Users/nataliewhipps/Library/Developer/Xcode/DerivedData/Prompt28-cgmmkisguitsyibyvnemfqvywbnv/Build/Intermediates.noindex/AppCheck.build/Debug-iphonesimulator/AppCheckCore.build/Objects-normal/x86_64/e6072d4f65d7061329687fe24e3d63a7-common-args.resp -MMD -MT dependencies -MF /Users/nataliewhipps/Library/Developer/Xcode/DerivedData/Prompt28-cgmmkisguitsyibyvnemfqvywbnv/Build/Intermediates.noindex/AppCheck.build/Debug-iphonesimulator/AppCheckCore.build/Objects-normal/x86_64/GACAppCheckTokenResult.d --serialize-diagnostics /Users/nataliewhipps/Library/Developer/Xcode/DerivedData/Prompt28-cgmmkisguitsyibyvnemfqvywbnv/Build/Intermediates.noindex/AppCheck.build/Debug-iphonesimulator/AppCheckCore.build/Objects-normal/x86_64/GACAppCheckTokenResult.dia -c /Users/nataliewhipps/Library/Developer/Xcode/DerivedData/Prompt28-cgmmkisguitsyibyvnemfqvywbnv/SourcePackages/checkouts/app-check/AppCheckCore/Sources/Core/GACAppCheckTokenResult.m -o /Users/nataliewhipps/Library/Developer/Xcode/DerivedData/Prompt28-cgmmkisguitsyibyvnemfqvywbnv/Build/Intermediates.noindex/AppCheck.build/Debug-iphonesimulator/AppCheckCore.build/Objects-normal/x86_64/GACAppCheckTokenResult.o -index-unit-output-path /AppCheck.build/Debug-iphonesimulator/AppCheckCore.build/Objects-normal/x86_64/GACAppCheckTokenResult.o

ScanDependencies /Users/nataliewhipps/Library/Developer/Xcode/DerivedData/Prompt28-cgmmkisguitsyibyvnemfqvywbnv/Build/Intermediates.noindex/AppCheck.build/Debug-iphonesimulator/AppCheckCore.build/Objects-normal/x86_64/GACAppCheckTokenRefresher.o /Users/nataliewhipps/Library/Developer/Xcode/DerivedData/Prompt28-cgmmkisguitsyibyvnemfqvywbnv/SourcePackages/checkouts/app-check/AppCheckCore/Sources/Core/TokenRefresh/GACAppCheckTokenRefresher.m normal x86_64 objective-c com.apple.compilers.llvm.clang.1_0.compiler (in target 'AppCheckCore' from project 'AppCheck')
    cd /Users/nataliewhipps/Desktop/Prompt28/Prompt28.xcodeproj
    
    Using response file: /Users/nataliewhipps/Library/Developer/Xcode/DerivedData/Prompt28-cgmmkisguitsyibyvnemfqvywbnv/Build/Intermediates.noindex/AppCheck.build/Debug-iphonesimulator/AppCheckCore.build/Objects-normal/x86_64/e6072d4f65d7061329687fe24e3d63a7-common-args.resp
    
    builtin-ScanDependencies -o /Users/nataliewhipps/Library/Developer/Xcode/DerivedData/Prompt28-cgmmkisguitsyibyvnemfqvywbnv/Build/Intermediates.noindex/AppCheck.build/Debug-iphonesimulator/AppCheckCore.build/Objects-normal/x86_64/GACAppCheckTokenRefresher.o.scan -- /Applications/Xcode.app/Contents/Developer/Toolchains/XcodeDefault.xctoolchain/usr/bin/clang -x objective-c -ivfsstatcache /Users/nataliewhipps/Library/Developer/Xcode/DerivedData/SDKStatCaches.noindex/iphonesimulator26.2-23C57-7d00a8b37fbd7999ea79df8ebc024bf0.sdkstatcache -fmessage-length\=0 -fdiagnostics-show-note-include-stack -fmacro-backtrace-limit\=0 -fno-color-diagnostics -fmodules-prune-interval\=86400 -fmodules-prune-after\=345600 -fbuild-session-file\=/Users/nataliewhipps/Library/Developer/Xcode/DerivedData/ModuleCache.noindex/Session.modulevalidation -fmodules-validate-once-per-build-session -Wnon-modular-include-in-framework-module -Werror\=non-modular-include-in-framework-module -Wno-trigraphs -Wno-missing-field-initializers -Wno-missing-prototypes -Wno-return-type -Wno-implicit-atomic-properties -Wno-objc-interface-ivars -Wno-arc-repeated-use-of-weak -Wno-missing-braces -Wparentheses -Wswitch -Wno-unused-function -Wno-unused-label -Wno-unused-parameter -Wno-unused-variable -Wunused-value -Wno-empty-body -Wno-uninitialized -Wno-unknown-pragmas -w -Wno-shadow -Wno-four-char-constants -Wno-conversion -Wno-constant-conversion -Wno-int-conversion -Wno-bool-conversion -Wno-enum-conversion -Wno-float-conversion -Wno-non-literal-null-conversion -Wno-objc-literal-conversion -Wshorten-64-to-32 -Wpointer-sign -Wno-newline-eof -Wno-selector -Wno-strict-selector-match -Wno-undeclared-selector -Wno-deprecated-implementations -Wno-implicit-fallthrough -fstrict-aliasing -Wprotocol -Wdeprecated-declarations -Wno-sign-conversion -Wno-infinite-recursion -Wno-comma -Wno-block-capture-autoreleasing -Wno-strict-prototypes -Wno-semicolon-before-method-body -index-store-path /Users/nataliewhipps/Library/Developer/Xcode/DerivedData/Prompt28-cgmmkisguitsyibyvnemfqvywbnv/Index.noindex/DataStore @/Users/nataliewhipps/Library/Developer/Xcode/DerivedData/Prompt28-cgmmkisguitsyibyvnemfqvywbnv/Build/Intermediates.noindex/AppCheck.build/Debug-iphonesimulator/AppCheckCore.build/Objects-normal/x86_64/e6072d4f65d7061329687fe24e3d63a7-common-args.resp -MMD -MT dependencies -MF /Users/nataliewhipps/Library/Developer/Xcode/DerivedData/Prompt28-cgmmkisguitsyibyvnemfqvywbnv/Build/Intermediates.noindex/AppCheck.build/Debug-iphonesimulator/AppCheckCore.build/Objects-normal/x86_64/GACAppCheckTokenRefresher.d --serialize-diagnostics /Users/nataliewhipps/Library/Developer/Xcode/DerivedData/Prompt28-cgmmkisguitsyibyvnemfqvywbnv/Build/Intermediates.noindex/AppCheck.build/Debug-iphonesimulator/AppCheckCore.build/Objects-normal/x86_64/GACAppCheckTokenRefresher.dia -c /Users/nataliewhipps/Library/Developer/Xcode/DerivedData/Prompt28-cgmmkisguitsyibyvnemfqvywbnv/SourcePackages/checkouts/app-check/AppCheckCore/Sources/Core/TokenRefresh/GACAppCheckTokenRefresher.m -o /Users/nataliewhipps/Library/Developer/Xcode/DerivedData/Prompt28-cgmmkisguitsyibyvnemfqvywbnv/Build/Intermediates.noindex/AppCheck.build/Debug-iphonesimulator/AppCheckCore.build/Objects-normal/x86_64/GACAppCheckTokenRefresher.o -index-unit-output-path /AppCheck.build/Debug-iphonesimulator/AppCheckCore.build/Objects-normal/x86_64/GACAppCheckTokenRefresher.o

PrecompileModule /Users/nataliewhipps/Library/Developer/Xcode/DerivedData/Prompt28-cgmmkisguitsyibyvnemfqvywbnv/Build/Intermediates.noindex/ExplicitPrecompiledModules/_DarwinFoundation3-541O5TTLKFQ6MHCL24J75O43D.scan
    cd /
    builtin-precompileModule /Users/nataliewhipps/Library/Developer/Xcode/DerivedData/Prompt28-cgmmkisguitsyibyvnemfqvywbnv/Build/Intermediates.noindex/ExplicitPrecompiledModules/_DarwinFoundation3-541O5TTLKFQ6MHCL24J75O43D.scan

ScanDependencies /Users/nataliewhipps/Library/Developer/Xcode/DerivedData/Prompt28-cgmmkisguitsyibyvnemfqvywbnv/Build/Intermediates.noindex/AppCheck.build/Debug-iphonesimulator/AppCheckCore.build/Objects-normal/x86_64/GACAppCheckTokenRefreshResult.o /Users/nataliewhipps/Library/Developer/Xcode/DerivedData/Prompt28-cgmmkisguitsyibyvnemfqvywbnv/SourcePackages/checkouts/app-check/AppCheckCore/Sources/Core/TokenRefresh/GACAppCheckTokenRefreshResult.m normal x86_64 objective-c com.apple.compilers.llvm.clang.1_0.compiler (in target 'AppCheckCore' from project 'AppCheck')
    cd /Users/nataliewhipps/Desktop/Prompt28/Prompt28.xcodeproj
    
    Using response file: /Users/nataliewhipps/Library/Developer/Xcode/DerivedData/Prompt28-cgmmkisguitsyibyvnemfqvywbnv/Build/Intermediates.noindex/AppCheck.build/Debug-iphonesimulator/AppCheckCore.build/Objects-normal/x86_64/e6072d4f65d7061329687fe24e3d63a7-common-args.resp
    
    builtin-ScanDependencies -o /Users/nataliewhipps/Library/Developer/Xcode/DerivedData/Prompt28-cgmmkisguitsyibyvnemfqvywbnv/Build/Intermediates.noindex/AppCheck.build/Debug-iphonesimulator/AppCheckCore.build/Objects-normal/x86_64/GACAppCheckTokenRefreshResult.o.scan -- /Applications/Xcode.app/Contents/Developer/Toolchains/XcodeDefault.xctoolchain/usr/bin/clang -x objective-c -ivfsstatcache /Users/nataliewhipps/Library/Developer/Xcode/DerivedData/SDKStatCaches.noindex/iphonesimulator26.2-23C57-7d00a8b37fbd7999ea79df8ebc024bf0.sdkstatcache -fmessage-length\=0 -fdiagnostics-show-note-include-stack -fmacro-backtrace-limit\=0 -fno-color-diagnostics -fmodules-prune-interval\=86400 -fmodules-prune-after\=345600 -fbuild-session-file\=/Users/nataliewhipps/Library/Developer/Xcode/DerivedData/ModuleCache.noindex/Session.modulevalidation -fmodules-validate-once-per-build-session -Wnon-modular-include-in-framework-module -Werror\=non-modular-include-in-framework-module -Wno-trigraphs -Wno-missing-field-initializers -Wno-missing-prototypes -Wno-return-type -Wno-implicit-atomic-properties -Wno-objc-interface-ivars -Wno-arc-repeated-use-of-weak -Wno-missing-braces -Wparentheses -Wswitch -Wno-unused-function -Wno-unused-label -Wno-unused-parameter -Wno-unused-variable -Wunused-value -Wno-empty-body -Wno-uninitialized -Wno-unknown-pragmas -w -Wno-shadow -Wno-four-char-constants -Wno-conversion -Wno-constant-conversion -Wno-int-conversion -Wno-bool-conversion -Wno-enum-conversion -Wno-float-conversion -Wno-non-literal-null-conversion -Wno-objc-literal-conversion -Wshorten-64-to-32 -Wpointer-sign -Wno-newline-eof -Wno-selector -Wno-strict-selector-match -Wno-undeclared-selector -Wno-deprecated-implementations -Wno-implicit-fallthrough -fstrict-aliasing -Wprotocol -Wdeprecated-declarations -Wno-sign-conversion -Wno-infinite-recursion -Wno-comma -Wno-block-capture-autoreleasing -Wno-strict-prototypes -Wno-semicolon-before-method-body -index-store-path /Users/nataliewhipps/Library/Developer/Xcode/DerivedData/Prompt28-cgmmkisguitsyibyvnemfqvywbnv/Index.noindex/DataStore @/Users/nataliewhipps/Library/Developer/Xcode/DerivedData/Prompt28-cgmmkisguitsyibyvnemfqvywbnv/Build/Intermediates.noindex/AppCheck.build/Debug-iphonesimulator/AppCheckCore.build/Objects-normal/x86_64/e6072d4f65d7061329687fe24e3d63a7-common-args.resp -MMD -MT dependencies -MF /Users/nataliewhipps/Library/Developer/Xcode/DerivedData/Prompt28-cgmmkisguitsyibyvnemfqvywbnv/Build/Intermediates.noindex/AppCheck.build/Debug-iphonesimulator/AppCheckCore.build/Objects-normal/x86_64/GACAppCheckTokenRefreshResult.d --serialize-diagnostics /Users/nataliewhipps/Library/Developer/Xcode/DerivedData/Prompt28-cgmmkisguitsyibyvnemfqvywbnv/Build/Intermediates.noindex/AppCheck.build/Debug-iphonesimulator/AppCheckCore.build/Objects-normal/x86_64/GACAppCheckTokenRefreshResult.dia -c /Users/nataliewhipps/Library/Developer/Xcode/DerivedData/Prompt28-cgmmkisguitsyibyvnemfqvywbnv/SourcePackages/checkouts/app-check/AppCheckCore/Sources/Core/TokenRefresh/GACAppCheckTokenRefreshResult.m -o /Users/nataliewhipps/Library/Developer/Xcode/DerivedData/Prompt28-cgmmkisguitsyibyvnemfqvywbnv/Build/Intermediates.noindex/AppCheck.build/Debug-iphonesimulator/AppCheckCore.build/Objects-normal/x86_64/GACAppCheckTokenRefreshResult.o -index-unit-output-path /AppCheck.build/Debug-iphonesimulator/AppCheckCore.build/Objects-normal/x86_64/GACAppCheckTokenRefreshResult.o

ScanDependencies /Users/nataliewhipps/Library/Developer/Xcode/DerivedData/Prompt28-cgmmkisguitsyibyvnemfqvywbnv/Build/Intermediates.noindex/AppCheck.build/Debug-iphonesimulator/AppCheckCore.build/Objects-normal/x86_64/GACAppCheckToken.o /Users/nataliewhipps/Library/Developer/Xcode/DerivedData/Prompt28-cgmmkisguitsyibyvnemfqvywbnv/SourcePackages/checkouts/app-check/AppCheckCore/Sources/Core/GACAppCheckToken.m normal x86_64 objective-c com.apple.compilers.llvm.clang.1_0.compiler (in target 'AppCheckCore' from project 'AppCheck')
    cd /Users/nataliewhipps/Desktop/Prompt28/Prompt28.xcodeproj
    
    Using response file: /Users/nataliewhipps/Library/Developer/Xcode/DerivedData/Prompt28-cgmmkisguitsyibyvnemfqvywbnv/Build/Intermediates.noindex/AppCheck.build/Debug-iphonesimulator/AppCheckCore.build/Objects-normal/x86_64/e6072d4f65d7061329687fe24e3d63a7-common-args.resp
    
    builtin-ScanDependencies -o /Users/nataliewhipps/Library/Developer/Xcode/DerivedData/Prompt28-cgmmkisguitsyibyvnemfqvywbnv/Build/Intermediates.noindex/AppCheck.build/Debug-iphonesimulator/AppCheckCore.build/Objects-normal/x86_64/GACAppCheckToken.o.scan -- /Applications/Xcode.app/Contents/Developer/Toolchains/XcodeDefault.xctoolchain/usr/bin/clang -x objective-c -ivfsstatcache /Users/nataliewhipps/Library/Developer/Xcode/DerivedData/SDKStatCaches.noindex/iphonesimulator26.2-23C57-7d00a8b37fbd7999ea79df8ebc024bf0.sdkstatcache -fmessage-length\=0 -fdiagnostics-show-note-include-stack -fmacro-backtrace-limit\=0 -fno-color-diagnostics -fmodules-prune-interval\=86400 -fmodules-prune-after\=345600 -fbuild-session-file\=/Users/nataliewhipps/Library/Developer/Xcode/DerivedData/ModuleCache.noindex/Session.modulevalidation -fmodules-validate-once-per-build-session -Wnon-modular-include-in-framework-module -Werror\=non-modular-include-in-framework-module -Wno-trigraphs -Wno-missing-field-initializers -Wno-missing-prototypes -Wno-return-type -Wno-implicit-atomic-properties -Wno-objc-interface-ivars -Wno-arc-repeated-use-of-weak -Wno-missing-braces -Wparentheses -Wswitch -Wno-unused-function -Wno-unused-label -Wno-unused-parameter -Wno-unused-variable -Wunused-value -Wno-empty-body -Wno-uninitialized -Wno-unknown-pragmas -w -Wno-shadow -Wno-four-char-constants -Wno-conversion -Wno-constant-conversion -Wno-int-conversion -Wno-bool-conversion -Wno-enum-conversion -Wno-float-conversion -Wno-non-literal-null-conversion -Wno-objc-literal-conversion -Wshorten-64-to-32 -Wpointer-sign -Wno-newline-eof -Wno-selector -Wno-strict-selector-match -Wno-undeclared-selector -Wno-deprecated-implementations -Wno-implicit-fallthrough -fstrict-aliasing -Wprotocol -Wdeprecated-declarations -Wno-sign-conversion -Wno-infinite-recursion -Wno-comma -Wno-block-capture-autoreleasing -Wno-strict-prototypes -Wno-semicolon-before-method-body -index-store-path /Users/nataliewhipps/Library/Developer/Xcode/DerivedData/Prompt28-cgmmkisguitsyibyvnemfqvywbnv/Index.noindex/DataStore @/Users/nataliewhipps/Library/Developer/Xcode/DerivedData/Prompt28-cgmmkisguitsyibyvnemfqvywbnv/Build/Intermediates.noindex/AppCheck.build/Debug-iphonesimulator/AppCheckCore.build/Objects-normal/x86_64/e6072d4f65d7061329687fe24e3d63a7-common-args.resp -MMD -MT dependencies -MF /Users/nataliewhipps/Library/Developer/Xcode/DerivedData/Prompt28-cgmmkisguitsyibyvnemfqvywbnv/Build/Intermediates.noindex/AppCheck.build/Debug-iphonesimulator/AppCheckCore.build/Objects-normal/x86_64/GACAppCheckToken.d --serialize-diagnostics /Users/nataliewhipps/Library/Developer/Xcode/DerivedData/Prompt28-cgmmkisguitsyibyvnemfqvywbnv/Build/Intermediates.noindex/AppCheck.build/Debug-iphonesimulator/AppCheckCore.build/Objects-normal/x86_64/GACAppCheckToken.dia -c /Users/nataliewhipps/Library/Developer/Xcode/DerivedData/Prompt28-cgmmkisguitsyibyvnemfqvywbnv/SourcePackages/checkouts/app-check/AppCheckCore/Sources/Core/GACAppCheckToken.m -o /Users/nataliewhipps/Library/Developer/Xcode/DerivedData/Prompt28-cgmmkisguitsyibyvnemfqvywbnv/Build/Intermediates.noindex/AppCheck.build/Debug-iphonesimulator/AppCheckCore.build/Objects-normal/x86_64/GACAppCheckToken.o -index-unit-output-path /AppCheck.build/Debug-iphonesimulator/AppCheckCore.build/Objects-normal/x86_64/GACAppCheckToken.o

ScanDependencies /Users/nataliewhipps/Library/Developer/Xcode/DerivedData/Prompt28-cgmmkisguitsyibyvnemfqvywbnv/Build/Intermediates.noindex/AppCheck.build/Debug-iphonesimulator/AppCheckCore.build/Objects-normal/x86_64/GACAppCheckToken+APIResponse.o /Users/nataliewhipps/Library/Developer/Xcode/DerivedData/Prompt28-cgmmkisguitsyibyvnemfqvywbnv/SourcePackages/checkouts/app-check/AppCheckCore/Sources/Core/APIService/GACAppCheckToken+APIResponse.m normal x86_64 objective-c com.apple.compilers.llvm.clang.1_0.compiler (in target 'AppCheckCore' from project 'AppCheck')
    cd /Users/nataliewhipps/Desktop/Prompt28/Prompt28.xcodeproj
    
    Using response file: /Users/nataliewhipps/Library/Developer/Xcode/DerivedData/Prompt28-cgmmkisguitsyibyvnemfqvywbnv/Build/Intermediates.noindex/AppCheck.build/Debug-iphonesimulator/AppCheckCore.build/Objects-normal/x86_64/e6072d4f65d7061329687fe24e3d63a7-common-args.resp
    
    builtin-ScanDependencies -o /Users/nataliewhipps/Library/Developer/Xcode/DerivedData/Prompt28-cgmmkisguitsyibyvnemfqvywbnv/Build/Intermediates.noindex/AppCheck.build/Debug-iphonesimulator/AppCheckCore.build/Objects-normal/x86_64/GACAppCheckToken+APIResponse.o.scan -- /Applications/Xcode.app/Contents/Developer/Toolchains/XcodeDefault.xctoolchain/usr/bin/clang -x objective-c -ivfsstatcache /Users/nataliewhipps/Library/Developer/Xcode/DerivedData/SDKStatCaches.noindex/iphonesimulator26.2-23C57-7d00a8b37fbd7999ea79df8ebc024bf0.sdkstatcache -fmessage-length\=0 -fdiagnostics-show-note-include-stack -fmacro-backtrace-limit\=0 -fno-color-diagnostics -fmodules-prune-interval\=86400 -fmodules-prune-after\=345600 -fbuild-session-file\=/Users/nataliewhipps/Library/Developer/Xcode/DerivedData/ModuleCache.noindex/Session.modulevalidation -fmodules-validate-once-per-build-session -Wnon-modular-include-in-framework-module -Werror\=non-modular-include-in-framework-module -Wno-trigraphs -Wno-missing-field-initializers -Wno-missing-prototypes -Wno-return-type -Wno-implicit-atomic-properties -Wno-objc-interface-ivars -Wno-arc-repeated-use-of-weak -Wno-missing-braces -Wparentheses -Wswitch -Wno-unused-function -Wno-unused-label -Wno-unused-parameter -Wno-unused-variable -Wunused-value -Wno-empty-body -Wno-uninitialized -Wno-unknown-pragmas -w -Wno-shadow -Wno-four-char-constants -Wno-conversion -Wno-constant-conversion -Wno-int-conversion -Wno-bool-conversion -Wno-enum-conversion -Wno-float-conversion -Wno-non-literal-null-conversion -Wno-objc-literal-conversion -Wshorten-64-to-32 -Wpointer-sign -Wno-newline-eof -Wno-selector -Wno-strict-selector-match -Wno-undeclared-selector -Wno-deprecated-implementations -Wno-implicit-fallthrough -fstrict-aliasing -Wprotocol -Wdeprecated-declarations -Wno-sign-conversion -Wno-infinite-recursion -Wno-comma -Wno-block-capture-autoreleasing -Wno-strict-prototypes -Wno-semicolon-before-method-body -index-store-path /Users/nataliewhipps/Library/Developer/Xcode/DerivedData/Prompt28-cgmmkisguitsyibyvnemfqvywbnv/Index.noindex/DataStore @/Users/nataliewhipps/Library/Developer/Xcode/DerivedData/Prompt28-cgmmkisguitsyibyvnemfqvywbnv/Build/Intermediates.noindex/AppCheck.build/Debug-iphonesimulator/AppCheckCore.build/Objects-normal/x86_64/e6072d4f65d7061329687fe24e3d63a7-common-args.resp -MMD -MT dependencies -MF /Users/nataliewhipps/Library/Developer/Xcode/DerivedData/Prompt28-cgmmkisguitsyibyvnemfqvywbnv/Build/Intermediates.noindex/AppCheck.build/Debug-iphonesimulator/AppCheckCore.build/Objects-normal/x86_64/GACAppCheckToken+APIResponse.d --serialize-diagnostics /Users/nataliewhipps/Library/Developer/Xcode/DerivedData/Prompt28-cgmmkisguitsyibyvnemfqvywbnv/Build/Intermediates.noindex/AppCheck.build/Debug-iphonesimulator/AppCheckCore.build/Objects-normal/x86_64/GACAppCheckToken+APIResponse.dia -c /Users/nataliewhipps/Library/Developer/Xcode/DerivedData/Prompt28-cgmmkisguitsyibyvnemfqvywbnv/SourcePackages/checkouts/app-check/AppCheckCore/Sources/Core/APIService/GACAppCheckToken+APIResponse.m -o /Users/nataliewhipps/Library/Developer/Xcode/DerivedData/Prompt28-cgmmkisguitsyibyvnemfqvywbnv/Build/Intermediates.noindex/AppCheck.build/Debug-iphonesimulator/AppCheckCore.build/Objects-normal/x86_64/GACAppCheckToken+APIResponse.o -index-unit-output-path /AppCheck.build/Debug-iphonesimulator/AppCheckCore.build/Objects-normal/x86_64/GACAppCheckToken+APIResponse.o

ScanDependencies /Users/nataliewhipps/Library/Developer/Xcode/DerivedData/Prompt28-cgmmkisguitsyibyvnemfqvywbnv/Build/Intermediates.noindex/AppCheck.build/Debug-iphonesimulator/AppCheckCore.build/Objects-normal/x86_64/GACAppCheckTimer.o /Users/nataliewhipps/Library/Developer/Xcode/DerivedData/Prompt28-cgmmkisguitsyibyvnemfqvywbnv/SourcePackages/checkouts/app-check/AppCheckCore/Sources/Core/TokenRefresh/GACAppCheckTimer.m normal x86_64 objective-c com.apple.compilers.llvm.clang.1_0.compiler (in target 'AppCheckCore' from project 'AppCheck')
    cd /Users/nataliewhipps/Desktop/Prompt28/Prompt28.xcodeproj
    
    Using response file: /Users/nataliewhipps/Library/Developer/Xcode/DerivedData/Prompt28-cgmmkisguitsyibyvnemfqvywbnv/Build/Intermediates.noindex/AppCheck.build/Debug-iphonesimulator/AppCheckCore.build/Objects-normal/x86_64/e6072d4f65d7061329687fe24e3d63a7-common-args.resp
    
    builtin-ScanDependencies -o /Users/nataliewhipps/Library/Developer/Xcode/DerivedData/Prompt28-cgmmkisguitsyibyvnemfqvywbnv/Build/Intermediates.noindex/AppCheck.build/Debug-iphonesimulator/AppCheckCore.build/Objects-normal/x86_64/GACAppCheckTimer.o.scan -- /Applications/Xcode.app/Contents/Developer/Toolchains/XcodeDefault.xctoolchain/usr/bin/clang -x objective-c -ivfsstatcache /Users/nataliewhipps/Library/Developer/Xcode/DerivedData/SDKStatCaches.noindex/iphonesimulator26.2-23C57-7d00a8b37fbd7999ea79df8ebc024bf0.sdkstatcache -fmessage-length\=0 -fdiagnostics-show-note-include-stack -fmacro-backtrace-limit\=0 -fno-color-diagnostics -fmodules-prune-interval\=86400 -fmodules-prune-after\=345600 -fbuild-session-file\=/Users/nataliewhipps/Library/Developer/Xcode/DerivedData/ModuleCache.noindex/Session.modulevalidation -fmodules-validate-once-per-build-session -Wnon-modular-include-in-framework-module -Werror\=non-modular-include-in-framework-module -Wno-trigraphs -Wno-missing-field-initializers -Wno-missing-prototypes -Wno-return-type -Wno-implicit-atomic-properties -Wno-objc-interface-ivars -Wno-arc-repeated-use-of-weak -Wno-missing-braces -Wparentheses -Wswitch -Wno-unused-function -Wno-unused-label -Wno-unused-parameter -Wno-unused-variable -Wunused-value -Wno-empty-body -Wno-uninitialized -Wno-unknown-pragmas -w -Wno-shadow -Wno-four-char-constants -Wno-conversion -Wno-constant-conversion -Wno-int-conversion -Wno-bool-conversion -Wno-enum-conversion -Wno-float-conversion -Wno-non-literal-null-conversion -Wno-objc-literal-conversion -Wshorten-64-to-32 -Wpointer-sign -Wno-newline-eof -Wno-selector -Wno-strict-selector-match -Wno-undeclared-selector -Wno-deprecated-implementations -Wno-implicit-fallthrough -fstrict-aliasing -Wprotocol -Wdeprecated-declarations -Wno-sign-conversion -Wno-infinite-recursion -Wno-comma -Wno-block-capture-autoreleasing -Wno-strict-prototypes -Wno-semicolon-before-method-body -index-store-path /Users/nataliewhipps/Library/Developer/Xcode/DerivedData/Prompt28-cgmmkisguitsyibyvnemfqvywbnv/Index.noindex/DataStore @/Users/nataliewhipps/Library/Developer/Xcode/DerivedData/Prompt28-cgmmkisguitsyibyvnemfqvywbnv/Build/Intermediates.noindex/AppCheck.build/Debug-iphonesimulator/AppCheckCore.build/Objects-normal/x86_64/e6072d4f65d7061329687fe24e3d63a7-common-args.resp -MMD -MT dependencies -MF /Users/nataliewhipps/Library/Developer/Xcode/DerivedData/Prompt28-cgmmkisguitsyibyvnemfqvywbnv/Build/Intermediates.noindex/AppCheck.build/Debug-iphonesimulator/AppCheckCore.build/Objects-normal/x86_64/GACAppCheckTimer.d --serialize-diagnostics /Users/nataliewhipps/Library/Developer/Xcode/DerivedData/Prompt28-cgmmkisguitsyibyvnemfqvywbnv/Build/Intermediates.noindex/AppCheck.build/Debug-iphonesimulator/AppCheckCore.build/Objects-normal/x86_64/GACAppCheckTimer.dia -c /Users/nataliewhipps/Library/Developer/Xcode/DerivedData/Prompt28-cgmmkisguitsyibyvnemfqvywbnv/SourcePackages/checkouts/app-check/AppCheckCore/Sources/Core/TokenRefresh/GACAppCheckTimer.m -o /Users/nataliewhipps/Library/Developer/Xcode/DerivedData/Prompt28-cgmmkisguitsyibyvnemfqvywbnv/Build/Intermediates.noindex/AppCheck.build/Debug-iphonesimulator/AppCheckCore.build/Objects-normal/x86_64/GACAppCheckTimer.o -index-unit-output-path /AppCheck.build/Debug-iphonesimulator/AppCheckCore.build/Objects-normal/x86_64/GACAppCheckTimer.o

ScanDependencies /Users/nataliewhipps/Library/Developer/Xcode/DerivedData/Prompt28-cgmmkisguitsyibyvnemfqvywbnv/Build/Intermediates.noindex/AppCheck.build/Debug-iphonesimulator/AppCheckCore.build/Objects-normal/x86_64/GACAppCheckStoredToken.o /Users/nataliewhipps/Library/Developer/Xcode/DerivedData/Prompt28-cgmmkisguitsyibyvnemfqvywbnv/SourcePackages/checkouts/app-check/AppCheckCore/Sources/Core/Storage/GACAppCheckStoredToken.m normal x86_64 objective-c com.apple.compilers.llvm.clang.1_0.compiler (in target 'AppCheckCore' from project 'AppCheck')
    cd /Users/nataliewhipps/Desktop/Prompt28/Prompt28.xcodeproj
    
    Using response file: /Users/nataliewhipps/Library/Developer/Xcode/DerivedData/Prompt28-cgmmkisguitsyibyvnemfqvywbnv/Build/Intermediates.noindex/AppCheck.build/Debug-iphonesimulator/AppCheckCore.build/Objects-normal/x86_64/e6072d4f65d7061329687fe24e3d63a7-common-args.resp
    
    builtin-ScanDependencies -o /Users/nataliewhipps/Library/Developer/Xcode/DerivedData/Prompt28-cgmmkisguitsyibyvnemfqvywbnv/Build/Intermediates.noindex/AppCheck.build/Debug-iphonesimulator/AppCheckCore.build/Objects-normal/x86_64/GACAppCheckStoredToken.o.scan -- /Applications/Xcode.app/Contents/Developer/Toolchains/XcodeDefault.xctoolchain/usr/bin/clang -x objective-c -ivfsstatcache /Users/nataliewhipps/Library/Developer/Xcode/DerivedData/SDKStatCaches.noindex/iphonesimulator26.2-23C57-7d00a8b37fbd7999ea79df8ebc024bf0.sdkstatcache -fmessage-length\=0 -fdiagnostics-show-note-include-stack -fmacro-backtrace-limit\=0 -fno-color-diagnostics -fmodules-prune-interval\=86400 -fmodules-prune-after\=345600 -fbuild-session-file\=/Users/nataliewhipps/Library/Developer/Xcode/DerivedData/ModuleCache.noindex/Session.modulevalidation -fmodules-validate-once-per-build-session -Wnon-modular-include-in-framework-module -Werror\=non-modular-include-in-framework-module -Wno-trigraphs -Wno-missing-field-initializers -Wno-missing-prototypes -Wno-return-type -Wno-implicit-atomic-properties -Wno-objc-interface-ivars -Wno-arc-repeated-use-of-weak -Wno-missing-braces -Wparentheses -Wswitch -Wno-unused-function -Wno-unused-label -Wno-unused-parameter -Wno-unused-variable -Wunused-value -Wno-empty-body -Wno-uninitialized -Wno-unknown-pragmas -w -Wno-shadow -Wno-four-char-constants -Wno-conversion -Wno-constant-conversion -Wno-int-conversion -Wno-bool-conversion -Wno-enum-conversion -Wno-float-conversion -Wno-non-literal-null-conversion -Wno-objc-literal-conversion -Wshorten-64-to-32 -Wpointer-sign -Wno-newline-eof -Wno-selector -Wno-strict-selector-match -Wno-undeclared-selector -Wno-deprecated-implementations -Wno-implicit-fallthrough -fstrict-aliasing -Wprotocol -Wdeprecated-declarations -Wno-sign-conversion -Wno-infinite-recursion -Wno-comma -Wno-block-capture-autoreleasing -Wno-strict-prototypes -Wno-semicolon-before-method-body -index-store-path /Users/nataliewhipps/Library/Developer/Xcode/DerivedData/Prompt28-cgmmkisguitsyibyvnemfqvywbnv/Index.noindex/DataStore @/Users/nataliewhipps/Library/Developer/Xcode/DerivedData/Prompt28-cgmmkisguitsyibyvnemfqvywbnv/Build/Intermediates.noindex/AppCheck.build/Debug-iphonesimulator/AppCheckCore.build/Objects-normal/x86_64/e6072d4f65d7061329687fe24e3d63a7-common-args.resp -MMD -MT dependencies -MF /Users/nataliewhipps/Library/Developer/Xcode/DerivedData/Prompt28-cgmmkisguitsyibyvnemfqvywbnv/Build/Intermediates.noindex/AppCheck.build/Debug-iphonesimulator/AppCheckCore.build/Objects-normal/x86_64/GACAppCheckStoredToken.d --serialize-diagnostics /Users/nataliewhipps/Library/Developer/Xcode/DerivedData/Prompt28-cgmmkisguitsyibyvnemfqvywbnv/Build/Intermediates.noindex/AppCheck.build/Debug-iphonesimulator/AppCheckCore.build/Objects-normal/x86_64/GACAppCheckStoredToken.dia -c /Users/nataliewhipps/Library/Developer/Xcode/DerivedData/Prompt28-cgmmkisguitsyibyvnemfqvywbnv/SourcePackages/checkouts/app-check/AppCheckCore/Sources/Core/Storage/GACAppCheckStoredToken.m -o /Users/nataliewhipps/Library/Developer/Xcode/DerivedData/Prompt28-cgmmkisguitsyibyvnemfqvywbnv/Build/Intermediates.noindex/AppCheck.build/Debug-iphonesimulator/AppCheckCore.build/Objects-normal/x86_64/GACAppCheckStoredToken.o -index-unit-output-path /AppCheck.build/Debug-iphonesimulator/AppCheckCore.build/Objects-normal/x86_64/GACAppCheckStoredToken.o

ScanDependencies /Users/nataliewhipps/Library/Developer/Xcode/DerivedData/Prompt28-cgmmkisguitsyibyvnemfqvywbnv/Build/Intermediates.noindex/AppCheck.build/Debug-iphonesimulator/AppCheckCore.build/Objects-normal/x86_64/GACAppCheckStoredToken+GACAppCheckToken.o /Users/nataliewhipps/Library/Developer/Xcode/DerivedData/Prompt28-cgmmkisguitsyibyvnemfqvywbnv/SourcePackages/checkouts/app-check/AppCheckCore/Sources/Core/Storage/GACAppCheckStoredToken+GACAppCheckToken.m normal x86_64 objective-c com.apple.compilers.llvm.clang.1_0.compiler (in target 'AppCheckCore' from project 'AppCheck')
    cd /Users/nataliewhipps/Desktop/Prompt28/Prompt28.xcodeproj
    
    Using response file: /Users/nataliewhipps/Library/Developer/Xcode/DerivedData/Prompt28-cgmmkisguitsyibyvnemfqvywbnv/Build/Intermediates.noindex/AppCheck.build/Debug-iphonesimulator/AppCheckCore.build/Objects-normal/x86_64/e6072d4f65d7061329687fe24e3d63a7-common-args.resp
    
    builtin-ScanDependencies -o /Users/nataliewhipps/Library/Developer/Xcode/DerivedData/Prompt28-cgmmkisguitsyibyvnemfqvywbnv/Build/Intermediates.noindex/AppCheck.build/Debug-iphonesimulator/AppCheckCore.build/Objects-normal/x86_64/GACAppCheckStoredToken+GACAppCheckToken.o.scan -- /Applications/Xcode.app/Contents/Developer/Toolchains/XcodeDefault.xctoolchain/usr/bin/clang -x objective-c -ivfsstatcache /Users/nataliewhipps/Library/Developer/Xcode/DerivedData/SDKStatCaches.noindex/iphonesimulator26.2-23C57-7d00a8b37fbd7999ea79df8ebc024bf0.sdkstatcache -fmessage-length\=0 -fdiagnostics-show-note-include-stack -fmacro-backtrace-limit\=0 -fno-color-diagnostics -fmodules-prune-interval\=86400 -fmodules-prune-after\=345600 -fbuild-session-file\=/Users/nataliewhipps/Library/Developer/Xcode/DerivedData/ModuleCache.noindex/Session.modulevalidation -fmodules-validate-once-per-build-session -Wnon-modular-include-in-framework-module -Werror\=non-modular-include-in-framework-module -Wno-trigraphs -Wno-missing-field-initializers -Wno-missing-prototypes -Wno-return-type -Wno-implicit-atomic-properties -Wno-objc-interface-ivars -Wno-arc-repeated-use-of-weak -Wno-missing-braces -Wparentheses -Wswitch -Wno-unused-function -Wno-unused-label -Wno-unused-parameter -Wno-unused-variable -Wunused-value -Wno-empty-body -Wno-uninitialized -Wno-unknown-pragmas -w -Wno-shadow -Wno-four-char-constants -Wno-conversion -Wno-constant-conversion -Wno-int-conversion -Wno-bool-conversion -Wno-enum-conversion -Wno-float-conversion -Wno-non-literal-null-conversion -Wno-objc-literal-conversion -Wshorten-64-to-32 -Wpointer-sign -Wno-newline-eof -Wno-selector -Wno-strict-selector-match -Wno-undeclared-selector -Wno-deprecated-implementations -Wno-implicit-fallthrough -fstrict-aliasing -Wprotocol -Wdeprecated-declarations -Wno-sign-conversion -Wno-infinite-recursion -Wno-comma -Wno-block-capture-autoreleasing -Wno-strict-prototypes -Wno-semicolon-before-method-body -index-store-path /Users/nataliewhipps/Library/Developer/Xcode/DerivedData/Prompt28-cgmmkisguitsyibyvnemfqvywbnv/Index.noindex/DataStore @/Users/nataliewhipps/Library/Developer/Xcode/DerivedData/Prompt28-cgmmkisguitsyibyvnemfqvywbnv/Build/Intermediates.noindex/AppCheck.build/Debug-iphonesimulator/AppCheckCore.build/Objects-normal/x86_64/e6072d4f65d7061329687fe24e3d63a7-common-args.resp -MMD -MT dependencies -MF /Users/nataliewhipps/Library/Developer/Xcode/DerivedData/Prompt28-cgmmkisguitsyibyvnemfqvywbnv/Build/Intermediates.noindex/AppCheck.build/Debug-iphonesimulator/AppCheckCore.build/Objects-normal/x86_64/GACAppCheckStoredToken+GACAppCheckToken.d --serialize-diagnostics /Users/nataliewhipps/Library/Developer/Xcode/DerivedData/Prompt28-cgmmkisguitsyibyvnemfqvywbnv/Build/Intermediates.noindex/AppCheck.build/Debug-iphonesimulator/AppCheckCore.build/Objects-normal/x86_64/GACAppCheckStoredToken+GACAppCheckToken.dia -c /Users/nataliewhipps/Library/Developer/Xcode/DerivedData/Prompt28-cgmmkisguitsyibyvnemfqvywbnv/SourcePackages/checkouts/app-check/AppCheckCore/Sources/Core/Storage/GACAppCheckStoredToken+GACAppCheckToken.m -o /Users/nataliewhipps/Library/Developer/Xcode/DerivedData/Prompt28-cgmmkisguitsyibyvnemfqvywbnv/Build/Intermediates.noindex/AppCheck.build/Debug-iphonesimulator/AppCheckCore.build/Objects-normal/x86_64/GACAppCheckStoredToken+GACAppCheckToken.o -index-unit-output-path /AppCheck.build/Debug-iphonesimulator/AppCheckCore.build/Objects-normal/x86_64/GACAppCheckStoredToken+GACAppCheckToken.o

ScanDependencies /Users/nataliewhipps/Library/Developer/Xcode/DerivedData/Prompt28-cgmmkisguitsyibyvnemfqvywbnv/Build/Intermediates.noindex/AppCheck.build/Debug-iphonesimulator/AppCheckCore.build/Objects-normal/x86_64/GACAppCheckStorage.o /Users/nataliewhipps/Library/Developer/Xcode/DerivedData/Prompt28-cgmmkisguitsyibyvnemfqvywbnv/SourcePackages/checkouts/app-check/AppCheckCore/Sources/Core/Storage/GACAppCheckStorage.m normal x86_64 objective-c com.apple.compilers.llvm.clang.1_0.compiler (in target 'AppCheckCore' from project 'AppCheck')
    cd /Users/nataliewhipps/Desktop/Prompt28/Prompt28.xcodeproj
    
    Using response file: /Users/nataliewhipps/Library/Developer/Xcode/DerivedData/Prompt28-cgmmkisguitsyibyvnemfqvywbnv/Build/Intermediates.noindex/AppCheck.build/Debug-iphonesimulator/AppCheckCore.build/Objects-normal/x86_64/e6072d4f65d7061329687fe24e3d63a7-common-args.resp
    
    builtin-ScanDependencies -o /Users/nataliewhipps/Library/Developer/Xcode/DerivedData/Prompt28-cgmmkisguitsyibyvnemfqvywbnv/Build/Intermediates.noindex/AppCheck.build/Debug-iphonesimulator/AppCheckCore.build/Objects-normal/x86_64/GACAppCheckStorage.o.scan -- /Applications/Xcode.app/Contents/Developer/Toolchains/XcodeDefault.xctoolchain/usr/bin/clang -x objective-c -ivfsstatcache /Users/nataliewhipps/Library/Developer/Xcode/DerivedData/SDKStatCaches.noindex/iphonesimulator26.2-23C57-7d00a8b37fbd7999ea79df8ebc024bf0.sdkstatcache -fmessage-length\=0 -fdiagnostics-show-note-include-stack -fmacro-backtrace-limit\=0 -fno-color-diagnostics -fmodules-prune-interval\=86400 -fmodules-prune-after\=345600 -fbuild-session-file\=/Users/nataliewhipps/Library/Developer/Xcode/DerivedData/ModuleCache.noindex/Session.modulevalidation -fmodules-validate-once-per-build-session -Wnon-modular-include-in-framework-module -Werror\=non-modular-include-in-framework-module -Wno-trigraphs -Wno-missing-field-initializers -Wno-missing-prototypes -Wno-return-type -Wno-implicit-atomic-properties -Wno-objc-interface-ivars -Wno-arc-repeated-use-of-weak -Wno-missing-braces -Wparentheses -Wswitch -Wno-unused-function -Wno-unused-label -Wno-unused-parameter -Wno-unused-variable -Wunused-value -Wno-empty-body -Wno-uninitialized -Wno-unknown-pragmas -w -Wno-shadow -Wno-four-char-constants -Wno-conversion -Wno-constant-conversion -Wno-int-conversion -Wno-bool-conversion -Wno-enum-conversion -Wno-float-conversion -Wno-non-literal-null-conversion -Wno-objc-literal-conversion -Wshorten-64-to-32 -Wpointer-sign -Wno-newline-eof -Wno-selector -Wno-strict-selector-match -Wno-undeclared-selector -Wno-deprecated-implementations -Wno-implicit-fallthrough -fstrict-aliasing -Wprotocol -Wdeprecated-declarations -Wno-sign-conversion -Wno-infinite-recursion -Wno-comma -Wno-block-capture-autoreleasing -Wno-strict-prototypes -Wno-semicolon-before-method-body -index-store-path /Users/nataliewhipps/Library/Developer/Xcode/DerivedData/Prompt28-cgmmkisguitsyibyvnemfqvywbnv/Index.noindex/DataStore @/Users/nataliewhipps/Library/Developer/Xcode/DerivedData/Prompt28-cgmmkisguitsyibyvnemfqvywbnv/Build/Intermediates.noindex/AppCheck.build/Debug-iphonesimulator/AppCheckCore.build/Objects-normal/x86_64/e6072d4f65d7061329687fe24e3d63a7-common-args.resp -MMD -MT dependencies -MF /Users/nataliewhipps/Library/Developer/Xcode/DerivedData/Prompt28-cgmmkisguitsyibyvnemfqvywbnv/Build/Intermediates.noindex/AppCheck.build/Debug-iphonesimulator/AppCheckCore.build/Objects-normal/x86_64/GACAppCheckStorage.d --serialize-diagnostics /Users/nataliewhipps/Library/Developer/Xcode/DerivedData/Prompt28-cgmmkisguitsyibyvnemfqvywbnv/Build/Intermediates.noindex/AppCheck.build/Debug-iphonesimulator/AppCheckCore.build/Objects-normal/x86_64/GACAppCheckStorage.dia -c /Users/nataliewhipps/Library/Developer/Xcode/DerivedData/Prompt28-cgmmkisguitsyibyvnemfqvywbnv/SourcePackages/checkouts/app-check/AppCheckCore/Sources/Core/Storage/GACAppCheckStorage.m -o /Users/nataliewhipps/Library/Developer/Xcode/DerivedData/Prompt28-cgmmkisguitsyibyvnemfqvywbnv/Build/Intermediates.noindex/AppCheck.build/Debug-iphonesimulator/AppCheckCore.build/Objects-normal/x86_64/GACAppCheckStorage.o -index-unit-output-path /AppCheck.build/Debug-iphonesimulator/AppCheckCore.build/Objects-normal/x86_64/GACAppCheckStorage.o

ScanDependencies /Users/nataliewhipps/Library/Developer/Xcode/DerivedData/Prompt28-cgmmkisguitsyibyvnemfqvywbnv/Build/Intermediates.noindex/AppCheck.build/Debug-iphonesimulator/AppCheckCore.build/Objects-normal/x86_64/GACAppCheckSettings.o /Users/nataliewhipps/Library/Developer/Xcode/DerivedData/Prompt28-cgmmkisguitsyibyvnemfqvywbnv/SourcePackages/checkouts/app-check/AppCheckCore/Sources/Core/GACAppCheckSettings.m normal x86_64 objective-c com.apple.compilers.llvm.clang.1_0.compiler (in target 'AppCheckCore' from project 'AppCheck')
    cd /Users/nataliewhipps/Desktop/Prompt28/Prompt28.xcodeproj
    
    Using response file: /Users/nataliewhipps/Library/Developer/Xcode/DerivedData/Prompt28-cgmmkisguitsyibyvnemfqvywbnv/Build/Intermediates.noindex/AppCheck.build/Debug-iphonesimulator/AppCheckCore.build/Objects-normal/x86_64/e6072d4f65d7061329687fe24e3d63a7-common-args.resp
    
    builtin-ScanDependencies -o /Users/nataliewhipps/Library/Developer/Xcode/DerivedData/Prompt28-cgmmkisguitsyibyvnemfqvywbnv/Build/Intermediates.noindex/AppCheck.build/Debug-iphonesimulator/AppCheckCore.build/Objects-normal/x86_64/GACAppCheckSettings.o.scan -- /Applications/Xcode.app/Contents/Developer/Toolchains/XcodeDefault.xctoolchain/usr/bin/clang -x objective-c -ivfsstatcache /Users/nataliewhipps/Library/Developer/Xcode/DerivedData/SDKStatCaches.noindex/iphonesimulator26.2-23C57-7d00a8b37fbd7999ea79df8ebc024bf0.sdkstatcache -fmessage-length\=0 -fdiagnostics-show-note-include-stack -fmacro-backtrace-limit\=0 -fno-color-diagnostics -fmodules-prune-interval\=86400 -fmodules-prune-after\=345600 -fbuild-session-file\=/Users/nataliewhipps/Library/Developer/Xcode/DerivedData/ModuleCache.noindex/Session.modulevalidation -fmodules-validate-once-per-build-session -Wnon-modular-include-in-framework-module -Werror\=non-modular-include-in-framework-module -Wno-trigraphs -Wno-missing-field-initializers -Wno-missing-prototypes -Wno-return-type -Wno-implicit-atomic-properties -Wno-objc-interface-ivars -Wno-arc-repeated-use-of-weak -Wno-missing-braces -Wparentheses -Wswitch -Wno-unused-function -Wno-unused-label -Wno-unused-parameter -Wno-unused-variable -Wunused-value -Wno-empty-body -Wno-uninitialized -Wno-unknown-pragmas -w -Wno-shadow -Wno-four-char-constants -Wno-conversion -Wno-constant-conversion -Wno-int-conversion -Wno-bool-conversion -Wno-enum-conversion -Wno-float-conversion -Wno-non-literal-null-conversion -Wno-objc-literal-conversion -Wshorten-64-to-32 -Wpointer-sign -Wno-newline-eof -Wno-selector -Wno-strict-selector-match -Wno-undeclared-selector -Wno-deprecated-implementations -Wno-implicit-fallthrough -fstrict-aliasing -Wprotocol -Wdeprecated-declarations -Wno-sign-conversion -Wno-infinite-recursion -Wno-comma -Wno-block-capture-autoreleasing -Wno-strict-prototypes -Wno-semicolon-before-method-body -index-store-path /Users/nataliewhipps/Library/Developer/Xcode/DerivedData/Prompt28-cgmmkisguitsyibyvnemfqvywbnv/Index.noindex/DataStore @/Users/nataliewhipps/Library/Developer/Xcode/DerivedData/Prompt28-cgmmkisguitsyibyvnemfqvywbnv/Build/Intermediates.noindex/AppCheck.build/Debug-iphonesimulator/AppCheckCore.build/Objects-normal/x86_64/e6072d4f65d7061329687fe24e3d63a7-common-args.resp -MMD -MT dependencies -MF /Users/nataliewhipps/Library/Developer/Xcode/DerivedData/Prompt28-cgmmkisguitsyibyvnemfqvywbnv/Build/Intermediates.noindex/AppCheck.build/Debug-iphonesimulator/AppCheckCore.build/Objects-normal/x86_64/GACAppCheckSettings.d --serialize-diagnostics /Users/nataliewhipps/Library/Developer/Xcode/DerivedData/Prompt28-cgmmkisguitsyibyvnemfqvywbnv/Build/Intermediates.noindex/AppCheck.build/Debug-iphonesimulator/AppCheckCore.build/Objects-normal/x86_64/GACAppCheckSettings.dia -c /Users/nataliewhipps/Library/Developer/Xcode/DerivedData/Prompt28-cgmmkisguitsyibyvnemfqvywbnv/SourcePackages/checkouts/app-check/AppCheckCore/Sources/Core/GACAppCheckSettings.m -o /Users/nataliewhipps/Library/Developer/Xcode/DerivedData/Prompt28-cgmmkisguitsyibyvnemfqvywbnv/Build/Intermediates.noindex/AppCheck.build/Debug-iphonesimulator/AppCheckCore.build/Objects-normal/x86_64/GACAppCheckSettings.o -index-unit-output-path /AppCheck.build/Debug-iphonesimulator/AppCheckCore.build/Objects-normal/x86_64/GACAppCheckSettings.o

ScanDependencies /Users/nataliewhipps/Library/Developer/Xcode/DerivedData/Prompt28-cgmmkisguitsyibyvnemfqvywbnv/Build/Intermediates.noindex/AppCheck.build/Debug-iphonesimulator/AppCheckCore.build/Objects-normal/x86_64/GACAppCheckLogger.o /Users/nataliewhipps/Library/Developer/Xcode/DerivedData/Prompt28-cgmmkisguitsyibyvnemfqvywbnv/SourcePackages/checkouts/app-check/AppCheckCore/Sources/Core/GACAppCheckLogger.m normal x86_64 objective-c com.apple.compilers.llvm.clang.1_0.compiler (in target 'AppCheckCore' from project 'AppCheck')
    cd /Users/nataliewhipps/Desktop/Prompt28/Prompt28.xcodeproj
    
    Using response file: /Users/nataliewhipps/Library/Developer/Xcode/DerivedData/Prompt28-cgmmkisguitsyibyvnemfqvywbnv/Build/Intermediates.noindex/AppCheck.build/Debug-iphonesimulator/AppCheckCore.build/Objects-normal/x86_64/e6072d4f65d7061329687fe24e3d63a7-common-args.resp
    
    builtin-ScanDependencies -o /Users/nataliewhipps/Library/Developer/Xcode/DerivedData/Prompt28-cgmmkisguitsyibyvnemfqvywbnv/Build/Intermediates.noindex/AppCheck.build/Debug-iphonesimulator/AppCheckCore.build/Objects-normal/x86_64/GACAppCheckLogger.o.scan -- /Applications/Xcode.app/Contents/Developer/Toolchains/XcodeDefault.xctoolchain/usr/bin/clang -x objective-c -ivfsstatcache /Users/nataliewhipps/Library/Developer/Xcode/DerivedData/SDKStatCaches.noindex/iphonesimulator26.2-23C57-7d00a8b37fbd7999ea79df8ebc024bf0.sdkstatcache -fmessage-length\=0 -fdiagnostics-show-note-include-stack -fmacro-backtrace-limit\=0 -fno-color-diagnostics -fmodules-prune-interval\=86400 -fmodules-prune-after\=345600 -fbuild-session-file\=/Users/nataliewhipps/Library/Developer/Xcode/DerivedData/ModuleCache.noindex/Session.modulevalidation -fmodules-validate-once-per-build-session -Wnon-modular-include-in-framework-module -Werror\=non-modular-include-in-framework-module -Wno-trigraphs -Wno-missing-field-initializers -Wno-missing-prototypes -Wno-return-type -Wno-implicit-atomic-properties -Wno-objc-interface-ivars -Wno-arc-repeated-use-of-weak -Wno-missing-braces -Wparentheses -Wswitch -Wno-unused-function -Wno-unused-label -Wno-unused-parameter -Wno-unused-variable -Wunused-value -Wno-empty-body -Wno-uninitialized -Wno-unknown-pragmas -w -Wno-shadow -Wno-four-char-constants -Wno-conversion -Wno-constant-conversion -Wno-int-conversion -Wno-bool-conversion -Wno-enum-conversion -Wno-float-conversion -Wno-non-literal-null-conversion -Wno-objc-literal-conversion -Wshorten-64-to-32 -Wpointer-sign -Wno-newline-eof -Wno-selector -Wno-strict-selector-match -Wno-undeclared-selector -Wno-deprecated-implementations -Wno-implicit-fallthrough -fstrict-aliasing -Wprotocol -Wdeprecated-declarations -Wno-sign-conversion -Wno-infinite-recursion -Wno-comma -Wno-block-capture-autoreleasing -Wno-strict-prototypes -Wno-semicolon-before-method-body -index-store-path /Users/nataliewhipps/Library/Developer/Xcode/DerivedData/Prompt28-cgmmkisguitsyibyvnemfqvywbnv/Index.noindex/DataStore @/Users/nataliewhipps/Library/Developer/Xcode/DerivedData/Prompt28-cgmmkisguitsyibyvnemfqvywbnv/Build/Intermediates.noindex/AppCheck.build/Debug-iphonesimulator/AppCheckCore.build/Objects-normal/x86_64/e6072d4f65d7061329687fe24e3d63a7-common-args.resp -MMD -MT dependencies -MF /Users/nataliewhipps/Library/Developer/Xcode/DerivedData/Prompt28-cgmmkisguitsyibyvnemfqvywbnv/Build/Intermediates.noindex/AppCheck.build/Debug-iphonesimulator/AppCheckCore.build/Objects-normal/x86_64/GACAppCheckLogger.d --serialize-diagnostics /Users/nataliewhipps/Library/Developer/Xcode/DerivedData/Prompt28-cgmmkisguitsyibyvnemfqvywbnv/Build/Intermediates.noindex/AppCheck.build/Debug-iphonesimulator/AppCheckCore.build/Objects-normal/x86_64/GACAppCheckLogger.dia -c /Users/nataliewhipps/Library/Developer/Xcode/DerivedData/Prompt28-cgmmkisguitsyibyvnemfqvywbnv/SourcePackages/checkouts/app-check/AppCheckCore/Sources/Core/GACAppCheckLogger.m -o /Users/nataliewhipps/Library/Developer/Xcode/DerivedData/Prompt28-cgmmkisguitsyibyvnemfqvywbnv/Build/Intermediates.noindex/AppCheck.build/Debug-iphonesimulator/AppCheckCore.build/Objects-normal/x86_64/GACAppCheckLogger.o -index-unit-output-path /AppCheck.build/Debug-iphonesimulator/AppCheckCore.build/Objects-normal/x86_64/GACAppCheckLogger.o

ScanDependencies /Users/nataliewhipps/Library/Developer/Xcode/DerivedData/Prompt28-cgmmkisguitsyibyvnemfqvywbnv/Build/Intermediates.noindex/AppCheck.build/Debug-iphonesimulator/AppCheckCore.build/Objects-normal/x86_64/GACAppCheckHTTPError.o /Users/nataliewhipps/Library/Developer/Xcode/DerivedData/Prompt28-cgmmkisguitsyibyvnemfqvywbnv/SourcePackages/checkouts/app-check/AppCheckCore/Sources/Core/Errors/GACAppCheckHTTPError.m normal x86_64 objective-c com.apple.compilers.llvm.clang.1_0.compiler (in target 'AppCheckCore' from project 'AppCheck')
    cd /Users/nataliewhipps/Desktop/Prompt28/Prompt28.xcodeproj
    
    Using response file: /Users/nataliewhipps/Library/Developer/Xcode/DerivedData/Prompt28-cgmmkisguitsyibyvnemfqvywbnv/Build/Intermediates.noindex/AppCheck.build/Debug-iphonesimulator/AppCheckCore.build/Objects-normal/x86_64/e6072d4f65d7061329687fe24e3d63a7-common-args.resp
    
    builtin-ScanDependencies -o /Users/nataliewhipps/Library/Developer/Xcode/DerivedData/Prompt28-cgmmkisguitsyibyvnemfqvywbnv/Build/Intermediates.noindex/AppCheck.build/Debug-iphonesimulator/AppCheckCore.build/Objects-normal/x86_64/GACAppCheckHTTPError.o.scan -- /Applications/Xcode.app/Contents/Developer/Toolchains/XcodeDefault.xctoolchain/usr/bin/clang -x objective-c -ivfsstatcache /Users/nataliewhipps/Library/Developer/Xcode/DerivedData/SDKStatCaches.noindex/iphonesimulator26.2-23C57-7d00a8b37fbd7999ea79df8ebc024bf0.sdkstatcache -fmessage-length\=0 -fdiagnostics-show-note-include-stack -fmacro-backtrace-limit\=0 -fno-color-diagnostics -fmodules-prune-interval\=86400 -fmodules-prune-after\=345600 -fbuild-session-file\=/Users/nataliewhipps/Library/Developer/Xcode/DerivedData/ModuleCache.noindex/Session.modulevalidation -fmodules-validate-once-per-build-session -Wnon-modular-include-in-framework-module -Werror\=non-modular-include-in-framework-module -Wno-trigraphs -Wno-missing-field-initializers -Wno-missing-prototypes -Wno-return-type -Wno-implicit-atomic-properties -Wno-objc-interface-ivars -Wno-arc-repeated-use-of-weak -Wno-missing-braces -Wparentheses -Wswitch -Wno-unused-function -Wno-unused-label -Wno-unused-parameter -Wno-unused-variable -Wunused-value -Wno-empty-body -Wno-uninitialized -Wno-unknown-pragmas -w -Wno-shadow -Wno-four-char-constants -Wno-conversion -Wno-constant-conversion -Wno-int-conversion -Wno-bool-conversion -Wno-enum-conversion -Wno-float-conversion -Wno-non-literal-null-conversion -Wno-objc-literal-conversion -Wshorten-64-to-32 -Wpointer-sign -Wno-newline-eof -Wno-selector -Wno-strict-selector-match -Wno-undeclared-selector -Wno-deprecated-implementations -Wno-implicit-fallthrough -fstrict-aliasing -Wprotocol -Wdeprecated-declarations -Wno-sign-conversion -Wno-infinite-recursion -Wno-comma -Wno-block-capture-autoreleasing -Wno-strict-prototypes -Wno-semicolon-before-method-body -index-store-path /Users/nataliewhipps/Library/Developer/Xcode/DerivedData/Prompt28-cgmmkisguitsyibyvnemfqvywbnv/Index.noindex/DataStore @/Users/nataliewhipps/Library/Developer/Xcode/DerivedData/Prompt28-cgmmkisguitsyibyvnemfqvywbnv/Build/Intermediates.noindex/AppCheck.build/Debug-iphonesimulator/AppCheckCore.build/Objects-normal/x86_64/e6072d4f65d7061329687fe24e3d63a7-common-args.resp -MMD -MT dependencies -MF /Users/nataliewhipps/Library/Developer/Xcode/DerivedData/Prompt28-cgmmkisguitsyibyvnemfqvywbnv/Build/Intermediates.noindex/AppCheck.build/Debug-iphonesimulator/AppCheckCore.build/Objects-normal/x86_64/GACAppCheckHTTPError.d --serialize-diagnostics /Users/nataliewhipps/Library/Developer/Xcode/DerivedData/Prompt28-cgmmkisguitsyibyvnemfqvywbnv/Build/Intermediates.noindex/AppCheck.build/Debug-iphonesimulator/AppCheckCore.build/Objects-normal/x86_64/GACAppCheckHTTPError.dia -c /Users/nataliewhipps/Library/Developer/Xcode/DerivedData/Prompt28-cgmmkisguitsyibyvnemfqvywbnv/SourcePackages/checkouts/app-check/AppCheckCore/Sources/Core/Errors/GACAppCheckHTTPError.m -o /Users/nataliewhipps/Library/Developer/Xcode/DerivedData/Prompt28-cgmmkisguitsyibyvnemfqvywbnv/Build/Intermediates.noindex/AppCheck.build/Debug-iphonesimulator/AppCheckCore.build/Objects-normal/x86_64/GACAppCheckHTTPError.o -index-unit-output-path /AppCheck.build/Debug-iphonesimulator/AppCheckCore.build/Objects-normal/x86_64/GACAppCheckHTTPError.o

ScanDependencies /Users/nataliewhipps/Library/Developer/Xcode/DerivedData/Prompt28-cgmmkisguitsyibyvnemfqvywbnv/Build/Intermediates.noindex/AppCheck.build/Debug-iphonesimulator/AppCheckCore.build/Objects-normal/x86_64/GACAppCheckErrors.o /Users/nataliewhipps/Library/Developer/Xcode/DerivedData/Prompt28-cgmmkisguitsyibyvnemfqvywbnv/SourcePackages/checkouts/app-check/AppCheckCore/Sources/Core/Errors/GACAppCheckErrors.m normal x86_64 objective-c com.apple.compilers.llvm.clang.1_0.compiler (in target 'AppCheckCore' from project 'AppCheck')
    cd /Users/nataliewhipps/Desktop/Prompt28/Prompt28.xcodeproj
    
    Using response file: /Users/nataliewhipps/Library/Developer/Xcode/DerivedData/Prompt28-cgmmkisguitsyibyvnemfqvywbnv/Build/Intermediates.noindex/AppCheck.build/Debug-iphonesimulator/AppCheckCore.build/Objects-normal/x86_64/e6072d4f65d7061329687fe24e3d63a7-common-args.resp
    
    builtin-ScanDependencies -o /Users/nataliewhipps/Library/Developer/Xcode/DerivedData/Prompt28-cgmmkisguitsyibyvnemfqvywbnv/Build/Intermediates.noindex/AppCheck.build/Debug-iphonesimulator/AppCheckCore.build/Objects-normal/x86_64/GACAppCheckErrors.o.scan -- /Applications/Xcode.app/Contents/Developer/Toolchains/XcodeDefault.xctoolchain/usr/bin/clang -x objective-c -ivfsstatcache /Users/nataliewhipps/Library/Developer/Xcode/DerivedData/SDKStatCaches.noindex/iphonesimulator26.2-23C57-7d00a8b37fbd7999ea79df8ebc024bf0.sdkstatcache -fmessage-length\=0 -fdiagnostics-show-note-include-stack -fmacro-backtrace-limit\=0 -fno-color-diagnostics -fmodules-prune-interval\=86400 -fmodules-prune-after\=345600 -fbuild-session-file\=/Users/nataliewhipps/Library/Developer/Xcode/DerivedData/ModuleCache.noindex/Session.modulevalidation -fmodules-validate-once-per-build-session -Wnon-modular-include-in-framework-module -Werror\=non-modular-include-in-framework-module -Wno-trigraphs -Wno-missing-field-initializers -Wno-missing-prototypes -Wno-return-type -Wno-implicit-atomic-properties -Wno-objc-interface-ivars -Wno-arc-repeated-use-of-weak -Wno-missing-braces -Wparentheses -Wswitch -Wno-unused-function -Wno-unused-label -Wno-unused-parameter -Wno-unused-variable -Wunused-value -Wno-empty-body -Wno-uninitialized -Wno-unknown-pragmas -w -Wno-shadow -Wno-four-char-constants -Wno-conversion -Wno-constant-conversion -Wno-int-conversion -Wno-bool-conversion -Wno-enum-conversion -Wno-float-conversion -Wno-non-literal-null-conversion -Wno-objc-literal-conversion -Wshorten-64-to-32 -Wpointer-sign -Wno-newline-eof -Wno-selector -Wno-strict-selector-match -Wno-undeclared-selector -Wno-deprecated-implementations -Wno-implicit-fallthrough -fstrict-aliasing -Wprotocol -Wdeprecated-declarations -Wno-sign-conversion -Wno-infinite-recursion -Wno-comma -Wno-block-capture-autoreleasing -Wno-strict-prototypes -Wno-semicolon-before-method-body -index-store-path /Users/nataliewhipps/Library/Developer/Xcode/DerivedData/Prompt28-cgmmkisguitsyibyvnemfqvywbnv/Index.noindex/DataStore @/Users/nataliewhipps/Library/Developer/Xcode/DerivedData/Prompt28-cgmmkisguitsyibyvnemfqvywbnv/Build/Intermediates.noindex/AppCheck.build/Debug-iphonesimulator/AppCheckCore.build/Objects-normal/x86_64/e6072d4f65d7061329687fe24e3d63a7-common-args.resp -MMD -MT dependencies -MF /Users/nataliewhipps/Library/Developer/Xcode/DerivedData/Prompt28-cgmmkisguitsyibyvnemfqvywbnv/Build/Intermediates.noindex/AppCheck.build/Debug-iphonesimulator/AppCheckCore.build/Objects-normal/x86_64/GACAppCheckErrors.d --serialize-diagnostics /Users/nataliewhipps/Library/Developer/Xcode/DerivedData/Prompt28-cgmmkisguitsyibyvnemfqvywbnv/Build/Intermediates.noindex/AppCheck.build/Debug-iphonesimulator/AppCheckCore.build/Objects-normal/x86_64/GACAppCheckErrors.dia -c /Users/nataliewhipps/Library/Developer/Xcode/DerivedData/Prompt28-cgmmkisguitsyibyvnemfqvywbnv/SourcePackages/checkouts/app-check/AppCheckCore/Sources/Core/Errors/GACAppCheckErrors.m -o /Users/nataliewhipps/Library/Developer/Xcode/DerivedData/Prompt28-cgmmkisguitsyibyvnemfqvywbnv/Build/Intermediates.noindex/AppCheck.build/Debug-iphonesimulator/AppCheckCore.build/Objects-normal/x86_64/GACAppCheckErrors.o -index-unit-output-path /AppCheck.build/Debug-iphonesimulator/AppCheckCore.build/Objects-normal/x86_64/GACAppCheckErrors.o

SwiftExplicitDependencyGeneratePcm x86_64 /Users/nataliewhipps/Library/Developer/Xcode/DerivedData/ModuleCache.noindex/_Builtin_stdarg-XCGJERCIAKI62JLVRBNLRO3G.pcm

SwiftExplicitDependencyGeneratePcm x86_64 /Users/nataliewhipps/Library/Developer/Xcode/DerivedData/ModuleCache.noindex/_SwiftConcurrencyShims-AYJM3THQ1IUNXDPSI4MAQQGCG.pcm

SwiftExplicitDependencyGeneratePcm x86_64 /Users/nataliewhipps/Library/Developer/Xcode/DerivedData/ModuleCache.noindex/_Builtin_float-4C3B16XRH2AOA2HCKS3YIYSIO.pcm

SwiftExplicitDependencyGeneratePcm x86_64 /Users/nataliewhipps/Library/Developer/Xcode/DerivedData/ModuleCache.noindex/SwiftShims-AWMKDJRFKDKNTTPP6HR3PPREJ.pcm

SwiftExplicitDependencyGeneratePcm x86_64 /Users/nataliewhipps/Library/Developer/Xcode/DerivedData/ModuleCache.noindex/DeveloperToolsSupport-ETAJQL2AM0Y4JQLU1YM25VQHE.pcm

SwiftExplicitDependencyGeneratePcm x86_64 /Users/nataliewhipps/Library/Developer/Xcode/DerivedData/ModuleCache.noindex/ptrcheck-52LN7BS5MHAS5BOBBFM5X606U.pcm

SwiftExplicitDependencyGeneratePcm x86_64 /Users/nataliewhipps/Library/Developer/Xcode/DerivedData/ModuleCache.noindex/_Builtin_stddef-8AZYEZ3IKLL5VIMIMMZ791T91.pcm

SwiftExplicitDependencyGeneratePcm x86_64 /Users/nataliewhipps/Library/Developer/Xcode/DerivedData/ModuleCache.noindex/ptrauth-9FE22K7RU1A83E3PPKQ96DCLE.pcm

SwiftExplicitDependencyGeneratePcm x86_64 /Users/nataliewhipps/Library/Developer/Xcode/DerivedData/ModuleCache.noindex/_Builtin_stdbool-B3JLQQKW0FIEWE1LR681KTKQ2.pcm

SwiftExplicitDependencyGeneratePcm x86_64 /Users/nataliewhipps/Library/Developer/Xcode/DerivedData/ModuleCache.noindex/_AvailabilityInternal-DFAALCX7PWEZREYNKY9LO4C6N.pcm

PrecompileModule /Users/nataliewhipps/Library/Developer/Xcode/DerivedData/Prompt28-cgmmkisguitsyibyvnemfqvywbnv/Build/Intermediates.noindex/ExplicitPrecompiledModules/_Builtin_inttypes-98TFMJM01N2GI8JEYZWHPQIKL.scan
    cd /
    builtin-precompileModule /Users/nataliewhipps/Library/Developer/Xcode/DerivedData/Prompt28-cgmmkisguitsyibyvnemfqvywbnv/Build/Intermediates.noindex/ExplicitPrecompiledModules/_Builtin_inttypes-98TFMJM01N2GI8JEYZWHPQIKL.scan

PrecompileModule /Users/nataliewhipps/Library/Developer/Xcode/DerivedData/Prompt28-cgmmkisguitsyibyvnemfqvywbnv/Build/Intermediates.noindex/ExplicitPrecompiledModules/_Builtin_inttypes-17ZTB10YBJSQRGHVWAED00YGX.scan
    cd /
    builtin-precompileModule /Users/nataliewhipps/Library/Developer/Xcode/DerivedData/Prompt28-cgmmkisguitsyibyvnemfqvywbnv/Build/Intermediates.noindex/ExplicitPrecompiledModules/_Builtin_inttypes-17ZTB10YBJSQRGHVWAED00YGX.scan

ScanDependencies /Users/nataliewhipps/Library/Developer/Xcode/DerivedData/Prompt28-cgmmkisguitsyibyvnemfqvywbnv/Build/Intermediates.noindex/AppCheck.build/Debug-iphonesimulator/AppCheckCore.build/Objects-normal/x86_64/GACAppCheckErrorUtil.o /Users/nataliewhipps/Library/Developer/Xcode/DerivedData/Prompt28-cgmmkisguitsyibyvnemfqvywbnv/SourcePackages/checkouts/app-check/AppCheckCore/Sources/Core/Errors/GACAppCheckErrorUtil.m normal x86_64 objective-c com.apple.compilers.llvm.clang.1_0.compiler (in target 'AppCheckCore' from project 'AppCheck')
    cd /Users/nataliewhipps/Desktop/Prompt28/Prompt28.xcodeproj
    
    Using response file: /Users/nataliewhipps/Library/Developer/Xcode/DerivedData/Prompt28-cgmmkisguitsyibyvnemfqvywbnv/Build/Intermediates.noindex/AppCheck.build/Debug-iphonesimulator/AppCheckCore.build/Objects-normal/x86_64/e6072d4f65d7061329687fe24e3d63a7-common-args.resp
    
    builtin-ScanDependencies -o /Users/nataliewhipps/Library/Developer/Xcode/DerivedData/Prompt28-cgmmkisguitsyibyvnemfqvywbnv/Build/Intermediates.noindex/AppCheck.build/Debug-iphonesimulator/AppCheckCore.build/Objects-normal/x86_64/GACAppCheckErrorUtil.o.scan -- /Applications/Xcode.app/Contents/Developer/Toolchains/XcodeDefault.xctoolchain/usr/bin/clang -x objective-c -ivfsstatcache /Users/nataliewhipps/Library/Developer/Xcode/DerivedData/SDKStatCaches.noindex/iphonesimulator26.2-23C57-7d00a8b37fbd7999ea79df8ebc024bf0.sdkstatcache -fmessage-length\=0 -fdiagnostics-show-note-include-stack -fmacro-backtrace-limit\=0 -fno-color-diagnostics -fmodules-prune-interval\=86400 -fmodules-prune-after\=345600 -fbuild-session-file\=/Users/nataliewhipps/Library/Developer/Xcode/DerivedData/ModuleCache.noindex/Session.modulevalidation -fmodules-validate-once-per-build-session -Wnon-modular-include-in-framework-module -Werror\=non-modular-include-in-framework-module -Wno-trigraphs -Wno-missing-field-initializers -Wno-missing-prototypes -Wno-return-type -Wno-implicit-atomic-properties -Wno-objc-interface-ivars -Wno-arc-repeated-use-of-weak -Wno-missing-braces -Wparentheses -Wswitch -Wno-unused-function -Wno-unused-label -Wno-unused-parameter -Wno-unused-variable -Wunused-value -Wno-empty-body -Wno-uninitialized -Wno-unknown-pragmas -w -Wno-shadow -Wno-four-char-constants -Wno-conversion -Wno-constant-conversion -Wno-int-conversion -Wno-bool-conversion -Wno-enum-conversion -Wno-float-conversion -Wno-non-literal-null-conversion -Wno-objc-literal-conversion -Wshorten-64-to-32 -Wpointer-sign -Wno-newline-eof -Wno-selector -Wno-strict-selector-match -Wno-undeclared-selector -Wno-deprecated-implementations -Wno-implicit-fallthrough -fstrict-aliasing -Wprotocol -Wdeprecated-declarations -Wno-sign-conversion -Wno-infinite-recursion -Wno-comma -Wno-block-capture-autoreleasing -Wno-strict-prototypes -Wno-semicolon-before-method-body -index-store-path /Users/nataliewhipps/Library/Developer/Xcode/DerivedData/Prompt28-cgmmkisguitsyibyvnemfqvywbnv/Index.noindex/DataStore @/Users/nataliewhipps/Library/Developer/Xcode/DerivedData/Prompt28-cgmmkisguitsyibyvnemfqvywbnv/Build/Intermediates.noindex/AppCheck.build/Debug-iphonesimulator/AppCheckCore.build/Objects-normal/x86_64/e6072d4f65d7061329687fe24e3d63a7-common-args.resp -MMD -MT dependencies -MF /Users/nataliewhipps/Library/Developer/Xcode/DerivedData/Prompt28-cgmmkisguitsyibyvnemfqvywbnv/Build/Intermediates.noindex/AppCheck.build/Debug-iphonesimulator/AppCheckCore.build/Objects-normal/x86_64/GACAppCheckErrorUtil.d --serialize-diagnostics /Users/nataliewhipps/Library/Developer/Xcode/DerivedData/Prompt28-cgmmkisguitsyibyvnemfqvywbnv/Build/Intermediates.noindex/AppCheck.build/Debug-iphonesimulator/AppCheckCore.build/Objects-normal/x86_64/GACAppCheckErrorUtil.dia -c /Users/nataliewhipps/Library/Developer/Xcode/DerivedData/Prompt28-cgmmkisguitsyibyvnemfqvywbnv/SourcePackages/checkouts/app-check/AppCheckCore/Sources/Core/Errors/GACAppCheckErrorUtil.m -o /Users/nataliewhipps/Library/Developer/Xcode/DerivedData/Prompt28-cgmmkisguitsyibyvnemfqvywbnv/Build/Intermediates.noindex/AppCheck.build/Debug-iphonesimulator/AppCheckCore.build/Objects-normal/x86_64/GACAppCheckErrorUtil.o -index-unit-output-path /AppCheck.build/Debug-iphonesimulator/AppCheckCore.build/Objects-normal/x86_64/GACAppCheckErrorUtil.o

ScanDependencies /Users/nataliewhipps/Library/Developer/Xcode/DerivedData/Prompt28-cgmmkisguitsyibyvnemfqvywbnv/Build/Intermediates.noindex/AppCheck.build/Debug-iphonesimulator/AppCheckCore.build/Objects-normal/x86_64/GACAppCheckDebugProviderAPIService.o /Users/nataliewhipps/Library/Developer/Xcode/DerivedData/Prompt28-cgmmkisguitsyibyvnemfqvywbnv/SourcePackages/checkouts/app-check/AppCheckCore/Sources/DebugProvider/API/GACAppCheckDebugProviderAPIService.m normal x86_64 objective-c com.apple.compilers.llvm.clang.1_0.compiler (in target 'AppCheckCore' from project 'AppCheck')
    cd /Users/nataliewhipps/Desktop/Prompt28/Prompt28.xcodeproj
    
    Using response file: /Users/nataliewhipps/Library/Developer/Xcode/DerivedData/Prompt28-cgmmkisguitsyibyvnemfqvywbnv/Build/Intermediates.noindex/AppCheck.build/Debug-iphonesimulator/AppCheckCore.build/Objects-normal/x86_64/e6072d4f65d7061329687fe24e3d63a7-common-args.resp
    
    builtin-ScanDependencies -o /Users/nataliewhipps/Library/Developer/Xcode/DerivedData/Prompt28-cgmmkisguitsyibyvnemfqvywbnv/Build/Intermediates.noindex/AppCheck.build/Debug-iphonesimulator/AppCheckCore.build/Objects-normal/x86_64/GACAppCheckDebugProviderAPIService.o.scan -- /Applications/Xcode.app/Contents/Developer/Toolchains/XcodeDefault.xctoolchain/usr/bin/clang -x objective-c -ivfsstatcache /Users/nataliewhipps/Library/Developer/Xcode/DerivedData/SDKStatCaches.noindex/iphonesimulator26.2-23C57-7d00a8b37fbd7999ea79df8ebc024bf0.sdkstatcache -fmessage-length\=0 -fdiagnostics-show-note-include-stack -fmacro-backtrace-limit\=0 -fno-color-diagnostics -fmodules-prune-interval\=86400 -fmodules-prune-after\=345600 -fbuild-session-file\=/Users/nataliewhipps/Library/Developer/Xcode/DerivedData/ModuleCache.noindex/Session.modulevalidation -fmodules-validate-once-per-build-session -Wnon-modular-include-in-framework-module -Werror\=non-modular-include-in-framework-module -Wno-trigraphs -Wno-missing-field-initializers -Wno-missing-prototypes -Wno-return-type -Wno-implicit-atomic-properties -Wno-objc-interface-ivars -Wno-arc-repeated-use-of-weak -Wno-missing-braces -Wparentheses -Wswitch -Wno-unused-function -Wno-unused-label -Wno-unused-parameter -Wno-unused-variable -Wunused-value -Wno-empty-body -Wno-uninitialized -Wno-unknown-pragmas -w -Wno-shadow -Wno-four-char-constants -Wno-conversion -Wno-constant-conversion -Wno-int-conversion -Wno-bool-conversion -Wno-enum-conversion -Wno-float-conversion -Wno-non-literal-null-conversion -Wno-objc-literal-conversion -Wshorten-64-to-32 -Wpointer-sign -Wno-newline-eof -Wno-selector -Wno-strict-selector-match -Wno-undeclared-selector -Wno-deprecated-implementations -Wno-implicit-fallthrough -fstrict-aliasing -Wprotocol -Wdeprecated-declarations -Wno-sign-conversion -Wno-infinite-recursion -Wno-comma -Wno-block-capture-autoreleasing -Wno-strict-prototypes -Wno-semicolon-before-method-body -index-store-path /Users/nataliewhipps/Library/Developer/Xcode/DerivedData/Prompt28-cgmmkisguitsyibyvnemfqvywbnv/Index.noindex/DataStore @/Users/nataliewhipps/Library/Developer/Xcode/DerivedData/Prompt28-cgmmkisguitsyibyvnemfqvywbnv/Build/Intermediates.noindex/AppCheck.build/Debug-iphonesimulator/AppCheckCore.build/Objects-normal/x86_64/e6072d4f65d7061329687fe24e3d63a7-common-args.resp -MMD -MT dependencies -MF /Users/nataliewhipps/Library/Developer/Xcode/DerivedData/Prompt28-cgmmkisguitsyibyvnemfqvywbnv/Build/Intermediates.noindex/AppCheck.build/Debug-iphonesimulator/AppCheckCore.build/Objects-normal/x86_64/GACAppCheckDebugProviderAPIService.d --serialize-diagnostics /Users/nataliewhipps/Library/Developer/Xcode/DerivedData/Prompt28-cgmmkisguitsyibyvnemfqvywbnv/Build/Intermediates.noindex/AppCheck.build/Debug-iphonesimulator/AppCheckCore.build/Objects-normal/x86_64/GACAppCheckDebugProviderAPIService.dia -c /Users/nataliewhipps/Library/Developer/Xcode/DerivedData/Prompt28-cgmmkisguitsyibyvnemfqvywbnv/SourcePackages/checkouts/app-check/AppCheckCore/Sources/DebugProvider/API/GACAppCheckDebugProviderAPIService.m -o /Users/nataliewhipps/Library/Developer/Xcode/DerivedData/Prompt28-cgmmkisguitsyibyvnemfqvywbnv/Build/Intermediates.noindex/AppCheck.build/Debug-iphonesimulator/AppCheckCore.build/Objects-normal/x86_64/GACAppCheckDebugProviderAPIService.o -index-unit-output-path /AppCheck.build/Debug-iphonesimulator/AppCheckCore.build/Objects-normal/x86_64/GACAppCheckDebugProviderAPIService.o

ScanDependencies /Users/nataliewhipps/Library/Developer/Xcode/DerivedData/Prompt28-cgmmkisguitsyibyvnemfqvywbnv/Build/Intermediates.noindex/AppCheck.build/Debug-iphonesimulator/AppCheckCore.build/Objects-normal/x86_64/GACAppCheckDebugProvider.o /Users/nataliewhipps/Library/Developer/Xcode/DerivedData/Prompt28-cgmmkisguitsyibyvnemfqvywbnv/SourcePackages/checkouts/app-check/AppCheckCore/Sources/DebugProvider/GACAppCheckDebugProvider.m normal x86_64 objective-c com.apple.compilers.llvm.clang.1_0.compiler (in target 'AppCheckCore' from project 'AppCheck')
    cd /Users/nataliewhipps/Desktop/Prompt28/Prompt28.xcodeproj
    
    Using response file: /Users/nataliewhipps/Library/Developer/Xcode/DerivedData/Prompt28-cgmmkisguitsyibyvnemfqvywbnv/Build/Intermediates.noindex/AppCheck.build/Debug-iphonesimulator/AppCheckCore.build/Objects-normal/x86_64/e6072d4f65d7061329687fe24e3d63a7-common-args.resp
    
    builtin-ScanDependencies -o /Users/nataliewhipps/Library/Developer/Xcode/DerivedData/Prompt28-cgmmkisguitsyibyvnemfqvywbnv/Build/Intermediates.noindex/AppCheck.build/Debug-iphonesimulator/AppCheckCore.build/Objects-normal/x86_64/GACAppCheckDebugProvider.o.scan -- /Applications/Xcode.app/Contents/Developer/Toolchains/XcodeDefault.xctoolchain/usr/bin/clang -x objective-c -ivfsstatcache /Users/nataliewhipps/Library/Developer/Xcode/DerivedData/SDKStatCaches.noindex/iphonesimulator26.2-23C57-7d00a8b37fbd7999ea79df8ebc024bf0.sdkstatcache -fmessage-length\=0 -fdiagnostics-show-note-include-stack -fmacro-backtrace-limit\=0 -fno-color-diagnostics -fmodules-prune-interval\=86400 -fmodules-prune-after\=345600 -fbuild-session-file\=/Users/nataliewhipps/Library/Developer/Xcode/DerivedData/ModuleCache.noindex/Session.modulevalidation -fmodules-validate-once-per-build-session -Wnon-modular-include-in-framework-module -Werror\=non-modular-include-in-framework-module -Wno-trigraphs -Wno-missing-field-initializers -Wno-missing-prototypes -Wno-return-type -Wno-implicit-atomic-properties -Wno-objc-interface-ivars -Wno-arc-repeated-use-of-weak -Wno-missing-braces -Wparentheses -Wswitch -Wno-unused-function -Wno-unused-label -Wno-unused-parameter -Wno-unused-variable -Wunused-value -Wno-empty-body -Wno-uninitialized -Wno-unknown-pragmas -w -Wno-shadow -Wno-four-char-constants -Wno-conversion -Wno-constant-conversion -Wno-int-conversion -Wno-bool-conversion -Wno-enum-conversion -Wno-float-conversion -Wno-non-literal-null-conversion -Wno-objc-literal-conversion -Wshorten-64-to-32 -Wpointer-sign -Wno-newline-eof -Wno-selector -Wno-strict-selector-match -Wno-undeclared-selector -Wno-deprecated-implementations -Wno-implicit-fallthrough -fstrict-aliasing -Wprotocol -Wdeprecated-declarations -Wno-sign-conversion -Wno-infinite-recursion -Wno-comma -Wno-block-capture-autoreleasing -Wno-strict-prototypes -Wno-semicolon-before-method-body -index-store-path /Users/nataliewhipps/Library/Developer/Xcode/DerivedData/Prompt28-cgmmkisguitsyibyvnemfqvywbnv/Index.noindex/DataStore @/Users/nataliewhipps/Library/Developer/Xcode/DerivedData/Prompt28-cgmmkisguitsyibyvnemfqvywbnv/Build/Intermediates.noindex/AppCheck.build/Debug-iphonesimulator/AppCheckCore.build/Objects-normal/x86_64/e6072d4f65d7061329687fe24e3d63a7-common-args.resp -MMD -MT dependencies -MF /Users/nataliewhipps/Library/Developer/Xcode/DerivedData/Prompt28-cgmmkisguitsyibyvnemfqvywbnv/Build/Intermediates.noindex/AppCheck.build/Debug-iphonesimulator/AppCheckCore.build/Objects-normal/x86_64/GACAppCheckDebugProvider.d --serialize-diagnostics /Users/nataliewhipps/Library/Developer/Xcode/DerivedData/Prompt28-cgmmkisguitsyibyvnemfqvywbnv/Build/Intermediates.noindex/AppCheck.build/Debug-iphonesimulator/AppCheckCore.build/Objects-normal/x86_64/GACAppCheckDebugProvider.dia -c /Users/nataliewhipps/Library/Developer/Xcode/DerivedData/Prompt28-cgmmkisguitsyibyvnemfqvywbnv/SourcePackages/checkouts/app-check/AppCheckCore/Sources/DebugProvider/GACAppCheckDebugProvider.m -o /Users/nataliewhipps/Library/Developer/Xcode/DerivedData/Prompt28-cgmmkisguitsyibyvnemfqvywbnv/Build/Intermediates.noindex/AppCheck.build/Debug-iphonesimulator/AppCheckCore.build/Objects-normal/x86_64/GACAppCheckDebugProvider.o -index-unit-output-path /AppCheck.build/Debug-iphonesimulator/AppCheckCore.build/Objects-normal/x86_64/GACAppCheckDebugProvider.o

ScanDependencies /Users/nataliewhipps/Library/Developer/Xcode/DerivedData/Prompt28-cgmmkisguitsyibyvnemfqvywbnv/Build/Intermediates.noindex/AppCheck.build/Debug-iphonesimulator/AppCheckCore.build/Objects-normal/x86_64/GACAppCheckCryptoUtils.o /Users/nataliewhipps/Library/Developer/Xcode/DerivedData/Prompt28-cgmmkisguitsyibyvnemfqvywbnv/SourcePackages/checkouts/app-check/AppCheckCore/Sources/Core/Utils/GACAppCheckCryptoUtils.m normal x86_64 objective-c com.apple.compilers.llvm.clang.1_0.compiler (in target 'AppCheckCore' from project 'AppCheck')
    cd /Users/nataliewhipps/Desktop/Prompt28/Prompt28.xcodeproj
    
    Using response file: /Users/nataliewhipps/Library/Developer/Xcode/DerivedData/Prompt28-cgmmkisguitsyibyvnemfqvywbnv/Build/Intermediates.noindex/AppCheck.build/Debug-iphonesimulator/AppCheckCore.build/Objects-normal/x86_64/e6072d4f65d7061329687fe24e3d63a7-common-args.resp
    
    builtin-ScanDependencies -o /Users/nataliewhipps/Library/Developer/Xcode/DerivedData/Prompt28-cgmmkisguitsyibyvnemfqvywbnv/Build/Intermediates.noindex/AppCheck.build/Debug-iphonesimulator/AppCheckCore.build/Objects-normal/x86_64/GACAppCheckCryptoUtils.o.scan -- /Applications/Xcode.app/Contents/Developer/Toolchains/XcodeDefault.xctoolchain/usr/bin/clang -x objective-c -ivfsstatcache /Users/nataliewhipps/Library/Developer/Xcode/DerivedData/SDKStatCaches.noindex/iphonesimulator26.2-23C57-7d00a8b37fbd7999ea79df8ebc024bf0.sdkstatcache -fmessage-length\=0 -fdiagnostics-show-note-include-stack -fmacro-backtrace-limit\=0 -fno-color-diagnostics -fmodules-prune-interval\=86400 -fmodules-prune-after\=345600 -fbuild-session-file\=/Users/nataliewhipps/Library/Developer/Xcode/DerivedData/ModuleCache.noindex/Session.modulevalidation -fmodules-validate-once-per-build-session -Wnon-modular-include-in-framework-module -Werror\=non-modular-include-in-framework-module -Wno-trigraphs -Wno-missing-field-initializers -Wno-missing-prototypes -Wno-return-type -Wno-implicit-atomic-properties -Wno-objc-interface-ivars -Wno-arc-repeated-use-of-weak -Wno-missing-braces -Wparentheses -Wswitch -Wno-unused-function -Wno-unused-label -Wno-unused-parameter -Wno-unused-variable -Wunused-value -Wno-empty-body -Wno-uninitialized -Wno-unknown-pragmas -w -Wno-shadow -Wno-four-char-constants -Wno-conversion -Wno-constant-conversion -Wno-int-conversion -Wno-bool-conversion -Wno-enum-conversion -Wno-float-conversion -Wno-non-literal-null-conversion -Wno-objc-literal-conversion -Wshorten-64-to-32 -Wpointer-sign -Wno-newline-eof -Wno-selector -Wno-strict-selector-match -Wno-undeclared-selector -Wno-deprecated-implementations -Wno-implicit-fallthrough -fstrict-aliasing -Wprotocol -Wdeprecated-declarations -Wno-sign-conversion -Wno-infinite-recursion -Wno-comma -Wno-block-capture-autoreleasing -Wno-strict-prototypes -Wno-semicolon-before-method-body -index-store-path /Users/nataliewhipps/Library/Developer/Xcode/DerivedData/Prompt28-cgmmkisguitsyibyvnemfqvywbnv/Index.noindex/DataStore @/Users/nataliewhipps/Library/Developer/Xcode/DerivedData/Prompt28-cgmmkisguitsyibyvnemfqvywbnv/Build/Intermediates.noindex/AppCheck.build/Debug-iphonesimulator/AppCheckCore.build/Objects-normal/x86_64/e6072d4f65d7061329687fe24e3d63a7-common-args.resp -MMD -MT dependencies -MF /Users/nataliewhipps/Library/Developer/Xcode/DerivedData/Prompt28-cgmmkisguitsyibyvnemfqvywbnv/Build/Intermediates.noindex/AppCheck.build/Debug-iphonesimulator/AppCheckCore.build/Objects-normal/x86_64/GACAppCheckCryptoUtils.d --serialize-diagnostics /Users/nataliewhipps/Library/Developer/Xcode/DerivedData/Prompt28-cgmmkisguitsyibyvnemfqvywbnv/Build/Intermediates.noindex/AppCheck.build/Debug-iphonesimulator/AppCheckCore.build/Objects-normal/x86_64/GACAppCheckCryptoUtils.dia -c /Users/nataliewhipps/Library/Developer/Xcode/DerivedData/Prompt28-cgmmkisguitsyibyvnemfqvywbnv/SourcePackages/checkouts/app-check/AppCheckCore/Sources/Core/Utils/GACAppCheckCryptoUtils.m -o /Users/nataliewhipps/Library/Developer/Xcode/DerivedData/Prompt28-cgmmkisguitsyibyvnemfqvywbnv/Build/Intermediates.noindex/AppCheck.build/Debug-iphonesimulator/AppCheckCore.build/Objects-normal/x86_64/GACAppCheckCryptoUtils.o -index-unit-output-path /AppCheck.build/Debug-iphonesimulator/AppCheckCore.build/Objects-normal/x86_64/GACAppCheckCryptoUtils.o

ScanDependencies /Users/nataliewhipps/Library/Developer/Xcode/DerivedData/Prompt28-cgmmkisguitsyibyvnemfqvywbnv/Build/Intermediates.noindex/AppCheck.build/Debug-iphonesimulator/AppCheckCore.build/Objects-normal/x86_64/GACAppCheckBackoffWrapper.o /Users/nataliewhipps/Library/Developer/Xcode/DerivedData/Prompt28-cgmmkisguitsyibyvnemfqvywbnv/SourcePackages/checkouts/app-check/AppCheckCore/Sources/Core/Backoff/GACAppCheckBackoffWrapper.m normal x86_64 objective-c com.apple.compilers.llvm.clang.1_0.compiler (in target 'AppCheckCore' from project 'AppCheck')
    cd /Users/nataliewhipps/Desktop/Prompt28/Prompt28.xcodeproj
    
    Using response file: /Users/nataliewhipps/Library/Developer/Xcode/DerivedData/Prompt28-cgmmkisguitsyibyvnemfqvywbnv/Build/Intermediates.noindex/AppCheck.build/Debug-iphonesimulator/AppCheckCore.build/Objects-normal/x86_64/e6072d4f65d7061329687fe24e3d63a7-common-args.resp
    
    builtin-ScanDependencies -o /Users/nataliewhipps/Library/Developer/Xcode/DerivedData/Prompt28-cgmmkisguitsyibyvnemfqvywbnv/Build/Intermediates.noindex/AppCheck.build/Debug-iphonesimulator/AppCheckCore.build/Objects-normal/x86_64/GACAppCheckBackoffWrapper.o.scan -- /Applications/Xcode.app/Contents/Developer/Toolchains/XcodeDefault.xctoolchain/usr/bin/clang -x objective-c -ivfsstatcache /Users/nataliewhipps/Library/Developer/Xcode/DerivedData/SDKStatCaches.noindex/iphonesimulator26.2-23C57-7d00a8b37fbd7999ea79df8ebc024bf0.sdkstatcache -fmessage-length\=0 -fdiagnostics-show-note-include-stack -fmacro-backtrace-limit\=0 -fno-color-diagnostics -fmodules-prune-interval\=86400 -fmodules-prune-after\=345600 -fbuild-session-file\=/Users/nataliewhipps/Library/Developer/Xcode/DerivedData/ModuleCache.noindex/Session.modulevalidation -fmodules-validate-once-per-build-session -Wnon-modular-include-in-framework-module -Werror\=non-modular-include-in-framework-module -Wno-trigraphs -Wno-missing-field-initializers -Wno-missing-prototypes -Wno-return-type -Wno-implicit-atomic-properties -Wno-objc-interface-ivars -Wno-arc-repeated-use-of-weak -Wno-missing-braces -Wparentheses -Wswitch -Wno-unused-function -Wno-unused-label -Wno-unused-parameter -Wno-unused-variable -Wunused-value -Wno-empty-body -Wno-uninitialized -Wno-unknown-pragmas -w -Wno-shadow -Wno-four-char-constants -Wno-conversion -Wno-constant-conversion -Wno-int-conversion -Wno-bool-conversion -Wno-enum-conversion -Wno-float-conversion -Wno-non-literal-null-conversion -Wno-objc-literal-conversion -Wshorten-64-to-32 -Wpointer-sign -Wno-newline-eof -Wno-selector -Wno-strict-selector-match -Wno-undeclared-selector -Wno-deprecated-implementations -Wno-implicit-fallthrough -fstrict-aliasing -Wprotocol -Wdeprecated-declarations -Wno-sign-conversion -Wno-infinite-recursion -Wno-comma -Wno-block-capture-autoreleasing -Wno-strict-prototypes -Wno-semicolon-before-method-body -index-store-path /Users/nataliewhipps/Library/Developer/Xcode/DerivedData/Prompt28-cgmmkisguitsyibyvnemfqvywbnv/Index.noindex/DataStore @/Users/nataliewhipps/Library/Developer/Xcode/DerivedData/Prompt28-cgmmkisguitsyibyvnemfqvywbnv/Build/Intermediates.noindex/AppCheck.build/Debug-iphonesimulator/AppCheckCore.build/Objects-normal/x86_64/e6072d4f65d7061329687fe24e3d63a7-common-args.resp -MMD -MT dependencies -MF /Users/nataliewhipps/Library/Developer/Xcode/DerivedData/Prompt28-cgmmkisguitsyibyvnemfqvywbnv/Build/Intermediates.noindex/AppCheck.build/Debug-iphonesimulator/AppCheckCore.build/Objects-normal/x86_64/GACAppCheckBackoffWrapper.d --serialize-diagnostics /Users/nataliewhipps/Library/Developer/Xcode/DerivedData/Prompt28-cgmmkisguitsyibyvnemfqvywbnv/Build/Intermediates.noindex/AppCheck.build/Debug-iphonesimulator/AppCheckCore.build/Objects-normal/x86_64/GACAppCheckBackoffWrapper.dia -c /Users/nataliewhipps/Library/Developer/Xcode/DerivedData/Prompt28-cgmmkisguitsyibyvnemfqvywbnv/SourcePackages/checkouts/app-check/AppCheckCore/Sources/Core/Backoff/GACAppCheckBackoffWrapper.m -o /Users/nataliewhipps/Library/Developer/Xcode/DerivedData/Prompt28-cgmmkisguitsyibyvnemfqvywbnv/Build/Intermediates.noindex/AppCheck.build/Debug-iphonesimulator/AppCheckCore.build/Objects-normal/x86_64/GACAppCheckBackoffWrapper.o -index-unit-output-path /AppCheck.build/Debug-iphonesimulator/AppCheckCore.build/Objects-normal/x86_64/GACAppCheckBackoffWrapper.o

ScanDependencies /Users/nataliewhipps/Library/Developer/Xcode/DerivedData/Prompt28-cgmmkisguitsyibyvnemfqvywbnv/Build/Intermediates.noindex/AppCheck.build/Debug-iphonesimulator/AppCheckCore.build/Objects-normal/x86_64/GACAppCheckAPIService.o /Users/nataliewhipps/Library/Developer/Xcode/DerivedData/Prompt28-cgmmkisguitsyibyvnemfqvywbnv/SourcePackages/checkouts/app-check/AppCheckCore/Sources/Core/APIService/GACAppCheckAPIService.m normal x86_64 objective-c com.apple.compilers.llvm.clang.1_0.compiler (in target 'AppCheckCore' from project 'AppCheck')
    cd /Users/nataliewhipps/Desktop/Prompt28/Prompt28.xcodeproj
    
    Using response file: /Users/nataliewhipps/Library/Developer/Xcode/DerivedData/Prompt28-cgmmkisguitsyibyvnemfqvywbnv/Build/Intermediates.noindex/AppCheck.build/Debug-iphonesimulator/AppCheckCore.build/Objects-normal/x86_64/e6072d4f65d7061329687fe24e3d63a7-common-args.resp
    
    builtin-ScanDependencies -o /Users/nataliewhipps/Library/Developer/Xcode/DerivedData/Prompt28-cgmmkisguitsyibyvnemfqvywbnv/Build/Intermediates.noindex/AppCheck.build/Debug-iphonesimulator/AppCheckCore.build/Objects-normal/x86_64/GACAppCheckAPIService.o.scan -- /Applications/Xcode.app/Contents/Developer/Toolchains/XcodeDefault.xctoolchain/usr/bin/clang -x objective-c -ivfsstatcache /Users/nataliewhipps/Library/Developer/Xcode/DerivedData/SDKStatCaches.noindex/iphonesimulator26.2-23C57-7d00a8b37fbd7999ea79df8ebc024bf0.sdkstatcache -fmessage-length\=0 -fdiagnostics-show-note-include-stack -fmacro-backtrace-limit\=0 -fno-color-diagnostics -fmodules-prune-interval\=86400 -fmodules-prune-after\=345600 -fbuild-session-file\=/Users/nataliewhipps/Library/Developer/Xcode/DerivedData/ModuleCache.noindex/Session.modulevalidation -fmodules-validate-once-per-build-session -Wnon-modular-include-in-framework-module -Werror\=non-modular-include-in-framework-module -Wno-trigraphs -Wno-missing-field-initializers -Wno-missing-prototypes -Wno-return-type -Wno-implicit-atomic-properties -Wno-objc-interface-ivars -Wno-arc-repeated-use-of-weak -Wno-missing-braces -Wparentheses -Wswitch -Wno-unused-function -Wno-unused-label -Wno-unused-parameter -Wno-unused-variable -Wunused-value -Wno-empty-body -Wno-uninitialized -Wno-unknown-pragmas -w -Wno-shadow -Wno-four-char-constants -Wno-conversion -Wno-constant-conversion -Wno-int-conversion -Wno-bool-conversion -Wno-enum-conversion -Wno-float-conversion -Wno-non-literal-null-conversion -Wno-objc-literal-conversion -Wshorten-64-to-32 -Wpointer-sign -Wno-newline-eof -Wno-selector -Wno-strict-selector-match -Wno-undeclared-selector -Wno-deprecated-implementations -Wno-implicit-fallthrough -fstrict-aliasing -Wprotocol -Wdeprecated-declarations -Wno-sign-conversion -Wno-infinite-recursion -Wno-comma -Wno-block-capture-autoreleasing -Wno-strict-prototypes -Wno-semicolon-before-method-body -index-store-path /Users/nataliewhipps/Library/Developer/Xcode/DerivedData/Prompt28-cgmmkisguitsyibyvnemfqvywbnv/Index.noindex/DataStore @/Users/nataliewhipps/Library/Developer/Xcode/DerivedData/Prompt28-cgmmkisguitsyibyvnemfqvywbnv/Build/Intermediates.noindex/AppCheck.build/Debug-iphonesimulator/AppCheckCore.build/Objects-normal/x86_64/e6072d4f65d7061329687fe24e3d63a7-common-args.resp -MMD -MT dependencies -MF /Users/nataliewhipps/Library/Developer/Xcode/DerivedData/Prompt28-cgmmkisguitsyibyvnemfqvywbnv/Build/Intermediates.noindex/AppCheck.build/Debug-iphonesimulator/AppCheckCore.build/Objects-normal/x86_64/GACAppCheckAPIService.d --serialize-diagnostics /Users/nataliewhipps/Library/Developer/Xcode/DerivedData/Prompt28-cgmmkisguitsyibyvnemfqvywbnv/Build/Intermediates.noindex/AppCheck.build/Debug-iphonesimulator/AppCheckCore.build/Objects-normal/x86_64/GACAppCheckAPIService.dia -c /Users/nataliewhipps/Library/Developer/Xcode/DerivedData/Prompt28-cgmmkisguitsyibyvnemfqvywbnv/SourcePackages/checkouts/app-check/AppCheckCore/Sources/Core/APIService/GACAppCheckAPIService.m -o /Users/nataliewhipps/Library/Developer/Xcode/DerivedData/Prompt28-cgmmkisguitsyibyvnemfqvywbnv/Build/Intermediates.noindex/AppCheck.build/Debug-iphonesimulator/AppCheckCore.build/Objects-normal/x86_64/GACAppCheckAPIService.o -index-unit-output-path /AppCheck.build/Debug-iphonesimulator/AppCheckCore.build/Objects-normal/x86_64/GACAppCheckAPIService.o

ScanDependencies /Users/nataliewhipps/Library/Developer/Xcode/DerivedData/Prompt28-cgmmkisguitsyibyvnemfqvywbnv/Build/Intermediates.noindex/AppCheck.build/Debug-iphonesimulator/AppCheckCore.build/Objects-normal/x86_64/GACAppCheck.o /Users/nataliewhipps/Library/Developer/Xcode/DerivedData/Prompt28-cgmmkisguitsyibyvnemfqvywbnv/SourcePackages/checkouts/app-check/AppCheckCore/Sources/Core/GACAppCheck.m normal x86_64 objective-c com.apple.compilers.llvm.clang.1_0.compiler (in target 'AppCheckCore' from project 'AppCheck')
    cd /Users/nataliewhipps/Desktop/Prompt28/Prompt28.xcodeproj
    
    Using response file: /Users/nataliewhipps/Library/Developer/Xcode/DerivedData/Prompt28-cgmmkisguitsyibyvnemfqvywbnv/Build/Intermediates.noindex/AppCheck.build/Debug-iphonesimulator/AppCheckCore.build/Objects-normal/x86_64/e6072d4f65d7061329687fe24e3d63a7-common-args.resp
    
    builtin-ScanDependencies -o /Users/nataliewhipps/Library/Developer/Xcode/DerivedData/Prompt28-cgmmkisguitsyibyvnemfqvywbnv/Build/Intermediates.noindex/AppCheck.build/Debug-iphonesimulator/AppCheckCore.build/Objects-normal/x86_64/GACAppCheck.o.scan -- /Applications/Xcode.app/Contents/Developer/Toolchains/XcodeDefault.xctoolchain/usr/bin/clang -x objective-c -ivfsstatcache /Users/nataliewhipps/Library/Developer/Xcode/DerivedData/SDKStatCaches.noindex/iphonesimulator26.2-23C57-7d00a8b37fbd7999ea79df8ebc024bf0.sdkstatcache -fmessage-length\=0 -fdiagnostics-show-note-include-stack -fmacro-backtrace-limit\=0 -fno-color-diagnostics -fmodules-prune-interval\=86400 -fmodules-prune-after\=345600 -fbuild-session-file\=/Users/nataliewhipps/Library/Developer/Xcode/DerivedData/ModuleCache.noindex/Session.modulevalidation -fmodules-validate-once-per-build-session -Wnon-modular-include-in-framework-module -Werror\=non-modular-include-in-framework-module -Wno-trigraphs -Wno-missing-field-initializers -Wno-missing-prototypes -Wno-return-type -Wno-implicit-atomic-properties -Wno-objc-interface-ivars -Wno-arc-repeated-use-of-weak -Wno-missing-braces -Wparentheses -Wswitch -Wno-unused-function -Wno-unused-label -Wno-unused-parameter -Wno-unused-variable -Wunused-value -Wno-empty-body -Wno-uninitialized -Wno-unknown-pragmas -w -Wno-shadow -Wno-four-char-constants -Wno-conversion -Wno-constant-conversion -Wno-int-conversion -Wno-bool-conversion -Wno-enum-conversion -Wno-float-conversion -Wno-non-literal-null-conversion -Wno-objc-literal-conversion -Wshorten-64-to-32 -Wpointer-sign -Wno-newline-eof -Wno-selector -Wno-strict-selector-match -Wno-undeclared-selector -Wno-deprecated-implementations -Wno-implicit-fallthrough -fstrict-aliasing -Wprotocol -Wdeprecated-declarations -Wno-sign-conversion -Wno-infinite-recursion -Wno-comma -Wno-block-capture-autoreleasing -Wno-strict-prototypes -Wno-semicolon-before-method-body -index-store-path /Users/nataliewhipps/Library/Developer/Xcode/DerivedData/Prompt28-cgmmkisguitsyibyvnemfqvywbnv/Index.noindex/DataStore @/Users/nataliewhipps/Library/Developer/Xcode/DerivedData/Prompt28-cgmmkisguitsyibyvnemfqvywbnv/Build/Intermediates.noindex/AppCheck.build/Debug-iphonesimulator/AppCheckCore.build/Objects-normal/x86_64/e6072d4f65d7061329687fe24e3d63a7-common-args.resp -MMD -MT dependencies -MF /Users/nataliewhipps/Library/Developer/Xcode/DerivedData/Prompt28-cgmmkisguitsyibyvnemfqvywbnv/Build/Intermediates.noindex/AppCheck.build/Debug-iphonesimulator/AppCheckCore.build/Objects-normal/x86_64/GACAppCheck.d --serialize-diagnostics /Users/nataliewhipps/Library/Developer/Xcode/DerivedData/Prompt28-cgmmkisguitsyibyvnemfqvywbnv/Build/Intermediates.noindex/AppCheck.build/Debug-iphonesimulator/AppCheckCore.build/Objects-normal/x86_64/GACAppCheck.dia -c /Users/nataliewhipps/Library/Developer/Xcode/DerivedData/Prompt28-cgmmkisguitsyibyvnemfqvywbnv/SourcePackages/checkouts/app-check/AppCheckCore/Sources/Core/GACAppCheck.m -o /Users/nataliewhipps/Library/Developer/Xcode/DerivedData/Prompt28-cgmmkisguitsyibyvnemfqvywbnv/Build/Intermediates.noindex/AppCheck.build/Debug-iphonesimulator/AppCheckCore.build/Objects-normal/x86_64/GACAppCheck.o -index-unit-output-path /AppCheck.build/Debug-iphonesimulator/AppCheckCore.build/Objects-normal/x86_64/GACAppCheck.o

PrecompileModule /Users/nataliewhipps/Library/Developer/Xcode/DerivedData/Prompt28-cgmmkisguitsyibyvnemfqvywbnv/Build/Intermediates.noindex/ExplicitPrecompiledModules/Darwin-95VMTSG9JV2C3J4G68MEXU2DG.scan
    cd /
    builtin-precompileModule /Users/nataliewhipps/Library/Developer/Xcode/DerivedData/Prompt28-cgmmkisguitsyibyvnemfqvywbnv/Build/Intermediates.noindex/ExplicitPrecompiledModules/Darwin-95VMTSG9JV2C3J4G68MEXU2DG.scan

PrecompileModule /Users/nataliewhipps/Library/Developer/Xcode/DerivedData/Prompt28-cgmmkisguitsyibyvnemfqvywbnv/Build/Intermediates.noindex/ExplicitPrecompiledModules/Darwin-F512H4XLGE9ER5EJM8VSM06P2.scan
    cd /
    builtin-precompileModule /Users/nataliewhipps/Library/Developer/Xcode/DerivedData/Prompt28-cgmmkisguitsyibyvnemfqvywbnv/Build/Intermediates.noindex/ExplicitPrecompiledModules/Darwin-F512H4XLGE9ER5EJM8VSM06P2.scan

ScanDependencies /Users/nataliewhipps/Library/Developer/Xcode/DerivedData/Prompt28-cgmmkisguitsyibyvnemfqvywbnv/Build/Intermediates.noindex/AppCheck.build/Debug-iphonesimulator/AppCheckCore.build/Objects-normal/x86_64/GACAppAttestStoredArtifact.o /Users/nataliewhipps/Library/Developer/Xcode/DerivedData/Prompt28-cgmmkisguitsyibyvnemfqvywbnv/SourcePackages/checkouts/app-check/AppCheckCore/Sources/AppAttestProvider/Storage/GACAppAttestStoredArtifact.m normal x86_64 objective-c com.apple.compilers.llvm.clang.1_0.compiler (in target 'AppCheckCore' from project 'AppCheck')
    cd /Users/nataliewhipps/Desktop/Prompt28/Prompt28.xcodeproj
    
    Using response file: /Users/nataliewhipps/Library/Developer/Xcode/DerivedData/Prompt28-cgmmkisguitsyibyvnemfqvywbnv/Build/Intermediates.noindex/AppCheck.build/Debug-iphonesimulator/AppCheckCore.build/Objects-normal/x86_64/e6072d4f65d7061329687fe24e3d63a7-common-args.resp
    
    builtin-ScanDependencies -o /Users/nataliewhipps/Library/Developer/Xcode/DerivedData/Prompt28-cgmmkisguitsyibyvnemfqvywbnv/Build/Intermediates.noindex/AppCheck.build/Debug-iphonesimulator/AppCheckCore.build/Objects-normal/x86_64/GACAppAttestStoredArtifact.o.scan -- /Applications/Xcode.app/Contents/Developer/Toolchains/XcodeDefault.xctoolchain/usr/bin/clang -x objective-c -ivfsstatcache /Users/nataliewhipps/Library/Developer/Xcode/DerivedData/SDKStatCaches.noindex/iphonesimulator26.2-23C57-7d00a8b37fbd7999ea79df8ebc024bf0.sdkstatcache -fmessage-length\=0 -fdiagnostics-show-note-include-stack -fmacro-backtrace-limit\=0 -fno-color-diagnostics -fmodules-prune-interval\=86400 -fmodules-prune-after\=345600 -fbuild-session-file\=/Users/nataliewhipps/Library/Developer/Xcode/DerivedData/ModuleCache.noindex/Session.modulevalidation -fmodules-validate-once-per-build-session -Wnon-modular-include-in-framework-module -Werror\=non-modular-include-in-framework-module -Wno-trigraphs -Wno-missing-field-initializers -Wno-missing-prototypes -Wno-return-type -Wno-implicit-atomic-properties -Wno-objc-interface-ivars -Wno-arc-repeated-use-of-weak -Wno-missing-braces -Wparentheses -Wswitch -Wno-unused-function -Wno-unused-label -Wno-unused-parameter -Wno-unused-variable -Wunused-value -Wno-empty-body -Wno-uninitialized -Wno-unknown-pragmas -w -Wno-shadow -Wno-four-char-constants -Wno-conversion -Wno-constant-conversion -Wno-int-conversion -Wno-bool-conversion -Wno-enum-conversion -Wno-float-conversion -Wno-non-literal-null-conversion -Wno-objc-literal-conversion -Wshorten-64-to-32 -Wpointer-sign -Wno-newline-eof -Wno-selector -Wno-strict-selector-match -Wno-undeclared-selector -Wno-deprecated-implementations -Wno-implicit-fallthrough -fstrict-aliasing -Wprotocol -Wdeprecated-declarations -Wno-sign-conversion -Wno-infinite-recursion -Wno-comma -Wno-block-capture-autoreleasing -Wno-strict-prototypes -Wno-semicolon-before-method-body -index-store-path /Users/nataliewhipps/Library/Developer/Xcode/DerivedData/Prompt28-cgmmkisguitsyibyvnemfqvywbnv/Index.noindex/DataStore @/Users/nataliewhipps/Library/Developer/Xcode/DerivedData/Prompt28-cgmmkisguitsyibyvnemfqvywbnv/Build/Intermediates.noindex/AppCheck.build/Debug-iphonesimulator/AppCheckCore.build/Objects-normal/x86_64/e6072d4f65d7061329687fe24e3d63a7-common-args.resp -MMD -MT dependencies -MF /Users/nataliewhipps/Library/Developer/Xcode/DerivedData/Prompt28-cgmmkisguitsyibyvnemfqvywbnv/Build/Intermediates.noindex/AppCheck.build/Debug-iphonesimulator/AppCheckCore.build/Objects-normal/x86_64/GACAppAttestStoredArtifact.d --serialize-diagnostics /Users/nataliewhipps/Library/Developer/Xcode/DerivedData/Prompt28-cgmmkisguitsyibyvnemfqvywbnv/Build/Intermediates.noindex/AppCheck.build/Debug-iphonesimulator/AppCheckCore.build/Objects-normal/x86_64/GACAppAttestStoredArtifact.dia -c /Users/nataliewhipps/Library/Developer/Xcode/DerivedData/Prompt28-cgmmkisguitsyibyvnemfqvywbnv/SourcePackages/checkouts/app-check/AppCheckCore/Sources/AppAttestProvider/Storage/GACAppAttestStoredArtifact.m -o /Users/nataliewhipps/Library/Developer/Xcode/DerivedData/Prompt28-cgmmkisguitsyibyvnemfqvywbnv/Build/Intermediates.noindex/AppCheck.build/Debug-iphonesimulator/AppCheckCore.build/Objects-normal/x86_64/GACAppAttestStoredArtifact.o -index-unit-output-path /AppCheck.build/Debug-iphonesimulator/AppCheckCore.build/Objects-normal/x86_64/GACAppAttestStoredArtifact.o

PrecompileModule /Users/nataliewhipps/Library/Developer/Xcode/DerivedData/Prompt28-cgmmkisguitsyibyvnemfqvywbnv/Build/Intermediates.noindex/ExplicitPrecompiledModules/CommonCrypto-CYG4CRCP2R1D2D4O57W0BO8K6.scan
    cd /
    builtin-precompileModule /Users/nataliewhipps/Library/Developer/Xcode/DerivedData/Prompt28-cgmmkisguitsyibyvnemfqvywbnv/Build/Intermediates.noindex/ExplicitPrecompiledModules/CommonCrypto-CYG4CRCP2R1D2D4O57W0BO8K6.scan

ScanDependencies /Users/nataliewhipps/Library/Developer/Xcode/DerivedData/Prompt28-cgmmkisguitsyibyvnemfqvywbnv/Build/Intermediates.noindex/AppCheck.build/Debug-iphonesimulator/AppCheckCore.build/Objects-normal/x86_64/GACAppAttestRejectionError.o /Users/nataliewhipps/Library/Developer/Xcode/DerivedData/Prompt28-cgmmkisguitsyibyvnemfqvywbnv/SourcePackages/checkouts/app-check/AppCheckCore/Sources/AppAttestProvider/Errors/GACAppAttestRejectionError.m normal x86_64 objective-c com.apple.compilers.llvm.clang.1_0.compiler (in target 'AppCheckCore' from project 'AppCheck')
    cd /Users/nataliewhipps/Desktop/Prompt28/Prompt28.xcodeproj
    
    Using response file: /Users/nataliewhipps/Library/Developer/Xcode/DerivedData/Prompt28-cgmmkisguitsyibyvnemfqvywbnv/Build/Intermediates.noindex/AppCheck.build/Debug-iphonesimulator/AppCheckCore.build/Objects-normal/x86_64/e6072d4f65d7061329687fe24e3d63a7-common-args.resp
    
    builtin-ScanDependencies -o /Users/nataliewhipps/Library/Developer/Xcode/DerivedData/Prompt28-cgmmkisguitsyibyvnemfqvywbnv/Build/Intermediates.noindex/AppCheck.build/Debug-iphonesimulator/AppCheckCore.build/Objects-normal/x86_64/GACAppAttestRejectionError.o.scan -- /Applications/Xcode.app/Contents/Developer/Toolchains/XcodeDefault.xctoolchain/usr/bin/clang -x objective-c -ivfsstatcache /Users/nataliewhipps/Library/Developer/Xcode/DerivedData/SDKStatCaches.noindex/iphonesimulator26.2-23C57-7d00a8b37fbd7999ea79df8ebc024bf0.sdkstatcache -fmessage-length\=0 -fdiagnostics-show-note-include-stack -fmacro-backtrace-limit\=0 -fno-color-diagnostics -fmodules-prune-interval\=86400 -fmodules-prune-after\=345600 -fbuild-session-file\=/Users/nataliewhipps/Library/Developer/Xcode/DerivedData/ModuleCache.noindex/Session.modulevalidation -fmodules-validate-once-per-build-session -Wnon-modular-include-in-framework-module -Werror\=non-modular-include-in-framework-module -Wno-trigraphs -Wno-missing-field-initializers -Wno-missing-prototypes -Wno-return-type -Wno-implicit-atomic-properties -Wno-objc-interface-ivars -Wno-arc-repeated-use-of-weak -Wno-missing-braces -Wparentheses -Wswitch -Wno-unused-function -Wno-unused-label -Wno-unused-parameter -Wno-unused-variable -Wunused-value -Wno-empty-body -Wno-uninitialized -Wno-unknown-pragmas -w -Wno-shadow -Wno-four-char-constants -Wno-conversion -Wno-constant-conversion -Wno-int-conversion -Wno-bool-conversion -Wno-enum-conversion -Wno-float-conversion -Wno-non-literal-null-conversion -Wno-objc-literal-conversion -Wshorten-64-to-32 -Wpointer-sign -Wno-newline-eof -Wno-selector -Wno-strict-selector-match -Wno-undeclared-selector -Wno-deprecated-implementations -Wno-implicit-fallthrough -fstrict-aliasing -Wprotocol -Wdeprecated-declarations -Wno-sign-conversion -Wno-infinite-recursion -Wno-comma -Wno-block-capture-autoreleasing -Wno-strict-prototypes -Wno-semicolon-before-method-body -index-store-path /Users/nataliewhipps/Library/Developer/Xcode/DerivedData/Prompt28-cgmmkisguitsyibyvnemfqvywbnv/Index.noindex/DataStore @/Users/nataliewhipps/Library/Developer/Xcode/DerivedData/Prompt28-cgmmkisguitsyibyvnemfqvywbnv/Build/Intermediates.noindex/AppCheck.build/Debug-iphonesimulator/AppCheckCore.build/Objects-normal/x86_64/e6072d4f65d7061329687fe24e3d63a7-common-args.resp -MMD -MT dependencies -MF /Users/nataliewhipps/Library/Developer/Xcode/DerivedData/Prompt28-cgmmkisguitsyibyvnemfqvywbnv/Build/Intermediates.noindex/AppCheck.build/Debug-iphonesimulator/AppCheckCore.build/Objects-normal/x86_64/GACAppAttestRejectionError.d --serialize-diagnostics /Users/nataliewhipps/Library/Developer/Xcode/DerivedData/Prompt28-cgmmkisguitsyibyvnemfqvywbnv/Build/Intermediates.noindex/AppCheck.build/Debug-iphonesimulator/AppCheckCore.build/Objects-normal/x86_64/GACAppAttestRejectionError.dia -c /Users/nataliewhipps/Library/Developer/Xcode/DerivedData/Prompt28-cgmmkisguitsyibyvnemfqvywbnv/SourcePackages/checkouts/app-check/AppCheckCore/Sources/AppAttestProvider/Errors/GACAppAttestRejectionError.m -o /Users/nataliewhipps/Library/Developer/Xcode/DerivedData/Prompt28-cgmmkisguitsyibyvnemfqvywbnv/Build/Intermediates.noindex/AppCheck.build/Debug-iphonesimulator/AppCheckCore.build/Objects-normal/x86_64/GACAppAttestRejectionError.o -index-unit-output-path /AppCheck.build/Debug-iphonesimulator/AppCheckCore.build/Objects-normal/x86_64/GACAppAttestRejectionError.o

ScanDependencies /Users/nataliewhipps/Library/Developer/Xcode/DerivedData/Prompt28-cgmmkisguitsyibyvnemfqvywbnv/Build/Intermediates.noindex/AppCheck.build/Debug-iphonesimulator/AppCheckCore.build/Objects-normal/x86_64/GACAppAttestProviderState.o /Users/nataliewhipps/Library/Developer/Xcode/DerivedData/Prompt28-cgmmkisguitsyibyvnemfqvywbnv/SourcePackages/checkouts/app-check/AppCheckCore/Sources/AppAttestProvider/GACAppAttestProviderState.m normal x86_64 objective-c com.apple.compilers.llvm.clang.1_0.compiler (in target 'AppCheckCore' from project 'AppCheck')
    cd /Users/nataliewhipps/Desktop/Prompt28/Prompt28.xcodeproj
    
    Using response file: /Users/nataliewhipps/Library/Developer/Xcode/DerivedData/Prompt28-cgmmkisguitsyibyvnemfqvywbnv/Build/Intermediates.noindex/AppCheck.build/Debug-iphonesimulator/AppCheckCore.build/Objects-normal/x86_64/e6072d4f65d7061329687fe24e3d63a7-common-args.resp
    
    builtin-ScanDependencies -o /Users/nataliewhipps/Library/Developer/Xcode/DerivedData/Prompt28-cgmmkisguitsyibyvnemfqvywbnv/Build/Intermediates.noindex/AppCheck.build/Debug-iphonesimulator/AppCheckCore.build/Objects-normal/x86_64/GACAppAttestProviderState.o.scan -- /Applications/Xcode.app/Contents/Developer/Toolchains/XcodeDefault.xctoolchain/usr/bin/clang -x objective-c -ivfsstatcache /Users/nataliewhipps/Library/Developer/Xcode/DerivedData/SDKStatCaches.noindex/iphonesimulator26.2-23C57-7d00a8b37fbd7999ea79df8ebc024bf0.sdkstatcache -fmessage-length\=0 -fdiagnostics-show-note-include-stack -fmacro-backtrace-limit\=0 -fno-color-diagnostics -fmodules-prune-interval\=86400 -fmodules-prune-after\=345600 -fbuild-session-file\=/Users/nataliewhipps/Library/Developer/Xcode/DerivedData/ModuleCache.noindex/Session.modulevalidation -fmodules-validate-once-per-build-session -Wnon-modular-include-in-framework-module -Werror\=non-modular-include-in-framework-module -Wno-trigraphs -Wno-missing-field-initializers -Wno-missing-prototypes -Wno-return-type -Wno-implicit-atomic-properties -Wno-objc-interface-ivars -Wno-arc-repeated-use-of-weak -Wno-missing-braces -Wparentheses -Wswitch -Wno-unused-function -Wno-unused-label -Wno-unused-parameter -Wno-unused-variable -Wunused-value -Wno-empty-body -Wno-uninitialized -Wno-unknown-pragmas -w -Wno-shadow -Wno-four-char-constants -Wno-conversion -Wno-constant-conversion -Wno-int-conversion -Wno-bool-conversion -Wno-enum-conversion -Wno-float-conversion -Wno-non-literal-null-conversion -Wno-objc-literal-conversion -Wshorten-64-to-32 -Wpointer-sign -Wno-newline-eof -Wno-selector -Wno-strict-selector-match -Wno-undeclared-selector -Wno-deprecated-implementations -Wno-implicit-fallthrough -fstrict-aliasing -Wprotocol -Wdeprecated-declarations -Wno-sign-conversion -Wno-infinite-recursion -Wno-comma -Wno-block-capture-autoreleasing -Wno-strict-prototypes -Wno-semicolon-before-method-body -index-store-path /Users/nataliewhipps/Library/Developer/Xcode/DerivedData/Prompt28-cgmmkisguitsyibyvnemfqvywbnv/Index.noindex/DataStore @/Users/nataliewhipps/Library/Developer/Xcode/DerivedData/Prompt28-cgmmkisguitsyibyvnemfqvywbnv/Build/Intermediates.noindex/AppCheck.build/Debug-iphonesimulator/AppCheckCore.build/Objects-normal/x86_64/e6072d4f65d7061329687fe24e3d63a7-common-args.resp -MMD -MT dependencies -MF /Users/nataliewhipps/Library/Developer/Xcode/DerivedData/Prompt28-cgmmkisguitsyibyvnemfqvywbnv/Build/Intermediates.noindex/AppCheck.build/Debug-iphonesimulator/AppCheckCore.build/Objects-normal/x86_64/GACAppAttestProviderState.d --serialize-diagnostics /Users/nataliewhipps/Library/Developer/Xcode/DerivedData/Prompt28-cgmmkisguitsyibyvnemfqvywbnv/Build/Intermediates.noindex/AppCheck.build/Debug-iphonesimulator/AppCheckCore.build/Objects-normal/x86_64/GACAppAttestProviderState.dia -c /Users/nataliewhipps/Library/Developer/Xcode/DerivedData/Prompt28-cgmmkisguitsyibyvnemfqvywbnv/SourcePackages/checkouts/app-check/AppCheckCore/Sources/AppAttestProvider/GACAppAttestProviderState.m -o /Users/nataliewhipps/Library/Developer/Xcode/DerivedData/Prompt28-cgmmkisguitsyibyvnemfqvywbnv/Build/Intermediates.noindex/AppCheck.build/Debug-iphonesimulator/AppCheckCore.build/Objects-normal/x86_64/GACAppAttestProviderState.o -index-unit-output-path /AppCheck.build/Debug-iphonesimulator/AppCheckCore.build/Objects-normal/x86_64/GACAppAttestProviderState.o

ScanDependencies /Users/nataliewhipps/Library/Developer/Xcode/DerivedData/Prompt28-cgmmkisguitsyibyvnemfqvywbnv/Build/Intermediates.noindex/AppCheck.build/Debug-iphonesimulator/AppCheckCore.build/Objects-normal/x86_64/GACAppAttestProvider.o /Users/nataliewhipps/Library/Developer/Xcode/DerivedData/Prompt28-cgmmkisguitsyibyvnemfqvywbnv/SourcePackages/checkouts/app-check/AppCheckCore/Sources/AppAttestProvider/GACAppAttestProvider.m normal x86_64 objective-c com.apple.compilers.llvm.clang.1_0.compiler (in target 'AppCheckCore' from project 'AppCheck')
    cd /Users/nataliewhipps/Desktop/Prompt28/Prompt28.xcodeproj
    
    Using response file: /Users/nataliewhipps/Library/Developer/Xcode/DerivedData/Prompt28-cgmmkisguitsyibyvnemfqvywbnv/Build/Intermediates.noindex/AppCheck.build/Debug-iphonesimulator/AppCheckCore.build/Objects-normal/x86_64/e6072d4f65d7061329687fe24e3d63a7-common-args.resp
    
    builtin-ScanDependencies -o /Users/nataliewhipps/Library/Developer/Xcode/DerivedData/Prompt28-cgmmkisguitsyibyvnemfqvywbnv/Build/Intermediates.noindex/AppCheck.build/Debug-iphonesimulator/AppCheckCore.build/Objects-normal/x86_64/GACAppAttestProvider.o.scan -- /Applications/Xcode.app/Contents/Developer/Toolchains/XcodeDefault.xctoolchain/usr/bin/clang -x objective-c -ivfsstatcache /Users/nataliewhipps/Library/Developer/Xcode/DerivedData/SDKStatCaches.noindex/iphonesimulator26.2-23C57-7d00a8b37fbd7999ea79df8ebc024bf0.sdkstatcache -fmessage-length\=0 -fdiagnostics-show-note-include-stack -fmacro-backtrace-limit\=0 -fno-color-diagnostics -fmodules-prune-interval\=86400 -fmodules-prune-after\=345600 -fbuild-session-file\=/Users/nataliewhipps/Library/Developer/Xcode/DerivedData/ModuleCache.noindex/Session.modulevalidation -fmodules-validate-once-per-build-session -Wnon-modular-include-in-framework-module -Werror\=non-modular-include-in-framework-module -Wno-trigraphs -Wno-missing-field-initializers -Wno-missing-prototypes -Wno-return-type -Wno-implicit-atomic-properties -Wno-objc-interface-ivars -Wno-arc-repeated-use-of-weak -Wno-missing-braces -Wparentheses -Wswitch -Wno-unused-function -Wno-unused-label -Wno-unused-parameter -Wno-unused-variable -Wunused-value -Wno-empty-body -Wno-uninitialized -Wno-unknown-pragmas -w -Wno-shadow -Wno-four-char-constants -Wno-conversion -Wno-constant-conversion -Wno-int-conversion -Wno-bool-conversion -Wno-enum-conversion -Wno-float-conversion -Wno-non-literal-null-conversion -Wno-objc-literal-conversion -Wshorten-64-to-32 -Wpointer-sign -Wno-newline-eof -Wno-selector -Wno-strict-selector-match -Wno-undeclared-selector -Wno-deprecated-implementations -Wno-implicit-fallthrough -fstrict-aliasing -Wprotocol -Wdeprecated-declarations -Wno-sign-conversion -Wno-infinite-recursion -Wno-comma -Wno-block-capture-autoreleasing -Wno-strict-prototypes -Wno-semicolon-before-method-body -index-store-path /Users/nataliewhipps/Library/Developer/Xcode/DerivedData/Prompt28-cgmmkisguitsyibyvnemfqvywbnv/Index.noindex/DataStore @/Users/nataliewhipps/Library/Developer/Xcode/DerivedData/Prompt28-cgmmkisguitsyibyvnemfqvywbnv/Build/Intermediates.noindex/AppCheck.build/Debug-iphonesimulator/AppCheckCore.build/Objects-normal/x86_64/e6072d4f65d7061329687fe24e3d63a7-common-args.resp -MMD -MT dependencies -MF /Users/nataliewhipps/Library/Developer/Xcode/DerivedData/Prompt28-cgmmkisguitsyibyvnemfqvywbnv/Build/Intermediates.noindex/AppCheck.build/Debug-iphonesimulator/AppCheckCore.build/Objects-normal/x86_64/GACAppAttestProvider.d --serialize-diagnostics /Users/nataliewhipps/Library/Developer/Xcode/DerivedData/Prompt28-cgmmkisguitsyibyvnemfqvywbnv/Build/Intermediates.noindex/AppCheck.build/Debug-iphonesimulator/AppCheckCore.build/Objects-normal/x86_64/GACAppAttestProvider.dia -c /Users/nataliewhipps/Library/Developer/Xcode/DerivedData/Prompt28-cgmmkisguitsyibyvnemfqvywbnv/SourcePackages/checkouts/app-check/AppCheckCore/Sources/AppAttestProvider/GACAppAttestProvider.m -o /Users/nataliewhipps/Library/Developer/Xcode/DerivedData/Prompt28-cgmmkisguitsyibyvnemfqvywbnv/Build/Intermediates.noindex/AppCheck.build/Debug-iphonesimulator/AppCheckCore.build/Objects-normal/x86_64/GACAppAttestProvider.o -index-unit-output-path /AppCheck.build/Debug-iphonesimulator/AppCheckCore.build/Objects-normal/x86_64/GACAppAttestProvider.o

ScanDependencies /Users/nataliewhipps/Library/Developer/Xcode/DerivedData/Prompt28-cgmmkisguitsyibyvnemfqvywbnv/Build/Intermediates.noindex/AppCheck.build/Debug-iphonesimulator/AppCheckCore.build/Objects-normal/x86_64/GACAppAttestKeyIDStorage.o /Users/nataliewhipps/Library/Developer/Xcode/DerivedData/Prompt28-cgmmkisguitsyibyvnemfqvywbnv/SourcePackages/checkouts/app-check/AppCheckCore/Sources/AppAttestProvider/Storage/GACAppAttestKeyIDStorage.m normal x86_64 objective-c com.apple.compilers.llvm.clang.1_0.compiler (in target 'AppCheckCore' from project 'AppCheck')
    cd /Users/nataliewhipps/Desktop/Prompt28/Prompt28.xcodeproj
    
    Using response file: /Users/nataliewhipps/Library/Developer/Xcode/DerivedData/Prompt28-cgmmkisguitsyibyvnemfqvywbnv/Build/Intermediates.noindex/AppCheck.build/Debug-iphonesimulator/AppCheckCore.build/Objects-normal/x86_64/e6072d4f65d7061329687fe24e3d63a7-common-args.resp
    
    builtin-ScanDependencies -o /Users/nataliewhipps/Library/Developer/Xcode/DerivedData/Prompt28-cgmmkisguitsyibyvnemfqvywbnv/Build/Intermediates.noindex/AppCheck.build/Debug-iphonesimulator/AppCheckCore.build/Objects-normal/x86_64/GACAppAttestKeyIDStorage.o.scan -- /Applications/Xcode.app/Contents/Developer/Toolchains/XcodeDefault.xctoolchain/usr/bin/clang -x objective-c -ivfsstatcache /Users/nataliewhipps/Library/Developer/Xcode/DerivedData/SDKStatCaches.noindex/iphonesimulator26.2-23C57-7d00a8b37fbd7999ea79df8ebc024bf0.sdkstatcache -fmessage-length\=0 -fdiagnostics-show-note-include-stack -fmacro-backtrace-limit\=0 -fno-color-diagnostics -fmodules-prune-interval\=86400 -fmodules-prune-after\=345600 -fbuild-session-file\=/Users/nataliewhipps/Library/Developer/Xcode/DerivedData/ModuleCache.noindex/Session.modulevalidation -fmodules-validate-once-per-build-session -Wnon-modular-include-in-framework-module -Werror\=non-modular-include-in-framework-module -Wno-trigraphs -Wno-missing-field-initializers -Wno-missing-prototypes -Wno-return-type -Wno-implicit-atomic-properties -Wno-objc-interface-ivars -Wno-arc-repeated-use-of-weak -Wno-missing-braces -Wparentheses -Wswitch -Wno-unused-function -Wno-unused-label -Wno-unused-parameter -Wno-unused-variable -Wunused-value -Wno-empty-body -Wno-uninitialized -Wno-unknown-pragmas -w -Wno-shadow -Wno-four-char-constants -Wno-conversion -Wno-constant-conversion -Wno-int-conversion -Wno-bool-conversion -Wno-enum-conversion -Wno-float-conversion -Wno-non-literal-null-conversion -Wno-objc-literal-conversion -Wshorten-64-to-32 -Wpointer-sign -Wno-newline-eof -Wno-selector -Wno-strict-selector-match -Wno-undeclared-selector -Wno-deprecated-implementations -Wno-implicit-fallthrough -fstrict-aliasing -Wprotocol -Wdeprecated-declarations -Wno-sign-conversion -Wno-infinite-recursion -Wno-comma -Wno-block-capture-autoreleasing -Wno-strict-prototypes -Wno-semicolon-before-method-body -index-store-path /Users/nataliewhipps/Library/Developer/Xcode/DerivedData/Prompt28-cgmmkisguitsyibyvnemfqvywbnv/Index.noindex/DataStore @/Users/nataliewhipps/Library/Developer/Xcode/DerivedData/Prompt28-cgmmkisguitsyibyvnemfqvywbnv/Build/Intermediates.noindex/AppCheck.build/Debug-iphonesimulator/AppCheckCore.build/Objects-normal/x86_64/e6072d4f65d7061329687fe24e3d63a7-common-args.resp -MMD -MT dependencies -MF /Users/nataliewhipps/Library/Developer/Xcode/DerivedData/Prompt28-cgmmkisguitsyibyvnemfqvywbnv/Build/Intermediates.noindex/AppCheck.build/Debug-iphonesimulator/AppCheckCore.build/Objects-normal/x86_64/GACAppAttestKeyIDStorage.d --serialize-diagnostics /Users/nataliewhipps/Library/Developer/Xcode/DerivedData/Prompt28-cgmmkisguitsyibyvnemfqvywbnv/Build/Intermediates.noindex/AppCheck.build/Debug-iphonesimulator/AppCheckCore.build/Objects-normal/x86_64/GACAppAttestKeyIDStorage.dia -c /Users/nataliewhipps/Library/Developer/Xcode/DerivedData/Prompt28-cgmmkisguitsyibyvnemfqvywbnv/SourcePackages/checkouts/app-check/AppCheckCore/Sources/AppAttestProvider/Storage/GACAppAttestKeyIDStorage.m -o /Users/nataliewhipps/Library/Developer/Xcode/DerivedData/Prompt28-cgmmkisguitsyibyvnemfqvywbnv/Build/Intermediates.noindex/AppCheck.build/Debug-iphonesimulator/AppCheckCore.build/Objects-normal/x86_64/GACAppAttestKeyIDStorage.o -index-unit-output-path /AppCheck.build/Debug-iphonesimulator/AppCheckCore.build/Objects-normal/x86_64/GACAppAttestKeyIDStorage.o

ScanDependencies /Users/nataliewhipps/Library/Developer/Xcode/DerivedData/Prompt28-cgmmkisguitsyibyvnemfqvywbnv/Build/Intermediates.noindex/AppCheck.build/Debug-iphonesimulator/AppCheckCore.build/Objects-normal/x86_64/GACAppAttestAttestationResponse.o /Users/nataliewhipps/Library/Developer/Xcode/DerivedData/Prompt28-cgmmkisguitsyibyvnemfqvywbnv/SourcePackages/checkouts/app-check/AppCheckCore/Sources/AppAttestProvider/API/GACAppAttestAttestationResponse.m normal x86_64 objective-c com.apple.compilers.llvm.clang.1_0.compiler (in target 'AppCheckCore' from project 'AppCheck')
    cd /Users/nataliewhipps/Desktop/Prompt28/Prompt28.xcodeproj
    
    Using response file: /Users/nataliewhipps/Library/Developer/Xcode/DerivedData/Prompt28-cgmmkisguitsyibyvnemfqvywbnv/Build/Intermediates.noindex/AppCheck.build/Debug-iphonesimulator/AppCheckCore.build/Objects-normal/x86_64/e6072d4f65d7061329687fe24e3d63a7-common-args.resp
    
    builtin-ScanDependencies -o /Users/nataliewhipps/Library/Developer/Xcode/DerivedData/Prompt28-cgmmkisguitsyibyvnemfqvywbnv/Build/Intermediates.noindex/AppCheck.build/Debug-iphonesimulator/AppCheckCore.build/Objects-normal/x86_64/GACAppAttestAttestationResponse.o.scan -- /Applications/Xcode.app/Contents/Developer/Toolchains/XcodeDefault.xctoolchain/usr/bin/clang -x objective-c -ivfsstatcache /Users/nataliewhipps/Library/Developer/Xcode/DerivedData/SDKStatCaches.noindex/iphonesimulator26.2-23C57-7d00a8b37fbd7999ea79df8ebc024bf0.sdkstatcache -fmessage-length\=0 -fdiagnostics-show-note-include-stack -fmacro-backtrace-limit\=0 -fno-color-diagnostics -fmodules-prune-interval\=86400 -fmodules-prune-after\=345600 -fbuild-session-file\=/Users/nataliewhipps/Library/Developer/Xcode/DerivedData/ModuleCache.noindex/Session.modulevalidation -fmodules-validate-once-per-build-session -Wnon-modular-include-in-framework-module -Werror\=non-modular-include-in-framework-module -Wno-trigraphs -Wno-missing-field-initializers -Wno-missing-prototypes -Wno-return-type -Wno-implicit-atomic-properties -Wno-objc-interface-ivars -Wno-arc-repeated-use-of-weak -Wno-missing-braces -Wparentheses -Wswitch -Wno-unused-function -Wno-unused-label -Wno-unused-parameter -Wno-unused-variable -Wunused-value -Wno-empty-body -Wno-uninitialized -Wno-unknown-pragmas -w -Wno-shadow -Wno-four-char-constants -Wno-conversion -Wno-constant-conversion -Wno-int-conversion -Wno-bool-conversion -Wno-enum-conversion -Wno-float-conversion -Wno-non-literal-null-conversion -Wno-objc-literal-conversion -Wshorten-64-to-32 -Wpointer-sign -Wno-newline-eof -Wno-selector -Wno-strict-selector-match -Wno-undeclared-selector -Wno-deprecated-implementations -Wno-implicit-fallthrough -fstrict-aliasing -Wprotocol -Wdeprecated-declarations -Wno-sign-conversion -Wno-infinite-recursion -Wno-comma -Wno-block-capture-autoreleasing -Wno-strict-prototypes -Wno-semicolon-before-method-body -index-store-path /Users/nataliewhipps/Library/Developer/Xcode/DerivedData/Prompt28-cgmmkisguitsyibyvnemfqvywbnv/Index.noindex/DataStore @/Users/nataliewhipps/Library/Developer/Xcode/DerivedData/Prompt28-cgmmkisguitsyibyvnemfqvywbnv/Build/Intermediates.noindex/AppCheck.build/Debug-iphonesimulator/AppCheckCore.build/Objects-normal/x86_64/e6072d4f65d7061329687fe24e3d63a7-common-args.resp -MMD -MT dependencies -MF /Users/nataliewhipps/Library/Developer/Xcode/DerivedData/Prompt28-cgmmkisguitsyibyvnemfqvywbnv/Build/Intermediates.noindex/AppCheck.build/Debug-iphonesimulator/AppCheckCore.build/Objects-normal/x86_64/GACAppAttestAttestationResponse.d --serialize-diagnostics /Users/nataliewhipps/Library/Developer/Xcode/DerivedData/Prompt28-cgmmkisguitsyibyvnemfqvywbnv/Build/Intermediates.noindex/AppCheck.build/Debug-iphonesimulator/AppCheckCore.build/Objects-normal/x86_64/GACAppAttestAttestationResponse.dia -c /Users/nataliewhipps/Library/Developer/Xcode/DerivedData/Prompt28-cgmmkisguitsyibyvnemfqvywbnv/SourcePackages/checkouts/app-check/AppCheckCore/Sources/AppAttestProvider/API/GACAppAttestAttestationResponse.m -o /Users/nataliewhipps/Library/Developer/Xcode/DerivedData/Prompt28-cgmmkisguitsyibyvnemfqvywbnv/Build/Intermediates.noindex/AppCheck.build/Debug-iphonesimulator/AppCheckCore.build/Objects-normal/x86_64/GACAppAttestAttestationResponse.o -index-unit-output-path /AppCheck.build/Debug-iphonesimulator/AppCheckCore.build/Objects-normal/x86_64/GACAppAttestAttestationResponse.o

SwiftExplicitDependencyGeneratePcm x86_64 /Users/nataliewhipps/Library/Developer/Xcode/DerivedData/ModuleCache.noindex/_DarwinFoundation1-3N80OOO0585LRUC9U1RI8AA78.pcm

ScanDependencies /Users/nataliewhipps/Library/Developer/Xcode/DerivedData/Prompt28-cgmmkisguitsyibyvnemfqvywbnv/Build/Intermediates.noindex/AppCheck.build/Debug-iphonesimulator/AppCheckCore.build/Objects-normal/x86_64/GACAppAttestArtifactStorage.o /Users/nataliewhipps/Library/Developer/Xcode/DerivedData/Prompt28-cgmmkisguitsyibyvnemfqvywbnv/SourcePackages/checkouts/app-check/AppCheckCore/Sources/AppAttestProvider/Storage/GACAppAttestArtifactStorage.m normal x86_64 objective-c com.apple.compilers.llvm.clang.1_0.compiler (in target 'AppCheckCore' from project 'AppCheck')
    cd /Users/nataliewhipps/Desktop/Prompt28/Prompt28.xcodeproj
    
    Using response file: /Users/nataliewhipps/Library/Developer/Xcode/DerivedData/Prompt28-cgmmkisguitsyibyvnemfqvywbnv/Build/Intermediates.noindex/AppCheck.build/Debug-iphonesimulator/AppCheckCore.build/Objects-normal/x86_64/e6072d4f65d7061329687fe24e3d63a7-common-args.resp
    
    builtin-ScanDependencies -o /Users/nataliewhipps/Library/Developer/Xcode/DerivedData/Prompt28-cgmmkisguitsyibyvnemfqvywbnv/Build/Intermediates.noindex/AppCheck.build/Debug-iphonesimulator/AppCheckCore.build/Objects-normal/x86_64/GACAppAttestArtifactStorage.o.scan -- /Applications/Xcode.app/Contents/Developer/Toolchains/XcodeDefault.xctoolchain/usr/bin/clang -x objective-c -ivfsstatcache /Users/nataliewhipps/Library/Developer/Xcode/DerivedData/SDKStatCaches.noindex/iphonesimulator26.2-23C57-7d00a8b37fbd7999ea79df8ebc024bf0.sdkstatcache -fmessage-length\=0 -fdiagnostics-show-note-include-stack -fmacro-backtrace-limit\=0 -fno-color-diagnostics -fmodules-prune-interval\=86400 -fmodules-prune-after\=345600 -fbuild-session-file\=/Users/nataliewhipps/Library/Developer/Xcode/DerivedData/ModuleCache.noindex/Session.modulevalidation -fmodules-validate-once-per-build-session -Wnon-modular-include-in-framework-module -Werror\=non-modular-include-in-framework-module -Wno-trigraphs -Wno-missing-field-initializers -Wno-missing-prototypes -Wno-return-type -Wno-implicit-atomic-properties -Wno-objc-interface-ivars -Wno-arc-repeated-use-of-weak -Wno-missing-braces -Wparentheses -Wswitch -Wno-unused-function -Wno-unused-label -Wno-unused-parameter -Wno-unused-variable -Wunused-value -Wno-empty-body -Wno-uninitialized -Wno-unknown-pragmas -w -Wno-shadow -Wno-four-char-constants -Wno-conversion -Wno-constant-conversion -Wno-int-conversion -Wno-bool-conversion -Wno-enum-conversion -Wno-float-conversion -Wno-non-literal-null-conversion -Wno-objc-literal-conversion -Wshorten-64-to-32 -Wpointer-sign -Wno-newline-eof -Wno-selector -Wno-strict-selector-match -Wno-undeclared-selector -Wno-deprecated-implementations -Wno-implicit-fallthrough -fstrict-aliasing -Wprotocol -Wdeprecated-declarations -Wno-sign-conversion -Wno-infinite-recursion -Wno-comma -Wno-block-capture-autoreleasing -Wno-strict-prototypes -Wno-semicolon-before-method-body -index-store-path /Users/nataliewhipps/Library/Developer/Xcode/DerivedData/Prompt28-cgmmkisguitsyibyvnemfqvywbnv/Index.noindex/DataStore @/Users/nataliewhipps/Library/Developer/Xcode/DerivedData/Prompt28-cgmmkisguitsyibyvnemfqvywbnv/Build/Intermediates.noindex/AppCheck.build/Debug-iphonesimulator/AppCheckCore.build/Objects-normal/x86_64/e6072d4f65d7061329687fe24e3d63a7-common-args.resp -MMD -MT dependencies -MF /Users/nataliewhipps/Library/Developer/Xcode/DerivedData/Prompt28-cgmmkisguitsyibyvnemfqvywbnv/Build/Intermediates.noindex/AppCheck.build/Debug-iphonesimulator/AppCheckCore.build/Objects-normal/x86_64/GACAppAttestArtifactStorage.d --serialize-diagnostics /Users/nataliewhipps/Library/Developer/Xcode/DerivedData/Prompt28-cgmmkisguitsyibyvnemfqvywbnv/Build/Intermediates.noindex/AppCheck.build/Debug-iphonesimulator/AppCheckCore.build/Objects-normal/x86_64/GACAppAttestArtifactStorage.dia -c /Users/nataliewhipps/Library/Developer/Xcode/DerivedData/Prompt28-cgmmkisguitsyibyvnemfqvywbnv/SourcePackages/checkouts/app-check/AppCheckCore/Sources/AppAttestProvider/Storage/GACAppAttestArtifactStorage.m -o /Users/nataliewhipps/Library/Developer/Xcode/DerivedData/Prompt28-cgmmkisguitsyibyvnemfqvywbnv/Build/Intermediates.noindex/AppCheck.build/Debug-iphonesimulator/AppCheckCore.build/Objects-normal/x86_64/GACAppAttestArtifactStorage.o -index-unit-output-path /AppCheck.build/Debug-iphonesimulator/AppCheckCore.build/Objects-normal/x86_64/GACAppAttestArtifactStorage.o

ScanDependencies /Users/nataliewhipps/Library/Developer/Xcode/DerivedData/Prompt28-cgmmkisguitsyibyvnemfqvywbnv/Build/Intermediates.noindex/AppCheck.build/Debug-iphonesimulator/AppCheckCore.build/Objects-normal/x86_64/GACAppAttestAPIService.o /Users/nataliewhipps/Library/Developer/Xcode/DerivedData/Prompt28-cgmmkisguitsyibyvnemfqvywbnv/SourcePackages/checkouts/app-check/AppCheckCore/Sources/AppAttestProvider/API/GACAppAttestAPIService.m normal x86_64 objective-c com.apple.compilers.llvm.clang.1_0.compiler (in target 'AppCheckCore' from project 'AppCheck')
    cd /Users/nataliewhipps/Desktop/Prompt28/Prompt28.xcodeproj
    
    Using response file: /Users/nataliewhipps/Library/Developer/Xcode/DerivedData/Prompt28-cgmmkisguitsyibyvnemfqvywbnv/Build/Intermediates.noindex/AppCheck.build/Debug-iphonesimulator/AppCheckCore.build/Objects-normal/x86_64/e6072d4f65d7061329687fe24e3d63a7-common-args.resp
    
    builtin-ScanDependencies -o /Users/nataliewhipps/Library/Developer/Xcode/DerivedData/Prompt28-cgmmkisguitsyibyvnemfqvywbnv/Build/Intermediates.noindex/AppCheck.build/Debug-iphonesimulator/AppCheckCore.build/Objects-normal/x86_64/GACAppAttestAPIService.o.scan -- /Applications/Xcode.app/Contents/Developer/Toolchains/XcodeDefault.xctoolchain/usr/bin/clang -x objective-c -ivfsstatcache /Users/nataliewhipps/Library/Developer/Xcode/DerivedData/SDKStatCaches.noindex/iphonesimulator26.2-23C57-7d00a8b37fbd7999ea79df8ebc024bf0.sdkstatcache -fmessage-length\=0 -fdiagnostics-show-note-include-stack -fmacro-backtrace-limit\=0 -fno-color-diagnostics -fmodules-prune-interval\=86400 -fmodules-prune-after\=345600 -fbuild-session-file\=/Users/nataliewhipps/Library/Developer/Xcode/DerivedData/ModuleCache.noindex/Session.modulevalidation -fmodules-validate-once-per-build-session -Wnon-modular-include-in-framework-module -Werror\=non-modular-include-in-framework-module -Wno-trigraphs -Wno-missing-field-initializers -Wno-missing-prototypes -Wno-return-type -Wno-implicit-atomic-properties -Wno-objc-interface-ivars -Wno-arc-repeated-use-of-weak -Wno-missing-braces -Wparentheses -Wswitch -Wno-unused-function -Wno-unused-label -Wno-unused-parameter -Wno-unused-variable -Wunused-value -Wno-empty-body -Wno-uninitialized -Wno-unknown-pragmas -w -Wno-shadow -Wno-four-char-constants -Wno-conversion -Wno-constant-conversion -Wno-int-conversion -Wno-bool-conversion -Wno-enum-conversion -Wno-float-conversion -Wno-non-literal-null-conversion -Wno-objc-literal-conversion -Wshorten-64-to-32 -Wpointer-sign -Wno-newline-eof -Wno-selector -Wno-strict-selector-match -Wno-undeclared-selector -Wno-deprecated-implementations -Wno-implicit-fallthrough -fstrict-aliasing -Wprotocol -Wdeprecated-declarations -Wno-sign-conversion -Wno-infinite-recursion -Wno-comma -Wno-block-capture-autoreleasing -Wno-strict-prototypes -Wno-semicolon-before-method-body -index-store-path /Users/nataliewhipps/Library/Developer/Xcode/DerivedData/Prompt28-cgmmkisguitsyibyvnemfqvywbnv/Index.noindex/DataStore @/Users/nataliewhipps/Library/Developer/Xcode/DerivedData/Prompt28-cgmmkisguitsyibyvnemfqvywbnv/Build/Intermediates.noindex/AppCheck.build/Debug-iphonesimulator/AppCheckCore.build/Objects-normal/x86_64/e6072d4f65d7061329687fe24e3d63a7-common-args.resp -MMD -MT dependencies -MF /Users/nataliewhipps/Library/Developer/Xcode/DerivedData/Prompt28-cgmmkisguitsyibyvnemfqvywbnv/Build/Intermediates.noindex/AppCheck.build/Debug-iphonesimulator/AppCheckCore.build/Objects-normal/x86_64/GACAppAttestAPIService.d --serialize-diagnostics /Users/nataliewhipps/Library/Developer/Xcode/DerivedData/Prompt28-cgmmkisguitsyibyvnemfqvywbnv/Build/Intermediates.noindex/AppCheck.build/Debug-iphonesimulator/AppCheckCore.build/Objects-normal/x86_64/GACAppAttestAPIService.dia -c /Users/nataliewhipps/Library/Developer/Xcode/DerivedData/Prompt28-cgmmkisguitsyibyvnemfqvywbnv/SourcePackages/checkouts/app-check/AppCheckCore/Sources/AppAttestProvider/API/GACAppAttestAPIService.m -o /Users/nataliewhipps/Library/Developer/Xcode/DerivedData/Prompt28-cgmmkisguitsyibyvnemfqvywbnv/Build/Intermediates.noindex/AppCheck.build/Debug-iphonesimulator/AppCheckCore.build/Objects-normal/x86_64/GACAppAttestAPIService.o -index-unit-output-path /AppCheck.build/Debug-iphonesimulator/AppCheckCore.build/Objects-normal/x86_64/GACAppAttestAPIService.o

ScanDependencies /Users/nataliewhipps/Library/Developer/Xcode/DerivedData/Prompt28-cgmmkisguitsyibyvnemfqvywbnv/Build/Intermediates.noindex/AppCheck.build/Debug-iphonesimulator/AppCheckCore.build/Objects-normal/x86_64/DCDevice+GACDeviceCheckTokenGenerator.o /Users/nataliewhipps/Library/Developer/Xcode/DerivedData/Prompt28-cgmmkisguitsyibyvnemfqvywbnv/SourcePackages/checkouts/app-check/AppCheckCore/Sources/DeviceCheckProvider/DCDevice+GACDeviceCheckTokenGenerator.m normal x86_64 objective-c com.apple.compilers.llvm.clang.1_0.compiler (in target 'AppCheckCore' from project 'AppCheck')
    cd /Users/nataliewhipps/Desktop/Prompt28/Prompt28.xcodeproj
    
    Using response file: /Users/nataliewhipps/Library/Developer/Xcode/DerivedData/Prompt28-cgmmkisguitsyibyvnemfqvywbnv/Build/Intermediates.noindex/AppCheck.build/Debug-iphonesimulator/AppCheckCore.build/Objects-normal/x86_64/e6072d4f65d7061329687fe24e3d63a7-common-args.resp
    
    builtin-ScanDependencies -o /Users/nataliewhipps/Library/Developer/Xcode/DerivedData/Prompt28-cgmmkisguitsyibyvnemfqvywbnv/Build/Intermediates.noindex/AppCheck.build/Debug-iphonesimulator/AppCheckCore.build/Objects-normal/x86_64/DCDevice+GACDeviceCheckTokenGenerator.o.scan -- /Applications/Xcode.app/Contents/Developer/Toolchains/XcodeDefault.xctoolchain/usr/bin/clang -x objective-c -ivfsstatcache /Users/nataliewhipps/Library/Developer/Xcode/DerivedData/SDKStatCaches.noindex/iphonesimulator26.2-23C57-7d00a8b37fbd7999ea79df8ebc024bf0.sdkstatcache -fmessage-length\=0 -fdiagnostics-show-note-include-stack -fmacro-backtrace-limit\=0 -fno-color-diagnostics -fmodules-prune-interval\=86400 -fmodules-prune-after\=345600 -fbuild-session-file\=/Users/nataliewhipps/Library/Developer/Xcode/DerivedData/ModuleCache.noindex/Session.modulevalidation -fmodules-validate-once-per-build-session -Wnon-modular-include-in-framework-module -Werror\=non-modular-include-in-framework-module -Wno-trigraphs -Wno-missing-field-initializers -Wno-missing-prototypes -Wno-return-type -Wno-implicit-atomic-properties -Wno-objc-interface-ivars -Wno-arc-repeated-use-of-weak -Wno-missing-braces -Wparentheses -Wswitch -Wno-unused-function -Wno-unused-label -Wno-unused-parameter -Wno-unused-variable -Wunused-value -Wno-empty-body -Wno-uninitialized -Wno-unknown-pragmas -w -Wno-shadow -Wno-four-char-constants -Wno-conversion -Wno-constant-conversion -Wno-int-conversion -Wno-bool-conversion -Wno-enum-conversion -Wno-float-conversion -Wno-non-literal-null-conversion -Wno-objc-literal-conversion -Wshorten-64-to-32 -Wpointer-sign -Wno-newline-eof -Wno-selector -Wno-strict-selector-match -Wno-undeclared-selector -Wno-deprecated-implementations -Wno-implicit-fallthrough -fstrict-aliasing -Wprotocol -Wdeprecated-declarations -Wno-sign-conversion -Wno-infinite-recursion -Wno-comma -Wno-block-capture-autoreleasing -Wno-strict-prototypes -Wno-semicolon-before-method-body -index-store-path /Users/nataliewhipps/Library/Developer/Xcode/DerivedData/Prompt28-cgmmkisguitsyibyvnemfqvywbnv/Index.noindex/DataStore @/Users/nataliewhipps/Library/Developer/Xcode/DerivedData/Prompt28-cgmmkisguitsyibyvnemfqvywbnv/Build/Intermediates.noindex/AppCheck.build/Debug-iphonesimulator/AppCheckCore.build/Objects-normal/x86_64/e6072d4f65d7061329687fe24e3d63a7-common-args.resp -MMD -MT dependencies -MF /Users/nataliewhipps/Library/Developer/Xcode/DerivedData/Prompt28-cgmmkisguitsyibyvnemfqvywbnv/Build/Intermediates.noindex/AppCheck.build/Debug-iphonesimulator/AppCheckCore.build/Objects-normal/x86_64/DCDevice+GACDeviceCheckTokenGenerator.d --serialize-diagnostics /Users/nataliewhipps/Library/Developer/Xcode/DerivedData/Prompt28-cgmmkisguitsyibyvnemfqvywbnv/Build/Intermediates.noindex/AppCheck.build/Debug-iphonesimulator/AppCheckCore.build/Objects-normal/x86_64/DCDevice+GACDeviceCheckTokenGenerator.dia -c /Users/nataliewhipps/Library/Developer/Xcode/DerivedData/Prompt28-cgmmkisguitsyibyvnemfqvywbnv/SourcePackages/checkouts/app-check/AppCheckCore/Sources/DeviceCheckProvider/DCDevice+GACDeviceCheckTokenGenerator.m -o /Users/nataliewhipps/Library/Developer/Xcode/DerivedData/Prompt28-cgmmkisguitsyibyvnemfqvywbnv/Build/Intermediates.noindex/AppCheck.build/Debug-iphonesimulator/AppCheckCore.build/Objects-normal/x86_64/DCDevice+GACDeviceCheckTokenGenerator.o -index-unit-output-path /AppCheck.build/Debug-iphonesimulator/AppCheckCore.build/Objects-normal/x86_64/DCDevice+GACDeviceCheckTokenGenerator.o

ScanDependencies /Users/nataliewhipps/Library/Developer/Xcode/DerivedData/Prompt28-cgmmkisguitsyibyvnemfqvywbnv/Build/Intermediates.noindex/AppCheck.build/Debug-iphonesimulator/AppCheckCore.build/Objects-normal/x86_64/DCAppAttestService+GACAppAttestService.o /Users/nataliewhipps/Library/Developer/Xcode/DerivedData/Prompt28-cgmmkisguitsyibyvnemfqvywbnv/SourcePackages/checkouts/app-check/AppCheckCore/Sources/AppAttestProvider/DCAppAttestService+GACAppAttestService.m normal x86_64 objective-c com.apple.compilers.llvm.clang.1_0.compiler (in target 'AppCheckCore' from project 'AppCheck')
    cd /Users/nataliewhipps/Desktop/Prompt28/Prompt28.xcodeproj
    
    Using response file: /Users/nataliewhipps/Library/Developer/Xcode/DerivedData/Prompt28-cgmmkisguitsyibyvnemfqvywbnv/Build/Intermediates.noindex/AppCheck.build/Debug-iphonesimulator/AppCheckCore.build/Objects-normal/x86_64/e6072d4f65d7061329687fe24e3d63a7-common-args.resp
    
    builtin-ScanDependencies -o /Users/nataliewhipps/Library/Developer/Xcode/DerivedData/Prompt28-cgmmkisguitsyibyvnemfqvywbnv/Build/Intermediates.noindex/AppCheck.build/Debug-iphonesimulator/AppCheckCore.build/Objects-normal/x86_64/DCAppAttestService+GACAppAttestService.o.scan -- /Applications/Xcode.app/Contents/Developer/Toolchains/XcodeDefault.xctoolchain/usr/bin/clang -x objective-c -ivfsstatcache /Users/nataliewhipps/Library/Developer/Xcode/DerivedData/SDKStatCaches.noindex/iphonesimulator26.2-23C57-7d00a8b37fbd7999ea79df8ebc024bf0.sdkstatcache -fmessage-length\=0 -fdiagnostics-show-note-include-stack -fmacro-backtrace-limit\=0 -fno-color-diagnostics -fmodules-prune-interval\=86400 -fmodules-prune-after\=345600 -fbuild-session-file\=/Users/nataliewhipps/Library/Developer/Xcode/DerivedData/ModuleCache.noindex/Session.modulevalidation -fmodules-validate-once-per-build-session -Wnon-modular-include-in-framework-module -Werror\=non-modular-include-in-framework-module -Wno-trigraphs -Wno-missing-field-initializers -Wno-missing-prototypes -Wno-return-type -Wno-implicit-atomic-properties -Wno-objc-interface-ivars -Wno-arc-repeated-use-of-weak -Wno-missing-braces -Wparentheses -Wswitch -Wno-unused-function -Wno-unused-label -Wno-unused-parameter -Wno-unused-variable -Wunused-value -Wno-empty-body -Wno-uninitialized -Wno-unknown-pragmas -w -Wno-shadow -Wno-four-char-constants -Wno-conversion -Wno-constant-conversion -Wno-int-conversion -Wno-bool-conversion -Wno-enum-conversion -Wno-float-conversion -Wno-non-literal-null-conversion -Wno-objc-literal-conversion -Wshorten-64-to-32 -Wpointer-sign -Wno-newline-eof -Wno-selector -Wno-strict-selector-match -Wno-undeclared-selector -Wno-deprecated-implementations -Wno-implicit-fallthrough -fstrict-aliasing -Wprotocol -Wdeprecated-declarations -Wno-sign-conversion -Wno-infinite-recursion -Wno-comma -Wno-block-capture-autoreleasing -Wno-strict-prototypes -Wno-semicolon-before-method-body -index-store-path /Users/nataliewhipps/Library/Developer/Xcode/DerivedData/Prompt28-cgmmkisguitsyibyvnemfqvywbnv/Index.noindex/DataStore @/Users/nataliewhipps/Library/Developer/Xcode/DerivedData/Prompt28-cgmmkisguitsyibyvnemfqvywbnv/Build/Intermediates.noindex/AppCheck.build/Debug-iphonesimulator/AppCheckCore.build/Objects-normal/x86_64/e6072d4f65d7061329687fe24e3d63a7-common-args.resp -MMD -MT dependencies -MF /Users/nataliewhipps/Library/Developer/Xcode/DerivedData/Prompt28-cgmmkisguitsyibyvnemfqvywbnv/Build/Intermediates.noindex/AppCheck.build/Debug-iphonesimulator/AppCheckCore.build/Objects-normal/x86_64/DCAppAttestService+GACAppAttestService.d --serialize-diagnostics /Users/nataliewhipps/Library/Developer/Xcode/DerivedData/Prompt28-cgmmkisguitsyibyvnemfqvywbnv/Build/Intermediates.noindex/AppCheck.build/Debug-iphonesimulator/AppCheckCore.build/Objects-normal/x86_64/DCAppAttestService+GACAppAttestService.dia -c /Users/nataliewhipps/Library/Developer/Xcode/DerivedData/Prompt28-cgmmkisguitsyibyvnemfqvywbnv/SourcePackages/checkouts/app-check/AppCheckCore/Sources/AppAttestProvider/DCAppAttestService+GACAppAttestService.m -o /Users/nataliewhipps/Library/Developer/Xcode/DerivedData/Prompt28-cgmmkisguitsyibyvnemfqvywbnv/Build/Intermediates.noindex/AppCheck.build/Debug-iphonesimulator/AppCheckCore.build/Objects-normal/x86_64/DCAppAttestService+GACAppAttestService.o -index-unit-output-path /AppCheck.build/Debug-iphonesimulator/AppCheckCore.build/Objects-normal/x86_64/DCAppAttestService+GACAppAttestService.o

ScanDependencies /Users/nataliewhipps/Library/Developer/Xcode/DerivedData/Prompt28-cgmmkisguitsyibyvnemfqvywbnv/Build/Intermediates.noindex/AppAuth.build/Debug-iphonesimulator/AppAuthCore.build/Objects-normal/x86_64/resource_bundle_accessor.o /Users/nataliewhipps/Library/Developer/Xcode/DerivedData/Prompt28-cgmmkisguitsyibyvnemfqvywbnv/Build/Intermediates.noindex/AppAuth.build/Debug-iphonesimulator/AppAuthCore.build/DerivedSources/resource_bundle_accessor.m normal x86_64 objective-c com.apple.compilers.llvm.clang.1_0.compiler (in target 'AppAuthCore' from project 'AppAuth')
    cd /Users/nataliewhipps/Desktop/Prompt28/Prompt28.xcodeproj
    
    Using response file: /Users/nataliewhipps/Library/Developer/Xcode/DerivedData/Prompt28-cgmmkisguitsyibyvnemfqvywbnv/Build/Intermediates.noindex/AppAuth.build/Debug-iphonesimulator/AppAuthCore.build/Objects-normal/x86_64/e6072d4f65d7061329687fe24e3d63a7-common-args.resp
    
    builtin-ScanDependencies -o /Users/nataliewhipps/Library/Developer/Xcode/DerivedData/Prompt28-cgmmkisguitsyibyvnemfqvywbnv/Build/Intermediates.noindex/AppAuth.build/Debug-iphonesimulator/AppAuthCore.build/Objects-normal/x86_64/resource_bundle_accessor.o.scan -- /Applications/Xcode.app/Contents/Developer/Toolchains/XcodeDefault.xctoolchain/usr/bin/clang -x objective-c -ivfsstatcache /Users/nataliewhipps/Library/Developer/Xcode/DerivedData/SDKStatCaches.noindex/iphonesimulator26.2-23C57-7d00a8b37fbd7999ea79df8ebc024bf0.sdkstatcache -fmessage-length\=0 -fdiagnostics-show-note-include-stack -fmacro-backtrace-limit\=0 -fno-color-diagnostics -fmodules-prune-interval\=86400 -fmodules-prune-after\=345600 -fbuild-session-file\=/Users/nataliewhipps/Library/Developer/Xcode/DerivedData/ModuleCache.noindex/Session.modulevalidation -fmodules-validate-once-per-build-session -Wnon-modular-include-in-framework-module -Werror\=non-modular-include-in-framework-module -Wno-trigraphs -Wno-missing-field-initializers -Wno-missing-prototypes -Wno-return-type -Wno-implicit-atomic-properties -Wno-objc-interface-ivars -Wno-arc-repeated-use-of-weak -Wno-missing-braces -Wparentheses -Wswitch -Wno-unused-function -Wno-unused-label -Wno-unused-parameter -Wno-unused-variable -Wunused-value -Wno-empty-body -Wno-uninitialized -Wno-unknown-pragmas -w -Wno-shadow -Wno-four-char-constants -Wno-conversion -Wno-constant-conversion -Wno-int-conversion -Wno-bool-conversion -Wno-enum-conversion -Wno-float-conversion -Wno-non-literal-null-conversion -Wno-objc-literal-conversion -Wshorten-64-to-32 -Wpointer-sign -Wno-newline-eof -Wno-selector -Wno-strict-selector-match -Wno-undeclared-selector -Wno-deprecated-implementations -Wno-implicit-fallthrough -fstrict-aliasing -Wprotocol -Wdeprecated-declarations -Wno-sign-conversion -Wno-infinite-recursion -Wno-comma -Wno-block-capture-autoreleasing -Wno-strict-prototypes -Wno-semicolon-before-method-body -index-store-path /Users/nataliewhipps/Library/Developer/Xcode/DerivedData/Prompt28-cgmmkisguitsyibyvnemfqvywbnv/Index.noindex/DataStore @/Users/nataliewhipps/Library/Developer/Xcode/DerivedData/Prompt28-cgmmkisguitsyibyvnemfqvywbnv/Build/Intermediates.noindex/AppAuth.build/Debug-iphonesimulator/AppAuthCore.build/Objects-normal/x86_64/e6072d4f65d7061329687fe24e3d63a7-common-args.resp -include /Users/nataliewhipps/Library/Developer/Xcode/DerivedData/Prompt28-cgmmkisguitsyibyvnemfqvywbnv/Build/Intermediates.noindex/AppAuth.build/Debug-iphonesimulator/AppAuthCore.build/DerivedSources/resource_bundle_accessor.h -MMD -MT dependencies -MF /Users/nataliewhipps/Library/Developer/Xcode/DerivedData/Prompt28-cgmmkisguitsyibyvnemfqvywbnv/Build/Intermediates.noindex/AppAuth.build/Debug-iphonesimulator/AppAuthCore.build/Objects-normal/x86_64/resource_bundle_accessor.d --serialize-diagnostics /Users/nataliewhipps/Library/Developer/Xcode/DerivedData/Prompt28-cgmmkisguitsyibyvnemfqvywbnv/Build/Intermediates.noindex/AppAuth.build/Debug-iphonesimulator/AppAuthCore.build/Objects-normal/x86_64/resource_bundle_accessor.dia -c /Users/nataliewhipps/Library/Developer/Xcode/DerivedData/Prompt28-cgmmkisguitsyibyvnemfqvywbnv/Build/Intermediates.noindex/AppAuth.build/Debug-iphonesimulator/AppAuthCore.build/DerivedSources/resource_bundle_accessor.m -o /Users/nataliewhipps/Library/Developer/Xcode/DerivedData/Prompt28-cgmmkisguitsyibyvnemfqvywbnv/Build/Intermediates.noindex/AppAuth.build/Debug-iphonesimulator/AppAuthCore.build/Objects-normal/x86_64/resource_bundle_accessor.o -index-unit-output-path /AppAuth.build/Debug-iphonesimulator/AppAuthCore.build/Objects-normal/x86_64/resource_bundle_accessor.o

ScanDependencies /Users/nataliewhipps/Library/Developer/Xcode/DerivedData/Prompt28-cgmmkisguitsyibyvnemfqvywbnv/Build/Intermediates.noindex/AppAuth.build/Debug-iphonesimulator/AppAuthCore.build/Objects-normal/x86_64/OIDURLSessionProvider.o /Users/nataliewhipps/Library/Developer/Xcode/DerivedData/Prompt28-cgmmkisguitsyibyvnemfqvywbnv/SourcePackages/checkouts/AppAuth-iOS/Sources/AppAuthCore/OIDURLSessionProvider.m normal x86_64 objective-c com.apple.compilers.llvm.clang.1_0.compiler (in target 'AppAuthCore' from project 'AppAuth')
    cd /Users/nataliewhipps/Desktop/Prompt28/Prompt28.xcodeproj
    
    Using response file: /Users/nataliewhipps/Library/Developer/Xcode/DerivedData/Prompt28-cgmmkisguitsyibyvnemfqvywbnv/Build/Intermediates.noindex/AppAuth.build/Debug-iphonesimulator/AppAuthCore.build/Objects-normal/x86_64/e6072d4f65d7061329687fe24e3d63a7-common-args.resp
    
    builtin-ScanDependencies -o /Users/nataliewhipps/Library/Developer/Xcode/DerivedData/Prompt28-cgmmkisguitsyibyvnemfqvywbnv/Build/Intermediates.noindex/AppAuth.build/Debug-iphonesimulator/AppAuthCore.build/Objects-normal/x86_64/OIDURLSessionProvider.o.scan -- /Applications/Xcode.app/Contents/Developer/Toolchains/XcodeDefault.xctoolchain/usr/bin/clang -x objective-c -ivfsstatcache /Users/nataliewhipps/Library/Developer/Xcode/DerivedData/SDKStatCaches.noindex/iphonesimulator26.2-23C57-7d00a8b37fbd7999ea79df8ebc024bf0.sdkstatcache -fmessage-length\=0 -fdiagnostics-show-note-include-stack -fmacro-backtrace-limit\=0 -fno-color-diagnostics -fmodules-prune-interval\=86400 -fmodules-prune-after\=345600 -fbuild-session-file\=/Users/nataliewhipps/Library/Developer/Xcode/DerivedData/ModuleCache.noindex/Session.modulevalidation -fmodules-validate-once-per-build-session -Wnon-modular-include-in-framework-module -Werror\=non-modular-include-in-framework-module -Wno-trigraphs -Wno-missing-field-initializers -Wno-missing-prototypes -Wno-return-type -Wno-implicit-atomic-properties -Wno-objc-interface-ivars -Wno-arc-repeated-use-of-weak -Wno-missing-braces -Wparentheses -Wswitch -Wno-unused-function -Wno-unused-label -Wno-unused-parameter -Wno-unused-variable -Wunused-value -Wno-empty-body -Wno-uninitialized -Wno-unknown-pragmas -w -Wno-shadow -Wno-four-char-constants -Wno-conversion -Wno-constant-conversion -Wno-int-conversion -Wno-bool-conversion -Wno-enum-conversion -Wno-float-conversion -Wno-non-literal-null-conversion -Wno-objc-literal-conversion -Wshorten-64-to-32 -Wpointer-sign -Wno-newline-eof -Wno-selector -Wno-strict-selector-match -Wno-undeclared-selector -Wno-deprecated-implementations -Wno-implicit-fallthrough -fstrict-aliasing -Wprotocol -Wdeprecated-declarations -Wno-sign-conversion -Wno-infinite-recursion -Wno-comma -Wno-block-capture-autoreleasing -Wno-strict-prototypes -Wno-semicolon-before-method-body -index-store-path /Users/nataliewhipps/Library/Developer/Xcode/DerivedData/Prompt28-cgmmkisguitsyibyvnemfqvywbnv/Index.noindex/DataStore @/Users/nataliewhipps/Library/Developer/Xcode/DerivedData/Prompt28-cgmmkisguitsyibyvnemfqvywbnv/Build/Intermediates.noindex/AppAuth.build/Debug-iphonesimulator/AppAuthCore.build/Objects-normal/x86_64/e6072d4f65d7061329687fe24e3d63a7-common-args.resp -include /Users/nataliewhipps/Library/Developer/Xcode/DerivedData/Prompt28-cgmmkisguitsyibyvnemfqvywbnv/Build/Intermediates.noindex/AppAuth.build/Debug-iphonesimulator/AppAuthCore.build/DerivedSources/resource_bundle_accessor.h -MMD -MT dependencies -MF /Users/nataliewhipps/Library/Developer/Xcode/DerivedData/Prompt28-cgmmkisguitsyibyvnemfqvywbnv/Build/Intermediates.noindex/AppAuth.build/Debug-iphonesimulator/AppAuthCore.build/Objects-normal/x86_64/OIDURLSessionProvider.d --serialize-diagnostics /Users/nataliewhipps/Library/Developer/Xcode/DerivedData/Prompt28-cgmmkisguitsyibyvnemfqvywbnv/Build/Intermediates.noindex/AppAuth.build/Debug-iphonesimulator/AppAuthCore.build/Objects-normal/x86_64/OIDURLSessionProvider.dia -c /Users/nataliewhipps/Library/Developer/Xcode/DerivedData/Prompt28-cgmmkisguitsyibyvnemfqvywbnv/SourcePackages/checkouts/AppAuth-iOS/Sources/AppAuthCore/OIDURLSessionProvider.m -o /Users/nataliewhipps/Library/Developer/Xcode/DerivedData/Prompt28-cgmmkisguitsyibyvnemfqvywbnv/Build/Intermediates.noindex/AppAuth.build/Debug-iphonesimulator/AppAuthCore.build/Objects-normal/x86_64/OIDURLSessionProvider.o -index-unit-output-path /AppAuth.build/Debug-iphonesimulator/AppAuthCore.build/Objects-normal/x86_64/OIDURLSessionProvider.o

ScanDependencies /Users/nataliewhipps/Library/Developer/Xcode/DerivedData/Prompt28-cgmmkisguitsyibyvnemfqvywbnv/Build/Intermediates.noindex/AppAuth.build/Debug-iphonesimulator/AppAuthCore.build/Objects-normal/x86_64/OIDURLQueryComponent.o /Users/nataliewhipps/Library/Developer/Xcode/DerivedData/Prompt28-cgmmkisguitsyibyvnemfqvywbnv/SourcePackages/checkouts/AppAuth-iOS/Sources/AppAuthCore/OIDURLQueryComponent.m normal x86_64 objective-c com.apple.compilers.llvm.clang.1_0.compiler (in target 'AppAuthCore' from project 'AppAuth')
    cd /Users/nataliewhipps/Desktop/Prompt28/Prompt28.xcodeproj
    
    Using response file: /Users/nataliewhipps/Library/Developer/Xcode/DerivedData/Prompt28-cgmmkisguitsyibyvnemfqvywbnv/Build/Intermediates.noindex/AppAuth.build/Debug-iphonesimulator/AppAuthCore.build/Objects-normal/x86_64/e6072d4f65d7061329687fe24e3d63a7-common-args.resp
    
    builtin-ScanDependencies -o /Users/nataliewhipps/Library/Developer/Xcode/DerivedData/Prompt28-cgmmkisguitsyibyvnemfqvywbnv/Build/Intermediates.noindex/AppAuth.build/Debug-iphonesimulator/AppAuthCore.build/Objects-normal/x86_64/OIDURLQueryComponent.o.scan -- /Applications/Xcode.app/Contents/Developer/Toolchains/XcodeDefault.xctoolchain/usr/bin/clang -x objective-c -ivfsstatcache /Users/nataliewhipps/Library/Developer/Xcode/DerivedData/SDKStatCaches.noindex/iphonesimulator26.2-23C57-7d00a8b37fbd7999ea79df8ebc024bf0.sdkstatcache -fmessage-length\=0 -fdiagnostics-show-note-include-stack -fmacro-backtrace-limit\=0 -fno-color-diagnostics -fmodules-prune-interval\=86400 -fmodules-prune-after\=345600 -fbuild-session-file\=/Users/nataliewhipps/Library/Developer/Xcode/DerivedData/ModuleCache.noindex/Session.modulevalidation -fmodules-validate-once-per-build-session -Wnon-modular-include-in-framework-module -Werror\=non-modular-include-in-framework-module -Wno-trigraphs -Wno-missing-field-initializers -Wno-missing-prototypes -Wno-return-type -Wno-implicit-atomic-properties -Wno-objc-interface-ivars -Wno-arc-repeated-use-of-weak -Wno-missing-braces -Wparentheses -Wswitch -Wno-unused-function -Wno-unused-label -Wno-unused-parameter -Wno-unused-variable -Wunused-value -Wno-empty-body -Wno-uninitialized -Wno-unknown-pragmas -w -Wno-shadow -Wno-four-char-constants -Wno-conversion -Wno-constant-conversion -Wno-int-conversion -Wno-bool-conversion -Wno-enum-conversion -Wno-float-conversion -Wno-non-literal-null-conversion -Wno-objc-literal-conversion -Wshorten-64-to-32 -Wpointer-sign -Wno-newline-eof -Wno-selector -Wno-strict-selector-match -Wno-undeclared-selector -Wno-deprecated-implementations -Wno-implicit-fallthrough -fstrict-aliasing -Wprotocol -Wdeprecated-declarations -Wno-sign-conversion -Wno-infinite-recursion -Wno-comma -Wno-block-capture-autoreleasing -Wno-strict-prototypes -Wno-semicolon-before-method-body -index-store-path /Users/nataliewhipps/Library/Developer/Xcode/DerivedData/Prompt28-cgmmkisguitsyibyvnemfqvywbnv/Index.noindex/DataStore @/Users/nataliewhipps/Library/Developer/Xcode/DerivedData/Prompt28-cgmmkisguitsyibyvnemfqvywbnv/Build/Intermediates.noindex/AppAuth.build/Debug-iphonesimulator/AppAuthCore.build/Objects-normal/x86_64/e6072d4f65d7061329687fe24e3d63a7-common-args.resp -include /Users/nataliewhipps/Library/Developer/Xcode/DerivedData/Prompt28-cgmmkisguitsyibyvnemfqvywbnv/Build/Intermediates.noindex/AppAuth.build/Debug-iphonesimulator/AppAuthCore.build/DerivedSources/resource_bundle_accessor.h -MMD -MT dependencies -MF /Users/nataliewhipps/Library/Developer/Xcode/DerivedData/Prompt28-cgmmkisguitsyibyvnemfqvywbnv/Build/Intermediates.noindex/AppAuth.build/Debug-iphonesimulator/AppAuthCore.build/Objects-normal/x86_64/OIDURLQueryComponent.d --serialize-diagnostics /Users/nataliewhipps/Library/Developer/Xcode/DerivedData/Prompt28-cgmmkisguitsyibyvnemfqvywbnv/Build/Intermediates.noindex/AppAuth.build/Debug-iphonesimulator/AppAuthCore.build/Objects-normal/x86_64/OIDURLQueryComponent.dia -c /Users/nataliewhipps/Library/Developer/Xcode/DerivedData/Prompt28-cgmmkisguitsyibyvnemfqvywbnv/SourcePackages/checkouts/AppAuth-iOS/Sources/AppAuthCore/OIDURLQueryComponent.m -o /Users/nataliewhipps/Library/Developer/Xcode/DerivedData/Prompt28-cgmmkisguitsyibyvnemfqvywbnv/Build/Intermediates.noindex/AppAuth.build/Debug-iphonesimulator/AppAuthCore.build/Objects-normal/x86_64/OIDURLQueryComponent.o -index-unit-output-path /AppAuth.build/Debug-iphonesimulator/AppAuthCore.build/Objects-normal/x86_64/OIDURLQueryComponent.o

ScanDependencies /Users/nataliewhipps/Library/Developer/Xcode/DerivedData/Prompt28-cgmmkisguitsyibyvnemfqvywbnv/Build/Intermediates.noindex/AppAuth.build/Debug-iphonesimulator/AppAuthCore.build/Objects-normal/x86_64/OIDTokenUtilities.o /Users/nataliewhipps/Library/Developer/Xcode/DerivedData/Prompt28-cgmmkisguitsyibyvnemfqvywbnv/SourcePackages/checkouts/AppAuth-iOS/Sources/AppAuthCore/OIDTokenUtilities.m normal x86_64 objective-c com.apple.compilers.llvm.clang.1_0.compiler (in target 'AppAuthCore' from project 'AppAuth')
    cd /Users/nataliewhipps/Desktop/Prompt28/Prompt28.xcodeproj
    
    Using response file: /Users/nataliewhipps/Library/Developer/Xcode/DerivedData/Prompt28-cgmmkisguitsyibyvnemfqvywbnv/Build/Intermediates.noindex/AppAuth.build/Debug-iphonesimulator/AppAuthCore.build/Objects-normal/x86_64/e6072d4f65d7061329687fe24e3d63a7-common-args.resp
    
    builtin-ScanDependencies -o /Users/nataliewhipps/Library/Developer/Xcode/DerivedData/Prompt28-cgmmkisguitsyibyvnemfqvywbnv/Build/Intermediates.noindex/AppAuth.build/Debug-iphonesimulator/AppAuthCore.build/Objects-normal/x86_64/OIDTokenUtilities.o.scan -- /Applications/Xcode.app/Contents/Developer/Toolchains/XcodeDefault.xctoolchain/usr/bin/clang -x objective-c -ivfsstatcache /Users/nataliewhipps/Library/Developer/Xcode/DerivedData/SDKStatCaches.noindex/iphonesimulator26.2-23C57-7d00a8b37fbd7999ea79df8ebc024bf0.sdkstatcache -fmessage-length\=0 -fdiagnostics-show-note-include-stack -fmacro-backtrace-limit\=0 -fno-color-diagnostics -fmodules-prune-interval\=86400 -fmodules-prune-after\=345600 -fbuild-session-file\=/Users/nataliewhipps/Library/Developer/Xcode/DerivedData/ModuleCache.noindex/Session.modulevalidation -fmodules-validate-once-per-build-session -Wnon-modular-include-in-framework-module -Werror\=non-modular-include-in-framework-module -Wno-trigraphs -Wno-missing-field-initializers -Wno-missing-prototypes -Wno-return-type -Wno-implicit-atomic-properties -Wno-objc-interface-ivars -Wno-arc-repeated-use-of-weak -Wno-missing-braces -Wparentheses -Wswitch -Wno-unused-function -Wno-unused-label -Wno-unused-parameter -Wno-unused-variable -Wunused-value -Wno-empty-body -Wno-uninitialized -Wno-unknown-pragmas -w -Wno-shadow -Wno-four-char-constants -Wno-conversion -Wno-constant-conversion -Wno-int-conversion -Wno-bool-conversion -Wno-enum-conversion -Wno-float-conversion -Wno-non-literal-null-conversion -Wno-objc-literal-conversion -Wshorten-64-to-32 -Wpointer-sign -Wno-newline-eof -Wno-selector -Wno-strict-selector-match -Wno-undeclared-selector -Wno-deprecated-implementations -Wno-implicit-fallthrough -fstrict-aliasing -Wprotocol -Wdeprecated-declarations -Wno-sign-conversion -Wno-infinite-recursion -Wno-comma -Wno-block-capture-autoreleasing -Wno-strict-prototypes -Wno-semicolon-before-method-body -index-store-path /Users/nataliewhipps/Library/Developer/Xcode/DerivedData/Prompt28-cgmmkisguitsyibyvnemfqvywbnv/Index.noindex/DataStore @/Users/nataliewhipps/Library/Developer/Xcode/DerivedData/Prompt28-cgmmkisguitsyibyvnemfqvywbnv/Build/Intermediates.noindex/AppAuth.build/Debug-iphonesimulator/AppAuthCore.build/Objects-normal/x86_64/e6072d4f65d7061329687fe24e3d63a7-common-args.resp -include /Users/nataliewhipps/Library/Developer/Xcode/DerivedData/Prompt28-cgmmkisguitsyibyvnemfqvywbnv/Build/Intermediates.noindex/AppAuth.build/Debug-iphonesimulator/AppAuthCore.build/DerivedSources/resource_bundle_accessor.h -MMD -MT dependencies -MF /Users/nataliewhipps/Library/Developer/Xcode/DerivedData/Prompt28-cgmmkisguitsyibyvnemfqvywbnv/Build/Intermediates.noindex/AppAuth.build/Debug-iphonesimulator/AppAuthCore.build/Objects-normal/x86_64/OIDTokenUtilities.d --serialize-diagnostics /Users/nataliewhipps/Library/Developer/Xcode/DerivedData/Prompt28-cgmmkisguitsyibyvnemfqvywbnv/Build/Intermediates.noindex/AppAuth.build/Debug-iphonesimulator/AppAuthCore.build/Objects-normal/x86_64/OIDTokenUtilities.dia -c /Users/nataliewhipps/Library/Developer/Xcode/DerivedData/Prompt28-cgmmkisguitsyibyvnemfqvywbnv/SourcePackages/checkouts/AppAuth-iOS/Sources/AppAuthCore/OIDTokenUtilities.m -o /Users/nataliewhipps/Library/Developer/Xcode/DerivedData/Prompt28-cgmmkisguitsyibyvnemfqvywbnv/Build/Intermediates.noindex/AppAuth.build/Debug-iphonesimulator/AppAuthCore.build/Objects-normal/x86_64/OIDTokenUtilities.o -index-unit-output-path /AppAuth.build/Debug-iphonesimulator/AppAuthCore.build/Objects-normal/x86_64/OIDTokenUtilities.o

ScanDependencies /Users/nataliewhipps/Library/Developer/Xcode/DerivedData/Prompt28-cgmmkisguitsyibyvnemfqvywbnv/Build/Intermediates.noindex/AppAuth.build/Debug-iphonesimulator/AppAuthCore.build/Objects-normal/x86_64/OIDTokenResponse.o /Users/nataliewhipps/Library/Developer/Xcode/DerivedData/Prompt28-cgmmkisguitsyibyvnemfqvywbnv/SourcePackages/checkouts/AppAuth-iOS/Sources/AppAuthCore/OIDTokenResponse.m normal x86_64 objective-c com.apple.compilers.llvm.clang.1_0.compiler (in target 'AppAuthCore' from project 'AppAuth')
    cd /Users/nataliewhipps/Desktop/Prompt28/Prompt28.xcodeproj
    
    Using response file: /Users/nataliewhipps/Library/Developer/Xcode/DerivedData/Prompt28-cgmmkisguitsyibyvnemfqvywbnv/Build/Intermediates.noindex/AppAuth.build/Debug-iphonesimulator/AppAuthCore.build/Objects-normal/x86_64/e6072d4f65d7061329687fe24e3d63a7-common-args.resp
    
    builtin-ScanDependencies -o /Users/nataliewhipps/Library/Developer/Xcode/DerivedData/Prompt28-cgmmkisguitsyibyvnemfqvywbnv/Build/Intermediates.noindex/AppAuth.build/Debug-iphonesimulator/AppAuthCore.build/Objects-normal/x86_64/OIDTokenResponse.o.scan -- /Applications/Xcode.app/Contents/Developer/Toolchains/XcodeDefault.xctoolchain/usr/bin/clang -x objective-c -ivfsstatcache /Users/nataliewhipps/Library/Developer/Xcode/DerivedData/SDKStatCaches.noindex/iphonesimulator26.2-23C57-7d00a8b37fbd7999ea79df8ebc024bf0.sdkstatcache -fmessage-length\=0 -fdiagnostics-show-note-include-stack -fmacro-backtrace-limit\=0 -fno-color-diagnostics -fmodules-prune-interval\=86400 -fmodules-prune-after\=345600 -fbuild-session-file\=/Users/nataliewhipps/Library/Developer/Xcode/DerivedData/ModuleCache.noindex/Session.modulevalidation -fmodules-validate-once-per-build-session -Wnon-modular-include-in-framework-module -Werror\=non-modular-include-in-framework-module -Wno-trigraphs -Wno-missing-field-initializers -Wno-missing-prototypes -Wno-return-type -Wno-implicit-atomic-properties -Wno-objc-interface-ivars -Wno-arc-repeated-use-of-weak -Wno-missing-braces -Wparentheses -Wswitch -Wno-unused-function -Wno-unused-label -Wno-unused-parameter -Wno-unused-variable -Wunused-value -Wno-empty-body -Wno-uninitialized -Wno-unknown-pragmas -w -Wno-shadow -Wno-four-char-constants -Wno-conversion -Wno-constant-conversion -Wno-int-conversion -Wno-bool-conversion -Wno-enum-conversion -Wno-float-conversion -Wno-non-literal-null-conversion -Wno-objc-literal-conversion -Wshorten-64-to-32 -Wpointer-sign -Wno-newline-eof -Wno-selector -Wno-strict-selector-match -Wno-undeclared-selector -Wno-deprecated-implementations -Wno-implicit-fallthrough -fstrict-aliasing -Wprotocol -Wdeprecated-declarations -Wno-sign-conversion -Wno-infinite-recursion -Wno-comma -Wno-block-capture-autoreleasing -Wno-strict-prototypes -Wno-semicolon-before-method-body -index-store-path /Users/nataliewhipps/Library/Developer/Xcode/DerivedData/Prompt28-cgmmkisguitsyibyvnemfqvywbnv/Index.noindex/DataStore @/Users/nataliewhipps/Library/Developer/Xcode/DerivedData/Prompt28-cgmmkisguitsyibyvnemfqvywbnv/Build/Intermediates.noindex/AppAuth.build/Debug-iphonesimulator/AppAuthCore.build/Objects-normal/x86_64/e6072d4f65d7061329687fe24e3d63a7-common-args.resp -include /Users/nataliewhipps/Library/Developer/Xcode/DerivedData/Prompt28-cgmmkisguitsyibyvnemfqvywbnv/Build/Intermediates.noindex/AppAuth.build/Debug-iphonesimulator/AppAuthCore.build/DerivedSources/resource_bundle_accessor.h -MMD -MT dependencies -MF /Users/nataliewhipps/Library/Developer/Xcode/DerivedData/Prompt28-cgmmkisguitsyibyvnemfqvywbnv/Build/Intermediates.noindex/AppAuth.build/Debug-iphonesimulator/AppAuthCore.build/Objects-normal/x86_64/OIDTokenResponse.d --serialize-diagnostics /Users/nataliewhipps/Library/Developer/Xcode/DerivedData/Prompt28-cgmmkisguitsyibyvnemfqvywbnv/Build/Intermediates.noindex/AppAuth.build/Debug-iphonesimulator/AppAuthCore.build/Objects-normal/x86_64/OIDTokenResponse.dia -c /Users/nataliewhipps/Library/Developer/Xcode/DerivedData/Prompt28-cgmmkisguitsyibyvnemfqvywbnv/SourcePackages/checkouts/AppAuth-iOS/Sources/AppAuthCore/OIDTokenResponse.m -o /Users/nataliewhipps/Library/Developer/Xcode/DerivedData/Prompt28-cgmmkisguitsyibyvnemfqvywbnv/Build/Intermediates.noindex/AppAuth.build/Debug-iphonesimulator/AppAuthCore.build/Objects-normal/x86_64/OIDTokenResponse.o -index-unit-output-path /AppAuth.build/Debug-iphonesimulator/AppAuthCore.build/Objects-normal/x86_64/OIDTokenResponse.o

ScanDependencies /Users/nataliewhipps/Library/Developer/Xcode/DerivedData/Prompt28-cgmmkisguitsyibyvnemfqvywbnv/Build/Intermediates.noindex/AppAuth.build/Debug-iphonesimulator/AppAuthCore.build/Objects-normal/x86_64/OIDTokenRequest.o /Users/nataliewhipps/Library/Developer/Xcode/DerivedData/Prompt28-cgmmkisguitsyibyvnemfqvywbnv/SourcePackages/checkouts/AppAuth-iOS/Sources/AppAuthCore/OIDTokenRequest.m normal x86_64 objective-c com.apple.compilers.llvm.clang.1_0.compiler (in target 'AppAuthCore' from project 'AppAuth')
    cd /Users/nataliewhipps/Desktop/Prompt28/Prompt28.xcodeproj
    
    Using response file: /Users/nataliewhipps/Library/Developer/Xcode/DerivedData/Prompt28-cgmmkisguitsyibyvnemfqvywbnv/Build/Intermediates.noindex/AppAuth.build/Debug-iphonesimulator/AppAuthCore.build/Objects-normal/x86_64/e6072d4f65d7061329687fe24e3d63a7-common-args.resp
    
    builtin-ScanDependencies -o /Users/nataliewhipps/Library/Developer/Xcode/DerivedData/Prompt28-cgmmkisguitsyibyvnemfqvywbnv/Build/Intermediates.noindex/AppAuth.build/Debug-iphonesimulator/AppAuthCore.build/Objects-normal/x86_64/OIDTokenRequest.o.scan -- /Applications/Xcode.app/Contents/Developer/Toolchains/XcodeDefault.xctoolchain/usr/bin/clang -x objective-c -ivfsstatcache /Users/nataliewhipps/Library/Developer/Xcode/DerivedData/SDKStatCaches.noindex/iphonesimulator26.2-23C57-7d00a8b37fbd7999ea79df8ebc024bf0.sdkstatcache -fmessage-length\=0 -fdiagnostics-show-note-include-stack -fmacro-backtrace-limit\=0 -fno-color-diagnostics -fmodules-prune-interval\=86400 -fmodules-prune-after\=345600 -fbuild-session-file\=/Users/nataliewhipps/Library/Developer/Xcode/DerivedData/ModuleCache.noindex/Session.modulevalidation -fmodules-validate-once-per-build-session -Wnon-modular-include-in-framework-module -Werror\=non-modular-include-in-framework-module -Wno-trigraphs -Wno-missing-field-initializers -Wno-missing-prototypes -Wno-return-type -Wno-implicit-atomic-properties -Wno-objc-interface-ivars -Wno-arc-repeated-use-of-weak -Wno-missing-braces -Wparentheses -Wswitch -Wno-unused-function -Wno-unused-label -Wno-unused-parameter -Wno-unused-variable -Wunused-value -Wno-empty-body -Wno-uninitialized -Wno-unknown-pragmas -w -Wno-shadow -Wno-four-char-constants -Wno-conversion -Wno-constant-conversion -Wno-int-conversion -Wno-bool-conversion -Wno-enum-conversion -Wno-float-conversion -Wno-non-literal-null-conversion -Wno-objc-literal-conversion -Wshorten-64-to-32 -Wpointer-sign -Wno-newline-eof -Wno-selector -Wno-strict-selector-match -Wno-undeclared-selector -Wno-deprecated-implementations -Wno-implicit-fallthrough -fstrict-aliasing -Wprotocol -Wdeprecated-declarations -Wno-sign-conversion -Wno-infinite-recursion -Wno-comma -Wno-block-capture-autoreleasing -Wno-strict-prototypes -Wno-semicolon-before-method-body -index-store-path /Users/nataliewhipps/Library/Developer/Xcode/DerivedData/Prompt28-cgmmkisguitsyibyvnemfqvywbnv/Index.noindex/DataStore @/Users/nataliewhipps/Library/Developer/Xcode/DerivedData/Prompt28-cgmmkisguitsyibyvnemfqvywbnv/Build/Intermediates.noindex/AppAuth.build/Debug-iphonesimulator/AppAuthCore.build/Objects-normal/x86_64/e6072d4f65d7061329687fe24e3d63a7-common-args.resp -include /Users/nataliewhipps/Library/Developer/Xcode/DerivedData/Prompt28-cgmmkisguitsyibyvnemfqvywbnv/Build/Intermediates.noindex/AppAuth.build/Debug-iphonesimulator/AppAuthCore.build/DerivedSources/resource_bundle_accessor.h -MMD -MT dependencies -MF /Users/nataliewhipps/Library/Developer/Xcode/DerivedData/Prompt28-cgmmkisguitsyibyvnemfqvywbnv/Build/Intermediates.noindex/AppAuth.build/Debug-iphonesimulator/AppAuthCore.build/Objects-normal/x86_64/OIDTokenRequest.d --serialize-diagnostics /Users/nataliewhipps/Library/Developer/Xcode/DerivedData/Prompt28-cgmmkisguitsyibyvnemfqvywbnv/Build/Intermediates.noindex/AppAuth.build/Debug-iphonesimulator/AppAuthCore.build/Objects-normal/x86_64/OIDTokenRequest.dia -c /Users/nataliewhipps/Library/Developer/Xcode/DerivedData/Prompt28-cgmmkisguitsyibyvnemfqvywbnv/SourcePackages/checkouts/AppAuth-iOS/Sources/AppAuthCore/OIDTokenRequest.m -o /Users/nataliewhipps/Library/Developer/Xcode/DerivedData/Prompt28-cgmmkisguitsyibyvnemfqvywbnv/Build/Intermediates.noindex/AppAuth.build/Debug-iphonesimulator/AppAuthCore.build/Objects-normal/x86_64/OIDTokenRequest.o -index-unit-output-path /AppAuth.build/Debug-iphonesimulator/AppAuthCore.build/Objects-normal/x86_64/OIDTokenRequest.o

SwiftExplicitDependencyGeneratePcm x86_64 /Users/nataliewhipps/Library/Developer/Xcode/DerivedData/ModuleCache.noindex/_DarwinFoundation2-5ERHUW6ZCP6RUSWJ676QFCODY.pcm

SwiftExplicitDependencyGeneratePcm x86_64 /Users/nataliewhipps/Library/Developer/Xcode/DerivedData/ModuleCache.noindex/_Builtin_limits-8XH41PAC8BJ0B09RRMDBCDY5X.pcm

ScanDependencies /Users/nataliewhipps/Library/Developer/Xcode/DerivedData/Prompt28-cgmmkisguitsyibyvnemfqvywbnv/Build/Intermediates.noindex/AppAuth.build/Debug-iphonesimulator/AppAuthCore.build/Objects-normal/x86_64/OIDServiceDiscovery.o /Users/nataliewhipps/Library/Developer/Xcode/DerivedData/Prompt28-cgmmkisguitsyibyvnemfqvywbnv/SourcePackages/checkouts/AppAuth-iOS/Sources/AppAuthCore/OIDServiceDiscovery.m normal x86_64 objective-c com.apple.compilers.llvm.clang.1_0.compiler (in target 'AppAuthCore' from project 'AppAuth')
    cd /Users/nataliewhipps/Desktop/Prompt28/Prompt28.xcodeproj
    
    Using response file: /Users/nataliewhipps/Library/Developer/Xcode/DerivedData/Prompt28-cgmmkisguitsyibyvnemfqvywbnv/Build/Intermediates.noindex/AppAuth.build/Debug-iphonesimulator/AppAuthCore.build/Objects-normal/x86_64/e6072d4f65d7061329687fe24e3d63a7-common-args.resp
    
    builtin-ScanDependencies -o /Users/nataliewhipps/Library/Developer/Xcode/DerivedData/Prompt28-cgmmkisguitsyibyvnemfqvywbnv/Build/Intermediates.noindex/AppAuth.build/Debug-iphonesimulator/AppAuthCore.build/Objects-normal/x86_64/OIDServiceDiscovery.o.scan -- /Applications/Xcode.app/Contents/Developer/Toolchains/XcodeDefault.xctoolchain/usr/bin/clang -x objective-c -ivfsstatcache /Users/nataliewhipps/Library/Developer/Xcode/DerivedData/SDKStatCaches.noindex/iphonesimulator26.2-23C57-7d00a8b37fbd7999ea79df8ebc024bf0.sdkstatcache -fmessage-length\=0 -fdiagnostics-show-note-include-stack -fmacro-backtrace-limit\=0 -fno-color-diagnostics -fmodules-prune-interval\=86400 -fmodules-prune-after\=345600 -fbuild-session-file\=/Users/nataliewhipps/Library/Developer/Xcode/DerivedData/ModuleCache.noindex/Session.modulevalidation -fmodules-validate-once-per-build-session -Wnon-modular-include-in-framework-module -Werror\=non-modular-include-in-framework-module -Wno-trigraphs -Wno-missing-field-initializers -Wno-missing-prototypes -Wno-return-type -Wno-implicit-atomic-properties -Wno-objc-interface-ivars -Wno-arc-repeated-use-of-weak -Wno-missing-braces -Wparentheses -Wswitch -Wno-unused-function -Wno-unused-label -Wno-unused-parameter -Wno-unused-variable -Wunused-value -Wno-empty-body -Wno-uninitialized -Wno-unknown-pragmas -w -Wno-shadow -Wno-four-char-constants -Wno-conversion -Wno-constant-conversion -Wno-int-conversion -Wno-bool-conversion -Wno-enum-conversion -Wno-float-conversion -Wno-non-literal-null-conversion -Wno-objc-literal-conversion -Wshorten-64-to-32 -Wpointer-sign -Wno-newline-eof -Wno-selector -Wno-strict-selector-match -Wno-undeclared-selector -Wno-deprecated-implementations -Wno-implicit-fallthrough -fstrict-aliasing -Wprotocol -Wdeprecated-declarations -Wno-sign-conversion -Wno-infinite-recursion -Wno-comma -Wno-block-capture-autoreleasing -Wno-strict-prototypes -Wno-semicolon-before-method-body -index-store-path /Users/nataliewhipps/Library/Developer/Xcode/DerivedData/Prompt28-cgmmkisguitsyibyvnemfqvywbnv/Index.noindex/DataStore @/Users/nataliewhipps/Library/Developer/Xcode/DerivedData/Prompt28-cgmmkisguitsyibyvnemfqvywbnv/Build/Intermediates.noindex/AppAuth.build/Debug-iphonesimulator/AppAuthCore.build/Objects-normal/x86_64/e6072d4f65d7061329687fe24e3d63a7-common-args.resp -include /Users/nataliewhipps/Library/Developer/Xcode/DerivedData/Prompt28-cgmmkisguitsyibyvnemfqvywbnv/Build/Intermediates.noindex/AppAuth.build/Debug-iphonesimulator/AppAuthCore.build/DerivedSources/resource_bundle_accessor.h -MMD -MT dependencies -MF /Users/nataliewhipps/Library/Developer/Xcode/DerivedData/Prompt28-cgmmkisguitsyibyvnemfqvywbnv/Build/Intermediates.noindex/AppAuth.build/Debug-iphonesimulator/AppAuthCore.build/Objects-normal/x86_64/OIDServiceDiscovery.d --serialize-diagnostics /Users/nataliewhipps/Library/Developer/Xcode/DerivedData/Prompt28-cgmmkisguitsyibyvnemfqvywbnv/Build/Intermediates.noindex/AppAuth.build/Debug-iphonesimulator/AppAuthCore.build/Objects-normal/x86_64/OIDServiceDiscovery.dia -c /Users/nataliewhipps/Library/Developer/Xcode/DerivedData/Prompt28-cgmmkisguitsyibyvnemfqvywbnv/SourcePackages/checkouts/AppAuth-iOS/Sources/AppAuthCore/OIDServiceDiscovery.m -o /Users/nataliewhipps/Library/Developer/Xcode/DerivedData/Prompt28-cgmmkisguitsyibyvnemfqvywbnv/Build/Intermediates.noindex/AppAuth.build/Debug-iphonesimulator/AppAuthCore.build/Objects-normal/x86_64/OIDServiceDiscovery.o -index-unit-output-path /AppAuth.build/Debug-iphonesimulator/AppAuthCore.build/Objects-normal/x86_64/OIDServiceDiscovery.o

ScanDependencies /Users/nataliewhipps/Library/Developer/Xcode/DerivedData/Prompt28-cgmmkisguitsyibyvnemfqvywbnv/Build/Intermediates.noindex/AppAuth.build/Debug-iphonesimulator/AppAuthCore.build/Objects-normal/x86_64/OIDServiceConfiguration.o /Users/nataliewhipps/Library/Developer/Xcode/DerivedData/Prompt28-cgmmkisguitsyibyvnemfqvywbnv/SourcePackages/checkouts/AppAuth-iOS/Sources/AppAuthCore/OIDServiceConfiguration.m normal x86_64 objective-c com.apple.compilers.llvm.clang.1_0.compiler (in target 'AppAuthCore' from project 'AppAuth')
    cd /Users/nataliewhipps/Desktop/Prompt28/Prompt28.xcodeproj
    
    Using response file: /Users/nataliewhipps/Library/Developer/Xcode/DerivedData/Prompt28-cgmmkisguitsyibyvnemfqvywbnv/Build/Intermediates.noindex/AppAuth.build/Debug-iphonesimulator/AppAuthCore.build/Objects-normal/x86_64/e6072d4f65d7061329687fe24e3d63a7-common-args.resp
    
    builtin-ScanDependencies -o /Users/nataliewhipps/Library/Developer/Xcode/DerivedData/Prompt28-cgmmkisguitsyibyvnemfqvywbnv/Build/Intermediates.noindex/AppAuth.build/Debug-iphonesimulator/AppAuthCore.build/Objects-normal/x86_64/OIDServiceConfiguration.o.scan -- /Applications/Xcode.app/Contents/Developer/Toolchains/XcodeDefault.xctoolchain/usr/bin/clang -x objective-c -ivfsstatcache /Users/nataliewhipps/Library/Developer/Xcode/DerivedData/SDKStatCaches.noindex/iphonesimulator26.2-23C57-7d00a8b37fbd7999ea79df8ebc024bf0.sdkstatcache -fmessage-length\=0 -fdiagnostics-show-note-include-stack -fmacro-backtrace-limit\=0 -fno-color-diagnostics -fmodules-prune-interval\=86400 -fmodules-prune-after\=345600 -fbuild-session-file\=/Users/nataliewhipps/Library/Developer/Xcode/DerivedData/ModuleCache.noindex/Session.modulevalidation -fmodules-validate-once-per-build-session -Wnon-modular-include-in-framework-module -Werror\=non-modular-include-in-framework-module -Wno-trigraphs -Wno-missing-field-initializers -Wno-missing-prototypes -Wno-return-type -Wno-implicit-atomic-properties -Wno-objc-interface-ivars -Wno-arc-repeated-use-of-weak -Wno-missing-braces -Wparentheses -Wswitch -Wno-unused-function -Wno-unused-label -Wno-unused-parameter -Wno-unused-variable -Wunused-value -Wno-empty-body -Wno-uninitialized -Wno-unknown-pragmas -w -Wno-shadow -Wno-four-char-constants -Wno-conversion -Wno-constant-conversion -Wno-int-conversion -Wno-bool-conversion -Wno-enum-conversion -Wno-float-conversion -Wno-non-literal-null-conversion -Wno-objc-literal-conversion -Wshorten-64-to-32 -Wpointer-sign -Wno-newline-eof -Wno-selector -Wno-strict-selector-match -Wno-undeclared-selector -Wno-deprecated-implementations -Wno-implicit-fallthrough -fstrict-aliasing -Wprotocol -Wdeprecated-declarations -Wno-sign-conversion -Wno-infinite-recursion -Wno-comma -Wno-block-capture-autoreleasing -Wno-strict-prototypes -Wno-semicolon-before-method-body -index-store-path /Users/nataliewhipps/Library/Developer/Xcode/DerivedData/Prompt28-cgmmkisguitsyibyvnemfqvywbnv/Index.noindex/DataStore @/Users/nataliewhipps/Library/Developer/Xcode/DerivedData/Prompt28-cgmmkisguitsyibyvnemfqvywbnv/Build/Intermediates.noindex/AppAuth.build/Debug-iphonesimulator/AppAuthCore.build/Objects-normal/x86_64/e6072d4f65d7061329687fe24e3d63a7-common-args.resp -include /Users/nataliewhipps/Library/Developer/Xcode/DerivedData/Prompt28-cgmmkisguitsyibyvnemfqvywbnv/Build/Intermediates.noindex/AppAuth.build/Debug-iphonesimulator/AppAuthCore.build/DerivedSources/resource_bundle_accessor.h -MMD -MT dependencies -MF /Users/nataliewhipps/Library/Developer/Xcode/DerivedData/Prompt28-cgmmkisguitsyibyvnemfqvywbnv/Build/Intermediates.noindex/AppAuth.build/Debug-iphonesimulator/AppAuthCore.build/Objects-normal/x86_64/OIDServiceConfiguration.d --serialize-diagnostics /Users/nataliewhipps/Library/Developer/Xcode/DerivedData/Prompt28-cgmmkisguitsyibyvnemfqvywbnv/Build/Intermediates.noindex/AppAuth.build/Debug-iphonesimulator/AppAuthCore.build/Objects-normal/x86_64/OIDServiceConfiguration.dia -c /Users/nataliewhipps/Library/Developer/Xcode/DerivedData/Prompt28-cgmmkisguitsyibyvnemfqvywbnv/SourcePackages/checkouts/AppAuth-iOS/Sources/AppAuthCore/OIDServiceConfiguration.m -o /Users/nataliewhipps/Library/Developer/Xcode/DerivedData/Prompt28-cgmmkisguitsyibyvnemfqvywbnv/Build/Intermediates.noindex/AppAuth.build/Debug-iphonesimulator/AppAuthCore.build/Objects-normal/x86_64/OIDServiceConfiguration.o -index-unit-output-path /AppAuth.build/Debug-iphonesimulator/AppAuthCore.build/Objects-normal/x86_64/OIDServiceConfiguration.o

ScanDependencies /Users/nataliewhipps/Library/Developer/Xcode/DerivedData/Prompt28-cgmmkisguitsyibyvnemfqvywbnv/Build/Intermediates.noindex/AppAuth.build/Debug-iphonesimulator/AppAuthCore.build/Objects-normal/x86_64/OIDScopes.o /Users/nataliewhipps/Library/Developer/Xcode/DerivedData/Prompt28-cgmmkisguitsyibyvnemfqvywbnv/SourcePackages/checkouts/AppAuth-iOS/Sources/AppAuthCore/OIDScopes.m normal x86_64 objective-c com.apple.compilers.llvm.clang.1_0.compiler (in target 'AppAuthCore' from project 'AppAuth')
    cd /Users/nataliewhipps/Desktop/Prompt28/Prompt28.xcodeproj
    
    Using response file: /Users/nataliewhipps/Library/Developer/Xcode/DerivedData/Prompt28-cgmmkisguitsyibyvnemfqvywbnv/Build/Intermediates.noindex/AppAuth.build/Debug-iphonesimulator/AppAuthCore.build/Objects-normal/x86_64/e6072d4f65d7061329687fe24e3d63a7-common-args.resp
    
    builtin-ScanDependencies -o /Users/nataliewhipps/Library/Developer/Xcode/DerivedData/Prompt28-cgmmkisguitsyibyvnemfqvywbnv/Build/Intermediates.noindex/AppAuth.build/Debug-iphonesimulator/AppAuthCore.build/Objects-normal/x86_64/OIDScopes.o.scan -- /Applications/Xcode.app/Contents/Developer/Toolchains/XcodeDefault.xctoolchain/usr/bin/clang -x objective-c -ivfsstatcache /Users/nataliewhipps/Library/Developer/Xcode/DerivedData/SDKStatCaches.noindex/iphonesimulator26.2-23C57-7d00a8b37fbd7999ea79df8ebc024bf0.sdkstatcache -fmessage-length\=0 -fdiagnostics-show-note-include-stack -fmacro-backtrace-limit\=0 -fno-color-diagnostics -fmodules-prune-interval\=86400 -fmodules-prune-after\=345600 -fbuild-session-file\=/Users/nataliewhipps/Library/Developer/Xcode/DerivedData/ModuleCache.noindex/Session.modulevalidation -fmodules-validate-once-per-build-session -Wnon-modular-include-in-framework-module -Werror\=non-modular-include-in-framework-module -Wno-trigraphs -Wno-missing-field-initializers -Wno-missing-prototypes -Wno-return-type -Wno-implicit-atomic-properties -Wno-objc-interface-ivars -Wno-arc-repeated-use-of-weak -Wno-missing-braces -Wparentheses -Wswitch -Wno-unused-function -Wno-unused-label -Wno-unused-parameter -Wno-unused-variable -Wunused-value -Wno-empty-body -Wno-uninitialized -Wno-unknown-pragmas -w -Wno-shadow -Wno-four-char-constants -Wno-conversion -Wno-constant-conversion -Wno-int-conversion -Wno-bool-conversion -Wno-enum-conversion -Wno-float-conversion -Wno-non-literal-null-conversion -Wno-objc-literal-conversion -Wshorten-64-to-32 -Wpointer-sign -Wno-newline-eof -Wno-selector -Wno-strict-selector-match -Wno-undeclared-selector -Wno-deprecated-implementations -Wno-implicit-fallthrough -fstrict-aliasing -Wprotocol -Wdeprecated-declarations -Wno-sign-conversion -Wno-infinite-recursion -Wno-comma -Wno-block-capture-autoreleasing -Wno-strict-prototypes -Wno-semicolon-before-method-body -index-store-path /Users/nataliewhipps/Library/Developer/Xcode/DerivedData/Prompt28-cgmmkisguitsyibyvnemfqvywbnv/Index.noindex/DataStore @/Users/nataliewhipps/Library/Developer/Xcode/DerivedData/Prompt28-cgmmkisguitsyibyvnemfqvywbnv/Build/Intermediates.noindex/AppAuth.build/Debug-iphonesimulator/AppAuthCore.build/Objects-normal/x86_64/e6072d4f65d7061329687fe24e3d63a7-common-args.resp -include /Users/nataliewhipps/Library/Developer/Xcode/DerivedData/Prompt28-cgmmkisguitsyibyvnemfqvywbnv/Build/Intermediates.noindex/AppAuth.build/Debug-iphonesimulator/AppAuthCore.build/DerivedSources/resource_bundle_accessor.h -MMD -MT dependencies -MF /Users/nataliewhipps/Library/Developer/Xcode/DerivedData/Prompt28-cgmmkisguitsyibyvnemfqvywbnv/Build/Intermediates.noindex/AppAuth.build/Debug-iphonesimulator/AppAuthCore.build/Objects-normal/x86_64/OIDScopes.d --serialize-diagnostics /Users/nataliewhipps/Library/Developer/Xcode/DerivedData/Prompt28-cgmmkisguitsyibyvnemfqvywbnv/Build/Intermediates.noindex/AppAuth.build/Debug-iphonesimulator/AppAuthCore.build/Objects-normal/x86_64/OIDScopes.dia -c /Users/nataliewhipps/Library/Developer/Xcode/DerivedData/Prompt28-cgmmkisguitsyibyvnemfqvywbnv/SourcePackages/checkouts/AppAuth-iOS/Sources/AppAuthCore/OIDScopes.m -o /Users/nataliewhipps/Library/Developer/Xcode/DerivedData/Prompt28-cgmmkisguitsyibyvnemfqvywbnv/Build/Intermediates.noindex/AppAuth.build/Debug-iphonesimulator/AppAuthCore.build/Objects-normal/x86_64/OIDScopes.o -index-unit-output-path /AppAuth.build/Debug-iphonesimulator/AppAuthCore.build/Objects-normal/x86_64/OIDScopes.o

ScanDependencies /Users/nataliewhipps/Library/Developer/Xcode/DerivedData/Prompt28-cgmmkisguitsyibyvnemfqvywbnv/Build/Intermediates.noindex/AppAuth.build/Debug-iphonesimulator/AppAuthCore.build/Objects-normal/x86_64/OIDScopeUtilities.o /Users/nataliewhipps/Library/Developer/Xcode/DerivedData/Prompt28-cgmmkisguitsyibyvnemfqvywbnv/SourcePackages/checkouts/AppAuth-iOS/Sources/AppAuthCore/OIDScopeUtilities.m normal x86_64 objective-c com.apple.compilers.llvm.clang.1_0.compiler (in target 'AppAuthCore' from project 'AppAuth')
    cd /Users/nataliewhipps/Desktop/Prompt28/Prompt28.xcodeproj
    
    Using response file: /Users/nataliewhipps/Library/Developer/Xcode/DerivedData/Prompt28-cgmmkisguitsyibyvnemfqvywbnv/Build/Intermediates.noindex/AppAuth.build/Debug-iphonesimulator/AppAuthCore.build/Objects-normal/x86_64/e6072d4f65d7061329687fe24e3d63a7-common-args.resp
    
    builtin-ScanDependencies -o /Users/nataliewhipps/Library/Developer/Xcode/DerivedData/Prompt28-cgmmkisguitsyibyvnemfqvywbnv/Build/Intermediates.noindex/AppAuth.build/Debug-iphonesimulator/AppAuthCore.build/Objects-normal/x86_64/OIDScopeUtilities.o.scan -- /Applications/Xcode.app/Contents/Developer/Toolchains/XcodeDefault.xctoolchain/usr/bin/clang -x objective-c -ivfsstatcache /Users/nataliewhipps/Library/Developer/Xcode/DerivedData/SDKStatCaches.noindex/iphonesimulator26.2-23C57-7d00a8b37fbd7999ea79df8ebc024bf0.sdkstatcache -fmessage-length\=0 -fdiagnostics-show-note-include-stack -fmacro-backtrace-limit\=0 -fno-color-diagnostics -fmodules-prune-interval\=86400 -fmodules-prune-after\=345600 -fbuild-session-file\=/Users/nataliewhipps/Library/Developer/Xcode/DerivedData/ModuleCache.noindex/Session.modulevalidation -fmodules-validate-once-per-build-session -Wnon-modular-include-in-framework-module -Werror\=non-modular-include-in-framework-module -Wno-trigraphs -Wno-missing-field-initializers -Wno-missing-prototypes -Wno-return-type -Wno-implicit-atomic-properties -Wno-objc-interface-ivars -Wno-arc-repeated-use-of-weak -Wno-missing-braces -Wparentheses -Wswitch -Wno-unused-function -Wno-unused-label -Wno-unused-parameter -Wno-unused-variable -Wunused-value -Wno-empty-body -Wno-uninitialized -Wno-unknown-pragmas -w -Wno-shadow -Wno-four-char-constants -Wno-conversion -Wno-constant-conversion -Wno-int-conversion -Wno-bool-conversion -Wno-enum-conversion -Wno-float-conversion -Wno-non-literal-null-conversion -Wno-objc-literal-conversion -Wshorten-64-to-32 -Wpointer-sign -Wno-newline-eof -Wno-selector -Wno-strict-selector-match -Wno-undeclared-selector -Wno-deprecated-implementations -Wno-implicit-fallthrough -fstrict-aliasing -Wprotocol -Wdeprecated-declarations -Wno-sign-conversion -Wno-infinite-recursion -Wno-comma -Wno-block-capture-autoreleasing -Wno-strict-prototypes -Wno-semicolon-before-method-body -index-store-path /Users/nataliewhipps/Library/Developer/Xcode/DerivedData/Prompt28-cgmmkisguitsyibyvnemfqvywbnv/Index.noindex/DataStore @/Users/nataliewhipps/Library/Developer/Xcode/DerivedData/Prompt28-cgmmkisguitsyibyvnemfqvywbnv/Build/Intermediates.noindex/AppAuth.build/Debug-iphonesimulator/AppAuthCore.build/Objects-normal/x86_64/e6072d4f65d7061329687fe24e3d63a7-common-args.resp -include /Users/nataliewhipps/Library/Developer/Xcode/DerivedData/Prompt28-cgmmkisguitsyibyvnemfqvywbnv/Build/Intermediates.noindex/AppAuth.build/Debug-iphonesimulator/AppAuthCore.build/DerivedSources/resource_bundle_accessor.h -MMD -MT dependencies -MF /Users/nataliewhipps/Library/Developer/Xcode/DerivedData/Prompt28-cgmmkisguitsyibyvnemfqvywbnv/Build/Intermediates.noindex/AppAuth.build/Debug-iphonesimulator/AppAuthCore.build/Objects-normal/x86_64/OIDScopeUtilities.d --serialize-diagnostics /Users/nataliewhipps/Library/Developer/Xcode/DerivedData/Prompt28-cgmmkisguitsyibyvnemfqvywbnv/Build/Intermediates.noindex/AppAuth.build/Debug-iphonesimulator/AppAuthCore.build/Objects-normal/x86_64/OIDScopeUtilities.dia -c /Users/nataliewhipps/Library/Developer/Xcode/DerivedData/Prompt28-cgmmkisguitsyibyvnemfqvywbnv/SourcePackages/checkouts/AppAuth-iOS/Sources/AppAuthCore/OIDScopeUtilities.m -o /Users/nataliewhipps/Library/Developer/Xcode/DerivedData/Prompt28-cgmmkisguitsyibyvnemfqvywbnv/Build/Intermediates.noindex/AppAuth.build/Debug-iphonesimulator/AppAuthCore.build/Objects-normal/x86_64/OIDScopeUtilities.o -index-unit-output-path /AppAuth.build/Debug-iphonesimulator/AppAuthCore.build/Objects-normal/x86_64/OIDScopeUtilities.o

ScanDependencies /Users/nataliewhipps/Library/Developer/Xcode/DerivedData/Prompt28-cgmmkisguitsyibyvnemfqvywbnv/Build/Intermediates.noindex/AppAuth.build/Debug-iphonesimulator/AppAuthCore.build/Objects-normal/x86_64/OIDResponseTypes.o /Users/nataliewhipps/Library/Developer/Xcode/DerivedData/Prompt28-cgmmkisguitsyibyvnemfqvywbnv/SourcePackages/checkouts/AppAuth-iOS/Sources/AppAuthCore/OIDResponseTypes.m normal x86_64 objective-c com.apple.compilers.llvm.clang.1_0.compiler (in target 'AppAuthCore' from project 'AppAuth')
    cd /Users/nataliewhipps/Desktop/Prompt28/Prompt28.xcodeproj
    
    Using response file: /Users/nataliewhipps/Library/Developer/Xcode/DerivedData/Prompt28-cgmmkisguitsyibyvnemfqvywbnv/Build/Intermediates.noindex/AppAuth.build/Debug-iphonesimulator/AppAuthCore.build/Objects-normal/x86_64/e6072d4f65d7061329687fe24e3d63a7-common-args.resp
    
    builtin-ScanDependencies -o /Users/nataliewhipps/Library/Developer/Xcode/DerivedData/Prompt28-cgmmkisguitsyibyvnemfqvywbnv/Build/Intermediates.noindex/AppAuth.build/Debug-iphonesimulator/AppAuthCore.build/Objects-normal/x86_64/OIDResponseTypes.o.scan -- /Applications/Xcode.app/Contents/Developer/Toolchains/XcodeDefault.xctoolchain/usr/bin/clang -x objective-c -ivfsstatcache /Users/nataliewhipps/Library/Developer/Xcode/DerivedData/SDKStatCaches.noindex/iphonesimulator26.2-23C57-7d00a8b37fbd7999ea79df8ebc024bf0.sdkstatcache -fmessage-length\=0 -fdiagnostics-show-note-include-stack -fmacro-backtrace-limit\=0 -fno-color-diagnostics -fmodules-prune-interval\=86400 -fmodules-prune-after\=345600 -fbuild-session-file\=/Users/nataliewhipps/Library/Developer/Xcode/DerivedData/ModuleCache.noindex/Session.modulevalidation -fmodules-validate-once-per-build-session -Wnon-modular-include-in-framework-module -Werror\=non-modular-include-in-framework-module -Wno-trigraphs -Wno-missing-field-initializers -Wno-missing-prototypes -Wno-return-type -Wno-implicit-atomic-properties -Wno-objc-interface-ivars -Wno-arc-repeated-use-of-weak -Wno-missing-braces -Wparentheses -Wswitch -Wno-unused-function -Wno-unused-label -Wno-unused-parameter -Wno-unused-variable -Wunused-value -Wno-empty-body -Wno-uninitialized -Wno-unknown-pragmas -w -Wno-shadow -Wno-four-char-constants -Wno-conversion -Wno-constant-conversion -Wno-int-conversion -Wno-bool-conversion -Wno-enum-conversion -Wno-float-conversion -Wno-non-literal-null-conversion -Wno-objc-literal-conversion -Wshorten-64-to-32 -Wpointer-sign -Wno-newline-eof -Wno-selector -Wno-strict-selector-match -Wno-undeclared-selector -Wno-deprecated-implementations -Wno-implicit-fallthrough -fstrict-aliasing -Wprotocol -Wdeprecated-declarations -Wno-sign-conversion -Wno-infinite-recursion -Wno-comma -Wno-block-capture-autoreleasing -Wno-strict-prototypes -Wno-semicolon-before-method-body -index-store-path /Users/nataliewhipps/Library/Developer/Xcode/DerivedData/Prompt28-cgmmkisguitsyibyvnemfqvywbnv/Index.noindex/DataStore @/Users/nataliewhipps/Library/Developer/Xcode/DerivedData/Prompt28-cgmmkisguitsyibyvnemfqvywbnv/Build/Intermediates.noindex/AppAuth.build/Debug-iphonesimulator/AppAuthCore.build/Objects-normal/x86_64/e6072d4f65d7061329687fe24e3d63a7-common-args.resp -include /Users/nataliewhipps/Library/Developer/Xcode/DerivedData/Prompt28-cgmmkisguitsyibyvnemfqvywbnv/Build/Intermediates.noindex/AppAuth.build/Debug-iphonesimulator/AppAuthCore.build/DerivedSources/resource_bundle_accessor.h -MMD -MT dependencies -MF /Users/nataliewhipps/Library/Developer/Xcode/DerivedData/Prompt28-cgmmkisguitsyibyvnemfqvywbnv/Build/Intermediates.noindex/AppAuth.build/Debug-iphonesimulator/AppAuthCore.build/Objects-normal/x86_64/OIDResponseTypes.d --serialize-diagnostics /Users/nataliewhipps/Library/Developer/Xcode/DerivedData/Prompt28-cgmmkisguitsyibyvnemfqvywbnv/Build/Intermediates.noindex/AppAuth.build/Debug-iphonesimulator/AppAuthCore.build/Objects-normal/x86_64/OIDResponseTypes.dia -c /Users/nataliewhipps/Library/Developer/Xcode/DerivedData/Prompt28-cgmmkisguitsyibyvnemfqvywbnv/SourcePackages/checkouts/AppAuth-iOS/Sources/AppAuthCore/OIDResponseTypes.m -o /Users/nataliewhipps/Library/Developer/Xcode/DerivedData/Prompt28-cgmmkisguitsyibyvnemfqvywbnv/Build/Intermediates.noindex/AppAuth.build/Debug-iphonesimulator/AppAuthCore.build/Objects-normal/x86_64/OIDResponseTypes.o -index-unit-output-path /AppAuth.build/Debug-iphonesimulator/AppAuthCore.build/Objects-normal/x86_64/OIDResponseTypes.o

ScanDependencies /Users/nataliewhipps/Library/Developer/Xcode/DerivedData/Prompt28-cgmmkisguitsyibyvnemfqvywbnv/Build/Intermediates.noindex/AppAuth.build/Debug-iphonesimulator/AppAuthCore.build/Objects-normal/x86_64/OIDRegistrationResponse.o /Users/nataliewhipps/Library/Developer/Xcode/DerivedData/Prompt28-cgmmkisguitsyibyvnemfqvywbnv/SourcePackages/checkouts/AppAuth-iOS/Sources/AppAuthCore/OIDRegistrationResponse.m normal x86_64 objective-c com.apple.compilers.llvm.clang.1_0.compiler (in target 'AppAuthCore' from project 'AppAuth')
    cd /Users/nataliewhipps/Desktop/Prompt28/Prompt28.xcodeproj
    
    Using response file: /Users/nataliewhipps/Library/Developer/Xcode/DerivedData/Prompt28-cgmmkisguitsyibyvnemfqvywbnv/Build/Intermediates.noindex/AppAuth.build/Debug-iphonesimulator/AppAuthCore.build/Objects-normal/x86_64/e6072d4f65d7061329687fe24e3d63a7-common-args.resp
    
    builtin-ScanDependencies -o /Users/nataliewhipps/Library/Developer/Xcode/DerivedData/Prompt28-cgmmkisguitsyibyvnemfqvywbnv/Build/Intermediates.noindex/AppAuth.build/Debug-iphonesimulator/AppAuthCore.build/Objects-normal/x86_64/OIDRegistrationResponse.o.scan -- /Applications/Xcode.app/Contents/Developer/Toolchains/XcodeDefault.xctoolchain/usr/bin/clang -x objective-c -ivfsstatcache /Users/nataliewhipps/Library/Developer/Xcode/DerivedData/SDKStatCaches.noindex/iphonesimulator26.2-23C57-7d00a8b37fbd7999ea79df8ebc024bf0.sdkstatcache -fmessage-length\=0 -fdiagnostics-show-note-include-stack -fmacro-backtrace-limit\=0 -fno-color-diagnostics -fmodules-prune-interval\=86400 -fmodules-prune-after\=345600 -fbuild-session-file\=/Users/nataliewhipps/Library/Developer/Xcode/DerivedData/ModuleCache.noindex/Session.modulevalidation -fmodules-validate-once-per-build-session -Wnon-modular-include-in-framework-module -Werror\=non-modular-include-in-framework-module -Wno-trigraphs -Wno-missing-field-initializers -Wno-missing-prototypes -Wno-return-type -Wno-implicit-atomic-properties -Wno-objc-interface-ivars -Wno-arc-repeated-use-of-weak -Wno-missing-braces -Wparentheses -Wswitch -Wno-unused-function -Wno-unused-label -Wno-unused-parameter -Wno-unused-variable -Wunused-value -Wno-empty-body -Wno-uninitialized -Wno-unknown-pragmas -w -Wno-shadow -Wno-four-char-constants -Wno-conversion -Wno-constant-conversion -Wno-int-conversion -Wno-bool-conversion -Wno-enum-conversion -Wno-float-conversion -Wno-non-literal-null-conversion -Wno-objc-literal-conversion -Wshorten-64-to-32 -Wpointer-sign -Wno-newline-eof -Wno-selector -Wno-strict-selector-match -Wno-undeclared-selector -Wno-deprecated-implementations -Wno-implicit-fallthrough -fstrict-aliasing -Wprotocol -Wdeprecated-declarations -Wno-sign-conversion -Wno-infinite-recursion -Wno-comma -Wno-block-capture-autoreleasing -Wno-strict-prototypes -Wno-semicolon-before-method-body -index-store-path /Users/nataliewhipps/Library/Developer/Xcode/DerivedData/Prompt28-cgmmkisguitsyibyvnemfqvywbnv/Index.noindex/DataStore @/Users/nataliewhipps/Library/Developer/Xcode/DerivedData/Prompt28-cgmmkisguitsyibyvnemfqvywbnv/Build/Intermediates.noindex/AppAuth.build/Debug-iphonesimulator/AppAuthCore.build/Objects-normal/x86_64/e6072d4f65d7061329687fe24e3d63a7-common-args.resp -include /Users/nataliewhipps/Library/Developer/Xcode/DerivedData/Prompt28-cgmmkisguitsyibyvnemfqvywbnv/Build/Intermediates.noindex/AppAuth.build/Debug-iphonesimulator/AppAuthCore.build/DerivedSources/resource_bundle_accessor.h -MMD -MT dependencies -MF /Users/nataliewhipps/Library/Developer/Xcode/DerivedData/Prompt28-cgmmkisguitsyibyvnemfqvywbnv/Build/Intermediates.noindex/AppAuth.build/Debug-iphonesimulator/AppAuthCore.build/Objects-normal/x86_64/OIDRegistrationResponse.d --serialize-diagnostics /Users/nataliewhipps/Library/Developer/Xcode/DerivedData/Prompt28-cgmmkisguitsyibyvnemfqvywbnv/Build/Intermediates.noindex/AppAuth.build/Debug-iphonesimulator/AppAuthCore.build/Objects-normal/x86_64/OIDRegistrationResponse.dia -c /Users/nataliewhipps/Library/Developer/Xcode/DerivedData/Prompt28-cgmmkisguitsyibyvnemfqvywbnv/SourcePackages/checkouts/AppAuth-iOS/Sources/AppAuthCore/OIDRegistrationResponse.m -o /Users/nataliewhipps/Library/Developer/Xcode/DerivedData/Prompt28-cgmmkisguitsyibyvnemfqvywbnv/Build/Intermediates.noindex/AppAuth.build/Debug-iphonesimulator/AppAuthCore.build/Objects-normal/x86_64/OIDRegistrationResponse.o -index-unit-output-path /AppAuth.build/Debug-iphonesimulator/AppAuthCore.build/Objects-normal/x86_64/OIDRegistrationResponse.o

ScanDependencies /Users/nataliewhipps/Library/Developer/Xcode/DerivedData/Prompt28-cgmmkisguitsyibyvnemfqvywbnv/Build/Intermediates.noindex/AppAuth.build/Debug-iphonesimulator/AppAuthCore.build/Objects-normal/x86_64/OIDRegistrationRequest.o /Users/nataliewhipps/Library/Developer/Xcode/DerivedData/Prompt28-cgmmkisguitsyibyvnemfqvywbnv/SourcePackages/checkouts/AppAuth-iOS/Sources/AppAuthCore/OIDRegistrationRequest.m normal x86_64 objective-c com.apple.compilers.llvm.clang.1_0.compiler (in target 'AppAuthCore' from project 'AppAuth')
    cd /Users/nataliewhipps/Desktop/Prompt28/Prompt28.xcodeproj
    
    Using response file: /Users/nataliewhipps/Library/Developer/Xcode/DerivedData/Prompt28-cgmmkisguitsyibyvnemfqvywbnv/Build/Intermediates.noindex/AppAuth.build/Debug-iphonesimulator/AppAuthCore.build/Objects-normal/x86_64/e6072d4f65d7061329687fe24e3d63a7-common-args.resp
    
    builtin-ScanDependencies -o /Users/nataliewhipps/Library/Developer/Xcode/DerivedData/Prompt28-cgmmkisguitsyibyvnemfqvywbnv/Build/Intermediates.noindex/AppAuth.build/Debug-iphonesimulator/AppAuthCore.build/Objects-normal/x86_64/OIDRegistrationRequest.o.scan -- /Applications/Xcode.app/Contents/Developer/Toolchains/XcodeDefault.xctoolchain/usr/bin/clang -x objective-c -ivfsstatcache /Users/nataliewhipps/Library/Developer/Xcode/DerivedData/SDKStatCaches.noindex/iphonesimulator26.2-23C57-7d00a8b37fbd7999ea79df8ebc024bf0.sdkstatcache -fmessage-length\=0 -fdiagnostics-show-note-include-stack -fmacro-backtrace-limit\=0 -fno-color-diagnostics -fmodules-prune-interval\=86400 -fmodules-prune-after\=345600 -fbuild-session-file\=/Users/nataliewhipps/Library/Developer/Xcode/DerivedData/ModuleCache.noindex/Session.modulevalidation -fmodules-validate-once-per-build-session -Wnon-modular-include-in-framework-module -Werror\=non-modular-include-in-framework-module -Wno-trigraphs -Wno-missing-field-initializers -Wno-missing-prototypes -Wno-return-type -Wno-implicit-atomic-properties -Wno-objc-interface-ivars -Wno-arc-repeated-use-of-weak -Wno-missing-braces -Wparentheses -Wswitch -Wno-unused-function -Wno-unused-label -Wno-unused-parameter -Wno-unused-variable -Wunused-value -Wno-empty-body -Wno-uninitialized -Wno-unknown-pragmas -w -Wno-shadow -Wno-four-char-constants -Wno-conversion -Wno-constant-conversion -Wno-int-conversion -Wno-bool-conversion -Wno-enum-conversion -Wno-float-conversion -Wno-non-literal-null-conversion -Wno-objc-literal-conversion -Wshorten-64-to-32 -Wpointer-sign -Wno-newline-eof -Wno-selector -Wno-strict-selector-match -Wno-undeclared-selector -Wno-deprecated-implementations -Wno-implicit-fallthrough -fstrict-aliasing -Wprotocol -Wdeprecated-declarations -Wno-sign-conversion -Wno-infinite-recursion -Wno-comma -Wno-block-capture-autoreleasing -Wno-strict-prototypes -Wno-semicolon-before-method-body -index-store-path /Users/nataliewhipps/Library/Developer/Xcode/DerivedData/Prompt28-cgmmkisguitsyibyvnemfqvywbnv/Index.noindex/DataStore @/Users/nataliewhipps/Library/Developer/Xcode/DerivedData/Prompt28-cgmmkisguitsyibyvnemfqvywbnv/Build/Intermediates.noindex/AppAuth.build/Debug-iphonesimulator/AppAuthCore.build/Objects-normal/x86_64/e6072d4f65d7061329687fe24e3d63a7-common-args.resp -include /Users/nataliewhipps/Library/Developer/Xcode/DerivedData/Prompt28-cgmmkisguitsyibyvnemfqvywbnv/Build/Intermediates.noindex/AppAuth.build/Debug-iphonesimulator/AppAuthCore.build/DerivedSources/resource_bundle_accessor.h -MMD -MT dependencies -MF /Users/nataliewhipps/Library/Developer/Xcode/DerivedData/Prompt28-cgmmkisguitsyibyvnemfqvywbnv/Build/Intermediates.noindex/AppAuth.build/Debug-iphonesimulator/AppAuthCore.build/Objects-normal/x86_64/OIDRegistrationRequest.d --serialize-diagnostics /Users/nataliewhipps/Library/Developer/Xcode/DerivedData/Prompt28-cgmmkisguitsyibyvnemfqvywbnv/Build/Intermediates.noindex/AppAuth.build/Debug-iphonesimulator/AppAuthCore.build/Objects-normal/x86_64/OIDRegistrationRequest.dia -c /Users/nataliewhipps/Library/Developer/Xcode/DerivedData/Prompt28-cgmmkisguitsyibyvnemfqvywbnv/SourcePackages/checkouts/AppAuth-iOS/Sources/AppAuthCore/OIDRegistrationRequest.m -o /Users/nataliewhipps/Library/Developer/Xcode/DerivedData/Prompt28-cgmmkisguitsyibyvnemfqvywbnv/Build/Intermediates.noindex/AppAuth.build/Debug-iphonesimulator/AppAuthCore.build/Objects-normal/x86_64/OIDRegistrationRequest.o -index-unit-output-path /AppAuth.build/Debug-iphonesimulator/AppAuthCore.build/Objects-normal/x86_64/OIDRegistrationRequest.o

ScanDependencies /Users/nataliewhipps/Library/Developer/Xcode/DerivedData/Prompt28-cgmmkisguitsyibyvnemfqvywbnv/Build/Intermediates.noindex/AppAuth.build/Debug-iphonesimulator/AppAuthCore.build/Objects-normal/x86_64/OIDIDToken.o /Users/nataliewhipps/Library/Developer/Xcode/DerivedData/Prompt28-cgmmkisguitsyibyvnemfqvywbnv/SourcePackages/checkouts/AppAuth-iOS/Sources/AppAuthCore/OIDIDToken.m normal x86_64 objective-c com.apple.compilers.llvm.clang.1_0.compiler (in target 'AppAuthCore' from project 'AppAuth')
    cd /Users/nataliewhipps/Desktop/Prompt28/Prompt28.xcodeproj
    
    Using response file: /Users/nataliewhipps/Library/Developer/Xcode/DerivedData/Prompt28-cgmmkisguitsyibyvnemfqvywbnv/Build/Intermediates.noindex/AppAuth.build/Debug-iphonesimulator/AppAuthCore.build/Objects-normal/x86_64/e6072d4f65d7061329687fe24e3d63a7-common-args.resp
    
    builtin-ScanDependencies -o /Users/nataliewhipps/Library/Developer/Xcode/DerivedData/Prompt28-cgmmkisguitsyibyvnemfqvywbnv/Build/Intermediates.noindex/AppAuth.build/Debug-iphonesimulator/AppAuthCore.build/Objects-normal/x86_64/OIDIDToken.o.scan -- /Applications/Xcode.app/Contents/Developer/Toolchains/XcodeDefault.xctoolchain/usr/bin/clang -x objective-c -ivfsstatcache /Users/nataliewhipps/Library/Developer/Xcode/DerivedData/SDKStatCaches.noindex/iphonesimulator26.2-23C57-7d00a8b37fbd7999ea79df8ebc024bf0.sdkstatcache -fmessage-length\=0 -fdiagnostics-show-note-include-stack -fmacro-backtrace-limit\=0 -fno-color-diagnostics -fmodules-prune-interval\=86400 -fmodules-prune-after\=345600 -fbuild-session-file\=/Users/nataliewhipps/Library/Developer/Xcode/DerivedData/ModuleCache.noindex/Session.modulevalidation -fmodules-validate-once-per-build-session -Wnon-modular-include-in-framework-module -Werror\=non-modular-include-in-framework-module -Wno-trigraphs -Wno-missing-field-initializers -Wno-missing-prototypes -Wno-return-type -Wno-implicit-atomic-properties -Wno-objc-interface-ivars -Wno-arc-repeated-use-of-weak -Wno-missing-braces -Wparentheses -Wswitch -Wno-unused-function -Wno-unused-label -Wno-unused-parameter -Wno-unused-variable -Wunused-value -Wno-empty-body -Wno-uninitialized -Wno-unknown-pragmas -w -Wno-shadow -Wno-four-char-constants -Wno-conversion -Wno-constant-conversion -Wno-int-conversion -Wno-bool-conversion -Wno-enum-conversion -Wno-float-conversion -Wno-non-literal-null-conversion -Wno-objc-literal-conversion -Wshorten-64-to-32 -Wpointer-sign -Wno-newline-eof -Wno-selector -Wno-strict-selector-match -Wno-undeclared-selector -Wno-deprecated-implementations -Wno-implicit-fallthrough -fstrict-aliasing -Wprotocol -Wdeprecated-declarations -Wno-sign-conversion -Wno-infinite-recursion -Wno-comma -Wno-block-capture-autoreleasing -Wno-strict-prototypes -Wno-semicolon-before-method-body -index-store-path /Users/nataliewhipps/Library/Developer/Xcode/DerivedData/Prompt28-cgmmkisguitsyibyvnemfqvywbnv/Index.noindex/DataStore @/Users/nataliewhipps/Library/Developer/Xcode/DerivedData/Prompt28-cgmmkisguitsyibyvnemfqvywbnv/Build/Intermediates.noindex/AppAuth.build/Debug-iphonesimulator/AppAuthCore.build/Objects-normal/x86_64/e6072d4f65d7061329687fe24e3d63a7-common-args.resp -include /Users/nataliewhipps/Library/Developer/Xcode/DerivedData/Prompt28-cgmmkisguitsyibyvnemfqvywbnv/Build/Intermediates.noindex/AppAuth.build/Debug-iphonesimulator/AppAuthCore.build/DerivedSources/resource_bundle_accessor.h -MMD -MT dependencies -MF /Users/nataliewhipps/Library/Developer/Xcode/DerivedData/Prompt28-cgmmkisguitsyibyvnemfqvywbnv/Build/Intermediates.noindex/AppAuth.build/Debug-iphonesimulator/AppAuthCore.build/Objects-normal/x86_64/OIDIDToken.d --serialize-diagnostics /Users/nataliewhipps/Library/Developer/Xcode/DerivedData/Prompt28-cgmmkisguitsyibyvnemfqvywbnv/Build/Intermediates.noindex/AppAuth.build/Debug-iphonesimulator/AppAuthCore.build/Objects-normal/x86_64/OIDIDToken.dia -c /Users/nataliewhipps/Library/Developer/Xcode/DerivedData/Prompt28-cgmmkisguitsyibyvnemfqvywbnv/SourcePackages/checkouts/AppAuth-iOS/Sources/AppAuthCore/OIDIDToken.m -o /Users/nataliewhipps/Library/Developer/Xcode/DerivedData/Prompt28-cgmmkisguitsyibyvnemfqvywbnv/Build/Intermediates.noindex/AppAuth.build/Debug-iphonesimulator/AppAuthCore.build/Objects-normal/x86_64/OIDIDToken.o -index-unit-output-path /AppAuth.build/Debug-iphonesimulator/AppAuthCore.build/Objects-normal/x86_64/OIDIDToken.o

ScanDependencies /Users/nataliewhipps/Library/Developer/Xcode/DerivedData/Prompt28-cgmmkisguitsyibyvnemfqvywbnv/Build/Intermediates.noindex/AppAuth.build/Debug-iphonesimulator/AppAuthCore.build/Objects-normal/x86_64/OIDGrantTypes.o /Users/nataliewhipps/Library/Developer/Xcode/DerivedData/Prompt28-cgmmkisguitsyibyvnemfqvywbnv/SourcePackages/checkouts/AppAuth-iOS/Sources/AppAuthCore/OIDGrantTypes.m normal x86_64 objective-c com.apple.compilers.llvm.clang.1_0.compiler (in target 'AppAuthCore' from project 'AppAuth')
    cd /Users/nataliewhipps/Desktop/Prompt28/Prompt28.xcodeproj
    
    Using response file: /Users/nataliewhipps/Library/Developer/Xcode/DerivedData/Prompt28-cgmmkisguitsyibyvnemfqvywbnv/Build/Intermediates.noindex/AppAuth.build/Debug-iphonesimulator/AppAuthCore.build/Objects-normal/x86_64/e6072d4f65d7061329687fe24e3d63a7-common-args.resp
    
    builtin-ScanDependencies -o /Users/nataliewhipps/Library/Developer/Xcode/DerivedData/Prompt28-cgmmkisguitsyibyvnemfqvywbnv/Build/Intermediates.noindex/AppAuth.build/Debug-iphonesimulator/AppAuthCore.build/Objects-normal/x86_64/OIDGrantTypes.o.scan -- /Applications/Xcode.app/Contents/Developer/Toolchains/XcodeDefault.xctoolchain/usr/bin/clang -x objective-c -ivfsstatcache /Users/nataliewhipps/Library/Developer/Xcode/DerivedData/SDKStatCaches.noindex/iphonesimulator26.2-23C57-7d00a8b37fbd7999ea79df8ebc024bf0.sdkstatcache -fmessage-length\=0 -fdiagnostics-show-note-include-stack -fmacro-backtrace-limit\=0 -fno-color-diagnostics -fmodules-prune-interval\=86400 -fmodules-prune-after\=345600 -fbuild-session-file\=/Users/nataliewhipps/Library/Developer/Xcode/DerivedData/ModuleCache.noindex/Session.modulevalidation -fmodules-validate-once-per-build-session -Wnon-modular-include-in-framework-module -Werror\=non-modular-include-in-framework-module -Wno-trigraphs -Wno-missing-field-initializers -Wno-missing-prototypes -Wno-return-type -Wno-implicit-atomic-properties -Wno-objc-interface-ivars -Wno-arc-repeated-use-of-weak -Wno-missing-braces -Wparentheses -Wswitch -Wno-unused-function -Wno-unused-label -Wno-unused-parameter -Wno-unused-variable -Wunused-value -Wno-empty-body -Wno-uninitialized -Wno-unknown-pragmas -w -Wno-shadow -Wno-four-char-constants -Wno-conversion -Wno-constant-conversion -Wno-int-conversion -Wno-bool-conversion -Wno-enum-conversion -Wno-float-conversion -Wno-non-literal-null-conversion -Wno-objc-literal-conversion -Wshorten-64-to-32 -Wpointer-sign -Wno-newline-eof -Wno-selector -Wno-strict-selector-match -Wno-undeclared-selector -Wno-deprecated-implementations -Wno-implicit-fallthrough -fstrict-aliasing -Wprotocol -Wdeprecated-declarations -Wno-sign-conversion -Wno-infinite-recursion -Wno-comma -Wno-block-capture-autoreleasing -Wno-strict-prototypes -Wno-semicolon-before-method-body -index-store-path /Users/nataliewhipps/Library/Developer/Xcode/DerivedData/Prompt28-cgmmkisguitsyibyvnemfqvywbnv/Index.noindex/DataStore @/Users/nataliewhipps/Library/Developer/Xcode/DerivedData/Prompt28-cgmmkisguitsyibyvnemfqvywbnv/Build/Intermediates.noindex/AppAuth.build/Debug-iphonesimulator/AppAuthCore.build/Objects-normal/x86_64/e6072d4f65d7061329687fe24e3d63a7-common-args.resp -include /Users/nataliewhipps/Library/Developer/Xcode/DerivedData/Prompt28-cgmmkisguitsyibyvnemfqvywbnv/Build/Intermediates.noindex/AppAuth.build/Debug-iphonesimulator/AppAuthCore.build/DerivedSources/resource_bundle_accessor.h -MMD -MT dependencies -MF /Users/nataliewhipps/Library/Developer/Xcode/DerivedData/Prompt28-cgmmkisguitsyibyvnemfqvywbnv/Build/Intermediates.noindex/AppAuth.build/Debug-iphonesimulator/AppAuthCore.build/Objects-normal/x86_64/OIDGrantTypes.d --serialize-diagnostics /Users/nataliewhipps/Library/Developer/Xcode/DerivedData/Prompt28-cgmmkisguitsyibyvnemfqvywbnv/Build/Intermediates.noindex/AppAuth.build/Debug-iphonesimulator/AppAuthCore.build/Objects-normal/x86_64/OIDGrantTypes.dia -c /Users/nataliewhipps/Library/Developer/Xcode/DerivedData/Prompt28-cgmmkisguitsyibyvnemfqvywbnv/SourcePackages/checkouts/AppAuth-iOS/Sources/AppAuthCore/OIDGrantTypes.m -o /Users/nataliewhipps/Library/Developer/Xcode/DerivedData/Prompt28-cgmmkisguitsyibyvnemfqvywbnv/Build/Intermediates.noindex/AppAuth.build/Debug-iphonesimulator/AppAuthCore.build/Objects-normal/x86_64/OIDGrantTypes.o -index-unit-output-path /AppAuth.build/Debug-iphonesimulator/AppAuthCore.build/Objects-normal/x86_64/OIDGrantTypes.o

ScanDependencies /Users/nataliewhipps/Library/Developer/Xcode/DerivedData/Prompt28-cgmmkisguitsyibyvnemfqvywbnv/Build/Intermediates.noindex/AppAuth.build/Debug-iphonesimulator/AppAuthCore.build/Objects-normal/x86_64/OIDFieldMapping.o /Users/nataliewhipps/Library/Developer/Xcode/DerivedData/Prompt28-cgmmkisguitsyibyvnemfqvywbnv/SourcePackages/checkouts/AppAuth-iOS/Sources/AppAuthCore/OIDFieldMapping.m normal x86_64 objective-c com.apple.compilers.llvm.clang.1_0.compiler (in target 'AppAuthCore' from project 'AppAuth')
    cd /Users/nataliewhipps/Desktop/Prompt28/Prompt28.xcodeproj
    
    Using response file: /Users/nataliewhipps/Library/Developer/Xcode/DerivedData/Prompt28-cgmmkisguitsyibyvnemfqvywbnv/Build/Intermediates.noindex/AppAuth.build/Debug-iphonesimulator/AppAuthCore.build/Objects-normal/x86_64/e6072d4f65d7061329687fe24e3d63a7-common-args.resp
    
    builtin-ScanDependencies -o /Users/nataliewhipps/Library/Developer/Xcode/DerivedData/Prompt28-cgmmkisguitsyibyvnemfqvywbnv/Build/Intermediates.noindex/AppAuth.build/Debug-iphonesimulator/AppAuthCore.build/Objects-normal/x86_64/OIDFieldMapping.o.scan -- /Applications/Xcode.app/Contents/Developer/Toolchains/XcodeDefault.xctoolchain/usr/bin/clang -x objective-c -ivfsstatcache /Users/nataliewhipps/Library/Developer/Xcode/DerivedData/SDKStatCaches.noindex/iphonesimulator26.2-23C57-7d00a8b37fbd7999ea79df8ebc024bf0.sdkstatcache -fmessage-length\=0 -fdiagnostics-show-note-include-stack -fmacro-backtrace-limit\=0 -fno-color-diagnostics -fmodules-prune-interval\=86400 -fmodules-prune-after\=345600 -fbuild-session-file\=/Users/nataliewhipps/Library/Developer/Xcode/DerivedData/ModuleCache.noindex/Session.modulevalidation -fmodules-validate-once-per-build-session -Wnon-modular-include-in-framework-module -Werror\=non-modular-include-in-framework-module -Wno-trigraphs -Wno-missing-field-initializers -Wno-missing-prototypes -Wno-return-type -Wno-implicit-atomic-properties -Wno-objc-interface-ivars -Wno-arc-repeated-use-of-weak -Wno-missing-braces -Wparentheses -Wswitch -Wno-unused-function -Wno-unused-label -Wno-unused-parameter -Wno-unused-variable -Wunused-value -Wno-empty-body -Wno-uninitialized -Wno-unknown-pragmas -w -Wno-shadow -Wno-four-char-constants -Wno-conversion -Wno-constant-conversion -Wno-int-conversion -Wno-bool-conversion -Wno-enum-conversion -Wno-float-conversion -Wno-non-literal-null-conversion -Wno-objc-literal-conversion -Wshorten-64-to-32 -Wpointer-sign -Wno-newline-eof -Wno-selector -Wno-strict-selector-match -Wno-undeclared-selector -Wno-deprecated-implementations -Wno-implicit-fallthrough -fstrict-aliasing -Wprotocol -Wdeprecated-declarations -Wno-sign-conversion -Wno-infinite-recursion -Wno-comma -Wno-block-capture-autoreleasing -Wno-strict-prototypes -Wno-semicolon-before-method-body -index-store-path /Users/nataliewhipps/Library/Developer/Xcode/DerivedData/Prompt28-cgmmkisguitsyibyvnemfqvywbnv/Index.noindex/DataStore @/Users/nataliewhipps/Library/Developer/Xcode/DerivedData/Prompt28-cgmmkisguitsyibyvnemfqvywbnv/Build/Intermediates.noindex/AppAuth.build/Debug-iphonesimulator/AppAuthCore.build/Objects-normal/x86_64/e6072d4f65d7061329687fe24e3d63a7-common-args.resp -include /Users/nataliewhipps/Library/Developer/Xcode/DerivedData/Prompt28-cgmmkisguitsyibyvnemfqvywbnv/Build/Intermediates.noindex/AppAuth.build/Debug-iphonesimulator/AppAuthCore.build/DerivedSources/resource_bundle_accessor.h -MMD -MT dependencies -MF /Users/nataliewhipps/Library/Developer/Xcode/DerivedData/Prompt28-cgmmkisguitsyibyvnemfqvywbnv/Build/Intermediates.noindex/AppAuth.build/Debug-iphonesimulator/AppAuthCore.build/Objects-normal/x86_64/OIDFieldMapping.d --serialize-diagnostics /Users/nataliewhipps/Library/Developer/Xcode/DerivedData/Prompt28-cgmmkisguitsyibyvnemfqvywbnv/Build/Intermediates.noindex/AppAuth.build/Debug-iphonesimulator/AppAuthCore.build/Objects-normal/x86_64/OIDFieldMapping.dia -c /Users/nataliewhipps/Library/Developer/Xcode/DerivedData/Prompt28-cgmmkisguitsyibyvnemfqvywbnv/SourcePackages/checkouts/AppAuth-iOS/Sources/AppAuthCore/OIDFieldMapping.m -o /Users/nataliewhipps/Library/Developer/Xcode/DerivedData/Prompt28-cgmmkisguitsyibyvnemfqvywbnv/Build/Intermediates.noindex/AppAuth.build/Debug-iphonesimulator/AppAuthCore.build/Objects-normal/x86_64/OIDFieldMapping.o -index-unit-output-path /AppAuth.build/Debug-iphonesimulator/AppAuthCore.build/Objects-normal/x86_64/OIDFieldMapping.o

ScanDependencies /Users/nataliewhipps/Library/Developer/Xcode/DerivedData/Prompt28-cgmmkisguitsyibyvnemfqvywbnv/Build/Intermediates.noindex/AppAuth.build/Debug-iphonesimulator/AppAuthCore.build/Objects-normal/x86_64/OIDErrorUtilities.o /Users/nataliewhipps/Library/Developer/Xcode/DerivedData/Prompt28-cgmmkisguitsyibyvnemfqvywbnv/SourcePackages/checkouts/AppAuth-iOS/Sources/AppAuthCore/OIDErrorUtilities.m normal x86_64 objective-c com.apple.compilers.llvm.clang.1_0.compiler (in target 'AppAuthCore' from project 'AppAuth')
    cd /Users/nataliewhipps/Desktop/Prompt28/Prompt28.xcodeproj
    
    Using response file: /Users/nataliewhipps/Library/Developer/Xcode/DerivedData/Prompt28-cgmmkisguitsyibyvnemfqvywbnv/Build/Intermediates.noindex/AppAuth.build/Debug-iphonesimulator/AppAuthCore.build/Objects-normal/x86_64/e6072d4f65d7061329687fe24e3d63a7-common-args.resp
    
    builtin-ScanDependencies -o /Users/nataliewhipps/Library/Developer/Xcode/DerivedData/Prompt28-cgmmkisguitsyibyvnemfqvywbnv/Build/Intermediates.noindex/AppAuth.build/Debug-iphonesimulator/AppAuthCore.build/Objects-normal/x86_64/OIDErrorUtilities.o.scan -- /Applications/Xcode.app/Contents/Developer/Toolchains/XcodeDefault.xctoolchain/usr/bin/clang -x objective-c -ivfsstatcache /Users/nataliewhipps/Library/Developer/Xcode/DerivedData/SDKStatCaches.noindex/iphonesimulator26.2-23C57-7d00a8b37fbd7999ea79df8ebc024bf0.sdkstatcache -fmessage-length\=0 -fdiagnostics-show-note-include-stack -fmacro-backtrace-limit\=0 -fno-color-diagnostics -fmodules-prune-interval\=86400 -fmodules-prune-after\=345600 -fbuild-session-file\=/Users/nataliewhipps/Library/Developer/Xcode/DerivedData/ModuleCache.noindex/Session.modulevalidation -fmodules-validate-once-per-build-session -Wnon-modular-include-in-framework-module -Werror\=non-modular-include-in-framework-module -Wno-trigraphs -Wno-missing-field-initializers -Wno-missing-prototypes -Wno-return-type -Wno-implicit-atomic-properties -Wno-objc-interface-ivars -Wno-arc-repeated-use-of-weak -Wno-missing-braces -Wparentheses -Wswitch -Wno-unused-function -Wno-unused-label -Wno-unused-parameter -Wno-unused-variable -Wunused-value -Wno-empty-body -Wno-uninitialized -Wno-unknown-pragmas -w -Wno-shadow -Wno-four-char-constants -Wno-conversion -Wno-constant-conversion -Wno-int-conversion -Wno-bool-conversion -Wno-enum-conversion -Wno-float-conversion -Wno-non-literal-null-conversion -Wno-objc-literal-conversion -Wshorten-64-to-32 -Wpointer-sign -Wno-newline-eof -Wno-selector -Wno-strict-selector-match -Wno-undeclared-selector -Wno-deprecated-implementations -Wno-implicit-fallthrough -fstrict-aliasing -Wprotocol -Wdeprecated-declarations -Wno-sign-conversion -Wno-infinite-recursion -Wno-comma -Wno-block-capture-autoreleasing -Wno-strict-prototypes -Wno-semicolon-before-method-body -index-store-path /Users/nataliewhipps/Library/Developer/Xcode/DerivedData/Prompt28-cgmmkisguitsyibyvnemfqvywbnv/Index.noindex/DataStore @/Users/nataliewhipps/Library/Developer/Xcode/DerivedData/Prompt28-cgmmkisguitsyibyvnemfqvywbnv/Build/Intermediates.noindex/AppAuth.build/Debug-iphonesimulator/AppAuthCore.build/Objects-normal/x86_64/e6072d4f65d7061329687fe24e3d63a7-common-args.resp -include /Users/nataliewhipps/Library/Developer/Xcode/DerivedData/Prompt28-cgmmkisguitsyibyvnemfqvywbnv/Build/Intermediates.noindex/AppAuth.build/Debug-iphonesimulator/AppAuthCore.build/DerivedSources/resource_bundle_accessor.h -MMD -MT dependencies -MF /Users/nataliewhipps/Library/Developer/Xcode/DerivedData/Prompt28-cgmmkisguitsyibyvnemfqvywbnv/Build/Intermediates.noindex/AppAuth.build/Debug-iphonesimulator/AppAuthCore.build/Objects-normal/x86_64/OIDErrorUtilities.d --serialize-diagnostics /Users/nataliewhipps/Library/Developer/Xcode/DerivedData/Prompt28-cgmmkisguitsyibyvnemfqvywbnv/Build/Intermediates.noindex/AppAuth.build/Debug-iphonesimulator/AppAuthCore.build/Objects-normal/x86_64/OIDErrorUtilities.dia -c /Users/nataliewhipps/Library/Developer/Xcode/DerivedData/Prompt28-cgmmkisguitsyibyvnemfqvywbnv/SourcePackages/checkouts/AppAuth-iOS/Sources/AppAuthCore/OIDErrorUtilities.m -o /Users/nataliewhipps/Library/Developer/Xcode/DerivedData/Prompt28-cgmmkisguitsyibyvnemfqvywbnv/Build/Intermediates.noindex/AppAuth.build/Debug-iphonesimulator/AppAuthCore.build/Objects-normal/x86_64/OIDErrorUtilities.o -index-unit-output-path /AppAuth.build/Debug-iphonesimulator/AppAuthCore.build/Objects-normal/x86_64/OIDErrorUtilities.o

ScanDependencies /Users/nataliewhipps/Library/Developer/Xcode/DerivedData/Prompt28-cgmmkisguitsyibyvnemfqvywbnv/Build/Intermediates.noindex/AppAuth.build/Debug-iphonesimulator/AppAuthCore.build/Objects-normal/x86_64/OIDError.o /Users/nataliewhipps/Library/Developer/Xcode/DerivedData/Prompt28-cgmmkisguitsyibyvnemfqvywbnv/SourcePackages/checkouts/AppAuth-iOS/Sources/AppAuthCore/OIDError.m normal x86_64 objective-c com.apple.compilers.llvm.clang.1_0.compiler (in target 'AppAuthCore' from project 'AppAuth')
    cd /Users/nataliewhipps/Desktop/Prompt28/Prompt28.xcodeproj
    
    Using response file: /Users/nataliewhipps/Library/Developer/Xcode/DerivedData/Prompt28-cgmmkisguitsyibyvnemfqvywbnv/Build/Intermediates.noindex/AppAuth.build/Debug-iphonesimulator/AppAuthCore.build/Objects-normal/x86_64/e6072d4f65d7061329687fe24e3d63a7-common-args.resp
    
    builtin-ScanDependencies -o /Users/nataliewhipps/Library/Developer/Xcode/DerivedData/Prompt28-cgmmkisguitsyibyvnemfqvywbnv/Build/Intermediates.noindex/AppAuth.build/Debug-iphonesimulator/AppAuthCore.build/Objects-normal/x86_64/OIDError.o.scan -- /Applications/Xcode.app/Contents/Developer/Toolchains/XcodeDefault.xctoolchain/usr/bin/clang -x objective-c -ivfsstatcache /Users/nataliewhipps/Library/Developer/Xcode/DerivedData/SDKStatCaches.noindex/iphonesimulator26.2-23C57-7d00a8b37fbd7999ea79df8ebc024bf0.sdkstatcache -fmessage-length\=0 -fdiagnostics-show-note-include-stack -fmacro-backtrace-limit\=0 -fno-color-diagnostics -fmodules-prune-interval\=86400 -fmodules-prune-after\=345600 -fbuild-session-file\=/Users/nataliewhipps/Library/Developer/Xcode/DerivedData/ModuleCache.noindex/Session.modulevalidation -fmodules-validate-once-per-build-session -Wnon-modular-include-in-framework-module -Werror\=non-modular-include-in-framework-module -Wno-trigraphs -Wno-missing-field-initializers -Wno-missing-prototypes -Wno-return-type -Wno-implicit-atomic-properties -Wno-objc-interface-ivars -Wno-arc-repeated-use-of-weak -Wno-missing-braces -Wparentheses -Wswitch -Wno-unused-function -Wno-unused-label -Wno-unused-parameter -Wno-unused-variable -Wunused-value -Wno-empty-body -Wno-uninitialized -Wno-unknown-pragmas -w -Wno-shadow -Wno-four-char-constants -Wno-conversion -Wno-constant-conversion -Wno-int-conversion -Wno-bool-conversion -Wno-enum-conversion -Wno-float-conversion -Wno-non-literal-null-conversion -Wno-objc-literal-conversion -Wshorten-64-to-32 -Wpointer-sign -Wno-newline-eof -Wno-selector -Wno-strict-selector-match -Wno-undeclared-selector -Wno-deprecated-implementations -Wno-implicit-fallthrough -fstrict-aliasing -Wprotocol -Wdeprecated-declarations -Wno-sign-conversion -Wno-infinite-recursion -Wno-comma -Wno-block-capture-autoreleasing -Wno-strict-prototypes -Wno-semicolon-before-method-body -index-store-path /Users/nataliewhipps/Library/Developer/Xcode/DerivedData/Prompt28-cgmmkisguitsyibyvnemfqvywbnv/Index.noindex/DataStore @/Users/nataliewhipps/Library/Developer/Xcode/DerivedData/Prompt28-cgmmkisguitsyibyvnemfqvywbnv/Build/Intermediates.noindex/AppAuth.build/Debug-iphonesimulator/AppAuthCore.build/Objects-normal/x86_64/e6072d4f65d7061329687fe24e3d63a7-common-args.resp -include /Users/nataliewhipps/Library/Developer/Xcode/DerivedData/Prompt28-cgmmkisguitsyibyvnemfqvywbnv/Build/Intermediates.noindex/AppAuth.build/Debug-iphonesimulator/AppAuthCore.build/DerivedSources/resource_bundle_accessor.h -MMD -MT dependencies -MF /Users/nataliewhipps/Library/Developer/Xcode/DerivedData/Prompt28-cgmmkisguitsyibyvnemfqvywbnv/Build/Intermediates.noindex/AppAuth.build/Debug-iphonesimulator/AppAuthCore.build/Objects-normal/x86_64/OIDError.d --serialize-diagnostics /Users/nataliewhipps/Library/Developer/Xcode/DerivedData/Prompt28-cgmmkisguitsyibyvnemfqvywbnv/Build/Intermediates.noindex/AppAuth.build/Debug-iphonesimulator/AppAuthCore.build/Objects-normal/x86_64/OIDError.dia -c /Users/nataliewhipps/Library/Developer/Xcode/DerivedData/Prompt28-cgmmkisguitsyibyvnemfqvywbnv/SourcePackages/checkouts/AppAuth-iOS/Sources/AppAuthCore/OIDError.m -o /Users/nataliewhipps/Library/Developer/Xcode/DerivedData/Prompt28-cgmmkisguitsyibyvnemfqvywbnv/Build/Intermediates.noindex/AppAuth.build/Debug-iphonesimulator/AppAuthCore.build/Objects-normal/x86_64/OIDError.o -index-unit-output-path /AppAuth.build/Debug-iphonesimulator/AppAuthCore.build/Objects-normal/x86_64/OIDError.o

PrecompileModule /Users/nataliewhipps/Library/Developer/Xcode/DerivedData/Prompt28-cgmmkisguitsyibyvnemfqvywbnv/Build/Intermediates.noindex/ExplicitPrecompiledModules/MachO-AEU10X16LTMUK17516JNI7ZIY.scan
    cd /
    builtin-precompileModule /Users/nataliewhipps/Library/Developer/Xcode/DerivedData/Prompt28-cgmmkisguitsyibyvnemfqvywbnv/Build/Intermediates.noindex/ExplicitPrecompiledModules/MachO-AEU10X16LTMUK17516JNI7ZIY.scan

PrecompileModule /Users/nataliewhipps/Library/Developer/Xcode/DerivedData/Prompt28-cgmmkisguitsyibyvnemfqvywbnv/Build/Intermediates.noindex/ExplicitPrecompiledModules/ObjectiveC-E57NQK80YPQWZJT3P3IWXW1WP.scan
    cd /
    builtin-precompileModule /Users/nataliewhipps/Library/Developer/Xcode/DerivedData/Prompt28-cgmmkisguitsyibyvnemfqvywbnv/Build/Intermediates.noindex/ExplicitPrecompiledModules/ObjectiveC-E57NQK80YPQWZJT3P3IWXW1WP.scan

PrecompileModule /Users/nataliewhipps/Library/Developer/Xcode/DerivedData/Prompt28-cgmmkisguitsyibyvnemfqvywbnv/Build/Intermediates.noindex/ExplicitPrecompiledModules/ObjectiveC-29FHBIXXO90HRES713ZY69LCL.scan
    cd /
    builtin-precompileModule /Users/nataliewhipps/Library/Developer/Xcode/DerivedData/Prompt28-cgmmkisguitsyibyvnemfqvywbnv/Build/Intermediates.noindex/ExplicitPrecompiledModules/ObjectiveC-29FHBIXXO90HRES713ZY69LCL.scan

ScanDependencies /Users/nataliewhipps/Library/Developer/Xcode/DerivedData/Prompt28-cgmmkisguitsyibyvnemfqvywbnv/Build/Intermediates.noindex/AppAuth.build/Debug-iphonesimulator/AppAuthCore.build/Objects-normal/x86_64/OIDEndSessionResponse.o /Users/nataliewhipps/Library/Developer/Xcode/DerivedData/Prompt28-cgmmkisguitsyibyvnemfqvywbnv/SourcePackages/checkouts/AppAuth-iOS/Sources/AppAuthCore/OIDEndSessionResponse.m normal x86_64 objective-c com.apple.compilers.llvm.clang.1_0.compiler (in target 'AppAuthCore' from project 'AppAuth')
    cd /Users/nataliewhipps/Desktop/Prompt28/Prompt28.xcodeproj
    
    Using response file: /Users/nataliewhipps/Library/Developer/Xcode/DerivedData/Prompt28-cgmmkisguitsyibyvnemfqvywbnv/Build/Intermediates.noindex/AppAuth.build/Debug-iphonesimulator/AppAuthCore.build/Objects-normal/x86_64/e6072d4f65d7061329687fe24e3d63a7-common-args.resp
    
    builtin-ScanDependencies -o /Users/nataliewhipps/Library/Developer/Xcode/DerivedData/Prompt28-cgmmkisguitsyibyvnemfqvywbnv/Build/Intermediates.noindex/AppAuth.build/Debug-iphonesimulator/AppAuthCore.build/Objects-normal/x86_64/OIDEndSessionResponse.o.scan -- /Applications/Xcode.app/Contents/Developer/Toolchains/XcodeDefault.xctoolchain/usr/bin/clang -x objective-c -ivfsstatcache /Users/nataliewhipps/Library/Developer/Xcode/DerivedData/SDKStatCaches.noindex/iphonesimulator26.2-23C57-7d00a8b37fbd7999ea79df8ebc024bf0.sdkstatcache -fmessage-length\=0 -fdiagnostics-show-note-include-stack -fmacro-backtrace-limit\=0 -fno-color-diagnostics -fmodules-prune-interval\=86400 -fmodules-prune-after\=345600 -fbuild-session-file\=/Users/nataliewhipps/Library/Developer/Xcode/DerivedData/ModuleCache.noindex/Session.modulevalidation -fmodules-validate-once-per-build-session -Wnon-modular-include-in-framework-module -Werror\=non-modular-include-in-framework-module -Wno-trigraphs -Wno-missing-field-initializers -Wno-missing-prototypes -Wno-return-type -Wno-implicit-atomic-properties -Wno-objc-interface-ivars -Wno-arc-repeated-use-of-weak -Wno-missing-braces -Wparentheses -Wswitch -Wno-unused-function -Wno-unused-label -Wno-unused-parameter -Wno-unused-variable -Wunused-value -Wno-empty-body -Wno-uninitialized -Wno-unknown-pragmas -w -Wno-shadow -Wno-four-char-constants -Wno-conversion -Wno-constant-conversion -Wno-int-conversion -Wno-bool-conversion -Wno-enum-conversion -Wno-float-conversion -Wno-non-literal-null-conversion -Wno-objc-literal-conversion -Wshorten-64-to-32 -Wpointer-sign -Wno-newline-eof -Wno-selector -Wno-strict-selector-match -Wno-undeclared-selector -Wno-deprecated-implementations -Wno-implicit-fallthrough -fstrict-aliasing -Wprotocol -Wdeprecated-declarations -Wno-sign-conversion -Wno-infinite-recursion -Wno-comma -Wno-block-capture-autoreleasing -Wno-strict-prototypes -Wno-semicolon-before-method-body -index-store-path /Users/nataliewhipps/Library/Developer/Xcode/DerivedData/Prompt28-cgmmkisguitsyibyvnemfqvywbnv/Index.noindex/DataStore @/Users/nataliewhipps/Library/Developer/Xcode/DerivedData/Prompt28-cgmmkisguitsyibyvnemfqvywbnv/Build/Intermediates.noindex/AppAuth.build/Debug-iphonesimulator/AppAuthCore.build/Objects-normal/x86_64/e6072d4f65d7061329687fe24e3d63a7-common-args.resp -include /Users/nataliewhipps/Library/Developer/Xcode/DerivedData/Prompt28-cgmmkisguitsyibyvnemfqvywbnv/Build/Intermediates.noindex/AppAuth.build/Debug-iphonesimulator/AppAuthCore.build/DerivedSources/resource_bundle_accessor.h -MMD -MT dependencies -MF /Users/nataliewhipps/Library/Developer/Xcode/DerivedData/Prompt28-cgmmkisguitsyibyvnemfqvywbnv/Build/Intermediates.noindex/AppAuth.build/Debug-iphonesimulator/AppAuthCore.build/Objects-normal/x86_64/OIDEndSessionResponse.d --serialize-diagnostics /Users/nataliewhipps/Library/Developer/Xcode/DerivedData/Prompt28-cgmmkisguitsyibyvnemfqvywbnv/Build/Intermediates.noindex/AppAuth.build/Debug-iphonesimulator/AppAuthCore.build/Objects-normal/x86_64/OIDEndSessionResponse.dia -c /Users/nataliewhipps/Library/Developer/Xcode/DerivedData/Prompt28-cgmmkisguitsyibyvnemfqvywbnv/SourcePackages/checkouts/AppAuth-iOS/Sources/AppAuthCore/OIDEndSessionResponse.m -o /Users/nataliewhipps/Library/Developer/Xcode/DerivedData/Prompt28-cgmmkisguitsyibyvnemfqvywbnv/Build/Intermediates.noindex/AppAuth.build/Debug-iphonesimulator/AppAuthCore.build/Objects-normal/x86_64/OIDEndSessionResponse.o -index-unit-output-path /AppAuth.build/Debug-iphonesimulator/AppAuthCore.build/Objects-normal/x86_64/OIDEndSessionResponse.o

ScanDependencies /Users/nataliewhipps/Library/Developer/Xcode/DerivedData/Prompt28-cgmmkisguitsyibyvnemfqvywbnv/Build/Intermediates.noindex/AppAuth.build/Debug-iphonesimulator/AppAuthCore.build/Objects-normal/x86_64/OIDEndSessionRequest.o /Users/nataliewhipps/Library/Developer/Xcode/DerivedData/Prompt28-cgmmkisguitsyibyvnemfqvywbnv/SourcePackages/checkouts/AppAuth-iOS/Sources/AppAuthCore/OIDEndSessionRequest.m normal x86_64 objective-c com.apple.compilers.llvm.clang.1_0.compiler (in target 'AppAuthCore' from project 'AppAuth')
    cd /Users/nataliewhipps/Desktop/Prompt28/Prompt28.xcodeproj
    
    Using response file: /Users/nataliewhipps/Library/Developer/Xcode/DerivedData/Prompt28-cgmmkisguitsyibyvnemfqvywbnv/Build/Intermediates.noindex/AppAuth.build/Debug-iphonesimulator/AppAuthCore.build/Objects-normal/x86_64/e6072d4f65d7061329687fe24e3d63a7-common-args.resp
    
    builtin-ScanDependencies -o /Users/nataliewhipps/Library/Developer/Xcode/DerivedData/Prompt28-cgmmkisguitsyibyvnemfqvywbnv/Build/Intermediates.noindex/AppAuth.build/Debug-iphonesimulator/AppAuthCore.build/Objects-normal/x86_64/OIDEndSessionRequest.o.scan -- /Applications/Xcode.app/Contents/Developer/Toolchains/XcodeDefault.xctoolchain/usr/bin/clang -x objective-c -ivfsstatcache /Users/nataliewhipps/Library/Developer/Xcode/DerivedData/SDKStatCaches.noindex/iphonesimulator26.2-23C57-7d00a8b37fbd7999ea79df8ebc024bf0.sdkstatcache -fmessage-length\=0 -fdiagnostics-show-note-include-stack -fmacro-backtrace-limit\=0 -fno-color-diagnostics -fmodules-prune-interval\=86400 -fmodules-prune-after\=345600 -fbuild-session-file\=/Users/nataliewhipps/Library/Developer/Xcode/DerivedData/ModuleCache.noindex/Session.modulevalidation -fmodules-validate-once-per-build-session -Wnon-modular-include-in-framework-module -Werror\=non-modular-include-in-framework-module -Wno-trigraphs -Wno-missing-field-initializers -Wno-missing-prototypes -Wno-return-type -Wno-implicit-atomic-properties -Wno-objc-interface-ivars -Wno-arc-repeated-use-of-weak -Wno-missing-braces -Wparentheses -Wswitch -Wno-unused-function -Wno-unused-label -Wno-unused-parameter -Wno-unused-variable -Wunused-value -Wno-empty-body -Wno-uninitialized -Wno-unknown-pragmas -w -Wno-shadow -Wno-four-char-constants -Wno-conversion -Wno-constant-conversion -Wno-int-conversion -Wno-bool-conversion -Wno-enum-conversion -Wno-float-conversion -Wno-non-literal-null-conversion -Wno-objc-literal-conversion -Wshorten-64-to-32 -Wpointer-sign -Wno-newline-eof -Wno-selector -Wno-strict-selector-match -Wno-undeclared-selector -Wno-deprecated-implementations -Wno-implicit-fallthrough -fstrict-aliasing -Wprotocol -Wdeprecated-declarations -Wno-sign-conversion -Wno-infinite-recursion -Wno-comma -Wno-block-capture-autoreleasing -Wno-strict-prototypes -Wno-semicolon-before-method-body -index-store-path /Users/nataliewhipps/Library/Developer/Xcode/DerivedData/Prompt28-cgmmkisguitsyibyvnemfqvywbnv/Index.noindex/DataStore @/Users/nataliewhipps/Library/Developer/Xcode/DerivedData/Prompt28-cgmmkisguitsyibyvnemfqvywbnv/Build/Intermediates.noindex/AppAuth.build/Debug-iphonesimulator/AppAuthCore.build/Objects-normal/x86_64/e6072d4f65d7061329687fe24e3d63a7-common-args.resp -include /Users/nataliewhipps/Library/Developer/Xcode/DerivedData/Prompt28-cgmmkisguitsyibyvnemfqvywbnv/Build/Intermediates.noindex/AppAuth.build/Debug-iphonesimulator/AppAuthCore.build/DerivedSources/resource_bundle_accessor.h -MMD -MT dependencies -MF /Users/nataliewhipps/Library/Developer/Xcode/DerivedData/Prompt28-cgmmkisguitsyibyvnemfqvywbnv/Build/Intermediates.noindex/AppAuth.build/Debug-iphonesimulator/AppAuthCore.build/Objects-normal/x86_64/OIDEndSessionRequest.d --serialize-diagnostics /Users/nataliewhipps/Library/Developer/Xcode/DerivedData/Prompt28-cgmmkisguitsyibyvnemfqvywbnv/Build/Intermediates.noindex/AppAuth.build/Debug-iphonesimulator/AppAuthCore.build/Objects-normal/x86_64/OIDEndSessionRequest.dia -c /Users/nataliewhipps/Library/Developer/Xcode/DerivedData/Prompt28-cgmmkisguitsyibyvnemfqvywbnv/SourcePackages/checkouts/AppAuth-iOS/Sources/AppAuthCore/OIDEndSessionRequest.m -o /Users/nataliewhipps/Library/Developer/Xcode/DerivedData/Prompt28-cgmmkisguitsyibyvnemfqvywbnv/Build/Intermediates.noindex/AppAuth.build/Debug-iphonesimulator/AppAuthCore.build/Objects-normal/x86_64/OIDEndSessionRequest.o -index-unit-output-path /AppAuth.build/Debug-iphonesimulator/AppAuthCore.build/Objects-normal/x86_64/OIDEndSessionRequest.o

ScanDependencies /Users/nataliewhipps/Library/Developer/Xcode/DerivedData/Prompt28-cgmmkisguitsyibyvnemfqvywbnv/Build/Intermediates.noindex/AppAuth.build/Debug-iphonesimulator/AppAuthCore.build/Objects-normal/x86_64/OIDClientMetadataParameters.o /Users/nataliewhipps/Library/Developer/Xcode/DerivedData/Prompt28-cgmmkisguitsyibyvnemfqvywbnv/SourcePackages/checkouts/AppAuth-iOS/Sources/AppAuthCore/OIDClientMetadataParameters.m normal x86_64 objective-c com.apple.compilers.llvm.clang.1_0.compiler (in target 'AppAuthCore' from project 'AppAuth')
    cd /Users/nataliewhipps/Desktop/Prompt28/Prompt28.xcodeproj
    
    Using response file: /Users/nataliewhipps/Library/Developer/Xcode/DerivedData/Prompt28-cgmmkisguitsyibyvnemfqvywbnv/Build/Intermediates.noindex/AppAuth.build/Debug-iphonesimulator/AppAuthCore.build/Objects-normal/x86_64/e6072d4f65d7061329687fe24e3d63a7-common-args.resp
    
    builtin-ScanDependencies -o /Users/nataliewhipps/Library/Developer/Xcode/DerivedData/Prompt28-cgmmkisguitsyibyvnemfqvywbnv/Build/Intermediates.noindex/AppAuth.build/Debug-iphonesimulator/AppAuthCore.build/Objects-normal/x86_64/OIDClientMetadataParameters.o.scan -- /Applications/Xcode.app/Contents/Developer/Toolchains/XcodeDefault.xctoolchain/usr/bin/clang -x objective-c -ivfsstatcache /Users/nataliewhipps/Library/Developer/Xcode/DerivedData/SDKStatCaches.noindex/iphonesimulator26.2-23C57-7d00a8b37fbd7999ea79df8ebc024bf0.sdkstatcache -fmessage-length\=0 -fdiagnostics-show-note-include-stack -fmacro-backtrace-limit\=0 -fno-color-diagnostics -fmodules-prune-interval\=86400 -fmodules-prune-after\=345600 -fbuild-session-file\=/Users/nataliewhipps/Library/Developer/Xcode/DerivedData/ModuleCache.noindex/Session.modulevalidation -fmodules-validate-once-per-build-session -Wnon-modular-include-in-framework-module -Werror\=non-modular-include-in-framework-module -Wno-trigraphs -Wno-missing-field-initializers -Wno-missing-prototypes -Wno-return-type -Wno-implicit-atomic-properties -Wno-objc-interface-ivars -Wno-arc-repeated-use-of-weak -Wno-missing-braces -Wparentheses -Wswitch -Wno-unused-function -Wno-unused-label -Wno-unused-parameter -Wno-unused-variable -Wunused-value -Wno-empty-body -Wno-uninitialized -Wno-unknown-pragmas -w -Wno-shadow -Wno-four-char-constants -Wno-conversion -Wno-constant-conversion -Wno-int-conversion -Wno-bool-conversion -Wno-enum-conversion -Wno-float-conversion -Wno-non-literal-null-conversion -Wno-objc-literal-conversion -Wshorten-64-to-32 -Wpointer-sign -Wno-newline-eof -Wno-selector -Wno-strict-selector-match -Wno-undeclared-selector -Wno-deprecated-implementations -Wno-implicit-fallthrough -fstrict-aliasing -Wprotocol -Wdeprecated-declarations -Wno-sign-conversion -Wno-infinite-recursion -Wno-comma -Wno-block-capture-autoreleasing -Wno-strict-prototypes -Wno-semicolon-before-method-body -index-store-path /Users/nataliewhipps/Library/Developer/Xcode/DerivedData/Prompt28-cgmmkisguitsyibyvnemfqvywbnv/Index.noindex/DataStore @/Users/nataliewhipps/Library/Developer/Xcode/DerivedData/Prompt28-cgmmkisguitsyibyvnemfqvywbnv/Build/Intermediates.noindex/AppAuth.build/Debug-iphonesimulator/AppAuthCore.build/Objects-normal/x86_64/e6072d4f65d7061329687fe24e3d63a7-common-args.resp -include /Users/nataliewhipps/Library/Developer/Xcode/DerivedData/Prompt28-cgmmkisguitsyibyvnemfqvywbnv/Build/Intermediates.noindex/AppAuth.build/Debug-iphonesimulator/AppAuthCore.build/DerivedSources/resource_bundle_accessor.h -MMD -MT dependencies -MF /Users/nataliewhipps/Library/Developer/Xcode/DerivedData/Prompt28-cgmmkisguitsyibyvnemfqvywbnv/Build/Intermediates.noindex/AppAuth.build/Debug-iphonesimulator/AppAuthCore.build/Objects-normal/x86_64/OIDClientMetadataParameters.d --serialize-diagnostics /Users/nataliewhipps/Library/Developer/Xcode/DerivedData/Prompt28-cgmmkisguitsyibyvnemfqvywbnv/Build/Intermediates.noindex/AppAuth.build/Debug-iphonesimulator/AppAuthCore.build/Objects-normal/x86_64/OIDClientMetadataParameters.dia -c /Users/nataliewhipps/Library/Developer/Xcode/DerivedData/Prompt28-cgmmkisguitsyibyvnemfqvywbnv/SourcePackages/checkouts/AppAuth-iOS/Sources/AppAuthCore/OIDClientMetadataParameters.m -o /Users/nataliewhipps/Library/Developer/Xcode/DerivedData/Prompt28-cgmmkisguitsyibyvnemfqvywbnv/Build/Intermediates.noindex/AppAuth.build/Debug-iphonesimulator/AppAuthCore.build/Objects-normal/x86_64/OIDClientMetadataParameters.o -index-unit-output-path /AppAuth.build/Debug-iphonesimulator/AppAuthCore.build/Objects-normal/x86_64/OIDClientMetadataParameters.o

ScanDependencies /Users/nataliewhipps/Library/Developer/Xcode/DerivedData/Prompt28-cgmmkisguitsyibyvnemfqvywbnv/Build/Intermediates.noindex/AppAuth.build/Debug-iphonesimulator/AppAuthCore.build/Objects-normal/x86_64/OIDAuthorizationService.o /Users/nataliewhipps/Library/Developer/Xcode/DerivedData/Prompt28-cgmmkisguitsyibyvnemfqvywbnv/SourcePackages/checkouts/AppAuth-iOS/Sources/AppAuthCore/OIDAuthorizationService.m normal x86_64 objective-c com.apple.compilers.llvm.clang.1_0.compiler (in target 'AppAuthCore' from project 'AppAuth')
    cd /Users/nataliewhipps/Desktop/Prompt28/Prompt28.xcodeproj
    
    Using response file: /Users/nataliewhipps/Library/Developer/Xcode/DerivedData/Prompt28-cgmmkisguitsyibyvnemfqvywbnv/Build/Intermediates.noindex/AppAuth.build/Debug-iphonesimulator/AppAuthCore.build/Objects-normal/x86_64/e6072d4f65d7061329687fe24e3d63a7-common-args.resp
    
    builtin-ScanDependencies -o /Users/nataliewhipps/Library/Developer/Xcode/DerivedData/Prompt28-cgmmkisguitsyibyvnemfqvywbnv/Build/Intermediates.noindex/AppAuth.build/Debug-iphonesimulator/AppAuthCore.build/Objects-normal/x86_64/OIDAuthorizationService.o.scan -- /Applications/Xcode.app/Contents/Developer/Toolchains/XcodeDefault.xctoolchain/usr/bin/clang -x objective-c -ivfsstatcache /Users/nataliewhipps/Library/Developer/Xcode/DerivedData/SDKStatCaches.noindex/iphonesimulator26.2-23C57-7d00a8b37fbd7999ea79df8ebc024bf0.sdkstatcache -fmessage-length\=0 -fdiagnostics-show-note-include-stack -fmacro-backtrace-limit\=0 -fno-color-diagnostics -fmodules-prune-interval\=86400 -fmodules-prune-after\=345600 -fbuild-session-file\=/Users/nataliewhipps/Library/Developer/Xcode/DerivedData/ModuleCache.noindex/Session.modulevalidation -fmodules-validate-once-per-build-session -Wnon-modular-include-in-framework-module -Werror\=non-modular-include-in-framework-module -Wno-trigraphs -Wno-missing-field-initializers -Wno-missing-prototypes -Wno-return-type -Wno-implicit-atomic-properties -Wno-objc-interface-ivars -Wno-arc-repeated-use-of-weak -Wno-missing-braces -Wparentheses -Wswitch -Wno-unused-function -Wno-unused-label -Wno-unused-parameter -Wno-unused-variable -Wunused-value -Wno-empty-body -Wno-uninitialized -Wno-unknown-pragmas -w -Wno-shadow -Wno-four-char-constants -Wno-conversion -Wno-constant-conversion -Wno-int-conversion -Wno-bool-conversion -Wno-enum-conversion -Wno-float-conversion -Wno-non-literal-null-conversion -Wno-objc-literal-conversion -Wshorten-64-to-32 -Wpointer-sign -Wno-newline-eof -Wno-selector -Wno-strict-selector-match -Wno-undeclared-selector -Wno-deprecated-implementations -Wno-implicit-fallthrough -fstrict-aliasing -Wprotocol -Wdeprecated-declarations -Wno-sign-conversion -Wno-infinite-recursion -Wno-comma -Wno-block-capture-autoreleasing -Wno-strict-prototypes -Wno-semicolon-before-method-body -index-store-path /Users/nataliewhipps/Library/Developer/Xcode/DerivedData/Prompt28-cgmmkisguitsyibyvnemfqvywbnv/Index.noindex/DataStore @/Users/nataliewhipps/Library/Developer/Xcode/DerivedData/Prompt28-cgmmkisguitsyibyvnemfqvywbnv/Build/Intermediates.noindex/AppAuth.build/Debug-iphonesimulator/AppAuthCore.build/Objects-normal/x86_64/e6072d4f65d7061329687fe24e3d63a7-common-args.resp -include /Users/nataliewhipps/Library/Developer/Xcode/DerivedData/Prompt28-cgmmkisguitsyibyvnemfqvywbnv/Build/Intermediates.noindex/AppAuth.build/Debug-iphonesimulator/AppAuthCore.build/DerivedSources/resource_bundle_accessor.h -MMD -MT dependencies -MF /Users/nataliewhipps/Library/Developer/Xcode/DerivedData/Prompt28-cgmmkisguitsyibyvnemfqvywbnv/Build/Intermediates.noindex/AppAuth.build/Debug-iphonesimulator/AppAuthCore.build/Objects-normal/x86_64/OIDAuthorizationService.d --serialize-diagnostics /Users/nataliewhipps/Library/Developer/Xcode/DerivedData/Prompt28-cgmmkisguitsyibyvnemfqvywbnv/Build/Intermediates.noindex/AppAuth.build/Debug-iphonesimulator/AppAuthCore.build/Objects-normal/x86_64/OIDAuthorizationService.dia -c /Users/nataliewhipps/Library/Developer/Xcode/DerivedData/Prompt28-cgmmkisguitsyibyvnemfqvywbnv/SourcePackages/checkouts/AppAuth-iOS/Sources/AppAuthCore/OIDAuthorizationService.m -o /Users/nataliewhipps/Library/Developer/Xcode/DerivedData/Prompt28-cgmmkisguitsyibyvnemfqvywbnv/Build/Intermediates.noindex/AppAuth.build/Debug-iphonesimulator/AppAuthCore.build/Objects-normal/x86_64/OIDAuthorizationService.o -index-unit-output-path /AppAuth.build/Debug-iphonesimulator/AppAuthCore.build/Objects-normal/x86_64/OIDAuthorizationService.o

ScanDependencies /Users/nataliewhipps/Library/Developer/Xcode/DerivedData/Prompt28-cgmmkisguitsyibyvnemfqvywbnv/Build/Intermediates.noindex/AppAuth.build/Debug-iphonesimulator/AppAuthCore.build/Objects-normal/x86_64/OIDAuthorizationResponse.o /Users/nataliewhipps/Library/Developer/Xcode/DerivedData/Prompt28-cgmmkisguitsyibyvnemfqvywbnv/SourcePackages/checkouts/AppAuth-iOS/Sources/AppAuthCore/OIDAuthorizationResponse.m normal x86_64 objective-c com.apple.compilers.llvm.clang.1_0.compiler (in target 'AppAuthCore' from project 'AppAuth')
    cd /Users/nataliewhipps/Desktop/Prompt28/Prompt28.xcodeproj
    
    Using response file: /Users/nataliewhipps/Library/Developer/Xcode/DerivedData/Prompt28-cgmmkisguitsyibyvnemfqvywbnv/Build/Intermediates.noindex/AppAuth.build/Debug-iphonesimulator/AppAuthCore.build/Objects-normal/x86_64/e6072d4f65d7061329687fe24e3d63a7-common-args.resp
    
    builtin-ScanDependencies -o /Users/nataliewhipps/Library/Developer/Xcode/DerivedData/Prompt28-cgmmkisguitsyibyvnemfqvywbnv/Build/Intermediates.noindex/AppAuth.build/Debug-iphonesimulator/AppAuthCore.build/Objects-normal/x86_64/OIDAuthorizationResponse.o.scan -- /Applications/Xcode.app/Contents/Developer/Toolchains/XcodeDefault.xctoolchain/usr/bin/clang -x objective-c -ivfsstatcache /Users/nataliewhipps/Library/Developer/Xcode/DerivedData/SDKStatCaches.noindex/iphonesimulator26.2-23C57-7d00a8b37fbd7999ea79df8ebc024bf0.sdkstatcache -fmessage-length\=0 -fdiagnostics-show-note-include-stack -fmacro-backtrace-limit\=0 -fno-color-diagnostics -fmodules-prune-interval\=86400 -fmodules-prune-after\=345600 -fbuild-session-file\=/Users/nataliewhipps/Library/Developer/Xcode/DerivedData/ModuleCache.noindex/Session.modulevalidation -fmodules-validate-once-per-build-session -Wnon-modular-include-in-framework-module -Werror\=non-modular-include-in-framework-module -Wno-trigraphs -Wno-missing-field-initializers -Wno-missing-prototypes -Wno-return-type -Wno-implicit-atomic-properties -Wno-objc-interface-ivars -Wno-arc-repeated-use-of-weak -Wno-missing-braces -Wparentheses -Wswitch -Wno-unused-function -Wno-unused-label -Wno-unused-parameter -Wno-unused-variable -Wunused-value -Wno-empty-body -Wno-uninitialized -Wno-unknown-pragmas -w -Wno-shadow -Wno-four-char-constants -Wno-conversion -Wno-constant-conversion -Wno-int-conversion -Wno-bool-conversion -Wno-enum-conversion -Wno-float-conversion -Wno-non-literal-null-conversion -Wno-objc-literal-conversion -Wshorten-64-to-32 -Wpointer-sign -Wno-newline-eof -Wno-selector -Wno-strict-selector-match -Wno-undeclared-selector -Wno-deprecated-implementations -Wno-implicit-fallthrough -fstrict-aliasing -Wprotocol -Wdeprecated-declarations -Wno-sign-conversion -Wno-infinite-recursion -Wno-comma -Wno-block-capture-autoreleasing -Wno-strict-prototypes -Wno-semicolon-before-method-body -index-store-path /Users/nataliewhipps/Library/Developer/Xcode/DerivedData/Prompt28-cgmmkisguitsyibyvnemfqvywbnv/Index.noindex/DataStore @/Users/nataliewhipps/Library/Developer/Xcode/DerivedData/Prompt28-cgmmkisguitsyibyvnemfqvywbnv/Build/Intermediates.noindex/AppAuth.build/Debug-iphonesimulator/AppAuthCore.build/Objects-normal/x86_64/e6072d4f65d7061329687fe24e3d63a7-common-args.resp -include /Users/nataliewhipps/Library/Developer/Xcode/DerivedData/Prompt28-cgmmkisguitsyibyvnemfqvywbnv/Build/Intermediates.noindex/AppAuth.build/Debug-iphonesimulator/AppAuthCore.build/DerivedSources/resource_bundle_accessor.h -MMD -MT dependencies -MF /Users/nataliewhipps/Library/Developer/Xcode/DerivedData/Prompt28-cgmmkisguitsyibyvnemfqvywbnv/Build/Intermediates.noindex/AppAuth.build/Debug-iphonesimulator/AppAuthCore.build/Objects-normal/x86_64/OIDAuthorizationResponse.d --serialize-diagnostics /Users/nataliewhipps/Library/Developer/Xcode/DerivedData/Prompt28-cgmmkisguitsyibyvnemfqvywbnv/Build/Intermediates.noindex/AppAuth.build/Debug-iphonesimulator/AppAuthCore.build/Objects-normal/x86_64/OIDAuthorizationResponse.dia -c /Users/nataliewhipps/Library/Developer/Xcode/DerivedData/Prompt28-cgmmkisguitsyibyvnemfqvywbnv/SourcePackages/checkouts/AppAuth-iOS/Sources/AppAuthCore/OIDAuthorizationResponse.m -o /Users/nataliewhipps/Library/Developer/Xcode/DerivedData/Prompt28-cgmmkisguitsyibyvnemfqvywbnv/Build/Intermediates.noindex/AppAuth.build/Debug-iphonesimulator/AppAuthCore.build/Objects-normal/x86_64/OIDAuthorizationResponse.o -index-unit-output-path /AppAuth.build/Debug-iphonesimulator/AppAuthCore.build/Objects-normal/x86_64/OIDAuthorizationResponse.o

PrecompileModule /Users/nataliewhipps/Library/Developer/Xcode/DerivedData/Prompt28-cgmmkisguitsyibyvnemfqvywbnv/Build/Intermediates.noindex/ExplicitPrecompiledModules/os_object-C6WY6BMFHQDK8B694HVFV8OPE.scan
    cd /
    builtin-precompileModule /Users/nataliewhipps/Library/Developer/Xcode/DerivedData/Prompt28-cgmmkisguitsyibyvnemfqvywbnv/Build/Intermediates.noindex/ExplicitPrecompiledModules/os_object-C6WY6BMFHQDK8B694HVFV8OPE.scan

ScanDependencies /Users/nataliewhipps/Library/Developer/Xcode/DerivedData/Prompt28-cgmmkisguitsyibyvnemfqvywbnv/Build/Intermediates.noindex/AppAuth.build/Debug-iphonesimulator/AppAuthCore.build/Objects-normal/x86_64/OIDAuthorizationRequest.o /Users/nataliewhipps/Library/Developer/Xcode/DerivedData/Prompt28-cgmmkisguitsyibyvnemfqvywbnv/SourcePackages/checkouts/AppAuth-iOS/Sources/AppAuthCore/OIDAuthorizationRequest.m normal x86_64 objective-c com.apple.compilers.llvm.clang.1_0.compiler (in target 'AppAuthCore' from project 'AppAuth')
    cd /Users/nataliewhipps/Desktop/Prompt28/Prompt28.xcodeproj
    
    Using response file: /Users/nataliewhipps/Library/Developer/Xcode/DerivedData/Prompt28-cgmmkisguitsyibyvnemfqvywbnv/Build/Intermediates.noindex/AppAuth.build/Debug-iphonesimulator/AppAuthCore.build/Objects-normal/x86_64/e6072d4f65d7061329687fe24e3d63a7-common-args.resp
    
    builtin-ScanDependencies -o /Users/nataliewhipps/Library/Developer/Xcode/DerivedData/Prompt28-cgmmkisguitsyibyvnemfqvywbnv/Build/Intermediates.noindex/AppAuth.build/Debug-iphonesimulator/AppAuthCore.build/Objects-normal/x86_64/OIDAuthorizationRequest.o.scan -- /Applications/Xcode.app/Contents/Developer/Toolchains/XcodeDefault.xctoolchain/usr/bin/clang -x objective-c -ivfsstatcache /Users/nataliewhipps/Library/Developer/Xcode/DerivedData/SDKStatCaches.noindex/iphonesimulator26.2-23C57-7d00a8b37fbd7999ea79df8ebc024bf0.sdkstatcache -fmessage-length\=0 -fdiagnostics-show-note-include-stack -fmacro-backtrace-limit\=0 -fno-color-diagnostics -fmodules-prune-interval\=86400 -fmodules-prune-after\=345600 -fbuild-session-file\=/Users/nataliewhipps/Library/Developer/Xcode/DerivedData/ModuleCache.noindex/Session.modulevalidation -fmodules-validate-once-per-build-session -Wnon-modular-include-in-framework-module -Werror\=non-modular-include-in-framework-module -Wno-trigraphs -Wno-missing-field-initializers -Wno-missing-prototypes -Wno-return-type -Wno-implicit-atomic-properties -Wno-objc-interface-ivars -Wno-arc-repeated-use-of-weak -Wno-missing-braces -Wparentheses -Wswitch -Wno-unused-function -Wno-unused-label -Wno-unused-parameter -Wno-unused-variable -Wunused-value -Wno-empty-body -Wno-uninitialized -Wno-unknown-pragmas -w -Wno-shadow -Wno-four-char-constants -Wno-conversion -Wno-constant-conversion -Wno-int-conversion -Wno-bool-conversion -Wno-enum-conversion -Wno-float-conversion -Wno-non-literal-null-conversion -Wno-objc-literal-conversion -Wshorten-64-to-32 -Wpointer-sign -Wno-newline-eof -Wno-selector -Wno-strict-selector-match -Wno-undeclared-selector -Wno-deprecated-implementations -Wno-implicit-fallthrough -fstrict-aliasing -Wprotocol -Wdeprecated-declarations -Wno-sign-conversion -Wno-infinite-recursion -Wno-comma -Wno-block-capture-autoreleasing -Wno-strict-prototypes -Wno-semicolon-before-method-body -index-store-path /Users/nataliewhipps/Library/Developer/Xcode/DerivedData/Prompt28-cgmmkisguitsyibyvnemfqvywbnv/Index.noindex/DataStore @/Users/nataliewhipps/Library/Developer/Xcode/DerivedData/Prompt28-cgmmkisguitsyibyvnemfqvywbnv/Build/Intermediates.noindex/AppAuth.build/Debug-iphonesimulator/AppAuthCore.build/Objects-normal/x86_64/e6072d4f65d7061329687fe24e3d63a7-common-args.resp -include /Users/nataliewhipps/Library/Developer/Xcode/DerivedData/Prompt28-cgmmkisguitsyibyvnemfqvywbnv/Build/Intermediates.noindex/AppAuth.build/Debug-iphonesimulator/AppAuthCore.build/DerivedSources/resource_bundle_accessor.h -MMD -MT dependencies -MF /Users/nataliewhipps/Library/Developer/Xcode/DerivedData/Prompt28-cgmmkisguitsyibyvnemfqvywbnv/Build/Intermediates.noindex/AppAuth.build/Debug-iphonesimulator/AppAuthCore.build/Objects-normal/x86_64/OIDAuthorizationRequest.d --serialize-diagnostics /Users/nataliewhipps/Library/Developer/Xcode/DerivedData/Prompt28-cgmmkisguitsyibyvnemfqvywbnv/Build/Intermediates.noindex/AppAuth.build/Debug-iphonesimulator/AppAuthCore.build/Objects-normal/x86_64/OIDAuthorizationRequest.dia -c /Users/nataliewhipps/Library/Developer/Xcode/DerivedData/Prompt28-cgmmkisguitsyibyvnemfqvywbnv/SourcePackages/checkouts/AppAuth-iOS/Sources/AppAuthCore/OIDAuthorizationRequest.m -o /Users/nataliewhipps/Library/Developer/Xcode/DerivedData/Prompt28-cgmmkisguitsyibyvnemfqvywbnv/Build/Intermediates.noindex/AppAuth.build/Debug-iphonesimulator/AppAuthCore.build/Objects-normal/x86_64/OIDAuthorizationRequest.o -index-unit-output-path /AppAuth.build/Debug-iphonesimulator/AppAuthCore.build/Objects-normal/x86_64/OIDAuthorizationRequest.o

PrecompileModule /Users/nataliewhipps/Library/Developer/Xcode/DerivedData/Prompt28-cgmmkisguitsyibyvnemfqvywbnv/Build/Intermediates.noindex/ExplicitPrecompiledModules/third_party_IsAppEncrypted-F0AAH9XWKW6OTTMJLP6WZXRDE.scan
    cd /
    builtin-precompileModule /Users/nataliewhipps/Library/Developer/Xcode/DerivedData/Prompt28-cgmmkisguitsyibyvnemfqvywbnv/Build/Intermediates.noindex/ExplicitPrecompiledModules/third_party_IsAppEncrypted-F0AAH9XWKW6OTTMJLP6WZXRDE.scan

CompileC /Users/nataliewhipps/Library/Developer/Xcode/DerivedData/Prompt28-cgmmkisguitsyibyvnemfqvywbnv/Build/Intermediates.noindex/GoogleUtilities.build/Debug-iphonesimulator/third-party-IsAppEncrypted.build/Objects-normal/x86_64/IsAppEncrypted.o /Users/nataliewhipps/Library/Developer/Xcode/DerivedData/Prompt28-cgmmkisguitsyibyvnemfqvywbnv/SourcePackages/checkouts/GoogleUtilities/third_party/IsAppEncrypted/IsAppEncrypted.m normal x86_64 objective-c com.apple.compilers.llvm.clang.1_0.compiler (in target 'third-party-IsAppEncrypted' from project 'GoogleUtilities')
    cd /Users/nataliewhipps/Desktop/Prompt28/Prompt28.xcodeproj
    
    Using response file: /Users/nataliewhipps/Library/Developer/Xcode/DerivedData/Prompt28-cgmmkisguitsyibyvnemfqvywbnv/Build/Intermediates.noindex/GoogleUtilities.build/Debug-iphonesimulator/third-party-IsAppEncrypted.build/Objects-normal/x86_64/e6072d4f65d7061329687fe24e3d63a7-common-args.resp
    
    /Applications/Xcode.app/Contents/Developer/Toolchains/XcodeDefault.xctoolchain/usr/bin/clang -x objective-c -ivfsstatcache /Users/nataliewhipps/Library/Developer/Xcode/DerivedData/SDKStatCaches.noindex/iphonesimulator26.2-23C57-7d00a8b37fbd7999ea79df8ebc024bf0.sdkstatcache -fmessage-length\=0 -fdiagnostics-show-note-include-stack -fmacro-backtrace-limit\=0 -fno-color-diagnostics -fmodules-prune-interval\=86400 -fmodules-prune-after\=345600 -fbuild-session-file\=/Users/nataliewhipps/Library/Developer/Xcode/DerivedData/ModuleCache.noindex/Session.modulevalidation -fmodules-validate-once-per-build-session -Wnon-modular-include-in-framework-module -Werror\=non-modular-include-in-framework-module -Wno-trigraphs -Wno-missing-field-initializers -Wno-missing-prototypes -Wno-return-type -Wno-implicit-atomic-properties -Wno-objc-interface-ivars -Wno-arc-repeated-use-of-weak -Wno-missing-braces -Wparentheses -Wswitch -Wno-unused-function -Wno-unused-label -Wno-unused-parameter -Wno-unused-variable -Wunused-value -Wno-empty-body -Wno-uninitialized -Wno-unknown-pragmas -w -Wno-shadow -Wno-four-char-constants -Wno-conversion -Wno-constant-conversion -Wno-int-conversion -Wno-bool-conversion -Wno-enum-conversion -Wno-float-conversion -Wno-non-literal-null-conversion -Wno-objc-literal-conversion -Wshorten-64-to-32 -Wpointer-sign -Wno-newline-eof -Wno-selector -Wno-strict-selector-match -Wno-undeclared-selector -Wno-deprecated-implementations -Wno-implicit-fallthrough -fstrict-aliasing -Wprotocol -Wdeprecated-declarations -Wno-sign-conversion -Wno-infinite-recursion -Wno-comma -Wno-block-capture-autoreleasing -Wno-strict-prototypes -Wno-semicolon-before-method-body -index-store-path /Users/nataliewhipps/Library/Developer/Xcode/DerivedData/Prompt28-cgmmkisguitsyibyvnemfqvywbnv/Index.noindex/DataStore @/Users/nataliewhipps/Library/Developer/Xcode/DerivedData/Prompt28-cgmmkisguitsyibyvnemfqvywbnv/Build/Intermediates.noindex/GoogleUtilities.build/Debug-iphonesimulator/third-party-IsAppEncrypted.build/Objects-normal/x86_64/e6072d4f65d7061329687fe24e3d63a7-common-args.resp -MMD -MT dependencies -MF /Users/nataliewhipps/Library/Developer/Xcode/DerivedData/Prompt28-cgmmkisguitsyibyvnemfqvywbnv/Build/Intermediates.noindex/GoogleUtilities.build/Debug-iphonesimulator/third-party-IsAppEncrypted.build/Objects-normal/x86_64/IsAppEncrypted.d --serialize-diagnostics /Users/nataliewhipps/Library/Developer/Xcode/DerivedData/Prompt28-cgmmkisguitsyibyvnemfqvywbnv/Build/Intermediates.noindex/GoogleUtilities.build/Debug-iphonesimulator/third-party-IsAppEncrypted.build/Objects-normal/x86_64/IsAppEncrypted.dia -c /Users/nataliewhipps/Library/Developer/Xcode/DerivedData/Prompt28-cgmmkisguitsyibyvnemfqvywbnv/SourcePackages/checkouts/GoogleUtilities/third_party/IsAppEncrypted/IsAppEncrypted.m -o /Users/nataliewhipps/Library/Developer/Xcode/DerivedData/Prompt28-cgmmkisguitsyibyvnemfqvywbnv/Build/Intermediates.noindex/GoogleUtilities.build/Debug-iphonesimulator/third-party-IsAppEncrypted.build/Objects-normal/x86_64/IsAppEncrypted.o -index-unit-output-path /GoogleUtilities.build/Debug-iphonesimulator/third-party-IsAppEncrypted.build/Objects-normal/x86_64/IsAppEncrypted.o

PrecompileModule /Users/nataliewhipps/Library/Developer/Xcode/DerivedData/Prompt28-cgmmkisguitsyibyvnemfqvywbnv/Build/Intermediates.noindex/ExplicitPrecompiledModules/os_object-CLV3S5OK61731LNE0AI570LDG.scan
    cd /
    builtin-precompileModule /Users/nataliewhipps/Library/Developer/Xcode/DerivedData/Prompt28-cgmmkisguitsyibyvnemfqvywbnv/Build/Intermediates.noindex/ExplicitPrecompiledModules/os_object-CLV3S5OK61731LNE0AI570LDG.scan

PrecompileModule /Users/nataliewhipps/Library/Developer/Xcode/DerivedData/Prompt28-cgmmkisguitsyibyvnemfqvywbnv/Build/Intermediates.noindex/ExplicitPrecompiledModules/os_workgroup-10XQOBPQTPF97R0G4QV84AGE.scan
    cd /
    builtin-precompileModule /Users/nataliewhipps/Library/Developer/Xcode/DerivedData/Prompt28-cgmmkisguitsyibyvnemfqvywbnv/Build/Intermediates.noindex/ExplicitPrecompiledModules/os_workgroup-10XQOBPQTPF97R0G4QV84AGE.scan

ScanDependencies /Users/nataliewhipps/Library/Developer/Xcode/DerivedData/Prompt28-cgmmkisguitsyibyvnemfqvywbnv/Build/Intermediates.noindex/AppAuth.build/Debug-iphonesimulator/AppAuthCore.build/Objects-normal/x86_64/OIDAuthState.o /Users/nataliewhipps/Library/Developer/Xcode/DerivedData/Prompt28-cgmmkisguitsyibyvnemfqvywbnv/SourcePackages/checkouts/AppAuth-iOS/Sources/AppAuthCore/OIDAuthState.m normal x86_64 objective-c com.apple.compilers.llvm.clang.1_0.compiler (in target 'AppAuthCore' from project 'AppAuth')
    cd /Users/nataliewhipps/Desktop/Prompt28/Prompt28.xcodeproj
    
    Using response file: /Users/nataliewhipps/Library/Developer/Xcode/DerivedData/Prompt28-cgmmkisguitsyibyvnemfqvywbnv/Build/Intermediates.noindex/AppAuth.build/Debug-iphonesimulator/AppAuthCore.build/Objects-normal/x86_64/e6072d4f65d7061329687fe24e3d63a7-common-args.resp
    
    builtin-ScanDependencies -o /Users/nataliewhipps/Library/Developer/Xcode/DerivedData/Prompt28-cgmmkisguitsyibyvnemfqvywbnv/Build/Intermediates.noindex/AppAuth.build/Debug-iphonesimulator/AppAuthCore.build/Objects-normal/x86_64/OIDAuthState.o.scan -- /Applications/Xcode.app/Contents/Developer/Toolchains/XcodeDefault.xctoolchain/usr/bin/clang -x objective-c -ivfsstatcache /Users/nataliewhipps/Library/Developer/Xcode/DerivedData/SDKStatCaches.noindex/iphonesimulator26.2-23C57-7d00a8b37fbd7999ea79df8ebc024bf0.sdkstatcache -fmessage-length\=0 -fdiagnostics-show-note-include-stack -fmacro-backtrace-limit\=0 -fno-color-diagnostics -fmodules-prune-interval\=86400 -fmodules-prune-after\=345600 -fbuild-session-file\=/Users/nataliewhipps/Library/Developer/Xcode/DerivedData/ModuleCache.noindex/Session.modulevalidation -fmodules-validate-once-per-build-session -Wnon-modular-include-in-framework-module -Werror\=non-modular-include-in-framework-module -Wno-trigraphs -Wno-missing-field-initializers -Wno-missing-prototypes -Wno-return-type -Wno-implicit-atomic-properties -Wno-objc-interface-ivars -Wno-arc-repeated-use-of-weak -Wno-missing-braces -Wparentheses -Wswitch -Wno-unused-function -Wno-unused-label -Wno-unused-parameter -Wno-unused-variable -Wunused-value -Wno-empty-body -Wno-uninitialized -Wno-unknown-pragmas -w -Wno-shadow -Wno-four-char-constants -Wno-conversion -Wno-constant-conversion -Wno-int-conversion -Wno-bool-conversion -Wno-enum-conversion -Wno-float-conversion -Wno-non-literal-null-conversion -Wno-objc-literal-conversion -Wshorten-64-to-32 -Wpointer-sign -Wno-newline-eof -Wno-selector -Wno-strict-selector-match -Wno-undeclared-selector -Wno-deprecated-implementations -Wno-implicit-fallthrough -fstrict-aliasing -Wprotocol -Wdeprecated-declarations -Wno-sign-conversion -Wno-infinite-recursion -Wno-comma -Wno-block-capture-autoreleasing -Wno-strict-prototypes -Wno-semicolon-before-method-body -index-store-path /Users/nataliewhipps/Library/Developer/Xcode/DerivedData/Prompt28-cgmmkisguitsyibyvnemfqvywbnv/Index.noindex/DataStore @/Users/nataliewhipps/Library/Developer/Xcode/DerivedData/Prompt28-cgmmkisguitsyibyvnemfqvywbnv/Build/Intermediates.noindex/AppAuth.build/Debug-iphonesimulator/AppAuthCore.build/Objects-normal/x86_64/e6072d4f65d7061329687fe24e3d63a7-common-args.resp -include /Users/nataliewhipps/Library/Developer/Xcode/DerivedData/Prompt28-cgmmkisguitsyibyvnemfqvywbnv/Build/Intermediates.noindex/AppAuth.build/Debug-iphonesimulator/AppAuthCore.build/DerivedSources/resource_bundle_accessor.h -MMD -MT dependencies -MF /Users/nataliewhipps/Library/Developer/Xcode/DerivedData/Prompt28-cgmmkisguitsyibyvnemfqvywbnv/Build/Intermediates.noindex/AppAuth.build/Debug-iphonesimulator/AppAuthCore.build/Objects-normal/x86_64/OIDAuthState.d --serialize-diagnostics /Users/nataliewhipps/Library/Developer/Xcode/DerivedData/Prompt28-cgmmkisguitsyibyvnemfqvywbnv/Build/Intermediates.noindex/AppAuth.build/Debug-iphonesimulator/AppAuthCore.build/Objects-normal/x86_64/OIDAuthState.dia -c /Users/nataliewhipps/Library/Developer/Xcode/DerivedData/Prompt28-cgmmkisguitsyibyvnemfqvywbnv/SourcePackages/checkouts/AppAuth-iOS/Sources/AppAuthCore/OIDAuthState.m -o /Users/nataliewhipps/Library/Developer/Xcode/DerivedData/Prompt28-cgmmkisguitsyibyvnemfqvywbnv/Build/Intermediates.noindex/AppAuth.build/Debug-iphonesimulator/AppAuthCore.build/Objects-normal/x86_64/OIDAuthState.o -index-unit-output-path /AppAuth.build/Debug-iphonesimulator/AppAuthCore.build/Objects-normal/x86_64/OIDAuthState.o

ScanDependencies /Users/nataliewhipps/Library/Developer/Xcode/DerivedData/Prompt28-cgmmkisguitsyibyvnemfqvywbnv/Build/Intermediates.noindex/AppAuth.build/Debug-iphonesimulator/AppAuth.build/Objects-normal/x86_64/resource_bundle_accessor.o /Users/nataliewhipps/Library/Developer/Xcode/DerivedData/Prompt28-cgmmkisguitsyibyvnemfqvywbnv/Build/Intermediates.noindex/AppAuth.build/Debug-iphonesimulator/AppAuth.build/DerivedSources/resource_bundle_accessor.m normal x86_64 objective-c com.apple.compilers.llvm.clang.1_0.compiler (in target 'AppAuth' from project 'AppAuth')
    cd /Users/nataliewhipps/Desktop/Prompt28/Prompt28.xcodeproj
    
    Using response file: /Users/nataliewhipps/Library/Developer/Xcode/DerivedData/Prompt28-cgmmkisguitsyibyvnemfqvywbnv/Build/Intermediates.noindex/AppAuth.build/Debug-iphonesimulator/AppAuth.build/Objects-normal/x86_64/e6072d4f65d7061329687fe24e3d63a7-common-args.resp
    
    builtin-ScanDependencies -o /Users/nataliewhipps/Library/Developer/Xcode/DerivedData/Prompt28-cgmmkisguitsyibyvnemfqvywbnv/Build/Intermediates.noindex/AppAuth.build/Debug-iphonesimulator/AppAuth.build/Objects-normal/x86_64/resource_bundle_accessor.o.scan -- /Applications/Xcode.app/Contents/Developer/Toolchains/XcodeDefault.xctoolchain/usr/bin/clang -x objective-c -ivfsstatcache /Users/nataliewhipps/Library/Developer/Xcode/DerivedData/SDKStatCaches.noindex/iphonesimulator26.2-23C57-7d00a8b37fbd7999ea79df8ebc024bf0.sdkstatcache -fmessage-length\=0 -fdiagnostics-show-note-include-stack -fmacro-backtrace-limit\=0 -fno-color-diagnostics -fmodules-prune-interval\=86400 -fmodules-prune-after\=345600 -fbuild-session-file\=/Users/nataliewhipps/Library/Developer/Xcode/DerivedData/ModuleCache.noindex/Session.modulevalidation -fmodules-validate-once-per-build-session -Wnon-modular-include-in-framework-module -Werror\=non-modular-include-in-framework-module -Wno-trigraphs -Wno-missing-field-initializers -Wno-missing-prototypes -Wno-return-type -Wno-implicit-atomic-properties -Wno-objc-interface-ivars -Wno-arc-repeated-use-of-weak -Wno-missing-braces -Wparentheses -Wswitch -Wno-unused-function -Wno-unused-label -Wno-unused-parameter -Wno-unused-variable -Wunused-value -Wno-empty-body -Wno-uninitialized -Wno-unknown-pragmas -w -Wno-shadow -Wno-four-char-constants -Wno-conversion -Wno-constant-conversion -Wno-int-conversion -Wno-bool-conversion -Wno-enum-conversion -Wno-float-conversion -Wno-non-literal-null-conversion -Wno-objc-literal-conversion -Wshorten-64-to-32 -Wpointer-sign -Wno-newline-eof -Wno-selector -Wno-strict-selector-match -Wno-undeclared-selector -Wno-deprecated-implementations -Wno-implicit-fallthrough -fstrict-aliasing -Wprotocol -Wdeprecated-declarations -Wno-sign-conversion -Wno-infinite-recursion -Wno-comma -Wno-block-capture-autoreleasing -Wno-strict-prototypes -Wno-semicolon-before-method-body -index-store-path /Users/nataliewhipps/Library/Developer/Xcode/DerivedData/Prompt28-cgmmkisguitsyibyvnemfqvywbnv/Index.noindex/DataStore @/Users/nataliewhipps/Library/Developer/Xcode/DerivedData/Prompt28-cgmmkisguitsyibyvnemfqvywbnv/Build/Intermediates.noindex/AppAuth.build/Debug-iphonesimulator/AppAuth.build/Objects-normal/x86_64/e6072d4f65d7061329687fe24e3d63a7-common-args.resp -include /Users/nataliewhipps/Library/Developer/Xcode/DerivedData/Prompt28-cgmmkisguitsyibyvnemfqvywbnv/Build/Intermediates.noindex/AppAuth.build/Debug-iphonesimulator/AppAuth.build/DerivedSources/resource_bundle_accessor.h -MMD -MT dependencies -MF /Users/nataliewhipps/Library/Developer/Xcode/DerivedData/Prompt28-cgmmkisguitsyibyvnemfqvywbnv/Build/Intermediates.noindex/AppAuth.build/Debug-iphonesimulator/AppAuth.build/Objects-normal/x86_64/resource_bundle_accessor.d --serialize-diagnostics /Users/nataliewhipps/Library/Developer/Xcode/DerivedData/Prompt28-cgmmkisguitsyibyvnemfqvywbnv/Build/Intermediates.noindex/AppAuth.build/Debug-iphonesimulator/AppAuth.build/Objects-normal/x86_64/resource_bundle_accessor.dia -c /Users/nataliewhipps/Library/Developer/Xcode/DerivedData/Prompt28-cgmmkisguitsyibyvnemfqvywbnv/Build/Intermediates.noindex/AppAuth.build/Debug-iphonesimulator/AppAuth.build/DerivedSources/resource_bundle_accessor.m -o /Users/nataliewhipps/Library/Developer/Xcode/DerivedData/Prompt28-cgmmkisguitsyibyvnemfqvywbnv/Build/Intermediates.noindex/AppAuth.build/Debug-iphonesimulator/AppAuth.build/Objects-normal/x86_64/resource_bundle_accessor.o -index-unit-output-path /AppAuth.build/Debug-iphonesimulator/AppAuth.build/Objects-normal/x86_64/resource_bundle_accessor.o

ScanDependencies /Users/nataliewhipps/Library/Developer/Xcode/DerivedData/Prompt28-cgmmkisguitsyibyvnemfqvywbnv/Build/Intermediates.noindex/AppAuth.build/Debug-iphonesimulator/AppAuth.build/Objects-normal/x86_64/OIDRedirectHTTPHandler.o /Users/nataliewhipps/Library/Developer/Xcode/DerivedData/Prompt28-cgmmkisguitsyibyvnemfqvywbnv/SourcePackages/checkouts/AppAuth-iOS/Sources/AppAuth/macOS/OIDRedirectHTTPHandler.m normal x86_64 objective-c com.apple.compilers.llvm.clang.1_0.compiler (in target 'AppAuth' from project 'AppAuth')
    cd /Users/nataliewhipps/Desktop/Prompt28/Prompt28.xcodeproj
    
    Using response file: /Users/nataliewhipps/Library/Developer/Xcode/DerivedData/Prompt28-cgmmkisguitsyibyvnemfqvywbnv/Build/Intermediates.noindex/AppAuth.build/Debug-iphonesimulator/AppAuth.build/Objects-normal/x86_64/e6072d4f65d7061329687fe24e3d63a7-common-args.resp
    
    builtin-ScanDependencies -o /Users/nataliewhipps/Library/Developer/Xcode/DerivedData/Prompt28-cgmmkisguitsyibyvnemfqvywbnv/Build/Intermediates.noindex/AppAuth.build/Debug-iphonesimulator/AppAuth.build/Objects-normal/x86_64/OIDRedirectHTTPHandler.o.scan -- /Applications/Xcode.app/Contents/Developer/Toolchains/XcodeDefault.xctoolchain/usr/bin/clang -x objective-c -ivfsstatcache /Users/nataliewhipps/Library/Developer/Xcode/DerivedData/SDKStatCaches.noindex/iphonesimulator26.2-23C57-7d00a8b37fbd7999ea79df8ebc024bf0.sdkstatcache -fmessage-length\=0 -fdiagnostics-show-note-include-stack -fmacro-backtrace-limit\=0 -fno-color-diagnostics -fmodules-prune-interval\=86400 -fmodules-prune-after\=345600 -fbuild-session-file\=/Users/nataliewhipps/Library/Developer/Xcode/DerivedData/ModuleCache.noindex/Session.modulevalidation -fmodules-validate-once-per-build-session -Wnon-modular-include-in-framework-module -Werror\=non-modular-include-in-framework-module -Wno-trigraphs -Wno-missing-field-initializers -Wno-missing-prototypes -Wno-return-type -Wno-implicit-atomic-properties -Wno-objc-interface-ivars -Wno-arc-repeated-use-of-weak -Wno-missing-braces -Wparentheses -Wswitch -Wno-unused-function -Wno-unused-label -Wno-unused-parameter -Wno-unused-variable -Wunused-value -Wno-empty-body -Wno-uninitialized -Wno-unknown-pragmas -w -Wno-shadow -Wno-four-char-constants -Wno-conversion -Wno-constant-conversion -Wno-int-conversion -Wno-bool-conversion -Wno-enum-conversion -Wno-float-conversion -Wno-non-literal-null-conversion -Wno-objc-literal-conversion -Wshorten-64-to-32 -Wpointer-sign -Wno-newline-eof -Wno-selector -Wno-strict-selector-match -Wno-undeclared-selector -Wno-deprecated-implementations -Wno-implicit-fallthrough -fstrict-aliasing -Wprotocol -Wdeprecated-declarations -Wno-sign-conversion -Wno-infinite-recursion -Wno-comma -Wno-block-capture-autoreleasing -Wno-strict-prototypes -Wno-semicolon-before-method-body -index-store-path /Users/nataliewhipps/Library/Developer/Xcode/DerivedData/Prompt28-cgmmkisguitsyibyvnemfqvywbnv/Index.noindex/DataStore @/Users/nataliewhipps/Library/Developer/Xcode/DerivedData/Prompt28-cgmmkisguitsyibyvnemfqvywbnv/Build/Intermediates.noindex/AppAuth.build/Debug-iphonesimulator/AppAuth.build/Objects-normal/x86_64/e6072d4f65d7061329687fe24e3d63a7-common-args.resp -include /Users/nataliewhipps/Library/Developer/Xcode/DerivedData/Prompt28-cgmmkisguitsyibyvnemfqvywbnv/Build/Intermediates.noindex/AppAuth.build/Debug-iphonesimulator/AppAuth.build/DerivedSources/resource_bundle_accessor.h -MMD -MT dependencies -MF /Users/nataliewhipps/Library/Developer/Xcode/DerivedData/Prompt28-cgmmkisguitsyibyvnemfqvywbnv/Build/Intermediates.noindex/AppAuth.build/Debug-iphonesimulator/AppAuth.build/Objects-normal/x86_64/OIDRedirectHTTPHandler.d --serialize-diagnostics /Users/nataliewhipps/Library/Developer/Xcode/DerivedData/Prompt28-cgmmkisguitsyibyvnemfqvywbnv/Build/Intermediates.noindex/AppAuth.build/Debug-iphonesimulator/AppAuth.build/Objects-normal/x86_64/OIDRedirectHTTPHandler.dia -c /Users/nataliewhipps/Library/Developer/Xcode/DerivedData/Prompt28-cgmmkisguitsyibyvnemfqvywbnv/SourcePackages/checkouts/AppAuth-iOS/Sources/AppAuth/macOS/OIDRedirectHTTPHandler.m -o /Users/nataliewhipps/Library/Developer/Xcode/DerivedData/Prompt28-cgmmkisguitsyibyvnemfqvywbnv/Build/Intermediates.noindex/AppAuth.build/Debug-iphonesimulator/AppAuth.build/Objects-normal/x86_64/OIDRedirectHTTPHandler.o -index-unit-output-path /AppAuth.build/Debug-iphonesimulator/AppAuth.build/Objects-normal/x86_64/OIDRedirectHTTPHandler.o

ScanDependencies /Users/nataliewhipps/Library/Developer/Xcode/DerivedData/Prompt28-cgmmkisguitsyibyvnemfqvywbnv/Build/Intermediates.noindex/AppAuth.build/Debug-iphonesimulator/AppAuth.build/Objects-normal/x86_64/OIDLoopbackHTTPServer.o /Users/nataliewhipps/Library/Developer/Xcode/DerivedData/Prompt28-cgmmkisguitsyibyvnemfqvywbnv/SourcePackages/checkouts/AppAuth-iOS/Sources/AppAuth/macOS/LoopbackHTTPServer/OIDLoopbackHTTPServer.m normal x86_64 objective-c com.apple.compilers.llvm.clang.1_0.compiler (in target 'AppAuth' from project 'AppAuth')
    cd /Users/nataliewhipps/Desktop/Prompt28/Prompt28.xcodeproj
    
    Using response file: /Users/nataliewhipps/Library/Developer/Xcode/DerivedData/Prompt28-cgmmkisguitsyibyvnemfqvywbnv/Build/Intermediates.noindex/AppAuth.build/Debug-iphonesimulator/AppAuth.build/Objects-normal/x86_64/e6072d4f65d7061329687fe24e3d63a7-common-args.resp
    
    builtin-ScanDependencies -o /Users/nataliewhipps/Library/Developer/Xcode/DerivedData/Prompt28-cgmmkisguitsyibyvnemfqvywbnv/Build/Intermediates.noindex/AppAuth.build/Debug-iphonesimulator/AppAuth.build/Objects-normal/x86_64/OIDLoopbackHTTPServer.o.scan -- /Applications/Xcode.app/Contents/Developer/Toolchains/XcodeDefault.xctoolchain/usr/bin/clang -x objective-c -ivfsstatcache /Users/nataliewhipps/Library/Developer/Xcode/DerivedData/SDKStatCaches.noindex/iphonesimulator26.2-23C57-7d00a8b37fbd7999ea79df8ebc024bf0.sdkstatcache -fmessage-length\=0 -fdiagnostics-show-note-include-stack -fmacro-backtrace-limit\=0 -fno-color-diagnostics -fmodules-prune-interval\=86400 -fmodules-prune-after\=345600 -fbuild-session-file\=/Users/nataliewhipps/Library/Developer/Xcode/DerivedData/ModuleCache.noindex/Session.modulevalidation -fmodules-validate-once-per-build-session -Wnon-modular-include-in-framework-module -Werror\=non-modular-include-in-framework-module -Wno-trigraphs -Wno-missing-field-initializers -Wno-missing-prototypes -Wno-return-type -Wno-implicit-atomic-properties -Wno-objc-interface-ivars -Wno-arc-repeated-use-of-weak -Wno-missing-braces -Wparentheses -Wswitch -Wno-unused-function -Wno-unused-label -Wno-unused-parameter -Wno-unused-variable -Wunused-value -Wno-empty-body -Wno-uninitialized -Wno-unknown-pragmas -w -Wno-shadow -Wno-four-char-constants -Wno-conversion -Wno-constant-conversion -Wno-int-conversion -Wno-bool-conversion -Wno-enum-conversion -Wno-float-conversion -Wno-non-literal-null-conversion -Wno-objc-literal-conversion -Wshorten-64-to-32 -Wpointer-sign -Wno-newline-eof -Wno-selector -Wno-strict-selector-match -Wno-undeclared-selector -Wno-deprecated-implementations -Wno-implicit-fallthrough -fstrict-aliasing -Wprotocol -Wdeprecated-declarations -Wno-sign-conversion -Wno-infinite-recursion -Wno-comma -Wno-block-capture-autoreleasing -Wno-strict-prototypes -Wno-semicolon-before-method-body -index-store-path /Users/nataliewhipps/Library/Developer/Xcode/DerivedData/Prompt28-cgmmkisguitsyibyvnemfqvywbnv/Index.noindex/DataStore @/Users/nataliewhipps/Library/Developer/Xcode/DerivedData/Prompt28-cgmmkisguitsyibyvnemfqvywbnv/Build/Intermediates.noindex/AppAuth.build/Debug-iphonesimulator/AppAuth.build/Objects-normal/x86_64/e6072d4f65d7061329687fe24e3d63a7-common-args.resp -include /Users/nataliewhipps/Library/Developer/Xcode/DerivedData/Prompt28-cgmmkisguitsyibyvnemfqvywbnv/Build/Intermediates.noindex/AppAuth.build/Debug-iphonesimulator/AppAuth.build/DerivedSources/resource_bundle_accessor.h -MMD -MT dependencies -MF /Users/nataliewhipps/Library/Developer/Xcode/DerivedData/Prompt28-cgmmkisguitsyibyvnemfqvywbnv/Build/Intermediates.noindex/AppAuth.build/Debug-iphonesimulator/AppAuth.build/Objects-normal/x86_64/OIDLoopbackHTTPServer.d --serialize-diagnostics /Users/nataliewhipps/Library/Developer/Xcode/DerivedData/Prompt28-cgmmkisguitsyibyvnemfqvywbnv/Build/Intermediates.noindex/AppAuth.build/Debug-iphonesimulator/AppAuth.build/Objects-normal/x86_64/OIDLoopbackHTTPServer.dia -c /Users/nataliewhipps/Library/Developer/Xcode/DerivedData/Prompt28-cgmmkisguitsyibyvnemfqvywbnv/SourcePackages/checkouts/AppAuth-iOS/Sources/AppAuth/macOS/LoopbackHTTPServer/OIDLoopbackHTTPServer.m -o /Users/nataliewhipps/Library/Developer/Xcode/DerivedData/Prompt28-cgmmkisguitsyibyvnemfqvywbnv/Build/Intermediates.noindex/AppAuth.build/Debug-iphonesimulator/AppAuth.build/Objects-normal/x86_64/OIDLoopbackHTTPServer.o -index-unit-output-path /AppAuth.build/Debug-iphonesimulator/AppAuth.build/Objects-normal/x86_64/OIDLoopbackHTTPServer.o

PrecompileModule /Users/nataliewhipps/Library/Developer/Xcode/DerivedData/Prompt28-cgmmkisguitsyibyvnemfqvywbnv/Build/Intermediates.noindex/ExplicitPrecompiledModules/os_workgroup-1K47PZIVX0TQ1ZWZPGUGX6Z8C.scan
    cd /
    builtin-precompileModule /Users/nataliewhipps/Library/Developer/Xcode/DerivedData/Prompt28-cgmmkisguitsyibyvnemfqvywbnv/Build/Intermediates.noindex/ExplicitPrecompiledModules/os_workgroup-1K47PZIVX0TQ1ZWZPGUGX6Z8C.scan

ScanDependencies /Users/nataliewhipps/Library/Developer/Xcode/DerivedData/Prompt28-cgmmkisguitsyibyvnemfqvywbnv/Build/Intermediates.noindex/AppAuth.build/Debug-iphonesimulator/AppAuth.build/Objects-normal/x86_64/OIDExternalUserAgentMac.o /Users/nataliewhipps/Library/Developer/Xcode/DerivedData/Prompt28-cgmmkisguitsyibyvnemfqvywbnv/SourcePackages/checkouts/AppAuth-iOS/Sources/AppAuth/macOS/OIDExternalUserAgentMac.m normal x86_64 objective-c com.apple.compilers.llvm.clang.1_0.compiler (in target 'AppAuth' from project 'AppAuth')
    cd /Users/nataliewhipps/Desktop/Prompt28/Prompt28.xcodeproj
    
    Using response file: /Users/nataliewhipps/Library/Developer/Xcode/DerivedData/Prompt28-cgmmkisguitsyibyvnemfqvywbnv/Build/Intermediates.noindex/AppAuth.build/Debug-iphonesimulator/AppAuth.build/Objects-normal/x86_64/e6072d4f65d7061329687fe24e3d63a7-common-args.resp
    
    builtin-ScanDependencies -o /Users/nataliewhipps/Library/Developer/Xcode/DerivedData/Prompt28-cgmmkisguitsyibyvnemfqvywbnv/Build/Intermediates.noindex/AppAuth.build/Debug-iphonesimulator/AppAuth.build/Objects-normal/x86_64/OIDExternalUserAgentMac.o.scan -- /Applications/Xcode.app/Contents/Developer/Toolchains/XcodeDefault.xctoolchain/usr/bin/clang -x objective-c -ivfsstatcache /Users/nataliewhipps/Library/Developer/Xcode/DerivedData/SDKStatCaches.noindex/iphonesimulator26.2-23C57-7d00a8b37fbd7999ea79df8ebc024bf0.sdkstatcache -fmessage-length\=0 -fdiagnostics-show-note-include-stack -fmacro-backtrace-limit\=0 -fno-color-diagnostics -fmodules-prune-interval\=86400 -fmodules-prune-after\=345600 -fbuild-session-file\=/Users/nataliewhipps/Library/Developer/Xcode/DerivedData/ModuleCache.noindex/Session.modulevalidation -fmodules-validate-once-per-build-session -Wnon-modular-include-in-framework-module -Werror\=non-modular-include-in-framework-module -Wno-trigraphs -Wno-missing-field-initializers -Wno-missing-prototypes -Wno-return-type -Wno-implicit-atomic-properties -Wno-objc-interface-ivars -Wno-arc-repeated-use-of-weak -Wno-missing-braces -Wparentheses -Wswitch -Wno-unused-function -Wno-unused-label -Wno-unused-parameter -Wno-unused-variable -Wunused-value -Wno-empty-body -Wno-uninitialized -Wno-unknown-pragmas -w -Wno-shadow -Wno-four-char-constants -Wno-conversion -Wno-constant-conversion -Wno-int-conversion -Wno-bool-conversion -Wno-enum-conversion -Wno-float-conversion -Wno-non-literal-null-conversion -Wno-objc-literal-conversion -Wshorten-64-to-32 -Wpointer-sign -Wno-newline-eof -Wno-selector -Wno-strict-selector-match -Wno-undeclared-selector -Wno-deprecated-implementations -Wno-implicit-fallthrough -fstrict-aliasing -Wprotocol -Wdeprecated-declarations -Wno-sign-conversion -Wno-infinite-recursion -Wno-comma -Wno-block-capture-autoreleasing -Wno-strict-prototypes -Wno-semicolon-before-method-body -index-store-path /Users/nataliewhipps/Library/Developer/Xcode/DerivedData/Prompt28-cgmmkisguitsyibyvnemfqvywbnv/Index.noindex/DataStore @/Users/nataliewhipps/Library/Developer/Xcode/DerivedData/Prompt28-cgmmkisguitsyibyvnemfqvywbnv/Build/Intermediates.noindex/AppAuth.build/Debug-iphonesimulator/AppAuth.build/Objects-normal/x86_64/e6072d4f65d7061329687fe24e3d63a7-common-args.resp -include /Users/nataliewhipps/Library/Developer/Xcode/DerivedData/Prompt28-cgmmkisguitsyibyvnemfqvywbnv/Build/Intermediates.noindex/AppAuth.build/Debug-iphonesimulator/AppAuth.build/DerivedSources/resource_bundle_accessor.h -MMD -MT dependencies -MF /Users/nataliewhipps/Library/Developer/Xcode/DerivedData/Prompt28-cgmmkisguitsyibyvnemfqvywbnv/Build/Intermediates.noindex/AppAuth.build/Debug-iphonesimulator/AppAuth.build/Objects-normal/x86_64/OIDExternalUserAgentMac.d --serialize-diagnostics /Users/nataliewhipps/Library/Developer/Xcode/DerivedData/Prompt28-cgmmkisguitsyibyvnemfqvywbnv/Build/Intermediates.noindex/AppAuth.build/Debug-iphonesimulator/AppAuth.build/Objects-normal/x86_64/OIDExternalUserAgentMac.dia -c /Users/nataliewhipps/Library/Developer/Xcode/DerivedData/Prompt28-cgmmkisguitsyibyvnemfqvywbnv/SourcePackages/checkouts/AppAuth-iOS/Sources/AppAuth/macOS/OIDExternalUserAgentMac.m -o /Users/nataliewhipps/Library/Developer/Xcode/DerivedData/Prompt28-cgmmkisguitsyibyvnemfqvywbnv/Build/Intermediates.noindex/AppAuth.build/Debug-iphonesimulator/AppAuth.build/Objects-normal/x86_64/OIDExternalUserAgentMac.o -index-unit-output-path /AppAuth.build/Debug-iphonesimulator/AppAuth.build/Objects-normal/x86_64/OIDExternalUserAgentMac.o

PrecompileModule /Users/nataliewhipps/Library/Developer/Xcode/DerivedData/Prompt28-cgmmkisguitsyibyvnemfqvywbnv/Build/Intermediates.noindex/ExplicitPrecompiledModules/Dispatch-C5RU7EFGUDV68O66SUPQAHG2D.scan
    cd /
    builtin-precompileModule /Users/nataliewhipps/Library/Developer/Xcode/DerivedData/Prompt28-cgmmkisguitsyibyvnemfqvywbnv/Build/Intermediates.noindex/ExplicitPrecompiledModules/Dispatch-C5RU7EFGUDV68O66SUPQAHG2D.scan

ScanDependencies /Users/nataliewhipps/Library/Developer/Xcode/DerivedData/Prompt28-cgmmkisguitsyibyvnemfqvywbnv/Build/Intermediates.noindex/AppAuth.build/Debug-iphonesimulator/AppAuth.build/Objects-normal/x86_64/OIDExternalUserAgentIOSCustomBrowser.o /Users/nataliewhipps/Library/Developer/Xcode/DerivedData/Prompt28-cgmmkisguitsyibyvnemfqvywbnv/SourcePackages/checkouts/AppAuth-iOS/Sources/AppAuth/iOS/OIDExternalUserAgentIOSCustomBrowser.m normal x86_64 objective-c com.apple.compilers.llvm.clang.1_0.compiler (in target 'AppAuth' from project 'AppAuth')
    cd /Users/nataliewhipps/Desktop/Prompt28/Prompt28.xcodeproj
    
    Using response file: /Users/nataliewhipps/Library/Developer/Xcode/DerivedData/Prompt28-cgmmkisguitsyibyvnemfqvywbnv/Build/Intermediates.noindex/AppAuth.build/Debug-iphonesimulator/AppAuth.build/Objects-normal/x86_64/e6072d4f65d7061329687fe24e3d63a7-common-args.resp
    
    builtin-ScanDependencies -o /Users/nataliewhipps/Library/Developer/Xcode/DerivedData/Prompt28-cgmmkisguitsyibyvnemfqvywbnv/Build/Intermediates.noindex/AppAuth.build/Debug-iphonesimulator/AppAuth.build/Objects-normal/x86_64/OIDExternalUserAgentIOSCustomBrowser.o.scan -- /Applications/Xcode.app/Contents/Developer/Toolchains/XcodeDefault.xctoolchain/usr/bin/clang -x objective-c -ivfsstatcache /Users/nataliewhipps/Library/Developer/Xcode/DerivedData/SDKStatCaches.noindex/iphonesimulator26.2-23C57-7d00a8b37fbd7999ea79df8ebc024bf0.sdkstatcache -fmessage-length\=0 -fdiagnostics-show-note-include-stack -fmacro-backtrace-limit\=0 -fno-color-diagnostics -fmodules-prune-interval\=86400 -fmodules-prune-after\=345600 -fbuild-session-file\=/Users/nataliewhipps/Library/Developer/Xcode/DerivedData/ModuleCache.noindex/Session.modulevalidation -fmodules-validate-once-per-build-session -Wnon-modular-include-in-framework-module -Werror\=non-modular-include-in-framework-module -Wno-trigraphs -Wno-missing-field-initializers -Wno-missing-prototypes -Wno-return-type -Wno-implicit-atomic-properties -Wno-objc-interface-ivars -Wno-arc-repeated-use-of-weak -Wno-missing-braces -Wparentheses -Wswitch -Wno-unused-function -Wno-unused-label -Wno-unused-parameter -Wno-unused-variable -Wunused-value -Wno-empty-body -Wno-uninitialized -Wno-unknown-pragmas -w -Wno-shadow -Wno-four-char-constants -Wno-conversion -Wno-constant-conversion -Wno-int-conversion -Wno-bool-conversion -Wno-enum-conversion -Wno-float-conversion -Wno-non-literal-null-conversion -Wno-objc-literal-conversion -Wshorten-64-to-32 -Wpointer-sign -Wno-newline-eof -Wno-selector -Wno-strict-selector-match -Wno-undeclared-selector -Wno-deprecated-implementations -Wno-implicit-fallthrough -fstrict-aliasing -Wprotocol -Wdeprecated-declarations -Wno-sign-conversion -Wno-infinite-recursion -Wno-comma -Wno-block-capture-autoreleasing -Wno-strict-prototypes -Wno-semicolon-before-method-body -index-store-path /Users/nataliewhipps/Library/Developer/Xcode/DerivedData/Prompt28-cgmmkisguitsyibyvnemfqvywbnv/Index.noindex/DataStore @/Users/nataliewhipps/Library/Developer/Xcode/DerivedData/Prompt28-cgmmkisguitsyibyvnemfqvywbnv/Build/Intermediates.noindex/AppAuth.build/Debug-iphonesimulator/AppAuth.build/Objects-normal/x86_64/e6072d4f65d7061329687fe24e3d63a7-common-args.resp -include /Users/nataliewhipps/Library/Developer/Xcode/DerivedData/Prompt28-cgmmkisguitsyibyvnemfqvywbnv/Build/Intermediates.noindex/AppAuth.build/Debug-iphonesimulator/AppAuth.build/DerivedSources/resource_bundle_accessor.h -MMD -MT dependencies -MF /Users/nataliewhipps/Library/Developer/Xcode/DerivedData/Prompt28-cgmmkisguitsyibyvnemfqvywbnv/Build/Intermediates.noindex/AppAuth.build/Debug-iphonesimulator/AppAuth.build/Objects-normal/x86_64/OIDExternalUserAgentIOSCustomBrowser.d --serialize-diagnostics /Users/nataliewhipps/Library/Developer/Xcode/DerivedData/Prompt28-cgmmkisguitsyibyvnemfqvywbnv/Build/Intermediates.noindex/AppAuth.build/Debug-iphonesimulator/AppAuth.build/Objects-normal/x86_64/OIDExternalUserAgentIOSCustomBrowser.dia -c /Users/nataliewhipps/Library/Developer/Xcode/DerivedData/Prompt28-cgmmkisguitsyibyvnemfqvywbnv/SourcePackages/checkouts/AppAuth-iOS/Sources/AppAuth/iOS/OIDExternalUserAgentIOSCustomBrowser.m -o /Users/nataliewhipps/Library/Developer/Xcode/DerivedData/Prompt28-cgmmkisguitsyibyvnemfqvywbnv/Build/Intermediates.noindex/AppAuth.build/Debug-iphonesimulator/AppAuth.build/Objects-normal/x86_64/OIDExternalUserAgentIOSCustomBrowser.o -index-unit-output-path /AppAuth.build/Debug-iphonesimulator/AppAuth.build/Objects-normal/x86_64/OIDExternalUserAgentIOSCustomBrowser.o

Ld /Users/nataliewhipps/Library/Developer/Xcode/DerivedData/Prompt28-cgmmkisguitsyibyvnemfqvywbnv/Build/Products/Debug-iphonesimulator/third-party-IsAppEncrypted.o normal (in target 'third-party-IsAppEncrypted' from project 'GoogleUtilities')
    cd /Users/nataliewhipps/Library/Developer/Xcode/DerivedData/Prompt28-cgmmkisguitsyibyvnemfqvywbnv/SourcePackages/checkouts/GoogleUtilities
    /Applications/Xcode.app/Contents/Developer/Toolchains/XcodeDefault.xctoolchain/usr/bin/clang -Xlinker -reproducible -target x86_64-apple-ios12.0-simulator -r -isysroot /Applications/Xcode.app/Contents/Developer/Platforms/iPhoneSimulator.platform/Developer/SDKs/iPhoneSimulator26.2.sdk -O0 -w -L/Users/nataliewhipps/Library/Developer/Xcode/DerivedData/Prompt28-cgmmkisguitsyibyvnemfqvywbnv/Build/Intermediates.noindex/EagerLinkingTBDs/Debug-iphonesimulator -L/Users/nataliewhipps/Library/Developer/Xcode/DerivedData/Prompt28-cgmmkisguitsyibyvnemfqvywbnv/Build/Products/Debug-iphonesimulator -L/Applications/Xcode.app/Contents/Developer/Platforms/iPhoneSimulator.platform/Developer/usr/lib -F/Users/nataliewhipps/Library/Developer/Xcode/DerivedData/Prompt28-cgmmkisguitsyibyvnemfqvywbnv/Build/Intermediates.noindex/EagerLinkingTBDs/Debug-iphonesimulator -F/Users/nataliewhipps/Library/Developer/Xcode/DerivedData/Prompt28-cgmmkisguitsyibyvnemfqvywbnv/Build/Products/Debug-iphonesimulator -iframework /Applications/Xcode.app/Contents/Developer/Platforms/iPhoneSimulator.platform/Developer/Library/Frameworks -iframework /Applications/Xcode.app/Contents/Developer/Platforms/iPhoneSimulator.platform/Developer/SDKs/iPhoneSimulator26.2.sdk/Developer/Library/Frameworks -filelist /Users/nataliewhipps/Library/Developer/Xcode/DerivedData/Prompt28-cgmmkisguitsyibyvnemfqvywbnv/Build/Intermediates.noindex/GoogleUtilities.build/Debug-iphonesimulator/third-party-IsAppEncrypted.build/Objects-normal/x86_64/third-party-IsAppEncrypted.LinkFileList -nostdlib -Xlinker -object_path_lto -Xlinker /Users/nataliewhipps/Library/Developer/Xcode/DerivedData/Prompt28-cgmmkisguitsyibyvnemfqvywbnv/Build/Intermediates.noindex/GoogleUtilities.build/Debug-iphonesimulator/third-party-IsAppEncrypted.build/Objects-normal/x86_64/third-party-IsAppEncrypted_lto.o -rdynamic -Xlinker -no_deduplicate -Xlinker -objc_abi_version -Xlinker 2 -Xlinker -debug_variant -Xlinker -dependency_info -Xlinker /Users/nataliewhipps/Library/Developer/Xcode/DerivedData/Prompt28-cgmmkisguitsyibyvnemfqvywbnv/Build/Intermediates.noindex/GoogleUtilities.build/Debug-iphonesimulator/third-party-IsAppEncrypted.build/Objects-normal/x86_64/third-party-IsAppEncrypted_dependency_info.dat -fobjc-arc -fobjc-link-runtime -o /Users/nataliewhipps/Library/Developer/Xcode/DerivedData/Prompt28-cgmmkisguitsyibyvnemfqvywbnv/Build/Products/Debug-iphonesimulator/third-party-IsAppEncrypted.o

PrecompileModule /Users/nataliewhipps/Library/Developer/Xcode/DerivedData/Prompt28-cgmmkisguitsyibyvnemfqvywbnv/Build/Intermediates.noindex/ExplicitPrecompiledModules/Dispatch-AHLE5UCFQ4UX464ZIP3PD6900.scan
    cd /
    builtin-precompileModule /Users/nataliewhipps/Library/Developer/Xcode/DerivedData/Prompt28-cgmmkisguitsyibyvnemfqvywbnv/Build/Intermediates.noindex/ExplicitPrecompiledModules/Dispatch-AHLE5UCFQ4UX464ZIP3PD6900.scan

SwiftExplicitDependencyGeneratePcm x86_64 /Users/nataliewhipps/Library/Developer/Xcode/DerivedData/ModuleCache.noindex/_Builtin_stdint-5KKY170ZTE4L7M950NFSTEXGO.pcm

SwiftExplicitDependencyGeneratePcm x86_64 /Users/nataliewhipps/Library/Developer/Xcode/DerivedData/ModuleCache.noindex/sys_types-EDYNKP36GG0RN9EX9N8ZA76HD.pcm

PrecompileModule /Users/nataliewhipps/Library/Developer/Xcode/DerivedData/Prompt28-cgmmkisguitsyibyvnemfqvywbnv/Build/Intermediates.noindex/ExplicitPrecompiledModules/XPC-3KL6FGH7OKX1731X9WJAPOQ0F.scan
    cd /
    builtin-precompileModule /Users/nataliewhipps/Library/Developer/Xcode/DerivedData/Prompt28-cgmmkisguitsyibyvnemfqvywbnv/Build/Intermediates.noindex/ExplicitPrecompiledModules/XPC-3KL6FGH7OKX1731X9WJAPOQ0F.scan

PrecompileModule /Users/nataliewhipps/Library/Developer/Xcode/DerivedData/Prompt28-cgmmkisguitsyibyvnemfqvywbnv/Build/Intermediates.noindex/ExplicitPrecompiledModules/XPC-511N7HSNLFLHX38KGU11J6EHT.scan
    cd /
    builtin-precompileModule /Users/nataliewhipps/Library/Developer/Xcode/DerivedData/Prompt28-cgmmkisguitsyibyvnemfqvywbnv/Build/Intermediates.noindex/ExplicitPrecompiledModules/XPC-511N7HSNLFLHX38KGU11J6EHT.scan

SwiftExplicitDependencyGeneratePcm x86_64 /Users/nataliewhipps/Library/Developer/Xcode/DerivedData/ModuleCache.noindex/_DarwinFoundation3-BW8318LIXRHPQX5SGYTV8EM6P.pcm

SwiftExplicitDependencyGeneratePcm x86_64 /Users/nataliewhipps/Library/Developer/Xcode/DerivedData/ModuleCache.noindex/_Builtin_stdatomic-1R8KAWJ1GCE4H26W6K7G5Z9FD.pcm

PrecompileModule /Users/nataliewhipps/Library/Developer/Xcode/DerivedData/Prompt28-cgmmkisguitsyibyvnemfqvywbnv/Build/Intermediates.noindex/ExplicitPrecompiledModules/os-8LVYKJLJGFLAJE6MVOLTJ3CTC.scan
    cd /
    builtin-precompileModule /Users/nataliewhipps/Library/Developer/Xcode/DerivedData/Prompt28-cgmmkisguitsyibyvnemfqvywbnv/Build/Intermediates.noindex/ExplicitPrecompiledModules/os-8LVYKJLJGFLAJE6MVOLTJ3CTC.scan

PrecompileModule /Users/nataliewhipps/Library/Developer/Xcode/DerivedData/Prompt28-cgmmkisguitsyibyvnemfqvywbnv/Build/Intermediates.noindex/ExplicitPrecompiledModules/CoreFoundation-16W9NDM3749H9BX4BKZ05XJA2.scan
    cd /
    builtin-precompileModule /Users/nataliewhipps/Library/Developer/Xcode/DerivedData/Prompt28-cgmmkisguitsyibyvnemfqvywbnv/Build/Intermediates.noindex/ExplicitPrecompiledModules/CoreFoundation-16W9NDM3749H9BX4BKZ05XJA2.scan

PrecompileModule /Users/nataliewhipps/Library/Developer/Xcode/DerivedData/Prompt28-cgmmkisguitsyibyvnemfqvywbnv/Build/Intermediates.noindex/ExplicitPrecompiledModules/CoreFoundation-DP9HDDBSMRNXDLOOQ10OB2EK3.scan
    cd /
    builtin-precompileModule /Users/nataliewhipps/Library/Developer/Xcode/DerivedData/Prompt28-cgmmkisguitsyibyvnemfqvywbnv/Build/Intermediates.noindex/ExplicitPrecompiledModules/CoreFoundation-DP9HDDBSMRNXDLOOQ10OB2EK3.scan

ScanDependencies /Users/nataliewhipps/Library/Developer/Xcode/DerivedData/Prompt28-cgmmkisguitsyibyvnemfqvywbnv/Build/Intermediates.noindex/AppAuth.build/Debug-iphonesimulator/AppAuth.build/Objects-normal/x86_64/OIDExternalUserAgentIOS.o /Users/nataliewhipps/Library/Developer/Xcode/DerivedData/Prompt28-cgmmkisguitsyibyvnemfqvywbnv/SourcePackages/checkouts/AppAuth-iOS/Sources/AppAuth/iOS/OIDExternalUserAgentIOS.m normal x86_64 objective-c com.apple.compilers.llvm.clang.1_0.compiler (in target 'AppAuth' from project 'AppAuth')
    cd /Users/nataliewhipps/Desktop/Prompt28/Prompt28.xcodeproj
    
    Using response file: /Users/nataliewhipps/Library/Developer/Xcode/DerivedData/Prompt28-cgmmkisguitsyibyvnemfqvywbnv/Build/Intermediates.noindex/AppAuth.build/Debug-iphonesimulator/AppAuth.build/Objects-normal/x86_64/e6072d4f65d7061329687fe24e3d63a7-common-args.resp
    
    builtin-ScanDependencies -o /Users/nataliewhipps/Library/Developer/Xcode/DerivedData/Prompt28-cgmmkisguitsyibyvnemfqvywbnv/Build/Intermediates.noindex/AppAuth.build/Debug-iphonesimulator/AppAuth.build/Objects-normal/x86_64/OIDExternalUserAgentIOS.o.scan -- /Applications/Xcode.app/Contents/Developer/Toolchains/XcodeDefault.xctoolchain/usr/bin/clang -x objective-c -ivfsstatcache /Users/nataliewhipps/Library/Developer/Xcode/DerivedData/SDKStatCaches.noindex/iphonesimulator26.2-23C57-7d00a8b37fbd7999ea79df8ebc024bf0.sdkstatcache -fmessage-length\=0 -fdiagnostics-show-note-include-stack -fmacro-backtrace-limit\=0 -fno-color-diagnostics -fmodules-prune-interval\=86400 -fmodules-prune-after\=345600 -fbuild-session-file\=/Users/nataliewhipps/Library/Developer/Xcode/DerivedData/ModuleCache.noindex/Session.modulevalidation -fmodules-validate-once-per-build-session -Wnon-modular-include-in-framework-module -Werror\=non-modular-include-in-framework-module -Wno-trigraphs -Wno-missing-field-initializers -Wno-missing-prototypes -Wno-return-type -Wno-implicit-atomic-properties -Wno-objc-interface-ivars -Wno-arc-repeated-use-of-weak -Wno-missing-braces -Wparentheses -Wswitch -Wno-unused-function -Wno-unused-label -Wno-unused-parameter -Wno-unused-variable -Wunused-value -Wno-empty-body -Wno-uninitialized -Wno-unknown-pragmas -w -Wno-shadow -Wno-four-char-constants -Wno-conversion -Wno-constant-conversion -Wno-int-conversion -Wno-bool-conversion -Wno-enum-conversion -Wno-float-conversion -Wno-non-literal-null-conversion -Wno-objc-literal-conversion -Wshorten-64-to-32 -Wpointer-sign -Wno-newline-eof -Wno-selector -Wno-strict-selector-match -Wno-undeclared-selector -Wno-deprecated-implementations -Wno-implicit-fallthrough -fstrict-aliasing -Wprotocol -Wdeprecated-declarations -Wno-sign-conversion -Wno-infinite-recursion -Wno-comma -Wno-block-capture-autoreleasing -Wno-strict-prototypes -Wno-semicolon-before-method-body -index-store-path /Users/nataliewhipps/Library/Developer/Xcode/DerivedData/Prompt28-cgmmkisguitsyibyvnemfqvywbnv/Index.noindex/DataStore @/Users/nataliewhipps/Library/Developer/Xcode/DerivedData/Prompt28-cgmmkisguitsyibyvnemfqvywbnv/Build/Intermediates.noindex/AppAuth.build/Debug-iphonesimulator/AppAuth.build/Objects-normal/x86_64/e6072d4f65d7061329687fe24e3d63a7-common-args.resp -include /Users/nataliewhipps/Library/Developer/Xcode/DerivedData/Prompt28-cgmmkisguitsyibyvnemfqvywbnv/Build/Intermediates.noindex/AppAuth.build/Debug-iphonesimulator/AppAuth.build/DerivedSources/resource_bundle_accessor.h -MMD -MT dependencies -MF /Users/nataliewhipps/Library/Developer/Xcode/DerivedData/Prompt28-cgmmkisguitsyibyvnemfqvywbnv/Build/Intermediates.noindex/AppAuth.build/Debug-iphonesimulator/AppAuth.build/Objects-normal/x86_64/OIDExternalUserAgentIOS.d --serialize-diagnostics /Users/nataliewhipps/Library/Developer/Xcode/DerivedData/Prompt28-cgmmkisguitsyibyvnemfqvywbnv/Build/Intermediates.noindex/AppAuth.build/Debug-iphonesimulator/AppAuth.build/Objects-normal/x86_64/OIDExternalUserAgentIOS.dia -c /Users/nataliewhipps/Library/Developer/Xcode/DerivedData/Prompt28-cgmmkisguitsyibyvnemfqvywbnv/SourcePackages/checkouts/AppAuth-iOS/Sources/AppAuth/iOS/OIDExternalUserAgentIOS.m -o /Users/nataliewhipps/Library/Developer/Xcode/DerivedData/Prompt28-cgmmkisguitsyibyvnemfqvywbnv/Build/Intermediates.noindex/AppAuth.build/Debug-iphonesimulator/AppAuth.build/Objects-normal/x86_64/OIDExternalUserAgentIOS.o -index-unit-output-path /AppAuth.build/Debug-iphonesimulator/AppAuth.build/Objects-normal/x86_64/OIDExternalUserAgentIOS.o

ScanDependencies /Users/nataliewhipps/Library/Developer/Xcode/DerivedData/Prompt28-cgmmkisguitsyibyvnemfqvywbnv/Build/Intermediates.noindex/AppAuth.build/Debug-iphonesimulator/AppAuth.build/Objects-normal/x86_64/OIDExternalUserAgentCatalyst.o /Users/nataliewhipps/Library/Developer/Xcode/DerivedData/Prompt28-cgmmkisguitsyibyvnemfqvywbnv/SourcePackages/checkouts/AppAuth-iOS/Sources/AppAuth/iOS/OIDExternalUserAgentCatalyst.m normal x86_64 objective-c com.apple.compilers.llvm.clang.1_0.compiler (in target 'AppAuth' from project 'AppAuth')
    cd /Users/nataliewhipps/Desktop/Prompt28/Prompt28.xcodeproj
    
    Using response file: /Users/nataliewhipps/Library/Developer/Xcode/DerivedData/Prompt28-cgmmkisguitsyibyvnemfqvywbnv/Build/Intermediates.noindex/AppAuth.build/Debug-iphonesimulator/AppAuth.build/Objects-normal/x86_64/e6072d4f65d7061329687fe24e3d63a7-common-args.resp
    
    builtin-ScanDependencies -o /Users/nataliewhipps/Library/Developer/Xcode/DerivedData/Prompt28-cgmmkisguitsyibyvnemfqvywbnv/Build/Intermediates.noindex/AppAuth.build/Debug-iphonesimulator/AppAuth.build/Objects-normal/x86_64/OIDExternalUserAgentCatalyst.o.scan -- /Applications/Xcode.app/Contents/Developer/Toolchains/XcodeDefault.xctoolchain/usr/bin/clang -x objective-c -ivfsstatcache /Users/nataliewhipps/Library/Developer/Xcode/DerivedData/SDKStatCaches.noindex/iphonesimulator26.2-23C57-7d00a8b37fbd7999ea79df8ebc024bf0.sdkstatcache -fmessage-length\=0 -fdiagnostics-show-note-include-stack -fmacro-backtrace-limit\=0 -fno-color-diagnostics -fmodules-prune-interval\=86400 -fmodules-prune-after\=345600 -fbuild-session-file\=/Users/nataliewhipps/Library/Developer/Xcode/DerivedData/ModuleCache.noindex/Session.modulevalidation -fmodules-validate-once-per-build-session -Wnon-modular-include-in-framework-module -Werror\=non-modular-include-in-framework-module -Wno-trigraphs -Wno-missing-field-initializers -Wno-missing-prototypes -Wno-return-type -Wno-implicit-atomic-properties -Wno-objc-interface-ivars -Wno-arc-repeated-use-of-weak -Wno-missing-braces -Wparentheses -Wswitch -Wno-unused-function -Wno-unused-label -Wno-unused-parameter -Wno-unused-variable -Wunused-value -Wno-empty-body -Wno-uninitialized -Wno-unknown-pragmas -w -Wno-shadow -Wno-four-char-constants -Wno-conversion -Wno-constant-conversion -Wno-int-conversion -Wno-bool-conversion -Wno-enum-conversion -Wno-float-conversion -Wno-non-literal-null-conversion -Wno-objc-literal-conversion -Wshorten-64-to-32 -Wpointer-sign -Wno-newline-eof -Wno-selector -Wno-strict-selector-match -Wno-undeclared-selector -Wno-deprecated-implementations -Wno-implicit-fallthrough -fstrict-aliasing -Wprotocol -Wdeprecated-declarations -Wno-sign-conversion -Wno-infinite-recursion -Wno-comma -Wno-block-capture-autoreleasing -Wno-strict-prototypes -Wno-semicolon-before-method-body -index-store-path /Users/nataliewhipps/Library/Developer/Xcode/DerivedData/Prompt28-cgmmkisguitsyibyvnemfqvywbnv/Index.noindex/DataStore @/Users/nataliewhipps/Library/Developer/Xcode/DerivedData/Prompt28-cgmmkisguitsyibyvnemfqvywbnv/Build/Intermediates.noindex/AppAuth.build/Debug-iphonesimulator/AppAuth.build/Objects-normal/x86_64/e6072d4f65d7061329687fe24e3d63a7-common-args.resp -include /Users/nataliewhipps/Library/Developer/Xcode/DerivedData/Prompt28-cgmmkisguitsyibyvnemfqvywbnv/Build/Intermediates.noindex/AppAuth.build/Debug-iphonesimulator/AppAuth.build/DerivedSources/resource_bundle_accessor.h -MMD -MT dependencies -MF /Users/nataliewhipps/Library/Developer/Xcode/DerivedData/Prompt28-cgmmkisguitsyibyvnemfqvywbnv/Build/Intermediates.noindex/AppAuth.build/Debug-iphonesimulator/AppAuth.build/Objects-normal/x86_64/OIDExternalUserAgentCatalyst.d --serialize-diagnostics /Users/nataliewhipps/Library/Developer/Xcode/DerivedData/Prompt28-cgmmkisguitsyibyvnemfqvywbnv/Build/Intermediates.noindex/AppAuth.build/Debug-iphonesimulator/AppAuth.build/Objects-normal/x86_64/OIDExternalUserAgentCatalyst.dia -c /Users/nataliewhipps/Library/Developer/Xcode/DerivedData/Prompt28-cgmmkisguitsyibyvnemfqvywbnv/SourcePackages/checkouts/AppAuth-iOS/Sources/AppAuth/iOS/OIDExternalUserAgentCatalyst.m -o /Users/nataliewhipps/Library/Developer/Xcode/DerivedData/Prompt28-cgmmkisguitsyibyvnemfqvywbnv/Build/Intermediates.noindex/AppAuth.build/Debug-iphonesimulator/AppAuth.build/Objects-normal/x86_64/OIDExternalUserAgentCatalyst.o -index-unit-output-path /AppAuth.build/Debug-iphonesimulator/AppAuth.build/Objects-normal/x86_64/OIDExternalUserAgentCatalyst.o

ScanDependencies /Users/nataliewhipps/Library/Developer/Xcode/DerivedData/Prompt28-cgmmkisguitsyibyvnemfqvywbnv/Build/Intermediates.noindex/AppAuth.build/Debug-iphonesimulator/AppAuth.build/Objects-normal/x86_64/OIDAuthorizationService+Mac.o /Users/nataliewhipps/Library/Developer/Xcode/DerivedData/Prompt28-cgmmkisguitsyibyvnemfqvywbnv/SourcePackages/checkouts/AppAuth-iOS/Sources/AppAuth/macOS/OIDAuthorizationService+Mac.m normal x86_64 objective-c com.apple.compilers.llvm.clang.1_0.compiler (in target 'AppAuth' from project 'AppAuth')
    cd /Users/nataliewhipps/Desktop/Prompt28/Prompt28.xcodeproj
    
    Using response file: /Users/nataliewhipps/Library/Developer/Xcode/DerivedData/Prompt28-cgmmkisguitsyibyvnemfqvywbnv/Build/Intermediates.noindex/AppAuth.build/Debug-iphonesimulator/AppAuth.build/Objects-normal/x86_64/e6072d4f65d7061329687fe24e3d63a7-common-args.resp
    
    builtin-ScanDependencies -o /Users/nataliewhipps/Library/Developer/Xcode/DerivedData/Prompt28-cgmmkisguitsyibyvnemfqvywbnv/Build/Intermediates.noindex/AppAuth.build/Debug-iphonesimulator/AppAuth.build/Objects-normal/x86_64/OIDAuthorizationService+Mac.o.scan -- /Applications/Xcode.app/Contents/Developer/Toolchains/XcodeDefault.xctoolchain/usr/bin/clang -x objective-c -ivfsstatcache /Users/nataliewhipps/Library/Developer/Xcode/DerivedData/SDKStatCaches.noindex/iphonesimulator26.2-23C57-7d00a8b37fbd7999ea79df8ebc024bf0.sdkstatcache -fmessage-length\=0 -fdiagnostics-show-note-include-stack -fmacro-backtrace-limit\=0 -fno-color-diagnostics -fmodules-prune-interval\=86400 -fmodules-prune-after\=345600 -fbuild-session-file\=/Users/nataliewhipps/Library/Developer/Xcode/DerivedData/ModuleCache.noindex/Session.modulevalidation -fmodules-validate-once-per-build-session -Wnon-modular-include-in-framework-module -Werror\=non-modular-include-in-framework-module -Wno-trigraphs -Wno-missing-field-initializers -Wno-missing-prototypes -Wno-return-type -Wno-implicit-atomic-properties -Wno-objc-interface-ivars -Wno-arc-repeated-use-of-weak -Wno-missing-braces -Wparentheses -Wswitch -Wno-unused-function -Wno-unused-label -Wno-unused-parameter -Wno-unused-variable -Wunused-value -Wno-empty-body -Wno-uninitialized -Wno-unknown-pragmas -w -Wno-shadow -Wno-four-char-constants -Wno-conversion -Wno-constant-conversion -Wno-int-conversion -Wno-bool-conversion -Wno-enum-conversion -Wno-float-conversion -Wno-non-literal-null-conversion -Wno-objc-literal-conversion -Wshorten-64-to-32 -Wpointer-sign -Wno-newline-eof -Wno-selector -Wno-strict-selector-match -Wno-undeclared-selector -Wno-deprecated-implementations -Wno-implicit-fallthrough -fstrict-aliasing -Wprotocol -Wdeprecated-declarations -Wno-sign-conversion -Wno-infinite-recursion -Wno-comma -Wno-block-capture-autoreleasing -Wno-strict-prototypes -Wno-semicolon-before-method-body -index-store-path /Users/nataliewhipps/Library/Developer/Xcode/DerivedData/Prompt28-cgmmkisguitsyibyvnemfqvywbnv/Index.noindex/DataStore @/Users/nataliewhipps/Library/Developer/Xcode/DerivedData/Prompt28-cgmmkisguitsyibyvnemfqvywbnv/Build/Intermediates.noindex/AppAuth.build/Debug-iphonesimulator/AppAuth.build/Objects-normal/x86_64/e6072d4f65d7061329687fe24e3d63a7-common-args.resp -include /Users/nataliewhipps/Library/Developer/Xcode/DerivedData/Prompt28-cgmmkisguitsyibyvnemfqvywbnv/Build/Intermediates.noindex/AppAuth.build/Debug-iphonesimulator/AppAuth.build/DerivedSources/resource_bundle_accessor.h -MMD -MT dependencies -MF /Users/nataliewhipps/Library/Developer/Xcode/DerivedData/Prompt28-cgmmkisguitsyibyvnemfqvywbnv/Build/Intermediates.noindex/AppAuth.build/Debug-iphonesimulator/AppAuth.build/Objects-normal/x86_64/OIDAuthorizationService+Mac.d --serialize-diagnostics /Users/nataliewhipps/Library/Developer/Xcode/DerivedData/Prompt28-cgmmkisguitsyibyvnemfqvywbnv/Build/Intermediates.noindex/AppAuth.build/Debug-iphonesimulator/AppAuth.build/Objects-normal/x86_64/OIDAuthorizationService+Mac.dia -c /Users/nataliewhipps/Library/Developer/Xcode/DerivedData/Prompt28-cgmmkisguitsyibyvnemfqvywbnv/SourcePackages/checkouts/AppAuth-iOS/Sources/AppAuth/macOS/OIDAuthorizationService+Mac.m -o /Users/nataliewhipps/Library/Developer/Xcode/DerivedData/Prompt28-cgmmkisguitsyibyvnemfqvywbnv/Build/Intermediates.noindex/AppAuth.build/Debug-iphonesimulator/AppAuth.build/Objects-normal/x86_64/OIDAuthorizationService+Mac.o -index-unit-output-path /AppAuth.build/Debug-iphonesimulator/AppAuth.build/Objects-normal/x86_64/OIDAuthorizationService+Mac.o

ScanDependencies /Users/nataliewhipps/Library/Developer/Xcode/DerivedData/Prompt28-cgmmkisguitsyibyvnemfqvywbnv/Build/Intermediates.noindex/AppAuth.build/Debug-iphonesimulator/AppAuth.build/Objects-normal/x86_64/OIDAuthorizationService+IOS.o /Users/nataliewhipps/Library/Developer/Xcode/DerivedData/Prompt28-cgmmkisguitsyibyvnemfqvywbnv/SourcePackages/checkouts/AppAuth-iOS/Sources/AppAuth/iOS/OIDAuthorizationService+IOS.m normal x86_64 objective-c com.apple.compilers.llvm.clang.1_0.compiler (in target 'AppAuth' from project 'AppAuth')
    cd /Users/nataliewhipps/Desktop/Prompt28/Prompt28.xcodeproj
    
    Using response file: /Users/nataliewhipps/Library/Developer/Xcode/DerivedData/Prompt28-cgmmkisguitsyibyvnemfqvywbnv/Build/Intermediates.noindex/AppAuth.build/Debug-iphonesimulator/AppAuth.build/Objects-normal/x86_64/e6072d4f65d7061329687fe24e3d63a7-common-args.resp
    
    builtin-ScanDependencies -o /Users/nataliewhipps/Library/Developer/Xcode/DerivedData/Prompt28-cgmmkisguitsyibyvnemfqvywbnv/Build/Intermediates.noindex/AppAuth.build/Debug-iphonesimulator/AppAuth.build/Objects-normal/x86_64/OIDAuthorizationService+IOS.o.scan -- /Applications/Xcode.app/Contents/Developer/Toolchains/XcodeDefault.xctoolchain/usr/bin/clang -x objective-c -ivfsstatcache /Users/nataliewhipps/Library/Developer/Xcode/DerivedData/SDKStatCaches.noindex/iphonesimulator26.2-23C57-7d00a8b37fbd7999ea79df8ebc024bf0.sdkstatcache -fmessage-length\=0 -fdiagnostics-show-note-include-stack -fmacro-backtrace-limit\=0 -fno-color-diagnostics -fmodules-prune-interval\=86400 -fmodules-prune-after\=345600 -fbuild-session-file\=/Users/nataliewhipps/Library/Developer/Xcode/DerivedData/ModuleCache.noindex/Session.modulevalidation -fmodules-validate-once-per-build-session -Wnon-modular-include-in-framework-module -Werror\=non-modular-include-in-framework-module -Wno-trigraphs -Wno-missing-field-initializers -Wno-missing-prototypes -Wno-return-type -Wno-implicit-atomic-properties -Wno-objc-interface-ivars -Wno-arc-repeated-use-of-weak -Wno-missing-braces -Wparentheses -Wswitch -Wno-unused-function -Wno-unused-label -Wno-unused-parameter -Wno-unused-variable -Wunused-value -Wno-empty-body -Wno-uninitialized -Wno-unknown-pragmas -w -Wno-shadow -Wno-four-char-constants -Wno-conversion -Wno-constant-conversion -Wno-int-conversion -Wno-bool-conversion -Wno-enum-conversion -Wno-float-conversion -Wno-non-literal-null-conversion -Wno-objc-literal-conversion -Wshorten-64-to-32 -Wpointer-sign -Wno-newline-eof -Wno-selector -Wno-strict-selector-match -Wno-undeclared-selector -Wno-deprecated-implementations -Wno-implicit-fallthrough -fstrict-aliasing -Wprotocol -Wdeprecated-declarations -Wno-sign-conversion -Wno-infinite-recursion -Wno-comma -Wno-block-capture-autoreleasing -Wno-strict-prototypes -Wno-semicolon-before-method-body -index-store-path /Users/nataliewhipps/Library/Developer/Xcode/DerivedData/Prompt28-cgmmkisguitsyibyvnemfqvywbnv/Index.noindex/DataStore @/Users/nataliewhipps/Library/Developer/Xcode/DerivedData/Prompt28-cgmmkisguitsyibyvnemfqvywbnv/Build/Intermediates.noindex/AppAuth.build/Debug-iphonesimulator/AppAuth.build/Objects-normal/x86_64/e6072d4f65d7061329687fe24e3d63a7-common-args.resp -include /Users/nataliewhipps/Library/Developer/Xcode/DerivedData/Prompt28-cgmmkisguitsyibyvnemfqvywbnv/Build/Intermediates.noindex/AppAuth.build/Debug-iphonesimulator/AppAuth.build/DerivedSources/resource_bundle_accessor.h -MMD -MT dependencies -MF /Users/nataliewhipps/Library/Developer/Xcode/DerivedData/Prompt28-cgmmkisguitsyibyvnemfqvywbnv/Build/Intermediates.noindex/AppAuth.build/Debug-iphonesimulator/AppAuth.build/Objects-normal/x86_64/OIDAuthorizationService+IOS.d --serialize-diagnostics /Users/nataliewhipps/Library/Developer/Xcode/DerivedData/Prompt28-cgmmkisguitsyibyvnemfqvywbnv/Build/Intermediates.noindex/AppAuth.build/Debug-iphonesimulator/AppAuth.build/Objects-normal/x86_64/OIDAuthorizationService+IOS.dia -c /Users/nataliewhipps/Library/Developer/Xcode/DerivedData/Prompt28-cgmmkisguitsyibyvnemfqvywbnv/SourcePackages/checkouts/AppAuth-iOS/Sources/AppAuth/iOS/OIDAuthorizationService+IOS.m -o /Users/nataliewhipps/Library/Developer/Xcode/DerivedData/Prompt28-cgmmkisguitsyibyvnemfqvywbnv/Build/Intermediates.noindex/AppAuth.build/Debug-iphonesimulator/AppAuth.build/Objects-normal/x86_64/OIDAuthorizationService+IOS.o -index-unit-output-path /AppAuth.build/Debug-iphonesimulator/AppAuth.build/Objects-normal/x86_64/OIDAuthorizationService+IOS.o

ScanDependencies /Users/nataliewhipps/Library/Developer/Xcode/DerivedData/Prompt28-cgmmkisguitsyibyvnemfqvywbnv/Build/Intermediates.noindex/AppAuth.build/Debug-iphonesimulator/AppAuth.build/Objects-normal/x86_64/OIDAuthState+Mac.o /Users/nataliewhipps/Library/Developer/Xcode/DerivedData/Prompt28-cgmmkisguitsyibyvnemfqvywbnv/SourcePackages/checkouts/AppAuth-iOS/Sources/AppAuth/macOS/OIDAuthState+Mac.m normal x86_64 objective-c com.apple.compilers.llvm.clang.1_0.compiler (in target 'AppAuth' from project 'AppAuth')
    cd /Users/nataliewhipps/Desktop/Prompt28/Prompt28.xcodeproj
    
    Using response file: /Users/nataliewhipps/Library/Developer/Xcode/DerivedData/Prompt28-cgmmkisguitsyibyvnemfqvywbnv/Build/Intermediates.noindex/AppAuth.build/Debug-iphonesimulator/AppAuth.build/Objects-normal/x86_64/e6072d4f65d7061329687fe24e3d63a7-common-args.resp
    
    builtin-ScanDependencies -o /Users/nataliewhipps/Library/Developer/Xcode/DerivedData/Prompt28-cgmmkisguitsyibyvnemfqvywbnv/Build/Intermediates.noindex/AppAuth.build/Debug-iphonesimulator/AppAuth.build/Objects-normal/x86_64/OIDAuthState+Mac.o.scan -- /Applications/Xcode.app/Contents/Developer/Toolchains/XcodeDefault.xctoolchain/usr/bin/clang -x objective-c -ivfsstatcache /Users/nataliewhipps/Library/Developer/Xcode/DerivedData/SDKStatCaches.noindex/iphonesimulator26.2-23C57-7d00a8b37fbd7999ea79df8ebc024bf0.sdkstatcache -fmessage-length\=0 -fdiagnostics-show-note-include-stack -fmacro-backtrace-limit\=0 -fno-color-diagnostics -fmodules-prune-interval\=86400 -fmodules-prune-after\=345600 -fbuild-session-file\=/Users/nataliewhipps/Library/Developer/Xcode/DerivedData/ModuleCache.noindex/Session.modulevalidation -fmodules-validate-once-per-build-session -Wnon-modular-include-in-framework-module -Werror\=non-modular-include-in-framework-module -Wno-trigraphs -Wno-missing-field-initializers -Wno-missing-prototypes -Wno-return-type -Wno-implicit-atomic-properties -Wno-objc-interface-ivars -Wno-arc-repeated-use-of-weak -Wno-missing-braces -Wparentheses -Wswitch -Wno-unused-function -Wno-unused-label -Wno-unused-parameter -Wno-unused-variable -Wunused-value -Wno-empty-body -Wno-uninitialized -Wno-unknown-pragmas -w -Wno-shadow -Wno-four-char-constants -Wno-conversion -Wno-constant-conversion -Wno-int-conversion -Wno-bool-conversion -Wno-enum-conversion -Wno-float-conversion -Wno-non-literal-null-conversion -Wno-objc-literal-conversion -Wshorten-64-to-32 -Wpointer-sign -Wno-newline-eof -Wno-selector -Wno-strict-selector-match -Wno-undeclared-selector -Wno-deprecated-implementations -Wno-implicit-fallthrough -fstrict-aliasing -Wprotocol -Wdeprecated-declarations -Wno-sign-conversion -Wno-infinite-recursion -Wno-comma -Wno-block-capture-autoreleasing -Wno-strict-prototypes -Wno-semicolon-before-method-body -index-store-path /Users/nataliewhipps/Library/Developer/Xcode/DerivedData/Prompt28-cgmmkisguitsyibyvnemfqvywbnv/Index.noindex/DataStore @/Users/nataliewhipps/Library/Developer/Xcode/DerivedData/Prompt28-cgmmkisguitsyibyvnemfqvywbnv/Build/Intermediates.noindex/AppAuth.build/Debug-iphonesimulator/AppAuth.build/Objects-normal/x86_64/e6072d4f65d7061329687fe24e3d63a7-common-args.resp -include /Users/nataliewhipps/Library/Developer/Xcode/DerivedData/Prompt28-cgmmkisguitsyibyvnemfqvywbnv/Build/Intermediates.noindex/AppAuth.build/Debug-iphonesimulator/AppAuth.build/DerivedSources/resource_bundle_accessor.h -MMD -MT dependencies -MF /Users/nataliewhipps/Library/Developer/Xcode/DerivedData/Prompt28-cgmmkisguitsyibyvnemfqvywbnv/Build/Intermediates.noindex/AppAuth.build/Debug-iphonesimulator/AppAuth.build/Objects-normal/x86_64/OIDAuthState+Mac.d --serialize-diagnostics /Users/nataliewhipps/Library/Developer/Xcode/DerivedData/Prompt28-cgmmkisguitsyibyvnemfqvywbnv/Build/Intermediates.noindex/AppAuth.build/Debug-iphonesimulator/AppAuth.build/Objects-normal/x86_64/OIDAuthState+Mac.dia -c /Users/nataliewhipps/Library/Developer/Xcode/DerivedData/Prompt28-cgmmkisguitsyibyvnemfqvywbnv/SourcePackages/checkouts/AppAuth-iOS/Sources/AppAuth/macOS/OIDAuthState+Mac.m -o /Users/nataliewhipps/Library/Developer/Xcode/DerivedData/Prompt28-cgmmkisguitsyibyvnemfqvywbnv/Build/Intermediates.noindex/AppAuth.build/Debug-iphonesimulator/AppAuth.build/Objects-normal/x86_64/OIDAuthState+Mac.o -index-unit-output-path /AppAuth.build/Debug-iphonesimulator/AppAuth.build/Objects-normal/x86_64/OIDAuthState+Mac.o

ScanDependencies /Users/nataliewhipps/Library/Developer/Xcode/DerivedData/Prompt28-cgmmkisguitsyibyvnemfqvywbnv/Build/Intermediates.noindex/AppAuth.build/Debug-iphonesimulator/AppAuth.build/Objects-normal/x86_64/OIDAuthState+IOS.o /Users/nataliewhipps/Library/Developer/Xcode/DerivedData/Prompt28-cgmmkisguitsyibyvnemfqvywbnv/SourcePackages/checkouts/AppAuth-iOS/Sources/AppAuth/iOS/OIDAuthState+IOS.m normal x86_64 objective-c com.apple.compilers.llvm.clang.1_0.compiler (in target 'AppAuth' from project 'AppAuth')
    cd /Users/nataliewhipps/Desktop/Prompt28/Prompt28.xcodeproj
    
    Using response file: /Users/nataliewhipps/Library/Developer/Xcode/DerivedData/Prompt28-cgmmkisguitsyibyvnemfqvywbnv/Build/Intermediates.noindex/AppAuth.build/Debug-iphonesimulator/AppAuth.build/Objects-normal/x86_64/e6072d4f65d7061329687fe24e3d63a7-common-args.resp
    
    builtin-ScanDependencies -o /Users/nataliewhipps/Library/Developer/Xcode/DerivedData/Prompt28-cgmmkisguitsyibyvnemfqvywbnv/Build/Intermediates.noindex/AppAuth.build/Debug-iphonesimulator/AppAuth.build/Objects-normal/x86_64/OIDAuthState+IOS.o.scan -- /Applications/Xcode.app/Contents/Developer/Toolchains/XcodeDefault.xctoolchain/usr/bin/clang -x objective-c -ivfsstatcache /Users/nataliewhipps/Library/Developer/Xcode/DerivedData/SDKStatCaches.noindex/iphonesimulator26.2-23C57-7d00a8b37fbd7999ea79df8ebc024bf0.sdkstatcache -fmessage-length\=0 -fdiagnostics-show-note-include-stack -fmacro-backtrace-limit\=0 -fno-color-diagnostics -fmodules-prune-interval\=86400 -fmodules-prune-after\=345600 -fbuild-session-file\=/Users/nataliewhipps/Library/Developer/Xcode/DerivedData/ModuleCache.noindex/Session.modulevalidation -fmodules-validate-once-per-build-session -Wnon-modular-include-in-framework-module -Werror\=non-modular-include-in-framework-module -Wno-trigraphs -Wno-missing-field-initializers -Wno-missing-prototypes -Wno-return-type -Wno-implicit-atomic-properties -Wno-objc-interface-ivars -Wno-arc-repeated-use-of-weak -Wno-missing-braces -Wparentheses -Wswitch -Wno-unused-function -Wno-unused-label -Wno-unused-parameter -Wno-unused-variable -Wunused-value -Wno-empty-body -Wno-uninitialized -Wno-unknown-pragmas -w -Wno-shadow -Wno-four-char-constants -Wno-conversion -Wno-constant-conversion -Wno-int-conversion -Wno-bool-conversion -Wno-enum-conversion -Wno-float-conversion -Wno-non-literal-null-conversion -Wno-objc-literal-conversion -Wshorten-64-to-32 -Wpointer-sign -Wno-newline-eof -Wno-selector -Wno-strict-selector-match -Wno-undeclared-selector -Wno-deprecated-implementations -Wno-implicit-fallthrough -fstrict-aliasing -Wprotocol -Wdeprecated-declarations -Wno-sign-conversion -Wno-infinite-recursion -Wno-comma -Wno-block-capture-autoreleasing -Wno-strict-prototypes -Wno-semicolon-before-method-body -index-store-path /Users/nataliewhipps/Library/Developer/Xcode/DerivedData/Prompt28-cgmmkisguitsyibyvnemfqvywbnv/Index.noindex/DataStore @/Users/nataliewhipps/Library/Developer/Xcode/DerivedData/Prompt28-cgmmkisguitsyibyvnemfqvywbnv/Build/Intermediates.noindex/AppAuth.build/Debug-iphonesimulator/AppAuth.build/Objects-normal/x86_64/e6072d4f65d7061329687fe24e3d63a7-common-args.resp -include /Users/nataliewhipps/Library/Developer/Xcode/DerivedData/Prompt28-cgmmkisguitsyibyvnemfqvywbnv/Build/Intermediates.noindex/AppAuth.build/Debug-iphonesimulator/AppAuth.build/DerivedSources/resource_bundle_accessor.h -MMD -MT dependencies -MF /Users/nataliewhipps/Library/Developer/Xcode/DerivedData/Prompt28-cgmmkisguitsyibyvnemfqvywbnv/Build/Intermediates.noindex/AppAuth.build/Debug-iphonesimulator/AppAuth.build/Objects-normal/x86_64/OIDAuthState+IOS.d --serialize-diagnostics /Users/nataliewhipps/Library/Developer/Xcode/DerivedData/Prompt28-cgmmkisguitsyibyvnemfqvywbnv/Build/Intermediates.noindex/AppAuth.build/Debug-iphonesimulator/AppAuth.build/Objects-normal/x86_64/OIDAuthState+IOS.dia -c /Users/nataliewhipps/Library/Developer/Xcode/DerivedData/Prompt28-cgmmkisguitsyibyvnemfqvywbnv/SourcePackages/checkouts/AppAuth-iOS/Sources/AppAuth/iOS/OIDAuthState+IOS.m -o /Users/nataliewhipps/Library/Developer/Xcode/DerivedData/Prompt28-cgmmkisguitsyibyvnemfqvywbnv/Build/Intermediates.noindex/AppAuth.build/Debug-iphonesimulator/AppAuth.build/Objects-normal/x86_64/OIDAuthState+IOS.o -index-unit-output-path /AppAuth.build/Debug-iphonesimulator/AppAuth.build/Objects-normal/x86_64/OIDAuthState+IOS.o

RegisterExecutionPolicyException /Users/nataliewhipps/Library/Developer/Xcode/DerivedData/Prompt28-cgmmkisguitsyibyvnemfqvywbnv/Build/Products/Debug-iphonesimulator/third-party-IsAppEncrypted.o (in target 'third-party-IsAppEncrypted' from project 'GoogleUtilities')
    cd /Users/nataliewhipps/Library/Developer/Xcode/DerivedData/Prompt28-cgmmkisguitsyibyvnemfqvywbnv/SourcePackages/checkouts/GoogleUtilities
    builtin-RegisterExecutionPolicyException /Users/nataliewhipps/Library/Developer/Xcode/DerivedData/Prompt28-cgmmkisguitsyibyvnemfqvywbnv/Build/Products/Debug-iphonesimulator/third-party-IsAppEncrypted.o

SwiftExplicitDependencyGeneratePcm x86_64 /Users/nataliewhipps/Library/Developer/Xcode/DerivedData/ModuleCache.noindex/_Builtin_inttypes-93DF598E9UA8QS2A66HW8645G.pcm

PrecompileModule /Users/nataliewhipps/Library/Developer/Xcode/DerivedData/Prompt28-cgmmkisguitsyibyvnemfqvywbnv/Build/Intermediates.noindex/ExplicitPrecompiledModules/CoreGraphics-AAWFJ70JGW5GEL0TF0Z52CKSP.scan
    cd /
    builtin-precompileModule /Users/nataliewhipps/Library/Developer/Xcode/DerivedData/Prompt28-cgmmkisguitsyibyvnemfqvywbnv/Build/Intermediates.noindex/ExplicitPrecompiledModules/CoreGraphics-AAWFJ70JGW5GEL0TF0Z52CKSP.scan

PrecompileModule /Users/nataliewhipps/Library/Developer/Xcode/DerivedData/Prompt28-cgmmkisguitsyibyvnemfqvywbnv/Build/Intermediates.noindex/ExplicitPrecompiledModules/CFNetwork-19KSQ2STCKYIX1THZ72GDKGI1.scan
    cd /
    builtin-precompileModule /Users/nataliewhipps/Library/Developer/Xcode/DerivedData/Prompt28-cgmmkisguitsyibyvnemfqvywbnv/Build/Intermediates.noindex/ExplicitPrecompiledModules/CFNetwork-19KSQ2STCKYIX1THZ72GDKGI1.scan

PrecompileModule /Users/nataliewhipps/Library/Developer/Xcode/DerivedData/Prompt28-cgmmkisguitsyibyvnemfqvywbnv/Build/Intermediates.noindex/ExplicitPrecompiledModules/Security-3NHZPV8FIFZGEPT54X90HA2BY.scan
    cd /
    builtin-precompileModule /Users/nataliewhipps/Library/Developer/Xcode/DerivedData/Prompt28-cgmmkisguitsyibyvnemfqvywbnv/Build/Intermediates.noindex/ExplicitPrecompiledModules/Security-3NHZPV8FIFZGEPT54X90HA2BY.scan

PrecompileModule /Users/nataliewhipps/Library/Developer/Xcode/DerivedData/Prompt28-cgmmkisguitsyibyvnemfqvywbnv/Build/Intermediates.noindex/ExplicitPrecompiledModules/Security-8C5RTJ8X4GLIT5MCK80FF9MW.scan
    cd /
    builtin-precompileModule /Users/nataliewhipps/Library/Developer/Xcode/DerivedData/Prompt28-cgmmkisguitsyibyvnemfqvywbnv/Build/Intermediates.noindex/ExplicitPrecompiledModules/Security-8C5RTJ8X4GLIT5MCK80FF9MW.scan

PrecompileModule /Users/nataliewhipps/Library/Developer/Xcode/DerivedData/Prompt28-cgmmkisguitsyibyvnemfqvywbnv/Build/Intermediates.noindex/ExplicitPrecompiledModules/CoreGraphics-1GCGUFJK7CB01G2B3TFMJM2Y1.scan
    cd /
    builtin-precompileModule /Users/nataliewhipps/Library/Developer/Xcode/DerivedData/Prompt28-cgmmkisguitsyibyvnemfqvywbnv/Build/Intermediates.noindex/ExplicitPrecompiledModules/CoreGraphics-1GCGUFJK7CB01G2B3TFMJM2Y1.scan

PrecompileModule /Users/nataliewhipps/Library/Developer/Xcode/DerivedData/Prompt28-cgmmkisguitsyibyvnemfqvywbnv/Build/Intermediates.noindex/ExplicitPrecompiledModules/SystemConfiguration-AB4FDUQHE3YXXNMBSOV17PDU8.scan
    cd /
    builtin-precompileModule /Users/nataliewhipps/Library/Developer/Xcode/DerivedData/Prompt28-cgmmkisguitsyibyvnemfqvywbnv/Build/Intermediates.noindex/ExplicitPrecompiledModules/SystemConfiguration-AB4FDUQHE3YXXNMBSOV17PDU8.scan

PrecompileModule /Users/nataliewhipps/Library/Developer/Xcode/DerivedData/Prompt28-cgmmkisguitsyibyvnemfqvywbnv/Build/Intermediates.noindex/ExplicitPrecompiledModules/CFNetwork-46GTEVFGGWXGJZYR3FINYR9HX.scan
    cd /
    builtin-precompileModule /Users/nataliewhipps/Library/Developer/Xcode/DerivedData/Prompt28-cgmmkisguitsyibyvnemfqvywbnv/Build/Intermediates.noindex/ExplicitPrecompiledModules/CFNetwork-46GTEVFGGWXGJZYR3FINYR9HX.scan

SwiftExplicitDependencyGeneratePcm x86_64 /Users/nataliewhipps/Library/Developer/Xcode/DerivedData/ModuleCache.noindex/Darwin-16H30FTQAB2GOHLCYLYP8FOIK.pcm

PrecompileModule /Users/nataliewhipps/Library/Developer/Xcode/DerivedData/Prompt28-cgmmkisguitsyibyvnemfqvywbnv/Build/Intermediates.noindex/ExplicitPrecompiledModules/Foundation-3MVTPPM38NAYIQTCT6WO31SR2.scan
    cd /
    builtin-precompileModule /Users/nataliewhipps/Library/Developer/Xcode/DerivedData/Prompt28-cgmmkisguitsyibyvnemfqvywbnv/Build/Intermediates.noindex/ExplicitPrecompiledModules/Foundation-3MVTPPM38NAYIQTCT6WO31SR2.scan

PrecompileModule /Users/nataliewhipps/Library/Developer/Xcode/DerivedData/Prompt28-cgmmkisguitsyibyvnemfqvywbnv/Build/Intermediates.noindex/ExplicitPrecompiledModules/ImageIO-DBNED681FMUU7MUVJ1NLQ6DQL.scan
    cd /
    builtin-precompileModule /Users/nataliewhipps/Library/Developer/Xcode/DerivedData/Prompt28-cgmmkisguitsyibyvnemfqvywbnv/Build/Intermediates.noindex/ExplicitPrecompiledModules/ImageIO-DBNED681FMUU7MUVJ1NLQ6DQL.scan

PrecompileModule /Users/nataliewhipps/Library/Developer/Xcode/DerivedData/Prompt28-cgmmkisguitsyibyvnemfqvywbnv/Build/Intermediates.noindex/ExplicitPrecompiledModules/CoreText-6VWNHB0YGCBLX5MI5GKLBH4AC.scan
    cd /
    builtin-precompileModule /Users/nataliewhipps/Library/Developer/Xcode/DerivedData/Prompt28-cgmmkisguitsyibyvnemfqvywbnv/Build/Intermediates.noindex/ExplicitPrecompiledModules/CoreText-6VWNHB0YGCBLX5MI5GKLBH4AC.scan

PrecompileModule /Users/nataliewhipps/Library/Developer/Xcode/DerivedData/Prompt28-cgmmkisguitsyibyvnemfqvywbnv/Build/Intermediates.noindex/ExplicitPrecompiledModules/Foundation-ATODWFY1Q1SKU912MBAP7C8Z5.scan
    cd /
    builtin-precompileModule /Users/nataliewhipps/Library/Developer/Xcode/DerivedData/Prompt28-cgmmkisguitsyibyvnemfqvywbnv/Build/Intermediates.noindex/ExplicitPrecompiledModules/Foundation-ATODWFY1Q1SKU912MBAP7C8Z5.scan

PrecompileModule /Users/nataliewhipps/Library/Developer/Xcode/DerivedData/Prompt28-cgmmkisguitsyibyvnemfqvywbnv/Build/Intermediates.noindex/ExplicitPrecompiledModules/ImageIO-6L9UZQ369YQNNPVIVFH764606.scan
    cd /
    builtin-precompileModule /Users/nataliewhipps/Library/Developer/Xcode/DerivedData/Prompt28-cgmmkisguitsyibyvnemfqvywbnv/Build/Intermediates.noindex/ExplicitPrecompiledModules/ImageIO-6L9UZQ369YQNNPVIVFH764606.scan

PrecompileModule /Users/nataliewhipps/Library/Developer/Xcode/DerivedData/Prompt28-cgmmkisguitsyibyvnemfqvywbnv/Build/Intermediates.noindex/ExplicitPrecompiledModules/CoreText-BX4L6ZJ1Y27HVPWR70VLY4442.scan
    cd /
    builtin-precompileModule /Users/nataliewhipps/Library/Developer/Xcode/DerivedData/Prompt28-cgmmkisguitsyibyvnemfqvywbnv/Build/Intermediates.noindex/ExplicitPrecompiledModules/CoreText-BX4L6ZJ1Y27HVPWR70VLY4442.scan

CompileC /Users/nataliewhipps/Library/Developer/Xcode/DerivedData/Prompt28-cgmmkisguitsyibyvnemfqvywbnv/Build/Intermediates.noindex/GTMSessionFetcher.build/Debug-iphonesimulator/GTMSessionFetcherCore.build/Objects-normal/x86_64/resource_bundle_accessor.o /Users/nataliewhipps/Library/Developer/Xcode/DerivedData/Prompt28-cgmmkisguitsyibyvnemfqvywbnv/Build/Intermediates.noindex/GTMSessionFetcher.build/Debug-iphonesimulator/GTMSessionFetcherCore.build/DerivedSources/resource_bundle_accessor.m normal x86_64 objective-c com.apple.compilers.llvm.clang.1_0.compiler (in target 'GTMSessionFetcherCore' from project 'GTMSessionFetcher')
    cd /Users/nataliewhipps/Desktop/Prompt28/Prompt28.xcodeproj
    
    Using response file: /Users/nataliewhipps/Library/Developer/Xcode/DerivedData/Prompt28-cgmmkisguitsyibyvnemfqvywbnv/Build/Intermediates.noindex/GTMSessionFetcher.build/Debug-iphonesimulator/GTMSessionFetcherCore.build/Objects-normal/x86_64/e6072d4f65d7061329687fe24e3d63a7-common-args.resp
    
    /Applications/Xcode.app/Contents/Developer/Toolchains/XcodeDefault.xctoolchain/usr/bin/clang -x objective-c -ivfsstatcache /Users/nataliewhipps/Library/Developer/Xcode/DerivedData/SDKStatCaches.noindex/iphonesimulator26.2-23C57-7d00a8b37fbd7999ea79df8ebc024bf0.sdkstatcache -fmessage-length\=0 -fdiagnostics-show-note-include-stack -fmacro-backtrace-limit\=0 -fno-color-diagnostics -fmodules-prune-interval\=86400 -fmodules-prune-after\=345600 -fbuild-session-file\=/Users/nataliewhipps/Library/Developer/Xcode/DerivedData/ModuleCache.noindex/Session.modulevalidation -fmodules-validate-once-per-build-session -Wnon-modular-include-in-framework-module -Werror\=non-modular-include-in-framework-module -Wno-trigraphs -Wno-missing-field-initializers -Wno-missing-prototypes -Wno-return-type -Wno-implicit-atomic-properties -Wno-objc-interface-ivars -Wno-arc-repeated-use-of-weak -Wno-missing-braces -Wparentheses -Wswitch -Wno-unused-function -Wno-unused-label -Wno-unused-parameter -Wno-unused-variable -Wunused-value -Wno-empty-body -Wno-uninitialized -Wno-unknown-pragmas -w -Wno-shadow -Wno-four-char-constants -Wno-conversion -Wno-constant-conversion -Wno-int-conversion -Wno-bool-conversion -Wno-enum-conversion -Wno-float-conversion -Wno-non-literal-null-conversion -Wno-objc-literal-conversion -Wshorten-64-to-32 -Wpointer-sign -Wno-newline-eof -Wno-selector -Wno-strict-selector-match -Wno-undeclared-selector -Wno-deprecated-implementations -Wno-implicit-fallthrough -fstrict-aliasing -Wprotocol -Wdeprecated-declarations -Wno-sign-conversion -Wno-infinite-recursion -Wno-comma -Wno-block-capture-autoreleasing -Wno-strict-prototypes -Wno-semicolon-before-method-body -index-store-path /Users/nataliewhipps/Library/Developer/Xcode/DerivedData/Prompt28-cgmmkisguitsyibyvnemfqvywbnv/Index.noindex/DataStore @/Users/nataliewhipps/Library/Developer/Xcode/DerivedData/Prompt28-cgmmkisguitsyibyvnemfqvywbnv/Build/Intermediates.noindex/GTMSessionFetcher.build/Debug-iphonesimulator/GTMSessionFetcherCore.build/Objects-normal/x86_64/e6072d4f65d7061329687fe24e3d63a7-common-args.resp -include /Users/nataliewhipps/Library/Developer/Xcode/DerivedData/Prompt28-cgmmkisguitsyibyvnemfqvywbnv/Build/Intermediates.noindex/GTMSessionFetcher.build/Debug-iphonesimulator/GTMSessionFetcherCore.build/DerivedSources/resource_bundle_accessor.h -MMD -MT dependencies -MF /Users/nataliewhipps/Library/Developer/Xcode/DerivedData/Prompt28-cgmmkisguitsyibyvnemfqvywbnv/Build/Intermediates.noindex/GTMSessionFetcher.build/Debug-iphonesimulator/GTMSessionFetcherCore.build/Objects-normal/x86_64/resource_bundle_accessor.d --serialize-diagnostics /Users/nataliewhipps/Library/Developer/Xcode/DerivedData/Prompt28-cgmmkisguitsyibyvnemfqvywbnv/Build/Intermediates.noindex/GTMSessionFetcher.build/Debug-iphonesimulator/GTMSessionFetcherCore.build/Objects-normal/x86_64/resource_bundle_accessor.dia -c /Users/nataliewhipps/Library/Developer/Xcode/DerivedData/Prompt28-cgmmkisguitsyibyvnemfqvywbnv/Build/Intermediates.noindex/GTMSessionFetcher.build/Debug-iphonesimulator/GTMSessionFetcherCore.build/DerivedSources/resource_bundle_accessor.m -o /Users/nataliewhipps/Library/Developer/Xcode/DerivedData/Prompt28-cgmmkisguitsyibyvnemfqvywbnv/Build/Intermediates.noindex/GTMSessionFetcher.build/Debug-iphonesimulator/GTMSessionFetcherCore.build/Objects-normal/x86_64/resource_bundle_accessor.o -index-unit-output-path /GTMSessionFetcher.build/Debug-iphonesimulator/GTMSessionFetcherCore.build/Objects-normal/x86_64/resource_bundle_accessor.o

CompileC /Users/nataliewhipps/Library/Developer/Xcode/DerivedData/Prompt28-cgmmkisguitsyibyvnemfqvywbnv/Build/Intermediates.noindex/Promises.build/Debug-iphonesimulator/FBLPromises.build/Objects-normal/x86_64/resource_bundle_accessor.o /Users/nataliewhipps/Library/Developer/Xcode/DerivedData/Prompt28-cgmmkisguitsyibyvnemfqvywbnv/Build/Intermediates.noindex/Promises.build/Debug-iphonesimulator/FBLPromises.build/DerivedSources/resource_bundle_accessor.m normal x86_64 objective-c com.apple.compilers.llvm.clang.1_0.compiler (in target 'FBLPromises' from project 'Promises')
    cd /Users/nataliewhipps/Desktop/Prompt28/Prompt28.xcodeproj
    
    Using response file: /Users/nataliewhipps/Library/Developer/Xcode/DerivedData/Prompt28-cgmmkisguitsyibyvnemfqvywbnv/Build/Intermediates.noindex/Promises.build/Debug-iphonesimulator/FBLPromises.build/Objects-normal/x86_64/e6072d4f65d7061329687fe24e3d63a7-common-args.resp
    
    /Applications/Xcode.app/Contents/Developer/Toolchains/XcodeDefault.xctoolchain/usr/bin/clang -x objective-c -ivfsstatcache /Users/nataliewhipps/Library/Developer/Xcode/DerivedData/SDKStatCaches.noindex/iphonesimulator26.2-23C57-7d00a8b37fbd7999ea79df8ebc024bf0.sdkstatcache -fmessage-length\=0 -fdiagnostics-show-note-include-stack -fmacro-backtrace-limit\=0 -fno-color-diagnostics -fmodules-prune-interval\=86400 -fmodules-prune-after\=345600 -fbuild-session-file\=/Users/nataliewhipps/Library/Developer/Xcode/DerivedData/ModuleCache.noindex/Session.modulevalidation -fmodules-validate-once-per-build-session -Wnon-modular-include-in-framework-module -Werror\=non-modular-include-in-framework-module -Wno-trigraphs -Wno-missing-field-initializers -Wno-missing-prototypes -Wno-return-type -Wno-implicit-atomic-properties -Wno-objc-interface-ivars -Wno-arc-repeated-use-of-weak -Wno-missing-braces -Wparentheses -Wswitch -Wno-unused-function -Wno-unused-label -Wno-unused-parameter -Wno-unused-variable -Wunused-value -Wno-empty-body -Wno-uninitialized -Wno-unknown-pragmas -w -Wno-shadow -Wno-four-char-constants -Wno-conversion -Wno-constant-conversion -Wno-int-conversion -Wno-bool-conversion -Wno-enum-conversion -Wno-float-conversion -Wno-non-literal-null-conversion -Wno-objc-literal-conversion -Wshorten-64-to-32 -Wpointer-sign -Wno-newline-eof -Wno-selector -Wno-strict-selector-match -Wno-undeclared-selector -Wno-deprecated-implementations -Wno-implicit-fallthrough -fstrict-aliasing -Wprotocol -Wdeprecated-declarations -Wno-sign-conversion -Wno-infinite-recursion -Wno-comma -Wno-block-capture-autoreleasing -Wno-strict-prototypes -Wno-semicolon-before-method-body -index-store-path /Users/nataliewhipps/Library/Developer/Xcode/DerivedData/Prompt28-cgmmkisguitsyibyvnemfqvywbnv/Index.noindex/DataStore @/Users/nataliewhipps/Library/Developer/Xcode/DerivedData/Prompt28-cgmmkisguitsyibyvnemfqvywbnv/Build/Intermediates.noindex/Promises.build/Debug-iphonesimulator/FBLPromises.build/Objects-normal/x86_64/e6072d4f65d7061329687fe24e3d63a7-common-args.resp -include /Users/nataliewhipps/Library/Developer/Xcode/DerivedData/Prompt28-cgmmkisguitsyibyvnemfqvywbnv/Build/Intermediates.noindex/Promises.build/Debug-iphonesimulator/FBLPromises.build/DerivedSources/resource_bundle_accessor.h -MMD -MT dependencies -MF /Users/nataliewhipps/Library/Developer/Xcode/DerivedData/Prompt28-cgmmkisguitsyibyvnemfqvywbnv/Build/Intermediates.noindex/Promises.build/Debug-iphonesimulator/FBLPromises.build/Objects-normal/x86_64/resource_bundle_accessor.d --serialize-diagnostics /Users/nataliewhipps/Library/Developer/Xcode/DerivedData/Prompt28-cgmmkisguitsyibyvnemfqvywbnv/Build/Intermediates.noindex/Promises.build/Debug-iphonesimulator/FBLPromises.build/Objects-normal/x86_64/resource_bundle_accessor.dia -c /Users/nataliewhipps/Library/Developer/Xcode/DerivedData/Prompt28-cgmmkisguitsyibyvnemfqvywbnv/Build/Intermediates.noindex/Promises.build/Debug-iphonesimulator/FBLPromises.build/DerivedSources/resource_bundle_accessor.m -o /Users/nataliewhipps/Library/Developer/Xcode/DerivedData/Prompt28-cgmmkisguitsyibyvnemfqvywbnv/Build/Intermediates.noindex/Promises.build/Debug-iphonesimulator/FBLPromises.build/Objects-normal/x86_64/resource_bundle_accessor.o -index-unit-output-path /Promises.build/Debug-iphonesimulator/FBLPromises.build/Objects-normal/x86_64/resource_bundle_accessor.o

CompileC /Users/nataliewhipps/Library/Developer/Xcode/DerivedData/Prompt28-cgmmkisguitsyibyvnemfqvywbnv/Build/Intermediates.noindex/Promises.build/Debug-iphonesimulator/FBLPromises.build/Objects-normal/x86_64/FBLPromiseError.o /Users/nataliewhipps/Library/Developer/Xcode/DerivedData/Prompt28-cgmmkisguitsyibyvnemfqvywbnv/SourcePackages/checkouts/promises/Sources/FBLPromises/FBLPromiseError.m normal x86_64 objective-c com.apple.compilers.llvm.clang.1_0.compiler (in target 'FBLPromises' from project 'Promises')
    cd /Users/nataliewhipps/Desktop/Prompt28/Prompt28.xcodeproj
    
    Using response file: /Users/nataliewhipps/Library/Developer/Xcode/DerivedData/Prompt28-cgmmkisguitsyibyvnemfqvywbnv/Build/Intermediates.noindex/Promises.build/Debug-iphonesimulator/FBLPromises.build/Objects-normal/x86_64/e6072d4f65d7061329687fe24e3d63a7-common-args.resp
    
    /Applications/Xcode.app/Contents/Developer/Toolchains/XcodeDefault.xctoolchain/usr/bin/clang -x objective-c -ivfsstatcache /Users/nataliewhipps/Library/Developer/Xcode/DerivedData/SDKStatCaches.noindex/iphonesimulator26.2-23C57-7d00a8b37fbd7999ea79df8ebc024bf0.sdkstatcache -fmessage-length\=0 -fdiagnostics-show-note-include-stack -fmacro-backtrace-limit\=0 -fno-color-diagnostics -fmodules-prune-interval\=86400 -fmodules-prune-after\=345600 -fbuild-session-file\=/Users/nataliewhipps/Library/Developer/Xcode/DerivedData/ModuleCache.noindex/Session.modulevalidation -fmodules-validate-once-per-build-session -Wnon-modular-include-in-framework-module -Werror\=non-modular-include-in-framework-module -Wno-trigraphs -Wno-missing-field-initializers -Wno-missing-prototypes -Wno-return-type -Wno-implicit-atomic-properties -Wno-objc-interface-ivars -Wno-arc-repeated-use-of-weak -Wno-missing-braces -Wparentheses -Wswitch -Wno-unused-function -Wno-unused-label -Wno-unused-parameter -Wno-unused-variable -Wunused-value -Wno-empty-body -Wno-uninitialized -Wno-unknown-pragmas -w -Wno-shadow -Wno-four-char-constants -Wno-conversion -Wno-constant-conversion -Wno-int-conversion -Wno-bool-conversion -Wno-enum-conversion -Wno-float-conversion -Wno-non-literal-null-conversion -Wno-objc-literal-conversion -Wshorten-64-to-32 -Wpointer-sign -Wno-newline-eof -Wno-selector -Wno-strict-selector-match -Wno-undeclared-selector -Wno-deprecated-implementations -Wno-implicit-fallthrough -fstrict-aliasing -Wprotocol -Wdeprecated-declarations -Wno-sign-conversion -Wno-infinite-recursion -Wno-comma -Wno-block-capture-autoreleasing -Wno-strict-prototypes -Wno-semicolon-before-method-body -index-store-path /Users/nataliewhipps/Library/Developer/Xcode/DerivedData/Prompt28-cgmmkisguitsyibyvnemfqvywbnv/Index.noindex/DataStore @/Users/nataliewhipps/Library/Developer/Xcode/DerivedData/Prompt28-cgmmkisguitsyibyvnemfqvywbnv/Build/Intermediates.noindex/Promises.build/Debug-iphonesimulator/FBLPromises.build/Objects-normal/x86_64/e6072d4f65d7061329687fe24e3d63a7-common-args.resp -include /Users/nataliewhipps/Library/Developer/Xcode/DerivedData/Prompt28-cgmmkisguitsyibyvnemfqvywbnv/Build/Intermediates.noindex/Promises.build/Debug-iphonesimulator/FBLPromises.build/DerivedSources/resource_bundle_accessor.h -MMD -MT dependencies -MF /Users/nataliewhipps/Library/Developer/Xcode/DerivedData/Prompt28-cgmmkisguitsyibyvnemfqvywbnv/Build/Intermediates.noindex/Promises.build/Debug-iphonesimulator/FBLPromises.build/Objects-normal/x86_64/FBLPromiseError.d --serialize-diagnostics /Users/nataliewhipps/Library/Developer/Xcode/DerivedData/Prompt28-cgmmkisguitsyibyvnemfqvywbnv/Build/Intermediates.noindex/Promises.build/Debug-iphonesimulator/FBLPromises.build/Objects-normal/x86_64/FBLPromiseError.dia -c /Users/nataliewhipps/Library/Developer/Xcode/DerivedData/Prompt28-cgmmkisguitsyibyvnemfqvywbnv/SourcePackages/checkouts/promises/Sources/FBLPromises/FBLPromiseError.m -o /Users/nataliewhipps/Library/Developer/Xcode/DerivedData/Prompt28-cgmmkisguitsyibyvnemfqvywbnv/Build/Intermediates.noindex/Promises.build/Debug-iphonesimulator/FBLPromises.build/Objects-normal/x86_64/FBLPromiseError.o -index-unit-output-path /Promises.build/Debug-iphonesimulator/FBLPromises.build/Objects-normal/x86_64/FBLPromiseError.o

CompileC /Users/nataliewhipps/Library/Developer/Xcode/DerivedData/Prompt28-cgmmkisguitsyibyvnemfqvywbnv/Build/Intermediates.noindex/Promises.build/Debug-iphonesimulator/FBLPromises.build/Objects-normal/x86_64/FBLPromise.o /Users/nataliewhipps/Library/Developer/Xcode/DerivedData/Prompt28-cgmmkisguitsyibyvnemfqvywbnv/SourcePackages/checkouts/promises/Sources/FBLPromises/FBLPromise.m normal x86_64 objective-c com.apple.compilers.llvm.clang.1_0.compiler (in target 'FBLPromises' from project 'Promises')
    cd /Users/nataliewhipps/Desktop/Prompt28/Prompt28.xcodeproj
    
    Using response file: /Users/nataliewhipps/Library/Developer/Xcode/DerivedData/Prompt28-cgmmkisguitsyibyvnemfqvywbnv/Build/Intermediates.noindex/Promises.build/Debug-iphonesimulator/FBLPromises.build/Objects-normal/x86_64/e6072d4f65d7061329687fe24e3d63a7-common-args.resp
    
    /Applications/Xcode.app/Contents/Developer/Toolchains/XcodeDefault.xctoolchain/usr/bin/clang -x objective-c -ivfsstatcache /Users/nataliewhipps/Library/Developer/Xcode/DerivedData/SDKStatCaches.noindex/iphonesimulator26.2-23C57-7d00a8b37fbd7999ea79df8ebc024bf0.sdkstatcache -fmessage-length\=0 -fdiagnostics-show-note-include-stack -fmacro-backtrace-limit\=0 -fno-color-diagnostics -fmodules-prune-interval\=86400 -fmodules-prune-after\=345600 -fbuild-session-file\=/Users/nataliewhipps/Library/Developer/Xcode/DerivedData/ModuleCache.noindex/Session.modulevalidation -fmodules-validate-once-per-build-session -Wnon-modular-include-in-framework-module -Werror\=non-modular-include-in-framework-module -Wno-trigraphs -Wno-missing-field-initializers -Wno-missing-prototypes -Wno-return-type -Wno-implicit-atomic-properties -Wno-objc-interface-ivars -Wno-arc-repeated-use-of-weak -Wno-missing-braces -Wparentheses -Wswitch -Wno-unused-function -Wno-unused-label -Wno-unused-parameter -Wno-unused-variable -Wunused-value -Wno-empty-body -Wno-uninitialized -Wno-unknown-pragmas -w -Wno-shadow -Wno-four-char-constants -Wno-conversion -Wno-constant-conversion -Wno-int-conversion -Wno-bool-conversion -Wno-enum-conversion -Wno-float-conversion -Wno-non-literal-null-conversion -Wno-objc-literal-conversion -Wshorten-64-to-32 -Wpointer-sign -Wno-newline-eof -Wno-selector -Wno-strict-selector-match -Wno-undeclared-selector -Wno-deprecated-implementations -Wno-implicit-fallthrough -fstrict-aliasing -Wprotocol -Wdeprecated-declarations -Wno-sign-conversion -Wno-infinite-recursion -Wno-comma -Wno-block-capture-autoreleasing -Wno-strict-prototypes -Wno-semicolon-before-method-body -index-store-path /Users/nataliewhipps/Library/Developer/Xcode/DerivedData/Prompt28-cgmmkisguitsyibyvnemfqvywbnv/Index.noindex/DataStore @/Users/nataliewhipps/Library/Developer/Xcode/DerivedData/Prompt28-cgmmkisguitsyibyvnemfqvywbnv/Build/Intermediates.noindex/Promises.build/Debug-iphonesimulator/FBLPromises.build/Objects-normal/x86_64/e6072d4f65d7061329687fe24e3d63a7-common-args.resp -include /Users/nataliewhipps/Library/Developer/Xcode/DerivedData/Prompt28-cgmmkisguitsyibyvnemfqvywbnv/Build/Intermediates.noindex/Promises.build/Debug-iphonesimulator/FBLPromises.build/DerivedSources/resource_bundle_accessor.h -MMD -MT dependencies -MF /Users/nataliewhipps/Library/Developer/Xcode/DerivedData/Prompt28-cgmmkisguitsyibyvnemfqvywbnv/Build/Intermediates.noindex/Promises.build/Debug-iphonesimulator/FBLPromises.build/Objects-normal/x86_64/FBLPromise.d --serialize-diagnostics /Users/nataliewhipps/Library/Developer/Xcode/DerivedData/Prompt28-cgmmkisguitsyibyvnemfqvywbnv/Build/Intermediates.noindex/Promises.build/Debug-iphonesimulator/FBLPromises.build/Objects-normal/x86_64/FBLPromise.dia -c /Users/nataliewhipps/Library/Developer/Xcode/DerivedData/Prompt28-cgmmkisguitsyibyvnemfqvywbnv/SourcePackages/checkouts/promises/Sources/FBLPromises/FBLPromise.m -o /Users/nataliewhipps/Library/Developer/Xcode/DerivedData/Prompt28-cgmmkisguitsyibyvnemfqvywbnv/Build/Intermediates.noindex/Promises.build/Debug-iphonesimulator/FBLPromises.build/Objects-normal/x86_64/FBLPromise.o -index-unit-output-path /Promises.build/Debug-iphonesimulator/FBLPromises.build/Objects-normal/x86_64/FBLPromise.o

CompileC /Users/nataliewhipps/Library/Developer/Xcode/DerivedData/Prompt28-cgmmkisguitsyibyvnemfqvywbnv/Build/Intermediates.noindex/Promises.build/Debug-iphonesimulator/FBLPromises.build/Objects-normal/x86_64/FBLPromise+Wrap.o /Users/nataliewhipps/Library/Developer/Xcode/DerivedData/Prompt28-cgmmkisguitsyibyvnemfqvywbnv/SourcePackages/checkouts/promises/Sources/FBLPromises/FBLPromise+Wrap.m normal x86_64 objective-c com.apple.compilers.llvm.clang.1_0.compiler (in target 'FBLPromises' from project 'Promises')
    cd /Users/nataliewhipps/Desktop/Prompt28/Prompt28.xcodeproj
    
    Using response file: /Users/nataliewhipps/Library/Developer/Xcode/DerivedData/Prompt28-cgmmkisguitsyibyvnemfqvywbnv/Build/Intermediates.noindex/Promises.build/Debug-iphonesimulator/FBLPromises.build/Objects-normal/x86_64/e6072d4f65d7061329687fe24e3d63a7-common-args.resp
    
    /Applications/Xcode.app/Contents/Developer/Toolchains/XcodeDefault.xctoolchain/usr/bin/clang -x objective-c -ivfsstatcache /Users/nataliewhipps/Library/Developer/Xcode/DerivedData/SDKStatCaches.noindex/iphonesimulator26.2-23C57-7d00a8b37fbd7999ea79df8ebc024bf0.sdkstatcache -fmessage-length\=0 -fdiagnostics-show-note-include-stack -fmacro-backtrace-limit\=0 -fno-color-diagnostics -fmodules-prune-interval\=86400 -fmodules-prune-after\=345600 -fbuild-session-file\=/Users/nataliewhipps/Library/Developer/Xcode/DerivedData/ModuleCache.noindex/Session.modulevalidation -fmodules-validate-once-per-build-session -Wnon-modular-include-in-framework-module -Werror\=non-modular-include-in-framework-module -Wno-trigraphs -Wno-missing-field-initializers -Wno-missing-prototypes -Wno-return-type -Wno-implicit-atomic-properties -Wno-objc-interface-ivars -Wno-arc-repeated-use-of-weak -Wno-missing-braces -Wparentheses -Wswitch -Wno-unused-function -Wno-unused-label -Wno-unused-parameter -Wno-unused-variable -Wunused-value -Wno-empty-body -Wno-uninitialized -Wno-unknown-pragmas -w -Wno-shadow -Wno-four-char-constants -Wno-conversion -Wno-constant-conversion -Wno-int-conversion -Wno-bool-conversion -Wno-enum-conversion -Wno-float-conversion -Wno-non-literal-null-conversion -Wno-objc-literal-conversion -Wshorten-64-to-32 -Wpointer-sign -Wno-newline-eof -Wno-selector -Wno-strict-selector-match -Wno-undeclared-selector -Wno-deprecated-implementations -Wno-implicit-fallthrough -fstrict-aliasing -Wprotocol -Wdeprecated-declarations -Wno-sign-conversion -Wno-infinite-recursion -Wno-comma -Wno-block-capture-autoreleasing -Wno-strict-prototypes -Wno-semicolon-before-method-body -index-store-path /Users/nataliewhipps/Library/Developer/Xcode/DerivedData/Prompt28-cgmmkisguitsyibyvnemfqvywbnv/Index.noindex/DataStore @/Users/nataliewhipps/Library/Developer/Xcode/DerivedData/Prompt28-cgmmkisguitsyibyvnemfqvywbnv/Build/Intermediates.noindex/Promises.build/Debug-iphonesimulator/FBLPromises.build/Objects-normal/x86_64/e6072d4f65d7061329687fe24e3d63a7-common-args.resp -include /Users/nataliewhipps/Library/Developer/Xcode/DerivedData/Prompt28-cgmmkisguitsyibyvnemfqvywbnv/Build/Intermediates.noindex/Promises.build/Debug-iphonesimulator/FBLPromises.build/DerivedSources/resource_bundle_accessor.h -MMD -MT dependencies -MF /Users/nataliewhipps/Library/Developer/Xcode/DerivedData/Prompt28-cgmmkisguitsyibyvnemfqvywbnv/Build/Intermediates.noindex/Promises.build/Debug-iphonesimulator/FBLPromises.build/Objects-normal/x86_64/FBLPromise+Wrap.d --serialize-diagnostics /Users/nataliewhipps/Library/Developer/Xcode/DerivedData/Prompt28-cgmmkisguitsyibyvnemfqvywbnv/Build/Intermediates.noindex/Promises.build/Debug-iphonesimulator/FBLPromises.build/Objects-normal/x86_64/FBLPromise+Wrap.dia -c /Users/nataliewhipps/Library/Developer/Xcode/DerivedData/Prompt28-cgmmkisguitsyibyvnemfqvywbnv/SourcePackages/checkouts/promises/Sources/FBLPromises/FBLPromise+Wrap.m -o /Users/nataliewhipps/Library/Developer/Xcode/DerivedData/Prompt28-cgmmkisguitsyibyvnemfqvywbnv/Build/Intermediates.noindex/Promises.build/Debug-iphonesimulator/FBLPromises.build/Objects-normal/x86_64/FBLPromise+Wrap.o -index-unit-output-path /Promises.build/Debug-iphonesimulator/FBLPromises.build/Objects-normal/x86_64/FBLPromise+Wrap.o

CompileC /Users/nataliewhipps/Library/Developer/Xcode/DerivedData/Prompt28-cgmmkisguitsyibyvnemfqvywbnv/Build/Intermediates.noindex/GoogleUtilities.build/Debug-iphonesimulator/GoogleUtilities-Environment.build/Objects-normal/x86_64/GULKeychainStorage.o /Users/nataliewhipps/Library/Developer/Xcode/DerivedData/Prompt28-cgmmkisguitsyibyvnemfqvywbnv/SourcePackages/checkouts/GoogleUtilities/GoogleUtilities/Environment/SecureStorage/GULKeychainStorage.m normal x86_64 objective-c com.apple.compilers.llvm.clang.1_0.compiler (in target 'GoogleUtilities-Environment' from project 'GoogleUtilities')
    cd /Users/nataliewhipps/Desktop/Prompt28/Prompt28.xcodeproj
    
    Using response file: /Users/nataliewhipps/Library/Developer/Xcode/DerivedData/Prompt28-cgmmkisguitsyibyvnemfqvywbnv/Build/Intermediates.noindex/GoogleUtilities.build/Debug-iphonesimulator/GoogleUtilities-Environment.build/Objects-normal/x86_64/e6072d4f65d7061329687fe24e3d63a7-common-args.resp
    
    /Applications/Xcode.app/Contents/Developer/Toolchains/XcodeDefault.xctoolchain/usr/bin/clang -x objective-c -ivfsstatcache /Users/nataliewhipps/Library/Developer/Xcode/DerivedData/SDKStatCaches.noindex/iphonesimulator26.2-23C57-7d00a8b37fbd7999ea79df8ebc024bf0.sdkstatcache -fmessage-length\=0 -fdiagnostics-show-note-include-stack -fmacro-backtrace-limit\=0 -fno-color-diagnostics -fmodules-prune-interval\=86400 -fmodules-prune-after\=345600 -fbuild-session-file\=/Users/nataliewhipps/Library/Developer/Xcode/DerivedData/ModuleCache.noindex/Session.modulevalidation -fmodules-validate-once-per-build-session -Wnon-modular-include-in-framework-module -Werror\=non-modular-include-in-framework-module -Wno-trigraphs -Wno-missing-field-initializers -Wno-missing-prototypes -Wno-return-type -Wno-implicit-atomic-properties -Wno-objc-interface-ivars -Wno-arc-repeated-use-of-weak -Wno-missing-braces -Wparentheses -Wswitch -Wno-unused-function -Wno-unused-label -Wno-unused-parameter -Wno-unused-variable -Wunused-value -Wno-empty-body -Wno-uninitialized -Wno-unknown-pragmas -w -Wno-shadow -Wno-four-char-constants -Wno-conversion -Wno-constant-conversion -Wno-int-conversion -Wno-bool-conversion -Wno-enum-conversion -Wno-float-conversion -Wno-non-literal-null-conversion -Wno-objc-literal-conversion -Wshorten-64-to-32 -Wpointer-sign -Wno-newline-eof -Wno-selector -Wno-strict-selector-match -Wno-undeclared-selector -Wno-deprecated-implementations -Wno-implicit-fallthrough -fstrict-aliasing -Wprotocol -Wdeprecated-declarations -Wno-sign-conversion -Wno-infinite-recursion -Wno-comma -Wno-block-capture-autoreleasing -Wno-strict-prototypes -Wno-semicolon-before-method-body -index-store-path /Users/nataliewhipps/Library/Developer/Xcode/DerivedData/Prompt28-cgmmkisguitsyibyvnemfqvywbnv/Index.noindex/DataStore @/Users/nataliewhipps/Library/Developer/Xcode/DerivedData/Prompt28-cgmmkisguitsyibyvnemfqvywbnv/Build/Intermediates.noindex/GoogleUtilities.build/Debug-iphonesimulator/GoogleUtilities-Environment.build/Objects-normal/x86_64/e6072d4f65d7061329687fe24e3d63a7-common-args.resp -include /Users/nataliewhipps/Library/Developer/Xcode/DerivedData/Prompt28-cgmmkisguitsyibyvnemfqvywbnv/Build/Intermediates.noindex/GoogleUtilities.build/Debug-iphonesimulator/GoogleUtilities-Environment.build/DerivedSources/resource_bundle_accessor.h -MMD -MT dependencies -MF /Users/nataliewhipps/Library/Developer/Xcode/DerivedData/Prompt28-cgmmkisguitsyibyvnemfqvywbnv/Build/Intermediates.noindex/GoogleUtilities.build/Debug-iphonesimulator/GoogleUtilities-Environment.build/Objects-normal/x86_64/GULKeychainStorage.d --serialize-diagnostics /Users/nataliewhipps/Library/Developer/Xcode/DerivedData/Prompt28-cgmmkisguitsyibyvnemfqvywbnv/Build/Intermediates.noindex/GoogleUtilities.build/Debug-iphonesimulator/GoogleUtilities-Environment.build/Objects-normal/x86_64/GULKeychainStorage.dia -c /Users/nataliewhipps/Library/Developer/Xcode/DerivedData/Prompt28-cgmmkisguitsyibyvnemfqvywbnv/SourcePackages/checkouts/GoogleUtilities/GoogleUtilities/Environment/SecureStorage/GULKeychainStorage.m -o /Users/nataliewhipps/Library/Developer/Xcode/DerivedData/Prompt28-cgmmkisguitsyibyvnemfqvywbnv/Build/Intermediates.noindex/GoogleUtilities.build/Debug-iphonesimulator/GoogleUtilities-Environment.build/Objects-normal/x86_64/GULKeychainStorage.o -index-unit-output-path /GoogleUtilities.build/Debug-iphonesimulator/GoogleUtilities-Environment.build/Objects-normal/x86_64/GULKeychainStorage.o

CompileC /Users/nataliewhipps/Library/Developer/Xcode/DerivedData/Prompt28-cgmmkisguitsyibyvnemfqvywbnv/Build/Intermediates.noindex/GoogleUtilities.build/Debug-iphonesimulator/GoogleUtilities-UserDefaults.build/Objects-normal/x86_64/resource_bundle_accessor.o /Users/nataliewhipps/Library/Developer/Xcode/DerivedData/Prompt28-cgmmkisguitsyibyvnemfqvywbnv/Build/Intermediates.noindex/GoogleUtilities.build/Debug-iphonesimulator/GoogleUtilities-UserDefaults.build/DerivedSources/resource_bundle_accessor.m normal x86_64 objective-c com.apple.compilers.llvm.clang.1_0.compiler (in target 'GoogleUtilities-UserDefaults' from project 'GoogleUtilities')
    cd /Users/nataliewhipps/Desktop/Prompt28/Prompt28.xcodeproj
    
    Using response file: /Users/nataliewhipps/Library/Developer/Xcode/DerivedData/Prompt28-cgmmkisguitsyibyvnemfqvywbnv/Build/Intermediates.noindex/GoogleUtilities.build/Debug-iphonesimulator/GoogleUtilities-UserDefaults.build/Objects-normal/x86_64/e6072d4f65d7061329687fe24e3d63a7-common-args.resp
    
    /Applications/Xcode.app/Contents/Developer/Toolchains/XcodeDefault.xctoolchain/usr/bin/clang -x objective-c -ivfsstatcache /Users/nataliewhipps/Library/Developer/Xcode/DerivedData/SDKStatCaches.noindex/iphonesimulator26.2-23C57-7d00a8b37fbd7999ea79df8ebc024bf0.sdkstatcache -fmessage-length\=0 -fdiagnostics-show-note-include-stack -fmacro-backtrace-limit\=0 -fno-color-diagnostics -fmodules-prune-interval\=86400 -fmodules-prune-after\=345600 -fbuild-session-file\=/Users/nataliewhipps/Library/Developer/Xcode/DerivedData/ModuleCache.noindex/Session.modulevalidation -fmodules-validate-once-per-build-session -Wnon-modular-include-in-framework-module -Werror\=non-modular-include-in-framework-module -Wno-trigraphs -Wno-missing-field-initializers -Wno-missing-prototypes -Wno-return-type -Wno-implicit-atomic-properties -Wno-objc-interface-ivars -Wno-arc-repeated-use-of-weak -Wno-missing-braces -Wparentheses -Wswitch -Wno-unused-function -Wno-unused-label -Wno-unused-parameter -Wno-unused-variable -Wunused-value -Wno-empty-body -Wno-uninitialized -Wno-unknown-pragmas -w -Wno-shadow -Wno-four-char-constants -Wno-conversion -Wno-constant-conversion -Wno-int-conversion -Wno-bool-conversion -Wno-enum-conversion -Wno-float-conversion -Wno-non-literal-null-conversion -Wno-objc-literal-conversion -Wshorten-64-to-32 -Wpointer-sign -Wno-newline-eof -Wno-selector -Wno-strict-selector-match -Wno-undeclared-selector -Wno-deprecated-implementations -Wno-implicit-fallthrough -fstrict-aliasing -Wprotocol -Wdeprecated-declarations -Wno-sign-conversion -Wno-infinite-recursion -Wno-comma -Wno-block-capture-autoreleasing -Wno-strict-prototypes -Wno-semicolon-before-method-body -index-store-path /Users/nataliewhipps/Library/Developer/Xcode/DerivedData/Prompt28-cgmmkisguitsyibyvnemfqvywbnv/Index.noindex/DataStore @/Users/nataliewhipps/Library/Developer/Xcode/DerivedData/Prompt28-cgmmkisguitsyibyvnemfqvywbnv/Build/Intermediates.noindex/GoogleUtilities.build/Debug-iphonesimulator/GoogleUtilities-UserDefaults.build/Objects-normal/x86_64/e6072d4f65d7061329687fe24e3d63a7-common-args.resp -include /Users/nataliewhipps/Library/Developer/Xcode/DerivedData/Prompt28-cgmmkisguitsyibyvnemfqvywbnv/Build/Intermediates.noindex/GoogleUtilities.build/Debug-iphonesimulator/GoogleUtilities-UserDefaults.build/DerivedSources/resource_bundle_accessor.h -MMD -MT dependencies -MF /Users/nataliewhipps/Library/Developer/Xcode/DerivedData/Prompt28-cgmmkisguitsyibyvnemfqvywbnv/Build/Intermediates.noindex/GoogleUtilities.build/Debug-iphonesimulator/GoogleUtilities-UserDefaults.build/Objects-normal/x86_64/resource_bundle_accessor.d --serialize-diagnostics /Users/nataliewhipps/Library/Developer/Xcode/DerivedData/Prompt28-cgmmkisguitsyibyvnemfqvywbnv/Build/Intermediates.noindex/GoogleUtilities.build/Debug-iphonesimulator/GoogleUtilities-UserDefaults.build/Objects-normal/x86_64/resource_bundle_accessor.dia -c /Users/nataliewhipps/Library/Developer/Xcode/DerivedData/Prompt28-cgmmkisguitsyibyvnemfqvywbnv/Build/Intermediates.noindex/GoogleUtilities.build/Debug-iphonesimulator/GoogleUtilities-UserDefaults.build/DerivedSources/resource_bundle_accessor.m -o /Users/nataliewhipps/Library/Developer/Xcode/DerivedData/Prompt28-cgmmkisguitsyibyvnemfqvywbnv/Build/Intermediates.noindex/GoogleUtilities.build/Debug-iphonesimulator/GoogleUtilities-UserDefaults.build/Objects-normal/x86_64/resource_bundle_accessor.o -index-unit-output-path /GoogleUtilities.build/Debug-iphonesimulator/GoogleUtilities-UserDefaults.build/Objects-normal/x86_64/resource_bundle_accessor.o

CompileC /Users/nataliewhipps/Library/Developer/Xcode/DerivedData/Prompt28-cgmmkisguitsyibyvnemfqvywbnv/Build/Intermediates.noindex/GoogleUtilities.build/Debug-iphonesimulator/GoogleUtilities-Logger.build/Objects-normal/x86_64/resource_bundle_accessor.o /Users/nataliewhipps/Library/Developer/Xcode/DerivedData/Prompt28-cgmmkisguitsyibyvnemfqvywbnv/Build/Intermediates.noindex/GoogleUtilities.build/Debug-iphonesimulator/GoogleUtilities-Logger.build/DerivedSources/resource_bundle_accessor.m normal x86_64 objective-c com.apple.compilers.llvm.clang.1_0.compiler (in target 'GoogleUtilities-Logger' from project 'GoogleUtilities')
    cd /Users/nataliewhipps/Desktop/Prompt28/Prompt28.xcodeproj
    
    Using response file: /Users/nataliewhipps/Library/Developer/Xcode/DerivedData/Prompt28-cgmmkisguitsyibyvnemfqvywbnv/Build/Intermediates.noindex/GoogleUtilities.build/Debug-iphonesimulator/GoogleUtilities-Logger.build/Objects-normal/x86_64/e6072d4f65d7061329687fe24e3d63a7-common-args.resp
    
    /Applications/Xcode.app/Contents/Developer/Toolchains/XcodeDefault.xctoolchain/usr/bin/clang -x objective-c -ivfsstatcache /Users/nataliewhipps/Library/Developer/Xcode/DerivedData/SDKStatCaches.noindex/iphonesimulator26.2-23C57-7d00a8b37fbd7999ea79df8ebc024bf0.sdkstatcache -fmessage-length\=0 -fdiagnostics-show-note-include-stack -fmacro-backtrace-limit\=0 -fno-color-diagnostics -fmodules-prune-interval\=86400 -fmodules-prune-after\=345600 -fbuild-session-file\=/Users/nataliewhipps/Library/Developer/Xcode/DerivedData/ModuleCache.noindex/Session.modulevalidation -fmodules-validate-once-per-build-session -Wnon-modular-include-in-framework-module -Werror\=non-modular-include-in-framework-module -Wno-trigraphs -Wno-missing-field-initializers -Wno-missing-prototypes -Wno-return-type -Wno-implicit-atomic-properties -Wno-objc-interface-ivars -Wno-arc-repeated-use-of-weak -Wno-missing-braces -Wparentheses -Wswitch -Wno-unused-function -Wno-unused-label -Wno-unused-parameter -Wno-unused-variable -Wunused-value -Wno-empty-body -Wno-uninitialized -Wno-unknown-pragmas -w -Wno-shadow -Wno-four-char-constants -Wno-conversion -Wno-constant-conversion -Wno-int-conversion -Wno-bool-conversion -Wno-enum-conversion -Wno-float-conversion -Wno-non-literal-null-conversion -Wno-objc-literal-conversion -Wshorten-64-to-32 -Wpointer-sign -Wno-newline-eof -Wno-selector -Wno-strict-selector-match -Wno-undeclared-selector -Wno-deprecated-implementations -Wno-implicit-fallthrough -fstrict-aliasing -Wprotocol -Wdeprecated-declarations -Wno-sign-conversion -Wno-infinite-recursion -Wno-comma -Wno-block-capture-autoreleasing -Wno-strict-prototypes -Wno-semicolon-before-method-body -index-store-path /Users/nataliewhipps/Library/Developer/Xcode/DerivedData/Prompt28-cgmmkisguitsyibyvnemfqvywbnv/Index.noindex/DataStore @/Users/nataliewhipps/Library/Developer/Xcode/DerivedData/Prompt28-cgmmkisguitsyibyvnemfqvywbnv/Build/Intermediates.noindex/GoogleUtilities.build/Debug-iphonesimulator/GoogleUtilities-Logger.build/Objects-normal/x86_64/e6072d4f65d7061329687fe24e3d63a7-common-args.resp -include /Users/nataliewhipps/Library/Developer/Xcode/DerivedData/Prompt28-cgmmkisguitsyibyvnemfqvywbnv/Build/Intermediates.noindex/GoogleUtilities.build/Debug-iphonesimulator/GoogleUtilities-Logger.build/DerivedSources/resource_bundle_accessor.h -MMD -MT dependencies -MF /Users/nataliewhipps/Library/Developer/Xcode/DerivedData/Prompt28-cgmmkisguitsyibyvnemfqvywbnv/Build/Intermediates.noindex/GoogleUtilities.build/Debug-iphonesimulator/GoogleUtilities-Logger.build/Objects-normal/x86_64/resource_bundle_accessor.d --serialize-diagnostics /Users/nataliewhipps/Library/Developer/Xcode/DerivedData/Prompt28-cgmmkisguitsyibyvnemfqvywbnv/Build/Intermediates.noindex/GoogleUtilities.build/Debug-iphonesimulator/GoogleUtilities-Logger.build/Objects-normal/x86_64/resource_bundle_accessor.dia -c /Users/nataliewhipps/Library/Developer/Xcode/DerivedData/Prompt28-cgmmkisguitsyibyvnemfqvywbnv/Build/Intermediates.noindex/GoogleUtilities.build/Debug-iphonesimulator/GoogleUtilities-Logger.build/DerivedSources/resource_bundle_accessor.m -o /Users/nataliewhipps/Library/Developer/Xcode/DerivedData/Prompt28-cgmmkisguitsyibyvnemfqvywbnv/Build/Intermediates.noindex/GoogleUtilities.build/Debug-iphonesimulator/GoogleUtilities-Logger.build/Objects-normal/x86_64/resource_bundle_accessor.o -index-unit-output-path /GoogleUtilities.build/Debug-iphonesimulator/GoogleUtilities-Logger.build/Objects-normal/x86_64/resource_bundle_accessor.o

CompileC /Users/nataliewhipps/Library/Developer/Xcode/DerivedData/Prompt28-cgmmkisguitsyibyvnemfqvywbnv/Build/Intermediates.noindex/GoogleUtilities.build/Debug-iphonesimulator/GoogleUtilities-Environment.build/Objects-normal/x86_64/resource_bundle_accessor.o /Users/nataliewhipps/Library/Developer/Xcode/DerivedData/Prompt28-cgmmkisguitsyibyvnemfqvywbnv/Build/Intermediates.noindex/GoogleUtilities.build/Debug-iphonesimulator/GoogleUtilities-Environment.build/DerivedSources/resource_bundle_accessor.m normal x86_64 objective-c com.apple.compilers.llvm.clang.1_0.compiler (in target 'GoogleUtilities-Environment' from project 'GoogleUtilities')
    cd /Users/nataliewhipps/Desktop/Prompt28/Prompt28.xcodeproj
    
    Using response file: /Users/nataliewhipps/Library/Developer/Xcode/DerivedData/Prompt28-cgmmkisguitsyibyvnemfqvywbnv/Build/Intermediates.noindex/GoogleUtilities.build/Debug-iphonesimulator/GoogleUtilities-Environment.build/Objects-normal/x86_64/e6072d4f65d7061329687fe24e3d63a7-common-args.resp
    
    /Applications/Xcode.app/Contents/Developer/Toolchains/XcodeDefault.xctoolchain/usr/bin/clang -x objective-c -ivfsstatcache /Users/nataliewhipps/Library/Developer/Xcode/DerivedData/SDKStatCaches.noindex/iphonesimulator26.2-23C57-7d00a8b37fbd7999ea79df8ebc024bf0.sdkstatcache -fmessage-length\=0 -fdiagnostics-show-note-include-stack -fmacro-backtrace-limit\=0 -fno-color-diagnostics -fmodules-prune-interval\=86400 -fmodules-prune-after\=345600 -fbuild-session-file\=/Users/nataliewhipps/Library/Developer/Xcode/DerivedData/ModuleCache.noindex/Session.modulevalidation -fmodules-validate-once-per-build-session -Wnon-modular-include-in-framework-module -Werror\=non-modular-include-in-framework-module -Wno-trigraphs -Wno-missing-field-initializers -Wno-missing-prototypes -Wno-return-type -Wno-implicit-atomic-properties -Wno-objc-interface-ivars -Wno-arc-repeated-use-of-weak -Wno-missing-braces -Wparentheses -Wswitch -Wno-unused-function -Wno-unused-label -Wno-unused-parameter -Wno-unused-variable -Wunused-value -Wno-empty-body -Wno-uninitialized -Wno-unknown-pragmas -w -Wno-shadow -Wno-four-char-constants -Wno-conversion -Wno-constant-conversion -Wno-int-conversion -Wno-bool-conversion -Wno-enum-conversion -Wno-float-conversion -Wno-non-literal-null-conversion -Wno-objc-literal-conversion -Wshorten-64-to-32 -Wpointer-sign -Wno-newline-eof -Wno-selector -Wno-strict-selector-match -Wno-undeclared-selector -Wno-deprecated-implementations -Wno-implicit-fallthrough -fstrict-aliasing -Wprotocol -Wdeprecated-declarations -Wno-sign-conversion -Wno-infinite-recursion -Wno-comma -Wno-block-capture-autoreleasing -Wno-strict-prototypes -Wno-semicolon-before-method-body -index-store-path /Users/nataliewhipps/Library/Developer/Xcode/DerivedData/Prompt28-cgmmkisguitsyibyvnemfqvywbnv/Index.noindex/DataStore @/Users/nataliewhipps/Library/Developer/Xcode/DerivedData/Prompt28-cgmmkisguitsyibyvnemfqvywbnv/Build/Intermediates.noindex/GoogleUtilities.build/Debug-iphonesimulator/GoogleUtilities-Environment.build/Objects-normal/x86_64/e6072d4f65d7061329687fe24e3d63a7-common-args.resp -include /Users/nataliewhipps/Library/Developer/Xcode/DerivedData/Prompt28-cgmmkisguitsyibyvnemfqvywbnv/Build/Intermediates.noindex/GoogleUtilities.build/Debug-iphonesimulator/GoogleUtilities-Environment.build/DerivedSources/resource_bundle_accessor.h -MMD -MT dependencies -MF /Users/nataliewhipps/Library/Developer/Xcode/DerivedData/Prompt28-cgmmkisguitsyibyvnemfqvywbnv/Build/Intermediates.noindex/GoogleUtilities.build/Debug-iphonesimulator/GoogleUtilities-Environment.build/Objects-normal/x86_64/resource_bundle_accessor.d --serialize-diagnostics /Users/nataliewhipps/Library/Developer/Xcode/DerivedData/Prompt28-cgmmkisguitsyibyvnemfqvywbnv/Build/Intermediates.noindex/GoogleUtilities.build/Debug-iphonesimulator/GoogleUtilities-Environment.build/Objects-normal/x86_64/resource_bundle_accessor.dia -c /Users/nataliewhipps/Library/Developer/Xcode/DerivedData/Prompt28-cgmmkisguitsyibyvnemfqvywbnv/Build/Intermediates.noindex/GoogleUtilities.build/Debug-iphonesimulator/GoogleUtilities-Environment.build/DerivedSources/resource_bundle_accessor.m -o /Users/nataliewhipps/Library/Developer/Xcode/DerivedData/Prompt28-cgmmkisguitsyibyvnemfqvywbnv/Build/Intermediates.noindex/GoogleUtilities.build/Debug-iphonesimulator/GoogleUtilities-Environment.build/Objects-normal/x86_64/resource_bundle_accessor.o -index-unit-output-path /GoogleUtilities.build/Debug-iphonesimulator/GoogleUtilities-Environment.build/Objects-normal/x86_64/resource_bundle_accessor.o

CompileC /Users/nataliewhipps/Library/Developer/Xcode/DerivedData/Prompt28-cgmmkisguitsyibyvnemfqvywbnv/Build/Intermediates.noindex/GoogleUtilities.build/Debug-iphonesimulator/GoogleUtilities-Environment.build/Objects-normal/x86_64/GULKeychainUtils.o /Users/nataliewhipps/Library/Developer/Xcode/DerivedData/Prompt28-cgmmkisguitsyibyvnemfqvywbnv/SourcePackages/checkouts/GoogleUtilities/GoogleUtilities/Environment/SecureStorage/GULKeychainUtils.m normal x86_64 objective-c com.apple.compilers.llvm.clang.1_0.compiler (in target 'GoogleUtilities-Environment' from project 'GoogleUtilities')
    cd /Users/nataliewhipps/Desktop/Prompt28/Prompt28.xcodeproj
    
    Using response file: /Users/nataliewhipps/Library/Developer/Xcode/DerivedData/Prompt28-cgmmkisguitsyibyvnemfqvywbnv/Build/Intermediates.noindex/GoogleUtilities.build/Debug-iphonesimulator/GoogleUtilities-Environment.build/Objects-normal/x86_64/e6072d4f65d7061329687fe24e3d63a7-common-args.resp
    
    /Applications/Xcode.app/Contents/Developer/Toolchains/XcodeDefault.xctoolchain/usr/bin/clang -x objective-c -ivfsstatcache /Users/nataliewhipps/Library/Developer/Xcode/DerivedData/SDKStatCaches.noindex/iphonesimulator26.2-23C57-7d00a8b37fbd7999ea79df8ebc024bf0.sdkstatcache -fmessage-length\=0 -fdiagnostics-show-note-include-stack -fmacro-backtrace-limit\=0 -fno-color-diagnostics -fmodules-prune-interval\=86400 -fmodules-prune-after\=345600 -fbuild-session-file\=/Users/nataliewhipps/Library/Developer/Xcode/DerivedData/ModuleCache.noindex/Session.modulevalidation -fmodules-validate-once-per-build-session -Wnon-modular-include-in-framework-module -Werror\=non-modular-include-in-framework-module -Wno-trigraphs -Wno-missing-field-initializers -Wno-missing-prototypes -Wno-return-type -Wno-implicit-atomic-properties -Wno-objc-interface-ivars -Wno-arc-repeated-use-of-weak -Wno-missing-braces -Wparentheses -Wswitch -Wno-unused-function -Wno-unused-label -Wno-unused-parameter -Wno-unused-variable -Wunused-value -Wno-empty-body -Wno-uninitialized -Wno-unknown-pragmas -w -Wno-shadow -Wno-four-char-constants -Wno-conversion -Wno-constant-conversion -Wno-int-conversion -Wno-bool-conversion -Wno-enum-conversion -Wno-float-conversion -Wno-non-literal-null-conversion -Wno-objc-literal-conversion -Wshorten-64-to-32 -Wpointer-sign -Wno-newline-eof -Wno-selector -Wno-strict-selector-match -Wno-undeclared-selector -Wno-deprecated-implementations -Wno-implicit-fallthrough -fstrict-aliasing -Wprotocol -Wdeprecated-declarations -Wno-sign-conversion -Wno-infinite-recursion -Wno-comma -Wno-block-capture-autoreleasing -Wno-strict-prototypes -Wno-semicolon-before-method-body -index-store-path /Users/nataliewhipps/Library/Developer/Xcode/DerivedData/Prompt28-cgmmkisguitsyibyvnemfqvywbnv/Index.noindex/DataStore @/Users/nataliewhipps/Library/Developer/Xcode/DerivedData/Prompt28-cgmmkisguitsyibyvnemfqvywbnv/Build/Intermediates.noindex/GoogleUtilities.build/Debug-iphonesimulator/GoogleUtilities-Environment.build/Objects-normal/x86_64/e6072d4f65d7061329687fe24e3d63a7-common-args.resp -include /Users/nataliewhipps/Library/Developer/Xcode/DerivedData/Prompt28-cgmmkisguitsyibyvnemfqvywbnv/Build/Intermediates.noindex/GoogleUtilities.build/Debug-iphonesimulator/GoogleUtilities-Environment.build/DerivedSources/resource_bundle_accessor.h -MMD -MT dependencies -MF /Users/nataliewhipps/Library/Developer/Xcode/DerivedData/Prompt28-cgmmkisguitsyibyvnemfqvywbnv/Build/Intermediates.noindex/GoogleUtilities.build/Debug-iphonesimulator/GoogleUtilities-Environment.build/Objects-normal/x86_64/GULKeychainUtils.d --serialize-diagnostics /Users/nataliewhipps/Library/Developer/Xcode/DerivedData/Prompt28-cgmmkisguitsyibyvnemfqvywbnv/Build/Intermediates.noindex/GoogleUtilities.build/Debug-iphonesimulator/GoogleUtilities-Environment.build/Objects-normal/x86_64/GULKeychainUtils.dia -c /Users/nataliewhipps/Library/Developer/Xcode/DerivedData/Prompt28-cgmmkisguitsyibyvnemfqvywbnv/SourcePackages/checkouts/GoogleUtilities/GoogleUtilities/Environment/SecureStorage/GULKeychainUtils.m -o /Users/nataliewhipps/Library/Developer/Xcode/DerivedData/Prompt28-cgmmkisguitsyibyvnemfqvywbnv/Build/Intermediates.noindex/GoogleUtilities.build/Debug-iphonesimulator/GoogleUtilities-Environment.build/Objects-normal/x86_64/GULKeychainUtils.o -index-unit-output-path /GoogleUtilities.build/Debug-iphonesimulator/GoogleUtilities-Environment.build/Objects-normal/x86_64/GULKeychainUtils.o

CompileC /Users/nataliewhipps/Library/Developer/Xcode/DerivedData/Prompt28-cgmmkisguitsyibyvnemfqvywbnv/Build/Intermediates.noindex/Promises.build/Debug-iphonesimulator/FBLPromises.build/Objects-normal/x86_64/FBLPromise+Validate.o /Users/nataliewhipps/Library/Developer/Xcode/DerivedData/Prompt28-cgmmkisguitsyibyvnemfqvywbnv/SourcePackages/checkouts/promises/Sources/FBLPromises/FBLPromise+Validate.m normal x86_64 objective-c com.apple.compilers.llvm.clang.1_0.compiler (in target 'FBLPromises' from project 'Promises')
    cd /Users/nataliewhipps/Desktop/Prompt28/Prompt28.xcodeproj
    
    Using response file: /Users/nataliewhipps/Library/Developer/Xcode/DerivedData/Prompt28-cgmmkisguitsyibyvnemfqvywbnv/Build/Intermediates.noindex/Promises.build/Debug-iphonesimulator/FBLPromises.build/Objects-normal/x86_64/e6072d4f65d7061329687fe24e3d63a7-common-args.resp
    
    /Applications/Xcode.app/Contents/Developer/Toolchains/XcodeDefault.xctoolchain/usr/bin/clang -x objective-c -ivfsstatcache /Users/nataliewhipps/Library/Developer/Xcode/DerivedData/SDKStatCaches.noindex/iphonesimulator26.2-23C57-7d00a8b37fbd7999ea79df8ebc024bf0.sdkstatcache -fmessage-length\=0 -fdiagnostics-show-note-include-stack -fmacro-backtrace-limit\=0 -fno-color-diagnostics -fmodules-prune-interval\=86400 -fmodules-prune-after\=345600 -fbuild-session-file\=/Users/nataliewhipps/Library/Developer/Xcode/DerivedData/ModuleCache.noindex/Session.modulevalidation -fmodules-validate-once-per-build-session -Wnon-modular-include-in-framework-module -Werror\=non-modular-include-in-framework-module -Wno-trigraphs -Wno-missing-field-initializers -Wno-missing-prototypes -Wno-return-type -Wno-implicit-atomic-properties -Wno-objc-interface-ivars -Wno-arc-repeated-use-of-weak -Wno-missing-braces -Wparentheses -Wswitch -Wno-unused-function -Wno-unused-label -Wno-unused-parameter -Wno-unused-variable -Wunused-value -Wno-empty-body -Wno-uninitialized -Wno-unknown-pragmas -w -Wno-shadow -Wno-four-char-constants -Wno-conversion -Wno-constant-conversion -Wno-int-conversion -Wno-bool-conversion -Wno-enum-conversion -Wno-float-conversion -Wno-non-literal-null-conversion -Wno-objc-literal-conversion -Wshorten-64-to-32 -Wpointer-sign -Wno-newline-eof -Wno-selector -Wno-strict-selector-match -Wno-undeclared-selector -Wno-deprecated-implementations -Wno-implicit-fallthrough -fstrict-aliasing -Wprotocol -Wdeprecated-declarations -Wno-sign-conversion -Wno-infinite-recursion -Wno-comma -Wno-block-capture-autoreleasing -Wno-strict-prototypes -Wno-semicolon-before-method-body -index-store-path /Users/nataliewhipps/Library/Developer/Xcode/DerivedData/Prompt28-cgmmkisguitsyibyvnemfqvywbnv/Index.noindex/DataStore @/Users/nataliewhipps/Library/Developer/Xcode/DerivedData/Prompt28-cgmmkisguitsyibyvnemfqvywbnv/Build/Intermediates.noindex/Promises.build/Debug-iphonesimulator/FBLPromises.build/Objects-normal/x86_64/e6072d4f65d7061329687fe24e3d63a7-common-args.resp -include /Users/nataliewhipps/Library/Developer/Xcode/DerivedData/Prompt28-cgmmkisguitsyibyvnemfqvywbnv/Build/Intermediates.noindex/Promises.build/Debug-iphonesimulator/FBLPromises.build/DerivedSources/resource_bundle_accessor.h -MMD -MT dependencies -MF /Users/nataliewhipps/Library/Developer/Xcode/DerivedData/Prompt28-cgmmkisguitsyibyvnemfqvywbnv/Build/Intermediates.noindex/Promises.build/Debug-iphonesimulator/FBLPromises.build/Objects-normal/x86_64/FBLPromise+Validate.d --serialize-diagnostics /Users/nataliewhipps/Library/Developer/Xcode/DerivedData/Prompt28-cgmmkisguitsyibyvnemfqvywbnv/Build/Intermediates.noindex/Promises.build/Debug-iphonesimulator/FBLPromises.build/Objects-normal/x86_64/FBLPromise+Validate.dia -c /Users/nataliewhipps/Library/Developer/Xcode/DerivedData/Prompt28-cgmmkisguitsyibyvnemfqvywbnv/SourcePackages/checkouts/promises/Sources/FBLPromises/FBLPromise+Validate.m -o /Users/nataliewhipps/Library/Developer/Xcode/DerivedData/Prompt28-cgmmkisguitsyibyvnemfqvywbnv/Build/Intermediates.noindex/Promises.build/Debug-iphonesimulator/FBLPromises.build/Objects-normal/x86_64/FBLPromise+Validate.o -index-unit-output-path /Promises.build/Debug-iphonesimulator/FBLPromises.build/Objects-normal/x86_64/FBLPromise+Validate.o

CompileC /Users/nataliewhipps/Library/Developer/Xcode/DerivedData/Prompt28-cgmmkisguitsyibyvnemfqvywbnv/Build/Intermediates.noindex/Promises.build/Debug-iphonesimulator/FBLPromises.build/Objects-normal/x86_64/FBLPromise+Timeout.o /Users/nataliewhipps/Library/Developer/Xcode/DerivedData/Prompt28-cgmmkisguitsyibyvnemfqvywbnv/SourcePackages/checkouts/promises/Sources/FBLPromises/FBLPromise+Timeout.m normal x86_64 objective-c com.apple.compilers.llvm.clang.1_0.compiler (in target 'FBLPromises' from project 'Promises')
    cd /Users/nataliewhipps/Desktop/Prompt28/Prompt28.xcodeproj
    
    Using response file: /Users/nataliewhipps/Library/Developer/Xcode/DerivedData/Prompt28-cgmmkisguitsyibyvnemfqvywbnv/Build/Intermediates.noindex/Promises.build/Debug-iphonesimulator/FBLPromises.build/Objects-normal/x86_64/e6072d4f65d7061329687fe24e3d63a7-common-args.resp
    
    /Applications/Xcode.app/Contents/Developer/Toolchains/XcodeDefault.xctoolchain/usr/bin/clang -x objective-c -ivfsstatcache /Users/nataliewhipps/Library/Developer/Xcode/DerivedData/SDKStatCaches.noindex/iphonesimulator26.2-23C57-7d00a8b37fbd7999ea79df8ebc024bf0.sdkstatcache -fmessage-length\=0 -fdiagnostics-show-note-include-stack -fmacro-backtrace-limit\=0 -fno-color-diagnostics -fmodules-prune-interval\=86400 -fmodules-prune-after\=345600 -fbuild-session-file\=/Users/nataliewhipps/Library/Developer/Xcode/DerivedData/ModuleCache.noindex/Session.modulevalidation -fmodules-validate-once-per-build-session -Wnon-modular-include-in-framework-module -Werror\=non-modular-include-in-framework-module -Wno-trigraphs -Wno-missing-field-initializers -Wno-missing-prototypes -Wno-return-type -Wno-implicit-atomic-properties -Wno-objc-interface-ivars -Wno-arc-repeated-use-of-weak -Wno-missing-braces -Wparentheses -Wswitch -Wno-unused-function -Wno-unused-label -Wno-unused-parameter -Wno-unused-variable -Wunused-value -Wno-empty-body -Wno-uninitialized -Wno-unknown-pragmas -w -Wno-shadow -Wno-four-char-constants -Wno-conversion -Wno-constant-conversion -Wno-int-conversion -Wno-bool-conversion -Wno-enum-conversion -Wno-float-conversion -Wno-non-literal-null-conversion -Wno-objc-literal-conversion -Wshorten-64-to-32 -Wpointer-sign -Wno-newline-eof -Wno-selector -Wno-strict-selector-match -Wno-undeclared-selector -Wno-deprecated-implementations -Wno-implicit-fallthrough -fstrict-aliasing -Wprotocol -Wdeprecated-declarations -Wno-sign-conversion -Wno-infinite-recursion -Wno-comma -Wno-block-capture-autoreleasing -Wno-strict-prototypes -Wno-semicolon-before-method-body -index-store-path /Users/nataliewhipps/Library/Developer/Xcode/DerivedData/Prompt28-cgmmkisguitsyibyvnemfqvywbnv/Index.noindex/DataStore @/Users/nataliewhipps/Library/Developer/Xcode/DerivedData/Prompt28-cgmmkisguitsyibyvnemfqvywbnv/Build/Intermediates.noindex/Promises.build/Debug-iphonesimulator/FBLPromises.build/Objects-normal/x86_64/e6072d4f65d7061329687fe24e3d63a7-common-args.resp -include /Users/nataliewhipps/Library/Developer/Xcode/DerivedData/Prompt28-cgmmkisguitsyibyvnemfqvywbnv/Build/Intermediates.noindex/Promises.build/Debug-iphonesimulator/FBLPromises.build/DerivedSources/resource_bundle_accessor.h -MMD -MT dependencies -MF /Users/nataliewhipps/Library/Developer/Xcode/DerivedData/Prompt28-cgmmkisguitsyibyvnemfqvywbnv/Build/Intermediates.noindex/Promises.build/Debug-iphonesimulator/FBLPromises.build/Objects-normal/x86_64/FBLPromise+Timeout.d --serialize-diagnostics /Users/nataliewhipps/Library/Developer/Xcode/DerivedData/Prompt28-cgmmkisguitsyibyvnemfqvywbnv/Build/Intermediates.noindex/Promises.build/Debug-iphonesimulator/FBLPromises.build/Objects-normal/x86_64/FBLPromise+Timeout.dia -c /Users/nataliewhipps/Library/Developer/Xcode/DerivedData/Prompt28-cgmmkisguitsyibyvnemfqvywbnv/SourcePackages/checkouts/promises/Sources/FBLPromises/FBLPromise+Timeout.m -o /Users/nataliewhipps/Library/Developer/Xcode/DerivedData/Prompt28-cgmmkisguitsyibyvnemfqvywbnv/Build/Intermediates.noindex/Promises.build/Debug-iphonesimulator/FBLPromises.build/Objects-normal/x86_64/FBLPromise+Timeout.o -index-unit-output-path /Promises.build/Debug-iphonesimulator/FBLPromises.build/Objects-normal/x86_64/FBLPromise+Timeout.o

CompileC /Users/nataliewhipps/Library/Developer/Xcode/DerivedData/Prompt28-cgmmkisguitsyibyvnemfqvywbnv/Build/Intermediates.noindex/Promises.build/Debug-iphonesimulator/FBLPromises.build/Objects-normal/x86_64/FBLPromise+Then.o /Users/nataliewhipps/Library/Developer/Xcode/DerivedData/Prompt28-cgmmkisguitsyibyvnemfqvywbnv/SourcePackages/checkouts/promises/Sources/FBLPromises/FBLPromise+Then.m normal x86_64 objective-c com.apple.compilers.llvm.clang.1_0.compiler (in target 'FBLPromises' from project 'Promises')
    cd /Users/nataliewhipps/Desktop/Prompt28/Prompt28.xcodeproj
    
    Using response file: /Users/nataliewhipps/Library/Developer/Xcode/DerivedData/Prompt28-cgmmkisguitsyibyvnemfqvywbnv/Build/Intermediates.noindex/Promises.build/Debug-iphonesimulator/FBLPromises.build/Objects-normal/x86_64/e6072d4f65d7061329687fe24e3d63a7-common-args.resp
    
    /Applications/Xcode.app/Contents/Developer/Toolchains/XcodeDefault.xctoolchain/usr/bin/clang -x objective-c -ivfsstatcache /Users/nataliewhipps/Library/Developer/Xcode/DerivedData/SDKStatCaches.noindex/iphonesimulator26.2-23C57-7d00a8b37fbd7999ea79df8ebc024bf0.sdkstatcache -fmessage-length\=0 -fdiagnostics-show-note-include-stack -fmacro-backtrace-limit\=0 -fno-color-diagnostics -fmodules-prune-interval\=86400 -fmodules-prune-after\=345600 -fbuild-session-file\=/Users/nataliewhipps/Library/Developer/Xcode/DerivedData/ModuleCache.noindex/Session.modulevalidation -fmodules-validate-once-per-build-session -Wnon-modular-include-in-framework-module -Werror\=non-modular-include-in-framework-module -Wno-trigraphs -Wno-missing-field-initializers -Wno-missing-prototypes -Wno-return-type -Wno-implicit-atomic-properties -Wno-objc-interface-ivars -Wno-arc-repeated-use-of-weak -Wno-missing-braces -Wparentheses -Wswitch -Wno-unused-function -Wno-unused-label -Wno-unused-parameter -Wno-unused-variable -Wunused-value -Wno-empty-body -Wno-uninitialized -Wno-unknown-pragmas -w -Wno-shadow -Wno-four-char-constants -Wno-conversion -Wno-constant-conversion -Wno-int-conversion -Wno-bool-conversion -Wno-enum-conversion -Wno-float-conversion -Wno-non-literal-null-conversion -Wno-objc-literal-conversion -Wshorten-64-to-32 -Wpointer-sign -Wno-newline-eof -Wno-selector -Wno-strict-selector-match -Wno-undeclared-selector -Wno-deprecated-implementations -Wno-implicit-fallthrough -fstrict-aliasing -Wprotocol -Wdeprecated-declarations -Wno-sign-conversion -Wno-infinite-recursion -Wno-comma -Wno-block-capture-autoreleasing -Wno-strict-prototypes -Wno-semicolon-before-method-body -index-store-path /Users/nataliewhipps/Library/Developer/Xcode/DerivedData/Prompt28-cgmmkisguitsyibyvnemfqvywbnv/Index.noindex/DataStore @/Users/nataliewhipps/Library/Developer/Xcode/DerivedData/Prompt28-cgmmkisguitsyibyvnemfqvywbnv/Build/Intermediates.noindex/Promises.build/Debug-iphonesimulator/FBLPromises.build/Objects-normal/x86_64/e6072d4f65d7061329687fe24e3d63a7-common-args.resp -include /Users/nataliewhipps/Library/Developer/Xcode/DerivedData/Prompt28-cgmmkisguitsyibyvnemfqvywbnv/Build/Intermediates.noindex/Promises.build/Debug-iphonesimulator/FBLPromises.build/DerivedSources/resource_bundle_accessor.h -MMD -MT dependencies -MF /Users/nataliewhipps/Library/Developer/Xcode/DerivedData/Prompt28-cgmmkisguitsyibyvnemfqvywbnv/Build/Intermediates.noindex/Promises.build/Debug-iphonesimulator/FBLPromises.build/Objects-normal/x86_64/FBLPromise+Then.d --serialize-diagnostics /Users/nataliewhipps/Library/Developer/Xcode/DerivedData/Prompt28-cgmmkisguitsyibyvnemfqvywbnv/Build/Intermediates.noindex/Promises.build/Debug-iphonesimulator/FBLPromises.build/Objects-normal/x86_64/FBLPromise+Then.dia -c /Users/nataliewhipps/Library/Developer/Xcode/DerivedData/Prompt28-cgmmkisguitsyibyvnemfqvywbnv/SourcePackages/checkouts/promises/Sources/FBLPromises/FBLPromise+Then.m -o /Users/nataliewhipps/Library/Developer/Xcode/DerivedData/Prompt28-cgmmkisguitsyibyvnemfqvywbnv/Build/Intermediates.noindex/Promises.build/Debug-iphonesimulator/FBLPromises.build/Objects-normal/x86_64/FBLPromise+Then.o -index-unit-output-path /Promises.build/Debug-iphonesimulator/FBLPromises.build/Objects-normal/x86_64/FBLPromise+Then.o

CompileC /Users/nataliewhipps/Library/Developer/Xcode/DerivedData/Prompt28-cgmmkisguitsyibyvnemfqvywbnv/Build/Intermediates.noindex/Promises.build/Debug-iphonesimulator/FBLPromises.build/Objects-normal/x86_64/FBLPromise+Testing.o /Users/nataliewhipps/Library/Developer/Xcode/DerivedData/Prompt28-cgmmkisguitsyibyvnemfqvywbnv/SourcePackages/checkouts/promises/Sources/FBLPromises/FBLPromise+Testing.m normal x86_64 objective-c com.apple.compilers.llvm.clang.1_0.compiler (in target 'FBLPromises' from project 'Promises')
    cd /Users/nataliewhipps/Desktop/Prompt28/Prompt28.xcodeproj
    
    Using response file: /Users/nataliewhipps/Library/Developer/Xcode/DerivedData/Prompt28-cgmmkisguitsyibyvnemfqvywbnv/Build/Intermediates.noindex/Promises.build/Debug-iphonesimulator/FBLPromises.build/Objects-normal/x86_64/e6072d4f65d7061329687fe24e3d63a7-common-args.resp
    
    /Applications/Xcode.app/Contents/Developer/Toolchains/XcodeDefault.xctoolchain/usr/bin/clang -x objective-c -ivfsstatcache /Users/nataliewhipps/Library/Developer/Xcode/DerivedData/SDKStatCaches.noindex/iphonesimulator26.2-23C57-7d00a8b37fbd7999ea79df8ebc024bf0.sdkstatcache -fmessage-length\=0 -fdiagnostics-show-note-include-stack -fmacro-backtrace-limit\=0 -fno-color-diagnostics -fmodules-prune-interval\=86400 -fmodules-prune-after\=345600 -fbuild-session-file\=/Users/nataliewhipps/Library/Developer/Xcode/DerivedData/ModuleCache.noindex/Session.modulevalidation -fmodules-validate-once-per-build-session -Wnon-modular-include-in-framework-module -Werror\=non-modular-include-in-framework-module -Wno-trigraphs -Wno-missing-field-initializers -Wno-missing-prototypes -Wno-return-type -Wno-implicit-atomic-properties -Wno-objc-interface-ivars -Wno-arc-repeated-use-of-weak -Wno-missing-braces -Wparentheses -Wswitch -Wno-unused-function -Wno-unused-label -Wno-unused-parameter -Wno-unused-variable -Wunused-value -Wno-empty-body -Wno-uninitialized -Wno-unknown-pragmas -w -Wno-shadow -Wno-four-char-constants -Wno-conversion -Wno-constant-conversion -Wno-int-conversion -Wno-bool-conversion -Wno-enum-conversion -Wno-float-conversion -Wno-non-literal-null-conversion -Wno-objc-literal-conversion -Wshorten-64-to-32 -Wpointer-sign -Wno-newline-eof -Wno-selector -Wno-strict-selector-match -Wno-undeclared-selector -Wno-deprecated-implementations -Wno-implicit-fallthrough -fstrict-aliasing -Wprotocol -Wdeprecated-declarations -Wno-sign-conversion -Wno-infinite-recursion -Wno-comma -Wno-block-capture-autoreleasing -Wno-strict-prototypes -Wno-semicolon-before-method-body -index-store-path /Users/nataliewhipps/Library/Developer/Xcode/DerivedData/Prompt28-cgmmkisguitsyibyvnemfqvywbnv/Index.noindex/DataStore @/Users/nataliewhipps/Library/Developer/Xcode/DerivedData/Prompt28-cgmmkisguitsyibyvnemfqvywbnv/Build/Intermediates.noindex/Promises.build/Debug-iphonesimulator/FBLPromises.build/Objects-normal/x86_64/e6072d4f65d7061329687fe24e3d63a7-common-args.resp -include /Users/nataliewhipps/Library/Developer/Xcode/DerivedData/Prompt28-cgmmkisguitsyibyvnemfqvywbnv/Build/Intermediates.noindex/Promises.build/Debug-iphonesimulator/FBLPromises.build/DerivedSources/resource_bundle_accessor.h -MMD -MT dependencies -MF /Users/nataliewhipps/Library/Developer/Xcode/DerivedData/Prompt28-cgmmkisguitsyibyvnemfqvywbnv/Build/Intermediates.noindex/Promises.build/Debug-iphonesimulator/FBLPromises.build/Objects-normal/x86_64/FBLPromise+Testing.d --serialize-diagnostics /Users/nataliewhipps/Library/Developer/Xcode/DerivedData/Prompt28-cgmmkisguitsyibyvnemfqvywbnv/Build/Intermediates.noindex/Promises.build/Debug-iphonesimulator/FBLPromises.build/Objects-normal/x86_64/FBLPromise+Testing.dia -c /Users/nataliewhipps/Library/Developer/Xcode/DerivedData/Prompt28-cgmmkisguitsyibyvnemfqvywbnv/SourcePackages/checkouts/promises/Sources/FBLPromises/FBLPromise+Testing.m -o /Users/nataliewhipps/Library/Developer/Xcode/DerivedData/Prompt28-cgmmkisguitsyibyvnemfqvywbnv/Build/Intermediates.noindex/Promises.build/Debug-iphonesimulator/FBLPromises.build/Objects-normal/x86_64/FBLPromise+Testing.o -index-unit-output-path /Promises.build/Debug-iphonesimulator/FBLPromises.build/Objects-normal/x86_64/FBLPromise+Testing.o

CompileC /Users/nataliewhipps/Library/Developer/Xcode/DerivedData/Prompt28-cgmmkisguitsyibyvnemfqvywbnv/Build/Intermediates.noindex/Promises.build/Debug-iphonesimulator/FBLPromises.build/Objects-normal/x86_64/FBLPromise+Retry.o /Users/nataliewhipps/Library/Developer/Xcode/DerivedData/Prompt28-cgmmkisguitsyibyvnemfqvywbnv/SourcePackages/checkouts/promises/Sources/FBLPromises/FBLPromise+Retry.m normal x86_64 objective-c com.apple.compilers.llvm.clang.1_0.compiler (in target 'FBLPromises' from project 'Promises')
    cd /Users/nataliewhipps/Desktop/Prompt28/Prompt28.xcodeproj
    
    Using response file: /Users/nataliewhipps/Library/Developer/Xcode/DerivedData/Prompt28-cgmmkisguitsyibyvnemfqvywbnv/Build/Intermediates.noindex/Promises.build/Debug-iphonesimulator/FBLPromises.build/Objects-normal/x86_64/e6072d4f65d7061329687fe24e3d63a7-common-args.resp
    
    /Applications/Xcode.app/Contents/Developer/Toolchains/XcodeDefault.xctoolchain/usr/bin/clang -x objective-c -ivfsstatcache /Users/nataliewhipps/Library/Developer/Xcode/DerivedData/SDKStatCaches.noindex/iphonesimulator26.2-23C57-7d00a8b37fbd7999ea79df8ebc024bf0.sdkstatcache -fmessage-length\=0 -fdiagnostics-show-note-include-stack -fmacro-backtrace-limit\=0 -fno-color-diagnostics -fmodules-prune-interval\=86400 -fmodules-prune-after\=345600 -fbuild-session-file\=/Users/nataliewhipps/Library/Developer/Xcode/DerivedData/ModuleCache.noindex/Session.modulevalidation -fmodules-validate-once-per-build-session -Wnon-modular-include-in-framework-module -Werror\=non-modular-include-in-framework-module -Wno-trigraphs -Wno-missing-field-initializers -Wno-missing-prototypes -Wno-return-type -Wno-implicit-atomic-properties -Wno-objc-interface-ivars -Wno-arc-repeated-use-of-weak -Wno-missing-braces -Wparentheses -Wswitch -Wno-unused-function -Wno-unused-label -Wno-unused-parameter -Wno-unused-variable -Wunused-value -Wno-empty-body -Wno-uninitialized -Wno-unknown-pragmas -w -Wno-shadow -Wno-four-char-constants -Wno-conversion -Wno-constant-conversion -Wno-int-conversion -Wno-bool-conversion -Wno-enum-conversion -Wno-float-conversion -Wno-non-literal-null-conversion -Wno-objc-literal-conversion -Wshorten-64-to-32 -Wpointer-sign -Wno-newline-eof -Wno-selector -Wno-strict-selector-match -Wno-undeclared-selector -Wno-deprecated-implementations -Wno-implicit-fallthrough -fstrict-aliasing -Wprotocol -Wdeprecated-declarations -Wno-sign-conversion -Wno-infinite-recursion -Wno-comma -Wno-block-capture-autoreleasing -Wno-strict-prototypes -Wno-semicolon-before-method-body -index-store-path /Users/nataliewhipps/Library/Developer/Xcode/DerivedData/Prompt28-cgmmkisguitsyibyvnemfqvywbnv/Index.noindex/DataStore @/Users/nataliewhipps/Library/Developer/Xcode/DerivedData/Prompt28-cgmmkisguitsyibyvnemfqvywbnv/Build/Intermediates.noindex/Promises.build/Debug-iphonesimulator/FBLPromises.build/Objects-normal/x86_64/e6072d4f65d7061329687fe24e3d63a7-common-args.resp -include /Users/nataliewhipps/Library/Developer/Xcode/DerivedData/Prompt28-cgmmkisguitsyibyvnemfqvywbnv/Build/Intermediates.noindex/Promises.build/Debug-iphonesimulator/FBLPromises.build/DerivedSources/resource_bundle_accessor.h -MMD -MT dependencies -MF /Users/nataliewhipps/Library/Developer/Xcode/DerivedData/Prompt28-cgmmkisguitsyibyvnemfqvywbnv/Build/Intermediates.noindex/Promises.build/Debug-iphonesimulator/FBLPromises.build/Objects-normal/x86_64/FBLPromise+Retry.d --serialize-diagnostics /Users/nataliewhipps/Library/Developer/Xcode/DerivedData/Prompt28-cgmmkisguitsyibyvnemfqvywbnv/Build/Intermediates.noindex/Promises.build/Debug-iphonesimulator/FBLPromises.build/Objects-normal/x86_64/FBLPromise+Retry.dia -c /Users/nataliewhipps/Library/Developer/Xcode/DerivedData/Prompt28-cgmmkisguitsyibyvnemfqvywbnv/SourcePackages/checkouts/promises/Sources/FBLPromises/FBLPromise+Retry.m -o /Users/nataliewhipps/Library/Developer/Xcode/DerivedData/Prompt28-cgmmkisguitsyibyvnemfqvywbnv/Build/Intermediates.noindex/Promises.build/Debug-iphonesimulator/FBLPromises.build/Objects-normal/x86_64/FBLPromise+Retry.o -index-unit-output-path /Promises.build/Debug-iphonesimulator/FBLPromises.build/Objects-normal/x86_64/FBLPromise+Retry.o

CompileC /Users/nataliewhipps/Library/Developer/Xcode/DerivedData/Prompt28-cgmmkisguitsyibyvnemfqvywbnv/Build/Intermediates.noindex/Promises.build/Debug-iphonesimulator/FBLPromises.build/Objects-normal/x86_64/FBLPromise+Reduce.o /Users/nataliewhipps/Library/Developer/Xcode/DerivedData/Prompt28-cgmmkisguitsyibyvnemfqvywbnv/SourcePackages/checkouts/promises/Sources/FBLPromises/FBLPromise+Reduce.m normal x86_64 objective-c com.apple.compilers.llvm.clang.1_0.compiler (in target 'FBLPromises' from project 'Promises')
    cd /Users/nataliewhipps/Desktop/Prompt28/Prompt28.xcodeproj
    
    Using response file: /Users/nataliewhipps/Library/Developer/Xcode/DerivedData/Prompt28-cgmmkisguitsyibyvnemfqvywbnv/Build/Intermediates.noindex/Promises.build/Debug-iphonesimulator/FBLPromises.build/Objects-normal/x86_64/e6072d4f65d7061329687fe24e3d63a7-common-args.resp
    
    /Applications/Xcode.app/Contents/Developer/Toolchains/XcodeDefault.xctoolchain/usr/bin/clang -x objective-c -ivfsstatcache /Users/nataliewhipps/Library/Developer/Xcode/DerivedData/SDKStatCaches.noindex/iphonesimulator26.2-23C57-7d00a8b37fbd7999ea79df8ebc024bf0.sdkstatcache -fmessage-length\=0 -fdiagnostics-show-note-include-stack -fmacro-backtrace-limit\=0 -fno-color-diagnostics -fmodules-prune-interval\=86400 -fmodules-prune-after\=345600 -fbuild-session-file\=/Users/nataliewhipps/Library/Developer/Xcode/DerivedData/ModuleCache.noindex/Session.modulevalidation -fmodules-validate-once-per-build-session -Wnon-modular-include-in-framework-module -Werror\=non-modular-include-in-framework-module -Wno-trigraphs -Wno-missing-field-initializers -Wno-missing-prototypes -Wno-return-type -Wno-implicit-atomic-properties -Wno-objc-interface-ivars -Wno-arc-repeated-use-of-weak -Wno-missing-braces -Wparentheses -Wswitch -Wno-unused-function -Wno-unused-label -Wno-unused-parameter -Wno-unused-variable -Wunused-value -Wno-empty-body -Wno-uninitialized -Wno-unknown-pragmas -w -Wno-shadow -Wno-four-char-constants -Wno-conversion -Wno-constant-conversion -Wno-int-conversion -Wno-bool-conversion -Wno-enum-conversion -Wno-float-conversion -Wno-non-literal-null-conversion -Wno-objc-literal-conversion -Wshorten-64-to-32 -Wpointer-sign -Wno-newline-eof -Wno-selector -Wno-strict-selector-match -Wno-undeclared-selector -Wno-deprecated-implementations -Wno-implicit-fallthrough -fstrict-aliasing -Wprotocol -Wdeprecated-declarations -Wno-sign-conversion -Wno-infinite-recursion -Wno-comma -Wno-block-capture-autoreleasing -Wno-strict-prototypes -Wno-semicolon-before-method-body -index-store-path /Users/nataliewhipps/Library/Developer/Xcode/DerivedData/Prompt28-cgmmkisguitsyibyvnemfqvywbnv/Index.noindex/DataStore @/Users/nataliewhipps/Library/Developer/Xcode/DerivedData/Prompt28-cgmmkisguitsyibyvnemfqvywbnv/Build/Intermediates.noindex/Promises.build/Debug-iphonesimulator/FBLPromises.build/Objects-normal/x86_64/e6072d4f65d7061329687fe24e3d63a7-common-args.resp -include /Users/nataliewhipps/Library/Developer/Xcode/DerivedData/Prompt28-cgmmkisguitsyibyvnemfqvywbnv/Build/Intermediates.noindex/Promises.build/Debug-iphonesimulator/FBLPromises.build/DerivedSources/resource_bundle_accessor.h -MMD -MT dependencies -MF /Users/nataliewhipps/Library/Developer/Xcode/DerivedData/Prompt28-cgmmkisguitsyibyvnemfqvywbnv/Build/Intermediates.noindex/Promises.build/Debug-iphonesimulator/FBLPromises.build/Objects-normal/x86_64/FBLPromise+Reduce.d --serialize-diagnostics /Users/nataliewhipps/Library/Developer/Xcode/DerivedData/Prompt28-cgmmkisguitsyibyvnemfqvywbnv/Build/Intermediates.noindex/Promises.build/Debug-iphonesimulator/FBLPromises.build/Objects-normal/x86_64/FBLPromise+Reduce.dia -c /Users/nataliewhipps/Library/Developer/Xcode/DerivedData/Prompt28-cgmmkisguitsyibyvnemfqvywbnv/SourcePackages/checkouts/promises/Sources/FBLPromises/FBLPromise+Reduce.m -o /Users/nataliewhipps/Library/Developer/Xcode/DerivedData/Prompt28-cgmmkisguitsyibyvnemfqvywbnv/Build/Intermediates.noindex/Promises.build/Debug-iphonesimulator/FBLPromises.build/Objects-normal/x86_64/FBLPromise+Reduce.o -index-unit-output-path /Promises.build/Debug-iphonesimulator/FBLPromises.build/Objects-normal/x86_64/FBLPromise+Reduce.o

CompileC /Users/nataliewhipps/Library/Developer/Xcode/DerivedData/Prompt28-cgmmkisguitsyibyvnemfqvywbnv/Build/Intermediates.noindex/Promises.build/Debug-iphonesimulator/FBLPromises.build/Objects-normal/x86_64/FBLPromise+Recover.o /Users/nataliewhipps/Library/Developer/Xcode/DerivedData/Prompt28-cgmmkisguitsyibyvnemfqvywbnv/SourcePackages/checkouts/promises/Sources/FBLPromises/FBLPromise+Recover.m normal x86_64 objective-c com.apple.compilers.llvm.clang.1_0.compiler (in target 'FBLPromises' from project 'Promises')
    cd /Users/nataliewhipps/Desktop/Prompt28/Prompt28.xcodeproj
    
    Using response file: /Users/nataliewhipps/Library/Developer/Xcode/DerivedData/Prompt28-cgmmkisguitsyibyvnemfqvywbnv/Build/Intermediates.noindex/Promises.build/Debug-iphonesimulator/FBLPromises.build/Objects-normal/x86_64/e6072d4f65d7061329687fe24e3d63a7-common-args.resp
    
    /Applications/Xcode.app/Contents/Developer/Toolchains/XcodeDefault.xctoolchain/usr/bin/clang -x objective-c -ivfsstatcache /Users/nataliewhipps/Library/Developer/Xcode/DerivedData/SDKStatCaches.noindex/iphonesimulator26.2-23C57-7d00a8b37fbd7999ea79df8ebc024bf0.sdkstatcache -fmessage-length\=0 -fdiagnostics-show-note-include-stack -fmacro-backtrace-limit\=0 -fno-color-diagnostics -fmodules-prune-interval\=86400 -fmodules-prune-after\=345600 -fbuild-session-file\=/Users/nataliewhipps/Library/Developer/Xcode/DerivedData/ModuleCache.noindex/Session.modulevalidation -fmodules-validate-once-per-build-session -Wnon-modular-include-in-framework-module -Werror\=non-modular-include-in-framework-module -Wno-trigraphs -Wno-missing-field-initializers -Wno-missing-prototypes -Wno-return-type -Wno-implicit-atomic-properties -Wno-objc-interface-ivars -Wno-arc-repeated-use-of-weak -Wno-missing-braces -Wparentheses -Wswitch -Wno-unused-function -Wno-unused-label -Wno-unused-parameter -Wno-unused-variable -Wunused-value -Wno-empty-body -Wno-uninitialized -Wno-unknown-pragmas -w -Wno-shadow -Wno-four-char-constants -Wno-conversion -Wno-constant-conversion -Wno-int-conversion -Wno-bool-conversion -Wno-enum-conversion -Wno-float-conversion -Wno-non-literal-null-conversion -Wno-objc-literal-conversion -Wshorten-64-to-32 -Wpointer-sign -Wno-newline-eof -Wno-selector -Wno-strict-selector-match -Wno-undeclared-selector -Wno-deprecated-implementations -Wno-implicit-fallthrough -fstrict-aliasing -Wprotocol -Wdeprecated-declarations -Wno-sign-conversion -Wno-infinite-recursion -Wno-comma -Wno-block-capture-autoreleasing -Wno-strict-prototypes -Wno-semicolon-before-method-body -index-store-path /Users/nataliewhipps/Library/Developer/Xcode/DerivedData/Prompt28-cgmmkisguitsyibyvnemfqvywbnv/Index.noindex/DataStore @/Users/nataliewhipps/Library/Developer/Xcode/DerivedData/Prompt28-cgmmkisguitsyibyvnemfqvywbnv/Build/Intermediates.noindex/Promises.build/Debug-iphonesimulator/FBLPromises.build/Objects-normal/x86_64/e6072d4f65d7061329687fe24e3d63a7-common-args.resp -include /Users/nataliewhipps/Library/Developer/Xcode/DerivedData/Prompt28-cgmmkisguitsyibyvnemfqvywbnv/Build/Intermediates.noindex/Promises.build/Debug-iphonesimulator/FBLPromises.build/DerivedSources/resource_bundle_accessor.h -MMD -MT dependencies -MF /Users/nataliewhipps/Library/Developer/Xcode/DerivedData/Prompt28-cgmmkisguitsyibyvnemfqvywbnv/Build/Intermediates.noindex/Promises.build/Debug-iphonesimulator/FBLPromises.build/Objects-normal/x86_64/FBLPromise+Recover.d --serialize-diagnostics /Users/nataliewhipps/Library/Developer/Xcode/DerivedData/Prompt28-cgmmkisguitsyibyvnemfqvywbnv/Build/Intermediates.noindex/Promises.build/Debug-iphonesimulator/FBLPromises.build/Objects-normal/x86_64/FBLPromise+Recover.dia -c /Users/nataliewhipps/Library/Developer/Xcode/DerivedData/Prompt28-cgmmkisguitsyibyvnemfqvywbnv/SourcePackages/checkouts/promises/Sources/FBLPromises/FBLPromise+Recover.m -o /Users/nataliewhipps/Library/Developer/Xcode/DerivedData/Prompt28-cgmmkisguitsyibyvnemfqvywbnv/Build/Intermediates.noindex/Promises.build/Debug-iphonesimulator/FBLPromises.build/Objects-normal/x86_64/FBLPromise+Recover.o -index-unit-output-path /Promises.build/Debug-iphonesimulator/FBLPromises.build/Objects-normal/x86_64/FBLPromise+Recover.o

CompileC /Users/nataliewhipps/Library/Developer/Xcode/DerivedData/Prompt28-cgmmkisguitsyibyvnemfqvywbnv/Build/Intermediates.noindex/Promises.build/Debug-iphonesimulator/FBLPromises.build/Objects-normal/x86_64/FBLPromise+Race.o /Users/nataliewhipps/Library/Developer/Xcode/DerivedData/Prompt28-cgmmkisguitsyibyvnemfqvywbnv/SourcePackages/checkouts/promises/Sources/FBLPromises/FBLPromise+Race.m normal x86_64 objective-c com.apple.compilers.llvm.clang.1_0.compiler (in target 'FBLPromises' from project 'Promises')
    cd /Users/nataliewhipps/Desktop/Prompt28/Prompt28.xcodeproj
    
    Using response file: /Users/nataliewhipps/Library/Developer/Xcode/DerivedData/Prompt28-cgmmkisguitsyibyvnemfqvywbnv/Build/Intermediates.noindex/Promises.build/Debug-iphonesimulator/FBLPromises.build/Objects-normal/x86_64/e6072d4f65d7061329687fe24e3d63a7-common-args.resp
    
    /Applications/Xcode.app/Contents/Developer/Toolchains/XcodeDefault.xctoolchain/usr/bin/clang -x objective-c -ivfsstatcache /Users/nataliewhipps/Library/Developer/Xcode/DerivedData/SDKStatCaches.noindex/iphonesimulator26.2-23C57-7d00a8b37fbd7999ea79df8ebc024bf0.sdkstatcache -fmessage-length\=0 -fdiagnostics-show-note-include-stack -fmacro-backtrace-limit\=0 -fno-color-diagnostics -fmodules-prune-interval\=86400 -fmodules-prune-after\=345600 -fbuild-session-file\=/Users/nataliewhipps/Library/Developer/Xcode/DerivedData/ModuleCache.noindex/Session.modulevalidation -fmodules-validate-once-per-build-session -Wnon-modular-include-in-framework-module -Werror\=non-modular-include-in-framework-module -Wno-trigraphs -Wno-missing-field-initializers -Wno-missing-prototypes -Wno-return-type -Wno-implicit-atomic-properties -Wno-objc-interface-ivars -Wno-arc-repeated-use-of-weak -Wno-missing-braces -Wparentheses -Wswitch -Wno-unused-function -Wno-unused-label -Wno-unused-parameter -Wno-unused-variable -Wunused-value -Wno-empty-body -Wno-uninitialized -Wno-unknown-pragmas -w -Wno-shadow -Wno-four-char-constants -Wno-conversion -Wno-constant-conversion -Wno-int-conversion -Wno-bool-conversion -Wno-enum-conversion -Wno-float-conversion -Wno-non-literal-null-conversion -Wno-objc-literal-conversion -Wshorten-64-to-32 -Wpointer-sign -Wno-newline-eof -Wno-selector -Wno-strict-selector-match -Wno-undeclared-selector -Wno-deprecated-implementations -Wno-implicit-fallthrough -fstrict-aliasing -Wprotocol -Wdeprecated-declarations -Wno-sign-conversion -Wno-infinite-recursion -Wno-comma -Wno-block-capture-autoreleasing -Wno-strict-prototypes -Wno-semicolon-before-method-body -index-store-path /Users/nataliewhipps/Library/Developer/Xcode/DerivedData/Prompt28-cgmmkisguitsyibyvnemfqvywbnv/Index.noindex/DataStore @/Users/nataliewhipps/Library/Developer/Xcode/DerivedData/Prompt28-cgmmkisguitsyibyvnemfqvywbnv/Build/Intermediates.noindex/Promises.build/Debug-iphonesimulator/FBLPromises.build/Objects-normal/x86_64/e6072d4f65d7061329687fe24e3d63a7-common-args.resp -include /Users/nataliewhipps/Library/Developer/Xcode/DerivedData/Prompt28-cgmmkisguitsyibyvnemfqvywbnv/Build/Intermediates.noindex/Promises.build/Debug-iphonesimulator/FBLPromises.build/DerivedSources/resource_bundle_accessor.h -MMD -MT dependencies -MF /Users/nataliewhipps/Library/Developer/Xcode/DerivedData/Prompt28-cgmmkisguitsyibyvnemfqvywbnv/Build/Intermediates.noindex/Promises.build/Debug-iphonesimulator/FBLPromises.build/Objects-normal/x86_64/FBLPromise+Race.d --serialize-diagnostics /Users/nataliewhipps/Library/Developer/Xcode/DerivedData/Prompt28-cgmmkisguitsyibyvnemfqvywbnv/Build/Intermediates.noindex/Promises.build/Debug-iphonesimulator/FBLPromises.build/Objects-normal/x86_64/FBLPromise+Race.dia -c /Users/nataliewhipps/Library/Developer/Xcode/DerivedData/Prompt28-cgmmkisguitsyibyvnemfqvywbnv/SourcePackages/checkouts/promises/Sources/FBLPromises/FBLPromise+Race.m -o /Users/nataliewhipps/Library/Developer/Xcode/DerivedData/Prompt28-cgmmkisguitsyibyvnemfqvywbnv/Build/Intermediates.noindex/Promises.build/Debug-iphonesimulator/FBLPromises.build/Objects-normal/x86_64/FBLPromise+Race.o -index-unit-output-path /Promises.build/Debug-iphonesimulator/FBLPromises.build/Objects-normal/x86_64/FBLPromise+Race.o

CompileC /Users/nataliewhipps/Library/Developer/Xcode/DerivedData/Prompt28-cgmmkisguitsyibyvnemfqvywbnv/Build/Intermediates.noindex/Promises.build/Debug-iphonesimulator/FBLPromises.build/Objects-normal/x86_64/FBLPromise+Do.o /Users/nataliewhipps/Library/Developer/Xcode/DerivedData/Prompt28-cgmmkisguitsyibyvnemfqvywbnv/SourcePackages/checkouts/promises/Sources/FBLPromises/FBLPromise+Do.m normal x86_64 objective-c com.apple.compilers.llvm.clang.1_0.compiler (in target 'FBLPromises' from project 'Promises')
    cd /Users/nataliewhipps/Desktop/Prompt28/Prompt28.xcodeproj
    
    Using response file: /Users/nataliewhipps/Library/Developer/Xcode/DerivedData/Prompt28-cgmmkisguitsyibyvnemfqvywbnv/Build/Intermediates.noindex/Promises.build/Debug-iphonesimulator/FBLPromises.build/Objects-normal/x86_64/e6072d4f65d7061329687fe24e3d63a7-common-args.resp
    
    /Applications/Xcode.app/Contents/Developer/Toolchains/XcodeDefault.xctoolchain/usr/bin/clang -x objective-c -ivfsstatcache /Users/nataliewhipps/Library/Developer/Xcode/DerivedData/SDKStatCaches.noindex/iphonesimulator26.2-23C57-7d00a8b37fbd7999ea79df8ebc024bf0.sdkstatcache -fmessage-length\=0 -fdiagnostics-show-note-include-stack -fmacro-backtrace-limit\=0 -fno-color-diagnostics -fmodules-prune-interval\=86400 -fmodules-prune-after\=345600 -fbuild-session-file\=/Users/nataliewhipps/Library/Developer/Xcode/DerivedData/ModuleCache.noindex/Session.modulevalidation -fmodules-validate-once-per-build-session -Wnon-modular-include-in-framework-module -Werror\=non-modular-include-in-framework-module -Wno-trigraphs -Wno-missing-field-initializers -Wno-missing-prototypes -Wno-return-type -Wno-implicit-atomic-properties -Wno-objc-interface-ivars -Wno-arc-repeated-use-of-weak -Wno-missing-braces -Wparentheses -Wswitch -Wno-unused-function -Wno-unused-label -Wno-unused-parameter -Wno-unused-variable -Wunused-value -Wno-empty-body -Wno-uninitialized -Wno-unknown-pragmas -w -Wno-shadow -Wno-four-char-constants -Wno-conversion -Wno-constant-conversion -Wno-int-conversion -Wno-bool-conversion -Wno-enum-conversion -Wno-float-conversion -Wno-non-literal-null-conversion -Wno-objc-literal-conversion -Wshorten-64-to-32 -Wpointer-sign -Wno-newline-eof -Wno-selector -Wno-strict-selector-match -Wno-undeclared-selector -Wno-deprecated-implementations -Wno-implicit-fallthrough -fstrict-aliasing -Wprotocol -Wdeprecated-declarations -Wno-sign-conversion -Wno-infinite-recursion -Wno-comma -Wno-block-capture-autoreleasing -Wno-strict-prototypes -Wno-semicolon-before-method-body -index-store-path /Users/nataliewhipps/Library/Developer/Xcode/DerivedData/Prompt28-cgmmkisguitsyibyvnemfqvywbnv/Index.noindex/DataStore @/Users/nataliewhipps/Library/Developer/Xcode/DerivedData/Prompt28-cgmmkisguitsyibyvnemfqvywbnv/Build/Intermediates.noindex/Promises.build/Debug-iphonesimulator/FBLPromises.build/Objects-normal/x86_64/e6072d4f65d7061329687fe24e3d63a7-common-args.resp -include /Users/nataliewhipps/Library/Developer/Xcode/DerivedData/Prompt28-cgmmkisguitsyibyvnemfqvywbnv/Build/Intermediates.noindex/Promises.build/Debug-iphonesimulator/FBLPromises.build/DerivedSources/resource_bundle_accessor.h -MMD -MT dependencies -MF /Users/nataliewhipps/Library/Developer/Xcode/DerivedData/Prompt28-cgmmkisguitsyibyvnemfqvywbnv/Build/Intermediates.noindex/Promises.build/Debug-iphonesimulator/FBLPromises.build/Objects-normal/x86_64/FBLPromise+Do.d --serialize-diagnostics /Users/nataliewhipps/Library/Developer/Xcode/DerivedData/Prompt28-cgmmkisguitsyibyvnemfqvywbnv/Build/Intermediates.noindex/Promises.build/Debug-iphonesimulator/FBLPromises.build/Objects-normal/x86_64/FBLPromise+Do.dia -c /Users/nataliewhipps/Library/Developer/Xcode/DerivedData/Prompt28-cgmmkisguitsyibyvnemfqvywbnv/SourcePackages/checkouts/promises/Sources/FBLPromises/FBLPromise+Do.m -o /Users/nataliewhipps/Library/Developer/Xcode/DerivedData/Prompt28-cgmmkisguitsyibyvnemfqvywbnv/Build/Intermediates.noindex/Promises.build/Debug-iphonesimulator/FBLPromises.build/Objects-normal/x86_64/FBLPromise+Do.o -index-unit-output-path /Promises.build/Debug-iphonesimulator/FBLPromises.build/Objects-normal/x86_64/FBLPromise+Do.o

CompileC /Users/nataliewhipps/Library/Developer/Xcode/DerivedData/Prompt28-cgmmkisguitsyibyvnemfqvywbnv/Build/Intermediates.noindex/Promises.build/Debug-iphonesimulator/FBLPromises.build/Objects-normal/x86_64/FBLPromise+Delay.o /Users/nataliewhipps/Library/Developer/Xcode/DerivedData/Prompt28-cgmmkisguitsyibyvnemfqvywbnv/SourcePackages/checkouts/promises/Sources/FBLPromises/FBLPromise+Delay.m normal x86_64 objective-c com.apple.compilers.llvm.clang.1_0.compiler (in target 'FBLPromises' from project 'Promises')
    cd /Users/nataliewhipps/Desktop/Prompt28/Prompt28.xcodeproj
    
    Using response file: /Users/nataliewhipps/Library/Developer/Xcode/DerivedData/Prompt28-cgmmkisguitsyibyvnemfqvywbnv/Build/Intermediates.noindex/Promises.build/Debug-iphonesimulator/FBLPromises.build/Objects-normal/x86_64/e6072d4f65d7061329687fe24e3d63a7-common-args.resp
    
    /Applications/Xcode.app/Contents/Developer/Toolchains/XcodeDefault.xctoolchain/usr/bin/clang -x objective-c -ivfsstatcache /Users/nataliewhipps/Library/Developer/Xcode/DerivedData/SDKStatCaches.noindex/iphonesimulator26.2-23C57-7d00a8b37fbd7999ea79df8ebc024bf0.sdkstatcache -fmessage-length\=0 -fdiagnostics-show-note-include-stack -fmacro-backtrace-limit\=0 -fno-color-diagnostics -fmodules-prune-interval\=86400 -fmodules-prune-after\=345600 -fbuild-session-file\=/Users/nataliewhipps/Library/Developer/Xcode/DerivedData/ModuleCache.noindex/Session.modulevalidation -fmodules-validate-once-per-build-session -Wnon-modular-include-in-framework-module -Werror\=non-modular-include-in-framework-module -Wno-trigraphs -Wno-missing-field-initializers -Wno-missing-prototypes -Wno-return-type -Wno-implicit-atomic-properties -Wno-objc-interface-ivars -Wno-arc-repeated-use-of-weak -Wno-missing-braces -Wparentheses -Wswitch -Wno-unused-function -Wno-unused-label -Wno-unused-parameter -Wno-unused-variable -Wunused-value -Wno-empty-body -Wno-uninitialized -Wno-unknown-pragmas -w -Wno-shadow -Wno-four-char-constants -Wno-conversion -Wno-constant-conversion -Wno-int-conversion -Wno-bool-conversion -Wno-enum-conversion -Wno-float-conversion -Wno-non-literal-null-conversion -Wno-objc-literal-conversion -Wshorten-64-to-32 -Wpointer-sign -Wno-newline-eof -Wno-selector -Wno-strict-selector-match -Wno-undeclared-selector -Wno-deprecated-implementations -Wno-implicit-fallthrough -fstrict-aliasing -Wprotocol -Wdeprecated-declarations -Wno-sign-conversion -Wno-infinite-recursion -Wno-comma -Wno-block-capture-autoreleasing -Wno-strict-prototypes -Wno-semicolon-before-method-body -index-store-path /Users/nataliewhipps/Library/Developer/Xcode/DerivedData/Prompt28-cgmmkisguitsyibyvnemfqvywbnv/Index.noindex/DataStore @/Users/nataliewhipps/Library/Developer/Xcode/DerivedData/Prompt28-cgmmkisguitsyibyvnemfqvywbnv/Build/Intermediates.noindex/Promises.build/Debug-iphonesimulator/FBLPromises.build/Objects-normal/x86_64/e6072d4f65d7061329687fe24e3d63a7-common-args.resp -include /Users/nataliewhipps/Library/Developer/Xcode/DerivedData/Prompt28-cgmmkisguitsyibyvnemfqvywbnv/Build/Intermediates.noindex/Promises.build/Debug-iphonesimulator/FBLPromises.build/DerivedSources/resource_bundle_accessor.h -MMD -MT dependencies -MF /Users/nataliewhipps/Library/Developer/Xcode/DerivedData/Prompt28-cgmmkisguitsyibyvnemfqvywbnv/Build/Intermediates.noindex/Promises.build/Debug-iphonesimulator/FBLPromises.build/Objects-normal/x86_64/FBLPromise+Delay.d --serialize-diagnostics /Users/nataliewhipps/Library/Developer/Xcode/DerivedData/Prompt28-cgmmkisguitsyibyvnemfqvywbnv/Build/Intermediates.noindex/Promises.build/Debug-iphonesimulator/FBLPromises.build/Objects-normal/x86_64/FBLPromise+Delay.dia -c /Users/nataliewhipps/Library/Developer/Xcode/DerivedData/Prompt28-cgmmkisguitsyibyvnemfqvywbnv/SourcePackages/checkouts/promises/Sources/FBLPromises/FBLPromise+Delay.m -o /Users/nataliewhipps/Library/Developer/Xcode/DerivedData/Prompt28-cgmmkisguitsyibyvnemfqvywbnv/Build/Intermediates.noindex/Promises.build/Debug-iphonesimulator/FBLPromises.build/Objects-normal/x86_64/FBLPromise+Delay.o -index-unit-output-path /Promises.build/Debug-iphonesimulator/FBLPromises.build/Objects-normal/x86_64/FBLPromise+Delay.o

CompileC /Users/nataliewhipps/Library/Developer/Xcode/DerivedData/Prompt28-cgmmkisguitsyibyvnemfqvywbnv/Build/Intermediates.noindex/Promises.build/Debug-iphonesimulator/FBLPromises.build/Objects-normal/x86_64/FBLPromise+Catch.o /Users/nataliewhipps/Library/Developer/Xcode/DerivedData/Prompt28-cgmmkisguitsyibyvnemfqvywbnv/SourcePackages/checkouts/promises/Sources/FBLPromises/FBLPromise+Catch.m normal x86_64 objective-c com.apple.compilers.llvm.clang.1_0.compiler (in target 'FBLPromises' from project 'Promises')
    cd /Users/nataliewhipps/Desktop/Prompt28/Prompt28.xcodeproj
    
    Using response file: /Users/nataliewhipps/Library/Developer/Xcode/DerivedData/Prompt28-cgmmkisguitsyibyvnemfqvywbnv/Build/Intermediates.noindex/Promises.build/Debug-iphonesimulator/FBLPromises.build/Objects-normal/x86_64/e6072d4f65d7061329687fe24e3d63a7-common-args.resp
    
    /Applications/Xcode.app/Contents/Developer/Toolchains/XcodeDefault.xctoolchain/usr/bin/clang -x objective-c -ivfsstatcache /Users/nataliewhipps/Library/Developer/Xcode/DerivedData/SDKStatCaches.noindex/iphonesimulator26.2-23C57-7d00a8b37fbd7999ea79df8ebc024bf0.sdkstatcache -fmessage-length\=0 -fdiagnostics-show-note-include-stack -fmacro-backtrace-limit\=0 -fno-color-diagnostics -fmodules-prune-interval\=86400 -fmodules-prune-after\=345600 -fbuild-session-file\=/Users/nataliewhipps/Library/Developer/Xcode/DerivedData/ModuleCache.noindex/Session.modulevalidation -fmodules-validate-once-per-build-session -Wnon-modular-include-in-framework-module -Werror\=non-modular-include-in-framework-module -Wno-trigraphs -Wno-missing-field-initializers -Wno-missing-prototypes -Wno-return-type -Wno-implicit-atomic-properties -Wno-objc-interface-ivars -Wno-arc-repeated-use-of-weak -Wno-missing-braces -Wparentheses -Wswitch -Wno-unused-function -Wno-unused-label -Wno-unused-parameter -Wno-unused-variable -Wunused-value -Wno-empty-body -Wno-uninitialized -Wno-unknown-pragmas -w -Wno-shadow -Wno-four-char-constants -Wno-conversion -Wno-constant-conversion -Wno-int-conversion -Wno-bool-conversion -Wno-enum-conversion -Wno-float-conversion -Wno-non-literal-null-conversion -Wno-objc-literal-conversion -Wshorten-64-to-32 -Wpointer-sign -Wno-newline-eof -Wno-selector -Wno-strict-selector-match -Wno-undeclared-selector -Wno-deprecated-implementations -Wno-implicit-fallthrough -fstrict-aliasing -Wprotocol -Wdeprecated-declarations -Wno-sign-conversion -Wno-infinite-recursion -Wno-comma -Wno-block-capture-autoreleasing -Wno-strict-prototypes -Wno-semicolon-before-method-body -index-store-path /Users/nataliewhipps/Library/Developer/Xcode/DerivedData/Prompt28-cgmmkisguitsyibyvnemfqvywbnv/Index.noindex/DataStore @/Users/nataliewhipps/Library/Developer/Xcode/DerivedData/Prompt28-cgmmkisguitsyibyvnemfqvywbnv/Build/Intermediates.noindex/Promises.build/Debug-iphonesimulator/FBLPromises.build/Objects-normal/x86_64/e6072d4f65d7061329687fe24e3d63a7-common-args.resp -include /Users/nataliewhipps/Library/Developer/Xcode/DerivedData/Prompt28-cgmmkisguitsyibyvnemfqvywbnv/Build/Intermediates.noindex/Promises.build/Debug-iphonesimulator/FBLPromises.build/DerivedSources/resource_bundle_accessor.h -MMD -MT dependencies -MF /Users/nataliewhipps/Library/Developer/Xcode/DerivedData/Prompt28-cgmmkisguitsyibyvnemfqvywbnv/Build/Intermediates.noindex/Promises.build/Debug-iphonesimulator/FBLPromises.build/Objects-normal/x86_64/FBLPromise+Catch.d --serialize-diagnostics /Users/nataliewhipps/Library/Developer/Xcode/DerivedData/Prompt28-cgmmkisguitsyibyvnemfqvywbnv/Build/Intermediates.noindex/Promises.build/Debug-iphonesimulator/FBLPromises.build/Objects-normal/x86_64/FBLPromise+Catch.dia -c /Users/nataliewhipps/Library/Developer/Xcode/DerivedData/Prompt28-cgmmkisguitsyibyvnemfqvywbnv/SourcePackages/checkouts/promises/Sources/FBLPromises/FBLPromise+Catch.m -o /Users/nataliewhipps/Library/Developer/Xcode/DerivedData/Prompt28-cgmmkisguitsyibyvnemfqvywbnv/Build/Intermediates.noindex/Promises.build/Debug-iphonesimulator/FBLPromises.build/Objects-normal/x86_64/FBLPromise+Catch.o -index-unit-output-path /Promises.build/Debug-iphonesimulator/FBLPromises.build/Objects-normal/x86_64/FBLPromise+Catch.o

SwiftExplicitDependencyGeneratePcm x86_64 /Users/nataliewhipps/Library/Developer/Xcode/DerivedData/ModuleCache.noindex/ObjectiveC-547LM8QAWY6MLW3K4HQZ13M6K.pcm

SwiftExplicitDependencyGeneratePcm x86_64 /Users/nataliewhipps/Library/Developer/Xcode/DerivedData/ModuleCache.noindex/MachO-616TYUAWFDF93771C9IGRL4F1.pcm

CompileC /Users/nataliewhipps/Library/Developer/Xcode/DerivedData/Prompt28-cgmmkisguitsyibyvnemfqvywbnv/Build/Intermediates.noindex/Promises.build/Debug-iphonesimulator/FBLPromises.build/Objects-normal/x86_64/FBLPromise+Await.o /Users/nataliewhipps/Library/Developer/Xcode/DerivedData/Prompt28-cgmmkisguitsyibyvnemfqvywbnv/SourcePackages/checkouts/promises/Sources/FBLPromises/FBLPromise+Await.m normal x86_64 objective-c com.apple.compilers.llvm.clang.1_0.compiler (in target 'FBLPromises' from project 'Promises')
    cd /Users/nataliewhipps/Desktop/Prompt28/Prompt28.xcodeproj
    
    Using response file: /Users/nataliewhipps/Library/Developer/Xcode/DerivedData/Prompt28-cgmmkisguitsyibyvnemfqvywbnv/Build/Intermediates.noindex/Promises.build/Debug-iphonesimulator/FBLPromises.build/Objects-normal/x86_64/e6072d4f65d7061329687fe24e3d63a7-common-args.resp
    
    /Applications/Xcode.app/Contents/Developer/Toolchains/XcodeDefault.xctoolchain/usr/bin/clang -x objective-c -ivfsstatcache /Users/nataliewhipps/Library/Developer/Xcode/DerivedData/SDKStatCaches.noindex/iphonesimulator26.2-23C57-7d00a8b37fbd7999ea79df8ebc024bf0.sdkstatcache -fmessage-length\=0 -fdiagnostics-show-note-include-stack -fmacro-backtrace-limit\=0 -fno-color-diagnostics -fmodules-prune-interval\=86400 -fmodules-prune-after\=345600 -fbuild-session-file\=/Users/nataliewhipps/Library/Developer/Xcode/DerivedData/ModuleCache.noindex/Session.modulevalidation -fmodules-validate-once-per-build-session -Wnon-modular-include-in-framework-module -Werror\=non-modular-include-in-framework-module -Wno-trigraphs -Wno-missing-field-initializers -Wno-missing-prototypes -Wno-return-type -Wno-implicit-atomic-properties -Wno-objc-interface-ivars -Wno-arc-repeated-use-of-weak -Wno-missing-braces -Wparentheses -Wswitch -Wno-unused-function -Wno-unused-label -Wno-unused-parameter -Wno-unused-variable -Wunused-value -Wno-empty-body -Wno-uninitialized -Wno-unknown-pragmas -w -Wno-shadow -Wno-four-char-constants -Wno-conversion -Wno-constant-conversion -Wno-int-conversion -Wno-bool-conversion -Wno-enum-conversion -Wno-float-conversion -Wno-non-literal-null-conversion -Wno-objc-literal-conversion -Wshorten-64-to-32 -Wpointer-sign -Wno-newline-eof -Wno-selector -Wno-strict-selector-match -Wno-undeclared-selector -Wno-deprecated-implementations -Wno-implicit-fallthrough -fstrict-aliasing -Wprotocol -Wdeprecated-declarations -Wno-sign-conversion -Wno-infinite-recursion -Wno-comma -Wno-block-capture-autoreleasing -Wno-strict-prototypes -Wno-semicolon-before-method-body -index-store-path /Users/nataliewhipps/Library/Developer/Xcode/DerivedData/Prompt28-cgmmkisguitsyibyvnemfqvywbnv/Index.noindex/DataStore @/Users/nataliewhipps/Library/Developer/Xcode/DerivedData/Prompt28-cgmmkisguitsyibyvnemfqvywbnv/Build/Intermediates.noindex/Promises.build/Debug-iphonesimulator/FBLPromises.build/Objects-normal/x86_64/e6072d4f65d7061329687fe24e3d63a7-common-args.resp -include /Users/nataliewhipps/Library/Developer/Xcode/DerivedData/Prompt28-cgmmkisguitsyibyvnemfqvywbnv/Build/Intermediates.noindex/Promises.build/Debug-iphonesimulator/FBLPromises.build/DerivedSources/resource_bundle_accessor.h -MMD -MT dependencies -MF /Users/nataliewhipps/Library/Developer/Xcode/DerivedData/Prompt28-cgmmkisguitsyibyvnemfqvywbnv/Build/Intermediates.noindex/Promises.build/Debug-iphonesimulator/FBLPromises.build/Objects-normal/x86_64/FBLPromise+Await.d --serialize-diagnostics /Users/nataliewhipps/Library/Developer/Xcode/DerivedData/Prompt28-cgmmkisguitsyibyvnemfqvywbnv/Build/Intermediates.noindex/Promises.build/Debug-iphonesimulator/FBLPromises.build/Objects-normal/x86_64/FBLPromise+Await.dia -c /Users/nataliewhipps/Library/Developer/Xcode/DerivedData/Prompt28-cgmmkisguitsyibyvnemfqvywbnv/SourcePackages/checkouts/promises/Sources/FBLPromises/FBLPromise+Await.m -o /Users/nataliewhipps/Library/Developer/Xcode/DerivedData/Prompt28-cgmmkisguitsyibyvnemfqvywbnv/Build/Intermediates.noindex/Promises.build/Debug-iphonesimulator/FBLPromises.build/Objects-normal/x86_64/FBLPromise+Await.o -index-unit-output-path /Promises.build/Debug-iphonesimulator/FBLPromises.build/Objects-normal/x86_64/FBLPromise+Await.o

CompileC /Users/nataliewhipps/Library/Developer/Xcode/DerivedData/Prompt28-cgmmkisguitsyibyvnemfqvywbnv/Build/Intermediates.noindex/Promises.build/Debug-iphonesimulator/FBLPromises.build/Objects-normal/x86_64/FBLPromise+Async.o /Users/nataliewhipps/Library/Developer/Xcode/DerivedData/Prompt28-cgmmkisguitsyibyvnemfqvywbnv/SourcePackages/checkouts/promises/Sources/FBLPromises/FBLPromise+Async.m normal x86_64 objective-c com.apple.compilers.llvm.clang.1_0.compiler (in target 'FBLPromises' from project 'Promises')
    cd /Users/nataliewhipps/Desktop/Prompt28/Prompt28.xcodeproj
    
    Using response file: /Users/nataliewhipps/Library/Developer/Xcode/DerivedData/Prompt28-cgmmkisguitsyibyvnemfqvywbnv/Build/Intermediates.noindex/Promises.build/Debug-iphonesimulator/FBLPromises.build/Objects-normal/x86_64/e6072d4f65d7061329687fe24e3d63a7-common-args.resp
    
    /Applications/Xcode.app/Contents/Developer/Toolchains/XcodeDefault.xctoolchain/usr/bin/clang -x objective-c -ivfsstatcache /Users/nataliewhipps/Library/Developer/Xcode/DerivedData/SDKStatCaches.noindex/iphonesimulator26.2-23C57-7d00a8b37fbd7999ea79df8ebc024bf0.sdkstatcache -fmessage-length\=0 -fdiagnostics-show-note-include-stack -fmacro-backtrace-limit\=0 -fno-color-diagnostics -fmodules-prune-interval\=86400 -fmodules-prune-after\=345600 -fbuild-session-file\=/Users/nataliewhipps/Library/Developer/Xcode/DerivedData/ModuleCache.noindex/Session.modulevalidation -fmodules-validate-once-per-build-session -Wnon-modular-include-in-framework-module -Werror\=non-modular-include-in-framework-module -Wno-trigraphs -Wno-missing-field-initializers -Wno-missing-prototypes -Wno-return-type -Wno-implicit-atomic-properties -Wno-objc-interface-ivars -Wno-arc-repeated-use-of-weak -Wno-missing-braces -Wparentheses -Wswitch -Wno-unused-function -Wno-unused-label -Wno-unused-parameter -Wno-unused-variable -Wunused-value -Wno-empty-body -Wno-uninitialized -Wno-unknown-pragmas -w -Wno-shadow -Wno-four-char-constants -Wno-conversion -Wno-constant-conversion -Wno-int-conversion -Wno-bool-conversion -Wno-enum-conversion -Wno-float-conversion -Wno-non-literal-null-conversion -Wno-objc-literal-conversion -Wshorten-64-to-32 -Wpointer-sign -Wno-newline-eof -Wno-selector -Wno-strict-selector-match -Wno-undeclared-selector -Wno-deprecated-implementations -Wno-implicit-fallthrough -fstrict-aliasing -Wprotocol -Wdeprecated-declarations -Wno-sign-conversion -Wno-infinite-recursion -Wno-comma -Wno-block-capture-autoreleasing -Wno-strict-prototypes -Wno-semicolon-before-method-body -index-store-path /Users/nataliewhipps/Library/Developer/Xcode/DerivedData/Prompt28-cgmmkisguitsyibyvnemfqvywbnv/Index.noindex/DataStore @/Users/nataliewhipps/Library/Developer/Xcode/DerivedData/Prompt28-cgmmkisguitsyibyvnemfqvywbnv/Build/Intermediates.noindex/Promises.build/Debug-iphonesimulator/FBLPromises.build/Objects-normal/x86_64/e6072d4f65d7061329687fe24e3d63a7-common-args.resp -include /Users/nataliewhipps/Library/Developer/Xcode/DerivedData/Prompt28-cgmmkisguitsyibyvnemfqvywbnv/Build/Intermediates.noindex/Promises.build/Debug-iphonesimulator/FBLPromises.build/DerivedSources/resource_bundle_accessor.h -MMD -MT dependencies -MF /Users/nataliewhipps/Library/Developer/Xcode/DerivedData/Prompt28-cgmmkisguitsyibyvnemfqvywbnv/Build/Intermediates.noindex/Promises.build/Debug-iphonesimulator/FBLPromises.build/Objects-normal/x86_64/FBLPromise+Async.d --serialize-diagnostics /Users/nataliewhipps/Library/Developer/Xcode/DerivedData/Prompt28-cgmmkisguitsyibyvnemfqvywbnv/Build/Intermediates.noindex/Promises.build/Debug-iphonesimulator/FBLPromises.build/Objects-normal/x86_64/FBLPromise+Async.dia -c /Users/nataliewhipps/Library/Developer/Xcode/DerivedData/Prompt28-cgmmkisguitsyibyvnemfqvywbnv/SourcePackages/checkouts/promises/Sources/FBLPromises/FBLPromise+Async.m -o /Users/nataliewhipps/Library/Developer/Xcode/DerivedData/Prompt28-cgmmkisguitsyibyvnemfqvywbnv/Build/Intermediates.noindex/Promises.build/Debug-iphonesimulator/FBLPromises.build/Objects-normal/x86_64/FBLPromise+Async.o -index-unit-output-path /Promises.build/Debug-iphonesimulator/FBLPromises.build/Objects-normal/x86_64/FBLPromise+Async.o

CompileC /Users/nataliewhipps/Library/Developer/Xcode/DerivedData/Prompt28-cgmmkisguitsyibyvnemfqvywbnv/Build/Intermediates.noindex/Promises.build/Debug-iphonesimulator/FBLPromises.build/Objects-normal/x86_64/FBLPromise+Any.o /Users/nataliewhipps/Library/Developer/Xcode/DerivedData/Prompt28-cgmmkisguitsyibyvnemfqvywbnv/SourcePackages/checkouts/promises/Sources/FBLPromises/FBLPromise+Any.m normal x86_64 objective-c com.apple.compilers.llvm.clang.1_0.compiler (in target 'FBLPromises' from project 'Promises')
    cd /Users/nataliewhipps/Desktop/Prompt28/Prompt28.xcodeproj
    
    Using response file: /Users/nataliewhipps/Library/Developer/Xcode/DerivedData/Prompt28-cgmmkisguitsyibyvnemfqvywbnv/Build/Intermediates.noindex/Promises.build/Debug-iphonesimulator/FBLPromises.build/Objects-normal/x86_64/e6072d4f65d7061329687fe24e3d63a7-common-args.resp
    
    /Applications/Xcode.app/Contents/Developer/Toolchains/XcodeDefault.xctoolchain/usr/bin/clang -x objective-c -ivfsstatcache /Users/nataliewhipps/Library/Developer/Xcode/DerivedData/SDKStatCaches.noindex/iphonesimulator26.2-23C57-7d00a8b37fbd7999ea79df8ebc024bf0.sdkstatcache -fmessage-length\=0 -fdiagnostics-show-note-include-stack -fmacro-backtrace-limit\=0 -fno-color-diagnostics -fmodules-prune-interval\=86400 -fmodules-prune-after\=345600 -fbuild-session-file\=/Users/nataliewhipps/Library/Developer/Xcode/DerivedData/ModuleCache.noindex/Session.modulevalidation -fmodules-validate-once-per-build-session -Wnon-modular-include-in-framework-module -Werror\=non-modular-include-in-framework-module -Wno-trigraphs -Wno-missing-field-initializers -Wno-missing-prototypes -Wno-return-type -Wno-implicit-atomic-properties -Wno-objc-interface-ivars -Wno-arc-repeated-use-of-weak -Wno-missing-braces -Wparentheses -Wswitch -Wno-unused-function -Wno-unused-label -Wno-unused-parameter -Wno-unused-variable -Wunused-value -Wno-empty-body -Wno-uninitialized -Wno-unknown-pragmas -w -Wno-shadow -Wno-four-char-constants -Wno-conversion -Wno-constant-conversion -Wno-int-conversion -Wno-bool-conversion -Wno-enum-conversion -Wno-float-conversion -Wno-non-literal-null-conversion -Wno-objc-literal-conversion -Wshorten-64-to-32 -Wpointer-sign -Wno-newline-eof -Wno-selector -Wno-strict-selector-match -Wno-undeclared-selector -Wno-deprecated-implementations -Wno-implicit-fallthrough -fstrict-aliasing -Wprotocol -Wdeprecated-declarations -Wno-sign-conversion -Wno-infinite-recursion -Wno-comma -Wno-block-capture-autoreleasing -Wno-strict-prototypes -Wno-semicolon-before-method-body -index-store-path /Users/nataliewhipps/Library/Developer/Xcode/DerivedData/Prompt28-cgmmkisguitsyibyvnemfqvywbnv/Index.noindex/DataStore @/Users/nataliewhipps/Library/Developer/Xcode/DerivedData/Prompt28-cgmmkisguitsyibyvnemfqvywbnv/Build/Intermediates.noindex/Promises.build/Debug-iphonesimulator/FBLPromises.build/Objects-normal/x86_64/e6072d4f65d7061329687fe24e3d63a7-common-args.resp -include /Users/nataliewhipps/Library/Developer/Xcode/DerivedData/Prompt28-cgmmkisguitsyibyvnemfqvywbnv/Build/Intermediates.noindex/Promises.build/Debug-iphonesimulator/FBLPromises.build/DerivedSources/resource_bundle_accessor.h -MMD -MT dependencies -MF /Users/nataliewhipps/Library/Developer/Xcode/DerivedData/Prompt28-cgmmkisguitsyibyvnemfqvywbnv/Build/Intermediates.noindex/Promises.build/Debug-iphonesimulator/FBLPromises.build/Objects-normal/x86_64/FBLPromise+Any.d --serialize-diagnostics /Users/nataliewhipps/Library/Developer/Xcode/DerivedData/Prompt28-cgmmkisguitsyibyvnemfqvywbnv/Build/Intermediates.noindex/Promises.build/Debug-iphonesimulator/FBLPromises.build/Objects-normal/x86_64/FBLPromise+Any.dia -c /Users/nataliewhipps/Library/Developer/Xcode/DerivedData/Prompt28-cgmmkisguitsyibyvnemfqvywbnv/SourcePackages/checkouts/promises/Sources/FBLPromises/FBLPromise+Any.m -o /Users/nataliewhipps/Library/Developer/Xcode/DerivedData/Prompt28-cgmmkisguitsyibyvnemfqvywbnv/Build/Intermediates.noindex/Promises.build/Debug-iphonesimulator/FBLPromises.build/Objects-normal/x86_64/FBLPromise+Any.o -index-unit-output-path /Promises.build/Debug-iphonesimulator/FBLPromises.build/Objects-normal/x86_64/FBLPromise+Any.o

CompileC /Users/nataliewhipps/Library/Developer/Xcode/DerivedData/Prompt28-cgmmkisguitsyibyvnemfqvywbnv/Build/Intermediates.noindex/Promises.build/Debug-iphonesimulator/FBLPromises.build/Objects-normal/x86_64/FBLPromise+Always.o /Users/nataliewhipps/Library/Developer/Xcode/DerivedData/Prompt28-cgmmkisguitsyibyvnemfqvywbnv/SourcePackages/checkouts/promises/Sources/FBLPromises/FBLPromise+Always.m normal x86_64 objective-c com.apple.compilers.llvm.clang.1_0.compiler (in target 'FBLPromises' from project 'Promises')
    cd /Users/nataliewhipps/Desktop/Prompt28/Prompt28.xcodeproj
    
    Using response file: /Users/nataliewhipps/Library/Developer/Xcode/DerivedData/Prompt28-cgmmkisguitsyibyvnemfqvywbnv/Build/Intermediates.noindex/Promises.build/Debug-iphonesimulator/FBLPromises.build/Objects-normal/x86_64/e6072d4f65d7061329687fe24e3d63a7-common-args.resp
    
    /Applications/Xcode.app/Contents/Developer/Toolchains/XcodeDefault.xctoolchain/usr/bin/clang -x objective-c -ivfsstatcache /Users/nataliewhipps/Library/Developer/Xcode/DerivedData/SDKStatCaches.noindex/iphonesimulator26.2-23C57-7d00a8b37fbd7999ea79df8ebc024bf0.sdkstatcache -fmessage-length\=0 -fdiagnostics-show-note-include-stack -fmacro-backtrace-limit\=0 -fno-color-diagnostics -fmodules-prune-interval\=86400 -fmodules-prune-after\=345600 -fbuild-session-file\=/Users/nataliewhipps/Library/Developer/Xcode/DerivedData/ModuleCache.noindex/Session.modulevalidation -fmodules-validate-once-per-build-session -Wnon-modular-include-in-framework-module -Werror\=non-modular-include-in-framework-module -Wno-trigraphs -Wno-missing-field-initializers -Wno-missing-prototypes -Wno-return-type -Wno-implicit-atomic-properties -Wno-objc-interface-ivars -Wno-arc-repeated-use-of-weak -Wno-missing-braces -Wparentheses -Wswitch -Wno-unused-function -Wno-unused-label -Wno-unused-parameter -Wno-unused-variable -Wunused-value -Wno-empty-body -Wno-uninitialized -Wno-unknown-pragmas -w -Wno-shadow -Wno-four-char-constants -Wno-conversion -Wno-constant-conversion -Wno-int-conversion -Wno-bool-conversion -Wno-enum-conversion -Wno-float-conversion -Wno-non-literal-null-conversion -Wno-objc-literal-conversion -Wshorten-64-to-32 -Wpointer-sign -Wno-newline-eof -Wno-selector -Wno-strict-selector-match -Wno-undeclared-selector -Wno-deprecated-implementations -Wno-implicit-fallthrough -fstrict-aliasing -Wprotocol -Wdeprecated-declarations -Wno-sign-conversion -Wno-infinite-recursion -Wno-comma -Wno-block-capture-autoreleasing -Wno-strict-prototypes -Wno-semicolon-before-method-body -index-store-path /Users/nataliewhipps/Library/Developer/Xcode/DerivedData/Prompt28-cgmmkisguitsyibyvnemfqvywbnv/Index.noindex/DataStore @/Users/nataliewhipps/Library/Developer/Xcode/DerivedData/Prompt28-cgmmkisguitsyibyvnemfqvywbnv/Build/Intermediates.noindex/Promises.build/Debug-iphonesimulator/FBLPromises.build/Objects-normal/x86_64/e6072d4f65d7061329687fe24e3d63a7-common-args.resp -include /Users/nataliewhipps/Library/Developer/Xcode/DerivedData/Prompt28-cgmmkisguitsyibyvnemfqvywbnv/Build/Intermediates.noindex/Promises.build/Debug-iphonesimulator/FBLPromises.build/DerivedSources/resource_bundle_accessor.h -MMD -MT dependencies -MF /Users/nataliewhipps/Library/Developer/Xcode/DerivedData/Prompt28-cgmmkisguitsyibyvnemfqvywbnv/Build/Intermediates.noindex/Promises.build/Debug-iphonesimulator/FBLPromises.build/Objects-normal/x86_64/FBLPromise+Always.d --serialize-diagnostics /Users/nataliewhipps/Library/Developer/Xcode/DerivedData/Prompt28-cgmmkisguitsyibyvnemfqvywbnv/Build/Intermediates.noindex/Promises.build/Debug-iphonesimulator/FBLPromises.build/Objects-normal/x86_64/FBLPromise+Always.dia -c /Users/nataliewhipps/Library/Developer/Xcode/DerivedData/Prompt28-cgmmkisguitsyibyvnemfqvywbnv/SourcePackages/checkouts/promises/Sources/FBLPromises/FBLPromise+Always.m -o /Users/nataliewhipps/Library/Developer/Xcode/DerivedData/Prompt28-cgmmkisguitsyibyvnemfqvywbnv/Build/Intermediates.noindex/Promises.build/Debug-iphonesimulator/FBLPromises.build/Objects-normal/x86_64/FBLPromise+Always.o -index-unit-output-path /Promises.build/Debug-iphonesimulator/FBLPromises.build/Objects-normal/x86_64/FBLPromise+Always.o

CompileC /Users/nataliewhipps/Library/Developer/Xcode/DerivedData/Prompt28-cgmmkisguitsyibyvnemfqvywbnv/Build/Intermediates.noindex/Promises.build/Debug-iphonesimulator/FBLPromises.build/Objects-normal/x86_64/FBLPromise+All.o /Users/nataliewhipps/Library/Developer/Xcode/DerivedData/Prompt28-cgmmkisguitsyibyvnemfqvywbnv/SourcePackages/checkouts/promises/Sources/FBLPromises/FBLPromise+All.m normal x86_64 objective-c com.apple.compilers.llvm.clang.1_0.compiler (in target 'FBLPromises' from project 'Promises')
    cd /Users/nataliewhipps/Desktop/Prompt28/Prompt28.xcodeproj
    
    Using response file: /Users/nataliewhipps/Library/Developer/Xcode/DerivedData/Prompt28-cgmmkisguitsyibyvnemfqvywbnv/Build/Intermediates.noindex/Promises.build/Debug-iphonesimulator/FBLPromises.build/Objects-normal/x86_64/e6072d4f65d7061329687fe24e3d63a7-common-args.resp
    
    /Applications/Xcode.app/Contents/Developer/Toolchains/XcodeDefault.xctoolchain/usr/bin/clang -x objective-c -ivfsstatcache /Users/nataliewhipps/Library/Developer/Xcode/DerivedData/SDKStatCaches.noindex/iphonesimulator26.2-23C57-7d00a8b37fbd7999ea79df8ebc024bf0.sdkstatcache -fmessage-length\=0 -fdiagnostics-show-note-include-stack -fmacro-backtrace-limit\=0 -fno-color-diagnostics -fmodules-prune-interval\=86400 -fmodules-prune-after\=345600 -fbuild-session-file\=/Users/nataliewhipps/Library/Developer/Xcode/DerivedData/ModuleCache.noindex/Session.modulevalidation -fmodules-validate-once-per-build-session -Wnon-modular-include-in-framework-module -Werror\=non-modular-include-in-framework-module -Wno-trigraphs -Wno-missing-field-initializers -Wno-missing-prototypes -Wno-return-type -Wno-implicit-atomic-properties -Wno-objc-interface-ivars -Wno-arc-repeated-use-of-weak -Wno-missing-braces -Wparentheses -Wswitch -Wno-unused-function -Wno-unused-label -Wno-unused-parameter -Wno-unused-variable -Wunused-value -Wno-empty-body -Wno-uninitialized -Wno-unknown-pragmas -w -Wno-shadow -Wno-four-char-constants -Wno-conversion -Wno-constant-conversion -Wno-int-conversion -Wno-bool-conversion -Wno-enum-conversion -Wno-float-conversion -Wno-non-literal-null-conversion -Wno-objc-literal-conversion -Wshorten-64-to-32 -Wpointer-sign -Wno-newline-eof -Wno-selector -Wno-strict-selector-match -Wno-undeclared-selector -Wno-deprecated-implementations -Wno-implicit-fallthrough -fstrict-aliasing -Wprotocol -Wdeprecated-declarations -Wno-sign-conversion -Wno-infinite-recursion -Wno-comma -Wno-block-capture-autoreleasing -Wno-strict-prototypes -Wno-semicolon-before-method-body -index-store-path /Users/nataliewhipps/Library/Developer/Xcode/DerivedData/Prompt28-cgmmkisguitsyibyvnemfqvywbnv/Index.noindex/DataStore @/Users/nataliewhipps/Library/Developer/Xcode/DerivedData/Prompt28-cgmmkisguitsyibyvnemfqvywbnv/Build/Intermediates.noindex/Promises.build/Debug-iphonesimulator/FBLPromises.build/Objects-normal/x86_64/e6072d4f65d7061329687fe24e3d63a7-common-args.resp -include /Users/nataliewhipps/Library/Developer/Xcode/DerivedData/Prompt28-cgmmkisguitsyibyvnemfqvywbnv/Build/Intermediates.noindex/Promises.build/Debug-iphonesimulator/FBLPromises.build/DerivedSources/resource_bundle_accessor.h -MMD -MT dependencies -MF /Users/nataliewhipps/Library/Developer/Xcode/DerivedData/Prompt28-cgmmkisguitsyibyvnemfqvywbnv/Build/Intermediates.noindex/Promises.build/Debug-iphonesimulator/FBLPromises.build/Objects-normal/x86_64/FBLPromise+All.d --serialize-diagnostics /Users/nataliewhipps/Library/Developer/Xcode/DerivedData/Prompt28-cgmmkisguitsyibyvnemfqvywbnv/Build/Intermediates.noindex/Promises.build/Debug-iphonesimulator/FBLPromises.build/Objects-normal/x86_64/FBLPromise+All.dia -c /Users/nataliewhipps/Library/Developer/Xcode/DerivedData/Prompt28-cgmmkisguitsyibyvnemfqvywbnv/SourcePackages/checkouts/promises/Sources/FBLPromises/FBLPromise+All.m -o /Users/nataliewhipps/Library/Developer/Xcode/DerivedData/Prompt28-cgmmkisguitsyibyvnemfqvywbnv/Build/Intermediates.noindex/Promises.build/Debug-iphonesimulator/FBLPromises.build/Objects-normal/x86_64/FBLPromise+All.o -index-unit-output-path /Promises.build/Debug-iphonesimulator/FBLPromises.build/Objects-normal/x86_64/FBLPromise+All.o

CompileC /Users/nataliewhipps/Library/Developer/Xcode/DerivedData/Prompt28-cgmmkisguitsyibyvnemfqvywbnv/Build/Intermediates.noindex/AppCheck.build/Debug-iphonesimulator/AppCheckCore.build/Objects-normal/x86_64/GACURLSessionDataResponse.o /Users/nataliewhipps/Library/Developer/Xcode/DerivedData/Prompt28-cgmmkisguitsyibyvnemfqvywbnv/SourcePackages/checkouts/app-check/AppCheckCore/Sources/Core/APIService/GACURLSessionDataResponse.m normal x86_64 objective-c com.apple.compilers.llvm.clang.1_0.compiler (in target 'AppCheckCore' from project 'AppCheck')
    cd /Users/nataliewhipps/Desktop/Prompt28/Prompt28.xcodeproj
    
    Using response file: /Users/nataliewhipps/Library/Developer/Xcode/DerivedData/Prompt28-cgmmkisguitsyibyvnemfqvywbnv/Build/Intermediates.noindex/AppCheck.build/Debug-iphonesimulator/AppCheckCore.build/Objects-normal/x86_64/e6072d4f65d7061329687fe24e3d63a7-common-args.resp
    
    /Applications/Xcode.app/Contents/Developer/Toolchains/XcodeDefault.xctoolchain/usr/bin/clang -x objective-c -ivfsstatcache /Users/nataliewhipps/Library/Developer/Xcode/DerivedData/SDKStatCaches.noindex/iphonesimulator26.2-23C57-7d00a8b37fbd7999ea79df8ebc024bf0.sdkstatcache -fmessage-length\=0 -fdiagnostics-show-note-include-stack -fmacro-backtrace-limit\=0 -fno-color-diagnostics -fmodules-prune-interval\=86400 -fmodules-prune-after\=345600 -fbuild-session-file\=/Users/nataliewhipps/Library/Developer/Xcode/DerivedData/ModuleCache.noindex/Session.modulevalidation -fmodules-validate-once-per-build-session -Wnon-modular-include-in-framework-module -Werror\=non-modular-include-in-framework-module -Wno-trigraphs -Wno-missing-field-initializers -Wno-missing-prototypes -Wno-return-type -Wno-implicit-atomic-properties -Wno-objc-interface-ivars -Wno-arc-repeated-use-of-weak -Wno-missing-braces -Wparentheses -Wswitch -Wno-unused-function -Wno-unused-label -Wno-unused-parameter -Wno-unused-variable -Wunused-value -Wno-empty-body -Wno-uninitialized -Wno-unknown-pragmas -w -Wno-shadow -Wno-four-char-constants -Wno-conversion -Wno-constant-conversion -Wno-int-conversion -Wno-bool-conversion -Wno-enum-conversion -Wno-float-conversion -Wno-non-literal-null-conversion -Wno-objc-literal-conversion -Wshorten-64-to-32 -Wpointer-sign -Wno-newline-eof -Wno-selector -Wno-strict-selector-match -Wno-undeclared-selector -Wno-deprecated-implementations -Wno-implicit-fallthrough -fstrict-aliasing -Wprotocol -Wdeprecated-declarations -Wno-sign-conversion -Wno-infinite-recursion -Wno-comma -Wno-block-capture-autoreleasing -Wno-strict-prototypes -Wno-semicolon-before-method-body -index-store-path /Users/nataliewhipps/Library/Developer/Xcode/DerivedData/Prompt28-cgmmkisguitsyibyvnemfqvywbnv/Index.noindex/DataStore @/Users/nataliewhipps/Library/Developer/Xcode/DerivedData/Prompt28-cgmmkisguitsyibyvnemfqvywbnv/Build/Intermediates.noindex/AppCheck.build/Debug-iphonesimulator/AppCheckCore.build/Objects-normal/x86_64/e6072d4f65d7061329687fe24e3d63a7-common-args.resp -MMD -MT dependencies -MF /Users/nataliewhipps/Library/Developer/Xcode/DerivedData/Prompt28-cgmmkisguitsyibyvnemfqvywbnv/Build/Intermediates.noindex/AppCheck.build/Debug-iphonesimulator/AppCheckCore.build/Objects-normal/x86_64/GACURLSessionDataResponse.d --serialize-diagnostics /Users/nataliewhipps/Library/Developer/Xcode/DerivedData/Prompt28-cgmmkisguitsyibyvnemfqvywbnv/Build/Intermediates.noindex/AppCheck.build/Debug-iphonesimulator/AppCheckCore.build/Objects-normal/x86_64/GACURLSessionDataResponse.dia -c /Users/nataliewhipps/Library/Developer/Xcode/DerivedData/Prompt28-cgmmkisguitsyibyvnemfqvywbnv/SourcePackages/checkouts/app-check/AppCheckCore/Sources/Core/APIService/GACURLSessionDataResponse.m -o /Users/nataliewhipps/Library/Developer/Xcode/DerivedData/Prompt28-cgmmkisguitsyibyvnemfqvywbnv/Build/Intermediates.noindex/AppCheck.build/Debug-iphonesimulator/AppCheckCore.build/Objects-normal/x86_64/GACURLSessionDataResponse.o -index-unit-output-path /AppCheck.build/Debug-iphonesimulator/AppCheckCore.build/Objects-normal/x86_64/GACURLSessionDataResponse.o

CompileC /Users/nataliewhipps/Library/Developer/Xcode/DerivedData/Prompt28-cgmmkisguitsyibyvnemfqvywbnv/Build/Intermediates.noindex/AppCheck.build/Debug-iphonesimulator/AppCheckCore.build/Objects-normal/x86_64/GACAppCheckTokenResult.o /Users/nataliewhipps/Library/Developer/Xcode/DerivedData/Prompt28-cgmmkisguitsyibyvnemfqvywbnv/SourcePackages/checkouts/app-check/AppCheckCore/Sources/Core/GACAppCheckTokenResult.m normal x86_64 objective-c com.apple.compilers.llvm.clang.1_0.compiler (in target 'AppCheckCore' from project 'AppCheck')
    cd /Users/nataliewhipps/Desktop/Prompt28/Prompt28.xcodeproj
    
    Using response file: /Users/nataliewhipps/Library/Developer/Xcode/DerivedData/Prompt28-cgmmkisguitsyibyvnemfqvywbnv/Build/Intermediates.noindex/AppCheck.build/Debug-iphonesimulator/AppCheckCore.build/Objects-normal/x86_64/e6072d4f65d7061329687fe24e3d63a7-common-args.resp
    
    /Applications/Xcode.app/Contents/Developer/Toolchains/XcodeDefault.xctoolchain/usr/bin/clang -x objective-c -ivfsstatcache /Users/nataliewhipps/Library/Developer/Xcode/DerivedData/SDKStatCaches.noindex/iphonesimulator26.2-23C57-7d00a8b37fbd7999ea79df8ebc024bf0.sdkstatcache -fmessage-length\=0 -fdiagnostics-show-note-include-stack -fmacro-backtrace-limit\=0 -fno-color-diagnostics -fmodules-prune-interval\=86400 -fmodules-prune-after\=345600 -fbuild-session-file\=/Users/nataliewhipps/Library/Developer/Xcode/DerivedData/ModuleCache.noindex/Session.modulevalidation -fmodules-validate-once-per-build-session -Wnon-modular-include-in-framework-module -Werror\=non-modular-include-in-framework-module -Wno-trigraphs -Wno-missing-field-initializers -Wno-missing-prototypes -Wno-return-type -Wno-implicit-atomic-properties -Wno-objc-interface-ivars -Wno-arc-repeated-use-of-weak -Wno-missing-braces -Wparentheses -Wswitch -Wno-unused-function -Wno-unused-label -Wno-unused-parameter -Wno-unused-variable -Wunused-value -Wno-empty-body -Wno-uninitialized -Wno-unknown-pragmas -w -Wno-shadow -Wno-four-char-constants -Wno-conversion -Wno-constant-conversion -Wno-int-conversion -Wno-bool-conversion -Wno-enum-conversion -Wno-float-conversion -Wno-non-literal-null-conversion -Wno-objc-literal-conversion -Wshorten-64-to-32 -Wpointer-sign -Wno-newline-eof -Wno-selector -Wno-strict-selector-match -Wno-undeclared-selector -Wno-deprecated-implementations -Wno-implicit-fallthrough -fstrict-aliasing -Wprotocol -Wdeprecated-declarations -Wno-sign-conversion -Wno-infinite-recursion -Wno-comma -Wno-block-capture-autoreleasing -Wno-strict-prototypes -Wno-semicolon-before-method-body -index-store-path /Users/nataliewhipps/Library/Developer/Xcode/DerivedData/Prompt28-cgmmkisguitsyibyvnemfqvywbnv/Index.noindex/DataStore @/Users/nataliewhipps/Library/Developer/Xcode/DerivedData/Prompt28-cgmmkisguitsyibyvnemfqvywbnv/Build/Intermediates.noindex/AppCheck.build/Debug-iphonesimulator/AppCheckCore.build/Objects-normal/x86_64/e6072d4f65d7061329687fe24e3d63a7-common-args.resp -MMD -MT dependencies -MF /Users/nataliewhipps/Library/Developer/Xcode/DerivedData/Prompt28-cgmmkisguitsyibyvnemfqvywbnv/Build/Intermediates.noindex/AppCheck.build/Debug-iphonesimulator/AppCheckCore.build/Objects-normal/x86_64/GACAppCheckTokenResult.d --serialize-diagnostics /Users/nataliewhipps/Library/Developer/Xcode/DerivedData/Prompt28-cgmmkisguitsyibyvnemfqvywbnv/Build/Intermediates.noindex/AppCheck.build/Debug-iphonesimulator/AppCheckCore.build/Objects-normal/x86_64/GACAppCheckTokenResult.dia -c /Users/nataliewhipps/Library/Developer/Xcode/DerivedData/Prompt28-cgmmkisguitsyibyvnemfqvywbnv/SourcePackages/checkouts/app-check/AppCheckCore/Sources/Core/GACAppCheckTokenResult.m -o /Users/nataliewhipps/Library/Developer/Xcode/DerivedData/Prompt28-cgmmkisguitsyibyvnemfqvywbnv/Build/Intermediates.noindex/AppCheck.build/Debug-iphonesimulator/AppCheckCore.build/Objects-normal/x86_64/GACAppCheckTokenResult.o -index-unit-output-path /AppCheck.build/Debug-iphonesimulator/AppCheckCore.build/Objects-normal/x86_64/GACAppCheckTokenResult.o

CompileC /Users/nataliewhipps/Library/Developer/Xcode/DerivedData/Prompt28-cgmmkisguitsyibyvnemfqvywbnv/Build/Intermediates.noindex/AppCheck.build/Debug-iphonesimulator/AppCheckCore.build/Objects-normal/x86_64/GACAppCheckTokenRefresher.o /Users/nataliewhipps/Library/Developer/Xcode/DerivedData/Prompt28-cgmmkisguitsyibyvnemfqvywbnv/SourcePackages/checkouts/app-check/AppCheckCore/Sources/Core/TokenRefresh/GACAppCheckTokenRefresher.m normal x86_64 objective-c com.apple.compilers.llvm.clang.1_0.compiler (in target 'AppCheckCore' from project 'AppCheck')
    cd /Users/nataliewhipps/Desktop/Prompt28/Prompt28.xcodeproj
    
    Using response file: /Users/nataliewhipps/Library/Developer/Xcode/DerivedData/Prompt28-cgmmkisguitsyibyvnemfqvywbnv/Build/Intermediates.noindex/AppCheck.build/Debug-iphonesimulator/AppCheckCore.build/Objects-normal/x86_64/e6072d4f65d7061329687fe24e3d63a7-common-args.resp
    
    /Applications/Xcode.app/Contents/Developer/Toolchains/XcodeDefault.xctoolchain/usr/bin/clang -x objective-c -ivfsstatcache /Users/nataliewhipps/Library/Developer/Xcode/DerivedData/SDKStatCaches.noindex/iphonesimulator26.2-23C57-7d00a8b37fbd7999ea79df8ebc024bf0.sdkstatcache -fmessage-length\=0 -fdiagnostics-show-note-include-stack -fmacro-backtrace-limit\=0 -fno-color-diagnostics -fmodules-prune-interval\=86400 -fmodules-prune-after\=345600 -fbuild-session-file\=/Users/nataliewhipps/Library/Developer/Xcode/DerivedData/ModuleCache.noindex/Session.modulevalidation -fmodules-validate-once-per-build-session -Wnon-modular-include-in-framework-module -Werror\=non-modular-include-in-framework-module -Wno-trigraphs -Wno-missing-field-initializers -Wno-missing-prototypes -Wno-return-type -Wno-implicit-atomic-properties -Wno-objc-interface-ivars -Wno-arc-repeated-use-of-weak -Wno-missing-braces -Wparentheses -Wswitch -Wno-unused-function -Wno-unused-label -Wno-unused-parameter -Wno-unused-variable -Wunused-value -Wno-empty-body -Wno-uninitialized -Wno-unknown-pragmas -w -Wno-shadow -Wno-four-char-constants -Wno-conversion -Wno-constant-conversion -Wno-int-conversion -Wno-bool-conversion -Wno-enum-conversion -Wno-float-conversion -Wno-non-literal-null-conversion -Wno-objc-literal-conversion -Wshorten-64-to-32 -Wpointer-sign -Wno-newline-eof -Wno-selector -Wno-strict-selector-match -Wno-undeclared-selector -Wno-deprecated-implementations -Wno-implicit-fallthrough -fstrict-aliasing -Wprotocol -Wdeprecated-declarations -Wno-sign-conversion -Wno-infinite-recursion -Wno-comma -Wno-block-capture-autoreleasing -Wno-strict-prototypes -Wno-semicolon-before-method-body -index-store-path /Users/nataliewhipps/Library/Developer/Xcode/DerivedData/Prompt28-cgmmkisguitsyibyvnemfqvywbnv/Index.noindex/DataStore @/Users/nataliewhipps/Library/Developer/Xcode/DerivedData/Prompt28-cgmmkisguitsyibyvnemfqvywbnv/Build/Intermediates.noindex/AppCheck.build/Debug-iphonesimulator/AppCheckCore.build/Objects-normal/x86_64/e6072d4f65d7061329687fe24e3d63a7-common-args.resp -MMD -MT dependencies -MF /Users/nataliewhipps/Library/Developer/Xcode/DerivedData/Prompt28-cgmmkisguitsyibyvnemfqvywbnv/Build/Intermediates.noindex/AppCheck.build/Debug-iphonesimulator/AppCheckCore.build/Objects-normal/x86_64/GACAppCheckTokenRefresher.d --serialize-diagnostics /Users/nataliewhipps/Library/Developer/Xcode/DerivedData/Prompt28-cgmmkisguitsyibyvnemfqvywbnv/Build/Intermediates.noindex/AppCheck.build/Debug-iphonesimulator/AppCheckCore.build/Objects-normal/x86_64/GACAppCheckTokenRefresher.dia -c /Users/nataliewhipps/Library/Developer/Xcode/DerivedData/Prompt28-cgmmkisguitsyibyvnemfqvywbnv/SourcePackages/checkouts/app-check/AppCheckCore/Sources/Core/TokenRefresh/GACAppCheckTokenRefresher.m -o /Users/nataliewhipps/Library/Developer/Xcode/DerivedData/Prompt28-cgmmkisguitsyibyvnemfqvywbnv/Build/Intermediates.noindex/AppCheck.build/Debug-iphonesimulator/AppCheckCore.build/Objects-normal/x86_64/GACAppCheckTokenRefresher.o -index-unit-output-path /AppCheck.build/Debug-iphonesimulator/AppCheckCore.build/Objects-normal/x86_64/GACAppCheckTokenRefresher.o

CompileC /Users/nataliewhipps/Library/Developer/Xcode/DerivedData/Prompt28-cgmmkisguitsyibyvnemfqvywbnv/Build/Intermediates.noindex/AppCheck.build/Debug-iphonesimulator/AppCheckCore.build/Objects-normal/x86_64/GACAppCheckTokenRefreshResult.o /Users/nataliewhipps/Library/Developer/Xcode/DerivedData/Prompt28-cgmmkisguitsyibyvnemfqvywbnv/SourcePackages/checkouts/app-check/AppCheckCore/Sources/Core/TokenRefresh/GACAppCheckTokenRefreshResult.m normal x86_64 objective-c com.apple.compilers.llvm.clang.1_0.compiler (in target 'AppCheckCore' from project 'AppCheck')
    cd /Users/nataliewhipps/Desktop/Prompt28/Prompt28.xcodeproj
    
    Using response file: /Users/nataliewhipps/Library/Developer/Xcode/DerivedData/Prompt28-cgmmkisguitsyibyvnemfqvywbnv/Build/Intermediates.noindex/AppCheck.build/Debug-iphonesimulator/AppCheckCore.build/Objects-normal/x86_64/e6072d4f65d7061329687fe24e3d63a7-common-args.resp
    
    /Applications/Xcode.app/Contents/Developer/Toolchains/XcodeDefault.xctoolchain/usr/bin/clang -x objective-c -ivfsstatcache /Users/nataliewhipps/Library/Developer/Xcode/DerivedData/SDKStatCaches.noindex/iphonesimulator26.2-23C57-7d00a8b37fbd7999ea79df8ebc024bf0.sdkstatcache -fmessage-length\=0 -fdiagnostics-show-note-include-stack -fmacro-backtrace-limit\=0 -fno-color-diagnostics -fmodules-prune-interval\=86400 -fmodules-prune-after\=345600 -fbuild-session-file\=/Users/nataliewhipps/Library/Developer/Xcode/DerivedData/ModuleCache.noindex/Session.modulevalidation -fmodules-validate-once-per-build-session -Wnon-modular-include-in-framework-module -Werror\=non-modular-include-in-framework-module -Wno-trigraphs -Wno-missing-field-initializers -Wno-missing-prototypes -Wno-return-type -Wno-implicit-atomic-properties -Wno-objc-interface-ivars -Wno-arc-repeated-use-of-weak -Wno-missing-braces -Wparentheses -Wswitch -Wno-unused-function -Wno-unused-label -Wno-unused-parameter -Wno-unused-variable -Wunused-value -Wno-empty-body -Wno-uninitialized -Wno-unknown-pragmas -w -Wno-shadow -Wno-four-char-constants -Wno-conversion -Wno-constant-conversion -Wno-int-conversion -Wno-bool-conversion -Wno-enum-conversion -Wno-float-conversion -Wno-non-literal-null-conversion -Wno-objc-literal-conversion -Wshorten-64-to-32 -Wpointer-sign -Wno-newline-eof -Wno-selector -Wno-strict-selector-match -Wno-undeclared-selector -Wno-deprecated-implementations -Wno-implicit-fallthrough -fstrict-aliasing -Wprotocol -Wdeprecated-declarations -Wno-sign-conversion -Wno-infinite-recursion -Wno-comma -Wno-block-capture-autoreleasing -Wno-strict-prototypes -Wno-semicolon-before-method-body -index-store-path /Users/nataliewhipps/Library/Developer/Xcode/DerivedData/Prompt28-cgmmkisguitsyibyvnemfqvywbnv/Index.noindex/DataStore @/Users/nataliewhipps/Library/Developer/Xcode/DerivedData/Prompt28-cgmmkisguitsyibyvnemfqvywbnv/Build/Intermediates.noindex/AppCheck.build/Debug-iphonesimulator/AppCheckCore.build/Objects-normal/x86_64/e6072d4f65d7061329687fe24e3d63a7-common-args.resp -MMD -MT dependencies -MF /Users/nataliewhipps/Library/Developer/Xcode/DerivedData/Prompt28-cgmmkisguitsyibyvnemfqvywbnv/Build/Intermediates.noindex/AppCheck.build/Debug-iphonesimulator/AppCheckCore.build/Objects-normal/x86_64/GACAppCheckTokenRefreshResult.d --serialize-diagnostics /Users/nataliewhipps/Library/Developer/Xcode/DerivedData/Prompt28-cgmmkisguitsyibyvnemfqvywbnv/Build/Intermediates.noindex/AppCheck.build/Debug-iphonesimulator/AppCheckCore.build/Objects-normal/x86_64/GACAppCheckTokenRefreshResult.dia -c /Users/nataliewhipps/Library/Developer/Xcode/DerivedData/Prompt28-cgmmkisguitsyibyvnemfqvywbnv/SourcePackages/checkouts/app-check/AppCheckCore/Sources/Core/TokenRefresh/GACAppCheckTokenRefreshResult.m -o /Users/nataliewhipps/Library/Developer/Xcode/DerivedData/Prompt28-cgmmkisguitsyibyvnemfqvywbnv/Build/Intermediates.noindex/AppCheck.build/Debug-iphonesimulator/AppCheckCore.build/Objects-normal/x86_64/GACAppCheckTokenRefreshResult.o -index-unit-output-path /AppCheck.build/Debug-iphonesimulator/AppCheckCore.build/Objects-normal/x86_64/GACAppCheckTokenRefreshResult.o

CompileC /Users/nataliewhipps/Library/Developer/Xcode/DerivedData/Prompt28-cgmmkisguitsyibyvnemfqvywbnv/Build/Intermediates.noindex/AppCheck.build/Debug-iphonesimulator/AppCheckCore.build/Objects-normal/x86_64/GACAppCheckToken.o /Users/nataliewhipps/Library/Developer/Xcode/DerivedData/Prompt28-cgmmkisguitsyibyvnemfqvywbnv/SourcePackages/checkouts/app-check/AppCheckCore/Sources/Core/GACAppCheckToken.m normal x86_64 objective-c com.apple.compilers.llvm.clang.1_0.compiler (in target 'AppCheckCore' from project 'AppCheck')
    cd /Users/nataliewhipps/Desktop/Prompt28/Prompt28.xcodeproj
    
    Using response file: /Users/nataliewhipps/Library/Developer/Xcode/DerivedData/Prompt28-cgmmkisguitsyibyvnemfqvywbnv/Build/Intermediates.noindex/AppCheck.build/Debug-iphonesimulator/AppCheckCore.build/Objects-normal/x86_64/e6072d4f65d7061329687fe24e3d63a7-common-args.resp
    
    /Applications/Xcode.app/Contents/Developer/Toolchains/XcodeDefault.xctoolchain/usr/bin/clang -x objective-c -ivfsstatcache /Users/nataliewhipps/Library/Developer/Xcode/DerivedData/SDKStatCaches.noindex/iphonesimulator26.2-23C57-7d00a8b37fbd7999ea79df8ebc024bf0.sdkstatcache -fmessage-length\=0 -fdiagnostics-show-note-include-stack -fmacro-backtrace-limit\=0 -fno-color-diagnostics -fmodules-prune-interval\=86400 -fmodules-prune-after\=345600 -fbuild-session-file\=/Users/nataliewhipps/Library/Developer/Xcode/DerivedData/ModuleCache.noindex/Session.modulevalidation -fmodules-validate-once-per-build-session -Wnon-modular-include-in-framework-module -Werror\=non-modular-include-in-framework-module -Wno-trigraphs -Wno-missing-field-initializers -Wno-missing-prototypes -Wno-return-type -Wno-implicit-atomic-properties -Wno-objc-interface-ivars -Wno-arc-repeated-use-of-weak -Wno-missing-braces -Wparentheses -Wswitch -Wno-unused-function -Wno-unused-label -Wno-unused-parameter -Wno-unused-variable -Wunused-value -Wno-empty-body -Wno-uninitialized -Wno-unknown-pragmas -w -Wno-shadow -Wno-four-char-constants -Wno-conversion -Wno-constant-conversion -Wno-int-conversion -Wno-bool-conversion -Wno-enum-conversion -Wno-float-conversion -Wno-non-literal-null-conversion -Wno-objc-literal-conversion -Wshorten-64-to-32 -Wpointer-sign -Wno-newline-eof -Wno-selector -Wno-strict-selector-match -Wno-undeclared-selector -Wno-deprecated-implementations -Wno-implicit-fallthrough -fstrict-aliasing -Wprotocol -Wdeprecated-declarations -Wno-sign-conversion -Wno-infinite-recursion -Wno-comma -Wno-block-capture-autoreleasing -Wno-strict-prototypes -Wno-semicolon-before-method-body -index-store-path /Users/nataliewhipps/Library/Developer/Xcode/DerivedData/Prompt28-cgmmkisguitsyibyvnemfqvywbnv/Index.noindex/DataStore @/Users/nataliewhipps/Library/Developer/Xcode/DerivedData/Prompt28-cgmmkisguitsyibyvnemfqvywbnv/Build/Intermediates.noindex/AppCheck.build/Debug-iphonesimulator/AppCheckCore.build/Objects-normal/x86_64/e6072d4f65d7061329687fe24e3d63a7-common-args.resp -MMD -MT dependencies -MF /Users/nataliewhipps/Library/Developer/Xcode/DerivedData/Prompt28-cgmmkisguitsyibyvnemfqvywbnv/Build/Intermediates.noindex/AppCheck.build/Debug-iphonesimulator/AppCheckCore.build/Objects-normal/x86_64/GACAppCheckToken.d --serialize-diagnostics /Users/nataliewhipps/Library/Developer/Xcode/DerivedData/Prompt28-cgmmkisguitsyibyvnemfqvywbnv/Build/Intermediates.noindex/AppCheck.build/Debug-iphonesimulator/AppCheckCore.build/Objects-normal/x86_64/GACAppCheckToken.dia -c /Users/nataliewhipps/Library/Developer/Xcode/DerivedData/Prompt28-cgmmkisguitsyibyvnemfqvywbnv/SourcePackages/checkouts/app-check/AppCheckCore/Sources/Core/GACAppCheckToken.m -o /Users/nataliewhipps/Library/Developer/Xcode/DerivedData/Prompt28-cgmmkisguitsyibyvnemfqvywbnv/Build/Intermediates.noindex/AppCheck.build/Debug-iphonesimulator/AppCheckCore.build/Objects-normal/x86_64/GACAppCheckToken.o -index-unit-output-path /AppCheck.build/Debug-iphonesimulator/AppCheckCore.build/Objects-normal/x86_64/GACAppCheckToken.o

CompileC /Users/nataliewhipps/Library/Developer/Xcode/DerivedData/Prompt28-cgmmkisguitsyibyvnemfqvywbnv/Build/Intermediates.noindex/AppCheck.build/Debug-iphonesimulator/AppCheckCore.build/Objects-normal/x86_64/GACAppCheckTimer.o /Users/nataliewhipps/Library/Developer/Xcode/DerivedData/Prompt28-cgmmkisguitsyibyvnemfqvywbnv/SourcePackages/checkouts/app-check/AppCheckCore/Sources/Core/TokenRefresh/GACAppCheckTimer.m normal x86_64 objective-c com.apple.compilers.llvm.clang.1_0.compiler (in target 'AppCheckCore' from project 'AppCheck')
    cd /Users/nataliewhipps/Desktop/Prompt28/Prompt28.xcodeproj
    
    Using response file: /Users/nataliewhipps/Library/Developer/Xcode/DerivedData/Prompt28-cgmmkisguitsyibyvnemfqvywbnv/Build/Intermediates.noindex/AppCheck.build/Debug-iphonesimulator/AppCheckCore.build/Objects-normal/x86_64/e6072d4f65d7061329687fe24e3d63a7-common-args.resp
    
    /Applications/Xcode.app/Contents/Developer/Toolchains/XcodeDefault.xctoolchain/usr/bin/clang -x objective-c -ivfsstatcache /Users/nataliewhipps/Library/Developer/Xcode/DerivedData/SDKStatCaches.noindex/iphonesimulator26.2-23C57-7d00a8b37fbd7999ea79df8ebc024bf0.sdkstatcache -fmessage-length\=0 -fdiagnostics-show-note-include-stack -fmacro-backtrace-limit\=0 -fno-color-diagnostics -fmodules-prune-interval\=86400 -fmodules-prune-after\=345600 -fbuild-session-file\=/Users/nataliewhipps/Library/Developer/Xcode/DerivedData/ModuleCache.noindex/Session.modulevalidation -fmodules-validate-once-per-build-session -Wnon-modular-include-in-framework-module -Werror\=non-modular-include-in-framework-module -Wno-trigraphs -Wno-missing-field-initializers -Wno-missing-prototypes -Wno-return-type -Wno-implicit-atomic-properties -Wno-objc-interface-ivars -Wno-arc-repeated-use-of-weak -Wno-missing-braces -Wparentheses -Wswitch -Wno-unused-function -Wno-unused-label -Wno-unused-parameter -Wno-unused-variable -Wunused-value -Wno-empty-body -Wno-uninitialized -Wno-unknown-pragmas -w -Wno-shadow -Wno-four-char-constants -Wno-conversion -Wno-constant-conversion -Wno-int-conversion -Wno-bool-conversion -Wno-enum-conversion -Wno-float-conversion -Wno-non-literal-null-conversion -Wno-objc-literal-conversion -Wshorten-64-to-32 -Wpointer-sign -Wno-newline-eof -Wno-selector -Wno-strict-selector-match -Wno-undeclared-selector -Wno-deprecated-implementations -Wno-implicit-fallthrough -fstrict-aliasing -Wprotocol -Wdeprecated-declarations -Wno-sign-conversion -Wno-infinite-recursion -Wno-comma -Wno-block-capture-autoreleasing -Wno-strict-prototypes -Wno-semicolon-before-method-body -index-store-path /Users/nataliewhipps/Library/Developer/Xcode/DerivedData/Prompt28-cgmmkisguitsyibyvnemfqvywbnv/Index.noindex/DataStore @/Users/nataliewhipps/Library/Developer/Xcode/DerivedData/Prompt28-cgmmkisguitsyibyvnemfqvywbnv/Build/Intermediates.noindex/AppCheck.build/Debug-iphonesimulator/AppCheckCore.build/Objects-normal/x86_64/e6072d4f65d7061329687fe24e3d63a7-common-args.resp -MMD -MT dependencies -MF /Users/nataliewhipps/Library/Developer/Xcode/DerivedData/Prompt28-cgmmkisguitsyibyvnemfqvywbnv/Build/Intermediates.noindex/AppCheck.build/Debug-iphonesimulator/AppCheckCore.build/Objects-normal/x86_64/GACAppCheckTimer.d --serialize-diagnostics /Users/nataliewhipps/Library/Developer/Xcode/DerivedData/Prompt28-cgmmkisguitsyibyvnemfqvywbnv/Build/Intermediates.noindex/AppCheck.build/Debug-iphonesimulator/AppCheckCore.build/Objects-normal/x86_64/GACAppCheckTimer.dia -c /Users/nataliewhipps/Library/Developer/Xcode/DerivedData/Prompt28-cgmmkisguitsyibyvnemfqvywbnv/SourcePackages/checkouts/app-check/AppCheckCore/Sources/Core/TokenRefresh/GACAppCheckTimer.m -o /Users/nataliewhipps/Library/Developer/Xcode/DerivedData/Prompt28-cgmmkisguitsyibyvnemfqvywbnv/Build/Intermediates.noindex/AppCheck.build/Debug-iphonesimulator/AppCheckCore.build/Objects-normal/x86_64/GACAppCheckTimer.o -index-unit-output-path /AppCheck.build/Debug-iphonesimulator/AppCheckCore.build/Objects-normal/x86_64/GACAppCheckTimer.o

Ld /Users/nataliewhipps/Library/Developer/Xcode/DerivedData/Prompt28-cgmmkisguitsyibyvnemfqvywbnv/Build/Products/Debug-iphonesimulator/FBLPromises.o normal (in target 'FBLPromises' from project 'Promises')
    cd /Users/nataliewhipps/Library/Developer/Xcode/DerivedData/Prompt28-cgmmkisguitsyibyvnemfqvywbnv/SourcePackages/checkouts/promises
    /Applications/Xcode.app/Contents/Developer/Toolchains/XcodeDefault.xctoolchain/usr/bin/clang -Xlinker -reproducible -target x86_64-apple-ios12.0-simulator -r -isysroot /Applications/Xcode.app/Contents/Developer/Platforms/iPhoneSimulator.platform/Developer/SDKs/iPhoneSimulator26.2.sdk -O0 -w -L/Users/nataliewhipps/Library/Developer/Xcode/DerivedData/Prompt28-cgmmkisguitsyibyvnemfqvywbnv/Build/Intermediates.noindex/EagerLinkingTBDs/Debug-iphonesimulator -L/Users/nataliewhipps/Library/Developer/Xcode/DerivedData/Prompt28-cgmmkisguitsyibyvnemfqvywbnv/Build/Products/Debug-iphonesimulator -L/Applications/Xcode.app/Contents/Developer/Platforms/iPhoneSimulator.platform/Developer/usr/lib -F/Users/nataliewhipps/Library/Developer/Xcode/DerivedData/Prompt28-cgmmkisguitsyibyvnemfqvywbnv/Build/Intermediates.noindex/EagerLinkingTBDs/Debug-iphonesimulator -F/Users/nataliewhipps/Library/Developer/Xcode/DerivedData/Prompt28-cgmmkisguitsyibyvnemfqvywbnv/Build/Products/Debug-iphonesimulator -iframework /Applications/Xcode.app/Contents/Developer/Platforms/iPhoneSimulator.platform/Developer/Library/Frameworks -iframework /Applications/Xcode.app/Contents/Developer/Platforms/iPhoneSimulator.platform/Developer/SDKs/iPhoneSimulator26.2.sdk/Developer/Library/Frameworks -filelist /Users/nataliewhipps/Library/Developer/Xcode/DerivedData/Prompt28-cgmmkisguitsyibyvnemfqvywbnv/Build/Intermediates.noindex/Promises.build/Debug-iphonesimulator/FBLPromises.build/Objects-normal/x86_64/FBLPromises.LinkFileList -nostdlib -Xlinker -object_path_lto -Xlinker /Users/nataliewhipps/Library/Developer/Xcode/DerivedData/Prompt28-cgmmkisguitsyibyvnemfqvywbnv/Build/Intermediates.noindex/Promises.build/Debug-iphonesimulator/FBLPromises.build/Objects-normal/x86_64/FBLPromises_lto.o -rdynamic -Xlinker -no_deduplicate -Xlinker -objc_abi_version -Xlinker 2 -Xlinker -debug_variant -Xlinker -dependency_info -Xlinker /Users/nataliewhipps/Library/Developer/Xcode/DerivedData/Prompt28-cgmmkisguitsyibyvnemfqvywbnv/Build/Intermediates.noindex/Promises.build/Debug-iphonesimulator/FBLPromises.build/Objects-normal/x86_64/FBLPromises_dependency_info.dat -fobjc-arc -fobjc-link-runtime -o /Users/nataliewhipps/Library/Developer/Xcode/DerivedData/Prompt28-cgmmkisguitsyibyvnemfqvywbnv/Build/Products/Debug-iphonesimulator/FBLPromises.o

CompileC /Users/nataliewhipps/Library/Developer/Xcode/DerivedData/Prompt28-cgmmkisguitsyibyvnemfqvywbnv/Build/Intermediates.noindex/AppCheck.build/Debug-iphonesimulator/AppCheckCore.build/Objects-normal/x86_64/GACAppCheckStoredToken.o /Users/nataliewhipps/Library/Developer/Xcode/DerivedData/Prompt28-cgmmkisguitsyibyvnemfqvywbnv/SourcePackages/checkouts/app-check/AppCheckCore/Sources/Core/Storage/GACAppCheckStoredToken.m normal x86_64 objective-c com.apple.compilers.llvm.clang.1_0.compiler (in target 'AppCheckCore' from project 'AppCheck')
    cd /Users/nataliewhipps/Desktop/Prompt28/Prompt28.xcodeproj
    
    Using response file: /Users/nataliewhipps/Library/Developer/Xcode/DerivedData/Prompt28-cgmmkisguitsyibyvnemfqvywbnv/Build/Intermediates.noindex/AppCheck.build/Debug-iphonesimulator/AppCheckCore.build/Objects-normal/x86_64/e6072d4f65d7061329687fe24e3d63a7-common-args.resp
    
    /Applications/Xcode.app/Contents/Developer/Toolchains/XcodeDefault.xctoolchain/usr/bin/clang -x objective-c -ivfsstatcache /Users/nataliewhipps/Library/Developer/Xcode/DerivedData/SDKStatCaches.noindex/iphonesimulator26.2-23C57-7d00a8b37fbd7999ea79df8ebc024bf0.sdkstatcache -fmessage-length\=0 -fdiagnostics-show-note-include-stack -fmacro-backtrace-limit\=0 -fno-color-diagnostics -fmodules-prune-interval\=86400 -fmodules-prune-after\=345600 -fbuild-session-file\=/Users/nataliewhipps/Library/Developer/Xcode/DerivedData/ModuleCache.noindex/Session.modulevalidation -fmodules-validate-once-per-build-session -Wnon-modular-include-in-framework-module -Werror\=non-modular-include-in-framework-module -Wno-trigraphs -Wno-missing-field-initializers -Wno-missing-prototypes -Wno-return-type -Wno-implicit-atomic-properties -Wno-objc-interface-ivars -Wno-arc-repeated-use-of-weak -Wno-missing-braces -Wparentheses -Wswitch -Wno-unused-function -Wno-unused-label -Wno-unused-parameter -Wno-unused-variable -Wunused-value -Wno-empty-body -Wno-uninitialized -Wno-unknown-pragmas -w -Wno-shadow -Wno-four-char-constants -Wno-conversion -Wno-constant-conversion -Wno-int-conversion -Wno-bool-conversion -Wno-enum-conversion -Wno-float-conversion -Wno-non-literal-null-conversion -Wno-objc-literal-conversion -Wshorten-64-to-32 -Wpointer-sign -Wno-newline-eof -Wno-selector -Wno-strict-selector-match -Wno-undeclared-selector -Wno-deprecated-implementations -Wno-implicit-fallthrough -fstrict-aliasing -Wprotocol -Wdeprecated-declarations -Wno-sign-conversion -Wno-infinite-recursion -Wno-comma -Wno-block-capture-autoreleasing -Wno-strict-prototypes -Wno-semicolon-before-method-body -index-store-path /Users/nataliewhipps/Library/Developer/Xcode/DerivedData/Prompt28-cgmmkisguitsyibyvnemfqvywbnv/Index.noindex/DataStore @/Users/nataliewhipps/Library/Developer/Xcode/DerivedData/Prompt28-cgmmkisguitsyibyvnemfqvywbnv/Build/Intermediates.noindex/AppCheck.build/Debug-iphonesimulator/AppCheckCore.build/Objects-normal/x86_64/e6072d4f65d7061329687fe24e3d63a7-common-args.resp -MMD -MT dependencies -MF /Users/nataliewhipps/Library/Developer/Xcode/DerivedData/Prompt28-cgmmkisguitsyibyvnemfqvywbnv/Build/Intermediates.noindex/AppCheck.build/Debug-iphonesimulator/AppCheckCore.build/Objects-normal/x86_64/GACAppCheckStoredToken.d --serialize-diagnostics /Users/nataliewhipps/Library/Developer/Xcode/DerivedData/Prompt28-cgmmkisguitsyibyvnemfqvywbnv/Build/Intermediates.noindex/AppCheck.build/Debug-iphonesimulator/AppCheckCore.build/Objects-normal/x86_64/GACAppCheckStoredToken.dia -c /Users/nataliewhipps/Library/Developer/Xcode/DerivedData/Prompt28-cgmmkisguitsyibyvnemfqvywbnv/SourcePackages/checkouts/app-check/AppCheckCore/Sources/Core/Storage/GACAppCheckStoredToken.m -o /Users/nataliewhipps/Library/Developer/Xcode/DerivedData/Prompt28-cgmmkisguitsyibyvnemfqvywbnv/Build/Intermediates.noindex/AppCheck.build/Debug-iphonesimulator/AppCheckCore.build/Objects-normal/x86_64/GACAppCheckStoredToken.o -index-unit-output-path /AppCheck.build/Debug-iphonesimulator/AppCheckCore.build/Objects-normal/x86_64/GACAppCheckStoredToken.o

CompileC /Users/nataliewhipps/Library/Developer/Xcode/DerivedData/Prompt28-cgmmkisguitsyibyvnemfqvywbnv/Build/Intermediates.noindex/AppCheck.build/Debug-iphonesimulator/AppCheckCore.build/Objects-normal/x86_64/GACAppCheckStoredToken+GACAppCheckToken.o /Users/nataliewhipps/Library/Developer/Xcode/DerivedData/Prompt28-cgmmkisguitsyibyvnemfqvywbnv/SourcePackages/checkouts/app-check/AppCheckCore/Sources/Core/Storage/GACAppCheckStoredToken+GACAppCheckToken.m normal x86_64 objective-c com.apple.compilers.llvm.clang.1_0.compiler (in target 'AppCheckCore' from project 'AppCheck')
    cd /Users/nataliewhipps/Desktop/Prompt28/Prompt28.xcodeproj
    
    Using response file: /Users/nataliewhipps/Library/Developer/Xcode/DerivedData/Prompt28-cgmmkisguitsyibyvnemfqvywbnv/Build/Intermediates.noindex/AppCheck.build/Debug-iphonesimulator/AppCheckCore.build/Objects-normal/x86_64/e6072d4f65d7061329687fe24e3d63a7-common-args.resp
    
    /Applications/Xcode.app/Contents/Developer/Toolchains/XcodeDefault.xctoolchain/usr/bin/clang -x objective-c -ivfsstatcache /Users/nataliewhipps/Library/Developer/Xcode/DerivedData/SDKStatCaches.noindex/iphonesimulator26.2-23C57-7d00a8b37fbd7999ea79df8ebc024bf0.sdkstatcache -fmessage-length\=0 -fdiagnostics-show-note-include-stack -fmacro-backtrace-limit\=0 -fno-color-diagnostics -fmodules-prune-interval\=86400 -fmodules-prune-after\=345600 -fbuild-session-file\=/Users/nataliewhipps/Library/Developer/Xcode/DerivedData/ModuleCache.noindex/Session.modulevalidation -fmodules-validate-once-per-build-session -Wnon-modular-include-in-framework-module -Werror\=non-modular-include-in-framework-module -Wno-trigraphs -Wno-missing-field-initializers -Wno-missing-prototypes -Wno-return-type -Wno-implicit-atomic-properties -Wno-objc-interface-ivars -Wno-arc-repeated-use-of-weak -Wno-missing-braces -Wparentheses -Wswitch -Wno-unused-function -Wno-unused-label -Wno-unused-parameter -Wno-unused-variable -Wunused-value -Wno-empty-body -Wno-uninitialized -Wno-unknown-pragmas -w -Wno-shadow -Wno-four-char-constants -Wno-conversion -Wno-constant-conversion -Wno-int-conversion -Wno-bool-conversion -Wno-enum-conversion -Wno-float-conversion -Wno-non-literal-null-conversion -Wno-objc-literal-conversion -Wshorten-64-to-32 -Wpointer-sign -Wno-newline-eof -Wno-selector -Wno-strict-selector-match -Wno-undeclared-selector -Wno-deprecated-implementations -Wno-implicit-fallthrough -fstrict-aliasing -Wprotocol -Wdeprecated-declarations -Wno-sign-conversion -Wno-infinite-recursion -Wno-comma -Wno-block-capture-autoreleasing -Wno-strict-prototypes -Wno-semicolon-before-method-body -index-store-path /Users/nataliewhipps/Library/Developer/Xcode/DerivedData/Prompt28-cgmmkisguitsyibyvnemfqvywbnv/Index.noindex/DataStore @/Users/nataliewhipps/Library/Developer/Xcode/DerivedData/Prompt28-cgmmkisguitsyibyvnemfqvywbnv/Build/Intermediates.noindex/AppCheck.build/Debug-iphonesimulator/AppCheckCore.build/Objects-normal/x86_64/e6072d4f65d7061329687fe24e3d63a7-common-args.resp -MMD -MT dependencies -MF /Users/nataliewhipps/Library/Developer/Xcode/DerivedData/Prompt28-cgmmkisguitsyibyvnemfqvywbnv/Build/Intermediates.noindex/AppCheck.build/Debug-iphonesimulator/AppCheckCore.build/Objects-normal/x86_64/GACAppCheckStoredToken+GACAppCheckToken.d --serialize-diagnostics /Users/nataliewhipps/Library/Developer/Xcode/DerivedData/Prompt28-cgmmkisguitsyibyvnemfqvywbnv/Build/Intermediates.noindex/AppCheck.build/Debug-iphonesimulator/AppCheckCore.build/Objects-normal/x86_64/GACAppCheckStoredToken+GACAppCheckToken.dia -c /Users/nataliewhipps/Library/Developer/Xcode/DerivedData/Prompt28-cgmmkisguitsyibyvnemfqvywbnv/SourcePackages/checkouts/app-check/AppCheckCore/Sources/Core/Storage/GACAppCheckStoredToken+GACAppCheckToken.m -o /Users/nataliewhipps/Library/Developer/Xcode/DerivedData/Prompt28-cgmmkisguitsyibyvnemfqvywbnv/Build/Intermediates.noindex/AppCheck.build/Debug-iphonesimulator/AppCheckCore.build/Objects-normal/x86_64/GACAppCheckStoredToken+GACAppCheckToken.o -index-unit-output-path /AppCheck.build/Debug-iphonesimulator/AppCheckCore.build/Objects-normal/x86_64/GACAppCheckStoredToken+GACAppCheckToken.o

CompileC /Users/nataliewhipps/Library/Developer/Xcode/DerivedData/Prompt28-cgmmkisguitsyibyvnemfqvywbnv/Build/Intermediates.noindex/AppCheck.build/Debug-iphonesimulator/AppCheckCore.build/Objects-normal/x86_64/GACAppCheckSettings.o /Users/nataliewhipps/Library/Developer/Xcode/DerivedData/Prompt28-cgmmkisguitsyibyvnemfqvywbnv/SourcePackages/checkouts/app-check/AppCheckCore/Sources/Core/GACAppCheckSettings.m normal x86_64 objective-c com.apple.compilers.llvm.clang.1_0.compiler (in target 'AppCheckCore' from project 'AppCheck')
    cd /Users/nataliewhipps/Desktop/Prompt28/Prompt28.xcodeproj
    
    Using response file: /Users/nataliewhipps/Library/Developer/Xcode/DerivedData/Prompt28-cgmmkisguitsyibyvnemfqvywbnv/Build/Intermediates.noindex/AppCheck.build/Debug-iphonesimulator/AppCheckCore.build/Objects-normal/x86_64/e6072d4f65d7061329687fe24e3d63a7-common-args.resp
    
    /Applications/Xcode.app/Contents/Developer/Toolchains/XcodeDefault.xctoolchain/usr/bin/clang -x objective-c -ivfsstatcache /Users/nataliewhipps/Library/Developer/Xcode/DerivedData/SDKStatCaches.noindex/iphonesimulator26.2-23C57-7d00a8b37fbd7999ea79df8ebc024bf0.sdkstatcache -fmessage-length\=0 -fdiagnostics-show-note-include-stack -fmacro-backtrace-limit\=0 -fno-color-diagnostics -fmodules-prune-interval\=86400 -fmodules-prune-after\=345600 -fbuild-session-file\=/Users/nataliewhipps/Library/Developer/Xcode/DerivedData/ModuleCache.noindex/Session.modulevalidation -fmodules-validate-once-per-build-session -Wnon-modular-include-in-framework-module -Werror\=non-modular-include-in-framework-module -Wno-trigraphs -Wno-missing-field-initializers -Wno-missing-prototypes -Wno-return-type -Wno-implicit-atomic-properties -Wno-objc-interface-ivars -Wno-arc-repeated-use-of-weak -Wno-missing-braces -Wparentheses -Wswitch -Wno-unused-function -Wno-unused-label -Wno-unused-parameter -Wno-unused-variable -Wunused-value -Wno-empty-body -Wno-uninitialized -Wno-unknown-pragmas -w -Wno-shadow -Wno-four-char-constants -Wno-conversion -Wno-constant-conversion -Wno-int-conversion -Wno-bool-conversion -Wno-enum-conversion -Wno-float-conversion -Wno-non-literal-null-conversion -Wno-objc-literal-conversion -Wshorten-64-to-32 -Wpointer-sign -Wno-newline-eof -Wno-selector -Wno-strict-selector-match -Wno-undeclared-selector -Wno-deprecated-implementations -Wno-implicit-fallthrough -fstrict-aliasing -Wprotocol -Wdeprecated-declarations -Wno-sign-conversion -Wno-infinite-recursion -Wno-comma -Wno-block-capture-autoreleasing -Wno-strict-prototypes -Wno-semicolon-before-method-body -index-store-path /Users/nataliewhipps/Library/Developer/Xcode/DerivedData/Prompt28-cgmmkisguitsyibyvnemfqvywbnv/Index.noindex/DataStore @/Users/nataliewhipps/Library/Developer/Xcode/DerivedData/Prompt28-cgmmkisguitsyibyvnemfqvywbnv/Build/Intermediates.noindex/AppCheck.build/Debug-iphonesimulator/AppCheckCore.build/Objects-normal/x86_64/e6072d4f65d7061329687fe24e3d63a7-common-args.resp -MMD -MT dependencies -MF /Users/nataliewhipps/Library/Developer/Xcode/DerivedData/Prompt28-cgmmkisguitsyibyvnemfqvywbnv/Build/Intermediates.noindex/AppCheck.build/Debug-iphonesimulator/AppCheckCore.build/Objects-normal/x86_64/GACAppCheckSettings.d --serialize-diagnostics /Users/nataliewhipps/Library/Developer/Xcode/DerivedData/Prompt28-cgmmkisguitsyibyvnemfqvywbnv/Build/Intermediates.noindex/AppCheck.build/Debug-iphonesimulator/AppCheckCore.build/Objects-normal/x86_64/GACAppCheckSettings.dia -c /Users/nataliewhipps/Library/Developer/Xcode/DerivedData/Prompt28-cgmmkisguitsyibyvnemfqvywbnv/SourcePackages/checkouts/app-check/AppCheckCore/Sources/Core/GACAppCheckSettings.m -o /Users/nataliewhipps/Library/Developer/Xcode/DerivedData/Prompt28-cgmmkisguitsyibyvnemfqvywbnv/Build/Intermediates.noindex/AppCheck.build/Debug-iphonesimulator/AppCheckCore.build/Objects-normal/x86_64/GACAppCheckSettings.o -index-unit-output-path /AppCheck.build/Debug-iphonesimulator/AppCheckCore.build/Objects-normal/x86_64/GACAppCheckSettings.o

CompileC /Users/nataliewhipps/Library/Developer/Xcode/DerivedData/Prompt28-cgmmkisguitsyibyvnemfqvywbnv/Build/Intermediates.noindex/AppCheck.build/Debug-iphonesimulator/AppCheckCore.build/Objects-normal/x86_64/GACAppCheckLogger.o /Users/nataliewhipps/Library/Developer/Xcode/DerivedData/Prompt28-cgmmkisguitsyibyvnemfqvywbnv/SourcePackages/checkouts/app-check/AppCheckCore/Sources/Core/GACAppCheckLogger.m normal x86_64 objective-c com.apple.compilers.llvm.clang.1_0.compiler (in target 'AppCheckCore' from project 'AppCheck')
    cd /Users/nataliewhipps/Desktop/Prompt28/Prompt28.xcodeproj
    
    Using response file: /Users/nataliewhipps/Library/Developer/Xcode/DerivedData/Prompt28-cgmmkisguitsyibyvnemfqvywbnv/Build/Intermediates.noindex/AppCheck.build/Debug-iphonesimulator/AppCheckCore.build/Objects-normal/x86_64/e6072d4f65d7061329687fe24e3d63a7-common-args.resp
    
    /Applications/Xcode.app/Contents/Developer/Toolchains/XcodeDefault.xctoolchain/usr/bin/clang -x objective-c -ivfsstatcache /Users/nataliewhipps/Library/Developer/Xcode/DerivedData/SDKStatCaches.noindex/iphonesimulator26.2-23C57-7d00a8b37fbd7999ea79df8ebc024bf0.sdkstatcache -fmessage-length\=0 -fdiagnostics-show-note-include-stack -fmacro-backtrace-limit\=0 -fno-color-diagnostics -fmodules-prune-interval\=86400 -fmodules-prune-after\=345600 -fbuild-session-file\=/Users/nataliewhipps/Library/Developer/Xcode/DerivedData/ModuleCache.noindex/Session.modulevalidation -fmodules-validate-once-per-build-session -Wnon-modular-include-in-framework-module -Werror\=non-modular-include-in-framework-module -Wno-trigraphs -Wno-missing-field-initializers -Wno-missing-prototypes -Wno-return-type -Wno-implicit-atomic-properties -Wno-objc-interface-ivars -Wno-arc-repeated-use-of-weak -Wno-missing-braces -Wparentheses -Wswitch -Wno-unused-function -Wno-unused-label -Wno-unused-parameter -Wno-unused-variable -Wunused-value -Wno-empty-body -Wno-uninitialized -Wno-unknown-pragmas -w -Wno-shadow -Wno-four-char-constants -Wno-conversion -Wno-constant-conversion -Wno-int-conversion -Wno-bool-conversion -Wno-enum-conversion -Wno-float-conversion -Wno-non-literal-null-conversion -Wno-objc-literal-conversion -Wshorten-64-to-32 -Wpointer-sign -Wno-newline-eof -Wno-selector -Wno-strict-selector-match -Wno-undeclared-selector -Wno-deprecated-implementations -Wno-implicit-fallthrough -fstrict-aliasing -Wprotocol -Wdeprecated-declarations -Wno-sign-conversion -Wno-infinite-recursion -Wno-comma -Wno-block-capture-autoreleasing -Wno-strict-prototypes -Wno-semicolon-before-method-body -index-store-path /Users/nataliewhipps/Library/Developer/Xcode/DerivedData/Prompt28-cgmmkisguitsyibyvnemfqvywbnv/Index.noindex/DataStore @/Users/nataliewhipps/Library/Developer/Xcode/DerivedData/Prompt28-cgmmkisguitsyibyvnemfqvywbnv/Build/Intermediates.noindex/AppCheck.build/Debug-iphonesimulator/AppCheckCore.build/Objects-normal/x86_64/e6072d4f65d7061329687fe24e3d63a7-common-args.resp -MMD -MT dependencies -MF /Users/nataliewhipps/Library/Developer/Xcode/DerivedData/Prompt28-cgmmkisguitsyibyvnemfqvywbnv/Build/Intermediates.noindex/AppCheck.build/Debug-iphonesimulator/AppCheckCore.build/Objects-normal/x86_64/GACAppCheckLogger.d --serialize-diagnostics /Users/nataliewhipps/Library/Developer/Xcode/DerivedData/Prompt28-cgmmkisguitsyibyvnemfqvywbnv/Build/Intermediates.noindex/AppCheck.build/Debug-iphonesimulator/AppCheckCore.build/Objects-normal/x86_64/GACAppCheckLogger.dia -c /Users/nataliewhipps/Library/Developer/Xcode/DerivedData/Prompt28-cgmmkisguitsyibyvnemfqvywbnv/SourcePackages/checkouts/app-check/AppCheckCore/Sources/Core/GACAppCheckLogger.m -o /Users/nataliewhipps/Library/Developer/Xcode/DerivedData/Prompt28-cgmmkisguitsyibyvnemfqvywbnv/Build/Intermediates.noindex/AppCheck.build/Debug-iphonesimulator/AppCheckCore.build/Objects-normal/x86_64/GACAppCheckLogger.o -index-unit-output-path /AppCheck.build/Debug-iphonesimulator/AppCheckCore.build/Objects-normal/x86_64/GACAppCheckLogger.o

CompileC /Users/nataliewhipps/Library/Developer/Xcode/DerivedData/Prompt28-cgmmkisguitsyibyvnemfqvywbnv/Build/Intermediates.noindex/AppCheck.build/Debug-iphonesimulator/AppCheckCore.build/Objects-normal/x86_64/GACAppCheckHTTPError.o /Users/nataliewhipps/Library/Developer/Xcode/DerivedData/Prompt28-cgmmkisguitsyibyvnemfqvywbnv/SourcePackages/checkouts/app-check/AppCheckCore/Sources/Core/Errors/GACAppCheckHTTPError.m normal x86_64 objective-c com.apple.compilers.llvm.clang.1_0.compiler (in target 'AppCheckCore' from project 'AppCheck')
    cd /Users/nataliewhipps/Desktop/Prompt28/Prompt28.xcodeproj
    
    Using response file: /Users/nataliewhipps/Library/Developer/Xcode/DerivedData/Prompt28-cgmmkisguitsyibyvnemfqvywbnv/Build/Intermediates.noindex/AppCheck.build/Debug-iphonesimulator/AppCheckCore.build/Objects-normal/x86_64/e6072d4f65d7061329687fe24e3d63a7-common-args.resp
    
    /Applications/Xcode.app/Contents/Developer/Toolchains/XcodeDefault.xctoolchain/usr/bin/clang -x objective-c -ivfsstatcache /Users/nataliewhipps/Library/Developer/Xcode/DerivedData/SDKStatCaches.noindex/iphonesimulator26.2-23C57-7d00a8b37fbd7999ea79df8ebc024bf0.sdkstatcache -fmessage-length\=0 -fdiagnostics-show-note-include-stack -fmacro-backtrace-limit\=0 -fno-color-diagnostics -fmodules-prune-interval\=86400 -fmodules-prune-after\=345600 -fbuild-session-file\=/Users/nataliewhipps/Library/Developer/Xcode/DerivedData/ModuleCache.noindex/Session.modulevalidation -fmodules-validate-once-per-build-session -Wnon-modular-include-in-framework-module -Werror\=non-modular-include-in-framework-module -Wno-trigraphs -Wno-missing-field-initializers -Wno-missing-prototypes -Wno-return-type -Wno-implicit-atomic-properties -Wno-objc-interface-ivars -Wno-arc-repeated-use-of-weak -Wno-missing-braces -Wparentheses -Wswitch -Wno-unused-function -Wno-unused-label -Wno-unused-parameter -Wno-unused-variable -Wunused-value -Wno-empty-body -Wno-uninitialized -Wno-unknown-pragmas -w -Wno-shadow -Wno-four-char-constants -Wno-conversion -Wno-constant-conversion -Wno-int-conversion -Wno-bool-conversion -Wno-enum-conversion -Wno-float-conversion -Wno-non-literal-null-conversion -Wno-objc-literal-conversion -Wshorten-64-to-32 -Wpointer-sign -Wno-newline-eof -Wno-selector -Wno-strict-selector-match -Wno-undeclared-selector -Wno-deprecated-implementations -Wno-implicit-fallthrough -fstrict-aliasing -Wprotocol -Wdeprecated-declarations -Wno-sign-conversion -Wno-infinite-recursion -Wno-comma -Wno-block-capture-autoreleasing -Wno-strict-prototypes -Wno-semicolon-before-method-body -index-store-path /Users/nataliewhipps/Library/Developer/Xcode/DerivedData/Prompt28-cgmmkisguitsyibyvnemfqvywbnv/Index.noindex/DataStore @/Users/nataliewhipps/Library/Developer/Xcode/DerivedData/Prompt28-cgmmkisguitsyibyvnemfqvywbnv/Build/Intermediates.noindex/AppCheck.build/Debug-iphonesimulator/AppCheckCore.build/Objects-normal/x86_64/e6072d4f65d7061329687fe24e3d63a7-common-args.resp -MMD -MT dependencies -MF /Users/nataliewhipps/Library/Developer/Xcode/DerivedData/Prompt28-cgmmkisguitsyibyvnemfqvywbnv/Build/Intermediates.noindex/AppCheck.build/Debug-iphonesimulator/AppCheckCore.build/Objects-normal/x86_64/GACAppCheckHTTPError.d --serialize-diagnostics /Users/nataliewhipps/Library/Developer/Xcode/DerivedData/Prompt28-cgmmkisguitsyibyvnemfqvywbnv/Build/Intermediates.noindex/AppCheck.build/Debug-iphonesimulator/AppCheckCore.build/Objects-normal/x86_64/GACAppCheckHTTPError.dia -c /Users/nataliewhipps/Library/Developer/Xcode/DerivedData/Prompt28-cgmmkisguitsyibyvnemfqvywbnv/SourcePackages/checkouts/app-check/AppCheckCore/Sources/Core/Errors/GACAppCheckHTTPError.m -o /Users/nataliewhipps/Library/Developer/Xcode/DerivedData/Prompt28-cgmmkisguitsyibyvnemfqvywbnv/Build/Intermediates.noindex/AppCheck.build/Debug-iphonesimulator/AppCheckCore.build/Objects-normal/x86_64/GACAppCheckHTTPError.o -index-unit-output-path /AppCheck.build/Debug-iphonesimulator/AppCheckCore.build/Objects-normal/x86_64/GACAppCheckHTTPError.o

CompileC /Users/nataliewhipps/Library/Developer/Xcode/DerivedData/Prompt28-cgmmkisguitsyibyvnemfqvywbnv/Build/Intermediates.noindex/AppCheck.build/Debug-iphonesimulator/AppCheckCore.build/Objects-normal/x86_64/GACAppCheckErrors.o /Users/nataliewhipps/Library/Developer/Xcode/DerivedData/Prompt28-cgmmkisguitsyibyvnemfqvywbnv/SourcePackages/checkouts/app-check/AppCheckCore/Sources/Core/Errors/GACAppCheckErrors.m normal x86_64 objective-c com.apple.compilers.llvm.clang.1_0.compiler (in target 'AppCheckCore' from project 'AppCheck')
    cd /Users/nataliewhipps/Desktop/Prompt28/Prompt28.xcodeproj
    
    Using response file: /Users/nataliewhipps/Library/Developer/Xcode/DerivedData/Prompt28-cgmmkisguitsyibyvnemfqvywbnv/Build/Intermediates.noindex/AppCheck.build/Debug-iphonesimulator/AppCheckCore.build/Objects-normal/x86_64/e6072d4f65d7061329687fe24e3d63a7-common-args.resp
    
    /Applications/Xcode.app/Contents/Developer/Toolchains/XcodeDefault.xctoolchain/usr/bin/clang -x objective-c -ivfsstatcache /Users/nataliewhipps/Library/Developer/Xcode/DerivedData/SDKStatCaches.noindex/iphonesimulator26.2-23C57-7d00a8b37fbd7999ea79df8ebc024bf0.sdkstatcache -fmessage-length\=0 -fdiagnostics-show-note-include-stack -fmacro-backtrace-limit\=0 -fno-color-diagnostics -fmodules-prune-interval\=86400 -fmodules-prune-after\=345600 -fbuild-session-file\=/Users/nataliewhipps/Library/Developer/Xcode/DerivedData/ModuleCache.noindex/Session.modulevalidation -fmodules-validate-once-per-build-session -Wnon-modular-include-in-framework-module -Werror\=non-modular-include-in-framework-module -Wno-trigraphs -Wno-missing-field-initializers -Wno-missing-prototypes -Wno-return-type -Wno-implicit-atomic-properties -Wno-objc-interface-ivars -Wno-arc-repeated-use-of-weak -Wno-missing-braces -Wparentheses -Wswitch -Wno-unused-function -Wno-unused-label -Wno-unused-parameter -Wno-unused-variable -Wunused-value -Wno-empty-body -Wno-uninitialized -Wno-unknown-pragmas -w -Wno-shadow -Wno-four-char-constants -Wno-conversion -Wno-constant-conversion -Wno-int-conversion -Wno-bool-conversion -Wno-enum-conversion -Wno-float-conversion -Wno-non-literal-null-conversion -Wno-objc-literal-conversion -Wshorten-64-to-32 -Wpointer-sign -Wno-newline-eof -Wno-selector -Wno-strict-selector-match -Wno-undeclared-selector -Wno-deprecated-implementations -Wno-implicit-fallthrough -fstrict-aliasing -Wprotocol -Wdeprecated-declarations -Wno-sign-conversion -Wno-infinite-recursion -Wno-comma -Wno-block-capture-autoreleasing -Wno-strict-prototypes -Wno-semicolon-before-method-body -index-store-path /Users/nataliewhipps/Library/Developer/Xcode/DerivedData/Prompt28-cgmmkisguitsyibyvnemfqvywbnv/Index.noindex/DataStore @/Users/nataliewhipps/Library/Developer/Xcode/DerivedData/Prompt28-cgmmkisguitsyibyvnemfqvywbnv/Build/Intermediates.noindex/AppCheck.build/Debug-iphonesimulator/AppCheckCore.build/Objects-normal/x86_64/e6072d4f65d7061329687fe24e3d63a7-common-args.resp -MMD -MT dependencies -MF /Users/nataliewhipps/Library/Developer/Xcode/DerivedData/Prompt28-cgmmkisguitsyibyvnemfqvywbnv/Build/Intermediates.noindex/AppCheck.build/Debug-iphonesimulator/AppCheckCore.build/Objects-normal/x86_64/GACAppCheckErrors.d --serialize-diagnostics /Users/nataliewhipps/Library/Developer/Xcode/DerivedData/Prompt28-cgmmkisguitsyibyvnemfqvywbnv/Build/Intermediates.noindex/AppCheck.build/Debug-iphonesimulator/AppCheckCore.build/Objects-normal/x86_64/GACAppCheckErrors.dia -c /Users/nataliewhipps/Library/Developer/Xcode/DerivedData/Prompt28-cgmmkisguitsyibyvnemfqvywbnv/SourcePackages/checkouts/app-check/AppCheckCore/Sources/Core/Errors/GACAppCheckErrors.m -o /Users/nataliewhipps/Library/Developer/Xcode/DerivedData/Prompt28-cgmmkisguitsyibyvnemfqvywbnv/Build/Intermediates.noindex/AppCheck.build/Debug-iphonesimulator/AppCheckCore.build/Objects-normal/x86_64/GACAppCheckErrors.o -index-unit-output-path /AppCheck.build/Debug-iphonesimulator/AppCheckCore.build/Objects-normal/x86_64/GACAppCheckErrors.o

CompileC /Users/nataliewhipps/Library/Developer/Xcode/DerivedData/Prompt28-cgmmkisguitsyibyvnemfqvywbnv/Build/Intermediates.noindex/AppCheck.build/Debug-iphonesimulator/AppCheckCore.build/Objects-normal/x86_64/GACAppCheckCryptoUtils.o /Users/nataliewhipps/Library/Developer/Xcode/DerivedData/Prompt28-cgmmkisguitsyibyvnemfqvywbnv/SourcePackages/checkouts/app-check/AppCheckCore/Sources/Core/Utils/GACAppCheckCryptoUtils.m normal x86_64 objective-c com.apple.compilers.llvm.clang.1_0.compiler (in target 'AppCheckCore' from project 'AppCheck')
    cd /Users/nataliewhipps/Desktop/Prompt28/Prompt28.xcodeproj
    
    Using response file: /Users/nataliewhipps/Library/Developer/Xcode/DerivedData/Prompt28-cgmmkisguitsyibyvnemfqvywbnv/Build/Intermediates.noindex/AppCheck.build/Debug-iphonesimulator/AppCheckCore.build/Objects-normal/x86_64/e6072d4f65d7061329687fe24e3d63a7-common-args.resp
    
    /Applications/Xcode.app/Contents/Developer/Toolchains/XcodeDefault.xctoolchain/usr/bin/clang -x objective-c -ivfsstatcache /Users/nataliewhipps/Library/Developer/Xcode/DerivedData/SDKStatCaches.noindex/iphonesimulator26.2-23C57-7d00a8b37fbd7999ea79df8ebc024bf0.sdkstatcache -fmessage-length\=0 -fdiagnostics-show-note-include-stack -fmacro-backtrace-limit\=0 -fno-color-diagnostics -fmodules-prune-interval\=86400 -fmodules-prune-after\=345600 -fbuild-session-file\=/Users/nataliewhipps/Library/Developer/Xcode/DerivedData/ModuleCache.noindex/Session.modulevalidation -fmodules-validate-once-per-build-session -Wnon-modular-include-in-framework-module -Werror\=non-modular-include-in-framework-module -Wno-trigraphs -Wno-missing-field-initializers -Wno-missing-prototypes -Wno-return-type -Wno-implicit-atomic-properties -Wno-objc-interface-ivars -Wno-arc-repeated-use-of-weak -Wno-missing-braces -Wparentheses -Wswitch -Wno-unused-function -Wno-unused-label -Wno-unused-parameter -Wno-unused-variable -Wunused-value -Wno-empty-body -Wno-uninitialized -Wno-unknown-pragmas -w -Wno-shadow -Wno-four-char-constants -Wno-conversion -Wno-constant-conversion -Wno-int-conversion -Wno-bool-conversion -Wno-enum-conversion -Wno-float-conversion -Wno-non-literal-null-conversion -Wno-objc-literal-conversion -Wshorten-64-to-32 -Wpointer-sign -Wno-newline-eof -Wno-selector -Wno-strict-selector-match -Wno-undeclared-selector -Wno-deprecated-implementations -Wno-implicit-fallthrough -fstrict-aliasing -Wprotocol -Wdeprecated-declarations -Wno-sign-conversion -Wno-infinite-recursion -Wno-comma -Wno-block-capture-autoreleasing -Wno-strict-prototypes -Wno-semicolon-before-method-body -index-store-path /Users/nataliewhipps/Library/Developer/Xcode/DerivedData/Prompt28-cgmmkisguitsyibyvnemfqvywbnv/Index.noindex/DataStore @/Users/nataliewhipps/Library/Developer/Xcode/DerivedData/Prompt28-cgmmkisguitsyibyvnemfqvywbnv/Build/Intermediates.noindex/AppCheck.build/Debug-iphonesimulator/AppCheckCore.build/Objects-normal/x86_64/e6072d4f65d7061329687fe24e3d63a7-common-args.resp -MMD -MT dependencies -MF /Users/nataliewhipps/Library/Developer/Xcode/DerivedData/Prompt28-cgmmkisguitsyibyvnemfqvywbnv/Build/Intermediates.noindex/AppCheck.build/Debug-iphonesimulator/AppCheckCore.build/Objects-normal/x86_64/GACAppCheckCryptoUtils.d --serialize-diagnostics /Users/nataliewhipps/Library/Developer/Xcode/DerivedData/Prompt28-cgmmkisguitsyibyvnemfqvywbnv/Build/Intermediates.noindex/AppCheck.build/Debug-iphonesimulator/AppCheckCore.build/Objects-normal/x86_64/GACAppCheckCryptoUtils.dia -c /Users/nataliewhipps/Library/Developer/Xcode/DerivedData/Prompt28-cgmmkisguitsyibyvnemfqvywbnv/SourcePackages/checkouts/app-check/AppCheckCore/Sources/Core/Utils/GACAppCheckCryptoUtils.m -o /Users/nataliewhipps/Library/Developer/Xcode/DerivedData/Prompt28-cgmmkisguitsyibyvnemfqvywbnv/Build/Intermediates.noindex/AppCheck.build/Debug-iphonesimulator/AppCheckCore.build/Objects-normal/x86_64/GACAppCheckCryptoUtils.o -index-unit-output-path /AppCheck.build/Debug-iphonesimulator/AppCheckCore.build/Objects-normal/x86_64/GACAppCheckCryptoUtils.o

CompileC /Users/nataliewhipps/Library/Developer/Xcode/DerivedData/Prompt28-cgmmkisguitsyibyvnemfqvywbnv/Build/Intermediates.noindex/AppCheck.build/Debug-iphonesimulator/AppCheckCore.build/Objects-normal/x86_64/GACAppAttestStoredArtifact.o /Users/nataliewhipps/Library/Developer/Xcode/DerivedData/Prompt28-cgmmkisguitsyibyvnemfqvywbnv/SourcePackages/checkouts/app-check/AppCheckCore/Sources/AppAttestProvider/Storage/GACAppAttestStoredArtifact.m normal x86_64 objective-c com.apple.compilers.llvm.clang.1_0.compiler (in target 'AppCheckCore' from project 'AppCheck')
    cd /Users/nataliewhipps/Desktop/Prompt28/Prompt28.xcodeproj
    
    Using response file: /Users/nataliewhipps/Library/Developer/Xcode/DerivedData/Prompt28-cgmmkisguitsyibyvnemfqvywbnv/Build/Intermediates.noindex/AppCheck.build/Debug-iphonesimulator/AppCheckCore.build/Objects-normal/x86_64/e6072d4f65d7061329687fe24e3d63a7-common-args.resp
    
    /Applications/Xcode.app/Contents/Developer/Toolchains/XcodeDefault.xctoolchain/usr/bin/clang -x objective-c -ivfsstatcache /Users/nataliewhipps/Library/Developer/Xcode/DerivedData/SDKStatCaches.noindex/iphonesimulator26.2-23C57-7d00a8b37fbd7999ea79df8ebc024bf0.sdkstatcache -fmessage-length\=0 -fdiagnostics-show-note-include-stack -fmacro-backtrace-limit\=0 -fno-color-diagnostics -fmodules-prune-interval\=86400 -fmodules-prune-after\=345600 -fbuild-session-file\=/Users/nataliewhipps/Library/Developer/Xcode/DerivedData/ModuleCache.noindex/Session.modulevalidation -fmodules-validate-once-per-build-session -Wnon-modular-include-in-framework-module -Werror\=non-modular-include-in-framework-module -Wno-trigraphs -Wno-missing-field-initializers -Wno-missing-prototypes -Wno-return-type -Wno-implicit-atomic-properties -Wno-objc-interface-ivars -Wno-arc-repeated-use-of-weak -Wno-missing-braces -Wparentheses -Wswitch -Wno-unused-function -Wno-unused-label -Wno-unused-parameter -Wno-unused-variable -Wunused-value -Wno-empty-body -Wno-uninitialized -Wno-unknown-pragmas -w -Wno-shadow -Wno-four-char-constants -Wno-conversion -Wno-constant-conversion -Wno-int-conversion -Wno-bool-conversion -Wno-enum-conversion -Wno-float-conversion -Wno-non-literal-null-conversion -Wno-objc-literal-conversion -Wshorten-64-to-32 -Wpointer-sign -Wno-newline-eof -Wno-selector -Wno-strict-selector-match -Wno-undeclared-selector -Wno-deprecated-implementations -Wno-implicit-fallthrough -fstrict-aliasing -Wprotocol -Wdeprecated-declarations -Wno-sign-conversion -Wno-infinite-recursion -Wno-comma -Wno-block-capture-autoreleasing -Wno-strict-prototypes -Wno-semicolon-before-method-body -index-store-path /Users/nataliewhipps/Library/Developer/Xcode/DerivedData/Prompt28-cgmmkisguitsyibyvnemfqvywbnv/Index.noindex/DataStore @/Users/nataliewhipps/Library/Developer/Xcode/DerivedData/Prompt28-cgmmkisguitsyibyvnemfqvywbnv/Build/Intermediates.noindex/AppCheck.build/Debug-iphonesimulator/AppCheckCore.build/Objects-normal/x86_64/e6072d4f65d7061329687fe24e3d63a7-common-args.resp -MMD -MT dependencies -MF /Users/nataliewhipps/Library/Developer/Xcode/DerivedData/Prompt28-cgmmkisguitsyibyvnemfqvywbnv/Build/Intermediates.noindex/AppCheck.build/Debug-iphonesimulator/AppCheckCore.build/Objects-normal/x86_64/GACAppAttestStoredArtifact.d --serialize-diagnostics /Users/nataliewhipps/Library/Developer/Xcode/DerivedData/Prompt28-cgmmkisguitsyibyvnemfqvywbnv/Build/Intermediates.noindex/AppCheck.build/Debug-iphonesimulator/AppCheckCore.build/Objects-normal/x86_64/GACAppAttestStoredArtifact.dia -c /Users/nataliewhipps/Library/Developer/Xcode/DerivedData/Prompt28-cgmmkisguitsyibyvnemfqvywbnv/SourcePackages/checkouts/app-check/AppCheckCore/Sources/AppAttestProvider/Storage/GACAppAttestStoredArtifact.m -o /Users/nataliewhipps/Library/Developer/Xcode/DerivedData/Prompt28-cgmmkisguitsyibyvnemfqvywbnv/Build/Intermediates.noindex/AppCheck.build/Debug-iphonesimulator/AppCheckCore.build/Objects-normal/x86_64/GACAppAttestStoredArtifact.o -index-unit-output-path /AppCheck.build/Debug-iphonesimulator/AppCheckCore.build/Objects-normal/x86_64/GACAppAttestStoredArtifact.o

CompileC /Users/nataliewhipps/Library/Developer/Xcode/DerivedData/Prompt28-cgmmkisguitsyibyvnemfqvywbnv/Build/Intermediates.noindex/AppCheck.build/Debug-iphonesimulator/AppCheckCore.build/Objects-normal/x86_64/GACAppAttestRejectionError.o /Users/nataliewhipps/Library/Developer/Xcode/DerivedData/Prompt28-cgmmkisguitsyibyvnemfqvywbnv/SourcePackages/checkouts/app-check/AppCheckCore/Sources/AppAttestProvider/Errors/GACAppAttestRejectionError.m normal x86_64 objective-c com.apple.compilers.llvm.clang.1_0.compiler (in target 'AppCheckCore' from project 'AppCheck')
    cd /Users/nataliewhipps/Desktop/Prompt28/Prompt28.xcodeproj
    
    Using response file: /Users/nataliewhipps/Library/Developer/Xcode/DerivedData/Prompt28-cgmmkisguitsyibyvnemfqvywbnv/Build/Intermediates.noindex/AppCheck.build/Debug-iphonesimulator/AppCheckCore.build/Objects-normal/x86_64/e6072d4f65d7061329687fe24e3d63a7-common-args.resp
    
    /Applications/Xcode.app/Contents/Developer/Toolchains/XcodeDefault.xctoolchain/usr/bin/clang -x objective-c -ivfsstatcache /Users/nataliewhipps/Library/Developer/Xcode/DerivedData/SDKStatCaches.noindex/iphonesimulator26.2-23C57-7d00a8b37fbd7999ea79df8ebc024bf0.sdkstatcache -fmessage-length\=0 -fdiagnostics-show-note-include-stack -fmacro-backtrace-limit\=0 -fno-color-diagnostics -fmodules-prune-interval\=86400 -fmodules-prune-after\=345600 -fbuild-session-file\=/Users/nataliewhipps/Library/Developer/Xcode/DerivedData/ModuleCache.noindex/Session.modulevalidation -fmodules-validate-once-per-build-session -Wnon-modular-include-in-framework-module -Werror\=non-modular-include-in-framework-module -Wno-trigraphs -Wno-missing-field-initializers -Wno-missing-prototypes -Wno-return-type -Wno-implicit-atomic-properties -Wno-objc-interface-ivars -Wno-arc-repeated-use-of-weak -Wno-missing-braces -Wparentheses -Wswitch -Wno-unused-function -Wno-unused-label -Wno-unused-parameter -Wno-unused-variable -Wunused-value -Wno-empty-body -Wno-uninitialized -Wno-unknown-pragmas -w -Wno-shadow -Wno-four-char-constants -Wno-conversion -Wno-constant-conversion -Wno-int-conversion -Wno-bool-conversion -Wno-enum-conversion -Wno-float-conversion -Wno-non-literal-null-conversion -Wno-objc-literal-conversion -Wshorten-64-to-32 -Wpointer-sign -Wno-newline-eof -Wno-selector -Wno-strict-selector-match -Wno-undeclared-selector -Wno-deprecated-implementations -Wno-implicit-fallthrough -fstrict-aliasing -Wprotocol -Wdeprecated-declarations -Wno-sign-conversion -Wno-infinite-recursion -Wno-comma -Wno-block-capture-autoreleasing -Wno-strict-prototypes -Wno-semicolon-before-method-body -index-store-path /Users/nataliewhipps/Library/Developer/Xcode/DerivedData/Prompt28-cgmmkisguitsyibyvnemfqvywbnv/Index.noindex/DataStore @/Users/nataliewhipps/Library/Developer/Xcode/DerivedData/Prompt28-cgmmkisguitsyibyvnemfqvywbnv/Build/Intermediates.noindex/AppCheck.build/Debug-iphonesimulator/AppCheckCore.build/Objects-normal/x86_64/e6072d4f65d7061329687fe24e3d63a7-common-args.resp -MMD -MT dependencies -MF /Users/nataliewhipps/Library/Developer/Xcode/DerivedData/Prompt28-cgmmkisguitsyibyvnemfqvywbnv/Build/Intermediates.noindex/AppCheck.build/Debug-iphonesimulator/AppCheckCore.build/Objects-normal/x86_64/GACAppAttestRejectionError.d --serialize-diagnostics /Users/nataliewhipps/Library/Developer/Xcode/DerivedData/Prompt28-cgmmkisguitsyibyvnemfqvywbnv/Build/Intermediates.noindex/AppCheck.build/Debug-iphonesimulator/AppCheckCore.build/Objects-normal/x86_64/GACAppAttestRejectionError.dia -c /Users/nataliewhipps/Library/Developer/Xcode/DerivedData/Prompt28-cgmmkisguitsyibyvnemfqvywbnv/SourcePackages/checkouts/app-check/AppCheckCore/Sources/AppAttestProvider/Errors/GACAppAttestRejectionError.m -o /Users/nataliewhipps/Library/Developer/Xcode/DerivedData/Prompt28-cgmmkisguitsyibyvnemfqvywbnv/Build/Intermediates.noindex/AppCheck.build/Debug-iphonesimulator/AppCheckCore.build/Objects-normal/x86_64/GACAppAttestRejectionError.o -index-unit-output-path /AppCheck.build/Debug-iphonesimulator/AppCheckCore.build/Objects-normal/x86_64/GACAppAttestRejectionError.o

CompileC /Users/nataliewhipps/Library/Developer/Xcode/DerivedData/Prompt28-cgmmkisguitsyibyvnemfqvywbnv/Build/Intermediates.noindex/AppCheck.build/Debug-iphonesimulator/AppCheckCore.build/Objects-normal/x86_64/GACAppAttestProviderState.o /Users/nataliewhipps/Library/Developer/Xcode/DerivedData/Prompt28-cgmmkisguitsyibyvnemfqvywbnv/SourcePackages/checkouts/app-check/AppCheckCore/Sources/AppAttestProvider/GACAppAttestProviderState.m normal x86_64 objective-c com.apple.compilers.llvm.clang.1_0.compiler (in target 'AppCheckCore' from project 'AppCheck')
    cd /Users/nataliewhipps/Desktop/Prompt28/Prompt28.xcodeproj
    
    Using response file: /Users/nataliewhipps/Library/Developer/Xcode/DerivedData/Prompt28-cgmmkisguitsyibyvnemfqvywbnv/Build/Intermediates.noindex/AppCheck.build/Debug-iphonesimulator/AppCheckCore.build/Objects-normal/x86_64/e6072d4f65d7061329687fe24e3d63a7-common-args.resp
    
    /Applications/Xcode.app/Contents/Developer/Toolchains/XcodeDefault.xctoolchain/usr/bin/clang -x objective-c -ivfsstatcache /Users/nataliewhipps/Library/Developer/Xcode/DerivedData/SDKStatCaches.noindex/iphonesimulator26.2-23C57-7d00a8b37fbd7999ea79df8ebc024bf0.sdkstatcache -fmessage-length\=0 -fdiagnostics-show-note-include-stack -fmacro-backtrace-limit\=0 -fno-color-diagnostics -fmodules-prune-interval\=86400 -fmodules-prune-after\=345600 -fbuild-session-file\=/Users/nataliewhipps/Library/Developer/Xcode/DerivedData/ModuleCache.noindex/Session.modulevalidation -fmodules-validate-once-per-build-session -Wnon-modular-include-in-framework-module -Werror\=non-modular-include-in-framework-module -Wno-trigraphs -Wno-missing-field-initializers -Wno-missing-prototypes -Wno-return-type -Wno-implicit-atomic-properties -Wno-objc-interface-ivars -Wno-arc-repeated-use-of-weak -Wno-missing-braces -Wparentheses -Wswitch -Wno-unused-function -Wno-unused-label -Wno-unused-parameter -Wno-unused-variable -Wunused-value -Wno-empty-body -Wno-uninitialized -Wno-unknown-pragmas -w -Wno-shadow -Wno-four-char-constants -Wno-conversion -Wno-constant-conversion -Wno-int-conversion -Wno-bool-conversion -Wno-enum-conversion -Wno-float-conversion -Wno-non-literal-null-conversion -Wno-objc-literal-conversion -Wshorten-64-to-32 -Wpointer-sign -Wno-newline-eof -Wno-selector -Wno-strict-selector-match -Wno-undeclared-selector -Wno-deprecated-implementations -Wno-implicit-fallthrough -fstrict-aliasing -Wprotocol -Wdeprecated-declarations -Wno-sign-conversion -Wno-infinite-recursion -Wno-comma -Wno-block-capture-autoreleasing -Wno-strict-prototypes -Wno-semicolon-before-method-body -index-store-path /Users/nataliewhipps/Library/Developer/Xcode/DerivedData/Prompt28-cgmmkisguitsyibyvnemfqvywbnv/Index.noindex/DataStore @/Users/nataliewhipps/Library/Developer/Xcode/DerivedData/Prompt28-cgmmkisguitsyibyvnemfqvywbnv/Build/Intermediates.noindex/AppCheck.build/Debug-iphonesimulator/AppCheckCore.build/Objects-normal/x86_64/e6072d4f65d7061329687fe24e3d63a7-common-args.resp -MMD -MT dependencies -MF /Users/nataliewhipps/Library/Developer/Xcode/DerivedData/Prompt28-cgmmkisguitsyibyvnemfqvywbnv/Build/Intermediates.noindex/AppCheck.build/Debug-iphonesimulator/AppCheckCore.build/Objects-normal/x86_64/GACAppAttestProviderState.d --serialize-diagnostics /Users/nataliewhipps/Library/Developer/Xcode/DerivedData/Prompt28-cgmmkisguitsyibyvnemfqvywbnv/Build/Intermediates.noindex/AppCheck.build/Debug-iphonesimulator/AppCheckCore.build/Objects-normal/x86_64/GACAppAttestProviderState.dia -c /Users/nataliewhipps/Library/Developer/Xcode/DerivedData/Prompt28-cgmmkisguitsyibyvnemfqvywbnv/SourcePackages/checkouts/app-check/AppCheckCore/Sources/AppAttestProvider/GACAppAttestProviderState.m -o /Users/nataliewhipps/Library/Developer/Xcode/DerivedData/Prompt28-cgmmkisguitsyibyvnemfqvywbnv/Build/Intermediates.noindex/AppCheck.build/Debug-iphonesimulator/AppCheckCore.build/Objects-normal/x86_64/GACAppAttestProviderState.o -index-unit-output-path /AppCheck.build/Debug-iphonesimulator/AppCheckCore.build/Objects-normal/x86_64/GACAppAttestProviderState.o

CompileC /Users/nataliewhipps/Library/Developer/Xcode/DerivedData/Prompt28-cgmmkisguitsyibyvnemfqvywbnv/Build/Intermediates.noindex/AppCheck.build/Debug-iphonesimulator/AppCheckCore.build/Objects-normal/x86_64/GACAppAttestAttestationResponse.o /Users/nataliewhipps/Library/Developer/Xcode/DerivedData/Prompt28-cgmmkisguitsyibyvnemfqvywbnv/SourcePackages/checkouts/app-check/AppCheckCore/Sources/AppAttestProvider/API/GACAppAttestAttestationResponse.m normal x86_64 objective-c com.apple.compilers.llvm.clang.1_0.compiler (in target 'AppCheckCore' from project 'AppCheck')
    cd /Users/nataliewhipps/Desktop/Prompt28/Prompt28.xcodeproj
    
    Using response file: /Users/nataliewhipps/Library/Developer/Xcode/DerivedData/Prompt28-cgmmkisguitsyibyvnemfqvywbnv/Build/Intermediates.noindex/AppCheck.build/Debug-iphonesimulator/AppCheckCore.build/Objects-normal/x86_64/e6072d4f65d7061329687fe24e3d63a7-common-args.resp
    
    /Applications/Xcode.app/Contents/Developer/Toolchains/XcodeDefault.xctoolchain/usr/bin/clang -x objective-c -ivfsstatcache /Users/nataliewhipps/Library/Developer/Xcode/DerivedData/SDKStatCaches.noindex/iphonesimulator26.2-23C57-7d00a8b37fbd7999ea79df8ebc024bf0.sdkstatcache -fmessage-length\=0 -fdiagnostics-show-note-include-stack -fmacro-backtrace-limit\=0 -fno-color-diagnostics -fmodules-prune-interval\=86400 -fmodules-prune-after\=345600 -fbuild-session-file\=/Users/nataliewhipps/Library/Developer/Xcode/DerivedData/ModuleCache.noindex/Session.modulevalidation -fmodules-validate-once-per-build-session -Wnon-modular-include-in-framework-module -Werror\=non-modular-include-in-framework-module -Wno-trigraphs -Wno-missing-field-initializers -Wno-missing-prototypes -Wno-return-type -Wno-implicit-atomic-properties -Wno-objc-interface-ivars -Wno-arc-repeated-use-of-weak -Wno-missing-braces -Wparentheses -Wswitch -Wno-unused-function -Wno-unused-label -Wno-unused-parameter -Wno-unused-variable -Wunused-value -Wno-empty-body -Wno-uninitialized -Wno-unknown-pragmas -w -Wno-shadow -Wno-four-char-constants -Wno-conversion -Wno-constant-conversion -Wno-int-conversion -Wno-bool-conversion -Wno-enum-conversion -Wno-float-conversion -Wno-non-literal-null-conversion -Wno-objc-literal-conversion -Wshorten-64-to-32 -Wpointer-sign -Wno-newline-eof -Wno-selector -Wno-strict-selector-match -Wno-undeclared-selector -Wno-deprecated-implementations -Wno-implicit-fallthrough -fstrict-aliasing -Wprotocol -Wdeprecated-declarations -Wno-sign-conversion -Wno-infinite-recursion -Wno-comma -Wno-block-capture-autoreleasing -Wno-strict-prototypes -Wno-semicolon-before-method-body -index-store-path /Users/nataliewhipps/Library/Developer/Xcode/DerivedData/Prompt28-cgmmkisguitsyibyvnemfqvywbnv/Index.noindex/DataStore @/Users/nataliewhipps/Library/Developer/Xcode/DerivedData/Prompt28-cgmmkisguitsyibyvnemfqvywbnv/Build/Intermediates.noindex/AppCheck.build/Debug-iphonesimulator/AppCheckCore.build/Objects-normal/x86_64/e6072d4f65d7061329687fe24e3d63a7-common-args.resp -MMD -MT dependencies -MF /Users/nataliewhipps/Library/Developer/Xcode/DerivedData/Prompt28-cgmmkisguitsyibyvnemfqvywbnv/Build/Intermediates.noindex/AppCheck.build/Debug-iphonesimulator/AppCheckCore.build/Objects-normal/x86_64/GACAppAttestAttestationResponse.d --serialize-diagnostics /Users/nataliewhipps/Library/Developer/Xcode/DerivedData/Prompt28-cgmmkisguitsyibyvnemfqvywbnv/Build/Intermediates.noindex/AppCheck.build/Debug-iphonesimulator/AppCheckCore.build/Objects-normal/x86_64/GACAppAttestAttestationResponse.dia -c /Users/nataliewhipps/Library/Developer/Xcode/DerivedData/Prompt28-cgmmkisguitsyibyvnemfqvywbnv/SourcePackages/checkouts/app-check/AppCheckCore/Sources/AppAttestProvider/API/GACAppAttestAttestationResponse.m -o /Users/nataliewhipps/Library/Developer/Xcode/DerivedData/Prompt28-cgmmkisguitsyibyvnemfqvywbnv/Build/Intermediates.noindex/AppCheck.build/Debug-iphonesimulator/AppCheckCore.build/Objects-normal/x86_64/GACAppAttestAttestationResponse.o -index-unit-output-path /AppCheck.build/Debug-iphonesimulator/AppCheckCore.build/Objects-normal/x86_64/GACAppAttestAttestationResponse.o

CompileC /Users/nataliewhipps/Library/Developer/Xcode/DerivedData/Prompt28-cgmmkisguitsyibyvnemfqvywbnv/Build/Intermediates.noindex/AppAuth.build/Debug-iphonesimulator/AppAuthCore.build/Objects-normal/x86_64/resource_bundle_accessor.o /Users/nataliewhipps/Library/Developer/Xcode/DerivedData/Prompt28-cgmmkisguitsyibyvnemfqvywbnv/Build/Intermediates.noindex/AppAuth.build/Debug-iphonesimulator/AppAuthCore.build/DerivedSources/resource_bundle_accessor.m normal x86_64 objective-c com.apple.compilers.llvm.clang.1_0.compiler (in target 'AppAuthCore' from project 'AppAuth')
    cd /Users/nataliewhipps/Desktop/Prompt28/Prompt28.xcodeproj
    
    Using response file: /Users/nataliewhipps/Library/Developer/Xcode/DerivedData/Prompt28-cgmmkisguitsyibyvnemfqvywbnv/Build/Intermediates.noindex/AppAuth.build/Debug-iphonesimulator/AppAuthCore.build/Objects-normal/x86_64/e6072d4f65d7061329687fe24e3d63a7-common-args.resp
    
    /Applications/Xcode.app/Contents/Developer/Toolchains/XcodeDefault.xctoolchain/usr/bin/clang -x objective-c -ivfsstatcache /Users/nataliewhipps/Library/Developer/Xcode/DerivedData/SDKStatCaches.noindex/iphonesimulator26.2-23C57-7d00a8b37fbd7999ea79df8ebc024bf0.sdkstatcache -fmessage-length\=0 -fdiagnostics-show-note-include-stack -fmacro-backtrace-limit\=0 -fno-color-diagnostics -fmodules-prune-interval\=86400 -fmodules-prune-after\=345600 -fbuild-session-file\=/Users/nataliewhipps/Library/Developer/Xcode/DerivedData/ModuleCache.noindex/Session.modulevalidation -fmodules-validate-once-per-build-session -Wnon-modular-include-in-framework-module -Werror\=non-modular-include-in-framework-module -Wno-trigraphs -Wno-missing-field-initializers -Wno-missing-prototypes -Wno-return-type -Wno-implicit-atomic-properties -Wno-objc-interface-ivars -Wno-arc-repeated-use-of-weak -Wno-missing-braces -Wparentheses -Wswitch -Wno-unused-function -Wno-unused-label -Wno-unused-parameter -Wno-unused-variable -Wunused-value -Wno-empty-body -Wno-uninitialized -Wno-unknown-pragmas -w -Wno-shadow -Wno-four-char-constants -Wno-conversion -Wno-constant-conversion -Wno-int-conversion -Wno-bool-conversion -Wno-enum-conversion -Wno-float-conversion -Wno-non-literal-null-conversion -Wno-objc-literal-conversion -Wshorten-64-to-32 -Wpointer-sign -Wno-newline-eof -Wno-selector -Wno-strict-selector-match -Wno-undeclared-selector -Wno-deprecated-implementations -Wno-implicit-fallthrough -fstrict-aliasing -Wprotocol -Wdeprecated-declarations -Wno-sign-conversion -Wno-infinite-recursion -Wno-comma -Wno-block-capture-autoreleasing -Wno-strict-prototypes -Wno-semicolon-before-method-body -index-store-path /Users/nataliewhipps/Library/Developer/Xcode/DerivedData/Prompt28-cgmmkisguitsyibyvnemfqvywbnv/Index.noindex/DataStore @/Users/nataliewhipps/Library/Developer/Xcode/DerivedData/Prompt28-cgmmkisguitsyibyvnemfqvywbnv/Build/Intermediates.noindex/AppAuth.build/Debug-iphonesimulator/AppAuthCore.build/Objects-normal/x86_64/e6072d4f65d7061329687fe24e3d63a7-common-args.resp -include /Users/nataliewhipps/Library/Developer/Xcode/DerivedData/Prompt28-cgmmkisguitsyibyvnemfqvywbnv/Build/Intermediates.noindex/AppAuth.build/Debug-iphonesimulator/AppAuthCore.build/DerivedSources/resource_bundle_accessor.h -MMD -MT dependencies -MF /Users/nataliewhipps/Library/Developer/Xcode/DerivedData/Prompt28-cgmmkisguitsyibyvnemfqvywbnv/Build/Intermediates.noindex/AppAuth.build/Debug-iphonesimulator/AppAuthCore.build/Objects-normal/x86_64/resource_bundle_accessor.d --serialize-diagnostics /Users/nataliewhipps/Library/Developer/Xcode/DerivedData/Prompt28-cgmmkisguitsyibyvnemfqvywbnv/Build/Intermediates.noindex/AppAuth.build/Debug-iphonesimulator/AppAuthCore.build/Objects-normal/x86_64/resource_bundle_accessor.dia -c /Users/nataliewhipps/Library/Developer/Xcode/DerivedData/Prompt28-cgmmkisguitsyibyvnemfqvywbnv/Build/Intermediates.noindex/AppAuth.build/Debug-iphonesimulator/AppAuthCore.build/DerivedSources/resource_bundle_accessor.m -o /Users/nataliewhipps/Library/Developer/Xcode/DerivedData/Prompt28-cgmmkisguitsyibyvnemfqvywbnv/Build/Intermediates.noindex/AppAuth.build/Debug-iphonesimulator/AppAuthCore.build/Objects-normal/x86_64/resource_bundle_accessor.o -index-unit-output-path /AppAuth.build/Debug-iphonesimulator/AppAuthCore.build/Objects-normal/x86_64/resource_bundle_accessor.o

CompileC /Users/nataliewhipps/Library/Developer/Xcode/DerivedData/Prompt28-cgmmkisguitsyibyvnemfqvywbnv/Build/Intermediates.noindex/AppAuth.build/Debug-iphonesimulator/AppAuthCore.build/Objects-normal/x86_64/OIDURLSessionProvider.o /Users/nataliewhipps/Library/Developer/Xcode/DerivedData/Prompt28-cgmmkisguitsyibyvnemfqvywbnv/SourcePackages/checkouts/AppAuth-iOS/Sources/AppAuthCore/OIDURLSessionProvider.m normal x86_64 objective-c com.apple.compilers.llvm.clang.1_0.compiler (in target 'AppAuthCore' from project 'AppAuth')
    cd /Users/nataliewhipps/Desktop/Prompt28/Prompt28.xcodeproj
    
    Using response file: /Users/nataliewhipps/Library/Developer/Xcode/DerivedData/Prompt28-cgmmkisguitsyibyvnemfqvywbnv/Build/Intermediates.noindex/AppAuth.build/Debug-iphonesimulator/AppAuthCore.build/Objects-normal/x86_64/e6072d4f65d7061329687fe24e3d63a7-common-args.resp
    
    /Applications/Xcode.app/Contents/Developer/Toolchains/XcodeDefault.xctoolchain/usr/bin/clang -x objective-c -ivfsstatcache /Users/nataliewhipps/Library/Developer/Xcode/DerivedData/SDKStatCaches.noindex/iphonesimulator26.2-23C57-7d00a8b37fbd7999ea79df8ebc024bf0.sdkstatcache -fmessage-length\=0 -fdiagnostics-show-note-include-stack -fmacro-backtrace-limit\=0 -fno-color-diagnostics -fmodules-prune-interval\=86400 -fmodules-prune-after\=345600 -fbuild-session-file\=/Users/nataliewhipps/Library/Developer/Xcode/DerivedData/ModuleCache.noindex/Session.modulevalidation -fmodules-validate-once-per-build-session -Wnon-modular-include-in-framework-module -Werror\=non-modular-include-in-framework-module -Wno-trigraphs -Wno-missing-field-initializers -Wno-missing-prototypes -Wno-return-type -Wno-implicit-atomic-properties -Wno-objc-interface-ivars -Wno-arc-repeated-use-of-weak -Wno-missing-braces -Wparentheses -Wswitch -Wno-unused-function -Wno-unused-label -Wno-unused-parameter -Wno-unused-variable -Wunused-value -Wno-empty-body -Wno-uninitialized -Wno-unknown-pragmas -w -Wno-shadow -Wno-four-char-constants -Wno-conversion -Wno-constant-conversion -Wno-int-conversion -Wno-bool-conversion -Wno-enum-conversion -Wno-float-conversion -Wno-non-literal-null-conversion -Wno-objc-literal-conversion -Wshorten-64-to-32 -Wpointer-sign -Wno-newline-eof -Wno-selector -Wno-strict-selector-match -Wno-undeclared-selector -Wno-deprecated-implementations -Wno-implicit-fallthrough -fstrict-aliasing -Wprotocol -Wdeprecated-declarations -Wno-sign-conversion -Wno-infinite-recursion -Wno-comma -Wno-block-capture-autoreleasing -Wno-strict-prototypes -Wno-semicolon-before-method-body -index-store-path /Users/nataliewhipps/Library/Developer/Xcode/DerivedData/Prompt28-cgmmkisguitsyibyvnemfqvywbnv/Index.noindex/DataStore @/Users/nataliewhipps/Library/Developer/Xcode/DerivedData/Prompt28-cgmmkisguitsyibyvnemfqvywbnv/Build/Intermediates.noindex/AppAuth.build/Debug-iphonesimulator/AppAuthCore.build/Objects-normal/x86_64/e6072d4f65d7061329687fe24e3d63a7-common-args.resp -include /Users/nataliewhipps/Library/Developer/Xcode/DerivedData/Prompt28-cgmmkisguitsyibyvnemfqvywbnv/Build/Intermediates.noindex/AppAuth.build/Debug-iphonesimulator/AppAuthCore.build/DerivedSources/resource_bundle_accessor.h -MMD -MT dependencies -MF /Users/nataliewhipps/Library/Developer/Xcode/DerivedData/Prompt28-cgmmkisguitsyibyvnemfqvywbnv/Build/Intermediates.noindex/AppAuth.build/Debug-iphonesimulator/AppAuthCore.build/Objects-normal/x86_64/OIDURLSessionProvider.d --serialize-diagnostics /Users/nataliewhipps/Library/Developer/Xcode/DerivedData/Prompt28-cgmmkisguitsyibyvnemfqvywbnv/Build/Intermediates.noindex/AppAuth.build/Debug-iphonesimulator/AppAuthCore.build/Objects-normal/x86_64/OIDURLSessionProvider.dia -c /Users/nataliewhipps/Library/Developer/Xcode/DerivedData/Prompt28-cgmmkisguitsyibyvnemfqvywbnv/SourcePackages/checkouts/AppAuth-iOS/Sources/AppAuthCore/OIDURLSessionProvider.m -o /Users/nataliewhipps/Library/Developer/Xcode/DerivedData/Prompt28-cgmmkisguitsyibyvnemfqvywbnv/Build/Intermediates.noindex/AppAuth.build/Debug-iphonesimulator/AppAuthCore.build/Objects-normal/x86_64/OIDURLSessionProvider.o -index-unit-output-path /AppAuth.build/Debug-iphonesimulator/AppAuthCore.build/Objects-normal/x86_64/OIDURLSessionProvider.o

CompileC /Users/nataliewhipps/Library/Developer/Xcode/DerivedData/Prompt28-cgmmkisguitsyibyvnemfqvywbnv/Build/Intermediates.noindex/AppAuth.build/Debug-iphonesimulator/AppAuthCore.build/Objects-normal/x86_64/OIDURLQueryComponent.o /Users/nataliewhipps/Library/Developer/Xcode/DerivedData/Prompt28-cgmmkisguitsyibyvnemfqvywbnv/SourcePackages/checkouts/AppAuth-iOS/Sources/AppAuthCore/OIDURLQueryComponent.m normal x86_64 objective-c com.apple.compilers.llvm.clang.1_0.compiler (in target 'AppAuthCore' from project 'AppAuth')
    cd /Users/nataliewhipps/Desktop/Prompt28/Prompt28.xcodeproj
    
    Using response file: /Users/nataliewhipps/Library/Developer/Xcode/DerivedData/Prompt28-cgmmkisguitsyibyvnemfqvywbnv/Build/Intermediates.noindex/AppAuth.build/Debug-iphonesimulator/AppAuthCore.build/Objects-normal/x86_64/e6072d4f65d7061329687fe24e3d63a7-common-args.resp
    
    /Applications/Xcode.app/Contents/Developer/Toolchains/XcodeDefault.xctoolchain/usr/bin/clang -x objective-c -ivfsstatcache /Users/nataliewhipps/Library/Developer/Xcode/DerivedData/SDKStatCaches.noindex/iphonesimulator26.2-23C57-7d00a8b37fbd7999ea79df8ebc024bf0.sdkstatcache -fmessage-length\=0 -fdiagnostics-show-note-include-stack -fmacro-backtrace-limit\=0 -fno-color-diagnostics -fmodules-prune-interval\=86400 -fmodules-prune-after\=345600 -fbuild-session-file\=/Users/nataliewhipps/Library/Developer/Xcode/DerivedData/ModuleCache.noindex/Session.modulevalidation -fmodules-validate-once-per-build-session -Wnon-modular-include-in-framework-module -Werror\=non-modular-include-in-framework-module -Wno-trigraphs -Wno-missing-field-initializers -Wno-missing-prototypes -Wno-return-type -Wno-implicit-atomic-properties -Wno-objc-interface-ivars -Wno-arc-repeated-use-of-weak -Wno-missing-braces -Wparentheses -Wswitch -Wno-unused-function -Wno-unused-label -Wno-unused-parameter -Wno-unused-variable -Wunused-value -Wno-empty-body -Wno-uninitialized -Wno-unknown-pragmas -w -Wno-shadow -Wno-four-char-constants -Wno-conversion -Wno-constant-conversion -Wno-int-conversion -Wno-bool-conversion -Wno-enum-conversion -Wno-float-conversion -Wno-non-literal-null-conversion -Wno-objc-literal-conversion -Wshorten-64-to-32 -Wpointer-sign -Wno-newline-eof -Wno-selector -Wno-strict-selector-match -Wno-undeclared-selector -Wno-deprecated-implementations -Wno-implicit-fallthrough -fstrict-aliasing -Wprotocol -Wdeprecated-declarations -Wno-sign-conversion -Wno-infinite-recursion -Wno-comma -Wno-block-capture-autoreleasing -Wno-strict-prototypes -Wno-semicolon-before-method-body -index-store-path /Users/nataliewhipps/Library/Developer/Xcode/DerivedData/Prompt28-cgmmkisguitsyibyvnemfqvywbnv/Index.noindex/DataStore @/Users/nataliewhipps/Library/Developer/Xcode/DerivedData/Prompt28-cgmmkisguitsyibyvnemfqvywbnv/Build/Intermediates.noindex/AppAuth.build/Debug-iphonesimulator/AppAuthCore.build/Objects-normal/x86_64/e6072d4f65d7061329687fe24e3d63a7-common-args.resp -include /Users/nataliewhipps/Library/Developer/Xcode/DerivedData/Prompt28-cgmmkisguitsyibyvnemfqvywbnv/Build/Intermediates.noindex/AppAuth.build/Debug-iphonesimulator/AppAuthCore.build/DerivedSources/resource_bundle_accessor.h -MMD -MT dependencies -MF /Users/nataliewhipps/Library/Developer/Xcode/DerivedData/Prompt28-cgmmkisguitsyibyvnemfqvywbnv/Build/Intermediates.noindex/AppAuth.build/Debug-iphonesimulator/AppAuthCore.build/Objects-normal/x86_64/OIDURLQueryComponent.d --serialize-diagnostics /Users/nataliewhipps/Library/Developer/Xcode/DerivedData/Prompt28-cgmmkisguitsyibyvnemfqvywbnv/Build/Intermediates.noindex/AppAuth.build/Debug-iphonesimulator/AppAuthCore.build/Objects-normal/x86_64/OIDURLQueryComponent.dia -c /Users/nataliewhipps/Library/Developer/Xcode/DerivedData/Prompt28-cgmmkisguitsyibyvnemfqvywbnv/SourcePackages/checkouts/AppAuth-iOS/Sources/AppAuthCore/OIDURLQueryComponent.m -o /Users/nataliewhipps/Library/Developer/Xcode/DerivedData/Prompt28-cgmmkisguitsyibyvnemfqvywbnv/Build/Intermediates.noindex/AppAuth.build/Debug-iphonesimulator/AppAuthCore.build/Objects-normal/x86_64/OIDURLQueryComponent.o -index-unit-output-path /AppAuth.build/Debug-iphonesimulator/AppAuthCore.build/Objects-normal/x86_64/OIDURLQueryComponent.o

CompileC /Users/nataliewhipps/Library/Developer/Xcode/DerivedData/Prompt28-cgmmkisguitsyibyvnemfqvywbnv/Build/Intermediates.noindex/AppAuth.build/Debug-iphonesimulator/AppAuthCore.build/Objects-normal/x86_64/OIDTokenUtilities.o /Users/nataliewhipps/Library/Developer/Xcode/DerivedData/Prompt28-cgmmkisguitsyibyvnemfqvywbnv/SourcePackages/checkouts/AppAuth-iOS/Sources/AppAuthCore/OIDTokenUtilities.m normal x86_64 objective-c com.apple.compilers.llvm.clang.1_0.compiler (in target 'AppAuthCore' from project 'AppAuth')
    cd /Users/nataliewhipps/Desktop/Prompt28/Prompt28.xcodeproj
    
    Using response file: /Users/nataliewhipps/Library/Developer/Xcode/DerivedData/Prompt28-cgmmkisguitsyibyvnemfqvywbnv/Build/Intermediates.noindex/AppAuth.build/Debug-iphonesimulator/AppAuthCore.build/Objects-normal/x86_64/e6072d4f65d7061329687fe24e3d63a7-common-args.resp
    
    /Applications/Xcode.app/Contents/Developer/Toolchains/XcodeDefault.xctoolchain/usr/bin/clang -x objective-c -ivfsstatcache /Users/nataliewhipps/Library/Developer/Xcode/DerivedData/SDKStatCaches.noindex/iphonesimulator26.2-23C57-7d00a8b37fbd7999ea79df8ebc024bf0.sdkstatcache -fmessage-length\=0 -fdiagnostics-show-note-include-stack -fmacro-backtrace-limit\=0 -fno-color-diagnostics -fmodules-prune-interval\=86400 -fmodules-prune-after\=345600 -fbuild-session-file\=/Users/nataliewhipps/Library/Developer/Xcode/DerivedData/ModuleCache.noindex/Session.modulevalidation -fmodules-validate-once-per-build-session -Wnon-modular-include-in-framework-module -Werror\=non-modular-include-in-framework-module -Wno-trigraphs -Wno-missing-field-initializers -Wno-missing-prototypes -Wno-return-type -Wno-implicit-atomic-properties -Wno-objc-interface-ivars -Wno-arc-repeated-use-of-weak -Wno-missing-braces -Wparentheses -Wswitch -Wno-unused-function -Wno-unused-label -Wno-unused-parameter -Wno-unused-variable -Wunused-value -Wno-empty-body -Wno-uninitialized -Wno-unknown-pragmas -w -Wno-shadow -Wno-four-char-constants -Wno-conversion -Wno-constant-conversion -Wno-int-conversion -Wno-bool-conversion -Wno-enum-conversion -Wno-float-conversion -Wno-non-literal-null-conversion -Wno-objc-literal-conversion -Wshorten-64-to-32 -Wpointer-sign -Wno-newline-eof -Wno-selector -Wno-strict-selector-match -Wno-undeclared-selector -Wno-deprecated-implementations -Wno-implicit-fallthrough -fstrict-aliasing -Wprotocol -Wdeprecated-declarations -Wno-sign-conversion -Wno-infinite-recursion -Wno-comma -Wno-block-capture-autoreleasing -Wno-strict-prototypes -Wno-semicolon-before-method-body -index-store-path /Users/nataliewhipps/Library/Developer/Xcode/DerivedData/Prompt28-cgmmkisguitsyibyvnemfqvywbnv/Index.noindex/DataStore @/Users/nataliewhipps/Library/Developer/Xcode/DerivedData/Prompt28-cgmmkisguitsyibyvnemfqvywbnv/Build/Intermediates.noindex/AppAuth.build/Debug-iphonesimulator/AppAuthCore.build/Objects-normal/x86_64/e6072d4f65d7061329687fe24e3d63a7-common-args.resp -include /Users/nataliewhipps/Library/Developer/Xcode/DerivedData/Prompt28-cgmmkisguitsyibyvnemfqvywbnv/Build/Intermediates.noindex/AppAuth.build/Debug-iphonesimulator/AppAuthCore.build/DerivedSources/resource_bundle_accessor.h -MMD -MT dependencies -MF /Users/nataliewhipps/Library/Developer/Xcode/DerivedData/Prompt28-cgmmkisguitsyibyvnemfqvywbnv/Build/Intermediates.noindex/AppAuth.build/Debug-iphonesimulator/AppAuthCore.build/Objects-normal/x86_64/OIDTokenUtilities.d --serialize-diagnostics /Users/nataliewhipps/Library/Developer/Xcode/DerivedData/Prompt28-cgmmkisguitsyibyvnemfqvywbnv/Build/Intermediates.noindex/AppAuth.build/Debug-iphonesimulator/AppAuthCore.build/Objects-normal/x86_64/OIDTokenUtilities.dia -c /Users/nataliewhipps/Library/Developer/Xcode/DerivedData/Prompt28-cgmmkisguitsyibyvnemfqvywbnv/SourcePackages/checkouts/AppAuth-iOS/Sources/AppAuthCore/OIDTokenUtilities.m -o /Users/nataliewhipps/Library/Developer/Xcode/DerivedData/Prompt28-cgmmkisguitsyibyvnemfqvywbnv/Build/Intermediates.noindex/AppAuth.build/Debug-iphonesimulator/AppAuthCore.build/Objects-normal/x86_64/OIDTokenUtilities.o -index-unit-output-path /AppAuth.build/Debug-iphonesimulator/AppAuthCore.build/Objects-normal/x86_64/OIDTokenUtilities.o

CompileC /Users/nataliewhipps/Library/Developer/Xcode/DerivedData/Prompt28-cgmmkisguitsyibyvnemfqvywbnv/Build/Intermediates.noindex/AppAuth.build/Debug-iphonesimulator/AppAuthCore.build/Objects-normal/x86_64/OIDTokenResponse.o /Users/nataliewhipps/Library/Developer/Xcode/DerivedData/Prompt28-cgmmkisguitsyibyvnemfqvywbnv/SourcePackages/checkouts/AppAuth-iOS/Sources/AppAuthCore/OIDTokenResponse.m normal x86_64 objective-c com.apple.compilers.llvm.clang.1_0.compiler (in target 'AppAuthCore' from project 'AppAuth')
    cd /Users/nataliewhipps/Desktop/Prompt28/Prompt28.xcodeproj
    
    Using response file: /Users/nataliewhipps/Library/Developer/Xcode/DerivedData/Prompt28-cgmmkisguitsyibyvnemfqvywbnv/Build/Intermediates.noindex/AppAuth.build/Debug-iphonesimulator/AppAuthCore.build/Objects-normal/x86_64/e6072d4f65d7061329687fe24e3d63a7-common-args.resp
    
    /Applications/Xcode.app/Contents/Developer/Toolchains/XcodeDefault.xctoolchain/usr/bin/clang -x objective-c -ivfsstatcache /Users/nataliewhipps/Library/Developer/Xcode/DerivedData/SDKStatCaches.noindex/iphonesimulator26.2-23C57-7d00a8b37fbd7999ea79df8ebc024bf0.sdkstatcache -fmessage-length\=0 -fdiagnostics-show-note-include-stack -fmacro-backtrace-limit\=0 -fno-color-diagnostics -fmodules-prune-interval\=86400 -fmodules-prune-after\=345600 -fbuild-session-file\=/Users/nataliewhipps/Library/Developer/Xcode/DerivedData/ModuleCache.noindex/Session.modulevalidation -fmodules-validate-once-per-build-session -Wnon-modular-include-in-framework-module -Werror\=non-modular-include-in-framework-module -Wno-trigraphs -Wno-missing-field-initializers -Wno-missing-prototypes -Wno-return-type -Wno-implicit-atomic-properties -Wno-objc-interface-ivars -Wno-arc-repeated-use-of-weak -Wno-missing-braces -Wparentheses -Wswitch -Wno-unused-function -Wno-unused-label -Wno-unused-parameter -Wno-unused-variable -Wunused-value -Wno-empty-body -Wno-uninitialized -Wno-unknown-pragmas -w -Wno-shadow -Wno-four-char-constants -Wno-conversion -Wno-constant-conversion -Wno-int-conversion -Wno-bool-conversion -Wno-enum-conversion -Wno-float-conversion -Wno-non-literal-null-conversion -Wno-objc-literal-conversion -Wshorten-64-to-32 -Wpointer-sign -Wno-newline-eof -Wno-selector -Wno-strict-selector-match -Wno-undeclared-selector -Wno-deprecated-implementations -Wno-implicit-fallthrough -fstrict-aliasing -Wprotocol -Wdeprecated-declarations -Wno-sign-conversion -Wno-infinite-recursion -Wno-comma -Wno-block-capture-autoreleasing -Wno-strict-prototypes -Wno-semicolon-before-method-body -index-store-path /Users/nataliewhipps/Library/Developer/Xcode/DerivedData/Prompt28-cgmmkisguitsyibyvnemfqvywbnv/Index.noindex/DataStore @/Users/nataliewhipps/Library/Developer/Xcode/DerivedData/Prompt28-cgmmkisguitsyibyvnemfqvywbnv/Build/Intermediates.noindex/AppAuth.build/Debug-iphonesimulator/AppAuthCore.build/Objects-normal/x86_64/e6072d4f65d7061329687fe24e3d63a7-common-args.resp -include /Users/nataliewhipps/Library/Developer/Xcode/DerivedData/Prompt28-cgmmkisguitsyibyvnemfqvywbnv/Build/Intermediates.noindex/AppAuth.build/Debug-iphonesimulator/AppAuthCore.build/DerivedSources/resource_bundle_accessor.h -MMD -MT dependencies -MF /Users/nataliewhipps/Library/Developer/Xcode/DerivedData/Prompt28-cgmmkisguitsyibyvnemfqvywbnv/Build/Intermediates.noindex/AppAuth.build/Debug-iphonesimulator/AppAuthCore.build/Objects-normal/x86_64/OIDTokenResponse.d --serialize-diagnostics /Users/nataliewhipps/Library/Developer/Xcode/DerivedData/Prompt28-cgmmkisguitsyibyvnemfqvywbnv/Build/Intermediates.noindex/AppAuth.build/Debug-iphonesimulator/AppAuthCore.build/Objects-normal/x86_64/OIDTokenResponse.dia -c /Users/nataliewhipps/Library/Developer/Xcode/DerivedData/Prompt28-cgmmkisguitsyibyvnemfqvywbnv/SourcePackages/checkouts/AppAuth-iOS/Sources/AppAuthCore/OIDTokenResponse.m -o /Users/nataliewhipps/Library/Developer/Xcode/DerivedData/Prompt28-cgmmkisguitsyibyvnemfqvywbnv/Build/Intermediates.noindex/AppAuth.build/Debug-iphonesimulator/AppAuthCore.build/Objects-normal/x86_64/OIDTokenResponse.o -index-unit-output-path /AppAuth.build/Debug-iphonesimulator/AppAuthCore.build/Objects-normal/x86_64/OIDTokenResponse.o

CompileC /Users/nataliewhipps/Library/Developer/Xcode/DerivedData/Prompt28-cgmmkisguitsyibyvnemfqvywbnv/Build/Intermediates.noindex/AppAuth.build/Debug-iphonesimulator/AppAuthCore.build/Objects-normal/x86_64/OIDTokenRequest.o /Users/nataliewhipps/Library/Developer/Xcode/DerivedData/Prompt28-cgmmkisguitsyibyvnemfqvywbnv/SourcePackages/checkouts/AppAuth-iOS/Sources/AppAuthCore/OIDTokenRequest.m normal x86_64 objective-c com.apple.compilers.llvm.clang.1_0.compiler (in target 'AppAuthCore' from project 'AppAuth')
    cd /Users/nataliewhipps/Desktop/Prompt28/Prompt28.xcodeproj
    
    Using response file: /Users/nataliewhipps/Library/Developer/Xcode/DerivedData/Prompt28-cgmmkisguitsyibyvnemfqvywbnv/Build/Intermediates.noindex/AppAuth.build/Debug-iphonesimulator/AppAuthCore.build/Objects-normal/x86_64/e6072d4f65d7061329687fe24e3d63a7-common-args.resp
    
    /Applications/Xcode.app/Contents/Developer/Toolchains/XcodeDefault.xctoolchain/usr/bin/clang -x objective-c -ivfsstatcache /Users/nataliewhipps/Library/Developer/Xcode/DerivedData/SDKStatCaches.noindex/iphonesimulator26.2-23C57-7d00a8b37fbd7999ea79df8ebc024bf0.sdkstatcache -fmessage-length\=0 -fdiagnostics-show-note-include-stack -fmacro-backtrace-limit\=0 -fno-color-diagnostics -fmodules-prune-interval\=86400 -fmodules-prune-after\=345600 -fbuild-session-file\=/Users/nataliewhipps/Library/Developer/Xcode/DerivedData/ModuleCache.noindex/Session.modulevalidation -fmodules-validate-once-per-build-session -Wnon-modular-include-in-framework-module -Werror\=non-modular-include-in-framework-module -Wno-trigraphs -Wno-missing-field-initializers -Wno-missing-prototypes -Wno-return-type -Wno-implicit-atomic-properties -Wno-objc-interface-ivars -Wno-arc-repeated-use-of-weak -Wno-missing-braces -Wparentheses -Wswitch -Wno-unused-function -Wno-unused-label -Wno-unused-parameter -Wno-unused-variable -Wunused-value -Wno-empty-body -Wno-uninitialized -Wno-unknown-pragmas -w -Wno-shadow -Wno-four-char-constants -Wno-conversion -Wno-constant-conversion -Wno-int-conversion -Wno-bool-conversion -Wno-enum-conversion -Wno-float-conversion -Wno-non-literal-null-conversion -Wno-objc-literal-conversion -Wshorten-64-to-32 -Wpointer-sign -Wno-newline-eof -Wno-selector -Wno-strict-selector-match -Wno-undeclared-selector -Wno-deprecated-implementations -Wno-implicit-fallthrough -fstrict-aliasing -Wprotocol -Wdeprecated-declarations -Wno-sign-conversion -Wno-infinite-recursion -Wno-comma -Wno-block-capture-autoreleasing -Wno-strict-prototypes -Wno-semicolon-before-method-body -index-store-path /Users/nataliewhipps/Library/Developer/Xcode/DerivedData/Prompt28-cgmmkisguitsyibyvnemfqvywbnv/Index.noindex/DataStore @/Users/nataliewhipps/Library/Developer/Xcode/DerivedData/Prompt28-cgmmkisguitsyibyvnemfqvywbnv/Build/Intermediates.noindex/AppAuth.build/Debug-iphonesimulator/AppAuthCore.build/Objects-normal/x86_64/e6072d4f65d7061329687fe24e3d63a7-common-args.resp -include /Users/nataliewhipps/Library/Developer/Xcode/DerivedData/Prompt28-cgmmkisguitsyibyvnemfqvywbnv/Build/Intermediates.noindex/AppAuth.build/Debug-iphonesimulator/AppAuthCore.build/DerivedSources/resource_bundle_accessor.h -MMD -MT dependencies -MF /Users/nataliewhipps/Library/Developer/Xcode/DerivedData/Prompt28-cgmmkisguitsyibyvnemfqvywbnv/Build/Intermediates.noindex/AppAuth.build/Debug-iphonesimulator/AppAuthCore.build/Objects-normal/x86_64/OIDTokenRequest.d --serialize-diagnostics /Users/nataliewhipps/Library/Developer/Xcode/DerivedData/Prompt28-cgmmkisguitsyibyvnemfqvywbnv/Build/Intermediates.noindex/AppAuth.build/Debug-iphonesimulator/AppAuthCore.build/Objects-normal/x86_64/OIDTokenRequest.dia -c /Users/nataliewhipps/Library/Developer/Xcode/DerivedData/Prompt28-cgmmkisguitsyibyvnemfqvywbnv/SourcePackages/checkouts/AppAuth-iOS/Sources/AppAuthCore/OIDTokenRequest.m -o /Users/nataliewhipps/Library/Developer/Xcode/DerivedData/Prompt28-cgmmkisguitsyibyvnemfqvywbnv/Build/Intermediates.noindex/AppAuth.build/Debug-iphonesimulator/AppAuthCore.build/Objects-normal/x86_64/OIDTokenRequest.o -index-unit-output-path /AppAuth.build/Debug-iphonesimulator/AppAuthCore.build/Objects-normal/x86_64/OIDTokenRequest.o

CompileC /Users/nataliewhipps/Library/Developer/Xcode/DerivedData/Prompt28-cgmmkisguitsyibyvnemfqvywbnv/Build/Intermediates.noindex/AppAuth.build/Debug-iphonesimulator/AppAuthCore.build/Objects-normal/x86_64/OIDServiceDiscovery.o /Users/nataliewhipps/Library/Developer/Xcode/DerivedData/Prompt28-cgmmkisguitsyibyvnemfqvywbnv/SourcePackages/checkouts/AppAuth-iOS/Sources/AppAuthCore/OIDServiceDiscovery.m normal x86_64 objective-c com.apple.compilers.llvm.clang.1_0.compiler (in target 'AppAuthCore' from project 'AppAuth')
    cd /Users/nataliewhipps/Desktop/Prompt28/Prompt28.xcodeproj
    
    Using response file: /Users/nataliewhipps/Library/Developer/Xcode/DerivedData/Prompt28-cgmmkisguitsyibyvnemfqvywbnv/Build/Intermediates.noindex/AppAuth.build/Debug-iphonesimulator/AppAuthCore.build/Objects-normal/x86_64/e6072d4f65d7061329687fe24e3d63a7-common-args.resp
    
    /Applications/Xcode.app/Contents/Developer/Toolchains/XcodeDefault.xctoolchain/usr/bin/clang -x objective-c -ivfsstatcache /Users/nataliewhipps/Library/Developer/Xcode/DerivedData/SDKStatCaches.noindex/iphonesimulator26.2-23C57-7d00a8b37fbd7999ea79df8ebc024bf0.sdkstatcache -fmessage-length\=0 -fdiagnostics-show-note-include-stack -fmacro-backtrace-limit\=0 -fno-color-diagnostics -fmodules-prune-interval\=86400 -fmodules-prune-after\=345600 -fbuild-session-file\=/Users/nataliewhipps/Library/Developer/Xcode/DerivedData/ModuleCache.noindex/Session.modulevalidation -fmodules-validate-once-per-build-session -Wnon-modular-include-in-framework-module -Werror\=non-modular-include-in-framework-module -Wno-trigraphs -Wno-missing-field-initializers -Wno-missing-prototypes -Wno-return-type -Wno-implicit-atomic-properties -Wno-objc-interface-ivars -Wno-arc-repeated-use-of-weak -Wno-missing-braces -Wparentheses -Wswitch -Wno-unused-function -Wno-unused-label -Wno-unused-parameter -Wno-unused-variable -Wunused-value -Wno-empty-body -Wno-uninitialized -Wno-unknown-pragmas -w -Wno-shadow -Wno-four-char-constants -Wno-conversion -Wno-constant-conversion -Wno-int-conversion -Wno-bool-conversion -Wno-enum-conversion -Wno-float-conversion -Wno-non-literal-null-conversion -Wno-objc-literal-conversion -Wshorten-64-to-32 -Wpointer-sign -Wno-newline-eof -Wno-selector -Wno-strict-selector-match -Wno-undeclared-selector -Wno-deprecated-implementations -Wno-implicit-fallthrough -fstrict-aliasing -Wprotocol -Wdeprecated-declarations -Wno-sign-conversion -Wno-infinite-recursion -Wno-comma -Wno-block-capture-autoreleasing -Wno-strict-prototypes -Wno-semicolon-before-method-body -index-store-path /Users/nataliewhipps/Library/Developer/Xcode/DerivedData/Prompt28-cgmmkisguitsyibyvnemfqvywbnv/Index.noindex/DataStore @/Users/nataliewhipps/Library/Developer/Xcode/DerivedData/Prompt28-cgmmkisguitsyibyvnemfqvywbnv/Build/Intermediates.noindex/AppAuth.build/Debug-iphonesimulator/AppAuthCore.build/Objects-normal/x86_64/e6072d4f65d7061329687fe24e3d63a7-common-args.resp -include /Users/nataliewhipps/Library/Developer/Xcode/DerivedData/Prompt28-cgmmkisguitsyibyvnemfqvywbnv/Build/Intermediates.noindex/AppAuth.build/Debug-iphonesimulator/AppAuthCore.build/DerivedSources/resource_bundle_accessor.h -MMD -MT dependencies -MF /Users/nataliewhipps/Library/Developer/Xcode/DerivedData/Prompt28-cgmmkisguitsyibyvnemfqvywbnv/Build/Intermediates.noindex/AppAuth.build/Debug-iphonesimulator/AppAuthCore.build/Objects-normal/x86_64/OIDServiceDiscovery.d --serialize-diagnostics /Users/nataliewhipps/Library/Developer/Xcode/DerivedData/Prompt28-cgmmkisguitsyibyvnemfqvywbnv/Build/Intermediates.noindex/AppAuth.build/Debug-iphonesimulator/AppAuthCore.build/Objects-normal/x86_64/OIDServiceDiscovery.dia -c /Users/nataliewhipps/Library/Developer/Xcode/DerivedData/Prompt28-cgmmkisguitsyibyvnemfqvywbnv/SourcePackages/checkouts/AppAuth-iOS/Sources/AppAuthCore/OIDServiceDiscovery.m -o /Users/nataliewhipps/Library/Developer/Xcode/DerivedData/Prompt28-cgmmkisguitsyibyvnemfqvywbnv/Build/Intermediates.noindex/AppAuth.build/Debug-iphonesimulator/AppAuthCore.build/Objects-normal/x86_64/OIDServiceDiscovery.o -index-unit-output-path /AppAuth.build/Debug-iphonesimulator/AppAuthCore.build/Objects-normal/x86_64/OIDServiceDiscovery.o

CompileC /Users/nataliewhipps/Library/Developer/Xcode/DerivedData/Prompt28-cgmmkisguitsyibyvnemfqvywbnv/Build/Intermediates.noindex/AppAuth.build/Debug-iphonesimulator/AppAuthCore.build/Objects-normal/x86_64/OIDServiceConfiguration.o /Users/nataliewhipps/Library/Developer/Xcode/DerivedData/Prompt28-cgmmkisguitsyibyvnemfqvywbnv/SourcePackages/checkouts/AppAuth-iOS/Sources/AppAuthCore/OIDServiceConfiguration.m normal x86_64 objective-c com.apple.compilers.llvm.clang.1_0.compiler (in target 'AppAuthCore' from project 'AppAuth')
    cd /Users/nataliewhipps/Desktop/Prompt28/Prompt28.xcodeproj
    
    Using response file: /Users/nataliewhipps/Library/Developer/Xcode/DerivedData/Prompt28-cgmmkisguitsyibyvnemfqvywbnv/Build/Intermediates.noindex/AppAuth.build/Debug-iphonesimulator/AppAuthCore.build/Objects-normal/x86_64/e6072d4f65d7061329687fe24e3d63a7-common-args.resp
    
    /Applications/Xcode.app/Contents/Developer/Toolchains/XcodeDefault.xctoolchain/usr/bin/clang -x objective-c -ivfsstatcache /Users/nataliewhipps/Library/Developer/Xcode/DerivedData/SDKStatCaches.noindex/iphonesimulator26.2-23C57-7d00a8b37fbd7999ea79df8ebc024bf0.sdkstatcache -fmessage-length\=0 -fdiagnostics-show-note-include-stack -fmacro-backtrace-limit\=0 -fno-color-diagnostics -fmodules-prune-interval\=86400 -fmodules-prune-after\=345600 -fbuild-session-file\=/Users/nataliewhipps/Library/Developer/Xcode/DerivedData/ModuleCache.noindex/Session.modulevalidation -fmodules-validate-once-per-build-session -Wnon-modular-include-in-framework-module -Werror\=non-modular-include-in-framework-module -Wno-trigraphs -Wno-missing-field-initializers -Wno-missing-prototypes -Wno-return-type -Wno-implicit-atomic-properties -Wno-objc-interface-ivars -Wno-arc-repeated-use-of-weak -Wno-missing-braces -Wparentheses -Wswitch -Wno-unused-function -Wno-unused-label -Wno-unused-parameter -Wno-unused-variable -Wunused-value -Wno-empty-body -Wno-uninitialized -Wno-unknown-pragmas -w -Wno-shadow -Wno-four-char-constants -Wno-conversion -Wno-constant-conversion -Wno-int-conversion -Wno-bool-conversion -Wno-enum-conversion -Wno-float-conversion -Wno-non-literal-null-conversion -Wno-objc-literal-conversion -Wshorten-64-to-32 -Wpointer-sign -Wno-newline-eof -Wno-selector -Wno-strict-selector-match -Wno-undeclared-selector -Wno-deprecated-implementations -Wno-implicit-fallthrough -fstrict-aliasing -Wprotocol -Wdeprecated-declarations -Wno-sign-conversion -Wno-infinite-recursion -Wno-comma -Wno-block-capture-autoreleasing -Wno-strict-prototypes -Wno-semicolon-before-method-body -index-store-path /Users/nataliewhipps/Library/Developer/Xcode/DerivedData/Prompt28-cgmmkisguitsyibyvnemfqvywbnv/Index.noindex/DataStore @/Users/nataliewhipps/Library/Developer/Xcode/DerivedData/Prompt28-cgmmkisguitsyibyvnemfqvywbnv/Build/Intermediates.noindex/AppAuth.build/Debug-iphonesimulator/AppAuthCore.build/Objects-normal/x86_64/e6072d4f65d7061329687fe24e3d63a7-common-args.resp -include /Users/nataliewhipps/Library/Developer/Xcode/DerivedData/Prompt28-cgmmkisguitsyibyvnemfqvywbnv/Build/Intermediates.noindex/AppAuth.build/Debug-iphonesimulator/AppAuthCore.build/DerivedSources/resource_bundle_accessor.h -MMD -MT dependencies -MF /Users/nataliewhipps/Library/Developer/Xcode/DerivedData/Prompt28-cgmmkisguitsyibyvnemfqvywbnv/Build/Intermediates.noindex/AppAuth.build/Debug-iphonesimulator/AppAuthCore.build/Objects-normal/x86_64/OIDServiceConfiguration.d --serialize-diagnostics /Users/nataliewhipps/Library/Developer/Xcode/DerivedData/Prompt28-cgmmkisguitsyibyvnemfqvywbnv/Build/Intermediates.noindex/AppAuth.build/Debug-iphonesimulator/AppAuthCore.build/Objects-normal/x86_64/OIDServiceConfiguration.dia -c /Users/nataliewhipps/Library/Developer/Xcode/DerivedData/Prompt28-cgmmkisguitsyibyvnemfqvywbnv/SourcePackages/checkouts/AppAuth-iOS/Sources/AppAuthCore/OIDServiceConfiguration.m -o /Users/nataliewhipps/Library/Developer/Xcode/DerivedData/Prompt28-cgmmkisguitsyibyvnemfqvywbnv/Build/Intermediates.noindex/AppAuth.build/Debug-iphonesimulator/AppAuthCore.build/Objects-normal/x86_64/OIDServiceConfiguration.o -index-unit-output-path /AppAuth.build/Debug-iphonesimulator/AppAuthCore.build/Objects-normal/x86_64/OIDServiceConfiguration.o

CompileC /Users/nataliewhipps/Library/Developer/Xcode/DerivedData/Prompt28-cgmmkisguitsyibyvnemfqvywbnv/Build/Intermediates.noindex/AppAuth.build/Debug-iphonesimulator/AppAuthCore.build/Objects-normal/x86_64/OIDScopes.o /Users/nataliewhipps/Library/Developer/Xcode/DerivedData/Prompt28-cgmmkisguitsyibyvnemfqvywbnv/SourcePackages/checkouts/AppAuth-iOS/Sources/AppAuthCore/OIDScopes.m normal x86_64 objective-c com.apple.compilers.llvm.clang.1_0.compiler (in target 'AppAuthCore' from project 'AppAuth')
    cd /Users/nataliewhipps/Desktop/Prompt28/Prompt28.xcodeproj
    
    Using response file: /Users/nataliewhipps/Library/Developer/Xcode/DerivedData/Prompt28-cgmmkisguitsyibyvnemfqvywbnv/Build/Intermediates.noindex/AppAuth.build/Debug-iphonesimulator/AppAuthCore.build/Objects-normal/x86_64/e6072d4f65d7061329687fe24e3d63a7-common-args.resp
    
    /Applications/Xcode.app/Contents/Developer/Toolchains/XcodeDefault.xctoolchain/usr/bin/clang -x objective-c -ivfsstatcache /Users/nataliewhipps/Library/Developer/Xcode/DerivedData/SDKStatCaches.noindex/iphonesimulator26.2-23C57-7d00a8b37fbd7999ea79df8ebc024bf0.sdkstatcache -fmessage-length\=0 -fdiagnostics-show-note-include-stack -fmacro-backtrace-limit\=0 -fno-color-diagnostics -fmodules-prune-interval\=86400 -fmodules-prune-after\=345600 -fbuild-session-file\=/Users/nataliewhipps/Library/Developer/Xcode/DerivedData/ModuleCache.noindex/Session.modulevalidation -fmodules-validate-once-per-build-session -Wnon-modular-include-in-framework-module -Werror\=non-modular-include-in-framework-module -Wno-trigraphs -Wno-missing-field-initializers -Wno-missing-prototypes -Wno-return-type -Wno-implicit-atomic-properties -Wno-objc-interface-ivars -Wno-arc-repeated-use-of-weak -Wno-missing-braces -Wparentheses -Wswitch -Wno-unused-function -Wno-unused-label -Wno-unused-parameter -Wno-unused-variable -Wunused-value -Wno-empty-body -Wno-uninitialized -Wno-unknown-pragmas -w -Wno-shadow -Wno-four-char-constants -Wno-conversion -Wno-constant-conversion -Wno-int-conversion -Wno-bool-conversion -Wno-enum-conversion -Wno-float-conversion -Wno-non-literal-null-conversion -Wno-objc-literal-conversion -Wshorten-64-to-32 -Wpointer-sign -Wno-newline-eof -Wno-selector -Wno-strict-selector-match -Wno-undeclared-selector -Wno-deprecated-implementations -Wno-implicit-fallthrough -fstrict-aliasing -Wprotocol -Wdeprecated-declarations -Wno-sign-conversion -Wno-infinite-recursion -Wno-comma -Wno-block-capture-autoreleasing -Wno-strict-prototypes -Wno-semicolon-before-method-body -index-store-path /Users/nataliewhipps/Library/Developer/Xcode/DerivedData/Prompt28-cgmmkisguitsyibyvnemfqvywbnv/Index.noindex/DataStore @/Users/nataliewhipps/Library/Developer/Xcode/DerivedData/Prompt28-cgmmkisguitsyibyvnemfqvywbnv/Build/Intermediates.noindex/AppAuth.build/Debug-iphonesimulator/AppAuthCore.build/Objects-normal/x86_64/e6072d4f65d7061329687fe24e3d63a7-common-args.resp -include /Users/nataliewhipps/Library/Developer/Xcode/DerivedData/Prompt28-cgmmkisguitsyibyvnemfqvywbnv/Build/Intermediates.noindex/AppAuth.build/Debug-iphonesimulator/AppAuthCore.build/DerivedSources/resource_bundle_accessor.h -MMD -MT dependencies -MF /Users/nataliewhipps/Library/Developer/Xcode/DerivedData/Prompt28-cgmmkisguitsyibyvnemfqvywbnv/Build/Intermediates.noindex/AppAuth.build/Debug-iphonesimulator/AppAuthCore.build/Objects-normal/x86_64/OIDScopes.d --serialize-diagnostics /Users/nataliewhipps/Library/Developer/Xcode/DerivedData/Prompt28-cgmmkisguitsyibyvnemfqvywbnv/Build/Intermediates.noindex/AppAuth.build/Debug-iphonesimulator/AppAuthCore.build/Objects-normal/x86_64/OIDScopes.dia -c /Users/nataliewhipps/Library/Developer/Xcode/DerivedData/Prompt28-cgmmkisguitsyibyvnemfqvywbnv/SourcePackages/checkouts/AppAuth-iOS/Sources/AppAuthCore/OIDScopes.m -o /Users/nataliewhipps/Library/Developer/Xcode/DerivedData/Prompt28-cgmmkisguitsyibyvnemfqvywbnv/Build/Intermediates.noindex/AppAuth.build/Debug-iphonesimulator/AppAuthCore.build/Objects-normal/x86_64/OIDScopes.o -index-unit-output-path /AppAuth.build/Debug-iphonesimulator/AppAuthCore.build/Objects-normal/x86_64/OIDScopes.o

SwiftExplicitDependencyGeneratePcm x86_64 /Users/nataliewhipps/Library/Developer/Xcode/DerivedData/ModuleCache.noindex/os_object-5BGL0EK19M0SEQORWGZBROLFU.pcm

CompileC /Users/nataliewhipps/Library/Developer/Xcode/DerivedData/Prompt28-cgmmkisguitsyibyvnemfqvywbnv/Build/Intermediates.noindex/AppAuth.build/Debug-iphonesimulator/AppAuthCore.build/Objects-normal/x86_64/OIDScopeUtilities.o /Users/nataliewhipps/Library/Developer/Xcode/DerivedData/Prompt28-cgmmkisguitsyibyvnemfqvywbnv/SourcePackages/checkouts/AppAuth-iOS/Sources/AppAuthCore/OIDScopeUtilities.m normal x86_64 objective-c com.apple.compilers.llvm.clang.1_0.compiler (in target 'AppAuthCore' from project 'AppAuth')
    cd /Users/nataliewhipps/Desktop/Prompt28/Prompt28.xcodeproj
    
    Using response file: /Users/nataliewhipps/Library/Developer/Xcode/DerivedData/Prompt28-cgmmkisguitsyibyvnemfqvywbnv/Build/Intermediates.noindex/AppAuth.build/Debug-iphonesimulator/AppAuthCore.build/Objects-normal/x86_64/e6072d4f65d7061329687fe24e3d63a7-common-args.resp
    
    /Applications/Xcode.app/Contents/Developer/Toolchains/XcodeDefault.xctoolchain/usr/bin/clang -x objective-c -ivfsstatcache /Users/nataliewhipps/Library/Developer/Xcode/DerivedData/SDKStatCaches.noindex/iphonesimulator26.2-23C57-7d00a8b37fbd7999ea79df8ebc024bf0.sdkstatcache -fmessage-length\=0 -fdiagnostics-show-note-include-stack -fmacro-backtrace-limit\=0 -fno-color-diagnostics -fmodules-prune-interval\=86400 -fmodules-prune-after\=345600 -fbuild-session-file\=/Users/nataliewhipps/Library/Developer/Xcode/DerivedData/ModuleCache.noindex/Session.modulevalidation -fmodules-validate-once-per-build-session -Wnon-modular-include-in-framework-module -Werror\=non-modular-include-in-framework-module -Wno-trigraphs -Wno-missing-field-initializers -Wno-missing-prototypes -Wno-return-type -Wno-implicit-atomic-properties -Wno-objc-interface-ivars -Wno-arc-repeated-use-of-weak -Wno-missing-braces -Wparentheses -Wswitch -Wno-unused-function -Wno-unused-label -Wno-unused-parameter -Wno-unused-variable -Wunused-value -Wno-empty-body -Wno-uninitialized -Wno-unknown-pragmas -w -Wno-shadow -Wno-four-char-constants -Wno-conversion -Wno-constant-conversion -Wno-int-conversion -Wno-bool-conversion -Wno-enum-conversion -Wno-float-conversion -Wno-non-literal-null-conversion -Wno-objc-literal-conversion -Wshorten-64-to-32 -Wpointer-sign -Wno-newline-eof -Wno-selector -Wno-strict-selector-match -Wno-undeclared-selector -Wno-deprecated-implementations -Wno-implicit-fallthrough -fstrict-aliasing -Wprotocol -Wdeprecated-declarations -Wno-sign-conversion -Wno-infinite-recursion -Wno-comma -Wno-block-capture-autoreleasing -Wno-strict-prototypes -Wno-semicolon-before-method-body -index-store-path /Users/nataliewhipps/Library/Developer/Xcode/DerivedData/Prompt28-cgmmkisguitsyibyvnemfqvywbnv/Index.noindex/DataStore @/Users/nataliewhipps/Library/Developer/Xcode/DerivedData/Prompt28-cgmmkisguitsyibyvnemfqvywbnv/Build/Intermediates.noindex/AppAuth.build/Debug-iphonesimulator/AppAuthCore.build/Objects-normal/x86_64/e6072d4f65d7061329687fe24e3d63a7-common-args.resp -include /Users/nataliewhipps/Library/Developer/Xcode/DerivedData/Prompt28-cgmmkisguitsyibyvnemfqvywbnv/Build/Intermediates.noindex/AppAuth.build/Debug-iphonesimulator/AppAuthCore.build/DerivedSources/resource_bundle_accessor.h -MMD -MT dependencies -MF /Users/nataliewhipps/Library/Developer/Xcode/DerivedData/Prompt28-cgmmkisguitsyibyvnemfqvywbnv/Build/Intermediates.noindex/AppAuth.build/Debug-iphonesimulator/AppAuthCore.build/Objects-normal/x86_64/OIDScopeUtilities.d --serialize-diagnostics /Users/nataliewhipps/Library/Developer/Xcode/DerivedData/Prompt28-cgmmkisguitsyibyvnemfqvywbnv/Build/Intermediates.noindex/AppAuth.build/Debug-iphonesimulator/AppAuthCore.build/Objects-normal/x86_64/OIDScopeUtilities.dia -c /Users/nataliewhipps/Library/Developer/Xcode/DerivedData/Prompt28-cgmmkisguitsyibyvnemfqvywbnv/SourcePackages/checkouts/AppAuth-iOS/Sources/AppAuthCore/OIDScopeUtilities.m -o /Users/nataliewhipps/Library/Developer/Xcode/DerivedData/Prompt28-cgmmkisguitsyibyvnemfqvywbnv/Build/Intermediates.noindex/AppAuth.build/Debug-iphonesimulator/AppAuthCore.build/Objects-normal/x86_64/OIDScopeUtilities.o -index-unit-output-path /AppAuth.build/Debug-iphonesimulator/AppAuthCore.build/Objects-normal/x86_64/OIDScopeUtilities.o

CompileC /Users/nataliewhipps/Library/Developer/Xcode/DerivedData/Prompt28-cgmmkisguitsyibyvnemfqvywbnv/Build/Intermediates.noindex/AppAuth.build/Debug-iphonesimulator/AppAuthCore.build/Objects-normal/x86_64/OIDResponseTypes.o /Users/nataliewhipps/Library/Developer/Xcode/DerivedData/Prompt28-cgmmkisguitsyibyvnemfqvywbnv/SourcePackages/checkouts/AppAuth-iOS/Sources/AppAuthCore/OIDResponseTypes.m normal x86_64 objective-c com.apple.compilers.llvm.clang.1_0.compiler (in target 'AppAuthCore' from project 'AppAuth')
    cd /Users/nataliewhipps/Desktop/Prompt28/Prompt28.xcodeproj
    
    Using response file: /Users/nataliewhipps/Library/Developer/Xcode/DerivedData/Prompt28-cgmmkisguitsyibyvnemfqvywbnv/Build/Intermediates.noindex/AppAuth.build/Debug-iphonesimulator/AppAuthCore.build/Objects-normal/x86_64/e6072d4f65d7061329687fe24e3d63a7-common-args.resp
    
    /Applications/Xcode.app/Contents/Developer/Toolchains/XcodeDefault.xctoolchain/usr/bin/clang -x objective-c -ivfsstatcache /Users/nataliewhipps/Library/Developer/Xcode/DerivedData/SDKStatCaches.noindex/iphonesimulator26.2-23C57-7d00a8b37fbd7999ea79df8ebc024bf0.sdkstatcache -fmessage-length\=0 -fdiagnostics-show-note-include-stack -fmacro-backtrace-limit\=0 -fno-color-diagnostics -fmodules-prune-interval\=86400 -fmodules-prune-after\=345600 -fbuild-session-file\=/Users/nataliewhipps/Library/Developer/Xcode/DerivedData/ModuleCache.noindex/Session.modulevalidation -fmodules-validate-once-per-build-session -Wnon-modular-include-in-framework-module -Werror\=non-modular-include-in-framework-module -Wno-trigraphs -Wno-missing-field-initializers -Wno-missing-prototypes -Wno-return-type -Wno-implicit-atomic-properties -Wno-objc-interface-ivars -Wno-arc-repeated-use-of-weak -Wno-missing-braces -Wparentheses -Wswitch -Wno-unused-function -Wno-unused-label -Wno-unused-parameter -Wno-unused-variable -Wunused-value -Wno-empty-body -Wno-uninitialized -Wno-unknown-pragmas -w -Wno-shadow -Wno-four-char-constants -Wno-conversion -Wno-constant-conversion -Wno-int-conversion -Wno-bool-conversion -Wno-enum-conversion -Wno-float-conversion -Wno-non-literal-null-conversion -Wno-objc-literal-conversion -Wshorten-64-to-32 -Wpointer-sign -Wno-newline-eof -Wno-selector -Wno-strict-selector-match -Wno-undeclared-selector -Wno-deprecated-implementations -Wno-implicit-fallthrough -fstrict-aliasing -Wprotocol -Wdeprecated-declarations -Wno-sign-conversion -Wno-infinite-recursion -Wno-comma -Wno-block-capture-autoreleasing -Wno-strict-prototypes -Wno-semicolon-before-method-body -index-store-path /Users/nataliewhipps/Library/Developer/Xcode/DerivedData/Prompt28-cgmmkisguitsyibyvnemfqvywbnv/Index.noindex/DataStore @/Users/nataliewhipps/Library/Developer/Xcode/DerivedData/Prompt28-cgmmkisguitsyibyvnemfqvywbnv/Build/Intermediates.noindex/AppAuth.build/Debug-iphonesimulator/AppAuthCore.build/Objects-normal/x86_64/e6072d4f65d7061329687fe24e3d63a7-common-args.resp -include /Users/nataliewhipps/Library/Developer/Xcode/DerivedData/Prompt28-cgmmkisguitsyibyvnemfqvywbnv/Build/Intermediates.noindex/AppAuth.build/Debug-iphonesimulator/AppAuthCore.build/DerivedSources/resource_bundle_accessor.h -MMD -MT dependencies -MF /Users/nataliewhipps/Library/Developer/Xcode/DerivedData/Prompt28-cgmmkisguitsyibyvnemfqvywbnv/Build/Intermediates.noindex/AppAuth.build/Debug-iphonesimulator/AppAuthCore.build/Objects-normal/x86_64/OIDResponseTypes.d --serialize-diagnostics /Users/nataliewhipps/Library/Developer/Xcode/DerivedData/Prompt28-cgmmkisguitsyibyvnemfqvywbnv/Build/Intermediates.noindex/AppAuth.build/Debug-iphonesimulator/AppAuthCore.build/Objects-normal/x86_64/OIDResponseTypes.dia -c /Users/nataliewhipps/Library/Developer/Xcode/DerivedData/Prompt28-cgmmkisguitsyibyvnemfqvywbnv/SourcePackages/checkouts/AppAuth-iOS/Sources/AppAuthCore/OIDResponseTypes.m -o /Users/nataliewhipps/Library/Developer/Xcode/DerivedData/Prompt28-cgmmkisguitsyibyvnemfqvywbnv/Build/Intermediates.noindex/AppAuth.build/Debug-iphonesimulator/AppAuthCore.build/Objects-normal/x86_64/OIDResponseTypes.o -index-unit-output-path /AppAuth.build/Debug-iphonesimulator/AppAuthCore.build/Objects-normal/x86_64/OIDResponseTypes.o

CompileC /Users/nataliewhipps/Library/Developer/Xcode/DerivedData/Prompt28-cgmmkisguitsyibyvnemfqvywbnv/Build/Intermediates.noindex/AppAuth.build/Debug-iphonesimulator/AppAuthCore.build/Objects-normal/x86_64/OIDRegistrationResponse.o /Users/nataliewhipps/Library/Developer/Xcode/DerivedData/Prompt28-cgmmkisguitsyibyvnemfqvywbnv/SourcePackages/checkouts/AppAuth-iOS/Sources/AppAuthCore/OIDRegistrationResponse.m normal x86_64 objective-c com.apple.compilers.llvm.clang.1_0.compiler (in target 'AppAuthCore' from project 'AppAuth')
    cd /Users/nataliewhipps/Desktop/Prompt28/Prompt28.xcodeproj
    
    Using response file: /Users/nataliewhipps/Library/Developer/Xcode/DerivedData/Prompt28-cgmmkisguitsyibyvnemfqvywbnv/Build/Intermediates.noindex/AppAuth.build/Debug-iphonesimulator/AppAuthCore.build/Objects-normal/x86_64/e6072d4f65d7061329687fe24e3d63a7-common-args.resp
    
    /Applications/Xcode.app/Contents/Developer/Toolchains/XcodeDefault.xctoolchain/usr/bin/clang -x objective-c -ivfsstatcache /Users/nataliewhipps/Library/Developer/Xcode/DerivedData/SDKStatCaches.noindex/iphonesimulator26.2-23C57-7d00a8b37fbd7999ea79df8ebc024bf0.sdkstatcache -fmessage-length\=0 -fdiagnostics-show-note-include-stack -fmacro-backtrace-limit\=0 -fno-color-diagnostics -fmodules-prune-interval\=86400 -fmodules-prune-after\=345600 -fbuild-session-file\=/Users/nataliewhipps/Library/Developer/Xcode/DerivedData/ModuleCache.noindex/Session.modulevalidation -fmodules-validate-once-per-build-session -Wnon-modular-include-in-framework-module -Werror\=non-modular-include-in-framework-module -Wno-trigraphs -Wno-missing-field-initializers -Wno-missing-prototypes -Wno-return-type -Wno-implicit-atomic-properties -Wno-objc-interface-ivars -Wno-arc-repeated-use-of-weak -Wno-missing-braces -Wparentheses -Wswitch -Wno-unused-function -Wno-unused-label -Wno-unused-parameter -Wno-unused-variable -Wunused-value -Wno-empty-body -Wno-uninitialized -Wno-unknown-pragmas -w -Wno-shadow -Wno-four-char-constants -Wno-conversion -Wno-constant-conversion -Wno-int-conversion -Wno-bool-conversion -Wno-enum-conversion -Wno-float-conversion -Wno-non-literal-null-conversion -Wno-objc-literal-conversion -Wshorten-64-to-32 -Wpointer-sign -Wno-newline-eof -Wno-selector -Wno-strict-selector-match -Wno-undeclared-selector -Wno-deprecated-implementations -Wno-implicit-fallthrough -fstrict-aliasing -Wprotocol -Wdeprecated-declarations -Wno-sign-conversion -Wno-infinite-recursion -Wno-comma -Wno-block-capture-autoreleasing -Wno-strict-prototypes -Wno-semicolon-before-method-body -index-store-path /Users/nataliewhipps/Library/Developer/Xcode/DerivedData/Prompt28-cgmmkisguitsyibyvnemfqvywbnv/Index.noindex/DataStore @/Users/nataliewhipps/Library/Developer/Xcode/DerivedData/Prompt28-cgmmkisguitsyibyvnemfqvywbnv/Build/Intermediates.noindex/AppAuth.build/Debug-iphonesimulator/AppAuthCore.build/Objects-normal/x86_64/e6072d4f65d7061329687fe24e3d63a7-common-args.resp -include /Users/nataliewhipps/Library/Developer/Xcode/DerivedData/Prompt28-cgmmkisguitsyibyvnemfqvywbnv/Build/Intermediates.noindex/AppAuth.build/Debug-iphonesimulator/AppAuthCore.build/DerivedSources/resource_bundle_accessor.h -MMD -MT dependencies -MF /Users/nataliewhipps/Library/Developer/Xcode/DerivedData/Prompt28-cgmmkisguitsyibyvnemfqvywbnv/Build/Intermediates.noindex/AppAuth.build/Debug-iphonesimulator/AppAuthCore.build/Objects-normal/x86_64/OIDRegistrationResponse.d --serialize-diagnostics /Users/nataliewhipps/Library/Developer/Xcode/DerivedData/Prompt28-cgmmkisguitsyibyvnemfqvywbnv/Build/Intermediates.noindex/AppAuth.build/Debug-iphonesimulator/AppAuthCore.build/Objects-normal/x86_64/OIDRegistrationResponse.dia -c /Users/nataliewhipps/Library/Developer/Xcode/DerivedData/Prompt28-cgmmkisguitsyibyvnemfqvywbnv/SourcePackages/checkouts/AppAuth-iOS/Sources/AppAuthCore/OIDRegistrationResponse.m -o /Users/nataliewhipps/Library/Developer/Xcode/DerivedData/Prompt28-cgmmkisguitsyibyvnemfqvywbnv/Build/Intermediates.noindex/AppAuth.build/Debug-iphonesimulator/AppAuthCore.build/Objects-normal/x86_64/OIDRegistrationResponse.o -index-unit-output-path /AppAuth.build/Debug-iphonesimulator/AppAuthCore.build/Objects-normal/x86_64/OIDRegistrationResponse.o

CompileC /Users/nataliewhipps/Library/Developer/Xcode/DerivedData/Prompt28-cgmmkisguitsyibyvnemfqvywbnv/Build/Intermediates.noindex/AppAuth.build/Debug-iphonesimulator/AppAuthCore.build/Objects-normal/x86_64/OIDRegistrationRequest.o /Users/nataliewhipps/Library/Developer/Xcode/DerivedData/Prompt28-cgmmkisguitsyibyvnemfqvywbnv/SourcePackages/checkouts/AppAuth-iOS/Sources/AppAuthCore/OIDRegistrationRequest.m normal x86_64 objective-c com.apple.compilers.llvm.clang.1_0.compiler (in target 'AppAuthCore' from project 'AppAuth')
    cd /Users/nataliewhipps/Desktop/Prompt28/Prompt28.xcodeproj
    
    Using response file: /Users/nataliewhipps/Library/Developer/Xcode/DerivedData/Prompt28-cgmmkisguitsyibyvnemfqvywbnv/Build/Intermediates.noindex/AppAuth.build/Debug-iphonesimulator/AppAuthCore.build/Objects-normal/x86_64/e6072d4f65d7061329687fe24e3d63a7-common-args.resp
    
    /Applications/Xcode.app/Contents/Developer/Toolchains/XcodeDefault.xctoolchain/usr/bin/clang -x objective-c -ivfsstatcache /Users/nataliewhipps/Library/Developer/Xcode/DerivedData/SDKStatCaches.noindex/iphonesimulator26.2-23C57-7d00a8b37fbd7999ea79df8ebc024bf0.sdkstatcache -fmessage-length\=0 -fdiagnostics-show-note-include-stack -fmacro-backtrace-limit\=0 -fno-color-diagnostics -fmodules-prune-interval\=86400 -fmodules-prune-after\=345600 -fbuild-session-file\=/Users/nataliewhipps/Library/Developer/Xcode/DerivedData/ModuleCache.noindex/Session.modulevalidation -fmodules-validate-once-per-build-session -Wnon-modular-include-in-framework-module -Werror\=non-modular-include-in-framework-module -Wno-trigraphs -Wno-missing-field-initializers -Wno-missing-prototypes -Wno-return-type -Wno-implicit-atomic-properties -Wno-objc-interface-ivars -Wno-arc-repeated-use-of-weak -Wno-missing-braces -Wparentheses -Wswitch -Wno-unused-function -Wno-unused-label -Wno-unused-parameter -Wno-unused-variable -Wunused-value -Wno-empty-body -Wno-uninitialized -Wno-unknown-pragmas -w -Wno-shadow -Wno-four-char-constants -Wno-conversion -Wno-constant-conversion -Wno-int-conversion -Wno-bool-conversion -Wno-enum-conversion -Wno-float-conversion -Wno-non-literal-null-conversion -Wno-objc-literal-conversion -Wshorten-64-to-32 -Wpointer-sign -Wno-newline-eof -Wno-selector -Wno-strict-selector-match -Wno-undeclared-selector -Wno-deprecated-implementations -Wno-implicit-fallthrough -fstrict-aliasing -Wprotocol -Wdeprecated-declarations -Wno-sign-conversion -Wno-infinite-recursion -Wno-comma -Wno-block-capture-autoreleasing -Wno-strict-prototypes -Wno-semicolon-before-method-body -index-store-path /Users/nataliewhipps/Library/Developer/Xcode/DerivedData/Prompt28-cgmmkisguitsyibyvnemfqvywbnv/Index.noindex/DataStore @/Users/nataliewhipps/Library/Developer/Xcode/DerivedData/Prompt28-cgmmkisguitsyibyvnemfqvywbnv/Build/Intermediates.noindex/AppAuth.build/Debug-iphonesimulator/AppAuthCore.build/Objects-normal/x86_64/e6072d4f65d7061329687fe24e3d63a7-common-args.resp -include /Users/nataliewhipps/Library/Developer/Xcode/DerivedData/Prompt28-cgmmkisguitsyibyvnemfqvywbnv/Build/Intermediates.noindex/AppAuth.build/Debug-iphonesimulator/AppAuthCore.build/DerivedSources/resource_bundle_accessor.h -MMD -MT dependencies -MF /Users/nataliewhipps/Library/Developer/Xcode/DerivedData/Prompt28-cgmmkisguitsyibyvnemfqvywbnv/Build/Intermediates.noindex/AppAuth.build/Debug-iphonesimulator/AppAuthCore.build/Objects-normal/x86_64/OIDRegistrationRequest.d --serialize-diagnostics /Users/nataliewhipps/Library/Developer/Xcode/DerivedData/Prompt28-cgmmkisguitsyibyvnemfqvywbnv/Build/Intermediates.noindex/AppAuth.build/Debug-iphonesimulator/AppAuthCore.build/Objects-normal/x86_64/OIDRegistrationRequest.dia -c /Users/nataliewhipps/Library/Developer/Xcode/DerivedData/Prompt28-cgmmkisguitsyibyvnemfqvywbnv/SourcePackages/checkouts/AppAuth-iOS/Sources/AppAuthCore/OIDRegistrationRequest.m -o /Users/nataliewhipps/Library/Developer/Xcode/DerivedData/Prompt28-cgmmkisguitsyibyvnemfqvywbnv/Build/Intermediates.noindex/AppAuth.build/Debug-iphonesimulator/AppAuthCore.build/Objects-normal/x86_64/OIDRegistrationRequest.o -index-unit-output-path /AppAuth.build/Debug-iphonesimulator/AppAuthCore.build/Objects-normal/x86_64/OIDRegistrationRequest.o

CompileC /Users/nataliewhipps/Library/Developer/Xcode/DerivedData/Prompt28-cgmmkisguitsyibyvnemfqvywbnv/Build/Intermediates.noindex/AppAuth.build/Debug-iphonesimulator/AppAuthCore.build/Objects-normal/x86_64/OIDIDToken.o /Users/nataliewhipps/Library/Developer/Xcode/DerivedData/Prompt28-cgmmkisguitsyibyvnemfqvywbnv/SourcePackages/checkouts/AppAuth-iOS/Sources/AppAuthCore/OIDIDToken.m normal x86_64 objective-c com.apple.compilers.llvm.clang.1_0.compiler (in target 'AppAuthCore' from project 'AppAuth')
    cd /Users/nataliewhipps/Desktop/Prompt28/Prompt28.xcodeproj
    
    Using response file: /Users/nataliewhipps/Library/Developer/Xcode/DerivedData/Prompt28-cgmmkisguitsyibyvnemfqvywbnv/Build/Intermediates.noindex/AppAuth.build/Debug-iphonesimulator/AppAuthCore.build/Objects-normal/x86_64/e6072d4f65d7061329687fe24e3d63a7-common-args.resp
    
    /Applications/Xcode.app/Contents/Developer/Toolchains/XcodeDefault.xctoolchain/usr/bin/clang -x objective-c -ivfsstatcache /Users/nataliewhipps/Library/Developer/Xcode/DerivedData/SDKStatCaches.noindex/iphonesimulator26.2-23C57-7d00a8b37fbd7999ea79df8ebc024bf0.sdkstatcache -fmessage-length\=0 -fdiagnostics-show-note-include-stack -fmacro-backtrace-limit\=0 -fno-color-diagnostics -fmodules-prune-interval\=86400 -fmodules-prune-after\=345600 -fbuild-session-file\=/Users/nataliewhipps/Library/Developer/Xcode/DerivedData/ModuleCache.noindex/Session.modulevalidation -fmodules-validate-once-per-build-session -Wnon-modular-include-in-framework-module -Werror\=non-modular-include-in-framework-module -Wno-trigraphs -Wno-missing-field-initializers -Wno-missing-prototypes -Wno-return-type -Wno-implicit-atomic-properties -Wno-objc-interface-ivars -Wno-arc-repeated-use-of-weak -Wno-missing-braces -Wparentheses -Wswitch -Wno-unused-function -Wno-unused-label -Wno-unused-parameter -Wno-unused-variable -Wunused-value -Wno-empty-body -Wno-uninitialized -Wno-unknown-pragmas -w -Wno-shadow -Wno-four-char-constants -Wno-conversion -Wno-constant-conversion -Wno-int-conversion -Wno-bool-conversion -Wno-enum-conversion -Wno-float-conversion -Wno-non-literal-null-conversion -Wno-objc-literal-conversion -Wshorten-64-to-32 -Wpointer-sign -Wno-newline-eof -Wno-selector -Wno-strict-selector-match -Wno-undeclared-selector -Wno-deprecated-implementations -Wno-implicit-fallthrough -fstrict-aliasing -Wprotocol -Wdeprecated-declarations -Wno-sign-conversion -Wno-infinite-recursion -Wno-comma -Wno-block-capture-autoreleasing -Wno-strict-prototypes -Wno-semicolon-before-method-body -index-store-path /Users/nataliewhipps/Library/Developer/Xcode/DerivedData/Prompt28-cgmmkisguitsyibyvnemfqvywbnv/Index.noindex/DataStore @/Users/nataliewhipps/Library/Developer/Xcode/DerivedData/Prompt28-cgmmkisguitsyibyvnemfqvywbnv/Build/Intermediates.noindex/AppAuth.build/Debug-iphonesimulator/AppAuthCore.build/Objects-normal/x86_64/e6072d4f65d7061329687fe24e3d63a7-common-args.resp -include /Users/nataliewhipps/Library/Developer/Xcode/DerivedData/Prompt28-cgmmkisguitsyibyvnemfqvywbnv/Build/Intermediates.noindex/AppAuth.build/Debug-iphonesimulator/AppAuthCore.build/DerivedSources/resource_bundle_accessor.h -MMD -MT dependencies -MF /Users/nataliewhipps/Library/Developer/Xcode/DerivedData/Prompt28-cgmmkisguitsyibyvnemfqvywbnv/Build/Intermediates.noindex/AppAuth.build/Debug-iphonesimulator/AppAuthCore.build/Objects-normal/x86_64/OIDIDToken.d --serialize-diagnostics /Users/nataliewhipps/Library/Developer/Xcode/DerivedData/Prompt28-cgmmkisguitsyibyvnemfqvywbnv/Build/Intermediates.noindex/AppAuth.build/Debug-iphonesimulator/AppAuthCore.build/Objects-normal/x86_64/OIDIDToken.dia -c /Users/nataliewhipps/Library/Developer/Xcode/DerivedData/Prompt28-cgmmkisguitsyibyvnemfqvywbnv/SourcePackages/checkouts/AppAuth-iOS/Sources/AppAuthCore/OIDIDToken.m -o /Users/nataliewhipps/Library/Developer/Xcode/DerivedData/Prompt28-cgmmkisguitsyibyvnemfqvywbnv/Build/Intermediates.noindex/AppAuth.build/Debug-iphonesimulator/AppAuthCore.build/Objects-normal/x86_64/OIDIDToken.o -index-unit-output-path /AppAuth.build/Debug-iphonesimulator/AppAuthCore.build/Objects-normal/x86_64/OIDIDToken.o

CompileC /Users/nataliewhipps/Library/Developer/Xcode/DerivedData/Prompt28-cgmmkisguitsyibyvnemfqvywbnv/Build/Intermediates.noindex/AppAuth.build/Debug-iphonesimulator/AppAuthCore.build/Objects-normal/x86_64/OIDGrantTypes.o /Users/nataliewhipps/Library/Developer/Xcode/DerivedData/Prompt28-cgmmkisguitsyibyvnemfqvywbnv/SourcePackages/checkouts/AppAuth-iOS/Sources/AppAuthCore/OIDGrantTypes.m normal x86_64 objective-c com.apple.compilers.llvm.clang.1_0.compiler (in target 'AppAuthCore' from project 'AppAuth')
    cd /Users/nataliewhipps/Desktop/Prompt28/Prompt28.xcodeproj
    
    Using response file: /Users/nataliewhipps/Library/Developer/Xcode/DerivedData/Prompt28-cgmmkisguitsyibyvnemfqvywbnv/Build/Intermediates.noindex/AppAuth.build/Debug-iphonesimulator/AppAuthCore.build/Objects-normal/x86_64/e6072d4f65d7061329687fe24e3d63a7-common-args.resp
    
    /Applications/Xcode.app/Contents/Developer/Toolchains/XcodeDefault.xctoolchain/usr/bin/clang -x objective-c -ivfsstatcache /Users/nataliewhipps/Library/Developer/Xcode/DerivedData/SDKStatCaches.noindex/iphonesimulator26.2-23C57-7d00a8b37fbd7999ea79df8ebc024bf0.sdkstatcache -fmessage-length\=0 -fdiagnostics-show-note-include-stack -fmacro-backtrace-limit\=0 -fno-color-diagnostics -fmodules-prune-interval\=86400 -fmodules-prune-after\=345600 -fbuild-session-file\=/Users/nataliewhipps/Library/Developer/Xcode/DerivedData/ModuleCache.noindex/Session.modulevalidation -fmodules-validate-once-per-build-session -Wnon-modular-include-in-framework-module -Werror\=non-modular-include-in-framework-module -Wno-trigraphs -Wno-missing-field-initializers -Wno-missing-prototypes -Wno-return-type -Wno-implicit-atomic-properties -Wno-objc-interface-ivars -Wno-arc-repeated-use-of-weak -Wno-missing-braces -Wparentheses -Wswitch -Wno-unused-function -Wno-unused-label -Wno-unused-parameter -Wno-unused-variable -Wunused-value -Wno-empty-body -Wno-uninitialized -Wno-unknown-pragmas -w -Wno-shadow -Wno-four-char-constants -Wno-conversion -Wno-constant-conversion -Wno-int-conversion -Wno-bool-conversion -Wno-enum-conversion -Wno-float-conversion -Wno-non-literal-null-conversion -Wno-objc-literal-conversion -Wshorten-64-to-32 -Wpointer-sign -Wno-newline-eof -Wno-selector -Wno-strict-selector-match -Wno-undeclared-selector -Wno-deprecated-implementations -Wno-implicit-fallthrough -fstrict-aliasing -Wprotocol -Wdeprecated-declarations -Wno-sign-conversion -Wno-infinite-recursion -Wno-comma -Wno-block-capture-autoreleasing -Wno-strict-prototypes -Wno-semicolon-before-method-body -index-store-path /Users/nataliewhipps/Library/Developer/Xcode/DerivedData/Prompt28-cgmmkisguitsyibyvnemfqvywbnv/Index.noindex/DataStore @/Users/nataliewhipps/Library/Developer/Xcode/DerivedData/Prompt28-cgmmkisguitsyibyvnemfqvywbnv/Build/Intermediates.noindex/AppAuth.build/Debug-iphonesimulator/AppAuthCore.build/Objects-normal/x86_64/e6072d4f65d7061329687fe24e3d63a7-common-args.resp -include /Users/nataliewhipps/Library/Developer/Xcode/DerivedData/Prompt28-cgmmkisguitsyibyvnemfqvywbnv/Build/Intermediates.noindex/AppAuth.build/Debug-iphonesimulator/AppAuthCore.build/DerivedSources/resource_bundle_accessor.h -MMD -MT dependencies -MF /Users/nataliewhipps/Library/Developer/Xcode/DerivedData/Prompt28-cgmmkisguitsyibyvnemfqvywbnv/Build/Intermediates.noindex/AppAuth.build/Debug-iphonesimulator/AppAuthCore.build/Objects-normal/x86_64/OIDGrantTypes.d --serialize-diagnostics /Users/nataliewhipps/Library/Developer/Xcode/DerivedData/Prompt28-cgmmkisguitsyibyvnemfqvywbnv/Build/Intermediates.noindex/AppAuth.build/Debug-iphonesimulator/AppAuthCore.build/Objects-normal/x86_64/OIDGrantTypes.dia -c /Users/nataliewhipps/Library/Developer/Xcode/DerivedData/Prompt28-cgmmkisguitsyibyvnemfqvywbnv/SourcePackages/checkouts/AppAuth-iOS/Sources/AppAuthCore/OIDGrantTypes.m -o /Users/nataliewhipps/Library/Developer/Xcode/DerivedData/Prompt28-cgmmkisguitsyibyvnemfqvywbnv/Build/Intermediates.noindex/AppAuth.build/Debug-iphonesimulator/AppAuthCore.build/Objects-normal/x86_64/OIDGrantTypes.o -index-unit-output-path /AppAuth.build/Debug-iphonesimulator/AppAuthCore.build/Objects-normal/x86_64/OIDGrantTypes.o

CompileC /Users/nataliewhipps/Library/Developer/Xcode/DerivedData/Prompt28-cgmmkisguitsyibyvnemfqvywbnv/Build/Intermediates.noindex/AppAuth.build/Debug-iphonesimulator/AppAuthCore.build/Objects-normal/x86_64/OIDFieldMapping.o /Users/nataliewhipps/Library/Developer/Xcode/DerivedData/Prompt28-cgmmkisguitsyibyvnemfqvywbnv/SourcePackages/checkouts/AppAuth-iOS/Sources/AppAuthCore/OIDFieldMapping.m normal x86_64 objective-c com.apple.compilers.llvm.clang.1_0.compiler (in target 'AppAuthCore' from project 'AppAuth')
    cd /Users/nataliewhipps/Desktop/Prompt28/Prompt28.xcodeproj
    
    Using response file: /Users/nataliewhipps/Library/Developer/Xcode/DerivedData/Prompt28-cgmmkisguitsyibyvnemfqvywbnv/Build/Intermediates.noindex/AppAuth.build/Debug-iphonesimulator/AppAuthCore.build/Objects-normal/x86_64/e6072d4f65d7061329687fe24e3d63a7-common-args.resp
    
    /Applications/Xcode.app/Contents/Developer/Toolchains/XcodeDefault.xctoolchain/usr/bin/clang -x objective-c -ivfsstatcache /Users/nataliewhipps/Library/Developer/Xcode/DerivedData/SDKStatCaches.noindex/iphonesimulator26.2-23C57-7d00a8b37fbd7999ea79df8ebc024bf0.sdkstatcache -fmessage-length\=0 -fdiagnostics-show-note-include-stack -fmacro-backtrace-limit\=0 -fno-color-diagnostics -fmodules-prune-interval\=86400 -fmodules-prune-after\=345600 -fbuild-session-file\=/Users/nataliewhipps/Library/Developer/Xcode/DerivedData/ModuleCache.noindex/Session.modulevalidation -fmodules-validate-once-per-build-session -Wnon-modular-include-in-framework-module -Werror\=non-modular-include-in-framework-module -Wno-trigraphs -Wno-missing-field-initializers -Wno-missing-prototypes -Wno-return-type -Wno-implicit-atomic-properties -Wno-objc-interface-ivars -Wno-arc-repeated-use-of-weak -Wno-missing-braces -Wparentheses -Wswitch -Wno-unused-function -Wno-unused-label -Wno-unused-parameter -Wno-unused-variable -Wunused-value -Wno-empty-body -Wno-uninitialized -Wno-unknown-pragmas -w -Wno-shadow -Wno-four-char-constants -Wno-conversion -Wno-constant-conversion -Wno-int-conversion -Wno-bool-conversion -Wno-enum-conversion -Wno-float-conversion -Wno-non-literal-null-conversion -Wno-objc-literal-conversion -Wshorten-64-to-32 -Wpointer-sign -Wno-newline-eof -Wno-selector -Wno-strict-selector-match -Wno-undeclared-selector -Wno-deprecated-implementations -Wno-implicit-fallthrough -fstrict-aliasing -Wprotocol -Wdeprecated-declarations -Wno-sign-conversion -Wno-infinite-recursion -Wno-comma -Wno-block-capture-autoreleasing -Wno-strict-prototypes -Wno-semicolon-before-method-body -index-store-path /Users/nataliewhipps/Library/Developer/Xcode/DerivedData/Prompt28-cgmmkisguitsyibyvnemfqvywbnv/Index.noindex/DataStore @/Users/nataliewhipps/Library/Developer/Xcode/DerivedData/Prompt28-cgmmkisguitsyibyvnemfqvywbnv/Build/Intermediates.noindex/AppAuth.build/Debug-iphonesimulator/AppAuthCore.build/Objects-normal/x86_64/e6072d4f65d7061329687fe24e3d63a7-common-args.resp -include /Users/nataliewhipps/Library/Developer/Xcode/DerivedData/Prompt28-cgmmkisguitsyibyvnemfqvywbnv/Build/Intermediates.noindex/AppAuth.build/Debug-iphonesimulator/AppAuthCore.build/DerivedSources/resource_bundle_accessor.h -MMD -MT dependencies -MF /Users/nataliewhipps/Library/Developer/Xcode/DerivedData/Prompt28-cgmmkisguitsyibyvnemfqvywbnv/Build/Intermediates.noindex/AppAuth.build/Debug-iphonesimulator/AppAuthCore.build/Objects-normal/x86_64/OIDFieldMapping.d --serialize-diagnostics /Users/nataliewhipps/Library/Developer/Xcode/DerivedData/Prompt28-cgmmkisguitsyibyvnemfqvywbnv/Build/Intermediates.noindex/AppAuth.build/Debug-iphonesimulator/AppAuthCore.build/Objects-normal/x86_64/OIDFieldMapping.dia -c /Users/nataliewhipps/Library/Developer/Xcode/DerivedData/Prompt28-cgmmkisguitsyibyvnemfqvywbnv/SourcePackages/checkouts/AppAuth-iOS/Sources/AppAuthCore/OIDFieldMapping.m -o /Users/nataliewhipps/Library/Developer/Xcode/DerivedData/Prompt28-cgmmkisguitsyibyvnemfqvywbnv/Build/Intermediates.noindex/AppAuth.build/Debug-iphonesimulator/AppAuthCore.build/Objects-normal/x86_64/OIDFieldMapping.o -index-unit-output-path /AppAuth.build/Debug-iphonesimulator/AppAuthCore.build/Objects-normal/x86_64/OIDFieldMapping.o

CompileC /Users/nataliewhipps/Library/Developer/Xcode/DerivedData/Prompt28-cgmmkisguitsyibyvnemfqvywbnv/Build/Intermediates.noindex/AppAuth.build/Debug-iphonesimulator/AppAuthCore.build/Objects-normal/x86_64/OIDErrorUtilities.o /Users/nataliewhipps/Library/Developer/Xcode/DerivedData/Prompt28-cgmmkisguitsyibyvnemfqvywbnv/SourcePackages/checkouts/AppAuth-iOS/Sources/AppAuthCore/OIDErrorUtilities.m normal x86_64 objective-c com.apple.compilers.llvm.clang.1_0.compiler (in target 'AppAuthCore' from project 'AppAuth')
    cd /Users/nataliewhipps/Desktop/Prompt28/Prompt28.xcodeproj
    
    Using response file: /Users/nataliewhipps/Library/Developer/Xcode/DerivedData/Prompt28-cgmmkisguitsyibyvnemfqvywbnv/Build/Intermediates.noindex/AppAuth.build/Debug-iphonesimulator/AppAuthCore.build/Objects-normal/x86_64/e6072d4f65d7061329687fe24e3d63a7-common-args.resp
    
    /Applications/Xcode.app/Contents/Developer/Toolchains/XcodeDefault.xctoolchain/usr/bin/clang -x objective-c -ivfsstatcache /Users/nataliewhipps/Library/Developer/Xcode/DerivedData/SDKStatCaches.noindex/iphonesimulator26.2-23C57-7d00a8b37fbd7999ea79df8ebc024bf0.sdkstatcache -fmessage-length\=0 -fdiagnostics-show-note-include-stack -fmacro-backtrace-limit\=0 -fno-color-diagnostics -fmodules-prune-interval\=86400 -fmodules-prune-after\=345600 -fbuild-session-file\=/Users/nataliewhipps/Library/Developer/Xcode/DerivedData/ModuleCache.noindex/Session.modulevalidation -fmodules-validate-once-per-build-session -Wnon-modular-include-in-framework-module -Werror\=non-modular-include-in-framework-module -Wno-trigraphs -Wno-missing-field-initializers -Wno-missing-prototypes -Wno-return-type -Wno-implicit-atomic-properties -Wno-objc-interface-ivars -Wno-arc-repeated-use-of-weak -Wno-missing-braces -Wparentheses -Wswitch -Wno-unused-function -Wno-unused-label -Wno-unused-parameter -Wno-unused-variable -Wunused-value -Wno-empty-body -Wno-uninitialized -Wno-unknown-pragmas -w -Wno-shadow -Wno-four-char-constants -Wno-conversion -Wno-constant-conversion -Wno-int-conversion -Wno-bool-conversion -Wno-enum-conversion -Wno-float-conversion -Wno-non-literal-null-conversion -Wno-objc-literal-conversion -Wshorten-64-to-32 -Wpointer-sign -Wno-newline-eof -Wno-selector -Wno-strict-selector-match -Wno-undeclared-selector -Wno-deprecated-implementations -Wno-implicit-fallthrough -fstrict-aliasing -Wprotocol -Wdeprecated-declarations -Wno-sign-conversion -Wno-infinite-recursion -Wno-comma -Wno-block-capture-autoreleasing -Wno-strict-prototypes -Wno-semicolon-before-method-body -index-store-path /Users/nataliewhipps/Library/Developer/Xcode/DerivedData/Prompt28-cgmmkisguitsyibyvnemfqvywbnv/Index.noindex/DataStore @/Users/nataliewhipps/Library/Developer/Xcode/DerivedData/Prompt28-cgmmkisguitsyibyvnemfqvywbnv/Build/Intermediates.noindex/AppAuth.build/Debug-iphonesimulator/AppAuthCore.build/Objects-normal/x86_64/e6072d4f65d7061329687fe24e3d63a7-common-args.resp -include /Users/nataliewhipps/Library/Developer/Xcode/DerivedData/Prompt28-cgmmkisguitsyibyvnemfqvywbnv/Build/Intermediates.noindex/AppAuth.build/Debug-iphonesimulator/AppAuthCore.build/DerivedSources/resource_bundle_accessor.h -MMD -MT dependencies -MF /Users/nataliewhipps/Library/Developer/Xcode/DerivedData/Prompt28-cgmmkisguitsyibyvnemfqvywbnv/Build/Intermediates.noindex/AppAuth.build/Debug-iphonesimulator/AppAuthCore.build/Objects-normal/x86_64/OIDErrorUtilities.d --serialize-diagnostics /Users/nataliewhipps/Library/Developer/Xcode/DerivedData/Prompt28-cgmmkisguitsyibyvnemfqvywbnv/Build/Intermediates.noindex/AppAuth.build/Debug-iphonesimulator/AppAuthCore.build/Objects-normal/x86_64/OIDErrorUtilities.dia -c /Users/nataliewhipps/Library/Developer/Xcode/DerivedData/Prompt28-cgmmkisguitsyibyvnemfqvywbnv/SourcePackages/checkouts/AppAuth-iOS/Sources/AppAuthCore/OIDErrorUtilities.m -o /Users/nataliewhipps/Library/Developer/Xcode/DerivedData/Prompt28-cgmmkisguitsyibyvnemfqvywbnv/Build/Intermediates.noindex/AppAuth.build/Debug-iphonesimulator/AppAuthCore.build/Objects-normal/x86_64/OIDErrorUtilities.o -index-unit-output-path /AppAuth.build/Debug-iphonesimulator/AppAuthCore.build/Objects-normal/x86_64/OIDErrorUtilities.o

CompileC /Users/nataliewhipps/Library/Developer/Xcode/DerivedData/Prompt28-cgmmkisguitsyibyvnemfqvywbnv/Build/Intermediates.noindex/AppAuth.build/Debug-iphonesimulator/AppAuthCore.build/Objects-normal/x86_64/OIDError.o /Users/nataliewhipps/Library/Developer/Xcode/DerivedData/Prompt28-cgmmkisguitsyibyvnemfqvywbnv/SourcePackages/checkouts/AppAuth-iOS/Sources/AppAuthCore/OIDError.m normal x86_64 objective-c com.apple.compilers.llvm.clang.1_0.compiler (in target 'AppAuthCore' from project 'AppAuth')
    cd /Users/nataliewhipps/Desktop/Prompt28/Prompt28.xcodeproj
    
    Using response file: /Users/nataliewhipps/Library/Developer/Xcode/DerivedData/Prompt28-cgmmkisguitsyibyvnemfqvywbnv/Build/Intermediates.noindex/AppAuth.build/Debug-iphonesimulator/AppAuthCore.build/Objects-normal/x86_64/e6072d4f65d7061329687fe24e3d63a7-common-args.resp
    
    /Applications/Xcode.app/Contents/Developer/Toolchains/XcodeDefault.xctoolchain/usr/bin/clang -x objective-c -ivfsstatcache /Users/nataliewhipps/Library/Developer/Xcode/DerivedData/SDKStatCaches.noindex/iphonesimulator26.2-23C57-7d00a8b37fbd7999ea79df8ebc024bf0.sdkstatcache -fmessage-length\=0 -fdiagnostics-show-note-include-stack -fmacro-backtrace-limit\=0 -fno-color-diagnostics -fmodules-prune-interval\=86400 -fmodules-prune-after\=345600 -fbuild-session-file\=/Users/nataliewhipps/Library/Developer/Xcode/DerivedData/ModuleCache.noindex/Session.modulevalidation -fmodules-validate-once-per-build-session -Wnon-modular-include-in-framework-module -Werror\=non-modular-include-in-framework-module -Wno-trigraphs -Wno-missing-field-initializers -Wno-missing-prototypes -Wno-return-type -Wno-implicit-atomic-properties -Wno-objc-interface-ivars -Wno-arc-repeated-use-of-weak -Wno-missing-braces -Wparentheses -Wswitch -Wno-unused-function -Wno-unused-label -Wno-unused-parameter -Wno-unused-variable -Wunused-value -Wno-empty-body -Wno-uninitialized -Wno-unknown-pragmas -w -Wno-shadow -Wno-four-char-constants -Wno-conversion -Wno-constant-conversion -Wno-int-conversion -Wno-bool-conversion -Wno-enum-conversion -Wno-float-conversion -Wno-non-literal-null-conversion -Wno-objc-literal-conversion -Wshorten-64-to-32 -Wpointer-sign -Wno-newline-eof -Wno-selector -Wno-strict-selector-match -Wno-undeclared-selector -Wno-deprecated-implementations -Wno-implicit-fallthrough -fstrict-aliasing -Wprotocol -Wdeprecated-declarations -Wno-sign-conversion -Wno-infinite-recursion -Wno-comma -Wno-block-capture-autoreleasing -Wno-strict-prototypes -Wno-semicolon-before-method-body -index-store-path /Users/nataliewhipps/Library/Developer/Xcode/DerivedData/Prompt28-cgmmkisguitsyibyvnemfqvywbnv/Index.noindex/DataStore @/Users/nataliewhipps/Library/Developer/Xcode/DerivedData/Prompt28-cgmmkisguitsyibyvnemfqvywbnv/Build/Intermediates.noindex/AppAuth.build/Debug-iphonesimulator/AppAuthCore.build/Objects-normal/x86_64/e6072d4f65d7061329687fe24e3d63a7-common-args.resp -include /Users/nataliewhipps/Library/Developer/Xcode/DerivedData/Prompt28-cgmmkisguitsyibyvnemfqvywbnv/Build/Intermediates.noindex/AppAuth.build/Debug-iphonesimulator/AppAuthCore.build/DerivedSources/resource_bundle_accessor.h -MMD -MT dependencies -MF /Users/nataliewhipps/Library/Developer/Xcode/DerivedData/Prompt28-cgmmkisguitsyibyvnemfqvywbnv/Build/Intermediates.noindex/AppAuth.build/Debug-iphonesimulator/AppAuthCore.build/Objects-normal/x86_64/OIDError.d --serialize-diagnostics /Users/nataliewhipps/Library/Developer/Xcode/DerivedData/Prompt28-cgmmkisguitsyibyvnemfqvywbnv/Build/Intermediates.noindex/AppAuth.build/Debug-iphonesimulator/AppAuthCore.build/Objects-normal/x86_64/OIDError.dia -c /Users/nataliewhipps/Library/Developer/Xcode/DerivedData/Prompt28-cgmmkisguitsyibyvnemfqvywbnv/SourcePackages/checkouts/AppAuth-iOS/Sources/AppAuthCore/OIDError.m -o /Users/nataliewhipps/Library/Developer/Xcode/DerivedData/Prompt28-cgmmkisguitsyibyvnemfqvywbnv/Build/Intermediates.noindex/AppAuth.build/Debug-iphonesimulator/AppAuthCore.build/Objects-normal/x86_64/OIDError.o -index-unit-output-path /AppAuth.build/Debug-iphonesimulator/AppAuthCore.build/Objects-normal/x86_64/OIDError.o

CompileC /Users/nataliewhipps/Library/Developer/Xcode/DerivedData/Prompt28-cgmmkisguitsyibyvnemfqvywbnv/Build/Intermediates.noindex/AppAuth.build/Debug-iphonesimulator/AppAuthCore.build/Objects-normal/x86_64/OIDEndSessionResponse.o /Users/nataliewhipps/Library/Developer/Xcode/DerivedData/Prompt28-cgmmkisguitsyibyvnemfqvywbnv/SourcePackages/checkouts/AppAuth-iOS/Sources/AppAuthCore/OIDEndSessionResponse.m normal x86_64 objective-c com.apple.compilers.llvm.clang.1_0.compiler (in target 'AppAuthCore' from project 'AppAuth')
    cd /Users/nataliewhipps/Desktop/Prompt28/Prompt28.xcodeproj
    
    Using response file: /Users/nataliewhipps/Library/Developer/Xcode/DerivedData/Prompt28-cgmmkisguitsyibyvnemfqvywbnv/Build/Intermediates.noindex/AppAuth.build/Debug-iphonesimulator/AppAuthCore.build/Objects-normal/x86_64/e6072d4f65d7061329687fe24e3d63a7-common-args.resp
    
    /Applications/Xcode.app/Contents/Developer/Toolchains/XcodeDefault.xctoolchain/usr/bin/clang -x objective-c -ivfsstatcache /Users/nataliewhipps/Library/Developer/Xcode/DerivedData/SDKStatCaches.noindex/iphonesimulator26.2-23C57-7d00a8b37fbd7999ea79df8ebc024bf0.sdkstatcache -fmessage-length\=0 -fdiagnostics-show-note-include-stack -fmacro-backtrace-limit\=0 -fno-color-diagnostics -fmodules-prune-interval\=86400 -fmodules-prune-after\=345600 -fbuild-session-file\=/Users/nataliewhipps/Library/Developer/Xcode/DerivedData/ModuleCache.noindex/Session.modulevalidation -fmodules-validate-once-per-build-session -Wnon-modular-include-in-framework-module -Werror\=non-modular-include-in-framework-module -Wno-trigraphs -Wno-missing-field-initializers -Wno-missing-prototypes -Wno-return-type -Wno-implicit-atomic-properties -Wno-objc-interface-ivars -Wno-arc-repeated-use-of-weak -Wno-missing-braces -Wparentheses -Wswitch -Wno-unused-function -Wno-unused-label -Wno-unused-parameter -Wno-unused-variable -Wunused-value -Wno-empty-body -Wno-uninitialized -Wno-unknown-pragmas -w -Wno-shadow -Wno-four-char-constants -Wno-conversion -Wno-constant-conversion -Wno-int-conversion -Wno-bool-conversion -Wno-enum-conversion -Wno-float-conversion -Wno-non-literal-null-conversion -Wno-objc-literal-conversion -Wshorten-64-to-32 -Wpointer-sign -Wno-newline-eof -Wno-selector -Wno-strict-selector-match -Wno-undeclared-selector -Wno-deprecated-implementations -Wno-implicit-fallthrough -fstrict-aliasing -Wprotocol -Wdeprecated-declarations -Wno-sign-conversion -Wno-infinite-recursion -Wno-comma -Wno-block-capture-autoreleasing -Wno-strict-prototypes -Wno-semicolon-before-method-body -index-store-path /Users/nataliewhipps/Library/Developer/Xcode/DerivedData/Prompt28-cgmmkisguitsyibyvnemfqvywbnv/Index.noindex/DataStore @/Users/nataliewhipps/Library/Developer/Xcode/DerivedData/Prompt28-cgmmkisguitsyibyvnemfqvywbnv/Build/Intermediates.noindex/AppAuth.build/Debug-iphonesimulator/AppAuthCore.build/Objects-normal/x86_64/e6072d4f65d7061329687fe24e3d63a7-common-args.resp -include /Users/nataliewhipps/Library/Developer/Xcode/DerivedData/Prompt28-cgmmkisguitsyibyvnemfqvywbnv/Build/Intermediates.noindex/AppAuth.build/Debug-iphonesimulator/AppAuthCore.build/DerivedSources/resource_bundle_accessor.h -MMD -MT dependencies -MF /Users/nataliewhipps/Library/Developer/Xcode/DerivedData/Prompt28-cgmmkisguitsyibyvnemfqvywbnv/Build/Intermediates.noindex/AppAuth.build/Debug-iphonesimulator/AppAuthCore.build/Objects-normal/x86_64/OIDEndSessionResponse.d --serialize-diagnostics /Users/nataliewhipps/Library/Developer/Xcode/DerivedData/Prompt28-cgmmkisguitsyibyvnemfqvywbnv/Build/Intermediates.noindex/AppAuth.build/Debug-iphonesimulator/AppAuthCore.build/Objects-normal/x86_64/OIDEndSessionResponse.dia -c /Users/nataliewhipps/Library/Developer/Xcode/DerivedData/Prompt28-cgmmkisguitsyibyvnemfqvywbnv/SourcePackages/checkouts/AppAuth-iOS/Sources/AppAuthCore/OIDEndSessionResponse.m -o /Users/nataliewhipps/Library/Developer/Xcode/DerivedData/Prompt28-cgmmkisguitsyibyvnemfqvywbnv/Build/Intermediates.noindex/AppAuth.build/Debug-iphonesimulator/AppAuthCore.build/Objects-normal/x86_64/OIDEndSessionResponse.o -index-unit-output-path /AppAuth.build/Debug-iphonesimulator/AppAuthCore.build/Objects-normal/x86_64/OIDEndSessionResponse.o

CompileC /Users/nataliewhipps/Library/Developer/Xcode/DerivedData/Prompt28-cgmmkisguitsyibyvnemfqvywbnv/Build/Intermediates.noindex/AppAuth.build/Debug-iphonesimulator/AppAuthCore.build/Objects-normal/x86_64/OIDEndSessionRequest.o /Users/nataliewhipps/Library/Developer/Xcode/DerivedData/Prompt28-cgmmkisguitsyibyvnemfqvywbnv/SourcePackages/checkouts/AppAuth-iOS/Sources/AppAuthCore/OIDEndSessionRequest.m normal x86_64 objective-c com.apple.compilers.llvm.clang.1_0.compiler (in target 'AppAuthCore' from project 'AppAuth')
    cd /Users/nataliewhipps/Desktop/Prompt28/Prompt28.xcodeproj
    
    Using response file: /Users/nataliewhipps/Library/Developer/Xcode/DerivedData/Prompt28-cgmmkisguitsyibyvnemfqvywbnv/Build/Intermediates.noindex/AppAuth.build/Debug-iphonesimulator/AppAuthCore.build/Objects-normal/x86_64/e6072d4f65d7061329687fe24e3d63a7-common-args.resp
    
    /Applications/Xcode.app/Contents/Developer/Toolchains/XcodeDefault.xctoolchain/usr/bin/clang -x objective-c -ivfsstatcache /Users/nataliewhipps/Library/Developer/Xcode/DerivedData/SDKStatCaches.noindex/iphonesimulator26.2-23C57-7d00a8b37fbd7999ea79df8ebc024bf0.sdkstatcache -fmessage-length\=0 -fdiagnostics-show-note-include-stack -fmacro-backtrace-limit\=0 -fno-color-diagnostics -fmodules-prune-interval\=86400 -fmodules-prune-after\=345600 -fbuild-session-file\=/Users/nataliewhipps/Library/Developer/Xcode/DerivedData/ModuleCache.noindex/Session.modulevalidation -fmodules-validate-once-per-build-session -Wnon-modular-include-in-framework-module -Werror\=non-modular-include-in-framework-module -Wno-trigraphs -Wno-missing-field-initializers -Wno-missing-prototypes -Wno-return-type -Wno-implicit-atomic-properties -Wno-objc-interface-ivars -Wno-arc-repeated-use-of-weak -Wno-missing-braces -Wparentheses -Wswitch -Wno-unused-function -Wno-unused-label -Wno-unused-parameter -Wno-unused-variable -Wunused-value -Wno-empty-body -Wno-uninitialized -Wno-unknown-pragmas -w -Wno-shadow -Wno-four-char-constants -Wno-conversion -Wno-constant-conversion -Wno-int-conversion -Wno-bool-conversion -Wno-enum-conversion -Wno-float-conversion -Wno-non-literal-null-conversion -Wno-objc-literal-conversion -Wshorten-64-to-32 -Wpointer-sign -Wno-newline-eof -Wno-selector -Wno-strict-selector-match -Wno-undeclared-selector -Wno-deprecated-implementations -Wno-implicit-fallthrough -fstrict-aliasing -Wprotocol -Wdeprecated-declarations -Wno-sign-conversion -Wno-infinite-recursion -Wno-comma -Wno-block-capture-autoreleasing -Wno-strict-prototypes -Wno-semicolon-before-method-body -index-store-path /Users/nataliewhipps/Library/Developer/Xcode/DerivedData/Prompt28-cgmmkisguitsyibyvnemfqvywbnv/Index.noindex/DataStore @/Users/nataliewhipps/Library/Developer/Xcode/DerivedData/Prompt28-cgmmkisguitsyibyvnemfqvywbnv/Build/Intermediates.noindex/AppAuth.build/Debug-iphonesimulator/AppAuthCore.build/Objects-normal/x86_64/e6072d4f65d7061329687fe24e3d63a7-common-args.resp -include /Users/nataliewhipps/Library/Developer/Xcode/DerivedData/Prompt28-cgmmkisguitsyibyvnemfqvywbnv/Build/Intermediates.noindex/AppAuth.build/Debug-iphonesimulator/AppAuthCore.build/DerivedSources/resource_bundle_accessor.h -MMD -MT dependencies -MF /Users/nataliewhipps/Library/Developer/Xcode/DerivedData/Prompt28-cgmmkisguitsyibyvnemfqvywbnv/Build/Intermediates.noindex/AppAuth.build/Debug-iphonesimulator/AppAuthCore.build/Objects-normal/x86_64/OIDEndSessionRequest.d --serialize-diagnostics /Users/nataliewhipps/Library/Developer/Xcode/DerivedData/Prompt28-cgmmkisguitsyibyvnemfqvywbnv/Build/Intermediates.noindex/AppAuth.build/Debug-iphonesimulator/AppAuthCore.build/Objects-normal/x86_64/OIDEndSessionRequest.dia -c /Users/nataliewhipps/Library/Developer/Xcode/DerivedData/Prompt28-cgmmkisguitsyibyvnemfqvywbnv/SourcePackages/checkouts/AppAuth-iOS/Sources/AppAuthCore/OIDEndSessionRequest.m -o /Users/nataliewhipps/Library/Developer/Xcode/DerivedData/Prompt28-cgmmkisguitsyibyvnemfqvywbnv/Build/Intermediates.noindex/AppAuth.build/Debug-iphonesimulator/AppAuthCore.build/Objects-normal/x86_64/OIDEndSessionRequest.o -index-unit-output-path /AppAuth.build/Debug-iphonesimulator/AppAuthCore.build/Objects-normal/x86_64/OIDEndSessionRequest.o

CompileC /Users/nataliewhipps/Library/Developer/Xcode/DerivedData/Prompt28-cgmmkisguitsyibyvnemfqvywbnv/Build/Intermediates.noindex/AppAuth.build/Debug-iphonesimulator/AppAuthCore.build/Objects-normal/x86_64/OIDClientMetadataParameters.o /Users/nataliewhipps/Library/Developer/Xcode/DerivedData/Prompt28-cgmmkisguitsyibyvnemfqvywbnv/SourcePackages/checkouts/AppAuth-iOS/Sources/AppAuthCore/OIDClientMetadataParameters.m normal x86_64 objective-c com.apple.compilers.llvm.clang.1_0.compiler (in target 'AppAuthCore' from project 'AppAuth')
    cd /Users/nataliewhipps/Desktop/Prompt28/Prompt28.xcodeproj
    
    Using response file: /Users/nataliewhipps/Library/Developer/Xcode/DerivedData/Prompt28-cgmmkisguitsyibyvnemfqvywbnv/Build/Intermediates.noindex/AppAuth.build/Debug-iphonesimulator/AppAuthCore.build/Objects-normal/x86_64/e6072d4f65d7061329687fe24e3d63a7-common-args.resp
    
    /Applications/Xcode.app/Contents/Developer/Toolchains/XcodeDefault.xctoolchain/usr/bin/clang -x objective-c -ivfsstatcache /Users/nataliewhipps/Library/Developer/Xcode/DerivedData/SDKStatCaches.noindex/iphonesimulator26.2-23C57-7d00a8b37fbd7999ea79df8ebc024bf0.sdkstatcache -fmessage-length\=0 -fdiagnostics-show-note-include-stack -fmacro-backtrace-limit\=0 -fno-color-diagnostics -fmodules-prune-interval\=86400 -fmodules-prune-after\=345600 -fbuild-session-file\=/Users/nataliewhipps/Library/Developer/Xcode/DerivedData/ModuleCache.noindex/Session.modulevalidation -fmodules-validate-once-per-build-session -Wnon-modular-include-in-framework-module -Werror\=non-modular-include-in-framework-module -Wno-trigraphs -Wno-missing-field-initializers -Wno-missing-prototypes -Wno-return-type -Wno-implicit-atomic-properties -Wno-objc-interface-ivars -Wno-arc-repeated-use-of-weak -Wno-missing-braces -Wparentheses -Wswitch -Wno-unused-function -Wno-unused-label -Wno-unused-parameter -Wno-unused-variable -Wunused-value -Wno-empty-body -Wno-uninitialized -Wno-unknown-pragmas -w -Wno-shadow -Wno-four-char-constants -Wno-conversion -Wno-constant-conversion -Wno-int-conversion -Wno-bool-conversion -Wno-enum-conversion -Wno-float-conversion -Wno-non-literal-null-conversion -Wno-objc-literal-conversion -Wshorten-64-to-32 -Wpointer-sign -Wno-newline-eof -Wno-selector -Wno-strict-selector-match -Wno-undeclared-selector -Wno-deprecated-implementations -Wno-implicit-fallthrough -fstrict-aliasing -Wprotocol -Wdeprecated-declarations -Wno-sign-conversion -Wno-infinite-recursion -Wno-comma -Wno-block-capture-autoreleasing -Wno-strict-prototypes -Wno-semicolon-before-method-body -index-store-path /Users/nataliewhipps/Library/Developer/Xcode/DerivedData/Prompt28-cgmmkisguitsyibyvnemfqvywbnv/Index.noindex/DataStore @/Users/nataliewhipps/Library/Developer/Xcode/DerivedData/Prompt28-cgmmkisguitsyibyvnemfqvywbnv/Build/Intermediates.noindex/AppAuth.build/Debug-iphonesimulator/AppAuthCore.build/Objects-normal/x86_64/e6072d4f65d7061329687fe24e3d63a7-common-args.resp -include /Users/nataliewhipps/Library/Developer/Xcode/DerivedData/Prompt28-cgmmkisguitsyibyvnemfqvywbnv/Build/Intermediates.noindex/AppAuth.build/Debug-iphonesimulator/AppAuthCore.build/DerivedSources/resource_bundle_accessor.h -MMD -MT dependencies -MF /Users/nataliewhipps/Library/Developer/Xcode/DerivedData/Prompt28-cgmmkisguitsyibyvnemfqvywbnv/Build/Intermediates.noindex/AppAuth.build/Debug-iphonesimulator/AppAuthCore.build/Objects-normal/x86_64/OIDClientMetadataParameters.d --serialize-diagnostics /Users/nataliewhipps/Library/Developer/Xcode/DerivedData/Prompt28-cgmmkisguitsyibyvnemfqvywbnv/Build/Intermediates.noindex/AppAuth.build/Debug-iphonesimulator/AppAuthCore.build/Objects-normal/x86_64/OIDClientMetadataParameters.dia -c /Users/nataliewhipps/Library/Developer/Xcode/DerivedData/Prompt28-cgmmkisguitsyibyvnemfqvywbnv/SourcePackages/checkouts/AppAuth-iOS/Sources/AppAuthCore/OIDClientMetadataParameters.m -o /Users/nataliewhipps/Library/Developer/Xcode/DerivedData/Prompt28-cgmmkisguitsyibyvnemfqvywbnv/Build/Intermediates.noindex/AppAuth.build/Debug-iphonesimulator/AppAuthCore.build/Objects-normal/x86_64/OIDClientMetadataParameters.o -index-unit-output-path /AppAuth.build/Debug-iphonesimulator/AppAuthCore.build/Objects-normal/x86_64/OIDClientMetadataParameters.o

CompileC /Users/nataliewhipps/Library/Developer/Xcode/DerivedData/Prompt28-cgmmkisguitsyibyvnemfqvywbnv/Build/Intermediates.noindex/AppAuth.build/Debug-iphonesimulator/AppAuthCore.build/Objects-normal/x86_64/OIDAuthorizationService.o /Users/nataliewhipps/Library/Developer/Xcode/DerivedData/Prompt28-cgmmkisguitsyibyvnemfqvywbnv/SourcePackages/checkouts/AppAuth-iOS/Sources/AppAuthCore/OIDAuthorizationService.m normal x86_64 objective-c com.apple.compilers.llvm.clang.1_0.compiler (in target 'AppAuthCore' from project 'AppAuth')
    cd /Users/nataliewhipps/Desktop/Prompt28/Prompt28.xcodeproj
    
    Using response file: /Users/nataliewhipps/Library/Developer/Xcode/DerivedData/Prompt28-cgmmkisguitsyibyvnemfqvywbnv/Build/Intermediates.noindex/AppAuth.build/Debug-iphonesimulator/AppAuthCore.build/Objects-normal/x86_64/e6072d4f65d7061329687fe24e3d63a7-common-args.resp
    
    /Applications/Xcode.app/Contents/Developer/Toolchains/XcodeDefault.xctoolchain/usr/bin/clang -x objective-c -ivfsstatcache /Users/nataliewhipps/Library/Developer/Xcode/DerivedData/SDKStatCaches.noindex/iphonesimulator26.2-23C57-7d00a8b37fbd7999ea79df8ebc024bf0.sdkstatcache -fmessage-length\=0 -fdiagnostics-show-note-include-stack -fmacro-backtrace-limit\=0 -fno-color-diagnostics -fmodules-prune-interval\=86400 -fmodules-prune-after\=345600 -fbuild-session-file\=/Users/nataliewhipps/Library/Developer/Xcode/DerivedData/ModuleCache.noindex/Session.modulevalidation -fmodules-validate-once-per-build-session -Wnon-modular-include-in-framework-module -Werror\=non-modular-include-in-framework-module -Wno-trigraphs -Wno-missing-field-initializers -Wno-missing-prototypes -Wno-return-type -Wno-implicit-atomic-properties -Wno-objc-interface-ivars -Wno-arc-repeated-use-of-weak -Wno-missing-braces -Wparentheses -Wswitch -Wno-unused-function -Wno-unused-label -Wno-unused-parameter -Wno-unused-variable -Wunused-value -Wno-empty-body -Wno-uninitialized -Wno-unknown-pragmas -w -Wno-shadow -Wno-four-char-constants -Wno-conversion -Wno-constant-conversion -Wno-int-conversion -Wno-bool-conversion -Wno-enum-conversion -Wno-float-conversion -Wno-non-literal-null-conversion -Wno-objc-literal-conversion -Wshorten-64-to-32 -Wpointer-sign -Wno-newline-eof -Wno-selector -Wno-strict-selector-match -Wno-undeclared-selector -Wno-deprecated-implementations -Wno-implicit-fallthrough -fstrict-aliasing -Wprotocol -Wdeprecated-declarations -Wno-sign-conversion -Wno-infinite-recursion -Wno-comma -Wno-block-capture-autoreleasing -Wno-strict-prototypes -Wno-semicolon-before-method-body -index-store-path /Users/nataliewhipps/Library/Developer/Xcode/DerivedData/Prompt28-cgmmkisguitsyibyvnemfqvywbnv/Index.noindex/DataStore @/Users/nataliewhipps/Library/Developer/Xcode/DerivedData/Prompt28-cgmmkisguitsyibyvnemfqvywbnv/Build/Intermediates.noindex/AppAuth.build/Debug-iphonesimulator/AppAuthCore.build/Objects-normal/x86_64/e6072d4f65d7061329687fe24e3d63a7-common-args.resp -include /Users/nataliewhipps/Library/Developer/Xcode/DerivedData/Prompt28-cgmmkisguitsyibyvnemfqvywbnv/Build/Intermediates.noindex/AppAuth.build/Debug-iphonesimulator/AppAuthCore.build/DerivedSources/resource_bundle_accessor.h -MMD -MT dependencies -MF /Users/nataliewhipps/Library/Developer/Xcode/DerivedData/Prompt28-cgmmkisguitsyibyvnemfqvywbnv/Build/Intermediates.noindex/AppAuth.build/Debug-iphonesimulator/AppAuthCore.build/Objects-normal/x86_64/OIDAuthorizationService.d --serialize-diagnostics /Users/nataliewhipps/Library/Developer/Xcode/DerivedData/Prompt28-cgmmkisguitsyibyvnemfqvywbnv/Build/Intermediates.noindex/AppAuth.build/Debug-iphonesimulator/AppAuthCore.build/Objects-normal/x86_64/OIDAuthorizationService.dia -c /Users/nataliewhipps/Library/Developer/Xcode/DerivedData/Prompt28-cgmmkisguitsyibyvnemfqvywbnv/SourcePackages/checkouts/AppAuth-iOS/Sources/AppAuthCore/OIDAuthorizationService.m -o /Users/nataliewhipps/Library/Developer/Xcode/DerivedData/Prompt28-cgmmkisguitsyibyvnemfqvywbnv/Build/Intermediates.noindex/AppAuth.build/Debug-iphonesimulator/AppAuthCore.build/Objects-normal/x86_64/OIDAuthorizationService.o -index-unit-output-path /AppAuth.build/Debug-iphonesimulator/AppAuthCore.build/Objects-normal/x86_64/OIDAuthorizationService.o

CompileC /Users/nataliewhipps/Library/Developer/Xcode/DerivedData/Prompt28-cgmmkisguitsyibyvnemfqvywbnv/Build/Intermediates.noindex/AppAuth.build/Debug-iphonesimulator/AppAuthCore.build/Objects-normal/x86_64/OIDAuthorizationResponse.o /Users/nataliewhipps/Library/Developer/Xcode/DerivedData/Prompt28-cgmmkisguitsyibyvnemfqvywbnv/SourcePackages/checkouts/AppAuth-iOS/Sources/AppAuthCore/OIDAuthorizationResponse.m normal x86_64 objective-c com.apple.compilers.llvm.clang.1_0.compiler (in target 'AppAuthCore' from project 'AppAuth')
    cd /Users/nataliewhipps/Desktop/Prompt28/Prompt28.xcodeproj
    
    Using response file: /Users/nataliewhipps/Library/Developer/Xcode/DerivedData/Prompt28-cgmmkisguitsyibyvnemfqvywbnv/Build/Intermediates.noindex/AppAuth.build/Debug-iphonesimulator/AppAuthCore.build/Objects-normal/x86_64/e6072d4f65d7061329687fe24e3d63a7-common-args.resp
    
    /Applications/Xcode.app/Contents/Developer/Toolchains/XcodeDefault.xctoolchain/usr/bin/clang -x objective-c -ivfsstatcache /Users/nataliewhipps/Library/Developer/Xcode/DerivedData/SDKStatCaches.noindex/iphonesimulator26.2-23C57-7d00a8b37fbd7999ea79df8ebc024bf0.sdkstatcache -fmessage-length\=0 -fdiagnostics-show-note-include-stack -fmacro-backtrace-limit\=0 -fno-color-diagnostics -fmodules-prune-interval\=86400 -fmodules-prune-after\=345600 -fbuild-session-file\=/Users/nataliewhipps/Library/Developer/Xcode/DerivedData/ModuleCache.noindex/Session.modulevalidation -fmodules-validate-once-per-build-session -Wnon-modular-include-in-framework-module -Werror\=non-modular-include-in-framework-module -Wno-trigraphs -Wno-missing-field-initializers -Wno-missing-prototypes -Wno-return-type -Wno-implicit-atomic-properties -Wno-objc-interface-ivars -Wno-arc-repeated-use-of-weak -Wno-missing-braces -Wparentheses -Wswitch -Wno-unused-function -Wno-unused-label -Wno-unused-parameter -Wno-unused-variable -Wunused-value -Wno-empty-body -Wno-uninitialized -Wno-unknown-pragmas -w -Wno-shadow -Wno-four-char-constants -Wno-conversion -Wno-constant-conversion -Wno-int-conversion -Wno-bool-conversion -Wno-enum-conversion -Wno-float-conversion -Wno-non-literal-null-conversion -Wno-objc-literal-conversion -Wshorten-64-to-32 -Wpointer-sign -Wno-newline-eof -Wno-selector -Wno-strict-selector-match -Wno-undeclared-selector -Wno-deprecated-implementations -Wno-implicit-fallthrough -fstrict-aliasing -Wprotocol -Wdeprecated-declarations -Wno-sign-conversion -Wno-infinite-recursion -Wno-comma -Wno-block-capture-autoreleasing -Wno-strict-prototypes -Wno-semicolon-before-method-body -index-store-path /Users/nataliewhipps/Library/Developer/Xcode/DerivedData/Prompt28-cgmmkisguitsyibyvnemfqvywbnv/Index.noindex/DataStore @/Users/nataliewhipps/Library/Developer/Xcode/DerivedData/Prompt28-cgmmkisguitsyibyvnemfqvywbnv/Build/Intermediates.noindex/AppAuth.build/Debug-iphonesimulator/AppAuthCore.build/Objects-normal/x86_64/e6072d4f65d7061329687fe24e3d63a7-common-args.resp -include /Users/nataliewhipps/Library/Developer/Xcode/DerivedData/Prompt28-cgmmkisguitsyibyvnemfqvywbnv/Build/Intermediates.noindex/AppAuth.build/Debug-iphonesimulator/AppAuthCore.build/DerivedSources/resource_bundle_accessor.h -MMD -MT dependencies -MF /Users/nataliewhipps/Library/Developer/Xcode/DerivedData/Prompt28-cgmmkisguitsyibyvnemfqvywbnv/Build/Intermediates.noindex/AppAuth.build/Debug-iphonesimulator/AppAuthCore.build/Objects-normal/x86_64/OIDAuthorizationResponse.d --serialize-diagnostics /Users/nataliewhipps/Library/Developer/Xcode/DerivedData/Prompt28-cgmmkisguitsyibyvnemfqvywbnv/Build/Intermediates.noindex/AppAuth.build/Debug-iphonesimulator/AppAuthCore.build/Objects-normal/x86_64/OIDAuthorizationResponse.dia -c /Users/nataliewhipps/Library/Developer/Xcode/DerivedData/Prompt28-cgmmkisguitsyibyvnemfqvywbnv/SourcePackages/checkouts/AppAuth-iOS/Sources/AppAuthCore/OIDAuthorizationResponse.m -o /Users/nataliewhipps/Library/Developer/Xcode/DerivedData/Prompt28-cgmmkisguitsyibyvnemfqvywbnv/Build/Intermediates.noindex/AppAuth.build/Debug-iphonesimulator/AppAuthCore.build/Objects-normal/x86_64/OIDAuthorizationResponse.o -index-unit-output-path /AppAuth.build/Debug-iphonesimulator/AppAuthCore.build/Objects-normal/x86_64/OIDAuthorizationResponse.o

CompileC /Users/nataliewhipps/Library/Developer/Xcode/DerivedData/Prompt28-cgmmkisguitsyibyvnemfqvywbnv/Build/Intermediates.noindex/AppAuth.build/Debug-iphonesimulator/AppAuthCore.build/Objects-normal/x86_64/OIDAuthorizationRequest.o /Users/nataliewhipps/Library/Developer/Xcode/DerivedData/Prompt28-cgmmkisguitsyibyvnemfqvywbnv/SourcePackages/checkouts/AppAuth-iOS/Sources/AppAuthCore/OIDAuthorizationRequest.m normal x86_64 objective-c com.apple.compilers.llvm.clang.1_0.compiler (in target 'AppAuthCore' from project 'AppAuth')
    cd /Users/nataliewhipps/Desktop/Prompt28/Prompt28.xcodeproj
    
    Using response file: /Users/nataliewhipps/Library/Developer/Xcode/DerivedData/Prompt28-cgmmkisguitsyibyvnemfqvywbnv/Build/Intermediates.noindex/AppAuth.build/Debug-iphonesimulator/AppAuthCore.build/Objects-normal/x86_64/e6072d4f65d7061329687fe24e3d63a7-common-args.resp
    
    /Applications/Xcode.app/Contents/Developer/Toolchains/XcodeDefault.xctoolchain/usr/bin/clang -x objective-c -ivfsstatcache /Users/nataliewhipps/Library/Developer/Xcode/DerivedData/SDKStatCaches.noindex/iphonesimulator26.2-23C57-7d00a8b37fbd7999ea79df8ebc024bf0.sdkstatcache -fmessage-length\=0 -fdiagnostics-show-note-include-stack -fmacro-backtrace-limit\=0 -fno-color-diagnostics -fmodules-prune-interval\=86400 -fmodules-prune-after\=345600 -fbuild-session-file\=/Users/nataliewhipps/Library/Developer/Xcode/DerivedData/ModuleCache.noindex/Session.modulevalidation -fmodules-validate-once-per-build-session -Wnon-modular-include-in-framework-module -Werror\=non-modular-include-in-framework-module -Wno-trigraphs -Wno-missing-field-initializers -Wno-missing-prototypes -Wno-return-type -Wno-implicit-atomic-properties -Wno-objc-interface-ivars -Wno-arc-repeated-use-of-weak -Wno-missing-braces -Wparentheses -Wswitch -Wno-unused-function -Wno-unused-label -Wno-unused-parameter -Wno-unused-variable -Wunused-value -Wno-empty-body -Wno-uninitialized -Wno-unknown-pragmas -w -Wno-shadow -Wno-four-char-constants -Wno-conversion -Wno-constant-conversion -Wno-int-conversion -Wno-bool-conversion -Wno-enum-conversion -Wno-float-conversion -Wno-non-literal-null-conversion -Wno-objc-literal-conversion -Wshorten-64-to-32 -Wpointer-sign -Wno-newline-eof -Wno-selector -Wno-strict-selector-match -Wno-undeclared-selector -Wno-deprecated-implementations -Wno-implicit-fallthrough -fstrict-aliasing -Wprotocol -Wdeprecated-declarations -Wno-sign-conversion -Wno-infinite-recursion -Wno-comma -Wno-block-capture-autoreleasing -Wno-strict-prototypes -Wno-semicolon-before-method-body -index-store-path /Users/nataliewhipps/Library/Developer/Xcode/DerivedData/Prompt28-cgmmkisguitsyibyvnemfqvywbnv/Index.noindex/DataStore @/Users/nataliewhipps/Library/Developer/Xcode/DerivedData/Prompt28-cgmmkisguitsyibyvnemfqvywbnv/Build/Intermediates.noindex/AppAuth.build/Debug-iphonesimulator/AppAuthCore.build/Objects-normal/x86_64/e6072d4f65d7061329687fe24e3d63a7-common-args.resp -include /Users/nataliewhipps/Library/Developer/Xcode/DerivedData/Prompt28-cgmmkisguitsyibyvnemfqvywbnv/Build/Intermediates.noindex/AppAuth.build/Debug-iphonesimulator/AppAuthCore.build/DerivedSources/resource_bundle_accessor.h -MMD -MT dependencies -MF /Users/nataliewhipps/Library/Developer/Xcode/DerivedData/Prompt28-cgmmkisguitsyibyvnemfqvywbnv/Build/Intermediates.noindex/AppAuth.build/Debug-iphonesimulator/AppAuthCore.build/Objects-normal/x86_64/OIDAuthorizationRequest.d --serialize-diagnostics /Users/nataliewhipps/Library/Developer/Xcode/DerivedData/Prompt28-cgmmkisguitsyibyvnemfqvywbnv/Build/Intermediates.noindex/AppAuth.build/Debug-iphonesimulator/AppAuthCore.build/Objects-normal/x86_64/OIDAuthorizationRequest.dia -c /Users/nataliewhipps/Library/Developer/Xcode/DerivedData/Prompt28-cgmmkisguitsyibyvnemfqvywbnv/SourcePackages/checkouts/AppAuth-iOS/Sources/AppAuthCore/OIDAuthorizationRequest.m -o /Users/nataliewhipps/Library/Developer/Xcode/DerivedData/Prompt28-cgmmkisguitsyibyvnemfqvywbnv/Build/Intermediates.noindex/AppAuth.build/Debug-iphonesimulator/AppAuthCore.build/Objects-normal/x86_64/OIDAuthorizationRequest.o -index-unit-output-path /AppAuth.build/Debug-iphonesimulator/AppAuthCore.build/Objects-normal/x86_64/OIDAuthorizationRequest.o

CompileC /Users/nataliewhipps/Library/Developer/Xcode/DerivedData/Prompt28-cgmmkisguitsyibyvnemfqvywbnv/Build/Intermediates.noindex/AppAuth.build/Debug-iphonesimulator/AppAuthCore.build/Objects-normal/x86_64/OIDAuthState.o /Users/nataliewhipps/Library/Developer/Xcode/DerivedData/Prompt28-cgmmkisguitsyibyvnemfqvywbnv/SourcePackages/checkouts/AppAuth-iOS/Sources/AppAuthCore/OIDAuthState.m normal x86_64 objective-c com.apple.compilers.llvm.clang.1_0.compiler (in target 'AppAuthCore' from project 'AppAuth')
    cd /Users/nataliewhipps/Desktop/Prompt28/Prompt28.xcodeproj
    
    Using response file: /Users/nataliewhipps/Library/Developer/Xcode/DerivedData/Prompt28-cgmmkisguitsyibyvnemfqvywbnv/Build/Intermediates.noindex/AppAuth.build/Debug-iphonesimulator/AppAuthCore.build/Objects-normal/x86_64/e6072d4f65d7061329687fe24e3d63a7-common-args.resp
    
    /Applications/Xcode.app/Contents/Developer/Toolchains/XcodeDefault.xctoolchain/usr/bin/clang -x objective-c -ivfsstatcache /Users/nataliewhipps/Library/Developer/Xcode/DerivedData/SDKStatCaches.noindex/iphonesimulator26.2-23C57-7d00a8b37fbd7999ea79df8ebc024bf0.sdkstatcache -fmessage-length\=0 -fdiagnostics-show-note-include-stack -fmacro-backtrace-limit\=0 -fno-color-diagnostics -fmodules-prune-interval\=86400 -fmodules-prune-after\=345600 -fbuild-session-file\=/Users/nataliewhipps/Library/Developer/Xcode/DerivedData/ModuleCache.noindex/Session.modulevalidation -fmodules-validate-once-per-build-session -Wnon-modular-include-in-framework-module -Werror\=non-modular-include-in-framework-module -Wno-trigraphs -Wno-missing-field-initializers -Wno-missing-prototypes -Wno-return-type -Wno-implicit-atomic-properties -Wno-objc-interface-ivars -Wno-arc-repeated-use-of-weak -Wno-missing-braces -Wparentheses -Wswitch -Wno-unused-function -Wno-unused-label -Wno-unused-parameter -Wno-unused-variable -Wunused-value -Wno-empty-body -Wno-uninitialized -Wno-unknown-pragmas -w -Wno-shadow -Wno-four-char-constants -Wno-conversion -Wno-constant-conversion -Wno-int-conversion -Wno-bool-conversion -Wno-enum-conversion -Wno-float-conversion -Wno-non-literal-null-conversion -Wno-objc-literal-conversion -Wshorten-64-to-32 -Wpointer-sign -Wno-newline-eof -Wno-selector -Wno-strict-selector-match -Wno-undeclared-selector -Wno-deprecated-implementations -Wno-implicit-fallthrough -fstrict-aliasing -Wprotocol -Wdeprecated-declarations -Wno-sign-conversion -Wno-infinite-recursion -Wno-comma -Wno-block-capture-autoreleasing -Wno-strict-prototypes -Wno-semicolon-before-method-body -index-store-path /Users/nataliewhipps/Library/Developer/Xcode/DerivedData/Prompt28-cgmmkisguitsyibyvnemfqvywbnv/Index.noindex/DataStore @/Users/nataliewhipps/Library/Developer/Xcode/DerivedData/Prompt28-cgmmkisguitsyibyvnemfqvywbnv/Build/Intermediates.noindex/AppAuth.build/Debug-iphonesimulator/AppAuthCore.build/Objects-normal/x86_64/e6072d4f65d7061329687fe24e3d63a7-common-args.resp -include /Users/nataliewhipps/Library/Developer/Xcode/DerivedData/Prompt28-cgmmkisguitsyibyvnemfqvywbnv/Build/Intermediates.noindex/AppAuth.build/Debug-iphonesimulator/AppAuthCore.build/DerivedSources/resource_bundle_accessor.h -MMD -MT dependencies -MF /Users/nataliewhipps/Library/Developer/Xcode/DerivedData/Prompt28-cgmmkisguitsyibyvnemfqvywbnv/Build/Intermediates.noindex/AppAuth.build/Debug-iphonesimulator/AppAuthCore.build/Objects-normal/x86_64/OIDAuthState.d --serialize-diagnostics /Users/nataliewhipps/Library/Developer/Xcode/DerivedData/Prompt28-cgmmkisguitsyibyvnemfqvywbnv/Build/Intermediates.noindex/AppAuth.build/Debug-iphonesimulator/AppAuthCore.build/Objects-normal/x86_64/OIDAuthState.dia -c /Users/nataliewhipps/Library/Developer/Xcode/DerivedData/Prompt28-cgmmkisguitsyibyvnemfqvywbnv/SourcePackages/checkouts/AppAuth-iOS/Sources/AppAuthCore/OIDAuthState.m -o /Users/nataliewhipps/Library/Developer/Xcode/DerivedData/Prompt28-cgmmkisguitsyibyvnemfqvywbnv/Build/Intermediates.noindex/AppAuth.build/Debug-iphonesimulator/AppAuthCore.build/Objects-normal/x86_64/OIDAuthState.o -index-unit-output-path /AppAuth.build/Debug-iphonesimulator/AppAuthCore.build/Objects-normal/x86_64/OIDAuthState.o

CompileC /Users/nataliewhipps/Library/Developer/Xcode/DerivedData/Prompt28-cgmmkisguitsyibyvnemfqvywbnv/Build/Intermediates.noindex/AppAuth.build/Debug-iphonesimulator/AppAuth.build/Objects-normal/x86_64/resource_bundle_accessor.o /Users/nataliewhipps/Library/Developer/Xcode/DerivedData/Prompt28-cgmmkisguitsyibyvnemfqvywbnv/Build/Intermediates.noindex/AppAuth.build/Debug-iphonesimulator/AppAuth.build/DerivedSources/resource_bundle_accessor.m normal x86_64 objective-c com.apple.compilers.llvm.clang.1_0.compiler (in target 'AppAuth' from project 'AppAuth')
    cd /Users/nataliewhipps/Desktop/Prompt28/Prompt28.xcodeproj
    
    Using response file: /Users/nataliewhipps/Library/Developer/Xcode/DerivedData/Prompt28-cgmmkisguitsyibyvnemfqvywbnv/Build/Intermediates.noindex/AppAuth.build/Debug-iphonesimulator/AppAuth.build/Objects-normal/x86_64/e6072d4f65d7061329687fe24e3d63a7-common-args.resp
    
    /Applications/Xcode.app/Contents/Developer/Toolchains/XcodeDefault.xctoolchain/usr/bin/clang -x objective-c -ivfsstatcache /Users/nataliewhipps/Library/Developer/Xcode/DerivedData/SDKStatCaches.noindex/iphonesimulator26.2-23C57-7d00a8b37fbd7999ea79df8ebc024bf0.sdkstatcache -fmessage-length\=0 -fdiagnostics-show-note-include-stack -fmacro-backtrace-limit\=0 -fno-color-diagnostics -fmodules-prune-interval\=86400 -fmodules-prune-after\=345600 -fbuild-session-file\=/Users/nataliewhipps/Library/Developer/Xcode/DerivedData/ModuleCache.noindex/Session.modulevalidation -fmodules-validate-once-per-build-session -Wnon-modular-include-in-framework-module -Werror\=non-modular-include-in-framework-module -Wno-trigraphs -Wno-missing-field-initializers -Wno-missing-prototypes -Wno-return-type -Wno-implicit-atomic-properties -Wno-objc-interface-ivars -Wno-arc-repeated-use-of-weak -Wno-missing-braces -Wparentheses -Wswitch -Wno-unused-function -Wno-unused-label -Wno-unused-parameter -Wno-unused-variable -Wunused-value -Wno-empty-body -Wno-uninitialized -Wno-unknown-pragmas -w -Wno-shadow -Wno-four-char-constants -Wno-conversion -Wno-constant-conversion -Wno-int-conversion -Wno-bool-conversion -Wno-enum-conversion -Wno-float-conversion -Wno-non-literal-null-conversion -Wno-objc-literal-conversion -Wshorten-64-to-32 -Wpointer-sign -Wno-newline-eof -Wno-selector -Wno-strict-selector-match -Wno-undeclared-selector -Wno-deprecated-implementations -Wno-implicit-fallthrough -fstrict-aliasing -Wprotocol -Wdeprecated-declarations -Wno-sign-conversion -Wno-infinite-recursion -Wno-comma -Wno-block-capture-autoreleasing -Wno-strict-prototypes -Wno-semicolon-before-method-body -index-store-path /Users/nataliewhipps/Library/Developer/Xcode/DerivedData/Prompt28-cgmmkisguitsyibyvnemfqvywbnv/Index.noindex/DataStore @/Users/nataliewhipps/Library/Developer/Xcode/DerivedData/Prompt28-cgmmkisguitsyibyvnemfqvywbnv/Build/Intermediates.noindex/AppAuth.build/Debug-iphonesimulator/AppAuth.build/Objects-normal/x86_64/e6072d4f65d7061329687fe24e3d63a7-common-args.resp -include /Users/nataliewhipps/Library/Developer/Xcode/DerivedData/Prompt28-cgmmkisguitsyibyvnemfqvywbnv/Build/Intermediates.noindex/AppAuth.build/Debug-iphonesimulator/AppAuth.build/DerivedSources/resource_bundle_accessor.h -MMD -MT dependencies -MF /Users/nataliewhipps/Library/Developer/Xcode/DerivedData/Prompt28-cgmmkisguitsyibyvnemfqvywbnv/Build/Intermediates.noindex/AppAuth.build/Debug-iphonesimulator/AppAuth.build/Objects-normal/x86_64/resource_bundle_accessor.d --serialize-diagnostics /Users/nataliewhipps/Library/Developer/Xcode/DerivedData/Prompt28-cgmmkisguitsyibyvnemfqvywbnv/Build/Intermediates.noindex/AppAuth.build/Debug-iphonesimulator/AppAuth.build/Objects-normal/x86_64/resource_bundle_accessor.dia -c /Users/nataliewhipps/Library/Developer/Xcode/DerivedData/Prompt28-cgmmkisguitsyibyvnemfqvywbnv/Build/Intermediates.noindex/AppAuth.build/Debug-iphonesimulator/AppAuth.build/DerivedSources/resource_bundle_accessor.m -o /Users/nataliewhipps/Library/Developer/Xcode/DerivedData/Prompt28-cgmmkisguitsyibyvnemfqvywbnv/Build/Intermediates.noindex/AppAuth.build/Debug-iphonesimulator/AppAuth.build/Objects-normal/x86_64/resource_bundle_accessor.o -index-unit-output-path /AppAuth.build/Debug-iphonesimulator/AppAuth.build/Objects-normal/x86_64/resource_bundle_accessor.o

CompileC /Users/nataliewhipps/Library/Developer/Xcode/DerivedData/Prompt28-cgmmkisguitsyibyvnemfqvywbnv/Build/Intermediates.noindex/AppAuth.build/Debug-iphonesimulator/AppAuth.build/Objects-normal/x86_64/OIDRedirectHTTPHandler.o /Users/nataliewhipps/Library/Developer/Xcode/DerivedData/Prompt28-cgmmkisguitsyibyvnemfqvywbnv/SourcePackages/checkouts/AppAuth-iOS/Sources/AppAuth/macOS/OIDRedirectHTTPHandler.m normal x86_64 objective-c com.apple.compilers.llvm.clang.1_0.compiler (in target 'AppAuth' from project 'AppAuth')
    cd /Users/nataliewhipps/Desktop/Prompt28/Prompt28.xcodeproj
    
    Using response file: /Users/nataliewhipps/Library/Developer/Xcode/DerivedData/Prompt28-cgmmkisguitsyibyvnemfqvywbnv/Build/Intermediates.noindex/AppAuth.build/Debug-iphonesimulator/AppAuth.build/Objects-normal/x86_64/e6072d4f65d7061329687fe24e3d63a7-common-args.resp
    
    /Applications/Xcode.app/Contents/Developer/Toolchains/XcodeDefault.xctoolchain/usr/bin/clang -x objective-c -ivfsstatcache /Users/nataliewhipps/Library/Developer/Xcode/DerivedData/SDKStatCaches.noindex/iphonesimulator26.2-23C57-7d00a8b37fbd7999ea79df8ebc024bf0.sdkstatcache -fmessage-length\=0 -fdiagnostics-show-note-include-stack -fmacro-backtrace-limit\=0 -fno-color-diagnostics -fmodules-prune-interval\=86400 -fmodules-prune-after\=345600 -fbuild-session-file\=/Users/nataliewhipps/Library/Developer/Xcode/DerivedData/ModuleCache.noindex/Session.modulevalidation -fmodules-validate-once-per-build-session -Wnon-modular-include-in-framework-module -Werror\=non-modular-include-in-framework-module -Wno-trigraphs -Wno-missing-field-initializers -Wno-missing-prototypes -Wno-return-type -Wno-implicit-atomic-properties -Wno-objc-interface-ivars -Wno-arc-repeated-use-of-weak -Wno-missing-braces -Wparentheses -Wswitch -Wno-unused-function -Wno-unused-label -Wno-unused-parameter -Wno-unused-variable -Wunused-value -Wno-empty-body -Wno-uninitialized -Wno-unknown-pragmas -w -Wno-shadow -Wno-four-char-constants -Wno-conversion -Wno-constant-conversion -Wno-int-conversion -Wno-bool-conversion -Wno-enum-conversion -Wno-float-conversion -Wno-non-literal-null-conversion -Wno-objc-literal-conversion -Wshorten-64-to-32 -Wpointer-sign -Wno-newline-eof -Wno-selector -Wno-strict-selector-match -Wno-undeclared-selector -Wno-deprecated-implementations -Wno-implicit-fallthrough -fstrict-aliasing -Wprotocol -Wdeprecated-declarations -Wno-sign-conversion -Wno-infinite-recursion -Wno-comma -Wno-block-capture-autoreleasing -Wno-strict-prototypes -Wno-semicolon-before-method-body -index-store-path /Users/nataliewhipps/Library/Developer/Xcode/DerivedData/Prompt28-cgmmkisguitsyibyvnemfqvywbnv/Index.noindex/DataStore @/Users/nataliewhipps/Library/Developer/Xcode/DerivedData/Prompt28-cgmmkisguitsyibyvnemfqvywbnv/Build/Intermediates.noindex/AppAuth.build/Debug-iphonesimulator/AppAuth.build/Objects-normal/x86_64/e6072d4f65d7061329687fe24e3d63a7-common-args.resp -include /Users/nataliewhipps/Library/Developer/Xcode/DerivedData/Prompt28-cgmmkisguitsyibyvnemfqvywbnv/Build/Intermediates.noindex/AppAuth.build/Debug-iphonesimulator/AppAuth.build/DerivedSources/resource_bundle_accessor.h -MMD -MT dependencies -MF /Users/nataliewhipps/Library/Developer/Xcode/DerivedData/Prompt28-cgmmkisguitsyibyvnemfqvywbnv/Build/Intermediates.noindex/AppAuth.build/Debug-iphonesimulator/AppAuth.build/Objects-normal/x86_64/OIDRedirectHTTPHandler.d --serialize-diagnostics /Users/nataliewhipps/Library/Developer/Xcode/DerivedData/Prompt28-cgmmkisguitsyibyvnemfqvywbnv/Build/Intermediates.noindex/AppAuth.build/Debug-iphonesimulator/AppAuth.build/Objects-normal/x86_64/OIDRedirectHTTPHandler.dia -c /Users/nataliewhipps/Library/Developer/Xcode/DerivedData/Prompt28-cgmmkisguitsyibyvnemfqvywbnv/SourcePackages/checkouts/AppAuth-iOS/Sources/AppAuth/macOS/OIDRedirectHTTPHandler.m -o /Users/nataliewhipps/Library/Developer/Xcode/DerivedData/Prompt28-cgmmkisguitsyibyvnemfqvywbnv/Build/Intermediates.noindex/AppAuth.build/Debug-iphonesimulator/AppAuth.build/Objects-normal/x86_64/OIDRedirectHTTPHandler.o -index-unit-output-path /AppAuth.build/Debug-iphonesimulator/AppAuth.build/Objects-normal/x86_64/OIDRedirectHTTPHandler.o

SwiftExplicitDependencyGeneratePcm x86_64 /Users/nataliewhipps/Library/Developer/Xcode/DerivedData/ModuleCache.noindex/os_workgroup-85KP1Z2HJB4Z9QTLSZQYCXU7R.pcm

CompileC /Users/nataliewhipps/Library/Developer/Xcode/DerivedData/Prompt28-cgmmkisguitsyibyvnemfqvywbnv/Build/Intermediates.noindex/AppAuth.build/Debug-iphonesimulator/AppAuth.build/Objects-normal/x86_64/OIDLoopbackHTTPServer.o /Users/nataliewhipps/Library/Developer/Xcode/DerivedData/Prompt28-cgmmkisguitsyibyvnemfqvywbnv/SourcePackages/checkouts/AppAuth-iOS/Sources/AppAuth/macOS/LoopbackHTTPServer/OIDLoopbackHTTPServer.m normal x86_64 objective-c com.apple.compilers.llvm.clang.1_0.compiler (in target 'AppAuth' from project 'AppAuth')
    cd /Users/nataliewhipps/Desktop/Prompt28/Prompt28.xcodeproj
    
    Using response file: /Users/nataliewhipps/Library/Developer/Xcode/DerivedData/Prompt28-cgmmkisguitsyibyvnemfqvywbnv/Build/Intermediates.noindex/AppAuth.build/Debug-iphonesimulator/AppAuth.build/Objects-normal/x86_64/e6072d4f65d7061329687fe24e3d63a7-common-args.resp
    
    /Applications/Xcode.app/Contents/Developer/Toolchains/XcodeDefault.xctoolchain/usr/bin/clang -x objective-c -ivfsstatcache /Users/nataliewhipps/Library/Developer/Xcode/DerivedData/SDKStatCaches.noindex/iphonesimulator26.2-23C57-7d00a8b37fbd7999ea79df8ebc024bf0.sdkstatcache -fmessage-length\=0 -fdiagnostics-show-note-include-stack -fmacro-backtrace-limit\=0 -fno-color-diagnostics -fmodules-prune-interval\=86400 -fmodules-prune-after\=345600 -fbuild-session-file\=/Users/nataliewhipps/Library/Developer/Xcode/DerivedData/ModuleCache.noindex/Session.modulevalidation -fmodules-validate-once-per-build-session -Wnon-modular-include-in-framework-module -Werror\=non-modular-include-in-framework-module -Wno-trigraphs -Wno-missing-field-initializers -Wno-missing-prototypes -Wno-return-type -Wno-implicit-atomic-properties -Wno-objc-interface-ivars -Wno-arc-repeated-use-of-weak -Wno-missing-braces -Wparentheses -Wswitch -Wno-unused-function -Wno-unused-label -Wno-unused-parameter -Wno-unused-variable -Wunused-value -Wno-empty-body -Wno-uninitialized -Wno-unknown-pragmas -w -Wno-shadow -Wno-four-char-constants -Wno-conversion -Wno-constant-conversion -Wno-int-conversion -Wno-bool-conversion -Wno-enum-conversion -Wno-float-conversion -Wno-non-literal-null-conversion -Wno-objc-literal-conversion -Wshorten-64-to-32 -Wpointer-sign -Wno-newline-eof -Wno-selector -Wno-strict-selector-match -Wno-undeclared-selector -Wno-deprecated-implementations -Wno-implicit-fallthrough -fstrict-aliasing -Wprotocol -Wdeprecated-declarations -Wno-sign-conversion -Wno-infinite-recursion -Wno-comma -Wno-block-capture-autoreleasing -Wno-strict-prototypes -Wno-semicolon-before-method-body -index-store-path /Users/nataliewhipps/Library/Developer/Xcode/DerivedData/Prompt28-cgmmkisguitsyibyvnemfqvywbnv/Index.noindex/DataStore @/Users/nataliewhipps/Library/Developer/Xcode/DerivedData/Prompt28-cgmmkisguitsyibyvnemfqvywbnv/Build/Intermediates.noindex/AppAuth.build/Debug-iphonesimulator/AppAuth.build/Objects-normal/x86_64/e6072d4f65d7061329687fe24e3d63a7-common-args.resp -include /Users/nataliewhipps/Library/Developer/Xcode/DerivedData/Prompt28-cgmmkisguitsyibyvnemfqvywbnv/Build/Intermediates.noindex/AppAuth.build/Debug-iphonesimulator/AppAuth.build/DerivedSources/resource_bundle_accessor.h -MMD -MT dependencies -MF /Users/nataliewhipps/Library/Developer/Xcode/DerivedData/Prompt28-cgmmkisguitsyibyvnemfqvywbnv/Build/Intermediates.noindex/AppAuth.build/Debug-iphonesimulator/AppAuth.build/Objects-normal/x86_64/OIDLoopbackHTTPServer.d --serialize-diagnostics /Users/nataliewhipps/Library/Developer/Xcode/DerivedData/Prompt28-cgmmkisguitsyibyvnemfqvywbnv/Build/Intermediates.noindex/AppAuth.build/Debug-iphonesimulator/AppAuth.build/Objects-normal/x86_64/OIDLoopbackHTTPServer.dia -c /Users/nataliewhipps/Library/Developer/Xcode/DerivedData/Prompt28-cgmmkisguitsyibyvnemfqvywbnv/SourcePackages/checkouts/AppAuth-iOS/Sources/AppAuth/macOS/LoopbackHTTPServer/OIDLoopbackHTTPServer.m -o /Users/nataliewhipps/Library/Developer/Xcode/DerivedData/Prompt28-cgmmkisguitsyibyvnemfqvywbnv/Build/Intermediates.noindex/AppAuth.build/Debug-iphonesimulator/AppAuth.build/Objects-normal/x86_64/OIDLoopbackHTTPServer.o -index-unit-output-path /AppAuth.build/Debug-iphonesimulator/AppAuth.build/Objects-normal/x86_64/OIDLoopbackHTTPServer.o

CompileC /Users/nataliewhipps/Library/Developer/Xcode/DerivedData/Prompt28-cgmmkisguitsyibyvnemfqvywbnv/Build/Intermediates.noindex/AppAuth.build/Debug-iphonesimulator/AppAuth.build/Objects-normal/x86_64/OIDExternalUserAgentMac.o /Users/nataliewhipps/Library/Developer/Xcode/DerivedData/Prompt28-cgmmkisguitsyibyvnemfqvywbnv/SourcePackages/checkouts/AppAuth-iOS/Sources/AppAuth/macOS/OIDExternalUserAgentMac.m normal x86_64 objective-c com.apple.compilers.llvm.clang.1_0.compiler (in target 'AppAuth' from project 'AppAuth')
    cd /Users/nataliewhipps/Desktop/Prompt28/Prompt28.xcodeproj
    
    Using response file: /Users/nataliewhipps/Library/Developer/Xcode/DerivedData/Prompt28-cgmmkisguitsyibyvnemfqvywbnv/Build/Intermediates.noindex/AppAuth.build/Debug-iphonesimulator/AppAuth.build/Objects-normal/x86_64/e6072d4f65d7061329687fe24e3d63a7-common-args.resp
    
    /Applications/Xcode.app/Contents/Developer/Toolchains/XcodeDefault.xctoolchain/usr/bin/clang -x objective-c -ivfsstatcache /Users/nataliewhipps/Library/Developer/Xcode/DerivedData/SDKStatCaches.noindex/iphonesimulator26.2-23C57-7d00a8b37fbd7999ea79df8ebc024bf0.sdkstatcache -fmessage-length\=0 -fdiagnostics-show-note-include-stack -fmacro-backtrace-limit\=0 -fno-color-diagnostics -fmodules-prune-interval\=86400 -fmodules-prune-after\=345600 -fbuild-session-file\=/Users/nataliewhipps/Library/Developer/Xcode/DerivedData/ModuleCache.noindex/Session.modulevalidation -fmodules-validate-once-per-build-session -Wnon-modular-include-in-framework-module -Werror\=non-modular-include-in-framework-module -Wno-trigraphs -Wno-missing-field-initializers -Wno-missing-prototypes -Wno-return-type -Wno-implicit-atomic-properties -Wno-objc-interface-ivars -Wno-arc-repeated-use-of-weak -Wno-missing-braces -Wparentheses -Wswitch -Wno-unused-function -Wno-unused-label -Wno-unused-parameter -Wno-unused-variable -Wunused-value -Wno-empty-body -Wno-uninitialized -Wno-unknown-pragmas -w -Wno-shadow -Wno-four-char-constants -Wno-conversion -Wno-constant-conversion -Wno-int-conversion -Wno-bool-conversion -Wno-enum-conversion -Wno-float-conversion -Wno-non-literal-null-conversion -Wno-objc-literal-conversion -Wshorten-64-to-32 -Wpointer-sign -Wno-newline-eof -Wno-selector -Wno-strict-selector-match -Wno-undeclared-selector -Wno-deprecated-implementations -Wno-implicit-fallthrough -fstrict-aliasing -Wprotocol -Wdeprecated-declarations -Wno-sign-conversion -Wno-infinite-recursion -Wno-comma -Wno-block-capture-autoreleasing -Wno-strict-prototypes -Wno-semicolon-before-method-body -index-store-path /Users/nataliewhipps/Library/Developer/Xcode/DerivedData/Prompt28-cgmmkisguitsyibyvnemfqvywbnv/Index.noindex/DataStore @/Users/nataliewhipps/Library/Developer/Xcode/DerivedData/Prompt28-cgmmkisguitsyibyvnemfqvywbnv/Build/Intermediates.noindex/AppAuth.build/Debug-iphonesimulator/AppAuth.build/Objects-normal/x86_64/e6072d4f65d7061329687fe24e3d63a7-common-args.resp -include /Users/nataliewhipps/Library/Developer/Xcode/DerivedData/Prompt28-cgmmkisguitsyibyvnemfqvywbnv/Build/Intermediates.noindex/AppAuth.build/Debug-iphonesimulator/AppAuth.build/DerivedSources/resource_bundle_accessor.h -MMD -MT dependencies -MF /Users/nataliewhipps/Library/Developer/Xcode/DerivedData/Prompt28-cgmmkisguitsyibyvnemfqvywbnv/Build/Intermediates.noindex/AppAuth.build/Debug-iphonesimulator/AppAuth.build/Objects-normal/x86_64/OIDExternalUserAgentMac.d --serialize-diagnostics /Users/nataliewhipps/Library/Developer/Xcode/DerivedData/Prompt28-cgmmkisguitsyibyvnemfqvywbnv/Build/Intermediates.noindex/AppAuth.build/Debug-iphonesimulator/AppAuth.build/Objects-normal/x86_64/OIDExternalUserAgentMac.dia -c /Users/nataliewhipps/Library/Developer/Xcode/DerivedData/Prompt28-cgmmkisguitsyibyvnemfqvywbnv/SourcePackages/checkouts/AppAuth-iOS/Sources/AppAuth/macOS/OIDExternalUserAgentMac.m -o /Users/nataliewhipps/Library/Developer/Xcode/DerivedData/Prompt28-cgmmkisguitsyibyvnemfqvywbnv/Build/Intermediates.noindex/AppAuth.build/Debug-iphonesimulator/AppAuth.build/Objects-normal/x86_64/OIDExternalUserAgentMac.o -index-unit-output-path /AppAuth.build/Debug-iphonesimulator/AppAuth.build/Objects-normal/x86_64/OIDExternalUserAgentMac.o

CompileC /Users/nataliewhipps/Library/Developer/Xcode/DerivedData/Prompt28-cgmmkisguitsyibyvnemfqvywbnv/Build/Intermediates.noindex/AppAuth.build/Debug-iphonesimulator/AppAuth.build/Objects-normal/x86_64/OIDAuthorizationService+Mac.o /Users/nataliewhipps/Library/Developer/Xcode/DerivedData/Prompt28-cgmmkisguitsyibyvnemfqvywbnv/SourcePackages/checkouts/AppAuth-iOS/Sources/AppAuth/macOS/OIDAuthorizationService+Mac.m normal x86_64 objective-c com.apple.compilers.llvm.clang.1_0.compiler (in target 'AppAuth' from project 'AppAuth')
    cd /Users/nataliewhipps/Desktop/Prompt28/Prompt28.xcodeproj
    
    Using response file: /Users/nataliewhipps/Library/Developer/Xcode/DerivedData/Prompt28-cgmmkisguitsyibyvnemfqvywbnv/Build/Intermediates.noindex/AppAuth.build/Debug-iphonesimulator/AppAuth.build/Objects-normal/x86_64/e6072d4f65d7061329687fe24e3d63a7-common-args.resp
    
    /Applications/Xcode.app/Contents/Developer/Toolchains/XcodeDefault.xctoolchain/usr/bin/clang -x objective-c -ivfsstatcache /Users/nataliewhipps/Library/Developer/Xcode/DerivedData/SDKStatCaches.noindex/iphonesimulator26.2-23C57-7d00a8b37fbd7999ea79df8ebc024bf0.sdkstatcache -fmessage-length\=0 -fdiagnostics-show-note-include-stack -fmacro-backtrace-limit\=0 -fno-color-diagnostics -fmodules-prune-interval\=86400 -fmodules-prune-after\=345600 -fbuild-session-file\=/Users/nataliewhipps/Library/Developer/Xcode/DerivedData/ModuleCache.noindex/Session.modulevalidation -fmodules-validate-once-per-build-session -Wnon-modular-include-in-framework-module -Werror\=non-modular-include-in-framework-module -Wno-trigraphs -Wno-missing-field-initializers -Wno-missing-prototypes -Wno-return-type -Wno-implicit-atomic-properties -Wno-objc-interface-ivars -Wno-arc-repeated-use-of-weak -Wno-missing-braces -Wparentheses -Wswitch -Wno-unused-function -Wno-unused-label -Wno-unused-parameter -Wno-unused-variable -Wunused-value -Wno-empty-body -Wno-uninitialized -Wno-unknown-pragmas -w -Wno-shadow -Wno-four-char-constants -Wno-conversion -Wno-constant-conversion -Wno-int-conversion -Wno-bool-conversion -Wno-enum-conversion -Wno-float-conversion -Wno-non-literal-null-conversion -Wno-objc-literal-conversion -Wshorten-64-to-32 -Wpointer-sign -Wno-newline-eof -Wno-selector -Wno-strict-selector-match -Wno-undeclared-selector -Wno-deprecated-implementations -Wno-implicit-fallthrough -fstrict-aliasing -Wprotocol -Wdeprecated-declarations -Wno-sign-conversion -Wno-infinite-recursion -Wno-comma -Wno-block-capture-autoreleasing -Wno-strict-prototypes -Wno-semicolon-before-method-body -index-store-path /Users/nataliewhipps/Library/Developer/Xcode/DerivedData/Prompt28-cgmmkisguitsyibyvnemfqvywbnv/Index.noindex/DataStore @/Users/nataliewhipps/Library/Developer/Xcode/DerivedData/Prompt28-cgmmkisguitsyibyvnemfqvywbnv/Build/Intermediates.noindex/AppAuth.build/Debug-iphonesimulator/AppAuth.build/Objects-normal/x86_64/e6072d4f65d7061329687fe24e3d63a7-common-args.resp -include /Users/nataliewhipps/Library/Developer/Xcode/DerivedData/Prompt28-cgmmkisguitsyibyvnemfqvywbnv/Build/Intermediates.noindex/AppAuth.build/Debug-iphonesimulator/AppAuth.build/DerivedSources/resource_bundle_accessor.h -MMD -MT dependencies -MF /Users/nataliewhipps/Library/Developer/Xcode/DerivedData/Prompt28-cgmmkisguitsyibyvnemfqvywbnv/Build/Intermediates.noindex/AppAuth.build/Debug-iphonesimulator/AppAuth.build/Objects-normal/x86_64/OIDAuthorizationService+Mac.d --serialize-diagnostics /Users/nataliewhipps/Library/Developer/Xcode/DerivedData/Prompt28-cgmmkisguitsyibyvnemfqvywbnv/Build/Intermediates.noindex/AppAuth.build/Debug-iphonesimulator/AppAuth.build/Objects-normal/x86_64/OIDAuthorizationService+Mac.dia -c /Users/nataliewhipps/Library/Developer/Xcode/DerivedData/Prompt28-cgmmkisguitsyibyvnemfqvywbnv/SourcePackages/checkouts/AppAuth-iOS/Sources/AppAuth/macOS/OIDAuthorizationService+Mac.m -o /Users/nataliewhipps/Library/Developer/Xcode/DerivedData/Prompt28-cgmmkisguitsyibyvnemfqvywbnv/Build/Intermediates.noindex/AppAuth.build/Debug-iphonesimulator/AppAuth.build/Objects-normal/x86_64/OIDAuthorizationService+Mac.o -index-unit-output-path /AppAuth.build/Debug-iphonesimulator/AppAuth.build/Objects-normal/x86_64/OIDAuthorizationService+Mac.o

CompileC /Users/nataliewhipps/Library/Developer/Xcode/DerivedData/Prompt28-cgmmkisguitsyibyvnemfqvywbnv/Build/Intermediates.noindex/AppAuth.build/Debug-iphonesimulator/AppAuth.build/Objects-normal/x86_64/OIDAuthState+Mac.o /Users/nataliewhipps/Library/Developer/Xcode/DerivedData/Prompt28-cgmmkisguitsyibyvnemfqvywbnv/SourcePackages/checkouts/AppAuth-iOS/Sources/AppAuth/macOS/OIDAuthState+Mac.m normal x86_64 objective-c com.apple.compilers.llvm.clang.1_0.compiler (in target 'AppAuth' from project 'AppAuth')
    cd /Users/nataliewhipps/Desktop/Prompt28/Prompt28.xcodeproj
    
    Using response file: /Users/nataliewhipps/Library/Developer/Xcode/DerivedData/Prompt28-cgmmkisguitsyibyvnemfqvywbnv/Build/Intermediates.noindex/AppAuth.build/Debug-iphonesimulator/AppAuth.build/Objects-normal/x86_64/e6072d4f65d7061329687fe24e3d63a7-common-args.resp
    
    /Applications/Xcode.app/Contents/Developer/Toolchains/XcodeDefault.xctoolchain/usr/bin/clang -x objective-c -ivfsstatcache /Users/nataliewhipps/Library/Developer/Xcode/DerivedData/SDKStatCaches.noindex/iphonesimulator26.2-23C57-7d00a8b37fbd7999ea79df8ebc024bf0.sdkstatcache -fmessage-length\=0 -fdiagnostics-show-note-include-stack -fmacro-backtrace-limit\=0 -fno-color-diagnostics -fmodules-prune-interval\=86400 -fmodules-prune-after\=345600 -fbuild-session-file\=/Users/nataliewhipps/Library/Developer/Xcode/DerivedData/ModuleCache.noindex/Session.modulevalidation -fmodules-validate-once-per-build-session -Wnon-modular-include-in-framework-module -Werror\=non-modular-include-in-framework-module -Wno-trigraphs -Wno-missing-field-initializers -Wno-missing-prototypes -Wno-return-type -Wno-implicit-atomic-properties -Wno-objc-interface-ivars -Wno-arc-repeated-use-of-weak -Wno-missing-braces -Wparentheses -Wswitch -Wno-unused-function -Wno-unused-label -Wno-unused-parameter -Wno-unused-variable -Wunused-value -Wno-empty-body -Wno-uninitialized -Wno-unknown-pragmas -w -Wno-shadow -Wno-four-char-constants -Wno-conversion -Wno-constant-conversion -Wno-int-conversion -Wno-bool-conversion -Wno-enum-conversion -Wno-float-conversion -Wno-non-literal-null-conversion -Wno-objc-literal-conversion -Wshorten-64-to-32 -Wpointer-sign -Wno-newline-eof -Wno-selector -Wno-strict-selector-match -Wno-undeclared-selector -Wno-deprecated-implementations -Wno-implicit-fallthrough -fstrict-aliasing -Wprotocol -Wdeprecated-declarations -Wno-sign-conversion -Wno-infinite-recursion -Wno-comma -Wno-block-capture-autoreleasing -Wno-strict-prototypes -Wno-semicolon-before-method-body -index-store-path /Users/nataliewhipps/Library/Developer/Xcode/DerivedData/Prompt28-cgmmkisguitsyibyvnemfqvywbnv/Index.noindex/DataStore @/Users/nataliewhipps/Library/Developer/Xcode/DerivedData/Prompt28-cgmmkisguitsyibyvnemfqvywbnv/Build/Intermediates.noindex/AppAuth.build/Debug-iphonesimulator/AppAuth.build/Objects-normal/x86_64/e6072d4f65d7061329687fe24e3d63a7-common-args.resp -include /Users/nataliewhipps/Library/Developer/Xcode/DerivedData/Prompt28-cgmmkisguitsyibyvnemfqvywbnv/Build/Intermediates.noindex/AppAuth.build/Debug-iphonesimulator/AppAuth.build/DerivedSources/resource_bundle_accessor.h -MMD -MT dependencies -MF /Users/nataliewhipps/Library/Developer/Xcode/DerivedData/Prompt28-cgmmkisguitsyibyvnemfqvywbnv/Build/Intermediates.noindex/AppAuth.build/Debug-iphonesimulator/AppAuth.build/Objects-normal/x86_64/OIDAuthState+Mac.d --serialize-diagnostics /Users/nataliewhipps/Library/Developer/Xcode/DerivedData/Prompt28-cgmmkisguitsyibyvnemfqvywbnv/Build/Intermediates.noindex/AppAuth.build/Debug-iphonesimulator/AppAuth.build/Objects-normal/x86_64/OIDAuthState+Mac.dia -c /Users/nataliewhipps/Library/Developer/Xcode/DerivedData/Prompt28-cgmmkisguitsyibyvnemfqvywbnv/SourcePackages/checkouts/AppAuth-iOS/Sources/AppAuth/macOS/OIDAuthState+Mac.m -o /Users/nataliewhipps/Library/Developer/Xcode/DerivedData/Prompt28-cgmmkisguitsyibyvnemfqvywbnv/Build/Intermediates.noindex/AppAuth.build/Debug-iphonesimulator/AppAuth.build/Objects-normal/x86_64/OIDAuthState+Mac.o -index-unit-output-path /AppAuth.build/Debug-iphonesimulator/AppAuth.build/Objects-normal/x86_64/OIDAuthState+Mac.o

PrecompileModule /Users/nataliewhipps/Library/Developer/Xcode/DerivedData/Prompt28-cgmmkisguitsyibyvnemfqvywbnv/Build/Intermediates.noindex/ExplicitPrecompiledModules/FBLPromises-3X87LMNBEJX5O2RMSWE4KXFER.scan
    cd /
    builtin-precompileModule /Users/nataliewhipps/Library/Developer/Xcode/DerivedData/Prompt28-cgmmkisguitsyibyvnemfqvywbnv/Build/Intermediates.noindex/ExplicitPrecompiledModules/FBLPromises-3X87LMNBEJX5O2RMSWE4KXFER.scan

PrecompileModule /Users/nataliewhipps/Library/Developer/Xcode/DerivedData/Prompt28-cgmmkisguitsyibyvnemfqvywbnv/Build/Intermediates.noindex/ExplicitPrecompiledModules/OpenGLES-6LIHKHC1V9E3FNIRWR8MEEK2U.scan
    cd /
    builtin-precompileModule /Users/nataliewhipps/Library/Developer/Xcode/DerivedData/Prompt28-cgmmkisguitsyibyvnemfqvywbnv/Build/Intermediates.noindex/ExplicitPrecompiledModules/OpenGLES-6LIHKHC1V9E3FNIRWR8MEEK2U.scan

PrecompileModule /Users/nataliewhipps/Library/Developer/Xcode/DerivedData/Prompt28-cgmmkisguitsyibyvnemfqvywbnv/Build/Intermediates.noindex/ExplicitPrecompiledModules/GoogleUtilities_Environment-PFZWX7TE2E80WGCLN5ZTZ3RB.scan
    cd /
    builtin-precompileModule /Users/nataliewhipps/Library/Developer/Xcode/DerivedData/Prompt28-cgmmkisguitsyibyvnemfqvywbnv/Build/Intermediates.noindex/ExplicitPrecompiledModules/GoogleUtilities_Environment-PFZWX7TE2E80WGCLN5ZTZ3RB.scan

PrecompileModule /Users/nataliewhipps/Library/Developer/Xcode/DerivedData/Prompt28-cgmmkisguitsyibyvnemfqvywbnv/Build/Intermediates.noindex/ExplicitPrecompiledModules/FileProvider-EW7NFDQMKEQ4RQO0XHOK8BOEE.scan
    cd /
    builtin-precompileModule /Users/nataliewhipps/Library/Developer/Xcode/DerivedData/Prompt28-cgmmkisguitsyibyvnemfqvywbnv/Build/Intermediates.noindex/ExplicitPrecompiledModules/FileProvider-EW7NFDQMKEQ4RQO0XHOK8BOEE.scan

PrecompileModule /Users/nataliewhipps/Library/Developer/Xcode/DerivedData/Prompt28-cgmmkisguitsyibyvnemfqvywbnv/Build/Intermediates.noindex/ExplicitPrecompiledModules/GoogleUtilities_Environment-6RNFCSTYKWACFEPDHD3GMLCRW.scan
    cd /
    builtin-precompileModule /Users/nataliewhipps/Library/Developer/Xcode/DerivedData/Prompt28-cgmmkisguitsyibyvnemfqvywbnv/Build/Intermediates.noindex/ExplicitPrecompiledModules/GoogleUtilities_Environment-6RNFCSTYKWACFEPDHD3GMLCRW.scan

PrecompileModule /Users/nataliewhipps/Library/Developer/Xcode/DerivedData/Prompt28-cgmmkisguitsyibyvnemfqvywbnv/Build/Intermediates.noindex/ExplicitPrecompiledModules/Symbols-AWKJ6AD9WGESBRDDOBO29LRDW.scan
    cd /
    builtin-precompileModule /Users/nataliewhipps/Library/Developer/Xcode/DerivedData/Prompt28-cgmmkisguitsyibyvnemfqvywbnv/Build/Intermediates.noindex/ExplicitPrecompiledModules/Symbols-AWKJ6AD9WGESBRDDOBO29LRDW.scan

PrecompileModule /Users/nataliewhipps/Library/Developer/Xcode/DerivedData/Prompt28-cgmmkisguitsyibyvnemfqvywbnv/Build/Intermediates.noindex/ExplicitPrecompiledModules/IOSurface-3O6L4GGCS92SFSYSYYHTXRJKH.scan
    cd /
    builtin-precompileModule /Users/nataliewhipps/Library/Developer/Xcode/DerivedData/Prompt28-cgmmkisguitsyibyvnemfqvywbnv/Build/Intermediates.noindex/ExplicitPrecompiledModules/IOSurface-3O6L4GGCS92SFSYSYYHTXRJKH.scan

CompileC /Users/nataliewhipps/Library/Developer/Xcode/DerivedData/Prompt28-cgmmkisguitsyibyvnemfqvywbnv/Build/Intermediates.noindex/AppCheck.build/Debug-iphonesimulator/AppCheckCore.build/Objects-normal/x86_64/NSURLSession+GACPromises.o /Users/nataliewhipps/Library/Developer/Xcode/DerivedData/Prompt28-cgmmkisguitsyibyvnemfqvywbnv/SourcePackages/checkouts/app-check/AppCheckCore/Sources/Core/APIService/NSURLSession+GACPromises.m normal x86_64 objective-c com.apple.compilers.llvm.clang.1_0.compiler (in target 'AppCheckCore' from project 'AppCheck')
    cd /Users/nataliewhipps/Desktop/Prompt28/Prompt28.xcodeproj
    
    Using response file: /Users/nataliewhipps/Library/Developer/Xcode/DerivedData/Prompt28-cgmmkisguitsyibyvnemfqvywbnv/Build/Intermediates.noindex/AppCheck.build/Debug-iphonesimulator/AppCheckCore.build/Objects-normal/x86_64/e6072d4f65d7061329687fe24e3d63a7-common-args.resp
    
    /Applications/Xcode.app/Contents/Developer/Toolchains/XcodeDefault.xctoolchain/usr/bin/clang -x objective-c -ivfsstatcache /Users/nataliewhipps/Library/Developer/Xcode/DerivedData/SDKStatCaches.noindex/iphonesimulator26.2-23C57-7d00a8b37fbd7999ea79df8ebc024bf0.sdkstatcache -fmessage-length\=0 -fdiagnostics-show-note-include-stack -fmacro-backtrace-limit\=0 -fno-color-diagnostics -fmodules-prune-interval\=86400 -fmodules-prune-after\=345600 -fbuild-session-file\=/Users/nataliewhipps/Library/Developer/Xcode/DerivedData/ModuleCache.noindex/Session.modulevalidation -fmodules-validate-once-per-build-session -Wnon-modular-include-in-framework-module -Werror\=non-modular-include-in-framework-module -Wno-trigraphs -Wno-missing-field-initializers -Wno-missing-prototypes -Wno-return-type -Wno-implicit-atomic-properties -Wno-objc-interface-ivars -Wno-arc-repeated-use-of-weak -Wno-missing-braces -Wparentheses -Wswitch -Wno-unused-function -Wno-unused-label -Wno-unused-parameter -Wno-unused-variable -Wunused-value -Wno-empty-body -Wno-uninitialized -Wno-unknown-pragmas -w -Wno-shadow -Wno-four-char-constants -Wno-conversion -Wno-constant-conversion -Wno-int-conversion -Wno-bool-conversion -Wno-enum-conversion -Wno-float-conversion -Wno-non-literal-null-conversion -Wno-objc-literal-conversion -Wshorten-64-to-32 -Wpointer-sign -Wno-newline-eof -Wno-selector -Wno-strict-selector-match -Wno-undeclared-selector -Wno-deprecated-implementations -Wno-implicit-fallthrough -fstrict-aliasing -Wprotocol -Wdeprecated-declarations -Wno-sign-conversion -Wno-infinite-recursion -Wno-comma -Wno-block-capture-autoreleasing -Wno-strict-prototypes -Wno-semicolon-before-method-body -index-store-path /Users/nataliewhipps/Library/Developer/Xcode/DerivedData/Prompt28-cgmmkisguitsyibyvnemfqvywbnv/Index.noindex/DataStore @/Users/nataliewhipps/Library/Developer/Xcode/DerivedData/Prompt28-cgmmkisguitsyibyvnemfqvywbnv/Build/Intermediates.noindex/AppCheck.build/Debug-iphonesimulator/AppCheckCore.build/Objects-normal/x86_64/e6072d4f65d7061329687fe24e3d63a7-common-args.resp -MMD -MT dependencies -MF /Users/nataliewhipps/Library/Developer/Xcode/DerivedData/Prompt28-cgmmkisguitsyibyvnemfqvywbnv/Build/Intermediates.noindex/AppCheck.build/Debug-iphonesimulator/AppCheckCore.build/Objects-normal/x86_64/NSURLSession+GACPromises.d --serialize-diagnostics /Users/nataliewhipps/Library/Developer/Xcode/DerivedData/Prompt28-cgmmkisguitsyibyvnemfqvywbnv/Build/Intermediates.noindex/AppCheck.build/Debug-iphonesimulator/AppCheckCore.build/Objects-normal/x86_64/NSURLSession+GACPromises.dia -c /Users/nataliewhipps/Library/Developer/Xcode/DerivedData/Prompt28-cgmmkisguitsyibyvnemfqvywbnv/SourcePackages/checkouts/app-check/AppCheckCore/Sources/Core/APIService/NSURLSession+GACPromises.m -o /Users/nataliewhipps/Library/Developer/Xcode/DerivedData/Prompt28-cgmmkisguitsyibyvnemfqvywbnv/Build/Intermediates.noindex/AppCheck.build/Debug-iphonesimulator/AppCheckCore.build/Objects-normal/x86_64/NSURLSession+GACPromises.o -index-unit-output-path /AppCheck.build/Debug-iphonesimulator/AppCheckCore.build/Objects-normal/x86_64/NSURLSession+GACPromises.o

CompileC /Users/nataliewhipps/Library/Developer/Xcode/DerivedData/Prompt28-cgmmkisguitsyibyvnemfqvywbnv/Build/Intermediates.noindex/GoogleUtilities.build/Debug-iphonesimulator/GoogleUtilities-Logger.build/Objects-normal/x86_64/GULLogger.o /Users/nataliewhipps/Library/Developer/Xcode/DerivedData/Prompt28-cgmmkisguitsyibyvnemfqvywbnv/SourcePackages/checkouts/GoogleUtilities/GoogleUtilities/Logger/GULLogger.m normal x86_64 objective-c com.apple.compilers.llvm.clang.1_0.compiler (in target 'GoogleUtilities-Logger' from project 'GoogleUtilities')
    cd /Users/nataliewhipps/Desktop/Prompt28/Prompt28.xcodeproj
    
    Using response file: /Users/nataliewhipps/Library/Developer/Xcode/DerivedData/Prompt28-cgmmkisguitsyibyvnemfqvywbnv/Build/Intermediates.noindex/GoogleUtilities.build/Debug-iphonesimulator/GoogleUtilities-Logger.build/Objects-normal/x86_64/e6072d4f65d7061329687fe24e3d63a7-common-args.resp
    
    /Applications/Xcode.app/Contents/Developer/Toolchains/XcodeDefault.xctoolchain/usr/bin/clang -x objective-c -ivfsstatcache /Users/nataliewhipps/Library/Developer/Xcode/DerivedData/SDKStatCaches.noindex/iphonesimulator26.2-23C57-7d00a8b37fbd7999ea79df8ebc024bf0.sdkstatcache -fmessage-length\=0 -fdiagnostics-show-note-include-stack -fmacro-backtrace-limit\=0 -fno-color-diagnostics -fmodules-prune-interval\=86400 -fmodules-prune-after\=345600 -fbuild-session-file\=/Users/nataliewhipps/Library/Developer/Xcode/DerivedData/ModuleCache.noindex/Session.modulevalidation -fmodules-validate-once-per-build-session -Wnon-modular-include-in-framework-module -Werror\=non-modular-include-in-framework-module -Wno-trigraphs -Wno-missing-field-initializers -Wno-missing-prototypes -Wno-return-type -Wno-implicit-atomic-properties -Wno-objc-interface-ivars -Wno-arc-repeated-use-of-weak -Wno-missing-braces -Wparentheses -Wswitch -Wno-unused-function -Wno-unused-label -Wno-unused-parameter -Wno-unused-variable -Wunused-value -Wno-empty-body -Wno-uninitialized -Wno-unknown-pragmas -w -Wno-shadow -Wno-four-char-constants -Wno-conversion -Wno-constant-conversion -Wno-int-conversion -Wno-bool-conversion -Wno-enum-conversion -Wno-float-conversion -Wno-non-literal-null-conversion -Wno-objc-literal-conversion -Wshorten-64-to-32 -Wpointer-sign -Wno-newline-eof -Wno-selector -Wno-strict-selector-match -Wno-undeclared-selector -Wno-deprecated-implementations -Wno-implicit-fallthrough -fstrict-aliasing -Wprotocol -Wdeprecated-declarations -Wno-sign-conversion -Wno-infinite-recursion -Wno-comma -Wno-block-capture-autoreleasing -Wno-strict-prototypes -Wno-semicolon-before-method-body -index-store-path /Users/nataliewhipps/Library/Developer/Xcode/DerivedData/Prompt28-cgmmkisguitsyibyvnemfqvywbnv/Index.noindex/DataStore @/Users/nataliewhipps/Library/Developer/Xcode/DerivedData/Prompt28-cgmmkisguitsyibyvnemfqvywbnv/Build/Intermediates.noindex/GoogleUtilities.build/Debug-iphonesimulator/GoogleUtilities-Logger.build/Objects-normal/x86_64/e6072d4f65d7061329687fe24e3d63a7-common-args.resp -include /Users/nataliewhipps/Library/Developer/Xcode/DerivedData/Prompt28-cgmmkisguitsyibyvnemfqvywbnv/Build/Intermediates.noindex/GoogleUtilities.build/Debug-iphonesimulator/GoogleUtilities-Logger.build/DerivedSources/resource_bundle_accessor.h -MMD -MT dependencies -MF /Users/nataliewhipps/Library/Developer/Xcode/DerivedData/Prompt28-cgmmkisguitsyibyvnemfqvywbnv/Build/Intermediates.noindex/GoogleUtilities.build/Debug-iphonesimulator/GoogleUtilities-Logger.build/Objects-normal/x86_64/GULLogger.d --serialize-diagnostics /Users/nataliewhipps/Library/Developer/Xcode/DerivedData/Prompt28-cgmmkisguitsyibyvnemfqvywbnv/Build/Intermediates.noindex/GoogleUtilities.build/Debug-iphonesimulator/GoogleUtilities-Logger.build/Objects-normal/x86_64/GULLogger.dia -c /Users/nataliewhipps/Library/Developer/Xcode/DerivedData/Prompt28-cgmmkisguitsyibyvnemfqvywbnv/SourcePackages/checkouts/GoogleUtilities/GoogleUtilities/Logger/GULLogger.m -o /Users/nataliewhipps/Library/Developer/Xcode/DerivedData/Prompt28-cgmmkisguitsyibyvnemfqvywbnv/Build/Intermediates.noindex/GoogleUtilities.build/Debug-iphonesimulator/GoogleUtilities-Logger.build/Objects-normal/x86_64/GULLogger.o -index-unit-output-path /GoogleUtilities.build/Debug-iphonesimulator/GoogleUtilities-Logger.build/Objects-normal/x86_64/GULLogger.o

CompileC /Users/nataliewhipps/Library/Developer/Xcode/DerivedData/Prompt28-cgmmkisguitsyibyvnemfqvywbnv/Build/Intermediates.noindex/AppCheck.build/Debug-iphonesimulator/AppCheckCore.build/Objects-normal/x86_64/GACDeviceCheckAPIService.o /Users/nataliewhipps/Library/Developer/Xcode/DerivedData/Prompt28-cgmmkisguitsyibyvnemfqvywbnv/SourcePackages/checkouts/app-check/AppCheckCore/Sources/DeviceCheckProvider/API/GACDeviceCheckAPIService.m normal x86_64 objective-c com.apple.compilers.llvm.clang.1_0.compiler (in target 'AppCheckCore' from project 'AppCheck')
    cd /Users/nataliewhipps/Desktop/Prompt28/Prompt28.xcodeproj
    
    Using response file: /Users/nataliewhipps/Library/Developer/Xcode/DerivedData/Prompt28-cgmmkisguitsyibyvnemfqvywbnv/Build/Intermediates.noindex/AppCheck.build/Debug-iphonesimulator/AppCheckCore.build/Objects-normal/x86_64/e6072d4f65d7061329687fe24e3d63a7-common-args.resp
    
    /Applications/Xcode.app/Contents/Developer/Toolchains/XcodeDefault.xctoolchain/usr/bin/clang -x objective-c -ivfsstatcache /Users/nataliewhipps/Library/Developer/Xcode/DerivedData/SDKStatCaches.noindex/iphonesimulator26.2-23C57-7d00a8b37fbd7999ea79df8ebc024bf0.sdkstatcache -fmessage-length\=0 -fdiagnostics-show-note-include-stack -fmacro-backtrace-limit\=0 -fno-color-diagnostics -fmodules-prune-interval\=86400 -fmodules-prune-after\=345600 -fbuild-session-file\=/Users/nataliewhipps/Library/Developer/Xcode/DerivedData/ModuleCache.noindex/Session.modulevalidation -fmodules-validate-once-per-build-session -Wnon-modular-include-in-framework-module -Werror\=non-modular-include-in-framework-module -Wno-trigraphs -Wno-missing-field-initializers -Wno-missing-prototypes -Wno-return-type -Wno-implicit-atomic-properties -Wno-objc-interface-ivars -Wno-arc-repeated-use-of-weak -Wno-missing-braces -Wparentheses -Wswitch -Wno-unused-function -Wno-unused-label -Wno-unused-parameter -Wno-unused-variable -Wunused-value -Wno-empty-body -Wno-uninitialized -Wno-unknown-pragmas -w -Wno-shadow -Wno-four-char-constants -Wno-conversion -Wno-constant-conversion -Wno-int-conversion -Wno-bool-conversion -Wno-enum-conversion -Wno-float-conversion -Wno-non-literal-null-conversion -Wno-objc-literal-conversion -Wshorten-64-to-32 -Wpointer-sign -Wno-newline-eof -Wno-selector -Wno-strict-selector-match -Wno-undeclared-selector -Wno-deprecated-implementations -Wno-implicit-fallthrough -fstrict-aliasing -Wprotocol -Wdeprecated-declarations -Wno-sign-conversion -Wno-infinite-recursion -Wno-comma -Wno-block-capture-autoreleasing -Wno-strict-prototypes -Wno-semicolon-before-method-body -index-store-path /Users/nataliewhipps/Library/Developer/Xcode/DerivedData/Prompt28-cgmmkisguitsyibyvnemfqvywbnv/Index.noindex/DataStore @/Users/nataliewhipps/Library/Developer/Xcode/DerivedData/Prompt28-cgmmkisguitsyibyvnemfqvywbnv/Build/Intermediates.noindex/AppCheck.build/Debug-iphonesimulator/AppCheckCore.build/Objects-normal/x86_64/e6072d4f65d7061329687fe24e3d63a7-common-args.resp -MMD -MT dependencies -MF /Users/nataliewhipps/Library/Developer/Xcode/DerivedData/Prompt28-cgmmkisguitsyibyvnemfqvywbnv/Build/Intermediates.noindex/AppCheck.build/Debug-iphonesimulator/AppCheckCore.build/Objects-normal/x86_64/GACDeviceCheckAPIService.d --serialize-diagnostics /Users/nataliewhipps/Library/Developer/Xcode/DerivedData/Prompt28-cgmmkisguitsyibyvnemfqvywbnv/Build/Intermediates.noindex/AppCheck.build/Debug-iphonesimulator/AppCheckCore.build/Objects-normal/x86_64/GACDeviceCheckAPIService.dia -c /Users/nataliewhipps/Library/Developer/Xcode/DerivedData/Prompt28-cgmmkisguitsyibyvnemfqvywbnv/SourcePackages/checkouts/app-check/AppCheckCore/Sources/DeviceCheckProvider/API/GACDeviceCheckAPIService.m -o /Users/nataliewhipps/Library/Developer/Xcode/DerivedData/Prompt28-cgmmkisguitsyibyvnemfqvywbnv/Build/Intermediates.noindex/AppCheck.build/Debug-iphonesimulator/AppCheckCore.build/Objects-normal/x86_64/GACDeviceCheckAPIService.o -index-unit-output-path /AppCheck.build/Debug-iphonesimulator/AppCheckCore.build/Objects-normal/x86_64/GACDeviceCheckAPIService.o

CompileC /Users/nataliewhipps/Library/Developer/Xcode/DerivedData/Prompt28-cgmmkisguitsyibyvnemfqvywbnv/Build/Intermediates.noindex/AppCheck.build/Debug-iphonesimulator/AppCheckCore.build/Objects-normal/x86_64/GACAppCheckToken+APIResponse.o /Users/nataliewhipps/Library/Developer/Xcode/DerivedData/Prompt28-cgmmkisguitsyibyvnemfqvywbnv/SourcePackages/checkouts/app-check/AppCheckCore/Sources/Core/APIService/GACAppCheckToken+APIResponse.m normal x86_64 objective-c com.apple.compilers.llvm.clang.1_0.compiler (in target 'AppCheckCore' from project 'AppCheck')
    cd /Users/nataliewhipps/Desktop/Prompt28/Prompt28.xcodeproj
    
    Using response file: /Users/nataliewhipps/Library/Developer/Xcode/DerivedData/Prompt28-cgmmkisguitsyibyvnemfqvywbnv/Build/Intermediates.noindex/AppCheck.build/Debug-iphonesimulator/AppCheckCore.build/Objects-normal/x86_64/e6072d4f65d7061329687fe24e3d63a7-common-args.resp
    
    /Applications/Xcode.app/Contents/Developer/Toolchains/XcodeDefault.xctoolchain/usr/bin/clang -x objective-c -ivfsstatcache /Users/nataliewhipps/Library/Developer/Xcode/DerivedData/SDKStatCaches.noindex/iphonesimulator26.2-23C57-7d00a8b37fbd7999ea79df8ebc024bf0.sdkstatcache -fmessage-length\=0 -fdiagnostics-show-note-include-stack -fmacro-backtrace-limit\=0 -fno-color-diagnostics -fmodules-prune-interval\=86400 -fmodules-prune-after\=345600 -fbuild-session-file\=/Users/nataliewhipps/Library/Developer/Xcode/DerivedData/ModuleCache.noindex/Session.modulevalidation -fmodules-validate-once-per-build-session -Wnon-modular-include-in-framework-module -Werror\=non-modular-include-in-framework-module -Wno-trigraphs -Wno-missing-field-initializers -Wno-missing-prototypes -Wno-return-type -Wno-implicit-atomic-properties -Wno-objc-interface-ivars -Wno-arc-repeated-use-of-weak -Wno-missing-braces -Wparentheses -Wswitch -Wno-unused-function -Wno-unused-label -Wno-unused-parameter -Wno-unused-variable -Wunused-value -Wno-empty-body -Wno-uninitialized -Wno-unknown-pragmas -w -Wno-shadow -Wno-four-char-constants -Wno-conversion -Wno-constant-conversion -Wno-int-conversion -Wno-bool-conversion -Wno-enum-conversion -Wno-float-conversion -Wno-non-literal-null-conversion -Wno-objc-literal-conversion -Wshorten-64-to-32 -Wpointer-sign -Wno-newline-eof -Wno-selector -Wno-strict-selector-match -Wno-undeclared-selector -Wno-deprecated-implementations -Wno-implicit-fallthrough -fstrict-aliasing -Wprotocol -Wdeprecated-declarations -Wno-sign-conversion -Wno-infinite-recursion -Wno-comma -Wno-block-capture-autoreleasing -Wno-strict-prototypes -Wno-semicolon-before-method-body -index-store-path /Users/nataliewhipps/Library/Developer/Xcode/DerivedData/Prompt28-cgmmkisguitsyibyvnemfqvywbnv/Index.noindex/DataStore @/Users/nataliewhipps/Library/Developer/Xcode/DerivedData/Prompt28-cgmmkisguitsyibyvnemfqvywbnv/Build/Intermediates.noindex/AppCheck.build/Debug-iphonesimulator/AppCheckCore.build/Objects-normal/x86_64/e6072d4f65d7061329687fe24e3d63a7-common-args.resp -MMD -MT dependencies -MF /Users/nataliewhipps/Library/Developer/Xcode/DerivedData/Prompt28-cgmmkisguitsyibyvnemfqvywbnv/Build/Intermediates.noindex/AppCheck.build/Debug-iphonesimulator/AppCheckCore.build/Objects-normal/x86_64/GACAppCheckToken+APIResponse.d --serialize-diagnostics /Users/nataliewhipps/Library/Developer/Xcode/DerivedData/Prompt28-cgmmkisguitsyibyvnemfqvywbnv/Build/Intermediates.noindex/AppCheck.build/Debug-iphonesimulator/AppCheckCore.build/Objects-normal/x86_64/GACAppCheckToken+APIResponse.dia -c /Users/nataliewhipps/Library/Developer/Xcode/DerivedData/Prompt28-cgmmkisguitsyibyvnemfqvywbnv/SourcePackages/checkouts/app-check/AppCheckCore/Sources/Core/APIService/GACAppCheckToken+APIResponse.m -o /Users/nataliewhipps/Library/Developer/Xcode/DerivedData/Prompt28-cgmmkisguitsyibyvnemfqvywbnv/Build/Intermediates.noindex/AppCheck.build/Debug-iphonesimulator/AppCheckCore.build/Objects-normal/x86_64/GACAppCheckToken+APIResponse.o -index-unit-output-path /AppCheck.build/Debug-iphonesimulator/AppCheckCore.build/Objects-normal/x86_64/GACAppCheckToken+APIResponse.o

CompileC /Users/nataliewhipps/Library/Developer/Xcode/DerivedData/Prompt28-cgmmkisguitsyibyvnemfqvywbnv/Build/Intermediates.noindex/AppCheck.build/Debug-iphonesimulator/AppCheckCore.build/Objects-normal/x86_64/GACAppCheckStorage.o /Users/nataliewhipps/Library/Developer/Xcode/DerivedData/Prompt28-cgmmkisguitsyibyvnemfqvywbnv/SourcePackages/checkouts/app-check/AppCheckCore/Sources/Core/Storage/GACAppCheckStorage.m normal x86_64 objective-c com.apple.compilers.llvm.clang.1_0.compiler (in target 'AppCheckCore' from project 'AppCheck')
    cd /Users/nataliewhipps/Desktop/Prompt28/Prompt28.xcodeproj
    
    Using response file: /Users/nataliewhipps/Library/Developer/Xcode/DerivedData/Prompt28-cgmmkisguitsyibyvnemfqvywbnv/Build/Intermediates.noindex/AppCheck.build/Debug-iphonesimulator/AppCheckCore.build/Objects-normal/x86_64/e6072d4f65d7061329687fe24e3d63a7-common-args.resp
    
    /Applications/Xcode.app/Contents/Developer/Toolchains/XcodeDefault.xctoolchain/usr/bin/clang -x objective-c -ivfsstatcache /Users/nataliewhipps/Library/Developer/Xcode/DerivedData/SDKStatCaches.noindex/iphonesimulator26.2-23C57-7d00a8b37fbd7999ea79df8ebc024bf0.sdkstatcache -fmessage-length\=0 -fdiagnostics-show-note-include-stack -fmacro-backtrace-limit\=0 -fno-color-diagnostics -fmodules-prune-interval\=86400 -fmodules-prune-after\=345600 -fbuild-session-file\=/Users/nataliewhipps/Library/Developer/Xcode/DerivedData/ModuleCache.noindex/Session.modulevalidation -fmodules-validate-once-per-build-session -Wnon-modular-include-in-framework-module -Werror\=non-modular-include-in-framework-module -Wno-trigraphs -Wno-missing-field-initializers -Wno-missing-prototypes -Wno-return-type -Wno-implicit-atomic-properties -Wno-objc-interface-ivars -Wno-arc-repeated-use-of-weak -Wno-missing-braces -Wparentheses -Wswitch -Wno-unused-function -Wno-unused-label -Wno-unused-parameter -Wno-unused-variable -Wunused-value -Wno-empty-body -Wno-uninitialized -Wno-unknown-pragmas -w -Wno-shadow -Wno-four-char-constants -Wno-conversion -Wno-constant-conversion -Wno-int-conversion -Wno-bool-conversion -Wno-enum-conversion -Wno-float-conversion -Wno-non-literal-null-conversion -Wno-objc-literal-conversion -Wshorten-64-to-32 -Wpointer-sign -Wno-newline-eof -Wno-selector -Wno-strict-selector-match -Wno-undeclared-selector -Wno-deprecated-implementations -Wno-implicit-fallthrough -fstrict-aliasing -Wprotocol -Wdeprecated-declarations -Wno-sign-conversion -Wno-infinite-recursion -Wno-comma -Wno-block-capture-autoreleasing -Wno-strict-prototypes -Wno-semicolon-before-method-body -index-store-path /Users/nataliewhipps/Library/Developer/Xcode/DerivedData/Prompt28-cgmmkisguitsyibyvnemfqvywbnv/Index.noindex/DataStore @/Users/nataliewhipps/Library/Developer/Xcode/DerivedData/Prompt28-cgmmkisguitsyibyvnemfqvywbnv/Build/Intermediates.noindex/AppCheck.build/Debug-iphonesimulator/AppCheckCore.build/Objects-normal/x86_64/e6072d4f65d7061329687fe24e3d63a7-common-args.resp -MMD -MT dependencies -MF /Users/nataliewhipps/Library/Developer/Xcode/DerivedData/Prompt28-cgmmkisguitsyibyvnemfqvywbnv/Build/Intermediates.noindex/AppCheck.build/Debug-iphonesimulator/AppCheckCore.build/Objects-normal/x86_64/GACAppCheckStorage.d --serialize-diagnostics /Users/nataliewhipps/Library/Developer/Xcode/DerivedData/Prompt28-cgmmkisguitsyibyvnemfqvywbnv/Build/Intermediates.noindex/AppCheck.build/Debug-iphonesimulator/AppCheckCore.build/Objects-normal/x86_64/GACAppCheckStorage.dia -c /Users/nataliewhipps/Library/Developer/Xcode/DerivedData/Prompt28-cgmmkisguitsyibyvnemfqvywbnv/SourcePackages/checkouts/app-check/AppCheckCore/Sources/Core/Storage/GACAppCheckStorage.m -o /Users/nataliewhipps/Library/Developer/Xcode/DerivedData/Prompt28-cgmmkisguitsyibyvnemfqvywbnv/Build/Intermediates.noindex/AppCheck.build/Debug-iphonesimulator/AppCheckCore.build/Objects-normal/x86_64/GACAppCheckStorage.o -index-unit-output-path /AppCheck.build/Debug-iphonesimulator/AppCheckCore.build/Objects-normal/x86_64/GACAppCheckStorage.o

CompileC /Users/nataliewhipps/Library/Developer/Xcode/DerivedData/Prompt28-cgmmkisguitsyibyvnemfqvywbnv/Build/Intermediates.noindex/AppCheck.build/Debug-iphonesimulator/AppCheckCore.build/Objects-normal/x86_64/GACAppCheckDebugProviderAPIService.o /Users/nataliewhipps/Library/Developer/Xcode/DerivedData/Prompt28-cgmmkisguitsyibyvnemfqvywbnv/SourcePackages/checkouts/app-check/AppCheckCore/Sources/DebugProvider/API/GACAppCheckDebugProviderAPIService.m normal x86_64 objective-c com.apple.compilers.llvm.clang.1_0.compiler (in target 'AppCheckCore' from project 'AppCheck')
    cd /Users/nataliewhipps/Desktop/Prompt28/Prompt28.xcodeproj
    
    Using response file: /Users/nataliewhipps/Library/Developer/Xcode/DerivedData/Prompt28-cgmmkisguitsyibyvnemfqvywbnv/Build/Intermediates.noindex/AppCheck.build/Debug-iphonesimulator/AppCheckCore.build/Objects-normal/x86_64/e6072d4f65d7061329687fe24e3d63a7-common-args.resp
    
    /Applications/Xcode.app/Contents/Developer/Toolchains/XcodeDefault.xctoolchain/usr/bin/clang -x objective-c -ivfsstatcache /Users/nataliewhipps/Library/Developer/Xcode/DerivedData/SDKStatCaches.noindex/iphonesimulator26.2-23C57-7d00a8b37fbd7999ea79df8ebc024bf0.sdkstatcache -fmessage-length\=0 -fdiagnostics-show-note-include-stack -fmacro-backtrace-limit\=0 -fno-color-diagnostics -fmodules-prune-interval\=86400 -fmodules-prune-after\=345600 -fbuild-session-file\=/Users/nataliewhipps/Library/Developer/Xcode/DerivedData/ModuleCache.noindex/Session.modulevalidation -fmodules-validate-once-per-build-session -Wnon-modular-include-in-framework-module -Werror\=non-modular-include-in-framework-module -Wno-trigraphs -Wno-missing-field-initializers -Wno-missing-prototypes -Wno-return-type -Wno-implicit-atomic-properties -Wno-objc-interface-ivars -Wno-arc-repeated-use-of-weak -Wno-missing-braces -Wparentheses -Wswitch -Wno-unused-function -Wno-unused-label -Wno-unused-parameter -Wno-unused-variable -Wunused-value -Wno-empty-body -Wno-uninitialized -Wno-unknown-pragmas -w -Wno-shadow -Wno-four-char-constants -Wno-conversion -Wno-constant-conversion -Wno-int-conversion -Wno-bool-conversion -Wno-enum-conversion -Wno-float-conversion -Wno-non-literal-null-conversion -Wno-objc-literal-conversion -Wshorten-64-to-32 -Wpointer-sign -Wno-newline-eof -Wno-selector -Wno-strict-selector-match -Wno-undeclared-selector -Wno-deprecated-implementations -Wno-implicit-fallthrough -fstrict-aliasing -Wprotocol -Wdeprecated-declarations -Wno-sign-conversion -Wno-infinite-recursion -Wno-comma -Wno-block-capture-autoreleasing -Wno-strict-prototypes -Wno-semicolon-before-method-body -index-store-path /Users/nataliewhipps/Library/Developer/Xcode/DerivedData/Prompt28-cgmmkisguitsyibyvnemfqvywbnv/Index.noindex/DataStore @/Users/nataliewhipps/Library/Developer/Xcode/DerivedData/Prompt28-cgmmkisguitsyibyvnemfqvywbnv/Build/Intermediates.noindex/AppCheck.build/Debug-iphonesimulator/AppCheckCore.build/Objects-normal/x86_64/e6072d4f65d7061329687fe24e3d63a7-common-args.resp -MMD -MT dependencies -MF /Users/nataliewhipps/Library/Developer/Xcode/DerivedData/Prompt28-cgmmkisguitsyibyvnemfqvywbnv/Build/Intermediates.noindex/AppCheck.build/Debug-iphonesimulator/AppCheckCore.build/Objects-normal/x86_64/GACAppCheckDebugProviderAPIService.d --serialize-diagnostics /Users/nataliewhipps/Library/Developer/Xcode/DerivedData/Prompt28-cgmmkisguitsyibyvnemfqvywbnv/Build/Intermediates.noindex/AppCheck.build/Debug-iphonesimulator/AppCheckCore.build/Objects-normal/x86_64/GACAppCheckDebugProviderAPIService.dia -c /Users/nataliewhipps/Library/Developer/Xcode/DerivedData/Prompt28-cgmmkisguitsyibyvnemfqvywbnv/SourcePackages/checkouts/app-check/AppCheckCore/Sources/DebugProvider/API/GACAppCheckDebugProviderAPIService.m -o /Users/nataliewhipps/Library/Developer/Xcode/DerivedData/Prompt28-cgmmkisguitsyibyvnemfqvywbnv/Build/Intermediates.noindex/AppCheck.build/Debug-iphonesimulator/AppCheckCore.build/Objects-normal/x86_64/GACAppCheckDebugProviderAPIService.o -index-unit-output-path /AppCheck.build/Debug-iphonesimulator/AppCheckCore.build/Objects-normal/x86_64/GACAppCheckDebugProviderAPIService.o

SwiftExplicitDependencyGeneratePcm x86_64 /Users/nataliewhipps/Library/Developer/Xcode/DerivedData/ModuleCache.noindex/Dispatch-EXLIMC4EZYI65U5WJDESMC0A6.pcm

CompileC /Users/nataliewhipps/Library/Developer/Xcode/DerivedData/Prompt28-cgmmkisguitsyibyvnemfqvywbnv/Build/Intermediates.noindex/AppCheck.build/Debug-iphonesimulator/AppCheckCore.build/Objects-normal/x86_64/GACAppCheckBackoffWrapper.o /Users/nataliewhipps/Library/Developer/Xcode/DerivedData/Prompt28-cgmmkisguitsyibyvnemfqvywbnv/SourcePackages/checkouts/app-check/AppCheckCore/Sources/Core/Backoff/GACAppCheckBackoffWrapper.m normal x86_64 objective-c com.apple.compilers.llvm.clang.1_0.compiler (in target 'AppCheckCore' from project 'AppCheck')
    cd /Users/nataliewhipps/Desktop/Prompt28/Prompt28.xcodeproj
    
    Using response file: /Users/nataliewhipps/Library/Developer/Xcode/DerivedData/Prompt28-cgmmkisguitsyibyvnemfqvywbnv/Build/Intermediates.noindex/AppCheck.build/Debug-iphonesimulator/AppCheckCore.build/Objects-normal/x86_64/e6072d4f65d7061329687fe24e3d63a7-common-args.resp
    
    /Applications/Xcode.app/Contents/Developer/Toolchains/XcodeDefault.xctoolchain/usr/bin/clang -x objective-c -ivfsstatcache /Users/nataliewhipps/Library/Developer/Xcode/DerivedData/SDKStatCaches.noindex/iphonesimulator26.2-23C57-7d00a8b37fbd7999ea79df8ebc024bf0.sdkstatcache -fmessage-length\=0 -fdiagnostics-show-note-include-stack -fmacro-backtrace-limit\=0 -fno-color-diagnostics -fmodules-prune-interval\=86400 -fmodules-prune-after\=345600 -fbuild-session-file\=/Users/nataliewhipps/Library/Developer/Xcode/DerivedData/ModuleCache.noindex/Session.modulevalidation -fmodules-validate-once-per-build-session -Wnon-modular-include-in-framework-module -Werror\=non-modular-include-in-framework-module -Wno-trigraphs -Wno-missing-field-initializers -Wno-missing-prototypes -Wno-return-type -Wno-implicit-atomic-properties -Wno-objc-interface-ivars -Wno-arc-repeated-use-of-weak -Wno-missing-braces -Wparentheses -Wswitch -Wno-unused-function -Wno-unused-label -Wno-unused-parameter -Wno-unused-variable -Wunused-value -Wno-empty-body -Wno-uninitialized -Wno-unknown-pragmas -w -Wno-shadow -Wno-four-char-constants -Wno-conversion -Wno-constant-conversion -Wno-int-conversion -Wno-bool-conversion -Wno-enum-conversion -Wno-float-conversion -Wno-non-literal-null-conversion -Wno-objc-literal-conversion -Wshorten-64-to-32 -Wpointer-sign -Wno-newline-eof -Wno-selector -Wno-strict-selector-match -Wno-undeclared-selector -Wno-deprecated-implementations -Wno-implicit-fallthrough -fstrict-aliasing -Wprotocol -Wdeprecated-declarations -Wno-sign-conversion -Wno-infinite-recursion -Wno-comma -Wno-block-capture-autoreleasing -Wno-strict-prototypes -Wno-semicolon-before-method-body -index-store-path /Users/nataliewhipps/Library/Developer/Xcode/DerivedData/Prompt28-cgmmkisguitsyibyvnemfqvywbnv/Index.noindex/DataStore @/Users/nataliewhipps/Library/Developer/Xcode/DerivedData/Prompt28-cgmmkisguitsyibyvnemfqvywbnv/Build/Intermediates.noindex/AppCheck.build/Debug-iphonesimulator/AppCheckCore.build/Objects-normal/x86_64/e6072d4f65d7061329687fe24e3d63a7-common-args.resp -MMD -MT dependencies -MF /Users/nataliewhipps/Library/Developer/Xcode/DerivedData/Prompt28-cgmmkisguitsyibyvnemfqvywbnv/Build/Intermediates.noindex/AppCheck.build/Debug-iphonesimulator/AppCheckCore.build/Objects-normal/x86_64/GACAppCheckBackoffWrapper.d --serialize-diagnostics /Users/nataliewhipps/Library/Developer/Xcode/DerivedData/Prompt28-cgmmkisguitsyibyvnemfqvywbnv/Build/Intermediates.noindex/AppCheck.build/Debug-iphonesimulator/AppCheckCore.build/Objects-normal/x86_64/GACAppCheckBackoffWrapper.dia -c /Users/nataliewhipps/Library/Developer/Xcode/DerivedData/Prompt28-cgmmkisguitsyibyvnemfqvywbnv/SourcePackages/checkouts/app-check/AppCheckCore/Sources/Core/Backoff/GACAppCheckBackoffWrapper.m -o /Users/nataliewhipps/Library/Developer/Xcode/DerivedData/Prompt28-cgmmkisguitsyibyvnemfqvywbnv/Build/Intermediates.noindex/AppCheck.build/Debug-iphonesimulator/AppCheckCore.build/Objects-normal/x86_64/GACAppCheckBackoffWrapper.o -index-unit-output-path /AppCheck.build/Debug-iphonesimulator/AppCheckCore.build/Objects-normal/x86_64/GACAppCheckBackoffWrapper.o

CompileC /Users/nataliewhipps/Library/Developer/Xcode/DerivedData/Prompt28-cgmmkisguitsyibyvnemfqvywbnv/Build/Intermediates.noindex/AppCheck.build/Debug-iphonesimulator/AppCheckCore.build/Objects-normal/x86_64/GACAppCheckAPIService.o /Users/nataliewhipps/Library/Developer/Xcode/DerivedData/Prompt28-cgmmkisguitsyibyvnemfqvywbnv/SourcePackages/checkouts/app-check/AppCheckCore/Sources/Core/APIService/GACAppCheckAPIService.m normal x86_64 objective-c com.apple.compilers.llvm.clang.1_0.compiler (in target 'AppCheckCore' from project 'AppCheck')
    cd /Users/nataliewhipps/Desktop/Prompt28/Prompt28.xcodeproj
    
    Using response file: /Users/nataliewhipps/Library/Developer/Xcode/DerivedData/Prompt28-cgmmkisguitsyibyvnemfqvywbnv/Build/Intermediates.noindex/AppCheck.build/Debug-iphonesimulator/AppCheckCore.build/Objects-normal/x86_64/e6072d4f65d7061329687fe24e3d63a7-common-args.resp
    
    /Applications/Xcode.app/Contents/Developer/Toolchains/XcodeDefault.xctoolchain/usr/bin/clang -x objective-c -ivfsstatcache /Users/nataliewhipps/Library/Developer/Xcode/DerivedData/SDKStatCaches.noindex/iphonesimulator26.2-23C57-7d00a8b37fbd7999ea79df8ebc024bf0.sdkstatcache -fmessage-length\=0 -fdiagnostics-show-note-include-stack -fmacro-backtrace-limit\=0 -fno-color-diagnostics -fmodules-prune-interval\=86400 -fmodules-prune-after\=345600 -fbuild-session-file\=/Users/nataliewhipps/Library/Developer/Xcode/DerivedData/ModuleCache.noindex/Session.modulevalidation -fmodules-validate-once-per-build-session -Wnon-modular-include-in-framework-module -Werror\=non-modular-include-in-framework-module -Wno-trigraphs -Wno-missing-field-initializers -Wno-missing-prototypes -Wno-return-type -Wno-implicit-atomic-properties -Wno-objc-interface-ivars -Wno-arc-repeated-use-of-weak -Wno-missing-braces -Wparentheses -Wswitch -Wno-unused-function -Wno-unused-label -Wno-unused-parameter -Wno-unused-variable -Wunused-value -Wno-empty-body -Wno-uninitialized -Wno-unknown-pragmas -w -Wno-shadow -Wno-four-char-constants -Wno-conversion -Wno-constant-conversion -Wno-int-conversion -Wno-bool-conversion -Wno-enum-conversion -Wno-float-conversion -Wno-non-literal-null-conversion -Wno-objc-literal-conversion -Wshorten-64-to-32 -Wpointer-sign -Wno-newline-eof -Wno-selector -Wno-strict-selector-match -Wno-undeclared-selector -Wno-deprecated-implementations -Wno-implicit-fallthrough -fstrict-aliasing -Wprotocol -Wdeprecated-declarations -Wno-sign-conversion -Wno-infinite-recursion -Wno-comma -Wno-block-capture-autoreleasing -Wno-strict-prototypes -Wno-semicolon-before-method-body -index-store-path /Users/nataliewhipps/Library/Developer/Xcode/DerivedData/Prompt28-cgmmkisguitsyibyvnemfqvywbnv/Index.noindex/DataStore @/Users/nataliewhipps/Library/Developer/Xcode/DerivedData/Prompt28-cgmmkisguitsyibyvnemfqvywbnv/Build/Intermediates.noindex/AppCheck.build/Debug-iphonesimulator/AppCheckCore.build/Objects-normal/x86_64/e6072d4f65d7061329687fe24e3d63a7-common-args.resp -MMD -MT dependencies -MF /Users/nataliewhipps/Library/Developer/Xcode/DerivedData/Prompt28-cgmmkisguitsyibyvnemfqvywbnv/Build/Intermediates.noindex/AppCheck.build/Debug-iphonesimulator/AppCheckCore.build/Objects-normal/x86_64/GACAppCheckAPIService.d --serialize-diagnostics /Users/nataliewhipps/Library/Developer/Xcode/DerivedData/Prompt28-cgmmkisguitsyibyvnemfqvywbnv/Build/Intermediates.noindex/AppCheck.build/Debug-iphonesimulator/AppCheckCore.build/Objects-normal/x86_64/GACAppCheckAPIService.dia -c /Users/nataliewhipps/Library/Developer/Xcode/DerivedData/Prompt28-cgmmkisguitsyibyvnemfqvywbnv/SourcePackages/checkouts/app-check/AppCheckCore/Sources/Core/APIService/GACAppCheckAPIService.m -o /Users/nataliewhipps/Library/Developer/Xcode/DerivedData/Prompt28-cgmmkisguitsyibyvnemfqvywbnv/Build/Intermediates.noindex/AppCheck.build/Debug-iphonesimulator/AppCheckCore.build/Objects-normal/x86_64/GACAppCheckAPIService.o -index-unit-output-path /AppCheck.build/Debug-iphonesimulator/AppCheckCore.build/Objects-normal/x86_64/GACAppCheckAPIService.o

Ld /Users/nataliewhipps/Library/Developer/Xcode/DerivedData/Prompt28-cgmmkisguitsyibyvnemfqvywbnv/Build/Products/Debug-iphonesimulator/AppAuthCore.o normal (in target 'AppAuthCore' from project 'AppAuth')
    cd /Users/nataliewhipps/Library/Developer/Xcode/DerivedData/Prompt28-cgmmkisguitsyibyvnemfqvywbnv/SourcePackages/checkouts/AppAuth-iOS
    /Applications/Xcode.app/Contents/Developer/Toolchains/XcodeDefault.xctoolchain/usr/bin/clang -Xlinker -reproducible -target x86_64-apple-ios12.0-simulator -r -isysroot /Applications/Xcode.app/Contents/Developer/Platforms/iPhoneSimulator.platform/Developer/SDKs/iPhoneSimulator26.2.sdk -O0 -w -L/Users/nataliewhipps/Library/Developer/Xcode/DerivedData/Prompt28-cgmmkisguitsyibyvnemfqvywbnv/Build/Intermediates.noindex/EagerLinkingTBDs/Debug-iphonesimulator -L/Users/nataliewhipps/Library/Developer/Xcode/DerivedData/Prompt28-cgmmkisguitsyibyvnemfqvywbnv/Build/Products/Debug-iphonesimulator -L/Applications/Xcode.app/Contents/Developer/Platforms/iPhoneSimulator.platform/Developer/usr/lib -F/Users/nataliewhipps/Library/Developer/Xcode/DerivedData/Prompt28-cgmmkisguitsyibyvnemfqvywbnv/Build/Intermediates.noindex/EagerLinkingTBDs/Debug-iphonesimulator -F/Users/nataliewhipps/Library/Developer/Xcode/DerivedData/Prompt28-cgmmkisguitsyibyvnemfqvywbnv/Build/Products/Debug-iphonesimulator -iframework /Applications/Xcode.app/Contents/Developer/Platforms/iPhoneSimulator.platform/Developer/Library/Frameworks -iframework /Applications/Xcode.app/Contents/Developer/Platforms/iPhoneSimulator.platform/Developer/SDKs/iPhoneSimulator26.2.sdk/Developer/Library/Frameworks -filelist /Users/nataliewhipps/Library/Developer/Xcode/DerivedData/Prompt28-cgmmkisguitsyibyvnemfqvywbnv/Build/Intermediates.noindex/AppAuth.build/Debug-iphonesimulator/AppAuthCore.build/Objects-normal/x86_64/AppAuthCore.LinkFileList -nostdlib -Xlinker -object_path_lto -Xlinker /Users/nataliewhipps/Library/Developer/Xcode/DerivedData/Prompt28-cgmmkisguitsyibyvnemfqvywbnv/Build/Intermediates.noindex/AppAuth.build/Debug-iphonesimulator/AppAuthCore.build/Objects-normal/x86_64/AppAuthCore_lto.o -rdynamic -Xlinker -no_deduplicate -Xlinker -objc_abi_version -Xlinker 2 -Xlinker -debug_variant -Xlinker -dependency_info -Xlinker /Users/nataliewhipps/Library/Developer/Xcode/DerivedData/Prompt28-cgmmkisguitsyibyvnemfqvywbnv/Build/Intermediates.noindex/AppAuth.build/Debug-iphonesimulator/AppAuthCore.build/Objects-normal/x86_64/AppAuthCore_dependency_info.dat -fobjc-arc -fobjc-link-runtime -o /Users/nataliewhipps/Library/Developer/Xcode/DerivedData/Prompt28-cgmmkisguitsyibyvnemfqvywbnv/Build/Products/Debug-iphonesimulator/AppAuthCore.o

CompileC /Users/nataliewhipps/Library/Developer/Xcode/DerivedData/Prompt28-cgmmkisguitsyibyvnemfqvywbnv/Build/Intermediates.noindex/AppCheck.build/Debug-iphonesimulator/AppCheckCore.build/Objects-normal/x86_64/GACAppCheck.o /Users/nataliewhipps/Library/Developer/Xcode/DerivedData/Prompt28-cgmmkisguitsyibyvnemfqvywbnv/SourcePackages/checkouts/app-check/AppCheckCore/Sources/Core/GACAppCheck.m normal x86_64 objective-c com.apple.compilers.llvm.clang.1_0.compiler (in target 'AppCheckCore' from project 'AppCheck')
    cd /Users/nataliewhipps/Desktop/Prompt28/Prompt28.xcodeproj
    
    Using response file: /Users/nataliewhipps/Library/Developer/Xcode/DerivedData/Prompt28-cgmmkisguitsyibyvnemfqvywbnv/Build/Intermediates.noindex/AppCheck.build/Debug-iphonesimulator/AppCheckCore.build/Objects-normal/x86_64/e6072d4f65d7061329687fe24e3d63a7-common-args.resp
    
    /Applications/Xcode.app/Contents/Developer/Toolchains/XcodeDefault.xctoolchain/usr/bin/clang -x objective-c -ivfsstatcache /Users/nataliewhipps/Library/Developer/Xcode/DerivedData/SDKStatCaches.noindex/iphonesimulator26.2-23C57-7d00a8b37fbd7999ea79df8ebc024bf0.sdkstatcache -fmessage-length\=0 -fdiagnostics-show-note-include-stack -fmacro-backtrace-limit\=0 -fno-color-diagnostics -fmodules-prune-interval\=86400 -fmodules-prune-after\=345600 -fbuild-session-file\=/Users/nataliewhipps/Library/Developer/Xcode/DerivedData/ModuleCache.noindex/Session.modulevalidation -fmodules-validate-once-per-build-session -Wnon-modular-include-in-framework-module -Werror\=non-modular-include-in-framework-module -Wno-trigraphs -Wno-missing-field-initializers -Wno-missing-prototypes -Wno-return-type -Wno-implicit-atomic-properties -Wno-objc-interface-ivars -Wno-arc-repeated-use-of-weak -Wno-missing-braces -Wparentheses -Wswitch -Wno-unused-function -Wno-unused-label -Wno-unused-parameter -Wno-unused-variable -Wunused-value -Wno-empty-body -Wno-uninitialized -Wno-unknown-pragmas -w -Wno-shadow -Wno-four-char-constants -Wno-conversion -Wno-constant-conversion -Wno-int-conversion -Wno-bool-conversion -Wno-enum-conversion -Wno-float-conversion -Wno-non-literal-null-conversion -Wno-objc-literal-conversion -Wshorten-64-to-32 -Wpointer-sign -Wno-newline-eof -Wno-selector -Wno-strict-selector-match -Wno-undeclared-selector -Wno-deprecated-implementations -Wno-implicit-fallthrough -fstrict-aliasing -Wprotocol -Wdeprecated-declarations -Wno-sign-conversion -Wno-infinite-recursion -Wno-comma -Wno-block-capture-autoreleasing -Wno-strict-prototypes -Wno-semicolon-before-method-body -index-store-path /Users/nataliewhipps/Library/Developer/Xcode/DerivedData/Prompt28-cgmmkisguitsyibyvnemfqvywbnv/Index.noindex/DataStore @/Users/nataliewhipps/Library/Developer/Xcode/DerivedData/Prompt28-cgmmkisguitsyibyvnemfqvywbnv/Build/Intermediates.noindex/AppCheck.build/Debug-iphonesimulator/AppCheckCore.build/Objects-normal/x86_64/e6072d4f65d7061329687fe24e3d63a7-common-args.resp -MMD -MT dependencies -MF /Users/nataliewhipps/Library/Developer/Xcode/DerivedData/Prompt28-cgmmkisguitsyibyvnemfqvywbnv/Build/Intermediates.noindex/AppCheck.build/Debug-iphonesimulator/AppCheckCore.build/Objects-normal/x86_64/GACAppCheck.d --serialize-diagnostics /Users/nataliewhipps/Library/Developer/Xcode/DerivedData/Prompt28-cgmmkisguitsyibyvnemfqvywbnv/Build/Intermediates.noindex/AppCheck.build/Debug-iphonesimulator/AppCheckCore.build/Objects-normal/x86_64/GACAppCheck.dia -c /Users/nataliewhipps/Library/Developer/Xcode/DerivedData/Prompt28-cgmmkisguitsyibyvnemfqvywbnv/SourcePackages/checkouts/app-check/AppCheckCore/Sources/Core/GACAppCheck.m -o /Users/nataliewhipps/Library/Developer/Xcode/DerivedData/Prompt28-cgmmkisguitsyibyvnemfqvywbnv/Build/Intermediates.noindex/AppCheck.build/Debug-iphonesimulator/AppCheckCore.build/Objects-normal/x86_64/GACAppCheck.o -index-unit-output-path /AppCheck.build/Debug-iphonesimulator/AppCheckCore.build/Objects-normal/x86_64/GACAppCheck.o

CompileC /Users/nataliewhipps/Library/Developer/Xcode/DerivedData/Prompt28-cgmmkisguitsyibyvnemfqvywbnv/Build/Intermediates.noindex/AppCheck.build/Debug-iphonesimulator/AppCheckCore.build/Objects-normal/x86_64/GACAppAttestArtifactStorage.o /Users/nataliewhipps/Library/Developer/Xcode/DerivedData/Prompt28-cgmmkisguitsyibyvnemfqvywbnv/SourcePackages/checkouts/app-check/AppCheckCore/Sources/AppAttestProvider/Storage/GACAppAttestArtifactStorage.m normal x86_64 objective-c com.apple.compilers.llvm.clang.1_0.compiler (in target 'AppCheckCore' from project 'AppCheck')
    cd /Users/nataliewhipps/Desktop/Prompt28/Prompt28.xcodeproj
    
    Using response file: /Users/nataliewhipps/Library/Developer/Xcode/DerivedData/Prompt28-cgmmkisguitsyibyvnemfqvywbnv/Build/Intermediates.noindex/AppCheck.build/Debug-iphonesimulator/AppCheckCore.build/Objects-normal/x86_64/e6072d4f65d7061329687fe24e3d63a7-common-args.resp
    
    /Applications/Xcode.app/Contents/Developer/Toolchains/XcodeDefault.xctoolchain/usr/bin/clang -x objective-c -ivfsstatcache /Users/nataliewhipps/Library/Developer/Xcode/DerivedData/SDKStatCaches.noindex/iphonesimulator26.2-23C57-7d00a8b37fbd7999ea79df8ebc024bf0.sdkstatcache -fmessage-length\=0 -fdiagnostics-show-note-include-stack -fmacro-backtrace-limit\=0 -fno-color-diagnostics -fmodules-prune-interval\=86400 -fmodules-prune-after\=345600 -fbuild-session-file\=/Users/nataliewhipps/Library/Developer/Xcode/DerivedData/ModuleCache.noindex/Session.modulevalidation -fmodules-validate-once-per-build-session -Wnon-modular-include-in-framework-module -Werror\=non-modular-include-in-framework-module -Wno-trigraphs -Wno-missing-field-initializers -Wno-missing-prototypes -Wno-return-type -Wno-implicit-atomic-properties -Wno-objc-interface-ivars -Wno-arc-repeated-use-of-weak -Wno-missing-braces -Wparentheses -Wswitch -Wno-unused-function -Wno-unused-label -Wno-unused-parameter -Wno-unused-variable -Wunused-value -Wno-empty-body -Wno-uninitialized -Wno-unknown-pragmas -w -Wno-shadow -Wno-four-char-constants -Wno-conversion -Wno-constant-conversion -Wno-int-conversion -Wno-bool-conversion -Wno-enum-conversion -Wno-float-conversion -Wno-non-literal-null-conversion -Wno-objc-literal-conversion -Wshorten-64-to-32 -Wpointer-sign -Wno-newline-eof -Wno-selector -Wno-strict-selector-match -Wno-undeclared-selector -Wno-deprecated-implementations -Wno-implicit-fallthrough -fstrict-aliasing -Wprotocol -Wdeprecated-declarations -Wno-sign-conversion -Wno-infinite-recursion -Wno-comma -Wno-block-capture-autoreleasing -Wno-strict-prototypes -Wno-semicolon-before-method-body -index-store-path /Users/nataliewhipps/Library/Developer/Xcode/DerivedData/Prompt28-cgmmkisguitsyibyvnemfqvywbnv/Index.noindex/DataStore @/Users/nataliewhipps/Library/Developer/Xcode/DerivedData/Prompt28-cgmmkisguitsyibyvnemfqvywbnv/Build/Intermediates.noindex/AppCheck.build/Debug-iphonesimulator/AppCheckCore.build/Objects-normal/x86_64/e6072d4f65d7061329687fe24e3d63a7-common-args.resp -MMD -MT dependencies -MF /Users/nataliewhipps/Library/Developer/Xcode/DerivedData/Prompt28-cgmmkisguitsyibyvnemfqvywbnv/Build/Intermediates.noindex/AppCheck.build/Debug-iphonesimulator/AppCheckCore.build/Objects-normal/x86_64/GACAppAttestArtifactStorage.d --serialize-diagnostics /Users/nataliewhipps/Library/Developer/Xcode/DerivedData/Prompt28-cgmmkisguitsyibyvnemfqvywbnv/Build/Intermediates.noindex/AppCheck.build/Debug-iphonesimulator/AppCheckCore.build/Objects-normal/x86_64/GACAppAttestArtifactStorage.dia -c /Users/nataliewhipps/Library/Developer/Xcode/DerivedData/Prompt28-cgmmkisguitsyibyvnemfqvywbnv/SourcePackages/checkouts/app-check/AppCheckCore/Sources/AppAttestProvider/Storage/GACAppAttestArtifactStorage.m -o /Users/nataliewhipps/Library/Developer/Xcode/DerivedData/Prompt28-cgmmkisguitsyibyvnemfqvywbnv/Build/Intermediates.noindex/AppCheck.build/Debug-iphonesimulator/AppCheckCore.build/Objects-normal/x86_64/GACAppAttestArtifactStorage.o -index-unit-output-path /AppCheck.build/Debug-iphonesimulator/AppCheckCore.build/Objects-normal/x86_64/GACAppAttestArtifactStorage.o

CompileC /Users/nataliewhipps/Library/Developer/Xcode/DerivedData/Prompt28-cgmmkisguitsyibyvnemfqvywbnv/Build/Intermediates.noindex/AppCheck.build/Debug-iphonesimulator/AppCheckCore.build/Objects-normal/x86_64/GACAppAttestAPIService.o /Users/nataliewhipps/Library/Developer/Xcode/DerivedData/Prompt28-cgmmkisguitsyibyvnemfqvywbnv/SourcePackages/checkouts/app-check/AppCheckCore/Sources/AppAttestProvider/API/GACAppAttestAPIService.m normal x86_64 objective-c com.apple.compilers.llvm.clang.1_0.compiler (in target 'AppCheckCore' from project 'AppCheck')
    cd /Users/nataliewhipps/Desktop/Prompt28/Prompt28.xcodeproj
    
    Using response file: /Users/nataliewhipps/Library/Developer/Xcode/DerivedData/Prompt28-cgmmkisguitsyibyvnemfqvywbnv/Build/Intermediates.noindex/AppCheck.build/Debug-iphonesimulator/AppCheckCore.build/Objects-normal/x86_64/e6072d4f65d7061329687fe24e3d63a7-common-args.resp
    
    /Applications/Xcode.app/Contents/Developer/Toolchains/XcodeDefault.xctoolchain/usr/bin/clang -x objective-c -ivfsstatcache /Users/nataliewhipps/Library/Developer/Xcode/DerivedData/SDKStatCaches.noindex/iphonesimulator26.2-23C57-7d00a8b37fbd7999ea79df8ebc024bf0.sdkstatcache -fmessage-length\=0 -fdiagnostics-show-note-include-stack -fmacro-backtrace-limit\=0 -fno-color-diagnostics -fmodules-prune-interval\=86400 -fmodules-prune-after\=345600 -fbuild-session-file\=/Users/nataliewhipps/Library/Developer/Xcode/DerivedData/ModuleCache.noindex/Session.modulevalidation -fmodules-validate-once-per-build-session -Wnon-modular-include-in-framework-module -Werror\=non-modular-include-in-framework-module -Wno-trigraphs -Wno-missing-field-initializers -Wno-missing-prototypes -Wno-return-type -Wno-implicit-atomic-properties -Wno-objc-interface-ivars -Wno-arc-repeated-use-of-weak -Wno-missing-braces -Wparentheses -Wswitch -Wno-unused-function -Wno-unused-label -Wno-unused-parameter -Wno-unused-variable -Wunused-value -Wno-empty-body -Wno-uninitialized -Wno-unknown-pragmas -w -Wno-shadow -Wno-four-char-constants -Wno-conversion -Wno-constant-conversion -Wno-int-conversion -Wno-bool-conversion -Wno-enum-conversion -Wno-float-conversion -Wno-non-literal-null-conversion -Wno-objc-literal-conversion -Wshorten-64-to-32 -Wpointer-sign -Wno-newline-eof -Wno-selector -Wno-strict-selector-match -Wno-undeclared-selector -Wno-deprecated-implementations -Wno-implicit-fallthrough -fstrict-aliasing -Wprotocol -Wdeprecated-declarations -Wno-sign-conversion -Wno-infinite-recursion -Wno-comma -Wno-block-capture-autoreleasing -Wno-strict-prototypes -Wno-semicolon-before-method-body -index-store-path /Users/nataliewhipps/Library/Developer/Xcode/DerivedData/Prompt28-cgmmkisguitsyibyvnemfqvywbnv/Index.noindex/DataStore @/Users/nataliewhipps/Library/Developer/Xcode/DerivedData/Prompt28-cgmmkisguitsyibyvnemfqvywbnv/Build/Intermediates.noindex/AppCheck.build/Debug-iphonesimulator/AppCheckCore.build/Objects-normal/x86_64/e6072d4f65d7061329687fe24e3d63a7-common-args.resp -MMD -MT dependencies -MF /Users/nataliewhipps/Library/Developer/Xcode/DerivedData/Prompt28-cgmmkisguitsyibyvnemfqvywbnv/Build/Intermediates.noindex/AppCheck.build/Debug-iphonesimulator/AppCheckCore.build/Objects-normal/x86_64/GACAppAttestAPIService.d --serialize-diagnostics /Users/nataliewhipps/Library/Developer/Xcode/DerivedData/Prompt28-cgmmkisguitsyibyvnemfqvywbnv/Build/Intermediates.noindex/AppCheck.build/Debug-iphonesimulator/AppCheckCore.build/Objects-normal/x86_64/GACAppAttestAPIService.dia -c /Users/nataliewhipps/Library/Developer/Xcode/DerivedData/Prompt28-cgmmkisguitsyibyvnemfqvywbnv/SourcePackages/checkouts/app-check/AppCheckCore/Sources/AppAttestProvider/API/GACAppAttestAPIService.m -o /Users/nataliewhipps/Library/Developer/Xcode/DerivedData/Prompt28-cgmmkisguitsyibyvnemfqvywbnv/Build/Intermediates.noindex/AppCheck.build/Debug-iphonesimulator/AppCheckCore.build/Objects-normal/x86_64/GACAppAttestAPIService.o -index-unit-output-path /AppCheck.build/Debug-iphonesimulator/AppCheckCore.build/Objects-normal/x86_64/GACAppAttestAPIService.o

PrecompileModule /Users/nataliewhipps/Library/Developer/Xcode/DerivedData/Prompt28-cgmmkisguitsyibyvnemfqvywbnv/Build/Intermediates.noindex/ExplicitPrecompiledModules/Metal-7GTPC84Q7NAWFR8SBAEFDU0QO.scan
    cd /
    builtin-precompileModule /Users/nataliewhipps/Library/Developer/Xcode/DerivedData/Prompt28-cgmmkisguitsyibyvnemfqvywbnv/Build/Intermediates.noindex/ExplicitPrecompiledModules/Metal-7GTPC84Q7NAWFR8SBAEFDU0QO.scan

PrecompileModule /Users/nataliewhipps/Library/Developer/Xcode/DerivedData/Prompt28-cgmmkisguitsyibyvnemfqvywbnv/Build/Intermediates.noindex/ExplicitPrecompiledModules/Symbols-66RHADD13LNRBF6UYEKVUU6FZ.scan
    cd /
    builtin-precompileModule /Users/nataliewhipps/Library/Developer/Xcode/DerivedData/Prompt28-cgmmkisguitsyibyvnemfqvywbnv/Build/Intermediates.noindex/ExplicitPrecompiledModules/Symbols-66RHADD13LNRBF6UYEKVUU6FZ.scan

PrecompileModule /Users/nataliewhipps/Library/Developer/Xcode/DerivedData/Prompt28-cgmmkisguitsyibyvnemfqvywbnv/Build/Intermediates.noindex/ExplicitPrecompiledModules/UserNotifications-8WDGA89QHG28L2TF8CSN65NXW.scan
    cd /
    builtin-precompileModule /Users/nataliewhipps/Library/Developer/Xcode/DerivedData/Prompt28-cgmmkisguitsyibyvnemfqvywbnv/Build/Intermediates.noindex/ExplicitPrecompiledModules/UserNotifications-8WDGA89QHG28L2TF8CSN65NXW.scan

PrecompileModule /Users/nataliewhipps/Library/Developer/Xcode/DerivedData/Prompt28-cgmmkisguitsyibyvnemfqvywbnv/Build/Intermediates.noindex/ExplicitPrecompiledModules/CoreTelephony-A0357415R6UURN1S0R9V1O4Z3.scan
    cd /
    builtin-precompileModule /Users/nataliewhipps/Library/Developer/Xcode/DerivedData/Prompt28-cgmmkisguitsyibyvnemfqvywbnv/Build/Intermediates.noindex/ExplicitPrecompiledModules/CoreTelephony-A0357415R6UURN1S0R9V1O4Z3.scan

PrecompileModule /Users/nataliewhipps/Library/Developer/Xcode/DerivedData/Prompt28-cgmmkisguitsyibyvnemfqvywbnv/Build/Intermediates.noindex/ExplicitPrecompiledModules/AppAuthCore-40CQ1VVRP5LDIJ40WNDYLRCA4.scan
    cd /
    builtin-precompileModule /Users/nataliewhipps/Library/Developer/Xcode/DerivedData/Prompt28-cgmmkisguitsyibyvnemfqvywbnv/Build/Intermediates.noindex/ExplicitPrecompiledModules/AppAuthCore-40CQ1VVRP5LDIJ40WNDYLRCA4.scan

PrecompileModule /Users/nataliewhipps/Library/Developer/Xcode/DerivedData/Prompt28-cgmmkisguitsyibyvnemfqvywbnv/Build/Intermediates.noindex/ExplicitPrecompiledModules/OpenGLES-B5G28USXX19FERXXH3CX4BJ0O.scan
    cd /
    builtin-precompileModule /Users/nataliewhipps/Library/Developer/Xcode/DerivedData/Prompt28-cgmmkisguitsyibyvnemfqvywbnv/Build/Intermediates.noindex/ExplicitPrecompiledModules/OpenGLES-B5G28USXX19FERXXH3CX4BJ0O.scan

PrecompileModule /Users/nataliewhipps/Library/Developer/Xcode/DerivedData/Prompt28-cgmmkisguitsyibyvnemfqvywbnv/Build/Intermediates.noindex/ExplicitPrecompiledModules/UIUtilities-BNLUHLO7BQ8CACQ3C8GRDWDCB.scan
    cd /
    builtin-precompileModule /Users/nataliewhipps/Library/Developer/Xcode/DerivedData/Prompt28-cgmmkisguitsyibyvnemfqvywbnv/Build/Intermediates.noindex/ExplicitPrecompiledModules/UIUtilities-BNLUHLO7BQ8CACQ3C8GRDWDCB.scan

CompileC /Users/nataliewhipps/Library/Developer/Xcode/DerivedData/Prompt28-cgmmkisguitsyibyvnemfqvywbnv/Build/Intermediates.noindex/GoogleUtilities.build/Debug-iphonesimulator/GoogleUtilities-Environment.build/Objects-normal/x86_64/GULNetworkInfo.o /Users/nataliewhipps/Library/Developer/Xcode/DerivedData/Prompt28-cgmmkisguitsyibyvnemfqvywbnv/SourcePackages/checkouts/GoogleUtilities/GoogleUtilities/Environment/NetworkInfo/GULNetworkInfo.m normal x86_64 objective-c com.apple.compilers.llvm.clang.1_0.compiler (in target 'GoogleUtilities-Environment' from project 'GoogleUtilities')
    cd /Users/nataliewhipps/Desktop/Prompt28/Prompt28.xcodeproj
    
    Using response file: /Users/nataliewhipps/Library/Developer/Xcode/DerivedData/Prompt28-cgmmkisguitsyibyvnemfqvywbnv/Build/Intermediates.noindex/GoogleUtilities.build/Debug-iphonesimulator/GoogleUtilities-Environment.build/Objects-normal/x86_64/e6072d4f65d7061329687fe24e3d63a7-common-args.resp
    
    /Applications/Xcode.app/Contents/Developer/Toolchains/XcodeDefault.xctoolchain/usr/bin/clang -x objective-c -ivfsstatcache /Users/nataliewhipps/Library/Developer/Xcode/DerivedData/SDKStatCaches.noindex/iphonesimulator26.2-23C57-7d00a8b37fbd7999ea79df8ebc024bf0.sdkstatcache -fmessage-length\=0 -fdiagnostics-show-note-include-stack -fmacro-backtrace-limit\=0 -fno-color-diagnostics -fmodules-prune-interval\=86400 -fmodules-prune-after\=345600 -fbuild-session-file\=/Users/nataliewhipps/Library/Developer/Xcode/DerivedData/ModuleCache.noindex/Session.modulevalidation -fmodules-validate-once-per-build-session -Wnon-modular-include-in-framework-module -Werror\=non-modular-include-in-framework-module -Wno-trigraphs -Wno-missing-field-initializers -Wno-missing-prototypes -Wno-return-type -Wno-implicit-atomic-properties -Wno-objc-interface-ivars -Wno-arc-repeated-use-of-weak -Wno-missing-braces -Wparentheses -Wswitch -Wno-unused-function -Wno-unused-label -Wno-unused-parameter -Wno-unused-variable -Wunused-value -Wno-empty-body -Wno-uninitialized -Wno-unknown-pragmas -w -Wno-shadow -Wno-four-char-constants -Wno-conversion -Wno-constant-conversion -Wno-int-conversion -Wno-bool-conversion -Wno-enum-conversion -Wno-float-conversion -Wno-non-literal-null-conversion -Wno-objc-literal-conversion -Wshorten-64-to-32 -Wpointer-sign -Wno-newline-eof -Wno-selector -Wno-strict-selector-match -Wno-undeclared-selector -Wno-deprecated-implementations -Wno-implicit-fallthrough -fstrict-aliasing -Wprotocol -Wdeprecated-declarations -Wno-sign-conversion -Wno-infinite-recursion -Wno-comma -Wno-block-capture-autoreleasing -Wno-strict-prototypes -Wno-semicolon-before-method-body -index-store-path /Users/nataliewhipps/Library/Developer/Xcode/DerivedData/Prompt28-cgmmkisguitsyibyvnemfqvywbnv/Index.noindex/DataStore @/Users/nataliewhipps/Library/Developer/Xcode/DerivedData/Prompt28-cgmmkisguitsyibyvnemfqvywbnv/Build/Intermediates.noindex/GoogleUtilities.build/Debug-iphonesimulator/GoogleUtilities-Environment.build/Objects-normal/x86_64/e6072d4f65d7061329687fe24e3d63a7-common-args.resp -include /Users/nataliewhipps/Library/Developer/Xcode/DerivedData/Prompt28-cgmmkisguitsyibyvnemfqvywbnv/Build/Intermediates.noindex/GoogleUtilities.build/Debug-iphonesimulator/GoogleUtilities-Environment.build/DerivedSources/resource_bundle_accessor.h -MMD -MT dependencies -MF /Users/nataliewhipps/Library/Developer/Xcode/DerivedData/Prompt28-cgmmkisguitsyibyvnemfqvywbnv/Build/Intermediates.noindex/GoogleUtilities.build/Debug-iphonesimulator/GoogleUtilities-Environment.build/Objects-normal/x86_64/GULNetworkInfo.d --serialize-diagnostics /Users/nataliewhipps/Library/Developer/Xcode/DerivedData/Prompt28-cgmmkisguitsyibyvnemfqvywbnv/Build/Intermediates.noindex/GoogleUtilities.build/Debug-iphonesimulator/GoogleUtilities-Environment.build/Objects-normal/x86_64/GULNetworkInfo.dia -c /Users/nataliewhipps/Library/Developer/Xcode/DerivedData/Prompt28-cgmmkisguitsyibyvnemfqvywbnv/SourcePackages/checkouts/GoogleUtilities/GoogleUtilities/Environment/NetworkInfo/GULNetworkInfo.m -o /Users/nataliewhipps/Library/Developer/Xcode/DerivedData/Prompt28-cgmmkisguitsyibyvnemfqvywbnv/Build/Intermediates.noindex/GoogleUtilities.build/Debug-iphonesimulator/GoogleUtilities-Environment.build/Objects-normal/x86_64/GULNetworkInfo.o -index-unit-output-path /GoogleUtilities.build/Debug-iphonesimulator/GoogleUtilities-Environment.build/Objects-normal/x86_64/GULNetworkInfo.o

PrecompileModule /Users/nataliewhipps/Library/Developer/Xcode/DerivedData/Prompt28-cgmmkisguitsyibyvnemfqvywbnv/Build/Intermediates.noindex/ExplicitPrecompiledModules/UserNotifications-EJLE40146P2OVHICFKGEBUVLX.scan
    cd /
    builtin-precompileModule /Users/nataliewhipps/Library/Developer/Xcode/DerivedData/Prompt28-cgmmkisguitsyibyvnemfqvywbnv/Build/Intermediates.noindex/ExplicitPrecompiledModules/UserNotifications-EJLE40146P2OVHICFKGEBUVLX.scan

PrecompileModule /Users/nataliewhipps/Library/Developer/Xcode/DerivedData/Prompt28-cgmmkisguitsyibyvnemfqvywbnv/Build/Intermediates.noindex/ExplicitPrecompiledModules/IOSurface-A6MUHWSF82H65UT6H8JKY30Q2.scan
    cd /
    builtin-precompileModule /Users/nataliewhipps/Library/Developer/Xcode/DerivedData/Prompt28-cgmmkisguitsyibyvnemfqvywbnv/Build/Intermediates.noindex/ExplicitPrecompiledModules/IOSurface-A6MUHWSF82H65UT6H8JKY30Q2.scan

PrecompileModule /Users/nataliewhipps/Library/Developer/Xcode/DerivedData/Prompt28-cgmmkisguitsyibyvnemfqvywbnv/Build/Intermediates.noindex/ExplicitPrecompiledModules/UIUtilities-E56YQ070Z4NZ9V9XLPN63QH7U.scan
    cd /
    builtin-precompileModule /Users/nataliewhipps/Library/Developer/Xcode/DerivedData/Prompt28-cgmmkisguitsyibyvnemfqvywbnv/Build/Intermediates.noindex/ExplicitPrecompiledModules/UIUtilities-E56YQ070Z4NZ9V9XLPN63QH7U.scan

PrecompileModule /Users/nataliewhipps/Library/Developer/Xcode/DerivedData/Prompt28-cgmmkisguitsyibyvnemfqvywbnv/Build/Intermediates.noindex/ExplicitPrecompiledModules/FileProvider-9RQAV765GDU48FYG3A4KUBWEM.scan
    cd /
    builtin-precompileModule /Users/nataliewhipps/Library/Developer/Xcode/DerivedData/Prompt28-cgmmkisguitsyibyvnemfqvywbnv/Build/Intermediates.noindex/ExplicitPrecompiledModules/FileProvider-9RQAV765GDU48FYG3A4KUBWEM.scan

PrecompileModule /Users/nataliewhipps/Library/Developer/Xcode/DerivedData/Prompt28-cgmmkisguitsyibyvnemfqvywbnv/Build/Intermediates.noindex/ExplicitPrecompiledModules/GoogleUtilities_UserDefaults-E3U2M956MXBNUBI613BEBBIJQ.scan
    cd /
    builtin-precompileModule /Users/nataliewhipps/Library/Developer/Xcode/DerivedData/Prompt28-cgmmkisguitsyibyvnemfqvywbnv/Build/Intermediates.noindex/ExplicitPrecompiledModules/GoogleUtilities_UserDefaults-E3U2M956MXBNUBI613BEBBIJQ.scan

PrecompileModule /Users/nataliewhipps/Library/Developer/Xcode/DerivedData/Prompt28-cgmmkisguitsyibyvnemfqvywbnv/Build/Intermediates.noindex/ExplicitPrecompiledModules/DeviceCheck-33LKCVRCMIPI6QOIKBN491I0R.scan
    cd /
    builtin-precompileModule /Users/nataliewhipps/Library/Developer/Xcode/DerivedData/Prompt28-cgmmkisguitsyibyvnemfqvywbnv/Build/Intermediates.noindex/ExplicitPrecompiledModules/DeviceCheck-33LKCVRCMIPI6QOIKBN491I0R.scan

PrecompileModule /Users/nataliewhipps/Library/Developer/Xcode/DerivedData/Prompt28-cgmmkisguitsyibyvnemfqvywbnv/Build/Intermediates.noindex/ExplicitPrecompiledModules/GoogleUtilities_Logger-E9QOCTCW0BNT3WCJAGMW0VGPP.scan
    cd /
    builtin-precompileModule /Users/nataliewhipps/Library/Developer/Xcode/DerivedData/Prompt28-cgmmkisguitsyibyvnemfqvywbnv/Build/Intermediates.noindex/ExplicitPrecompiledModules/GoogleUtilities_Logger-E9QOCTCW0BNT3WCJAGMW0VGPP.scan

PrecompileModule /Users/nataliewhipps/Library/Developer/Xcode/DerivedData/Prompt28-cgmmkisguitsyibyvnemfqvywbnv/Build/Intermediates.noindex/ExplicitPrecompiledModules/Metal-2FCTFZ3SRU523T8W33E5TD13X.scan
    cd /
    builtin-precompileModule /Users/nataliewhipps/Library/Developer/Xcode/DerivedData/Prompt28-cgmmkisguitsyibyvnemfqvywbnv/Build/Intermediates.noindex/ExplicitPrecompiledModules/Metal-2FCTFZ3SRU523T8W33E5TD13X.scan

CompileC /Users/nataliewhipps/Library/Developer/Xcode/DerivedData/Prompt28-cgmmkisguitsyibyvnemfqvywbnv/Build/Intermediates.noindex/AppCheck.build/Debug-iphonesimulator/AppCheckCore.build/Objects-normal/x86_64/GACAppCheckDebugProvider.o /Users/nataliewhipps/Library/Developer/Xcode/DerivedData/Prompt28-cgmmkisguitsyibyvnemfqvywbnv/SourcePackages/checkouts/app-check/AppCheckCore/Sources/DebugProvider/GACAppCheckDebugProvider.m normal x86_64 objective-c com.apple.compilers.llvm.clang.1_0.compiler (in target 'AppCheckCore' from project 'AppCheck')
    cd /Users/nataliewhipps/Desktop/Prompt28/Prompt28.xcodeproj
    
    Using response file: /Users/nataliewhipps/Library/Developer/Xcode/DerivedData/Prompt28-cgmmkisguitsyibyvnemfqvywbnv/Build/Intermediates.noindex/AppCheck.build/Debug-iphonesimulator/AppCheckCore.build/Objects-normal/x86_64/e6072d4f65d7061329687fe24e3d63a7-common-args.resp
    
    /Applications/Xcode.app/Contents/Developer/Toolchains/XcodeDefault.xctoolchain/usr/bin/clang -x objective-c -ivfsstatcache /Users/nataliewhipps/Library/Developer/Xcode/DerivedData/SDKStatCaches.noindex/iphonesimulator26.2-23C57-7d00a8b37fbd7999ea79df8ebc024bf0.sdkstatcache -fmessage-length\=0 -fdiagnostics-show-note-include-stack -fmacro-backtrace-limit\=0 -fno-color-diagnostics -fmodules-prune-interval\=86400 -fmodules-prune-after\=345600 -fbuild-session-file\=/Users/nataliewhipps/Library/Developer/Xcode/DerivedData/ModuleCache.noindex/Session.modulevalidation -fmodules-validate-once-per-build-session -Wnon-modular-include-in-framework-module -Werror\=non-modular-include-in-framework-module -Wno-trigraphs -Wno-missing-field-initializers -Wno-missing-prototypes -Wno-return-type -Wno-implicit-atomic-properties -Wno-objc-interface-ivars -Wno-arc-repeated-use-of-weak -Wno-missing-braces -Wparentheses -Wswitch -Wno-unused-function -Wno-unused-label -Wno-unused-parameter -Wno-unused-variable -Wunused-value -Wno-empty-body -Wno-uninitialized -Wno-unknown-pragmas -w -Wno-shadow -Wno-four-char-constants -Wno-conversion -Wno-constant-conversion -Wno-int-conversion -Wno-bool-conversion -Wno-enum-conversion -Wno-float-conversion -Wno-non-literal-null-conversion -Wno-objc-literal-conversion -Wshorten-64-to-32 -Wpointer-sign -Wno-newline-eof -Wno-selector -Wno-strict-selector-match -Wno-undeclared-selector -Wno-deprecated-implementations -Wno-implicit-fallthrough -fstrict-aliasing -Wprotocol -Wdeprecated-declarations -Wno-sign-conversion -Wno-infinite-recursion -Wno-comma -Wno-block-capture-autoreleasing -Wno-strict-prototypes -Wno-semicolon-before-method-body -index-store-path /Users/nataliewhipps/Library/Developer/Xcode/DerivedData/Prompt28-cgmmkisguitsyibyvnemfqvywbnv/Index.noindex/DataStore @/Users/nataliewhipps/Library/Developer/Xcode/DerivedData/Prompt28-cgmmkisguitsyibyvnemfqvywbnv/Build/Intermediates.noindex/AppCheck.build/Debug-iphonesimulator/AppCheckCore.build/Objects-normal/x86_64/e6072d4f65d7061329687fe24e3d63a7-common-args.resp -MMD -MT dependencies -MF /Users/nataliewhipps/Library/Developer/Xcode/DerivedData/Prompt28-cgmmkisguitsyibyvnemfqvywbnv/Build/Intermediates.noindex/AppCheck.build/Debug-iphonesimulator/AppCheckCore.build/Objects-normal/x86_64/GACAppCheckDebugProvider.d --serialize-diagnostics /Users/nataliewhipps/Library/Developer/Xcode/DerivedData/Prompt28-cgmmkisguitsyibyvnemfqvywbnv/Build/Intermediates.noindex/AppCheck.build/Debug-iphonesimulator/AppCheckCore.build/Objects-normal/x86_64/GACAppCheckDebugProvider.dia -c /Users/nataliewhipps/Library/Developer/Xcode/DerivedData/Prompt28-cgmmkisguitsyibyvnemfqvywbnv/SourcePackages/checkouts/app-check/AppCheckCore/Sources/DebugProvider/GACAppCheckDebugProvider.m -o /Users/nataliewhipps/Library/Developer/Xcode/DerivedData/Prompt28-cgmmkisguitsyibyvnemfqvywbnv/Build/Intermediates.noindex/AppCheck.build/Debug-iphonesimulator/AppCheckCore.build/Objects-normal/x86_64/GACAppCheckDebugProvider.o -index-unit-output-path /AppCheck.build/Debug-iphonesimulator/AppCheckCore.build/Objects-normal/x86_64/GACAppCheckDebugProvider.o

CompileC /Users/nataliewhipps/Library/Developer/Xcode/DerivedData/Prompt28-cgmmkisguitsyibyvnemfqvywbnv/Build/Intermediates.noindex/AppCheck.build/Debug-iphonesimulator/AppCheckCore.build/Objects-normal/x86_64/GACAppAttestKeyIDStorage.o /Users/nataliewhipps/Library/Developer/Xcode/DerivedData/Prompt28-cgmmkisguitsyibyvnemfqvywbnv/SourcePackages/checkouts/app-check/AppCheckCore/Sources/AppAttestProvider/Storage/GACAppAttestKeyIDStorage.m normal x86_64 objective-c com.apple.compilers.llvm.clang.1_0.compiler (in target 'AppCheckCore' from project 'AppCheck')
    cd /Users/nataliewhipps/Desktop/Prompt28/Prompt28.xcodeproj
    
    Using response file: /Users/nataliewhipps/Library/Developer/Xcode/DerivedData/Prompt28-cgmmkisguitsyibyvnemfqvywbnv/Build/Intermediates.noindex/AppCheck.build/Debug-iphonesimulator/AppCheckCore.build/Objects-normal/x86_64/e6072d4f65d7061329687fe24e3d63a7-common-args.resp
    
    /Applications/Xcode.app/Contents/Developer/Toolchains/XcodeDefault.xctoolchain/usr/bin/clang -x objective-c -ivfsstatcache /Users/nataliewhipps/Library/Developer/Xcode/DerivedData/SDKStatCaches.noindex/iphonesimulator26.2-23C57-7d00a8b37fbd7999ea79df8ebc024bf0.sdkstatcache -fmessage-length\=0 -fdiagnostics-show-note-include-stack -fmacro-backtrace-limit\=0 -fno-color-diagnostics -fmodules-prune-interval\=86400 -fmodules-prune-after\=345600 -fbuild-session-file\=/Users/nataliewhipps/Library/Developer/Xcode/DerivedData/ModuleCache.noindex/Session.modulevalidation -fmodules-validate-once-per-build-session -Wnon-modular-include-in-framework-module -Werror\=non-modular-include-in-framework-module -Wno-trigraphs -Wno-missing-field-initializers -Wno-missing-prototypes -Wno-return-type -Wno-implicit-atomic-properties -Wno-objc-interface-ivars -Wno-arc-repeated-use-of-weak -Wno-missing-braces -Wparentheses -Wswitch -Wno-unused-function -Wno-unused-label -Wno-unused-parameter -Wno-unused-variable -Wunused-value -Wno-empty-body -Wno-uninitialized -Wno-unknown-pragmas -w -Wno-shadow -Wno-four-char-constants -Wno-conversion -Wno-constant-conversion -Wno-int-conversion -Wno-bool-conversion -Wno-enum-conversion -Wno-float-conversion -Wno-non-literal-null-conversion -Wno-objc-literal-conversion -Wshorten-64-to-32 -Wpointer-sign -Wno-newline-eof -Wno-selector -Wno-strict-selector-match -Wno-undeclared-selector -Wno-deprecated-implementations -Wno-implicit-fallthrough -fstrict-aliasing -Wprotocol -Wdeprecated-declarations -Wno-sign-conversion -Wno-infinite-recursion -Wno-comma -Wno-block-capture-autoreleasing -Wno-strict-prototypes -Wno-semicolon-before-method-body -index-store-path /Users/nataliewhipps/Library/Developer/Xcode/DerivedData/Prompt28-cgmmkisguitsyibyvnemfqvywbnv/Index.noindex/DataStore @/Users/nataliewhipps/Library/Developer/Xcode/DerivedData/Prompt28-cgmmkisguitsyibyvnemfqvywbnv/Build/Intermediates.noindex/AppCheck.build/Debug-iphonesimulator/AppCheckCore.build/Objects-normal/x86_64/e6072d4f65d7061329687fe24e3d63a7-common-args.resp -MMD -MT dependencies -MF /Users/nataliewhipps/Library/Developer/Xcode/DerivedData/Prompt28-cgmmkisguitsyibyvnemfqvywbnv/Build/Intermediates.noindex/AppCheck.build/Debug-iphonesimulator/AppCheckCore.build/Objects-normal/x86_64/GACAppAttestKeyIDStorage.d --serialize-diagnostics /Users/nataliewhipps/Library/Developer/Xcode/DerivedData/Prompt28-cgmmkisguitsyibyvnemfqvywbnv/Build/Intermediates.noindex/AppCheck.build/Debug-iphonesimulator/AppCheckCore.build/Objects-normal/x86_64/GACAppAttestKeyIDStorage.dia -c /Users/nataliewhipps/Library/Developer/Xcode/DerivedData/Prompt28-cgmmkisguitsyibyvnemfqvywbnv/SourcePackages/checkouts/app-check/AppCheckCore/Sources/AppAttestProvider/Storage/GACAppAttestKeyIDStorage.m -o /Users/nataliewhipps/Library/Developer/Xcode/DerivedData/Prompt28-cgmmkisguitsyibyvnemfqvywbnv/Build/Intermediates.noindex/AppCheck.build/Debug-iphonesimulator/AppCheckCore.build/Objects-normal/x86_64/GACAppAttestKeyIDStorage.o -index-unit-output-path /AppCheck.build/Debug-iphonesimulator/AppCheckCore.build/Objects-normal/x86_64/GACAppAttestKeyIDStorage.o

CompileC /Users/nataliewhipps/Library/Developer/Xcode/DerivedData/Prompt28-cgmmkisguitsyibyvnemfqvywbnv/Build/Intermediates.noindex/GoogleUtilities.build/Debug-iphonesimulator/GoogleUtilities-UserDefaults.build/Objects-normal/x86_64/GULUserDefaults.o /Users/nataliewhipps/Library/Developer/Xcode/DerivedData/Prompt28-cgmmkisguitsyibyvnemfqvywbnv/SourcePackages/checkouts/GoogleUtilities/GoogleUtilities/UserDefaults/GULUserDefaults.m normal x86_64 objective-c com.apple.compilers.llvm.clang.1_0.compiler (in target 'GoogleUtilities-UserDefaults' from project 'GoogleUtilities')
    cd /Users/nataliewhipps/Desktop/Prompt28/Prompt28.xcodeproj
    
    Using response file: /Users/nataliewhipps/Library/Developer/Xcode/DerivedData/Prompt28-cgmmkisguitsyibyvnemfqvywbnv/Build/Intermediates.noindex/GoogleUtilities.build/Debug-iphonesimulator/GoogleUtilities-UserDefaults.build/Objects-normal/x86_64/e6072d4f65d7061329687fe24e3d63a7-common-args.resp
    
    /Applications/Xcode.app/Contents/Developer/Toolchains/XcodeDefault.xctoolchain/usr/bin/clang -x objective-c -ivfsstatcache /Users/nataliewhipps/Library/Developer/Xcode/DerivedData/SDKStatCaches.noindex/iphonesimulator26.2-23C57-7d00a8b37fbd7999ea79df8ebc024bf0.sdkstatcache -fmessage-length\=0 -fdiagnostics-show-note-include-stack -fmacro-backtrace-limit\=0 -fno-color-diagnostics -fmodules-prune-interval\=86400 -fmodules-prune-after\=345600 -fbuild-session-file\=/Users/nataliewhipps/Library/Developer/Xcode/DerivedData/ModuleCache.noindex/Session.modulevalidation -fmodules-validate-once-per-build-session -Wnon-modular-include-in-framework-module -Werror\=non-modular-include-in-framework-module -Wno-trigraphs -Wno-missing-field-initializers -Wno-missing-prototypes -Wno-return-type -Wno-implicit-atomic-properties -Wno-objc-interface-ivars -Wno-arc-repeated-use-of-weak -Wno-missing-braces -Wparentheses -Wswitch -Wno-unused-function -Wno-unused-label -Wno-unused-parameter -Wno-unused-variable -Wunused-value -Wno-empty-body -Wno-uninitialized -Wno-unknown-pragmas -w -Wno-shadow -Wno-four-char-constants -Wno-conversion -Wno-constant-conversion -Wno-int-conversion -Wno-bool-conversion -Wno-enum-conversion -Wno-float-conversion -Wno-non-literal-null-conversion -Wno-objc-literal-conversion -Wshorten-64-to-32 -Wpointer-sign -Wno-newline-eof -Wno-selector -Wno-strict-selector-match -Wno-undeclared-selector -Wno-deprecated-implementations -Wno-implicit-fallthrough -fstrict-aliasing -Wprotocol -Wdeprecated-declarations -Wno-sign-conversion -Wno-infinite-recursion -Wno-comma -Wno-block-capture-autoreleasing -Wno-strict-prototypes -Wno-semicolon-before-method-body -index-store-path /Users/nataliewhipps/Library/Developer/Xcode/DerivedData/Prompt28-cgmmkisguitsyibyvnemfqvywbnv/Index.noindex/DataStore @/Users/nataliewhipps/Library/Developer/Xcode/DerivedData/Prompt28-cgmmkisguitsyibyvnemfqvywbnv/Build/Intermediates.noindex/GoogleUtilities.build/Debug-iphonesimulator/GoogleUtilities-UserDefaults.build/Objects-normal/x86_64/e6072d4f65d7061329687fe24e3d63a7-common-args.resp -include /Users/nataliewhipps/Library/Developer/Xcode/DerivedData/Prompt28-cgmmkisguitsyibyvnemfqvywbnv/Build/Intermediates.noindex/GoogleUtilities.build/Debug-iphonesimulator/GoogleUtilities-UserDefaults.build/DerivedSources/resource_bundle_accessor.h -MMD -MT dependencies -MF /Users/nataliewhipps/Library/Developer/Xcode/DerivedData/Prompt28-cgmmkisguitsyibyvnemfqvywbnv/Build/Intermediates.noindex/GoogleUtilities.build/Debug-iphonesimulator/GoogleUtilities-UserDefaults.build/Objects-normal/x86_64/GULUserDefaults.d --serialize-diagnostics /Users/nataliewhipps/Library/Developer/Xcode/DerivedData/Prompt28-cgmmkisguitsyibyvnemfqvywbnv/Build/Intermediates.noindex/GoogleUtilities.build/Debug-iphonesimulator/GoogleUtilities-UserDefaults.build/Objects-normal/x86_64/GULUserDefaults.dia -c /Users/nataliewhipps/Library/Developer/Xcode/DerivedData/Prompt28-cgmmkisguitsyibyvnemfqvywbnv/SourcePackages/checkouts/GoogleUtilities/GoogleUtilities/UserDefaults/GULUserDefaults.m -o /Users/nataliewhipps/Library/Developer/Xcode/DerivedData/Prompt28-cgmmkisguitsyibyvnemfqvywbnv/Build/Intermediates.noindex/GoogleUtilities.build/Debug-iphonesimulator/GoogleUtilities-UserDefaults.build/Objects-normal/x86_64/GULUserDefaults.o -index-unit-output-path /GoogleUtilities.build/Debug-iphonesimulator/GoogleUtilities-UserDefaults.build/Objects-normal/x86_64/GULUserDefaults.o

CompileC /Users/nataliewhipps/Library/Developer/Xcode/DerivedData/Prompt28-cgmmkisguitsyibyvnemfqvywbnv/Build/Intermediates.noindex/AppCheck.build/Debug-iphonesimulator/AppCheckCore.build/Objects-normal/x86_64/GACDeviceCheckProvider.o /Users/nataliewhipps/Library/Developer/Xcode/DerivedData/Prompt28-cgmmkisguitsyibyvnemfqvywbnv/SourcePackages/checkouts/app-check/AppCheckCore/Sources/DeviceCheckProvider/GACDeviceCheckProvider.m normal x86_64 objective-c com.apple.compilers.llvm.clang.1_0.compiler (in target 'AppCheckCore' from project 'AppCheck')
    cd /Users/nataliewhipps/Desktop/Prompt28/Prompt28.xcodeproj
    
    Using response file: /Users/nataliewhipps/Library/Developer/Xcode/DerivedData/Prompt28-cgmmkisguitsyibyvnemfqvywbnv/Build/Intermediates.noindex/AppCheck.build/Debug-iphonesimulator/AppCheckCore.build/Objects-normal/x86_64/e6072d4f65d7061329687fe24e3d63a7-common-args.resp
    
    /Applications/Xcode.app/Contents/Developer/Toolchains/XcodeDefault.xctoolchain/usr/bin/clang -x objective-c -ivfsstatcache /Users/nataliewhipps/Library/Developer/Xcode/DerivedData/SDKStatCaches.noindex/iphonesimulator26.2-23C57-7d00a8b37fbd7999ea79df8ebc024bf0.sdkstatcache -fmessage-length\=0 -fdiagnostics-show-note-include-stack -fmacro-backtrace-limit\=0 -fno-color-diagnostics -fmodules-prune-interval\=86400 -fmodules-prune-after\=345600 -fbuild-session-file\=/Users/nataliewhipps/Library/Developer/Xcode/DerivedData/ModuleCache.noindex/Session.modulevalidation -fmodules-validate-once-per-build-session -Wnon-modular-include-in-framework-module -Werror\=non-modular-include-in-framework-module -Wno-trigraphs -Wno-missing-field-initializers -Wno-missing-prototypes -Wno-return-type -Wno-implicit-atomic-properties -Wno-objc-interface-ivars -Wno-arc-repeated-use-of-weak -Wno-missing-braces -Wparentheses -Wswitch -Wno-unused-function -Wno-unused-label -Wno-unused-parameter -Wno-unused-variable -Wunused-value -Wno-empty-body -Wno-uninitialized -Wno-unknown-pragmas -w -Wno-shadow -Wno-four-char-constants -Wno-conversion -Wno-constant-conversion -Wno-int-conversion -Wno-bool-conversion -Wno-enum-conversion -Wno-float-conversion -Wno-non-literal-null-conversion -Wno-objc-literal-conversion -Wshorten-64-to-32 -Wpointer-sign -Wno-newline-eof -Wno-selector -Wno-strict-selector-match -Wno-undeclared-selector -Wno-deprecated-implementations -Wno-implicit-fallthrough -fstrict-aliasing -Wprotocol -Wdeprecated-declarations -Wno-sign-conversion -Wno-infinite-recursion -Wno-comma -Wno-block-capture-autoreleasing -Wno-strict-prototypes -Wno-semicolon-before-method-body -index-store-path /Users/nataliewhipps/Library/Developer/Xcode/DerivedData/Prompt28-cgmmkisguitsyibyvnemfqvywbnv/Index.noindex/DataStore @/Users/nataliewhipps/Library/Developer/Xcode/DerivedData/Prompt28-cgmmkisguitsyibyvnemfqvywbnv/Build/Intermediates.noindex/AppCheck.build/Debug-iphonesimulator/AppCheckCore.build/Objects-normal/x86_64/e6072d4f65d7061329687fe24e3d63a7-common-args.resp -MMD -MT dependencies -MF /Users/nataliewhipps/Library/Developer/Xcode/DerivedData/Prompt28-cgmmkisguitsyibyvnemfqvywbnv/Build/Intermediates.noindex/AppCheck.build/Debug-iphonesimulator/AppCheckCore.build/Objects-normal/x86_64/GACDeviceCheckProvider.d --serialize-diagnostics /Users/nataliewhipps/Library/Developer/Xcode/DerivedData/Prompt28-cgmmkisguitsyibyvnemfqvywbnv/Build/Intermediates.noindex/AppCheck.build/Debug-iphonesimulator/AppCheckCore.build/Objects-normal/x86_64/GACDeviceCheckProvider.dia -c /Users/nataliewhipps/Library/Developer/Xcode/DerivedData/Prompt28-cgmmkisguitsyibyvnemfqvywbnv/SourcePackages/checkouts/app-check/AppCheckCore/Sources/DeviceCheckProvider/GACDeviceCheckProvider.m -o /Users/nataliewhipps/Library/Developer/Xcode/DerivedData/Prompt28-cgmmkisguitsyibyvnemfqvywbnv/Build/Intermediates.noindex/AppCheck.build/Debug-iphonesimulator/AppCheckCore.build/Objects-normal/x86_64/GACDeviceCheckProvider.o -index-unit-output-path /AppCheck.build/Debug-iphonesimulator/AppCheckCore.build/Objects-normal/x86_64/GACDeviceCheckProvider.o

SwiftExplicitDependencyGeneratePcm x86_64 /Users/nataliewhipps/Library/Developer/Xcode/DerivedData/ModuleCache.noindex/CoreFoundation-9JLXE8S9H95HAQ7J6UPCGEP8M.pcm

SwiftExplicitDependencyGeneratePcm x86_64 /Users/nataliewhipps/Library/Developer/Xcode/DerivedData/ModuleCache.noindex/XPC-9QMN3E7RX7DHMMNIJJWF0KL5A.pcm

CompileC /Users/nataliewhipps/Library/Developer/Xcode/DerivedData/Prompt28-cgmmkisguitsyibyvnemfqvywbnv/Build/Intermediates.noindex/AppCheck.build/Debug-iphonesimulator/AppCheckCore.build/Objects-normal/x86_64/GACAppCheckErrorUtil.o /Users/nataliewhipps/Library/Developer/Xcode/DerivedData/Prompt28-cgmmkisguitsyibyvnemfqvywbnv/SourcePackages/checkouts/app-check/AppCheckCore/Sources/Core/Errors/GACAppCheckErrorUtil.m normal x86_64 objective-c com.apple.compilers.llvm.clang.1_0.compiler (in target 'AppCheckCore' from project 'AppCheck')
    cd /Users/nataliewhipps/Desktop/Prompt28/Prompt28.xcodeproj
    
    Using response file: /Users/nataliewhipps/Library/Developer/Xcode/DerivedData/Prompt28-cgmmkisguitsyibyvnemfqvywbnv/Build/Intermediates.noindex/AppCheck.build/Debug-iphonesimulator/AppCheckCore.build/Objects-normal/x86_64/e6072d4f65d7061329687fe24e3d63a7-common-args.resp
    
    /Applications/Xcode.app/Contents/Developer/Toolchains/XcodeDefault.xctoolchain/usr/bin/clang -x objective-c -ivfsstatcache /Users/nataliewhipps/Library/Developer/Xcode/DerivedData/SDKStatCaches.noindex/iphonesimulator26.2-23C57-7d00a8b37fbd7999ea79df8ebc024bf0.sdkstatcache -fmessage-length\=0 -fdiagnostics-show-note-include-stack -fmacro-backtrace-limit\=0 -fno-color-diagnostics -fmodules-prune-interval\=86400 -fmodules-prune-after\=345600 -fbuild-session-file\=/Users/nataliewhipps/Library/Developer/Xcode/DerivedData/ModuleCache.noindex/Session.modulevalidation -fmodules-validate-once-per-build-session -Wnon-modular-include-in-framework-module -Werror\=non-modular-include-in-framework-module -Wno-trigraphs -Wno-missing-field-initializers -Wno-missing-prototypes -Wno-return-type -Wno-implicit-atomic-properties -Wno-objc-interface-ivars -Wno-arc-repeated-use-of-weak -Wno-missing-braces -Wparentheses -Wswitch -Wno-unused-function -Wno-unused-label -Wno-unused-parameter -Wno-unused-variable -Wunused-value -Wno-empty-body -Wno-uninitialized -Wno-unknown-pragmas -w -Wno-shadow -Wno-four-char-constants -Wno-conversion -Wno-constant-conversion -Wno-int-conversion -Wno-bool-conversion -Wno-enum-conversion -Wno-float-conversion -Wno-non-literal-null-conversion -Wno-objc-literal-conversion -Wshorten-64-to-32 -Wpointer-sign -Wno-newline-eof -Wno-selector -Wno-strict-selector-match -Wno-undeclared-selector -Wno-deprecated-implementations -Wno-implicit-fallthrough -fstrict-aliasing -Wprotocol -Wdeprecated-declarations -Wno-sign-conversion -Wno-infinite-recursion -Wno-comma -Wno-block-capture-autoreleasing -Wno-strict-prototypes -Wno-semicolon-before-method-body -index-store-path /Users/nataliewhipps/Library/Developer/Xcode/DerivedData/Prompt28-cgmmkisguitsyibyvnemfqvywbnv/Index.noindex/DataStore @/Users/nataliewhipps/Library/Developer/Xcode/DerivedData/Prompt28-cgmmkisguitsyibyvnemfqvywbnv/Build/Intermediates.noindex/AppCheck.build/Debug-iphonesimulator/AppCheckCore.build/Objects-normal/x86_64/e6072d4f65d7061329687fe24e3d63a7-common-args.resp -MMD -MT dependencies -MF /Users/nataliewhipps/Library/Developer/Xcode/DerivedData/Prompt28-cgmmkisguitsyibyvnemfqvywbnv/Build/Intermediates.noindex/AppCheck.build/Debug-iphonesimulator/AppCheckCore.build/Objects-normal/x86_64/GACAppCheckErrorUtil.d --serialize-diagnostics /Users/nataliewhipps/Library/Developer/Xcode/DerivedData/Prompt28-cgmmkisguitsyibyvnemfqvywbnv/Build/Intermediates.noindex/AppCheck.build/Debug-iphonesimulator/AppCheckCore.build/Objects-normal/x86_64/GACAppCheckErrorUtil.dia -c /Users/nataliewhipps/Library/Developer/Xcode/DerivedData/Prompt28-cgmmkisguitsyibyvnemfqvywbnv/SourcePackages/checkouts/app-check/AppCheckCore/Sources/Core/Errors/GACAppCheckErrorUtil.m -o /Users/nataliewhipps/Library/Developer/Xcode/DerivedData/Prompt28-cgmmkisguitsyibyvnemfqvywbnv/Build/Intermediates.noindex/AppCheck.build/Debug-iphonesimulator/AppCheckCore.build/Objects-normal/x86_64/GACAppCheckErrorUtil.o -index-unit-output-path /AppCheck.build/Debug-iphonesimulator/AppCheckCore.build/Objects-normal/x86_64/GACAppCheckErrorUtil.o

CompileC /Users/nataliewhipps/Library/Developer/Xcode/DerivedData/Prompt28-cgmmkisguitsyibyvnemfqvywbnv/Build/Intermediates.noindex/AppCheck.build/Debug-iphonesimulator/AppCheckCore.build/Objects-normal/x86_64/GACAppAttestProvider.o /Users/nataliewhipps/Library/Developer/Xcode/DerivedData/Prompt28-cgmmkisguitsyibyvnemfqvywbnv/SourcePackages/checkouts/app-check/AppCheckCore/Sources/AppAttestProvider/GACAppAttestProvider.m normal x86_64 objective-c com.apple.compilers.llvm.clang.1_0.compiler (in target 'AppCheckCore' from project 'AppCheck')
    cd /Users/nataliewhipps/Desktop/Prompt28/Prompt28.xcodeproj
    
    Using response file: /Users/nataliewhipps/Library/Developer/Xcode/DerivedData/Prompt28-cgmmkisguitsyibyvnemfqvywbnv/Build/Intermediates.noindex/AppCheck.build/Debug-iphonesimulator/AppCheckCore.build/Objects-normal/x86_64/e6072d4f65d7061329687fe24e3d63a7-common-args.resp
    
    /Applications/Xcode.app/Contents/Developer/Toolchains/XcodeDefault.xctoolchain/usr/bin/clang -x objective-c -ivfsstatcache /Users/nataliewhipps/Library/Developer/Xcode/DerivedData/SDKStatCaches.noindex/iphonesimulator26.2-23C57-7d00a8b37fbd7999ea79df8ebc024bf0.sdkstatcache -fmessage-length\=0 -fdiagnostics-show-note-include-stack -fmacro-backtrace-limit\=0 -fno-color-diagnostics -fmodules-prune-interval\=86400 -fmodules-prune-after\=345600 -fbuild-session-file\=/Users/nataliewhipps/Library/Developer/Xcode/DerivedData/ModuleCache.noindex/Session.modulevalidation -fmodules-validate-once-per-build-session -Wnon-modular-include-in-framework-module -Werror\=non-modular-include-in-framework-module -Wno-trigraphs -Wno-missing-field-initializers -Wno-missing-prototypes -Wno-return-type -Wno-implicit-atomic-properties -Wno-objc-interface-ivars -Wno-arc-repeated-use-of-weak -Wno-missing-braces -Wparentheses -Wswitch -Wno-unused-function -Wno-unused-label -Wno-unused-parameter -Wno-unused-variable -Wunused-value -Wno-empty-body -Wno-uninitialized -Wno-unknown-pragmas -w -Wno-shadow -Wno-four-char-constants -Wno-conversion -Wno-constant-conversion -Wno-int-conversion -Wno-bool-conversion -Wno-enum-conversion -Wno-float-conversion -Wno-non-literal-null-conversion -Wno-objc-literal-conversion -Wshorten-64-to-32 -Wpointer-sign -Wno-newline-eof -Wno-selector -Wno-strict-selector-match -Wno-undeclared-selector -Wno-deprecated-implementations -Wno-implicit-fallthrough -fstrict-aliasing -Wprotocol -Wdeprecated-declarations -Wno-sign-conversion -Wno-infinite-recursion -Wno-comma -Wno-block-capture-autoreleasing -Wno-strict-prototypes -Wno-semicolon-before-method-body -index-store-path /Users/nataliewhipps/Library/Developer/Xcode/DerivedData/Prompt28-cgmmkisguitsyibyvnemfqvywbnv/Index.noindex/DataStore @/Users/nataliewhipps/Library/Developer/Xcode/DerivedData/Prompt28-cgmmkisguitsyibyvnemfqvywbnv/Build/Intermediates.noindex/AppCheck.build/Debug-iphonesimulator/AppCheckCore.build/Objects-normal/x86_64/e6072d4f65d7061329687fe24e3d63a7-common-args.resp -MMD -MT dependencies -MF /Users/nataliewhipps/Library/Developer/Xcode/DerivedData/Prompt28-cgmmkisguitsyibyvnemfqvywbnv/Build/Intermediates.noindex/AppCheck.build/Debug-iphonesimulator/AppCheckCore.build/Objects-normal/x86_64/GACAppAttestProvider.d --serialize-diagnostics /Users/nataliewhipps/Library/Developer/Xcode/DerivedData/Prompt28-cgmmkisguitsyibyvnemfqvywbnv/Build/Intermediates.noindex/AppCheck.build/Debug-iphonesimulator/AppCheckCore.build/Objects-normal/x86_64/GACAppAttestProvider.dia -c /Users/nataliewhipps/Library/Developer/Xcode/DerivedData/Prompt28-cgmmkisguitsyibyvnemfqvywbnv/SourcePackages/checkouts/app-check/AppCheckCore/Sources/AppAttestProvider/GACAppAttestProvider.m -o /Users/nataliewhipps/Library/Developer/Xcode/DerivedData/Prompt28-cgmmkisguitsyibyvnemfqvywbnv/Build/Intermediates.noindex/AppCheck.build/Debug-iphonesimulator/AppCheckCore.build/Objects-normal/x86_64/GACAppAttestProvider.o -index-unit-output-path /AppCheck.build/Debug-iphonesimulator/AppCheckCore.build/Objects-normal/x86_64/GACAppAttestProvider.o

CompileC /Users/nataliewhipps/Library/Developer/Xcode/DerivedData/Prompt28-cgmmkisguitsyibyvnemfqvywbnv/Build/Intermediates.noindex/AppCheck.build/Debug-iphonesimulator/AppCheckCore.build/Objects-normal/x86_64/DCDevice+GACDeviceCheckTokenGenerator.o /Users/nataliewhipps/Library/Developer/Xcode/DerivedData/Prompt28-cgmmkisguitsyibyvnemfqvywbnv/SourcePackages/checkouts/app-check/AppCheckCore/Sources/DeviceCheckProvider/DCDevice+GACDeviceCheckTokenGenerator.m normal x86_64 objective-c com.apple.compilers.llvm.clang.1_0.compiler (in target 'AppCheckCore' from project 'AppCheck')
    cd /Users/nataliewhipps/Desktop/Prompt28/Prompt28.xcodeproj
    
    Using response file: /Users/nataliewhipps/Library/Developer/Xcode/DerivedData/Prompt28-cgmmkisguitsyibyvnemfqvywbnv/Build/Intermediates.noindex/AppCheck.build/Debug-iphonesimulator/AppCheckCore.build/Objects-normal/x86_64/e6072d4f65d7061329687fe24e3d63a7-common-args.resp
    
    /Applications/Xcode.app/Contents/Developer/Toolchains/XcodeDefault.xctoolchain/usr/bin/clang -x objective-c -ivfsstatcache /Users/nataliewhipps/Library/Developer/Xcode/DerivedData/SDKStatCaches.noindex/iphonesimulator26.2-23C57-7d00a8b37fbd7999ea79df8ebc024bf0.sdkstatcache -fmessage-length\=0 -fdiagnostics-show-note-include-stack -fmacro-backtrace-limit\=0 -fno-color-diagnostics -fmodules-prune-interval\=86400 -fmodules-prune-after\=345600 -fbuild-session-file\=/Users/nataliewhipps/Library/Developer/Xcode/DerivedData/ModuleCache.noindex/Session.modulevalidation -fmodules-validate-once-per-build-session -Wnon-modular-include-in-framework-module -Werror\=non-modular-include-in-framework-module -Wno-trigraphs -Wno-missing-field-initializers -Wno-missing-prototypes -Wno-return-type -Wno-implicit-atomic-properties -Wno-objc-interface-ivars -Wno-arc-repeated-use-of-weak -Wno-missing-braces -Wparentheses -Wswitch -Wno-unused-function -Wno-unused-label -Wno-unused-parameter -Wno-unused-variable -Wunused-value -Wno-empty-body -Wno-uninitialized -Wno-unknown-pragmas -w -Wno-shadow -Wno-four-char-constants -Wno-conversion -Wno-constant-conversion -Wno-int-conversion -Wno-bool-conversion -Wno-enum-conversion -Wno-float-conversion -Wno-non-literal-null-conversion -Wno-objc-literal-conversion -Wshorten-64-to-32 -Wpointer-sign -Wno-newline-eof -Wno-selector -Wno-strict-selector-match -Wno-undeclared-selector -Wno-deprecated-implementations -Wno-implicit-fallthrough -fstrict-aliasing -Wprotocol -Wdeprecated-declarations -Wno-sign-conversion -Wno-infinite-recursion -Wno-comma -Wno-block-capture-autoreleasing -Wno-strict-prototypes -Wno-semicolon-before-method-body -index-store-path /Users/nataliewhipps/Library/Developer/Xcode/DerivedData/Prompt28-cgmmkisguitsyibyvnemfqvywbnv/Index.noindex/DataStore @/Users/nataliewhipps/Library/Developer/Xcode/DerivedData/Prompt28-cgmmkisguitsyibyvnemfqvywbnv/Build/Intermediates.noindex/AppCheck.build/Debug-iphonesimulator/AppCheckCore.build/Objects-normal/x86_64/e6072d4f65d7061329687fe24e3d63a7-common-args.resp -MMD -MT dependencies -MF /Users/nataliewhipps/Library/Developer/Xcode/DerivedData/Prompt28-cgmmkisguitsyibyvnemfqvywbnv/Build/Intermediates.noindex/AppCheck.build/Debug-iphonesimulator/AppCheckCore.build/Objects-normal/x86_64/DCDevice+GACDeviceCheckTokenGenerator.d --serialize-diagnostics /Users/nataliewhipps/Library/Developer/Xcode/DerivedData/Prompt28-cgmmkisguitsyibyvnemfqvywbnv/Build/Intermediates.noindex/AppCheck.build/Debug-iphonesimulator/AppCheckCore.build/Objects-normal/x86_64/DCDevice+GACDeviceCheckTokenGenerator.dia -c /Users/nataliewhipps/Library/Developer/Xcode/DerivedData/Prompt28-cgmmkisguitsyibyvnemfqvywbnv/SourcePackages/checkouts/app-check/AppCheckCore/Sources/DeviceCheckProvider/DCDevice+GACDeviceCheckTokenGenerator.m -o /Users/nataliewhipps/Library/Developer/Xcode/DerivedData/Prompt28-cgmmkisguitsyibyvnemfqvywbnv/Build/Intermediates.noindex/AppCheck.build/Debug-iphonesimulator/AppCheckCore.build/Objects-normal/x86_64/DCDevice+GACDeviceCheckTokenGenerator.o -index-unit-output-path /AppCheck.build/Debug-iphonesimulator/AppCheckCore.build/Objects-normal/x86_64/DCDevice+GACDeviceCheckTokenGenerator.o

CompileC /Users/nataliewhipps/Library/Developer/Xcode/DerivedData/Prompt28-cgmmkisguitsyibyvnemfqvywbnv/Build/Intermediates.noindex/AppCheck.build/Debug-iphonesimulator/AppCheckCore.build/Objects-normal/x86_64/DCAppAttestService+GACAppAttestService.o /Users/nataliewhipps/Library/Developer/Xcode/DerivedData/Prompt28-cgmmkisguitsyibyvnemfqvywbnv/SourcePackages/checkouts/app-check/AppCheckCore/Sources/AppAttestProvider/DCAppAttestService+GACAppAttestService.m normal x86_64 objective-c com.apple.compilers.llvm.clang.1_0.compiler (in target 'AppCheckCore' from project 'AppCheck')
    cd /Users/nataliewhipps/Desktop/Prompt28/Prompt28.xcodeproj
    
    Using response file: /Users/nataliewhipps/Library/Developer/Xcode/DerivedData/Prompt28-cgmmkisguitsyibyvnemfqvywbnv/Build/Intermediates.noindex/AppCheck.build/Debug-iphonesimulator/AppCheckCore.build/Objects-normal/x86_64/e6072d4f65d7061329687fe24e3d63a7-common-args.resp
    
    /Applications/Xcode.app/Contents/Developer/Toolchains/XcodeDefault.xctoolchain/usr/bin/clang -x objective-c -ivfsstatcache /Users/nataliewhipps/Library/Developer/Xcode/DerivedData/SDKStatCaches.noindex/iphonesimulator26.2-23C57-7d00a8b37fbd7999ea79df8ebc024bf0.sdkstatcache -fmessage-length\=0 -fdiagnostics-show-note-include-stack -fmacro-backtrace-limit\=0 -fno-color-diagnostics -fmodules-prune-interval\=86400 -fmodules-prune-after\=345600 -fbuild-session-file\=/Users/nataliewhipps/Library/Developer/Xcode/DerivedData/ModuleCache.noindex/Session.modulevalidation -fmodules-validate-once-per-build-session -Wnon-modular-include-in-framework-module -Werror\=non-modular-include-in-framework-module -Wno-trigraphs -Wno-missing-field-initializers -Wno-missing-prototypes -Wno-return-type -Wno-implicit-atomic-properties -Wno-objc-interface-ivars -Wno-arc-repeated-use-of-weak -Wno-missing-braces -Wparentheses -Wswitch -Wno-unused-function -Wno-unused-label -Wno-unused-parameter -Wno-unused-variable -Wunused-value -Wno-empty-body -Wno-uninitialized -Wno-unknown-pragmas -w -Wno-shadow -Wno-four-char-constants -Wno-conversion -Wno-constant-conversion -Wno-int-conversion -Wno-bool-conversion -Wno-enum-conversion -Wno-float-conversion -Wno-non-literal-null-conversion -Wno-objc-literal-conversion -Wshorten-64-to-32 -Wpointer-sign -Wno-newline-eof -Wno-selector -Wno-strict-selector-match -Wno-undeclared-selector -Wno-deprecated-implementations -Wno-implicit-fallthrough -fstrict-aliasing -Wprotocol -Wdeprecated-declarations -Wno-sign-conversion -Wno-infinite-recursion -Wno-comma -Wno-block-capture-autoreleasing -Wno-strict-prototypes -Wno-semicolon-before-method-body -index-store-path /Users/nataliewhipps/Library/Developer/Xcode/DerivedData/Prompt28-cgmmkisguitsyibyvnemfqvywbnv/Index.noindex/DataStore @/Users/nataliewhipps/Library/Developer/Xcode/DerivedData/Prompt28-cgmmkisguitsyibyvnemfqvywbnv/Build/Intermediates.noindex/AppCheck.build/Debug-iphonesimulator/AppCheckCore.build/Objects-normal/x86_64/e6072d4f65d7061329687fe24e3d63a7-common-args.resp -MMD -MT dependencies -MF /Users/nataliewhipps/Library/Developer/Xcode/DerivedData/Prompt28-cgmmkisguitsyibyvnemfqvywbnv/Build/Intermediates.noindex/AppCheck.build/Debug-iphonesimulator/AppCheckCore.build/Objects-normal/x86_64/DCAppAttestService+GACAppAttestService.d --serialize-diagnostics /Users/nataliewhipps/Library/Developer/Xcode/DerivedData/Prompt28-cgmmkisguitsyibyvnemfqvywbnv/Build/Intermediates.noindex/AppCheck.build/Debug-iphonesimulator/AppCheckCore.build/Objects-normal/x86_64/DCAppAttestService+GACAppAttestService.dia -c /Users/nataliewhipps/Library/Developer/Xcode/DerivedData/Prompt28-cgmmkisguitsyibyvnemfqvywbnv/SourcePackages/checkouts/app-check/AppCheckCore/Sources/AppAttestProvider/DCAppAttestService+GACAppAttestService.m -o /Users/nataliewhipps/Library/Developer/Xcode/DerivedData/Prompt28-cgmmkisguitsyibyvnemfqvywbnv/Build/Intermediates.noindex/AppCheck.build/Debug-iphonesimulator/AppCheckCore.build/Objects-normal/x86_64/DCAppAttestService+GACAppAttestService.o -index-unit-output-path /AppCheck.build/Debug-iphonesimulator/AppCheckCore.build/Objects-normal/x86_64/DCAppAttestService+GACAppAttestService.o

RegisterExecutionPolicyException /Users/nataliewhipps/Library/Developer/Xcode/DerivedData/Prompt28-cgmmkisguitsyibyvnemfqvywbnv/Build/Products/Debug-iphonesimulator/FBLPromises.o (in target 'FBLPromises' from project 'Promises')
    cd /Users/nataliewhipps/Library/Developer/Xcode/DerivedData/Prompt28-cgmmkisguitsyibyvnemfqvywbnv/SourcePackages/checkouts/promises
    builtin-RegisterExecutionPolicyException /Users/nataliewhipps/Library/Developer/Xcode/DerivedData/Prompt28-cgmmkisguitsyibyvnemfqvywbnv/Build/Products/Debug-iphonesimulator/FBLPromises.o

RegisterExecutionPolicyException /Users/nataliewhipps/Library/Developer/Xcode/DerivedData/Prompt28-cgmmkisguitsyibyvnemfqvywbnv/Build/Products/Debug-iphonesimulator/AppAuthCore.o (in target 'AppAuthCore' from project 'AppAuth')
    cd /Users/nataliewhipps/Library/Developer/Xcode/DerivedData/Prompt28-cgmmkisguitsyibyvnemfqvywbnv/SourcePackages/checkouts/AppAuth-iOS
    builtin-RegisterExecutionPolicyException /Users/nataliewhipps/Library/Developer/Xcode/DerivedData/Prompt28-cgmmkisguitsyibyvnemfqvywbnv/Build/Products/Debug-iphonesimulator/AppAuthCore.o

PrecompileModule /Users/nataliewhipps/Library/Developer/Xcode/DerivedData/Prompt28-cgmmkisguitsyibyvnemfqvywbnv/Build/Intermediates.noindex/ExplicitPrecompiledModules/CoreVideo-D58DVLTK4SKLHUGO5NDUGJNB8.scan
    cd /
    builtin-precompileModule /Users/nataliewhipps/Library/Developer/Xcode/DerivedData/Prompt28-cgmmkisguitsyibyvnemfqvywbnv/Build/Intermediates.noindex/ExplicitPrecompiledModules/CoreVideo-D58DVLTK4SKLHUGO5NDUGJNB8.scan

SwiftExplicitDependencyGeneratePcm x86_64 /Users/nataliewhipps/Library/Developer/Xcode/DerivedData/ModuleCache.noindex/os-7GO4HRTLULB36W9BEE5TM73H1.pcm

PrecompileModule /Users/nataliewhipps/Library/Developer/Xcode/DerivedData/Prompt28-cgmmkisguitsyibyvnemfqvywbnv/Build/Intermediates.noindex/ExplicitPrecompiledModules/CoreVideo-4IOVWNFTBX15EPMR3WFYPD1SE.scan
    cd /
    builtin-precompileModule /Users/nataliewhipps/Library/Developer/Xcode/DerivedData/Prompt28-cgmmkisguitsyibyvnemfqvywbnv/Build/Intermediates.noindex/ExplicitPrecompiledModules/CoreVideo-4IOVWNFTBX15EPMR3WFYPD1SE.scan

PrecompileModule /Users/nataliewhipps/Library/Developer/Xcode/DerivedData/Prompt28-cgmmkisguitsyibyvnemfqvywbnv/Build/Intermediates.noindex/ExplicitPrecompiledModules/QuartzCore-A72A14Z8ISGP79ZU8CSXI26EU.scan
    cd /
    builtin-precompileModule /Users/nataliewhipps/Library/Developer/Xcode/DerivedData/Prompt28-cgmmkisguitsyibyvnemfqvywbnv/Build/Intermediates.noindex/ExplicitPrecompiledModules/QuartzCore-A72A14Z8ISGP79ZU8CSXI26EU.scan

PrecompileModule /Users/nataliewhipps/Library/Developer/Xcode/DerivedData/Prompt28-cgmmkisguitsyibyvnemfqvywbnv/Build/Intermediates.noindex/ExplicitPrecompiledModules/CoreImage-3F3WOLPK2CYA3GQQ5BA6HOQ6N.scan
    cd /
    builtin-precompileModule /Users/nataliewhipps/Library/Developer/Xcode/DerivedData/Prompt28-cgmmkisguitsyibyvnemfqvywbnv/Build/Intermediates.noindex/ExplicitPrecompiledModules/CoreImage-3F3WOLPK2CYA3GQQ5BA6HOQ6N.scan

PrecompileModule /Users/nataliewhipps/Library/Developer/Xcode/DerivedData/Prompt28-cgmmkisguitsyibyvnemfqvywbnv/Build/Intermediates.noindex/ExplicitPrecompiledModules/CoreImage-WGMBMG9T1UTQZQSV54GYJM3I.scan
    cd /
    builtin-precompileModule /Users/nataliewhipps/Library/Developer/Xcode/DerivedData/Prompt28-cgmmkisguitsyibyvnemfqvywbnv/Build/Intermediates.noindex/ExplicitPrecompiledModules/CoreImage-WGMBMG9T1UTQZQSV54GYJM3I.scan

PrecompileModule /Users/nataliewhipps/Library/Developer/Xcode/DerivedData/Prompt28-cgmmkisguitsyibyvnemfqvywbnv/Build/Intermediates.noindex/ExplicitPrecompiledModules/QuartzCore-324SRQA0UOM6AZ7UBM13H9QYJ.scan
    cd /
    builtin-precompileModule /Users/nataliewhipps/Library/Developer/Xcode/DerivedData/Prompt28-cgmmkisguitsyibyvnemfqvywbnv/Build/Intermediates.noindex/ExplicitPrecompiledModules/QuartzCore-324SRQA0UOM6AZ7UBM13H9QYJ.scan

SwiftExplicitDependencyGeneratePcm x86_64 /Users/nataliewhipps/Library/Developer/Xcode/DerivedData/ModuleCache.noindex/CFNetwork-71HNWGZ3UYRKF372OKATA4MBS.pcm

SwiftExplicitDependencyGeneratePcm x86_64 /Users/nataliewhipps/Library/Developer/Xcode/DerivedData/ModuleCache.noindex/Security-71S22KIOMK66OKRFXS6C60ORA.pcm

SwiftExplicitDependencyGeneratePcm x86_64 /Users/nataliewhipps/Library/Developer/Xcode/DerivedData/ModuleCache.noindex/CoreGraphics-CMCKFKP4IRPRZSXUOLM7HTN1H.pcm

PrecompileModule /Users/nataliewhipps/Library/Developer/Xcode/DerivedData/Prompt28-cgmmkisguitsyibyvnemfqvywbnv/Build/Intermediates.noindex/ExplicitPrecompiledModules/UIKit-BM4G4TTVSMK8SH339WRU22HML.scan
    cd /
    builtin-precompileModule /Users/nataliewhipps/Library/Developer/Xcode/DerivedData/Prompt28-cgmmkisguitsyibyvnemfqvywbnv/Build/Intermediates.noindex/ExplicitPrecompiledModules/UIKit-BM4G4TTVSMK8SH339WRU22HML.scan

PrecompileModule /Users/nataliewhipps/Library/Developer/Xcode/DerivedData/Prompt28-cgmmkisguitsyibyvnemfqvywbnv/Build/Intermediates.noindex/ExplicitPrecompiledModules/UIKit-C6COP1X1X9XSY9WAKHC7S4A4N.scan
    cd /
    builtin-precompileModule /Users/nataliewhipps/Library/Developer/Xcode/DerivedData/Prompt28-cgmmkisguitsyibyvnemfqvywbnv/Build/Intermediates.noindex/ExplicitPrecompiledModules/UIKit-C6COP1X1X9XSY9WAKHC7S4A4N.scan

SwiftExplicitDependencyGeneratePcm x86_64 /Users/nataliewhipps/Library/Developer/Xcode/DerivedData/ModuleCache.noindex/Foundation-AAIO532ZFT9IRG4IQNC1TSLE6.pcm

SwiftExplicitDependencyGeneratePcm x86_64 /Users/nataliewhipps/Library/Developer/Xcode/DerivedData/ModuleCache.noindex/CoreText-BUP9UN0KLLGXF89ZGHUMZODJM.pcm

SwiftExplicitDependencyGeneratePcm x86_64 /Users/nataliewhipps/Library/Developer/Xcode/DerivedData/ModuleCache.noindex/ImageIO-D7UJ11YKPINOMW33U36X0HRQT.pcm

SwiftExplicitDependencyGeneratePcm x86_64 /Users/nataliewhipps/Library/Developer/Xcode/DerivedData/ModuleCache.noindex/UserNotifications-1AWPAVMGKY69A2AFWC9Z224Q8.pcm

SwiftExplicitDependencyGeneratePcm x86_64 /Users/nataliewhipps/Library/Developer/Xcode/DerivedData/ModuleCache.noindex/UniformTypeIdentifiers-AXPM4F7IXE3UAYOUPYI4OP86L.pcm

SwiftExplicitDependencyGeneratePcm x86_64 /Users/nataliewhipps/Library/Developer/Xcode/DerivedData/Prompt28-cgmmkisguitsyibyvnemfqvywbnv/Build/Intermediates.noindex/SwiftExplicitPrecompiledModules/AppAuthCore-6QIAZI7Q09II62NTHDDI3M2JR.pcm

SwiftExplicitDependencyGeneratePcm x86_64 /Users/nataliewhipps/Library/Developer/Xcode/DerivedData/ModuleCache.noindex/CoreTransferable-88XJ2Z7I9VJAZAI2B8FTTBV0P.pcm

SwiftExplicitDependencyGeneratePcm x86_64 /Users/nataliewhipps/Library/Developer/Xcode/DerivedData/ModuleCache.noindex/UIUtilities-9GBAF1OQKM4VYZIIO1SAIKPV8.pcm

SwiftExplicitDependencyGeneratePcm x86_64 /Users/nataliewhipps/Library/Developer/Xcode/DerivedData/ModuleCache.noindex/OpenGLES-2G8H7EV7RHUSD1LV6G55APUQD.pcm

SwiftExplicitDependencyGeneratePcm x86_64 /Users/nataliewhipps/Library/Developer/Xcode/DerivedData/ModuleCache.noindex/FileProvider-3MG8S4P3K2I48UFILGDPM8JML.pcm

SwiftExplicitDependencyGeneratePcm x86_64 /Users/nataliewhipps/Library/Developer/Xcode/DerivedData/ModuleCache.noindex/OSLog-9IERL8YUOZZQJYQMJIZRJRRD5.pcm

SwiftExplicitDependencyGeneratePcm x86_64 /Users/nataliewhipps/Library/Developer/Xcode/DerivedData/ModuleCache.noindex/Accessibility-7QC3WQPDGVKWLB19TA2WBL1CD.pcm

SwiftExplicitDependencyGeneratePcm x86_64 /Users/nataliewhipps/Library/Developer/Xcode/DerivedData/ModuleCache.noindex/Symbols-5A4GFUIN9JJHZTEG8CEM84D89.pcm

SwiftExplicitDependencyGeneratePcm x86_64 /Users/nataliewhipps/Library/Developer/Xcode/DerivedData/ModuleCache.noindex/IOSurface-1HAVY8IK0F0DF9DGT2LJXT8KC.pcm

SwiftExplicitDependencyGeneratePcm x86_64 /Users/nataliewhipps/Library/Developer/Xcode/DerivedData/ModuleCache.noindex/DataDetection-57I8SKFIKPCE2H36TS1INBW2O.pcm

CompileC /Users/nataliewhipps/Library/Developer/Xcode/DerivedData/Prompt28-cgmmkisguitsyibyvnemfqvywbnv/Build/Intermediates.noindex/GoogleUtilities.build/Debug-iphonesimulator/GoogleUtilities-Environment.build/Objects-normal/x86_64/GULAppEnvironmentUtil.o /Users/nataliewhipps/Library/Developer/Xcode/DerivedData/Prompt28-cgmmkisguitsyibyvnemfqvywbnv/SourcePackages/checkouts/GoogleUtilities/GoogleUtilities/Environment/GULAppEnvironmentUtil.m normal x86_64 objective-c com.apple.compilers.llvm.clang.1_0.compiler (in target 'GoogleUtilities-Environment' from project 'GoogleUtilities')
    cd /Users/nataliewhipps/Desktop/Prompt28/Prompt28.xcodeproj
    
    Using response file: /Users/nataliewhipps/Library/Developer/Xcode/DerivedData/Prompt28-cgmmkisguitsyibyvnemfqvywbnv/Build/Intermediates.noindex/GoogleUtilities.build/Debug-iphonesimulator/GoogleUtilities-Environment.build/Objects-normal/x86_64/e6072d4f65d7061329687fe24e3d63a7-common-args.resp
    
    /Applications/Xcode.app/Contents/Developer/Toolchains/XcodeDefault.xctoolchain/usr/bin/clang -x objective-c -ivfsstatcache /Users/nataliewhipps/Library/Developer/Xcode/DerivedData/SDKStatCaches.noindex/iphonesimulator26.2-23C57-7d00a8b37fbd7999ea79df8ebc024bf0.sdkstatcache -fmessage-length\=0 -fdiagnostics-show-note-include-stack -fmacro-backtrace-limit\=0 -fno-color-diagnostics -fmodules-prune-interval\=86400 -fmodules-prune-after\=345600 -fbuild-session-file\=/Users/nataliewhipps/Library/Developer/Xcode/DerivedData/ModuleCache.noindex/Session.modulevalidation -fmodules-validate-once-per-build-session -Wnon-modular-include-in-framework-module -Werror\=non-modular-include-in-framework-module -Wno-trigraphs -Wno-missing-field-initializers -Wno-missing-prototypes -Wno-return-type -Wno-implicit-atomic-properties -Wno-objc-interface-ivars -Wno-arc-repeated-use-of-weak -Wno-missing-braces -Wparentheses -Wswitch -Wno-unused-function -Wno-unused-label -Wno-unused-parameter -Wno-unused-variable -Wunused-value -Wno-empty-body -Wno-uninitialized -Wno-unknown-pragmas -w -Wno-shadow -Wno-four-char-constants -Wno-conversion -Wno-constant-conversion -Wno-int-conversion -Wno-bool-conversion -Wno-enum-conversion -Wno-float-conversion -Wno-non-literal-null-conversion -Wno-objc-literal-conversion -Wshorten-64-to-32 -Wpointer-sign -Wno-newline-eof -Wno-selector -Wno-strict-selector-match -Wno-undeclared-selector -Wno-deprecated-implementations -Wno-implicit-fallthrough -fstrict-aliasing -Wprotocol -Wdeprecated-declarations -Wno-sign-conversion -Wno-infinite-recursion -Wno-comma -Wno-block-capture-autoreleasing -Wno-strict-prototypes -Wno-semicolon-before-method-body -index-store-path /Users/nataliewhipps/Library/Developer/Xcode/DerivedData/Prompt28-cgmmkisguitsyibyvnemfqvywbnv/Index.noindex/DataStore @/Users/nataliewhipps/Library/Developer/Xcode/DerivedData/Prompt28-cgmmkisguitsyibyvnemfqvywbnv/Build/Intermediates.noindex/GoogleUtilities.build/Debug-iphonesimulator/GoogleUtilities-Environment.build/Objects-normal/x86_64/e6072d4f65d7061329687fe24e3d63a7-common-args.resp -include /Users/nataliewhipps/Library/Developer/Xcode/DerivedData/Prompt28-cgmmkisguitsyibyvnemfqvywbnv/Build/Intermediates.noindex/GoogleUtilities.build/Debug-iphonesimulator/GoogleUtilities-Environment.build/DerivedSources/resource_bundle_accessor.h -MMD -MT dependencies -MF /Users/nataliewhipps/Library/Developer/Xcode/DerivedData/Prompt28-cgmmkisguitsyibyvnemfqvywbnv/Build/Intermediates.noindex/GoogleUtilities.build/Debug-iphonesimulator/GoogleUtilities-Environment.build/Objects-normal/x86_64/GULAppEnvironmentUtil.d --serialize-diagnostics /Users/nataliewhipps/Library/Developer/Xcode/DerivedData/Prompt28-cgmmkisguitsyibyvnemfqvywbnv/Build/Intermediates.noindex/GoogleUtilities.build/Debug-iphonesimulator/GoogleUtilities-Environment.build/Objects-normal/x86_64/GULAppEnvironmentUtil.dia -c /Users/nataliewhipps/Library/Developer/Xcode/DerivedData/Prompt28-cgmmkisguitsyibyvnemfqvywbnv/SourcePackages/checkouts/GoogleUtilities/GoogleUtilities/Environment/GULAppEnvironmentUtil.m -o /Users/nataliewhipps/Library/Developer/Xcode/DerivedData/Prompt28-cgmmkisguitsyibyvnemfqvywbnv/Build/Intermediates.noindex/GoogleUtilities.build/Debug-iphonesimulator/GoogleUtilities-Environment.build/Objects-normal/x86_64/GULAppEnvironmentUtil.o -index-unit-output-path /GoogleUtilities.build/Debug-iphonesimulator/GoogleUtilities-Environment.build/Objects-normal/x86_64/GULAppEnvironmentUtil.o

CompileC /Users/nataliewhipps/Library/Developer/Xcode/DerivedData/Prompt28-cgmmkisguitsyibyvnemfqvywbnv/Build/Intermediates.noindex/GTMSessionFetcher.build/Debug-iphonesimulator/GTMSessionFetcherCore.build/Objects-normal/x86_64/GTMSessionUploadFetcher.o /Users/nataliewhipps/Library/Developer/Xcode/DerivedData/Prompt28-cgmmkisguitsyibyvnemfqvywbnv/SourcePackages/checkouts/gtm-session-fetcher/Sources/Core/GTMSessionUploadFetcher.m normal x86_64 objective-c com.apple.compilers.llvm.clang.1_0.compiler (in target 'GTMSessionFetcherCore' from project 'GTMSessionFetcher')
    cd /Users/nataliewhipps/Desktop/Prompt28/Prompt28.xcodeproj
    
    Using response file: /Users/nataliewhipps/Library/Developer/Xcode/DerivedData/Prompt28-cgmmkisguitsyibyvnemfqvywbnv/Build/Intermediates.noindex/GTMSessionFetcher.build/Debug-iphonesimulator/GTMSessionFetcherCore.build/Objects-normal/x86_64/e6072d4f65d7061329687fe24e3d63a7-common-args.resp
    
    /Applications/Xcode.app/Contents/Developer/Toolchains/XcodeDefault.xctoolchain/usr/bin/clang -x objective-c -ivfsstatcache /Users/nataliewhipps/Library/Developer/Xcode/DerivedData/SDKStatCaches.noindex/iphonesimulator26.2-23C57-7d00a8b37fbd7999ea79df8ebc024bf0.sdkstatcache -fmessage-length\=0 -fdiagnostics-show-note-include-stack -fmacro-backtrace-limit\=0 -fno-color-diagnostics -fmodules-prune-interval\=86400 -fmodules-prune-after\=345600 -fbuild-session-file\=/Users/nataliewhipps/Library/Developer/Xcode/DerivedData/ModuleCache.noindex/Session.modulevalidation -fmodules-validate-once-per-build-session -Wnon-modular-include-in-framework-module -Werror\=non-modular-include-in-framework-module -Wno-trigraphs -Wno-missing-field-initializers -Wno-missing-prototypes -Wno-return-type -Wno-implicit-atomic-properties -Wno-objc-interface-ivars -Wno-arc-repeated-use-of-weak -Wno-missing-braces -Wparentheses -Wswitch -Wno-unused-function -Wno-unused-label -Wno-unused-parameter -Wno-unused-variable -Wunused-value -Wno-empty-body -Wno-uninitialized -Wno-unknown-pragmas -w -Wno-shadow -Wno-four-char-constants -Wno-conversion -Wno-constant-conversion -Wno-int-conversion -Wno-bool-conversion -Wno-enum-conversion -Wno-float-conversion -Wno-non-literal-null-conversion -Wno-objc-literal-conversion -Wshorten-64-to-32 -Wpointer-sign -Wno-newline-eof -Wno-selector -Wno-strict-selector-match -Wno-undeclared-selector -Wno-deprecated-implementations -Wno-implicit-fallthrough -fstrict-aliasing -Wprotocol -Wdeprecated-declarations -Wno-sign-conversion -Wno-infinite-recursion -Wno-comma -Wno-block-capture-autoreleasing -Wno-strict-prototypes -Wno-semicolon-before-method-body -index-store-path /Users/nataliewhipps/Library/Developer/Xcode/DerivedData/Prompt28-cgmmkisguitsyibyvnemfqvywbnv/Index.noindex/DataStore @/Users/nataliewhipps/Library/Developer/Xcode/DerivedData/Prompt28-cgmmkisguitsyibyvnemfqvywbnv/Build/Intermediates.noindex/GTMSessionFetcher.build/Debug-iphonesimulator/GTMSessionFetcherCore.build/Objects-normal/x86_64/e6072d4f65d7061329687fe24e3d63a7-common-args.resp -include /Users/nataliewhipps/Library/Developer/Xcode/DerivedData/Prompt28-cgmmkisguitsyibyvnemfqvywbnv/Build/Intermediates.noindex/GTMSessionFetcher.build/Debug-iphonesimulator/GTMSessionFetcherCore.build/DerivedSources/resource_bundle_accessor.h -MMD -MT dependencies -MF /Users/nataliewhipps/Library/Developer/Xcode/DerivedData/Prompt28-cgmmkisguitsyibyvnemfqvywbnv/Build/Intermediates.noindex/GTMSessionFetcher.build/Debug-iphonesimulator/GTMSessionFetcherCore.build/Objects-normal/x86_64/GTMSessionUploadFetcher.d --serialize-diagnostics /Users/nataliewhipps/Library/Developer/Xcode/DerivedData/Prompt28-cgmmkisguitsyibyvnemfqvywbnv/Build/Intermediates.noindex/GTMSessionFetcher.build/Debug-iphonesimulator/GTMSessionFetcherCore.build/Objects-normal/x86_64/GTMSessionUploadFetcher.dia -c /Users/nataliewhipps/Library/Developer/Xcode/DerivedData/Prompt28-cgmmkisguitsyibyvnemfqvywbnv/SourcePackages/checkouts/gtm-session-fetcher/Sources/Core/GTMSessionUploadFetcher.m -o /Users/nataliewhipps/Library/Developer/Xcode/DerivedData/Prompt28-cgmmkisguitsyibyvnemfqvywbnv/Build/Intermediates.noindex/GTMSessionFetcher.build/Debug-iphonesimulator/GTMSessionFetcherCore.build/Objects-normal/x86_64/GTMSessionUploadFetcher.o -index-unit-output-path /GTMSessionFetcher.build/Debug-iphonesimulator/GTMSessionFetcherCore.build/Objects-normal/x86_64/GTMSessionUploadFetcher.o

CompileC /Users/nataliewhipps/Library/Developer/Xcode/DerivedData/Prompt28-cgmmkisguitsyibyvnemfqvywbnv/Build/Intermediates.noindex/GTMSessionFetcher.build/Debug-iphonesimulator/GTMSessionFetcherCore.build/Objects-normal/x86_64/GTMSessionFetcherService.o /Users/nataliewhipps/Library/Developer/Xcode/DerivedData/Prompt28-cgmmkisguitsyibyvnemfqvywbnv/SourcePackages/checkouts/gtm-session-fetcher/Sources/Core/GTMSessionFetcherService.m normal x86_64 objective-c com.apple.compilers.llvm.clang.1_0.compiler (in target 'GTMSessionFetcherCore' from project 'GTMSessionFetcher')
    cd /Users/nataliewhipps/Desktop/Prompt28/Prompt28.xcodeproj
    
    Using response file: /Users/nataliewhipps/Library/Developer/Xcode/DerivedData/Prompt28-cgmmkisguitsyibyvnemfqvywbnv/Build/Intermediates.noindex/GTMSessionFetcher.build/Debug-iphonesimulator/GTMSessionFetcherCore.build/Objects-normal/x86_64/e6072d4f65d7061329687fe24e3d63a7-common-args.resp
    
    /Applications/Xcode.app/Contents/Developer/Toolchains/XcodeDefault.xctoolchain/usr/bin/clang -x objective-c -ivfsstatcache /Users/nataliewhipps/Library/Developer/Xcode/DerivedData/SDKStatCaches.noindex/iphonesimulator26.2-23C57-7d00a8b37fbd7999ea79df8ebc024bf0.sdkstatcache -fmessage-length\=0 -fdiagnostics-show-note-include-stack -fmacro-backtrace-limit\=0 -fno-color-diagnostics -fmodules-prune-interval\=86400 -fmodules-prune-after\=345600 -fbuild-session-file\=/Users/nataliewhipps/Library/Developer/Xcode/DerivedData/ModuleCache.noindex/Session.modulevalidation -fmodules-validate-once-per-build-session -Wnon-modular-include-in-framework-module -Werror\=non-modular-include-in-framework-module -Wno-trigraphs -Wno-missing-field-initializers -Wno-missing-prototypes -Wno-return-type -Wno-implicit-atomic-properties -Wno-objc-interface-ivars -Wno-arc-repeated-use-of-weak -Wno-missing-braces -Wparentheses -Wswitch -Wno-unused-function -Wno-unused-label -Wno-unused-parameter -Wno-unused-variable -Wunused-value -Wno-empty-body -Wno-uninitialized -Wno-unknown-pragmas -w -Wno-shadow -Wno-four-char-constants -Wno-conversion -Wno-constant-conversion -Wno-int-conversion -Wno-bool-conversion -Wno-enum-conversion -Wno-float-conversion -Wno-non-literal-null-conversion -Wno-objc-literal-conversion -Wshorten-64-to-32 -Wpointer-sign -Wno-newline-eof -Wno-selector -Wno-strict-selector-match -Wno-undeclared-selector -Wno-deprecated-implementations -Wno-implicit-fallthrough -fstrict-aliasing -Wprotocol -Wdeprecated-declarations -Wno-sign-conversion -Wno-infinite-recursion -Wno-comma -Wno-block-capture-autoreleasing -Wno-strict-prototypes -Wno-semicolon-before-method-body -index-store-path /Users/nataliewhipps/Library/Developer/Xcode/DerivedData/Prompt28-cgmmkisguitsyibyvnemfqvywbnv/Index.noindex/DataStore @/Users/nataliewhipps/Library/Developer/Xcode/DerivedData/Prompt28-cgmmkisguitsyibyvnemfqvywbnv/Build/Intermediates.noindex/GTMSessionFetcher.build/Debug-iphonesimulator/GTMSessionFetcherCore.build/Objects-normal/x86_64/e6072d4f65d7061329687fe24e3d63a7-common-args.resp -include /Users/nataliewhipps/Library/Developer/Xcode/DerivedData/Prompt28-cgmmkisguitsyibyvnemfqvywbnv/Build/Intermediates.noindex/GTMSessionFetcher.build/Debug-iphonesimulator/GTMSessionFetcherCore.build/DerivedSources/resource_bundle_accessor.h -MMD -MT dependencies -MF /Users/nataliewhipps/Library/Developer/Xcode/DerivedData/Prompt28-cgmmkisguitsyibyvnemfqvywbnv/Build/Intermediates.noindex/GTMSessionFetcher.build/Debug-iphonesimulator/GTMSessionFetcherCore.build/Objects-normal/x86_64/GTMSessionFetcherService.d --serialize-diagnostics /Users/nataliewhipps/Library/Developer/Xcode/DerivedData/Prompt28-cgmmkisguitsyibyvnemfqvywbnv/Build/Intermediates.noindex/GTMSessionFetcher.build/Debug-iphonesimulator/GTMSessionFetcherCore.build/Objects-normal/x86_64/GTMSessionFetcherService.dia -c /Users/nataliewhipps/Library/Developer/Xcode/DerivedData/Prompt28-cgmmkisguitsyibyvnemfqvywbnv/SourcePackages/checkouts/gtm-session-fetcher/Sources/Core/GTMSessionFetcherService.m -o /Users/nataliewhipps/Library/Developer/Xcode/DerivedData/Prompt28-cgmmkisguitsyibyvnemfqvywbnv/Build/Intermediates.noindex/GTMSessionFetcher.build/Debug-iphonesimulator/GTMSessionFetcherCore.build/Objects-normal/x86_64/GTMSessionFetcherService.o -index-unit-output-path /GTMSessionFetcher.build/Debug-iphonesimulator/GTMSessionFetcherCore.build/Objects-normal/x86_64/GTMSessionFetcherService.o

CompileC /Users/nataliewhipps/Library/Developer/Xcode/DerivedData/Prompt28-cgmmkisguitsyibyvnemfqvywbnv/Build/Intermediates.noindex/GTMSessionFetcher.build/Debug-iphonesimulator/GTMSessionFetcherCore.build/Objects-normal/x86_64/GTMSessionFetcherLogging.o /Users/nataliewhipps/Library/Developer/Xcode/DerivedData/Prompt28-cgmmkisguitsyibyvnemfqvywbnv/SourcePackages/checkouts/gtm-session-fetcher/Sources/Core/GTMSessionFetcherLogging.m normal x86_64 objective-c com.apple.compilers.llvm.clang.1_0.compiler (in target 'GTMSessionFetcherCore' from project 'GTMSessionFetcher')
    cd /Users/nataliewhipps/Desktop/Prompt28/Prompt28.xcodeproj
    
    Using response file: /Users/nataliewhipps/Library/Developer/Xcode/DerivedData/Prompt28-cgmmkisguitsyibyvnemfqvywbnv/Build/Intermediates.noindex/GTMSessionFetcher.build/Debug-iphonesimulator/GTMSessionFetcherCore.build/Objects-normal/x86_64/e6072d4f65d7061329687fe24e3d63a7-common-args.resp
    
    /Applications/Xcode.app/Contents/Developer/Toolchains/XcodeDefault.xctoolchain/usr/bin/clang -x objective-c -ivfsstatcache /Users/nataliewhipps/Library/Developer/Xcode/DerivedData/SDKStatCaches.noindex/iphonesimulator26.2-23C57-7d00a8b37fbd7999ea79df8ebc024bf0.sdkstatcache -fmessage-length\=0 -fdiagnostics-show-note-include-stack -fmacro-backtrace-limit\=0 -fno-color-diagnostics -fmodules-prune-interval\=86400 -fmodules-prune-after\=345600 -fbuild-session-file\=/Users/nataliewhipps/Library/Developer/Xcode/DerivedData/ModuleCache.noindex/Session.modulevalidation -fmodules-validate-once-per-build-session -Wnon-modular-include-in-framework-module -Werror\=non-modular-include-in-framework-module -Wno-trigraphs -Wno-missing-field-initializers -Wno-missing-prototypes -Wno-return-type -Wno-implicit-atomic-properties -Wno-objc-interface-ivars -Wno-arc-repeated-use-of-weak -Wno-missing-braces -Wparentheses -Wswitch -Wno-unused-function -Wno-unused-label -Wno-unused-parameter -Wno-unused-variable -Wunused-value -Wno-empty-body -Wno-uninitialized -Wno-unknown-pragmas -w -Wno-shadow -Wno-four-char-constants -Wno-conversion -Wno-constant-conversion -Wno-int-conversion -Wno-bool-conversion -Wno-enum-conversion -Wno-float-conversion -Wno-non-literal-null-conversion -Wno-objc-literal-conversion -Wshorten-64-to-32 -Wpointer-sign -Wno-newline-eof -Wno-selector -Wno-strict-selector-match -Wno-undeclared-selector -Wno-deprecated-implementations -Wno-implicit-fallthrough -fstrict-aliasing -Wprotocol -Wdeprecated-declarations -Wno-sign-conversion -Wno-infinite-recursion -Wno-comma -Wno-block-capture-autoreleasing -Wno-strict-prototypes -Wno-semicolon-before-method-body -index-store-path /Users/nataliewhipps/Library/Developer/Xcode/DerivedData/Prompt28-cgmmkisguitsyibyvnemfqvywbnv/Index.noindex/DataStore @/Users/nataliewhipps/Library/Developer/Xcode/DerivedData/Prompt28-cgmmkisguitsyibyvnemfqvywbnv/Build/Intermediates.noindex/GTMSessionFetcher.build/Debug-iphonesimulator/GTMSessionFetcherCore.build/Objects-normal/x86_64/e6072d4f65d7061329687fe24e3d63a7-common-args.resp -include /Users/nataliewhipps/Library/Developer/Xcode/DerivedData/Prompt28-cgmmkisguitsyibyvnemfqvywbnv/Build/Intermediates.noindex/GTMSessionFetcher.build/Debug-iphonesimulator/GTMSessionFetcherCore.build/DerivedSources/resource_bundle_accessor.h -MMD -MT dependencies -MF /Users/nataliewhipps/Library/Developer/Xcode/DerivedData/Prompt28-cgmmkisguitsyibyvnemfqvywbnv/Build/Intermediates.noindex/GTMSessionFetcher.build/Debug-iphonesimulator/GTMSessionFetcherCore.build/Objects-normal/x86_64/GTMSessionFetcherLogging.d --serialize-diagnostics /Users/nataliewhipps/Library/Developer/Xcode/DerivedData/Prompt28-cgmmkisguitsyibyvnemfqvywbnv/Build/Intermediates.noindex/GTMSessionFetcher.build/Debug-iphonesimulator/GTMSessionFetcherCore.build/Objects-normal/x86_64/GTMSessionFetcherLogging.dia -c /Users/nataliewhipps/Library/Developer/Xcode/DerivedData/Prompt28-cgmmkisguitsyibyvnemfqvywbnv/SourcePackages/checkouts/gtm-session-fetcher/Sources/Core/GTMSessionFetcherLogging.m -o /Users/nataliewhipps/Library/Developer/Xcode/DerivedData/Prompt28-cgmmkisguitsyibyvnemfqvywbnv/Build/Intermediates.noindex/GTMSessionFetcher.build/Debug-iphonesimulator/GTMSessionFetcherCore.build/Objects-normal/x86_64/GTMSessionFetcherLogging.o -index-unit-output-path /GTMSessionFetcher.build/Debug-iphonesimulator/GTMSessionFetcherCore.build/Objects-normal/x86_64/GTMSessionFetcherLogging.o

CompileC /Users/nataliewhipps/Library/Developer/Xcode/DerivedData/Prompt28-cgmmkisguitsyibyvnemfqvywbnv/Build/Intermediates.noindex/GTMSessionFetcher.build/Debug-iphonesimulator/GTMSessionFetcherCore.build/Objects-normal/x86_64/GTMSessionFetcher.o /Users/nataliewhipps/Library/Developer/Xcode/DerivedData/Prompt28-cgmmkisguitsyibyvnemfqvywbnv/SourcePackages/checkouts/gtm-session-fetcher/Sources/Core/GTMSessionFetcher.m normal x86_64 objective-c com.apple.compilers.llvm.clang.1_0.compiler (in target 'GTMSessionFetcherCore' from project 'GTMSessionFetcher')
    cd /Users/nataliewhipps/Desktop/Prompt28/Prompt28.xcodeproj
    
    Using response file: /Users/nataliewhipps/Library/Developer/Xcode/DerivedData/Prompt28-cgmmkisguitsyibyvnemfqvywbnv/Build/Intermediates.noindex/GTMSessionFetcher.build/Debug-iphonesimulator/GTMSessionFetcherCore.build/Objects-normal/x86_64/e6072d4f65d7061329687fe24e3d63a7-common-args.resp
    
    /Applications/Xcode.app/Contents/Developer/Toolchains/XcodeDefault.xctoolchain/usr/bin/clang -x objective-c -ivfsstatcache /Users/nataliewhipps/Library/Developer/Xcode/DerivedData/SDKStatCaches.noindex/iphonesimulator26.2-23C57-7d00a8b37fbd7999ea79df8ebc024bf0.sdkstatcache -fmessage-length\=0 -fdiagnostics-show-note-include-stack -fmacro-backtrace-limit\=0 -fno-color-diagnostics -fmodules-prune-interval\=86400 -fmodules-prune-after\=345600 -fbuild-session-file\=/Users/nataliewhipps/Library/Developer/Xcode/DerivedData/ModuleCache.noindex/Session.modulevalidation -fmodules-validate-once-per-build-session -Wnon-modular-include-in-framework-module -Werror\=non-modular-include-in-framework-module -Wno-trigraphs -Wno-missing-field-initializers -Wno-missing-prototypes -Wno-return-type -Wno-implicit-atomic-properties -Wno-objc-interface-ivars -Wno-arc-repeated-use-of-weak -Wno-missing-braces -Wparentheses -Wswitch -Wno-unused-function -Wno-unused-label -Wno-unused-parameter -Wno-unused-variable -Wunused-value -Wno-empty-body -Wno-uninitialized -Wno-unknown-pragmas -w -Wno-shadow -Wno-four-char-constants -Wno-conversion -Wno-constant-conversion -Wno-int-conversion -Wno-bool-conversion -Wno-enum-conversion -Wno-float-conversion -Wno-non-literal-null-conversion -Wno-objc-literal-conversion -Wshorten-64-to-32 -Wpointer-sign -Wno-newline-eof -Wno-selector -Wno-strict-selector-match -Wno-undeclared-selector -Wno-deprecated-implementations -Wno-implicit-fallthrough -fstrict-aliasing -Wprotocol -Wdeprecated-declarations -Wno-sign-conversion -Wno-infinite-recursion -Wno-comma -Wno-block-capture-autoreleasing -Wno-strict-prototypes -Wno-semicolon-before-method-body -index-store-path /Users/nataliewhipps/Library/Developer/Xcode/DerivedData/Prompt28-cgmmkisguitsyibyvnemfqvywbnv/Index.noindex/DataStore @/Users/nataliewhipps/Library/Developer/Xcode/DerivedData/Prompt28-cgmmkisguitsyibyvnemfqvywbnv/Build/Intermediates.noindex/GTMSessionFetcher.build/Debug-iphonesimulator/GTMSessionFetcherCore.build/Objects-normal/x86_64/e6072d4f65d7061329687fe24e3d63a7-common-args.resp -include /Users/nataliewhipps/Library/Developer/Xcode/DerivedData/Prompt28-cgmmkisguitsyibyvnemfqvywbnv/Build/Intermediates.noindex/GTMSessionFetcher.build/Debug-iphonesimulator/GTMSessionFetcherCore.build/DerivedSources/resource_bundle_accessor.h -MMD -MT dependencies -MF /Users/nataliewhipps/Library/Developer/Xcode/DerivedData/Prompt28-cgmmkisguitsyibyvnemfqvywbnv/Build/Intermediates.noindex/GTMSessionFetcher.build/Debug-iphonesimulator/GTMSessionFetcherCore.build/Objects-normal/x86_64/GTMSessionFetcher.d --serialize-diagnostics /Users/nataliewhipps/Library/Developer/Xcode/DerivedData/Prompt28-cgmmkisguitsyibyvnemfqvywbnv/Build/Intermediates.noindex/GTMSessionFetcher.build/Debug-iphonesimulator/GTMSessionFetcherCore.build/Objects-normal/x86_64/GTMSessionFetcher.dia -c /Users/nataliewhipps/Library/Developer/Xcode/DerivedData/Prompt28-cgmmkisguitsyibyvnemfqvywbnv/SourcePackages/checkouts/gtm-session-fetcher/Sources/Core/GTMSessionFetcher.m -o /Users/nataliewhipps/Library/Developer/Xcode/DerivedData/Prompt28-cgmmkisguitsyibyvnemfqvywbnv/Build/Intermediates.noindex/GTMSessionFetcher.build/Debug-iphonesimulator/GTMSessionFetcherCore.build/Objects-normal/x86_64/GTMSessionFetcher.o -index-unit-output-path /GTMSessionFetcher.build/Debug-iphonesimulator/GTMSessionFetcherCore.build/Objects-normal/x86_64/GTMSessionFetcher.o

CompileC /Users/nataliewhipps/Library/Developer/Xcode/DerivedData/Prompt28-cgmmkisguitsyibyvnemfqvywbnv/Build/Intermediates.noindex/AppAuth.build/Debug-iphonesimulator/AppAuth.build/Objects-normal/x86_64/OIDExternalUserAgentIOSCustomBrowser.o /Users/nataliewhipps/Library/Developer/Xcode/DerivedData/Prompt28-cgmmkisguitsyibyvnemfqvywbnv/SourcePackages/checkouts/AppAuth-iOS/Sources/AppAuth/iOS/OIDExternalUserAgentIOSCustomBrowser.m normal x86_64 objective-c com.apple.compilers.llvm.clang.1_0.compiler (in target 'AppAuth' from project 'AppAuth')
    cd /Users/nataliewhipps/Desktop/Prompt28/Prompt28.xcodeproj
    
    Using response file: /Users/nataliewhipps/Library/Developer/Xcode/DerivedData/Prompt28-cgmmkisguitsyibyvnemfqvywbnv/Build/Intermediates.noindex/AppAuth.build/Debug-iphonesimulator/AppAuth.build/Objects-normal/x86_64/e6072d4f65d7061329687fe24e3d63a7-common-args.resp
    
    /Applications/Xcode.app/Contents/Developer/Toolchains/XcodeDefault.xctoolchain/usr/bin/clang -x objective-c -ivfsstatcache /Users/nataliewhipps/Library/Developer/Xcode/DerivedData/SDKStatCaches.noindex/iphonesimulator26.2-23C57-7d00a8b37fbd7999ea79df8ebc024bf0.sdkstatcache -fmessage-length\=0 -fdiagnostics-show-note-include-stack -fmacro-backtrace-limit\=0 -fno-color-diagnostics -fmodules-prune-interval\=86400 -fmodules-prune-after\=345600 -fbuild-session-file\=/Users/nataliewhipps/Library/Developer/Xcode/DerivedData/ModuleCache.noindex/Session.modulevalidation -fmodules-validate-once-per-build-session -Wnon-modular-include-in-framework-module -Werror\=non-modular-include-in-framework-module -Wno-trigraphs -Wno-missing-field-initializers -Wno-missing-prototypes -Wno-return-type -Wno-implicit-atomic-properties -Wno-objc-interface-ivars -Wno-arc-repeated-use-of-weak -Wno-missing-braces -Wparentheses -Wswitch -Wno-unused-function -Wno-unused-label -Wno-unused-parameter -Wno-unused-variable -Wunused-value -Wno-empty-body -Wno-uninitialized -Wno-unknown-pragmas -w -Wno-shadow -Wno-four-char-constants -Wno-conversion -Wno-constant-conversion -Wno-int-conversion -Wno-bool-conversion -Wno-enum-conversion -Wno-float-conversion -Wno-non-literal-null-conversion -Wno-objc-literal-conversion -Wshorten-64-to-32 -Wpointer-sign -Wno-newline-eof -Wno-selector -Wno-strict-selector-match -Wno-undeclared-selector -Wno-deprecated-implementations -Wno-implicit-fallthrough -fstrict-aliasing -Wprotocol -Wdeprecated-declarations -Wno-sign-conversion -Wno-infinite-recursion -Wno-comma -Wno-block-capture-autoreleasing -Wno-strict-prototypes -Wno-semicolon-before-method-body -index-store-path /Users/nataliewhipps/Library/Developer/Xcode/DerivedData/Prompt28-cgmmkisguitsyibyvnemfqvywbnv/Index.noindex/DataStore @/Users/nataliewhipps/Library/Developer/Xcode/DerivedData/Prompt28-cgmmkisguitsyibyvnemfqvywbnv/Build/Intermediates.noindex/AppAuth.build/Debug-iphonesimulator/AppAuth.build/Objects-normal/x86_64/e6072d4f65d7061329687fe24e3d63a7-common-args.resp -include /Users/nataliewhipps/Library/Developer/Xcode/DerivedData/Prompt28-cgmmkisguitsyibyvnemfqvywbnv/Build/Intermediates.noindex/AppAuth.build/Debug-iphonesimulator/AppAuth.build/DerivedSources/resource_bundle_accessor.h -MMD -MT dependencies -MF /Users/nataliewhipps/Library/Developer/Xcode/DerivedData/Prompt28-cgmmkisguitsyibyvnemfqvywbnv/Build/Intermediates.noindex/AppAuth.build/Debug-iphonesimulator/AppAuth.build/Objects-normal/x86_64/OIDExternalUserAgentIOSCustomBrowser.d --serialize-diagnostics /Users/nataliewhipps/Library/Developer/Xcode/DerivedData/Prompt28-cgmmkisguitsyibyvnemfqvywbnv/Build/Intermediates.noindex/AppAuth.build/Debug-iphonesimulator/AppAuth.build/Objects-normal/x86_64/OIDExternalUserAgentIOSCustomBrowser.dia -c /Users/nataliewhipps/Library/Developer/Xcode/DerivedData/Prompt28-cgmmkisguitsyibyvnemfqvywbnv/SourcePackages/checkouts/AppAuth-iOS/Sources/AppAuth/iOS/OIDExternalUserAgentIOSCustomBrowser.m -o /Users/nataliewhipps/Library/Developer/Xcode/DerivedData/Prompt28-cgmmkisguitsyibyvnemfqvywbnv/Build/Intermediates.noindex/AppAuth.build/Debug-iphonesimulator/AppAuth.build/Objects-normal/x86_64/OIDExternalUserAgentIOSCustomBrowser.o -index-unit-output-path /AppAuth.build/Debug-iphonesimulator/AppAuth.build/Objects-normal/x86_64/OIDExternalUserAgentIOSCustomBrowser.o

Ld /Users/nataliewhipps/Library/Developer/Xcode/DerivedData/Prompt28-cgmmkisguitsyibyvnemfqvywbnv/Build/Products/Debug-iphonesimulator/GoogleUtilities-Environment.o normal (in target 'GoogleUtilities-Environment' from project 'GoogleUtilities')
    cd /Users/nataliewhipps/Library/Developer/Xcode/DerivedData/Prompt28-cgmmkisguitsyibyvnemfqvywbnv/SourcePackages/checkouts/GoogleUtilities
    /Applications/Xcode.app/Contents/Developer/Toolchains/XcodeDefault.xctoolchain/usr/bin/clang -Xlinker -reproducible -target x86_64-apple-ios12.0-simulator -r -isysroot /Applications/Xcode.app/Contents/Developer/Platforms/iPhoneSimulator.platform/Developer/SDKs/iPhoneSimulator26.2.sdk -O0 -w -L/Users/nataliewhipps/Library/Developer/Xcode/DerivedData/Prompt28-cgmmkisguitsyibyvnemfqvywbnv/Build/Intermediates.noindex/EagerLinkingTBDs/Debug-iphonesimulator -L/Users/nataliewhipps/Library/Developer/Xcode/DerivedData/Prompt28-cgmmkisguitsyibyvnemfqvywbnv/Build/Products/Debug-iphonesimulator -L/Applications/Xcode.app/Contents/Developer/Platforms/iPhoneSimulator.platform/Developer/usr/lib -F/Users/nataliewhipps/Library/Developer/Xcode/DerivedData/Prompt28-cgmmkisguitsyibyvnemfqvywbnv/Build/Intermediates.noindex/EagerLinkingTBDs/Debug-iphonesimulator -F/Users/nataliewhipps/Library/Developer/Xcode/DerivedData/Prompt28-cgmmkisguitsyibyvnemfqvywbnv/Build/Products/Debug-iphonesimulator/PackageFrameworks -F/Users/nataliewhipps/Library/Developer/Xcode/DerivedData/Prompt28-cgmmkisguitsyibyvnemfqvywbnv/Build/Products/Debug-iphonesimulator -iframework /Applications/Xcode.app/Contents/Developer/Platforms/iPhoneSimulator.platform/Developer/Library/Frameworks -iframework /Applications/Xcode.app/Contents/Developer/Platforms/iPhoneSimulator.platform/Developer/SDKs/iPhoneSimulator26.2.sdk/Developer/Library/Frameworks -filelist /Users/nataliewhipps/Library/Developer/Xcode/DerivedData/Prompt28-cgmmkisguitsyibyvnemfqvywbnv/Build/Intermediates.noindex/GoogleUtilities.build/Debug-iphonesimulator/GoogleUtilities-Environment.build/Objects-normal/x86_64/GoogleUtilities-Environment.LinkFileList -nostdlib -Xlinker -object_path_lto -Xlinker /Users/nataliewhipps/Library/Developer/Xcode/DerivedData/Prompt28-cgmmkisguitsyibyvnemfqvywbnv/Build/Intermediates.noindex/GoogleUtilities.build/Debug-iphonesimulator/GoogleUtilities-Environment.build/Objects-normal/x86_64/GoogleUtilities-Environment_lto.o -rdynamic -Xlinker -no_deduplicate -Xlinker -objc_abi_version -Xlinker 2 -Xlinker -debug_variant -Xlinker -dependency_info -Xlinker /Users/nataliewhipps/Library/Developer/Xcode/DerivedData/Prompt28-cgmmkisguitsyibyvnemfqvywbnv/Build/Intermediates.noindex/GoogleUtilities.build/Debug-iphonesimulator/GoogleUtilities-Environment.build/Objects-normal/x86_64/GoogleUtilities-Environment_dependency_info.dat -fobjc-arc -fobjc-link-runtime -o /Users/nataliewhipps/Library/Developer/Xcode/DerivedData/Prompt28-cgmmkisguitsyibyvnemfqvywbnv/Build/Products/Debug-iphonesimulator/GoogleUtilities-Environment.o

CompileC /Users/nataliewhipps/Library/Developer/Xcode/DerivedData/Prompt28-cgmmkisguitsyibyvnemfqvywbnv/Build/Intermediates.noindex/AppAuth.build/Debug-iphonesimulator/AppAuth.build/Objects-normal/x86_64/OIDAuthorizationService+IOS.o /Users/nataliewhipps/Library/Developer/Xcode/DerivedData/Prompt28-cgmmkisguitsyibyvnemfqvywbnv/SourcePackages/checkouts/AppAuth-iOS/Sources/AppAuth/iOS/OIDAuthorizationService+IOS.m normal x86_64 objective-c com.apple.compilers.llvm.clang.1_0.compiler (in target 'AppAuth' from project 'AppAuth')
    cd /Users/nataliewhipps/Desktop/Prompt28/Prompt28.xcodeproj
    
    Using response file: /Users/nataliewhipps/Library/Developer/Xcode/DerivedData/Prompt28-cgmmkisguitsyibyvnemfqvywbnv/Build/Intermediates.noindex/AppAuth.build/Debug-iphonesimulator/AppAuth.build/Objects-normal/x86_64/e6072d4f65d7061329687fe24e3d63a7-common-args.resp
    
    /Applications/Xcode.app/Contents/Developer/Toolchains/XcodeDefault.xctoolchain/usr/bin/clang -x objective-c -ivfsstatcache /Users/nataliewhipps/Library/Developer/Xcode/DerivedData/SDKStatCaches.noindex/iphonesimulator26.2-23C57-7d00a8b37fbd7999ea79df8ebc024bf0.sdkstatcache -fmessage-length\=0 -fdiagnostics-show-note-include-stack -fmacro-backtrace-limit\=0 -fno-color-diagnostics -fmodules-prune-interval\=86400 -fmodules-prune-after\=345600 -fbuild-session-file\=/Users/nataliewhipps/Library/Developer/Xcode/DerivedData/ModuleCache.noindex/Session.modulevalidation -fmodules-validate-once-per-build-session -Wnon-modular-include-in-framework-module -Werror\=non-modular-include-in-framework-module -Wno-trigraphs -Wno-missing-field-initializers -Wno-missing-prototypes -Wno-return-type -Wno-implicit-atomic-properties -Wno-objc-interface-ivars -Wno-arc-repeated-use-of-weak -Wno-missing-braces -Wparentheses -Wswitch -Wno-unused-function -Wno-unused-label -Wno-unused-parameter -Wno-unused-variable -Wunused-value -Wno-empty-body -Wno-uninitialized -Wno-unknown-pragmas -w -Wno-shadow -Wno-four-char-constants -Wno-conversion -Wno-constant-conversion -Wno-int-conversion -Wno-bool-conversion -Wno-enum-conversion -Wno-float-conversion -Wno-non-literal-null-conversion -Wno-objc-literal-conversion -Wshorten-64-to-32 -Wpointer-sign -Wno-newline-eof -Wno-selector -Wno-strict-selector-match -Wno-undeclared-selector -Wno-deprecated-implementations -Wno-implicit-fallthrough -fstrict-aliasing -Wprotocol -Wdeprecated-declarations -Wno-sign-conversion -Wno-infinite-recursion -Wno-comma -Wno-block-capture-autoreleasing -Wno-strict-prototypes -Wno-semicolon-before-method-body -index-store-path /Users/nataliewhipps/Library/Developer/Xcode/DerivedData/Prompt28-cgmmkisguitsyibyvnemfqvywbnv/Index.noindex/DataStore @/Users/nataliewhipps/Library/Developer/Xcode/DerivedData/Prompt28-cgmmkisguitsyibyvnemfqvywbnv/Build/Intermediates.noindex/AppAuth.build/Debug-iphonesimulator/AppAuth.build/Objects-normal/x86_64/e6072d4f65d7061329687fe24e3d63a7-common-args.resp -include /Users/nataliewhipps/Library/Developer/Xcode/DerivedData/Prompt28-cgmmkisguitsyibyvnemfqvywbnv/Build/Intermediates.noindex/AppAuth.build/Debug-iphonesimulator/AppAuth.build/DerivedSources/resource_bundle_accessor.h -MMD -MT dependencies -MF /Users/nataliewhipps/Library/Developer/Xcode/DerivedData/Prompt28-cgmmkisguitsyibyvnemfqvywbnv/Build/Intermediates.noindex/AppAuth.build/Debug-iphonesimulator/AppAuth.build/Objects-normal/x86_64/OIDAuthorizationService+IOS.d --serialize-diagnostics /Users/nataliewhipps/Library/Developer/Xcode/DerivedData/Prompt28-cgmmkisguitsyibyvnemfqvywbnv/Build/Intermediates.noindex/AppAuth.build/Debug-iphonesimulator/AppAuth.build/Objects-normal/x86_64/OIDAuthorizationService+IOS.dia -c /Users/nataliewhipps/Library/Developer/Xcode/DerivedData/Prompt28-cgmmkisguitsyibyvnemfqvywbnv/SourcePackages/checkouts/AppAuth-iOS/Sources/AppAuth/iOS/OIDAuthorizationService+IOS.m -o /Users/nataliewhipps/Library/Developer/Xcode/DerivedData/Prompt28-cgmmkisguitsyibyvnemfqvywbnv/Build/Intermediates.noindex/AppAuth.build/Debug-iphonesimulator/AppAuth.build/Objects-normal/x86_64/OIDAuthorizationService+IOS.o -index-unit-output-path /AppAuth.build/Debug-iphonesimulator/AppAuth.build/Objects-normal/x86_64/OIDAuthorizationService+IOS.o

CompileC /Users/nataliewhipps/Library/Developer/Xcode/DerivedData/Prompt28-cgmmkisguitsyibyvnemfqvywbnv/Build/Intermediates.noindex/AppAuth.build/Debug-iphonesimulator/AppAuth.build/Objects-normal/x86_64/OIDAuthState+IOS.o /Users/nataliewhipps/Library/Developer/Xcode/DerivedData/Prompt28-cgmmkisguitsyibyvnemfqvywbnv/SourcePackages/checkouts/AppAuth-iOS/Sources/AppAuth/iOS/OIDAuthState+IOS.m normal x86_64 objective-c com.apple.compilers.llvm.clang.1_0.compiler (in target 'AppAuth' from project 'AppAuth')
    cd /Users/nataliewhipps/Desktop/Prompt28/Prompt28.xcodeproj
    
    Using response file: /Users/nataliewhipps/Library/Developer/Xcode/DerivedData/Prompt28-cgmmkisguitsyibyvnemfqvywbnv/Build/Intermediates.noindex/AppAuth.build/Debug-iphonesimulator/AppAuth.build/Objects-normal/x86_64/e6072d4f65d7061329687fe24e3d63a7-common-args.resp
    
    /Applications/Xcode.app/Contents/Developer/Toolchains/XcodeDefault.xctoolchain/usr/bin/clang -x objective-c -ivfsstatcache /Users/nataliewhipps/Library/Developer/Xcode/DerivedData/SDKStatCaches.noindex/iphonesimulator26.2-23C57-7d00a8b37fbd7999ea79df8ebc024bf0.sdkstatcache -fmessage-length\=0 -fdiagnostics-show-note-include-stack -fmacro-backtrace-limit\=0 -fno-color-diagnostics -fmodules-prune-interval\=86400 -fmodules-prune-after\=345600 -fbuild-session-file\=/Users/nataliewhipps/Library/Developer/Xcode/DerivedData/ModuleCache.noindex/Session.modulevalidation -fmodules-validate-once-per-build-session -Wnon-modular-include-in-framework-module -Werror\=non-modular-include-in-framework-module -Wno-trigraphs -Wno-missing-field-initializers -Wno-missing-prototypes -Wno-return-type -Wno-implicit-atomic-properties -Wno-objc-interface-ivars -Wno-arc-repeated-use-of-weak -Wno-missing-braces -Wparentheses -Wswitch -Wno-unused-function -Wno-unused-label -Wno-unused-parameter -Wno-unused-variable -Wunused-value -Wno-empty-body -Wno-uninitialized -Wno-unknown-pragmas -w -Wno-shadow -Wno-four-char-constants -Wno-conversion -Wno-constant-conversion -Wno-int-conversion -Wno-bool-conversion -Wno-enum-conversion -Wno-float-conversion -Wno-non-literal-null-conversion -Wno-objc-literal-conversion -Wshorten-64-to-32 -Wpointer-sign -Wno-newline-eof -Wno-selector -Wno-strict-selector-match -Wno-undeclared-selector -Wno-deprecated-implementations -Wno-implicit-fallthrough -fstrict-aliasing -Wprotocol -Wdeprecated-declarations -Wno-sign-conversion -Wno-infinite-recursion -Wno-comma -Wno-block-capture-autoreleasing -Wno-strict-prototypes -Wno-semicolon-before-method-body -index-store-path /Users/nataliewhipps/Library/Developer/Xcode/DerivedData/Prompt28-cgmmkisguitsyibyvnemfqvywbnv/Index.noindex/DataStore @/Users/nataliewhipps/Library/Developer/Xcode/DerivedData/Prompt28-cgmmkisguitsyibyvnemfqvywbnv/Build/Intermediates.noindex/AppAuth.build/Debug-iphonesimulator/AppAuth.build/Objects-normal/x86_64/e6072d4f65d7061329687fe24e3d63a7-common-args.resp -include /Users/nataliewhipps/Library/Developer/Xcode/DerivedData/Prompt28-cgmmkisguitsyibyvnemfqvywbnv/Build/Intermediates.noindex/AppAuth.build/Debug-iphonesimulator/AppAuth.build/DerivedSources/resource_bundle_accessor.h -MMD -MT dependencies -MF /Users/nataliewhipps/Library/Developer/Xcode/DerivedData/Prompt28-cgmmkisguitsyibyvnemfqvywbnv/Build/Intermediates.noindex/AppAuth.build/Debug-iphonesimulator/AppAuth.build/Objects-normal/x86_64/OIDAuthState+IOS.d --serialize-diagnostics /Users/nataliewhipps/Library/Developer/Xcode/DerivedData/Prompt28-cgmmkisguitsyibyvnemfqvywbnv/Build/Intermediates.noindex/AppAuth.build/Debug-iphonesimulator/AppAuth.build/Objects-normal/x86_64/OIDAuthState+IOS.dia -c /Users/nataliewhipps/Library/Developer/Xcode/DerivedData/Prompt28-cgmmkisguitsyibyvnemfqvywbnv/SourcePackages/checkouts/AppAuth-iOS/Sources/AppAuth/iOS/OIDAuthState+IOS.m -o /Users/nataliewhipps/Library/Developer/Xcode/DerivedData/Prompt28-cgmmkisguitsyibyvnemfqvywbnv/Build/Intermediates.noindex/AppAuth.build/Debug-iphonesimulator/AppAuth.build/Objects-normal/x86_64/OIDAuthState+IOS.o -index-unit-output-path /AppAuth.build/Debug-iphonesimulator/AppAuth.build/Objects-normal/x86_64/OIDAuthState+IOS.o

SwiftExplicitDependencyGeneratePcm x86_64 /Users/nataliewhipps/Library/Developer/Xcode/DerivedData/ModuleCache.noindex/Metal-EY10ZUAP3PKOUMYKIMPJ8A4FX.pcm

PrecompileModule /Users/nataliewhipps/Library/Developer/Xcode/DerivedData/Prompt28-cgmmkisguitsyibyvnemfqvywbnv/Build/Intermediates.noindex/ExplicitPrecompiledModules/SafariServices-8SWMW289I03VPNFCS5S4DQO5T.scan
    cd /
    builtin-precompileModule /Users/nataliewhipps/Library/Developer/Xcode/DerivedData/Prompt28-cgmmkisguitsyibyvnemfqvywbnv/Build/Intermediates.noindex/ExplicitPrecompiledModules/SafariServices-8SWMW289I03VPNFCS5S4DQO5T.scan

PrecompileModule /Users/nataliewhipps/Library/Developer/Xcode/DerivedData/Prompt28-cgmmkisguitsyibyvnemfqvywbnv/Build/Intermediates.noindex/ExplicitPrecompiledModules/AuthenticationServices-51ZPEK2J7DOHJRLD5OVSZ86XO.scan
    cd /
    builtin-precompileModule /Users/nataliewhipps/Library/Developer/Xcode/DerivedData/Prompt28-cgmmkisguitsyibyvnemfqvywbnv/Build/Intermediates.noindex/ExplicitPrecompiledModules/AuthenticationServices-51ZPEK2J7DOHJRLD5OVSZ86XO.scan

RegisterExecutionPolicyException /Users/nataliewhipps/Library/Developer/Xcode/DerivedData/Prompt28-cgmmkisguitsyibyvnemfqvywbnv/Build/Products/Debug-iphonesimulator/GoogleUtilities-Environment.o (in target 'GoogleUtilities-Environment' from project 'GoogleUtilities')
    cd /Users/nataliewhipps/Library/Developer/Xcode/DerivedData/Prompt28-cgmmkisguitsyibyvnemfqvywbnv/SourcePackages/checkouts/GoogleUtilities
    builtin-RegisterExecutionPolicyException /Users/nataliewhipps/Library/Developer/Xcode/DerivedData/Prompt28-cgmmkisguitsyibyvnemfqvywbnv/Build/Products/Debug-iphonesimulator/GoogleUtilities-Environment.o

Ld /Users/nataliewhipps/Library/Developer/Xcode/DerivedData/Prompt28-cgmmkisguitsyibyvnemfqvywbnv/Build/Products/Debug-iphonesimulator/GoogleUtilities-Logger.o normal (in target 'GoogleUtilities-Logger' from project 'GoogleUtilities')
    cd /Users/nataliewhipps/Library/Developer/Xcode/DerivedData/Prompt28-cgmmkisguitsyibyvnemfqvywbnv/SourcePackages/checkouts/GoogleUtilities
    /Applications/Xcode.app/Contents/Developer/Toolchains/XcodeDefault.xctoolchain/usr/bin/clang -Xlinker -reproducible -target x86_64-apple-ios12.0-simulator -r -isysroot /Applications/Xcode.app/Contents/Developer/Platforms/iPhoneSimulator.platform/Developer/SDKs/iPhoneSimulator26.2.sdk -O0 -w -L/Users/nataliewhipps/Library/Developer/Xcode/DerivedData/Prompt28-cgmmkisguitsyibyvnemfqvywbnv/Build/Intermediates.noindex/EagerLinkingTBDs/Debug-iphonesimulator -L/Users/nataliewhipps/Library/Developer/Xcode/DerivedData/Prompt28-cgmmkisguitsyibyvnemfqvywbnv/Build/Products/Debug-iphonesimulator -L/Applications/Xcode.app/Contents/Developer/Platforms/iPhoneSimulator.platform/Developer/usr/lib -F/Users/nataliewhipps/Library/Developer/Xcode/DerivedData/Prompt28-cgmmkisguitsyibyvnemfqvywbnv/Build/Intermediates.noindex/EagerLinkingTBDs/Debug-iphonesimulator -F/Users/nataliewhipps/Library/Developer/Xcode/DerivedData/Prompt28-cgmmkisguitsyibyvnemfqvywbnv/Build/Products/Debug-iphonesimulator/PackageFrameworks -F/Users/nataliewhipps/Library/Developer/Xcode/DerivedData/Prompt28-cgmmkisguitsyibyvnemfqvywbnv/Build/Products/Debug-iphonesimulator/PackageFrameworks -F/Users/nataliewhipps/Library/Developer/Xcode/DerivedData/Prompt28-cgmmkisguitsyibyvnemfqvywbnv/Build/Products/Debug-iphonesimulator -iframework /Applications/Xcode.app/Contents/Developer/Platforms/iPhoneSimulator.platform/Developer/Library/Frameworks -iframework /Applications/Xcode.app/Contents/Developer/Platforms/iPhoneSimulator.platform/Developer/SDKs/iPhoneSimulator26.2.sdk/Developer/Library/Frameworks -filelist /Users/nataliewhipps/Library/Developer/Xcode/DerivedData/Prompt28-cgmmkisguitsyibyvnemfqvywbnv/Build/Intermediates.noindex/GoogleUtilities.build/Debug-iphonesimulator/GoogleUtilities-Logger.build/Objects-normal/x86_64/GoogleUtilities-Logger.LinkFileList -nostdlib -Xlinker -object_path_lto -Xlinker /Users/nataliewhipps/Library/Developer/Xcode/DerivedData/Prompt28-cgmmkisguitsyibyvnemfqvywbnv/Build/Intermediates.noindex/GoogleUtilities.build/Debug-iphonesimulator/GoogleUtilities-Logger.build/Objects-normal/x86_64/GoogleUtilities-Logger_lto.o -rdynamic -Xlinker -no_deduplicate -Xlinker -objc_abi_version -Xlinker 2 -Xlinker -debug_variant -Xlinker -dependency_info -Xlinker /Users/nataliewhipps/Library/Developer/Xcode/DerivedData/Prompt28-cgmmkisguitsyibyvnemfqvywbnv/Build/Intermediates.noindex/GoogleUtilities.build/Debug-iphonesimulator/GoogleUtilities-Logger.build/Objects-normal/x86_64/GoogleUtilities-Logger_dependency_info.dat -fobjc-arc -fobjc-link-runtime -o /Users/nataliewhipps/Library/Developer/Xcode/DerivedData/Prompt28-cgmmkisguitsyibyvnemfqvywbnv/Build/Products/Debug-iphonesimulator/GoogleUtilities-Logger.o

RegisterExecutionPolicyException /Users/nataliewhipps/Library/Developer/Xcode/DerivedData/Prompt28-cgmmkisguitsyibyvnemfqvywbnv/Build/Products/Debug-iphonesimulator/GoogleUtilities-Logger.o (in target 'GoogleUtilities-Logger' from project 'GoogleUtilities')
    cd /Users/nataliewhipps/Library/Developer/Xcode/DerivedData/Prompt28-cgmmkisguitsyibyvnemfqvywbnv/SourcePackages/checkouts/GoogleUtilities
    builtin-RegisterExecutionPolicyException /Users/nataliewhipps/Library/Developer/Xcode/DerivedData/Prompt28-cgmmkisguitsyibyvnemfqvywbnv/Build/Products/Debug-iphonesimulator/GoogleUtilities-Logger.o

Ld /Users/nataliewhipps/Library/Developer/Xcode/DerivedData/Prompt28-cgmmkisguitsyibyvnemfqvywbnv/Build/Products/Debug-iphonesimulator/GoogleUtilities-UserDefaults.o normal (in target 'GoogleUtilities-UserDefaults' from project 'GoogleUtilities')
    cd /Users/nataliewhipps/Library/Developer/Xcode/DerivedData/Prompt28-cgmmkisguitsyibyvnemfqvywbnv/SourcePackages/checkouts/GoogleUtilities
    /Applications/Xcode.app/Contents/Developer/Toolchains/XcodeDefault.xctoolchain/usr/bin/clang -Xlinker -reproducible -target x86_64-apple-ios12.0-simulator -r -isysroot /Applications/Xcode.app/Contents/Developer/Platforms/iPhoneSimulator.platform/Developer/SDKs/iPhoneSimulator26.2.sdk -O0 -w -L/Users/nataliewhipps/Library/Developer/Xcode/DerivedData/Prompt28-cgmmkisguitsyibyvnemfqvywbnv/Build/Intermediates.noindex/EagerLinkingTBDs/Debug-iphonesimulator -L/Users/nataliewhipps/Library/Developer/Xcode/DerivedData/Prompt28-cgmmkisguitsyibyvnemfqvywbnv/Build/Products/Debug-iphonesimulator -L/Applications/Xcode.app/Contents/Developer/Platforms/iPhoneSimulator.platform/Developer/usr/lib -F/Users/nataliewhipps/Library/Developer/Xcode/DerivedData/Prompt28-cgmmkisguitsyibyvnemfqvywbnv/Build/Intermediates.noindex/EagerLinkingTBDs/Debug-iphonesimulator -F/Users/nataliewhipps/Library/Developer/Xcode/DerivedData/Prompt28-cgmmkisguitsyibyvnemfqvywbnv/Build/Products/Debug-iphonesimulator/PackageFrameworks -F/Users/nataliewhipps/Library/Developer/Xcode/DerivedData/Prompt28-cgmmkisguitsyibyvnemfqvywbnv/Build/Products/Debug-iphonesimulator/PackageFrameworks -F/Users/nataliewhipps/Library/Developer/Xcode/DerivedData/Prompt28-cgmmkisguitsyibyvnemfqvywbnv/Build/Products/Debug-iphonesimulator/PackageFrameworks -F/Users/nataliewhipps/Library/Developer/Xcode/DerivedData/Prompt28-cgmmkisguitsyibyvnemfqvywbnv/Build/Products/Debug-iphonesimulator -iframework /Applications/Xcode.app/Contents/Developer/Platforms/iPhoneSimulator.platform/Developer/Library/Frameworks -iframework /Applications/Xcode.app/Contents/Developer/Platforms/iPhoneSimulator.platform/Developer/SDKs/iPhoneSimulator26.2.sdk/Developer/Library/Frameworks -filelist /Users/nataliewhipps/Library/Developer/Xcode/DerivedData/Prompt28-cgmmkisguitsyibyvnemfqvywbnv/Build/Intermediates.noindex/GoogleUtilities.build/Debug-iphonesimulator/GoogleUtilities-UserDefaults.build/Objects-normal/x86_64/GoogleUtilities-UserDefaults.LinkFileList -nostdlib -Xlinker -object_path_lto -Xlinker /Users/nataliewhipps/Library/Developer/Xcode/DerivedData/Prompt28-cgmmkisguitsyibyvnemfqvywbnv/Build/Intermediates.noindex/GoogleUtilities.build/Debug-iphonesimulator/GoogleUtilities-UserDefaults.build/Objects-normal/x86_64/GoogleUtilities-UserDefaults_lto.o -rdynamic -Xlinker -no_deduplicate -Xlinker -objc_abi_version -Xlinker 2 -Xlinker -debug_variant -Xlinker -dependency_info -Xlinker /Users/nataliewhipps/Library/Developer/Xcode/DerivedData/Prompt28-cgmmkisguitsyibyvnemfqvywbnv/Build/Intermediates.noindex/GoogleUtilities.build/Debug-iphonesimulator/GoogleUtilities-UserDefaults.build/Objects-normal/x86_64/GoogleUtilities-UserDefaults_dependency_info.dat -fobjc-arc -fobjc-link-runtime -o /Users/nataliewhipps/Library/Developer/Xcode/DerivedData/Prompt28-cgmmkisguitsyibyvnemfqvywbnv/Build/Products/Debug-iphonesimulator/GoogleUtilities-UserDefaults.o

RegisterExecutionPolicyException /Users/nataliewhipps/Library/Developer/Xcode/DerivedData/Prompt28-cgmmkisguitsyibyvnemfqvywbnv/Build/Products/Debug-iphonesimulator/GoogleUtilities-UserDefaults.o (in target 'GoogleUtilities-UserDefaults' from project 'GoogleUtilities')
    cd /Users/nataliewhipps/Library/Developer/Xcode/DerivedData/Prompt28-cgmmkisguitsyibyvnemfqvywbnv/SourcePackages/checkouts/GoogleUtilities
    builtin-RegisterExecutionPolicyException /Users/nataliewhipps/Library/Developer/Xcode/DerivedData/Prompt28-cgmmkisguitsyibyvnemfqvywbnv/Build/Products/Debug-iphonesimulator/GoogleUtilities-UserDefaults.o

Ld /Users/nataliewhipps/Library/Developer/Xcode/DerivedData/Prompt28-cgmmkisguitsyibyvnemfqvywbnv/Build/Products/Debug-iphonesimulator/AppCheckCore.o normal (in target 'AppCheckCore' from project 'AppCheck')
    cd /Users/nataliewhipps/Library/Developer/Xcode/DerivedData/Prompt28-cgmmkisguitsyibyvnemfqvywbnv/SourcePackages/checkouts/app-check
    /Applications/Xcode.app/Contents/Developer/Toolchains/XcodeDefault.xctoolchain/usr/bin/clang -Xlinker -reproducible -target x86_64-apple-ios12.0-simulator -r -isysroot /Applications/Xcode.app/Contents/Developer/Platforms/iPhoneSimulator.platform/Developer/SDKs/iPhoneSimulator26.2.sdk -O0 -w -L/Users/nataliewhipps/Library/Developer/Xcode/DerivedData/Prompt28-cgmmkisguitsyibyvnemfqvywbnv/Build/Intermediates.noindex/EagerLinkingTBDs/Debug-iphonesimulator -L/Users/nataliewhipps/Library/Developer/Xcode/DerivedData/Prompt28-cgmmkisguitsyibyvnemfqvywbnv/Build/Products/Debug-iphonesimulator -L/Applications/Xcode.app/Contents/Developer/Platforms/iPhoneSimulator.platform/Developer/usr/lib -F/Users/nataliewhipps/Library/Developer/Xcode/DerivedData/Prompt28-cgmmkisguitsyibyvnemfqvywbnv/Build/Intermediates.noindex/EagerLinkingTBDs/Debug-iphonesimulator -F/Users/nataliewhipps/Library/Developer/Xcode/DerivedData/Prompt28-cgmmkisguitsyibyvnemfqvywbnv/Build/Products/Debug-iphonesimulator/PackageFrameworks -F/Users/nataliewhipps/Library/Developer/Xcode/DerivedData/Prompt28-cgmmkisguitsyibyvnemfqvywbnv/Build/Products/Debug-iphonesimulator/PackageFrameworks -F/Users/nataliewhipps/Library/Developer/Xcode/DerivedData/Prompt28-cgmmkisguitsyibyvnemfqvywbnv/Build/Products/Debug-iphonesimulator/PackageFrameworks -F/Users/nataliewhipps/Library/Developer/Xcode/DerivedData/Prompt28-cgmmkisguitsyibyvnemfqvywbnv/Build/Products/Debug-iphonesimulator/PackageFrameworks -F/Users/nataliewhipps/Library/Developer/Xcode/DerivedData/Prompt28-cgmmkisguitsyibyvnemfqvywbnv/Build/Products/Debug-iphonesimulator/PackageFrameworks -F/Users/nataliewhipps/Library/Developer/Xcode/DerivedData/Prompt28-cgmmkisguitsyibyvnemfqvywbnv/Build/Products/Debug-iphonesimulator -iframework /Applications/Xcode.app/Contents/Developer/Platforms/iPhoneSimulator.platform/Developer/Library/Frameworks -iframework /Applications/Xcode.app/Contents/Developer/Platforms/iPhoneSimulator.platform/Developer/SDKs/iPhoneSimulator26.2.sdk/Developer/Library/Frameworks -filelist /Users/nataliewhipps/Library/Developer/Xcode/DerivedData/Prompt28-cgmmkisguitsyibyvnemfqvywbnv/Build/Intermediates.noindex/AppCheck.build/Debug-iphonesimulator/AppCheckCore.build/Objects-normal/x86_64/AppCheckCore.LinkFileList -nostdlib -Xlinker -object_path_lto -Xlinker /Users/nataliewhipps/Library/Developer/Xcode/DerivedData/Prompt28-cgmmkisguitsyibyvnemfqvywbnv/Build/Intermediates.noindex/AppCheck.build/Debug-iphonesimulator/AppCheckCore.build/Objects-normal/x86_64/AppCheckCore_lto.o -rdynamic -Xlinker -no_deduplicate -Xlinker -objc_abi_version -Xlinker 2 -Xlinker -debug_variant -Xlinker -dependency_info -Xlinker /Users/nataliewhipps/Library/Developer/Xcode/DerivedData/Prompt28-cgmmkisguitsyibyvnemfqvywbnv/Build/Intermediates.noindex/AppCheck.build/Debug-iphonesimulator/AppCheckCore.build/Objects-normal/x86_64/AppCheckCore_dependency_info.dat -fobjc-arc -fobjc-link-runtime -o /Users/nataliewhipps/Library/Developer/Xcode/DerivedData/Prompt28-cgmmkisguitsyibyvnemfqvywbnv/Build/Products/Debug-iphonesimulator/AppCheckCore.o

CompileC /Users/nataliewhipps/Library/Developer/Xcode/DerivedData/Prompt28-cgmmkisguitsyibyvnemfqvywbnv/Build/Intermediates.noindex/AppAuth.build/Debug-iphonesimulator/AppAuth.build/Objects-normal/x86_64/OIDExternalUserAgentIOS.o /Users/nataliewhipps/Library/Developer/Xcode/DerivedData/Prompt28-cgmmkisguitsyibyvnemfqvywbnv/SourcePackages/checkouts/AppAuth-iOS/Sources/AppAuth/iOS/OIDExternalUserAgentIOS.m normal x86_64 objective-c com.apple.compilers.llvm.clang.1_0.compiler (in target 'AppAuth' from project 'AppAuth')
    cd /Users/nataliewhipps/Desktop/Prompt28/Prompt28.xcodeproj
    
    Using response file: /Users/nataliewhipps/Library/Developer/Xcode/DerivedData/Prompt28-cgmmkisguitsyibyvnemfqvywbnv/Build/Intermediates.noindex/AppAuth.build/Debug-iphonesimulator/AppAuth.build/Objects-normal/x86_64/e6072d4f65d7061329687fe24e3d63a7-common-args.resp
    
    /Applications/Xcode.app/Contents/Developer/Toolchains/XcodeDefault.xctoolchain/usr/bin/clang -x objective-c -ivfsstatcache /Users/nataliewhipps/Library/Developer/Xcode/DerivedData/SDKStatCaches.noindex/iphonesimulator26.2-23C57-7d00a8b37fbd7999ea79df8ebc024bf0.sdkstatcache -fmessage-length\=0 -fdiagnostics-show-note-include-stack -fmacro-backtrace-limit\=0 -fno-color-diagnostics -fmodules-prune-interval\=86400 -fmodules-prune-after\=345600 -fbuild-session-file\=/Users/nataliewhipps/Library/Developer/Xcode/DerivedData/ModuleCache.noindex/Session.modulevalidation -fmodules-validate-once-per-build-session -Wnon-modular-include-in-framework-module -Werror\=non-modular-include-in-framework-module -Wno-trigraphs -Wno-missing-field-initializers -Wno-missing-prototypes -Wno-return-type -Wno-implicit-atomic-properties -Wno-objc-interface-ivars -Wno-arc-repeated-use-of-weak -Wno-missing-braces -Wparentheses -Wswitch -Wno-unused-function -Wno-unused-label -Wno-unused-parameter -Wno-unused-variable -Wunused-value -Wno-empty-body -Wno-uninitialized -Wno-unknown-pragmas -w -Wno-shadow -Wno-four-char-constants -Wno-conversion -Wno-constant-conversion -Wno-int-conversion -Wno-bool-conversion -Wno-enum-conversion -Wno-float-conversion -Wno-non-literal-null-conversion -Wno-objc-literal-conversion -Wshorten-64-to-32 -Wpointer-sign -Wno-newline-eof -Wno-selector -Wno-strict-selector-match -Wno-undeclared-selector -Wno-deprecated-implementations -Wno-implicit-fallthrough -fstrict-aliasing -Wprotocol -Wdeprecated-declarations -Wno-sign-conversion -Wno-infinite-recursion -Wno-comma -Wno-block-capture-autoreleasing -Wno-strict-prototypes -Wno-semicolon-before-method-body -index-store-path /Users/nataliewhipps/Library/Developer/Xcode/DerivedData/Prompt28-cgmmkisguitsyibyvnemfqvywbnv/Index.noindex/DataStore @/Users/nataliewhipps/Library/Developer/Xcode/DerivedData/Prompt28-cgmmkisguitsyibyvnemfqvywbnv/Build/Intermediates.noindex/AppAuth.build/Debug-iphonesimulator/AppAuth.build/Objects-normal/x86_64/e6072d4f65d7061329687fe24e3d63a7-common-args.resp -include /Users/nataliewhipps/Library/Developer/Xcode/DerivedData/Prompt28-cgmmkisguitsyibyvnemfqvywbnv/Build/Intermediates.noindex/AppAuth.build/Debug-iphonesimulator/AppAuth.build/DerivedSources/resource_bundle_accessor.h -MMD -MT dependencies -MF /Users/nataliewhipps/Library/Developer/Xcode/DerivedData/Prompt28-cgmmkisguitsyibyvnemfqvywbnv/Build/Intermediates.noindex/AppAuth.build/Debug-iphonesimulator/AppAuth.build/Objects-normal/x86_64/OIDExternalUserAgentIOS.d --serialize-diagnostics /Users/nataliewhipps/Library/Developer/Xcode/DerivedData/Prompt28-cgmmkisguitsyibyvnemfqvywbnv/Build/Intermediates.noindex/AppAuth.build/Debug-iphonesimulator/AppAuth.build/Objects-normal/x86_64/OIDExternalUserAgentIOS.dia -c /Users/nataliewhipps/Library/Developer/Xcode/DerivedData/Prompt28-cgmmkisguitsyibyvnemfqvywbnv/SourcePackages/checkouts/AppAuth-iOS/Sources/AppAuth/iOS/OIDExternalUserAgentIOS.m -o /Users/nataliewhipps/Library/Developer/Xcode/DerivedData/Prompt28-cgmmkisguitsyibyvnemfqvywbnv/Build/Intermediates.noindex/AppAuth.build/Debug-iphonesimulator/AppAuth.build/Objects-normal/x86_64/OIDExternalUserAgentIOS.o -index-unit-output-path /AppAuth.build/Debug-iphonesimulator/AppAuth.build/Objects-normal/x86_64/OIDExternalUserAgentIOS.o

CompileC /Users/nataliewhipps/Library/Developer/Xcode/DerivedData/Prompt28-cgmmkisguitsyibyvnemfqvywbnv/Build/Intermediates.noindex/AppAuth.build/Debug-iphonesimulator/AppAuth.build/Objects-normal/x86_64/OIDExternalUserAgentCatalyst.o /Users/nataliewhipps/Library/Developer/Xcode/DerivedData/Prompt28-cgmmkisguitsyibyvnemfqvywbnv/SourcePackages/checkouts/AppAuth-iOS/Sources/AppAuth/iOS/OIDExternalUserAgentCatalyst.m normal x86_64 objective-c com.apple.compilers.llvm.clang.1_0.compiler (in target 'AppAuth' from project 'AppAuth')
    cd /Users/nataliewhipps/Desktop/Prompt28/Prompt28.xcodeproj
    
    Using response file: /Users/nataliewhipps/Library/Developer/Xcode/DerivedData/Prompt28-cgmmkisguitsyibyvnemfqvywbnv/Build/Intermediates.noindex/AppAuth.build/Debug-iphonesimulator/AppAuth.build/Objects-normal/x86_64/e6072d4f65d7061329687fe24e3d63a7-common-args.resp
    
    /Applications/Xcode.app/Contents/Developer/Toolchains/XcodeDefault.xctoolchain/usr/bin/clang -x objective-c -ivfsstatcache /Users/nataliewhipps/Library/Developer/Xcode/DerivedData/SDKStatCaches.noindex/iphonesimulator26.2-23C57-7d00a8b37fbd7999ea79df8ebc024bf0.sdkstatcache -fmessage-length\=0 -fdiagnostics-show-note-include-stack -fmacro-backtrace-limit\=0 -fno-color-diagnostics -fmodules-prune-interval\=86400 -fmodules-prune-after\=345600 -fbuild-session-file\=/Users/nataliewhipps/Library/Developer/Xcode/DerivedData/ModuleCache.noindex/Session.modulevalidation -fmodules-validate-once-per-build-session -Wnon-modular-include-in-framework-module -Werror\=non-modular-include-in-framework-module -Wno-trigraphs -Wno-missing-field-initializers -Wno-missing-prototypes -Wno-return-type -Wno-implicit-atomic-properties -Wno-objc-interface-ivars -Wno-arc-repeated-use-of-weak -Wno-missing-braces -Wparentheses -Wswitch -Wno-unused-function -Wno-unused-label -Wno-unused-parameter -Wno-unused-variable -Wunused-value -Wno-empty-body -Wno-uninitialized -Wno-unknown-pragmas -w -Wno-shadow -Wno-four-char-constants -Wno-conversion -Wno-constant-conversion -Wno-int-conversion -Wno-bool-conversion -Wno-enum-conversion -Wno-float-conversion -Wno-non-literal-null-conversion -Wno-objc-literal-conversion -Wshorten-64-to-32 -Wpointer-sign -Wno-newline-eof -Wno-selector -Wno-strict-selector-match -Wno-undeclared-selector -Wno-deprecated-implementations -Wno-implicit-fallthrough -fstrict-aliasing -Wprotocol -Wdeprecated-declarations -Wno-sign-conversion -Wno-infinite-recursion -Wno-comma -Wno-block-capture-autoreleasing -Wno-strict-prototypes -Wno-semicolon-before-method-body -index-store-path /Users/nataliewhipps/Library/Developer/Xcode/DerivedData/Prompt28-cgmmkisguitsyibyvnemfqvywbnv/Index.noindex/DataStore @/Users/nataliewhipps/Library/Developer/Xcode/DerivedData/Prompt28-cgmmkisguitsyibyvnemfqvywbnv/Build/Intermediates.noindex/AppAuth.build/Debug-iphonesimulator/AppAuth.build/Objects-normal/x86_64/e6072d4f65d7061329687fe24e3d63a7-common-args.resp -include /Users/nataliewhipps/Library/Developer/Xcode/DerivedData/Prompt28-cgmmkisguitsyibyvnemfqvywbnv/Build/Intermediates.noindex/AppAuth.build/Debug-iphonesimulator/AppAuth.build/DerivedSources/resource_bundle_accessor.h -MMD -MT dependencies -MF /Users/nataliewhipps/Library/Developer/Xcode/DerivedData/Prompt28-cgmmkisguitsyibyvnemfqvywbnv/Build/Intermediates.noindex/AppAuth.build/Debug-iphonesimulator/AppAuth.build/Objects-normal/x86_64/OIDExternalUserAgentCatalyst.d --serialize-diagnostics /Users/nataliewhipps/Library/Developer/Xcode/DerivedData/Prompt28-cgmmkisguitsyibyvnemfqvywbnv/Build/Intermediates.noindex/AppAuth.build/Debug-iphonesimulator/AppAuth.build/Objects-normal/x86_64/OIDExternalUserAgentCatalyst.dia -c /Users/nataliewhipps/Library/Developer/Xcode/DerivedData/Prompt28-cgmmkisguitsyibyvnemfqvywbnv/SourcePackages/checkouts/AppAuth-iOS/Sources/AppAuth/iOS/OIDExternalUserAgentCatalyst.m -o /Users/nataliewhipps/Library/Developer/Xcode/DerivedData/Prompt28-cgmmkisguitsyibyvnemfqvywbnv/Build/Intermediates.noindex/AppAuth.build/Debug-iphonesimulator/AppAuth.build/Objects-normal/x86_64/OIDExternalUserAgentCatalyst.o -index-unit-output-path /AppAuth.build/Debug-iphonesimulator/AppAuth.build/Objects-normal/x86_64/OIDExternalUserAgentCatalyst.o

RegisterExecutionPolicyException /Users/nataliewhipps/Library/Developer/Xcode/DerivedData/Prompt28-cgmmkisguitsyibyvnemfqvywbnv/Build/Products/Debug-iphonesimulator/AppCheckCore.o (in target 'AppCheckCore' from project 'AppCheck')
    cd /Users/nataliewhipps/Library/Developer/Xcode/DerivedData/Prompt28-cgmmkisguitsyibyvnemfqvywbnv/SourcePackages/checkouts/app-check
    builtin-RegisterExecutionPolicyException /Users/nataliewhipps/Library/Developer/Xcode/DerivedData/Prompt28-cgmmkisguitsyibyvnemfqvywbnv/Build/Products/Debug-iphonesimulator/AppCheckCore.o

Ld /Users/nataliewhipps/Library/Developer/Xcode/DerivedData/Prompt28-cgmmkisguitsyibyvnemfqvywbnv/Build/Products/Debug-iphonesimulator/AppAuth.o normal (in target 'AppAuth' from project 'AppAuth')
    cd /Users/nataliewhipps/Library/Developer/Xcode/DerivedData/Prompt28-cgmmkisguitsyibyvnemfqvywbnv/SourcePackages/checkouts/AppAuth-iOS
    /Applications/Xcode.app/Contents/Developer/Toolchains/XcodeDefault.xctoolchain/usr/bin/clang -Xlinker -reproducible -target x86_64-apple-ios12.0-simulator -r -isysroot /Applications/Xcode.app/Contents/Developer/Platforms/iPhoneSimulator.platform/Developer/SDKs/iPhoneSimulator26.2.sdk -O0 -w -L/Users/nataliewhipps/Library/Developer/Xcode/DerivedData/Prompt28-cgmmkisguitsyibyvnemfqvywbnv/Build/Intermediates.noindex/EagerLinkingTBDs/Debug-iphonesimulator -L/Users/nataliewhipps/Library/Developer/Xcode/DerivedData/Prompt28-cgmmkisguitsyibyvnemfqvywbnv/Build/Products/Debug-iphonesimulator -L/Applications/Xcode.app/Contents/Developer/Platforms/iPhoneSimulator.platform/Developer/usr/lib -F/Users/nataliewhipps/Library/Developer/Xcode/DerivedData/Prompt28-cgmmkisguitsyibyvnemfqvywbnv/Build/Intermediates.noindex/EagerLinkingTBDs/Debug-iphonesimulator -F/Users/nataliewhipps/Library/Developer/Xcode/DerivedData/Prompt28-cgmmkisguitsyibyvnemfqvywbnv/Build/Products/Debug-iphonesimulator/PackageFrameworks -F/Users/nataliewhipps/Library/Developer/Xcode/DerivedData/Prompt28-cgmmkisguitsyibyvnemfqvywbnv/Build/Products/Debug-iphonesimulator -iframework /Applications/Xcode.app/Contents/Developer/Platforms/iPhoneSimulator.platform/Developer/Library/Frameworks -iframework /Applications/Xcode.app/Contents/Developer/Platforms/iPhoneSimulator.platform/Developer/SDKs/iPhoneSimulator26.2.sdk/Developer/Library/Frameworks -filelist /Users/nataliewhipps/Library/Developer/Xcode/DerivedData/Prompt28-cgmmkisguitsyibyvnemfqvywbnv/Build/Intermediates.noindex/AppAuth.build/Debug-iphonesimulator/AppAuth.build/Objects-normal/x86_64/AppAuth.LinkFileList -nostdlib -Xlinker -object_path_lto -Xlinker /Users/nataliewhipps/Library/Developer/Xcode/DerivedData/Prompt28-cgmmkisguitsyibyvnemfqvywbnv/Build/Intermediates.noindex/AppAuth.build/Debug-iphonesimulator/AppAuth.build/Objects-normal/x86_64/AppAuth_lto.o -rdynamic -Xlinker -no_deduplicate -Xlinker -objc_abi_version -Xlinker 2 -Xlinker -debug_variant -Xlinker -dependency_info -Xlinker /Users/nataliewhipps/Library/Developer/Xcode/DerivedData/Prompt28-cgmmkisguitsyibyvnemfqvywbnv/Build/Intermediates.noindex/AppAuth.build/Debug-iphonesimulator/AppAuth.build/Objects-normal/x86_64/AppAuth_dependency_info.dat -fobjc-arc -fobjc-link-runtime -o /Users/nataliewhipps/Library/Developer/Xcode/DerivedData/Prompt28-cgmmkisguitsyibyvnemfqvywbnv/Build/Products/Debug-iphonesimulator/AppAuth.o

RegisterExecutionPolicyException /Users/nataliewhipps/Library/Developer/Xcode/DerivedData/Prompt28-cgmmkisguitsyibyvnemfqvywbnv/Build/Products/Debug-iphonesimulator/AppAuth.o (in target 'AppAuth' from project 'AppAuth')
    cd /Users/nataliewhipps/Library/Developer/Xcode/DerivedData/Prompt28-cgmmkisguitsyibyvnemfqvywbnv/SourcePackages/checkouts/AppAuth-iOS
    builtin-RegisterExecutionPolicyException /Users/nataliewhipps/Library/Developer/Xcode/DerivedData/Prompt28-cgmmkisguitsyibyvnemfqvywbnv/Build/Products/Debug-iphonesimulator/AppAuth.o

SwiftExplicitDependencyGeneratePcm x86_64 /Users/nataliewhipps/Library/Developer/Xcode/DerivedData/ModuleCache.noindex/CoreVideo-B3D61WEIJHCVVIDHHAJ5ULVXK.pcm

SwiftExplicitDependencyGeneratePcm x86_64 /Users/nataliewhipps/Library/Developer/Xcode/DerivedData/ModuleCache.noindex/CoreImage-1STQU98SKKCGX5A6GSUE920Y9.pcm

SwiftExplicitDependencyGeneratePcm x86_64 /Users/nataliewhipps/Library/Developer/Xcode/DerivedData/ModuleCache.noindex/QuartzCore-4P8X2L2OOZS5O8H0FX1KGXTIS.pcm

Ld /Users/nataliewhipps/Library/Developer/Xcode/DerivedData/Prompt28-cgmmkisguitsyibyvnemfqvywbnv/Build/Products/Debug-iphonesimulator/GTMSessionFetcherCore.o normal (in target 'GTMSessionFetcherCore' from project 'GTMSessionFetcher')
    cd /Users/nataliewhipps/Library/Developer/Xcode/DerivedData/Prompt28-cgmmkisguitsyibyvnemfqvywbnv/SourcePackages/checkouts/gtm-session-fetcher
    /Applications/Xcode.app/Contents/Developer/Toolchains/XcodeDefault.xctoolchain/usr/bin/clang -Xlinker -reproducible -target x86_64-apple-ios12.0-simulator -r -isysroot /Applications/Xcode.app/Contents/Developer/Platforms/iPhoneSimulator.platform/Developer/SDKs/iPhoneSimulator26.2.sdk -O0 -w -L/Users/nataliewhipps/Library/Developer/Xcode/DerivedData/Prompt28-cgmmkisguitsyibyvnemfqvywbnv/Build/Intermediates.noindex/EagerLinkingTBDs/Debug-iphonesimulator -L/Users/nataliewhipps/Library/Developer/Xcode/DerivedData/Prompt28-cgmmkisguitsyibyvnemfqvywbnv/Build/Products/Debug-iphonesimulator -L/Applications/Xcode.app/Contents/Developer/Platforms/iPhoneSimulator.platform/Developer/usr/lib -F/Users/nataliewhipps/Library/Developer/Xcode/DerivedData/Prompt28-cgmmkisguitsyibyvnemfqvywbnv/Build/Intermediates.noindex/EagerLinkingTBDs/Debug-iphonesimulator -F/Users/nataliewhipps/Library/Developer/Xcode/DerivedData/Prompt28-cgmmkisguitsyibyvnemfqvywbnv/Build/Products/Debug-iphonesimulator -iframework /Applications/Xcode.app/Contents/Developer/Platforms/iPhoneSimulator.platform/Developer/Library/Frameworks -iframework /Applications/Xcode.app/Contents/Developer/Platforms/iPhoneSimulator.platform/Developer/SDKs/iPhoneSimulator26.2.sdk/Developer/Library/Frameworks -filelist /Users/nataliewhipps/Library/Developer/Xcode/DerivedData/Prompt28-cgmmkisguitsyibyvnemfqvywbnv/Build/Intermediates.noindex/GTMSessionFetcher.build/Debug-iphonesimulator/GTMSessionFetcherCore.build/Objects-normal/x86_64/GTMSessionFetcherCore.LinkFileList -nostdlib -Xlinker -object_path_lto -Xlinker /Users/nataliewhipps/Library/Developer/Xcode/DerivedData/Prompt28-cgmmkisguitsyibyvnemfqvywbnv/Build/Intermediates.noindex/GTMSessionFetcher.build/Debug-iphonesimulator/GTMSessionFetcherCore.build/Objects-normal/x86_64/GTMSessionFetcherCore_lto.o -rdynamic -Xlinker -no_deduplicate -Xlinker -objc_abi_version -Xlinker 2 -Xlinker -debug_variant -Xlinker -dependency_info -Xlinker /Users/nataliewhipps/Library/Developer/Xcode/DerivedData/Prompt28-cgmmkisguitsyibyvnemfqvywbnv/Build/Intermediates.noindex/GTMSessionFetcher.build/Debug-iphonesimulator/GTMSessionFetcherCore.build/Objects-normal/x86_64/GTMSessionFetcherCore_dependency_info.dat -fobjc-arc -fobjc-link-runtime -o /Users/nataliewhipps/Library/Developer/Xcode/DerivedData/Prompt28-cgmmkisguitsyibyvnemfqvywbnv/Build/Products/Debug-iphonesimulator/GTMSessionFetcherCore.o

SwiftExplicitDependencyGeneratePcm x86_64 /Users/nataliewhipps/Library/Developer/Xcode/DerivedData/ModuleCache.noindex/SwiftUICore-2MZW3X4SJ6GKWNQIWLV0BLYZJ.pcm

SwiftExplicitDependencyGeneratePcm x86_64 /Users/nataliewhipps/Library/Developer/Xcode/DerivedData/ModuleCache.noindex/UIKit-18HA0MNK2YFS2WL4A9MJXWSGU.pcm

RegisterExecutionPolicyException /Users/nataliewhipps/Library/Developer/Xcode/DerivedData/Prompt28-cgmmkisguitsyibyvnemfqvywbnv/Build/Products/Debug-iphonesimulator/GTMSessionFetcherCore.o (in target 'GTMSessionFetcherCore' from project 'GTMSessionFetcher')
    cd /Users/nataliewhipps/Library/Developer/Xcode/DerivedData/Prompt28-cgmmkisguitsyibyvnemfqvywbnv/SourcePackages/checkouts/gtm-session-fetcher
    builtin-RegisterExecutionPolicyException /Users/nataliewhipps/Library/Developer/Xcode/DerivedData/Prompt28-cgmmkisguitsyibyvnemfqvywbnv/Build/Products/Debug-iphonesimulator/GTMSessionFetcherCore.o

SwiftExplicitDependencyGeneratePcm x86_64 /Users/nataliewhipps/Library/Developer/Xcode/DerivedData/Prompt28-cgmmkisguitsyibyvnemfqvywbnv/Build/Intermediates.noindex/SwiftExplicitPrecompiledModules/GTMSessionFetcherCore-2JDV7OU4IVHA503HJMU2YRS4I.pcm

SwiftEmitModule normal x86_64 Emitting\ module\ for\ GTMAppAuth (in target 'GTMAppAuth' from project 'GTMAppAuth')

EmitSwiftModule normal x86_64 (in target 'GTMAppAuth' from project 'GTMAppAuth')
    cd /Users/nataliewhipps/Desktop/Prompt28/Prompt28.xcodeproj
    

SwiftCompile normal x86_64 Compiling\ KeychainAttribute.swift /Users/nataliewhipps/Library/Developer/Xcode/DerivedData/Prompt28-cgmmkisguitsyibyvnemfqvywbnv/SourcePackages/checkouts/GTMAppAuth/GTMAppAuth/Sources/KeychainStore/KeychainAttribute.swift (in target 'GTMAppAuth' from project 'GTMAppAuth')
SwiftCompile normal x86_64 /Users/nataliewhipps/Library/Developer/Xcode/DerivedData/Prompt28-cgmmkisguitsyibyvnemfqvywbnv/SourcePackages/checkouts/GTMAppAuth/GTMAppAuth/Sources/KeychainStore/KeychainAttribute.swift (in target 'GTMAppAuth' from project 'GTMAppAuth')
    cd /Users/nataliewhipps/Desktop/Prompt28/Prompt28.xcodeproj
    

SwiftCompile normal x86_64 Compiling\ KeychainStore.swift /Users/nataliewhipps/Library/Developer/Xcode/DerivedData/Prompt28-cgmmkisguitsyibyvnemfqvywbnv/SourcePackages/checkouts/GTMAppAuth/GTMAppAuth/Sources/KeychainStore/KeychainStore.swift (in target 'GTMAppAuth' from project 'GTMAppAuth')
SwiftCompile normal x86_64 /Users/nataliewhipps/Library/Developer/Xcode/DerivedData/Prompt28-cgmmkisguitsyibyvnemfqvywbnv/SourcePackages/checkouts/GTMAppAuth/GTMAppAuth/Sources/KeychainStore/KeychainStore.swift (in target 'GTMAppAuth' from project 'GTMAppAuth')
    cd /Users/nataliewhipps/Desktop/Prompt28/Prompt28.xcodeproj
    

SwiftCompile normal x86_64 Compiling\ AuthSessionStore.swift /Users/nataliewhipps/Library/Developer/Xcode/DerivedData/Prompt28-cgmmkisguitsyibyvnemfqvywbnv/SourcePackages/checkouts/GTMAppAuth/GTMAppAuth/Sources/AuthSessionStore.swift (in target 'GTMAppAuth' from project 'GTMAppAuth')

SwiftCompile normal x86_64 /Users/nataliewhipps/Library/Developer/Xcode/DerivedData/Prompt28-cgmmkisguitsyibyvnemfqvywbnv/SourcePackages/checkouts/GTMAppAuth/GTMAppAuth/Sources/AuthSessionStore.swift (in target 'GTMAppAuth' from project 'GTMAppAuth')
    cd /Users/nataliewhipps/Desktop/Prompt28/Prompt28.xcodeproj
    

SwiftCompile normal x86_64 Compiling\ GTMOAuth2Compatibility.swift /Users/nataliewhipps/Library/Developer/Xcode/DerivedData/Prompt28-cgmmkisguitsyibyvnemfqvywbnv/SourcePackages/checkouts/GTMAppAuth/GTMAppAuth/Sources/KeychainStore/GTMOAuth2Compatibility.swift (in target 'GTMAppAuth' from project 'GTMAppAuth')

SwiftCompile normal x86_64 /Users/nataliewhipps/Library/Developer/Xcode/DerivedData/Prompt28-cgmmkisguitsyibyvnemfqvywbnv/SourcePackages/checkouts/GTMAppAuth/GTMAppAuth/Sources/KeychainStore/GTMOAuth2Compatibility.swift (in target 'GTMAppAuth' from project 'GTMAppAuth')
    cd /Users/nataliewhipps/Desktop/Prompt28/Prompt28.xcodeproj
    

SwiftCompile normal x86_64 Compiling\ KeychainHelper.swift /Users/nataliewhipps/Library/Developer/Xcode/DerivedData/Prompt28-cgmmkisguitsyibyvnemfqvywbnv/SourcePackages/checkouts/GTMAppAuth/GTMAppAuth/Sources/KeychainStore/KeychainHelper.swift (in target 'GTMAppAuth' from project 'GTMAppAuth')

SwiftCompile normal x86_64 /Users/nataliewhipps/Library/Developer/Xcode/DerivedData/Prompt28-cgmmkisguitsyibyvnemfqvywbnv/SourcePackages/checkouts/GTMAppAuth/GTMAppAuth/Sources/KeychainStore/KeychainHelper.swift (in target 'GTMAppAuth' from project 'GTMAppAuth')
    cd /Users/nataliewhipps/Desktop/Prompt28/Prompt28.xcodeproj
    

SwiftCompile normal x86_64 Compiling\ AuthSession.swift /Users/nataliewhipps/Library/Developer/Xcode/DerivedData/Prompt28-cgmmkisguitsyibyvnemfqvywbnv/SourcePackages/checkouts/GTMAppAuth/GTMAppAuth/Sources/AuthSession.swift (in target 'GTMAppAuth' from project 'GTMAppAuth')
SwiftCompile normal x86_64 /Users/nataliewhipps/Library/Developer/Xcode/DerivedData/Prompt28-cgmmkisguitsyibyvnemfqvywbnv/SourcePackages/checkouts/GTMAppAuth/GTMAppAuth/Sources/AuthSession.swift (in target 'GTMAppAuth' from project 'GTMAppAuth')
    cd /Users/nataliewhipps/Desktop/Prompt28/Prompt28.xcodeproj
    

SwiftCompile normal x86_64 Compiling\ AuthSessionDelegate.swift /Users/nataliewhipps/Library/Developer/Xcode/DerivedData/Prompt28-cgmmkisguitsyibyvnemfqvywbnv/SourcePackages/checkouts/GTMAppAuth/GTMAppAuth/Sources/AuthSessionDelegate.swift (in target 'GTMAppAuth' from project 'GTMAppAuth')

SwiftCompile normal x86_64 /Users/nataliewhipps/Library/Developer/Xcode/DerivedData/Prompt28-cgmmkisguitsyibyvnemfqvywbnv/SourcePackages/checkouts/GTMAppAuth/GTMAppAuth/Sources/AuthSessionDelegate.swift (in target 'GTMAppAuth' from project 'GTMAppAuth')
    cd /Users/nataliewhipps/Desktop/Prompt28/Prompt28.xcodeproj
    

SwiftCompile normal x86_64 Compiling\ resource_bundle_accessor.swift /Users/nataliewhipps/Library/Developer/Xcode/DerivedData/Prompt28-cgmmkisguitsyibyvnemfqvywbnv/Build/Intermediates.noindex/GTMAppAuth.build/Debug-iphonesimulator/GTMAppAuth.build/DerivedSources/resource_bundle_accessor.swift (in target 'GTMAppAuth' from project 'GTMAppAuth')

SwiftCompile normal x86_64 /Users/nataliewhipps/Library/Developer/Xcode/DerivedData/Prompt28-cgmmkisguitsyibyvnemfqvywbnv/Build/Intermediates.noindex/GTMAppAuth.build/Debug-iphonesimulator/GTMAppAuth.build/DerivedSources/resource_bundle_accessor.swift (in target 'GTMAppAuth' from project 'GTMAppAuth')
    cd /Users/nataliewhipps/Desktop/Prompt28/Prompt28.xcodeproj
    

SwiftDriverJobDiscovery normal x86_64 Emitting module for GTMAppAuth (in target 'GTMAppAuth' from project 'GTMAppAuth')

SwiftDriver\ Compilation\ Requirements GTMAppAuth normal x86_64 com.apple.xcode.tools.swift.compiler (in target 'GTMAppAuth' from project 'GTMAppAuth')
    cd /Users/nataliewhipps/Desktop/Prompt28/Prompt28.xcodeproj
    builtin-Swift-Compilation-Requirements -- /Applications/Xcode.app/Contents/Developer/Toolchains/XcodeDefault.xctoolchain/usr/bin/swiftc -module-name GTMAppAuth -Onone -enforce-exclusivity\=checked @/Users/nataliewhipps/Library/Developer/Xcode/DerivedData/Prompt28-cgmmkisguitsyibyvnemfqvywbnv/Build/Intermediates.noindex/GTMAppAuth.build/Debug-iphonesimulator/GTMAppAuth.build/Objects-normal/x86_64/GTMAppAuth.SwiftFileList -DSWIFT_PACKAGE -DDEBUG -DSWIFT_MODULE_RESOURCE_BUNDLE_AVAILABLE -Xcc -fmodule-map-file\=/Users/nataliewhipps/Library/Developer/Xcode/DerivedData/Prompt28-cgmmkisguitsyibyvnemfqvywbnv/Build/Intermediates.noindex/GeneratedModuleMaps-iphonesimulator/GTMSessionFetcherCore.modulemap -Xcc -fmodule-map-file\=/Users/nataliewhipps/Library/Developer/Xcode/DerivedData/Prompt28-cgmmkisguitsyibyvnemfqvywbnv/Build/Intermediates.noindex/GeneratedModuleMaps-iphonesimulator/AppAuthCore.modulemap -DXcode -plugin-path /Applications/Xcode.app/Contents/Developer/Toolchains/XcodeDefault.xctoolchain/usr/lib/swift/host/plugins/testing -enable-experimental-feature DebugDescriptionMacro -sdk /Applications/Xcode.app/Contents/Developer/Platforms/iPhoneSimulator.platform/Developer/SDKs/iPhoneSimulator26.2.sdk -target x86_64-apple-ios12.0-simulator -g -module-cache-path /Users/nataliewhipps/Library/Developer/Xcode/DerivedData/ModuleCache.noindex -Xfrontend -serialize-debugging-options -profile-coverage-mapping -profile-generate -enable-testing -suppress-warnings -index-store-path /Users/nataliewhipps/Library/Developer/Xcode/DerivedData/Prompt28-cgmmkisguitsyibyvnemfqvywbnv/Index.noindex/DataStore -Xcc -D_LIBCPP_HARDENING_MODE\=_LIBCPP_HARDENING_MODE_DEBUG -swift-version 5 -I /Users/nataliewhipps/Library/Developer/Xcode/DerivedData/Prompt28-cgmmkisguitsyibyvnemfqvywbnv/Build/Products/Debug-iphonesimulator -Isystem /Applications/Xcode.app/Contents/Developer/Platforms/iPhoneSimulator.platform/Developer/usr/lib -F /Users/nataliewhipps/Library/Developer/Xcode/DerivedData/Prompt28-cgmmkisguitsyibyvnemfqvywbnv/Build/Products/Debug-iphonesimulator/PackageFrameworks -F /Users/nataliewhipps/Library/Developer/Xcode/DerivedData/Prompt28-cgmmkisguitsyibyvnemfqvywbnv/Build/Products/Debug-iphonesimulator/PackageFrameworks -F /Users/nataliewhipps/Library/Developer/Xcode/DerivedData/Prompt28-cgmmkisguitsyibyvnemfqvywbnv/Build/Products/Debug-iphonesimulator -F /Applications/Xcode.app/Contents/Developer/Platforms/iPhoneSimulator.platform/Developer/Library/Frameworks -F /Applications/Xcode.app/Contents/Developer/Platforms/iPhoneSimulator.platform/Developer/SDKs/iPhoneSimulator26.2.sdk/Developer/Library/Frameworks -c -j8 -enable-batch-mode -incremental -Xcc -ivfsstatcache -Xcc /Users/nataliewhipps/Library/Developer/Xcode/DerivedData/SDKStatCaches.noindex/iphonesimulator26.2-23C57-7d00a8b37fbd7999ea79df8ebc024bf0.sdkstatcache -output-file-map /Users/nataliewhipps/Library/Developer/Xcode/DerivedData/Prompt28-cgmmkisguitsyibyvnemfqvywbnv/Build/Intermediates.noindex/GTMAppAuth.build/Debug-iphonesimulator/GTMAppAuth.build/Objects-normal/x86_64/GTMAppAuth-OutputFileMap.json -use-frontend-parseable-output -save-temps -no-color-diagnostics -explicit-module-build -module-cache-path /Users/nataliewhipps/Library/Developer/Xcode/DerivedData/Prompt28-cgmmkisguitsyibyvnemfqvywbnv/Build/Intermediates.noindex/SwiftExplicitPrecompiledModules -clang-scanner-module-cache-path /Users/nataliewhipps/Library/Developer/Xcode/DerivedData/ModuleCache.noindex -sdk-module-cache-path /Users/nataliewhipps/Library/Developer/Xcode/DerivedData/ModuleCache.noindex -serialize-diagnostics -emit-dependencies -emit-module -emit-module-path /Users/nataliewhipps/Library/Developer/Xcode/DerivedData/Prompt28-cgmmkisguitsyibyvnemfqvywbnv/Build/Intermediates.noindex/GTMAppAuth.build/Debug-iphonesimulator/GTMAppAuth.build/Objects-normal/x86_64/GTMAppAuth.swiftmodule -validate-clang-modules-once -clang-build-session-file /Users/nataliewhipps/Library/Developer/Xcode/DerivedData/ModuleCache.noindex/Session.modulevalidation -Xcc -I/Users/nataliewhipps/Library/Developer/Xcode/DerivedData/Prompt28-cgmmkisguitsyibyvnemfqvywbnv/Build/Intermediates.noindex/GTMAppAuth.build/Debug-iphonesimulator/GTMAppAuth.build/swift-overrides.hmap -emit-const-values -Xfrontend -const-gather-protocols-file -Xfrontend /Users/nataliewhipps/Library/Developer/Xcode/DerivedData/Prompt28-cgmmkisguitsyibyvnemfqvywbnv/Build/Intermediates.noindex/GTMAppAuth.build/Debug-iphonesimulator/GTMAppAuth.build/Objects-normal/x86_64/GTMAppAuth_const_extract_protocols.json -Xcc -I/Users/nataliewhipps/Library/Developer/Xcode/DerivedData/Prompt28-cgmmkisguitsyibyvnemfqvywbnv/SourcePackages/checkouts/gtm-session-fetcher/Sources/Core/Public -Xcc -I/Users/nataliewhipps/Library/Developer/Xcode/DerivedData/Prompt28-cgmmkisguitsyibyvnemfqvywbnv/SourcePackages/checkouts/AppAuth-iOS/Sources/AppAuthCore -Xcc -I/Users/nataliewhipps/Library/Developer/Xcode/DerivedData/Prompt28-cgmmkisguitsyibyvnemfqvywbnv/Build/Products/Debug-iphonesimulator/include -Xcc -I/Users/nataliewhipps/Library/Developer/Xcode/DerivedData/Prompt28-cgmmkisguitsyibyvnemfqvywbnv/Build/Intermediates.noindex/GTMAppAuth.build/Debug-iphonesimulator/GTMAppAuth.build/DerivedSources-normal/x86_64 -Xcc -I/Users/nataliewhipps/Library/Developer/Xcode/DerivedData/Prompt28-cgmmkisguitsyibyvnemfqvywbnv/Build/Intermediates.noindex/GTMAppAuth.build/Debug-iphonesimulator/GTMAppAuth.build/DerivedSources/x86_64 -Xcc -I/Users/nataliewhipps/Library/Developer/Xcode/DerivedData/Prompt28-cgmmkisguitsyibyvnemfqvywbnv/Build/Intermediates.noindex/GTMAppAuth.build/Debug-iphonesimulator/GTMAppAuth.build/DerivedSources -Xcc -DSWIFT_PACKAGE -Xcc -DDEBUG\=1 -emit-objc-header -emit-objc-header-path /Users/nataliewhipps/Library/Developer/Xcode/DerivedData/Prompt28-cgmmkisguitsyibyvnemfqvywbnv/Build/Intermediates.noindex/GTMAppAuth.build/Debug-iphonesimulator/GTMAppAuth.build/Objects-normal/x86_64/GTMAppAuth-Swift.h -working-directory /Users/nataliewhipps/Desktop/Prompt28/Prompt28.xcodeproj -experimental-emit-module-separately -disable-cmo

SwiftDriverJobDiscovery normal x86_64 Compiling AuthSessionStore.swift (in target 'GTMAppAuth' from project 'GTMAppAuth')

SwiftMergeGeneratedHeaders /Users/nataliewhipps/Library/Developer/Xcode/DerivedData/Prompt28-cgmmkisguitsyibyvnemfqvywbnv/Build/Intermediates.noindex/GeneratedModuleMaps-iphonesimulator/GTMAppAuth-Swift.h /Users/nataliewhipps/Library/Developer/Xcode/DerivedData/Prompt28-cgmmkisguitsyibyvnemfqvywbnv/Build/Intermediates.noindex/GTMAppAuth.build/Debug-iphonesimulator/GTMAppAuth.build/Objects-normal/x86_64/GTMAppAuth-Swift.h (in target 'GTMAppAuth' from project 'GTMAppAuth')
    cd /Users/nataliewhipps/Library/Developer/Xcode/DerivedData/Prompt28-cgmmkisguitsyibyvnemfqvywbnv/SourcePackages/checkouts/GTMAppAuth
    builtin-swiftHeaderTool -arch x86_64 /Users/nataliewhipps/Library/Developer/Xcode/DerivedData/Prompt28-cgmmkisguitsyibyvnemfqvywbnv/Build/Intermediates.noindex/GTMAppAuth.build/Debug-iphonesimulator/GTMAppAuth.build/Objects-normal/x86_64/GTMAppAuth-Swift.h -o /Users/nataliewhipps/Library/Developer/Xcode/DerivedData/Prompt28-cgmmkisguitsyibyvnemfqvywbnv/Build/Intermediates.noindex/GeneratedModuleMaps-iphonesimulator/GTMAppAuth-Swift.h

Copy /Users/nataliewhipps/Library/Developer/Xcode/DerivedData/Prompt28-cgmmkisguitsyibyvnemfqvywbnv/Build/Products/Debug-iphonesimulator/GTMAppAuth.swiftmodule/x86_64-apple-ios-simulator.swiftmodule /Users/nataliewhipps/Library/Developer/Xcode/DerivedData/Prompt28-cgmmkisguitsyibyvnemfqvywbnv/Build/Intermediates.noindex/GTMAppAuth.build/Debug-iphonesimulator/GTMAppAuth.build/Objects-normal/x86_64/GTMAppAuth.swiftmodule (in target 'GTMAppAuth' from project 'GTMAppAuth')
    cd /Users/nataliewhipps/Library/Developer/Xcode/DerivedData/Prompt28-cgmmkisguitsyibyvnemfqvywbnv/SourcePackages/checkouts/GTMAppAuth
    builtin-copy -exclude .DS_Store -exclude CVS -exclude .svn -exclude .git -exclude .hg -resolve-src-symlinks -rename /Users/nataliewhipps/Library/Developer/Xcode/DerivedData/Prompt28-cgmmkisguitsyibyvnemfqvywbnv/Build/Intermediates.noindex/GTMAppAuth.build/Debug-iphonesimulator/GTMAppAuth.build/Objects-normal/x86_64/GTMAppAuth.swiftmodule /Users/nataliewhipps/Library/Developer/Xcode/DerivedData/Prompt28-cgmmkisguitsyibyvnemfqvywbnv/Build/Products/Debug-iphonesimulator/GTMAppAuth.swiftmodule/x86_64-apple-ios-simulator.swiftmodule

Copy /Users/nataliewhipps/Library/Developer/Xcode/DerivedData/Prompt28-cgmmkisguitsyibyvnemfqvywbnv/Build/Products/Debug-iphonesimulator/GTMAppAuth.swiftmodule/x86_64-apple-ios-simulator.swiftdoc /Users/nataliewhipps/Library/Developer/Xcode/DerivedData/Prompt28-cgmmkisguitsyibyvnemfqvywbnv/Build/Intermediates.noindex/GTMAppAuth.build/Debug-iphonesimulator/GTMAppAuth.build/Objects-normal/x86_64/GTMAppAuth.swiftdoc (in target 'GTMAppAuth' from project 'GTMAppAuth')
    cd /Users/nataliewhipps/Library/Developer/Xcode/DerivedData/Prompt28-cgmmkisguitsyibyvnemfqvywbnv/SourcePackages/checkouts/GTMAppAuth
    builtin-copy -exclude .DS_Store -exclude CVS -exclude .svn -exclude .git -exclude .hg -resolve-src-symlinks -rename /Users/nataliewhipps/Library/Developer/Xcode/DerivedData/Prompt28-cgmmkisguitsyibyvnemfqvywbnv/Build/Intermediates.noindex/GTMAppAuth.build/Debug-iphonesimulator/GTMAppAuth.build/Objects-normal/x86_64/GTMAppAuth.swiftdoc /Users/nataliewhipps/Library/Developer/Xcode/DerivedData/Prompt28-cgmmkisguitsyibyvnemfqvywbnv/Build/Products/Debug-iphonesimulator/GTMAppAuth.swiftmodule/x86_64-apple-ios-simulator.swiftdoc

Copy /Users/nataliewhipps/Library/Developer/Xcode/DerivedData/Prompt28-cgmmkisguitsyibyvnemfqvywbnv/Build/Products/Debug-iphonesimulator/GTMAppAuth.swiftmodule/x86_64-apple-ios-simulator.abi.json /Users/nataliewhipps/Library/Developer/Xcode/DerivedData/Prompt28-cgmmkisguitsyibyvnemfqvywbnv/Build/Intermediates.noindex/GTMAppAuth.build/Debug-iphonesimulator/GTMAppAuth.build/Objects-normal/x86_64/GTMAppAuth.abi.json (in target 'GTMAppAuth' from project 'GTMAppAuth')
    cd /Users/nataliewhipps/Library/Developer/Xcode/DerivedData/Prompt28-cgmmkisguitsyibyvnemfqvywbnv/SourcePackages/checkouts/GTMAppAuth
    builtin-copy -exclude .DS_Store -exclude CVS -exclude .svn -exclude .git -exclude .hg -resolve-src-symlinks -rename /Users/nataliewhipps/Library/Developer/Xcode/DerivedData/Prompt28-cgmmkisguitsyibyvnemfqvywbnv/Build/Intermediates.noindex/GTMAppAuth.build/Debug-iphonesimulator/GTMAppAuth.build/Objects-normal/x86_64/GTMAppAuth.abi.json /Users/nataliewhipps/Library/Developer/Xcode/DerivedData/Prompt28-cgmmkisguitsyibyvnemfqvywbnv/Build/Products/Debug-iphonesimulator/GTMAppAuth.swiftmodule/x86_64-apple-ios-simulator.abi.json

Copy /Users/nataliewhipps/Library/Developer/Xcode/DerivedData/Prompt28-cgmmkisguitsyibyvnemfqvywbnv/Build/Products/Debug-iphonesimulator/GTMAppAuth.swiftmodule/Project/x86_64-apple-ios-simulator.swiftsourceinfo /Users/nataliewhipps/Library/Developer/Xcode/DerivedData/Prompt28-cgmmkisguitsyibyvnemfqvywbnv/Build/Intermediates.noindex/GTMAppAuth.build/Debug-iphonesimulator/GTMAppAuth.build/Objects-normal/x86_64/GTMAppAuth.swiftsourceinfo (in target 'GTMAppAuth' from project 'GTMAppAuth')
    cd /Users/nataliewhipps/Library/Developer/Xcode/DerivedData/Prompt28-cgmmkisguitsyibyvnemfqvywbnv/SourcePackages/checkouts/GTMAppAuth
    builtin-copy -exclude .DS_Store -exclude CVS -exclude .svn -exclude .git -exclude .hg -resolve-src-symlinks -rename /Users/nataliewhipps/Library/Developer/Xcode/DerivedData/Prompt28-cgmmkisguitsyibyvnemfqvywbnv/Build/Intermediates.noindex/GTMAppAuth.build/Debug-iphonesimulator/GTMAppAuth.build/Objects-normal/x86_64/GTMAppAuth.swiftsourceinfo /Users/nataliewhipps/Library/Developer/Xcode/DerivedData/Prompt28-cgmmkisguitsyibyvnemfqvywbnv/Build/Products/Debug-iphonesimulator/GTMAppAuth.swiftmodule/Project/x86_64-apple-ios-simulator.swiftsourceinfo

SwiftDriverJobDiscovery normal x86_64 Compiling AuthSessionDelegate.swift (in target 'GTMAppAuth' from project 'GTMAppAuth')

ScanDependencies /Users/nataliewhipps/Library/Developer/Xcode/DerivedData/Prompt28-cgmmkisguitsyibyvnemfqvywbnv/Build/Intermediates.noindex/GoogleSignIn.build/Debug-iphonesimulator/GoogleSignIn.build/Objects-normal/x86_64/NSBundle+GID3PAdditions.o /Users/nataliewhipps/Library/Developer/Xcode/DerivedData/Prompt28-cgmmkisguitsyibyvnemfqvywbnv/SourcePackages/checkouts/GoogleSignIn-iOS/GoogleSignIn/Sources/NSBundle+GID3PAdditions.m normal x86_64 objective-c com.apple.compilers.llvm.clang.1_0.compiler (in target 'GoogleSignIn' from project 'GoogleSignIn')
    cd /Users/nataliewhipps/Desktop/Prompt28/Prompt28.xcodeproj
    
    Using response file: /Users/nataliewhipps/Library/Developer/Xcode/DerivedData/Prompt28-cgmmkisguitsyibyvnemfqvywbnv/Build/Intermediates.noindex/GoogleSignIn.build/Debug-iphonesimulator/GoogleSignIn.build/Objects-normal/x86_64/e6072d4f65d7061329687fe24e3d63a7-common-args.resp
    
    builtin-ScanDependencies -o /Users/nataliewhipps/Library/Developer/Xcode/DerivedData/Prompt28-cgmmkisguitsyibyvnemfqvywbnv/Build/Intermediates.noindex/GoogleSignIn.build/Debug-iphonesimulator/GoogleSignIn.build/Objects-normal/x86_64/NSBundle+GID3PAdditions.o.scan -- /Applications/Xcode.app/Contents/Developer/Toolchains/XcodeDefault.xctoolchain/usr/bin/clang -x objective-c -ivfsstatcache /Users/nataliewhipps/Library/Developer/Xcode/DerivedData/SDKStatCaches.noindex/iphonesimulator26.2-23C57-7d00a8b37fbd7999ea79df8ebc024bf0.sdkstatcache -fmessage-length\=0 -fdiagnostics-show-note-include-stack -fmacro-backtrace-limit\=0 -fno-color-diagnostics -fmodules-prune-interval\=86400 -fmodules-prune-after\=345600 -fbuild-session-file\=/Users/nataliewhipps/Library/Developer/Xcode/DerivedData/ModuleCache.noindex/Session.modulevalidation -fmodules-validate-once-per-build-session -Wnon-modular-include-in-framework-module -Werror\=non-modular-include-in-framework-module -Wno-trigraphs -Wno-missing-field-initializers -Wno-missing-prototypes -Wno-return-type -Wno-implicit-atomic-properties -Wno-objc-interface-ivars -Wno-arc-repeated-use-of-weak -Wno-missing-braces -Wparentheses -Wswitch -Wno-unused-function -Wno-unused-label -Wno-unused-parameter -Wno-unused-variable -Wunused-value -Wno-empty-body -Wno-uninitialized -Wno-unknown-pragmas -w -Wno-shadow -Wno-four-char-constants -Wno-conversion -Wno-constant-conversion -Wno-int-conversion -Wno-bool-conversion -Wno-enum-conversion -Wno-float-conversion -Wno-non-literal-null-conversion -Wno-objc-literal-conversion -Wshorten-64-to-32 -Wpointer-sign -Wno-newline-eof -Wno-selector -Wno-strict-selector-match -Wno-undeclared-selector -Wno-deprecated-implementations -Wno-implicit-fallthrough -fstrict-aliasing -Wprotocol -Wdeprecated-declarations -Wno-sign-conversion -Wno-infinite-recursion -Wno-comma -Wno-block-capture-autoreleasing -Wno-strict-prototypes -Wno-semicolon-before-method-body -index-store-path /Users/nataliewhipps/Library/Developer/Xcode/DerivedData/Prompt28-cgmmkisguitsyibyvnemfqvywbnv/Index.noindex/DataStore @/Users/nataliewhipps/Library/Developer/Xcode/DerivedData/Prompt28-cgmmkisguitsyibyvnemfqvywbnv/Build/Intermediates.noindex/GoogleSignIn.build/Debug-iphonesimulator/GoogleSignIn.build/Objects-normal/x86_64/e6072d4f65d7061329687fe24e3d63a7-common-args.resp -include /Users/nataliewhipps/Library/Developer/Xcode/DerivedData/Prompt28-cgmmkisguitsyibyvnemfqvywbnv/Build/Intermediates.noindex/GoogleSignIn.build/Debug-iphonesimulator/GoogleSignIn.build/DerivedSources/resource_bundle_accessor.h -MMD -MT dependencies -MF /Users/nataliewhipps/Library/Developer/Xcode/DerivedData/Prompt28-cgmmkisguitsyibyvnemfqvywbnv/Build/Intermediates.noindex/GoogleSignIn.build/Debug-iphonesimulator/GoogleSignIn.build/Objects-normal/x86_64/NSBundle+GID3PAdditions.d --serialize-diagnostics /Users/nataliewhipps/Library/Developer/Xcode/DerivedData/Prompt28-cgmmkisguitsyibyvnemfqvywbnv/Build/Intermediates.noindex/GoogleSignIn.build/Debug-iphonesimulator/GoogleSignIn.build/Objects-normal/x86_64/NSBundle+GID3PAdditions.dia -c /Users/nataliewhipps/Library/Developer/Xcode/DerivedData/Prompt28-cgmmkisguitsyibyvnemfqvywbnv/SourcePackages/checkouts/GoogleSignIn-iOS/GoogleSignIn/Sources/NSBundle+GID3PAdditions.m -o /Users/nataliewhipps/Library/Developer/Xcode/DerivedData/Prompt28-cgmmkisguitsyibyvnemfqvywbnv/Build/Intermediates.noindex/GoogleSignIn.build/Debug-iphonesimulator/GoogleSignIn.build/Objects-normal/x86_64/NSBundle+GID3PAdditions.o -index-unit-output-path /GoogleSignIn.build/Debug-iphonesimulator/GoogleSignIn.build/Objects-normal/x86_64/NSBundle+GID3PAdditions.o

ScanDependencies /Users/nataliewhipps/Library/Developer/Xcode/DerivedData/Prompt28-cgmmkisguitsyibyvnemfqvywbnv/Build/Intermediates.noindex/GoogleSignIn.build/Debug-iphonesimulator/GoogleSignIn.build/Objects-normal/x86_64/GIDToken.o /Users/nataliewhipps/Library/Developer/Xcode/DerivedData/Prompt28-cgmmkisguitsyibyvnemfqvywbnv/SourcePackages/checkouts/GoogleSignIn-iOS/GoogleSignIn/Sources/GIDToken.m normal x86_64 objective-c com.apple.compilers.llvm.clang.1_0.compiler (in target 'GoogleSignIn' from project 'GoogleSignIn')
    cd /Users/nataliewhipps/Desktop/Prompt28/Prompt28.xcodeproj
    
    Using response file: /Users/nataliewhipps/Library/Developer/Xcode/DerivedData/Prompt28-cgmmkisguitsyibyvnemfqvywbnv/Build/Intermediates.noindex/GoogleSignIn.build/Debug-iphonesimulator/GoogleSignIn.build/Objects-normal/x86_64/e6072d4f65d7061329687fe24e3d63a7-common-args.resp
    
    builtin-ScanDependencies -o /Users/nataliewhipps/Library/Developer/Xcode/DerivedData/Prompt28-cgmmkisguitsyibyvnemfqvywbnv/Build/Intermediates.noindex/GoogleSignIn.build/Debug-iphonesimulator/GoogleSignIn.build/Objects-normal/x86_64/GIDToken.o.scan -- /Applications/Xcode.app/Contents/Developer/Toolchains/XcodeDefault.xctoolchain/usr/bin/clang -x objective-c -ivfsstatcache /Users/nataliewhipps/Library/Developer/Xcode/DerivedData/SDKStatCaches.noindex/iphonesimulator26.2-23C57-7d00a8b37fbd7999ea79df8ebc024bf0.sdkstatcache -fmessage-length\=0 -fdiagnostics-show-note-include-stack -fmacro-backtrace-limit\=0 -fno-color-diagnostics -fmodules-prune-interval\=86400 -fmodules-prune-after\=345600 -fbuild-session-file\=/Users/nataliewhipps/Library/Developer/Xcode/DerivedData/ModuleCache.noindex/Session.modulevalidation -fmodules-validate-once-per-build-session -Wnon-modular-include-in-framework-module -Werror\=non-modular-include-in-framework-module -Wno-trigraphs -Wno-missing-field-initializers -Wno-missing-prototypes -Wno-return-type -Wno-implicit-atomic-properties -Wno-objc-interface-ivars -Wno-arc-repeated-use-of-weak -Wno-missing-braces -Wparentheses -Wswitch -Wno-unused-function -Wno-unused-label -Wno-unused-parameter -Wno-unused-variable -Wunused-value -Wno-empty-body -Wno-uninitialized -Wno-unknown-pragmas -w -Wno-shadow -Wno-four-char-constants -Wno-conversion -Wno-constant-conversion -Wno-int-conversion -Wno-bool-conversion -Wno-enum-conversion -Wno-float-conversion -Wno-non-literal-null-conversion -Wno-objc-literal-conversion -Wshorten-64-to-32 -Wpointer-sign -Wno-newline-eof -Wno-selector -Wno-strict-selector-match -Wno-undeclared-selector -Wno-deprecated-implementations -Wno-implicit-fallthrough -fstrict-aliasing -Wprotocol -Wdeprecated-declarations -Wno-sign-conversion -Wno-infinite-recursion -Wno-comma -Wno-block-capture-autoreleasing -Wno-strict-prototypes -Wno-semicolon-before-method-body -index-store-path /Users/nataliewhipps/Library/Developer/Xcode/DerivedData/Prompt28-cgmmkisguitsyibyvnemfqvywbnv/Index.noindex/DataStore @/Users/nataliewhipps/Library/Developer/Xcode/DerivedData/Prompt28-cgmmkisguitsyibyvnemfqvywbnv/Build/Intermediates.noindex/GoogleSignIn.build/Debug-iphonesimulator/GoogleSignIn.build/Objects-normal/x86_64/e6072d4f65d7061329687fe24e3d63a7-common-args.resp -include /Users/nataliewhipps/Library/Developer/Xcode/DerivedData/Prompt28-cgmmkisguitsyibyvnemfqvywbnv/Build/Intermediates.noindex/GoogleSignIn.build/Debug-iphonesimulator/GoogleSignIn.build/DerivedSources/resource_bundle_accessor.h -MMD -MT dependencies -MF /Users/nataliewhipps/Library/Developer/Xcode/DerivedData/Prompt28-cgmmkisguitsyibyvnemfqvywbnv/Build/Intermediates.noindex/GoogleSignIn.build/Debug-iphonesimulator/GoogleSignIn.build/Objects-normal/x86_64/GIDToken.d --serialize-diagnostics /Users/nataliewhipps/Library/Developer/Xcode/DerivedData/Prompt28-cgmmkisguitsyibyvnemfqvywbnv/Build/Intermediates.noindex/GoogleSignIn.build/Debug-iphonesimulator/GoogleSignIn.build/Objects-normal/x86_64/GIDToken.dia -c /Users/nataliewhipps/Library/Developer/Xcode/DerivedData/Prompt28-cgmmkisguitsyibyvnemfqvywbnv/SourcePackages/checkouts/GoogleSignIn-iOS/GoogleSignIn/Sources/GIDToken.m -o /Users/nataliewhipps/Library/Developer/Xcode/DerivedData/Prompt28-cgmmkisguitsyibyvnemfqvywbnv/Build/Intermediates.noindex/GoogleSignIn.build/Debug-iphonesimulator/GoogleSignIn.build/Objects-normal/x86_64/GIDToken.o -index-unit-output-path /GoogleSignIn.build/Debug-iphonesimulator/GoogleSignIn.build/Objects-normal/x86_64/GIDToken.o

ScanDependencies /Users/nataliewhipps/Library/Developer/Xcode/DerivedData/Prompt28-cgmmkisguitsyibyvnemfqvywbnv/Build/Intermediates.noindex/GoogleSignIn.build/Debug-iphonesimulator/GoogleSignIn.build/Objects-normal/x86_64/resource_bundle_accessor.o /Users/nataliewhipps/Library/Developer/Xcode/DerivedData/Prompt28-cgmmkisguitsyibyvnemfqvywbnv/Build/Intermediates.noindex/GoogleSignIn.build/Debug-iphonesimulator/GoogleSignIn.build/DerivedSources/resource_bundle_accessor.m normal x86_64 objective-c com.apple.compilers.llvm.clang.1_0.compiler (in target 'GoogleSignIn' from project 'GoogleSignIn')
    cd /Users/nataliewhipps/Desktop/Prompt28/Prompt28.xcodeproj
    
    Using response file: /Users/nataliewhipps/Library/Developer/Xcode/DerivedData/Prompt28-cgmmkisguitsyibyvnemfqvywbnv/Build/Intermediates.noindex/GoogleSignIn.build/Debug-iphonesimulator/GoogleSignIn.build/Objects-normal/x86_64/e6072d4f65d7061329687fe24e3d63a7-common-args.resp
    
    builtin-ScanDependencies -o /Users/nataliewhipps/Library/Developer/Xcode/DerivedData/Prompt28-cgmmkisguitsyibyvnemfqvywbnv/Build/Intermediates.noindex/GoogleSignIn.build/Debug-iphonesimulator/GoogleSignIn.build/Objects-normal/x86_64/resource_bundle_accessor.o.scan -- /Applications/Xcode.app/Contents/Developer/Toolchains/XcodeDefault.xctoolchain/usr/bin/clang -x objective-c -ivfsstatcache /Users/nataliewhipps/Library/Developer/Xcode/DerivedData/SDKStatCaches.noindex/iphonesimulator26.2-23C57-7d00a8b37fbd7999ea79df8ebc024bf0.sdkstatcache -fmessage-length\=0 -fdiagnostics-show-note-include-stack -fmacro-backtrace-limit\=0 -fno-color-diagnostics -fmodules-prune-interval\=86400 -fmodules-prune-after\=345600 -fbuild-session-file\=/Users/nataliewhipps/Library/Developer/Xcode/DerivedData/ModuleCache.noindex/Session.modulevalidation -fmodules-validate-once-per-build-session -Wnon-modular-include-in-framework-module -Werror\=non-modular-include-in-framework-module -Wno-trigraphs -Wno-missing-field-initializers -Wno-missing-prototypes -Wno-return-type -Wno-implicit-atomic-properties -Wno-objc-interface-ivars -Wno-arc-repeated-use-of-weak -Wno-missing-braces -Wparentheses -Wswitch -Wno-unused-function -Wno-unused-label -Wno-unused-parameter -Wno-unused-variable -Wunused-value -Wno-empty-body -Wno-uninitialized -Wno-unknown-pragmas -w -Wno-shadow -Wno-four-char-constants -Wno-conversion -Wno-constant-conversion -Wno-int-conversion -Wno-bool-conversion -Wno-enum-conversion -Wno-float-conversion -Wno-non-literal-null-conversion -Wno-objc-literal-conversion -Wshorten-64-to-32 -Wpointer-sign -Wno-newline-eof -Wno-selector -Wno-strict-selector-match -Wno-undeclared-selector -Wno-deprecated-implementations -Wno-implicit-fallthrough -fstrict-aliasing -Wprotocol -Wdeprecated-declarations -Wno-sign-conversion -Wno-infinite-recursion -Wno-comma -Wno-block-capture-autoreleasing -Wno-strict-prototypes -Wno-semicolon-before-method-body -index-store-path /Users/nataliewhipps/Library/Developer/Xcode/DerivedData/Prompt28-cgmmkisguitsyibyvnemfqvywbnv/Index.noindex/DataStore @/Users/nataliewhipps/Library/Developer/Xcode/DerivedData/Prompt28-cgmmkisguitsyibyvnemfqvywbnv/Build/Intermediates.noindex/GoogleSignIn.build/Debug-iphonesimulator/GoogleSignIn.build/Objects-normal/x86_64/e6072d4f65d7061329687fe24e3d63a7-common-args.resp -include /Users/nataliewhipps/Library/Developer/Xcode/DerivedData/Prompt28-cgmmkisguitsyibyvnemfqvywbnv/Build/Intermediates.noindex/GoogleSignIn.build/Debug-iphonesimulator/GoogleSignIn.build/DerivedSources/resource_bundle_accessor.h -MMD -MT dependencies -MF /Users/nataliewhipps/Library/Developer/Xcode/DerivedData/Prompt28-cgmmkisguitsyibyvnemfqvywbnv/Build/Intermediates.noindex/GoogleSignIn.build/Debug-iphonesimulator/GoogleSignIn.build/Objects-normal/x86_64/resource_bundle_accessor.d --serialize-diagnostics /Users/nataliewhipps/Library/Developer/Xcode/DerivedData/Prompt28-cgmmkisguitsyibyvnemfqvywbnv/Build/Intermediates.noindex/GoogleSignIn.build/Debug-iphonesimulator/GoogleSignIn.build/Objects-normal/x86_64/resource_bundle_accessor.dia -c /Users/nataliewhipps/Library/Developer/Xcode/DerivedData/Prompt28-cgmmkisguitsyibyvnemfqvywbnv/Build/Intermediates.noindex/GoogleSignIn.build/Debug-iphonesimulator/GoogleSignIn.build/DerivedSources/resource_bundle_accessor.m -o /Users/nataliewhipps/Library/Developer/Xcode/DerivedData/Prompt28-cgmmkisguitsyibyvnemfqvywbnv/Build/Intermediates.noindex/GoogleSignIn.build/Debug-iphonesimulator/GoogleSignIn.build/Objects-normal/x86_64/resource_bundle_accessor.o -index-unit-output-path /GoogleSignIn.build/Debug-iphonesimulator/GoogleSignIn.build/Objects-normal/x86_64/resource_bundle_accessor.o

SwiftDriverJobDiscovery normal x86_64 Compiling resource_bundle_accessor.swift (in target 'GTMAppAuth' from project 'GTMAppAuth')

ScanDependencies /Users/nataliewhipps/Library/Developer/Xcode/DerivedData/Prompt28-cgmmkisguitsyibyvnemfqvywbnv/Build/Intermediates.noindex/GoogleSignIn.build/Debug-iphonesimulator/GoogleSignIn.build/Objects-normal/x86_64/GIDTimedLoader.o /Users/nataliewhipps/Library/Developer/Xcode/DerivedData/Prompt28-cgmmkisguitsyibyvnemfqvywbnv/SourcePackages/checkouts/GoogleSignIn-iOS/GoogleSignIn/Sources/GIDTimedLoader/GIDTimedLoader.m normal x86_64 objective-c com.apple.compilers.llvm.clang.1_0.compiler (in target 'GoogleSignIn' from project 'GoogleSignIn')
    cd /Users/nataliewhipps/Desktop/Prompt28/Prompt28.xcodeproj
    
    Using response file: /Users/nataliewhipps/Library/Developer/Xcode/DerivedData/Prompt28-cgmmkisguitsyibyvnemfqvywbnv/Build/Intermediates.noindex/GoogleSignIn.build/Debug-iphonesimulator/GoogleSignIn.build/Objects-normal/x86_64/e6072d4f65d7061329687fe24e3d63a7-common-args.resp
    
    builtin-ScanDependencies -o /Users/nataliewhipps/Library/Developer/Xcode/DerivedData/Prompt28-cgmmkisguitsyibyvnemfqvywbnv/Build/Intermediates.noindex/GoogleSignIn.build/Debug-iphonesimulator/GoogleSignIn.build/Objects-normal/x86_64/GIDTimedLoader.o.scan -- /Applications/Xcode.app/Contents/Developer/Toolchains/XcodeDefault.xctoolchain/usr/bin/clang -x objective-c -ivfsstatcache /Users/nataliewhipps/Library/Developer/Xcode/DerivedData/SDKStatCaches.noindex/iphonesimulator26.2-23C57-7d00a8b37fbd7999ea79df8ebc024bf0.sdkstatcache -fmessage-length\=0 -fdiagnostics-show-note-include-stack -fmacro-backtrace-limit\=0 -fno-color-diagnostics -fmodules-prune-interval\=86400 -fmodules-prune-after\=345600 -fbuild-session-file\=/Users/nataliewhipps/Library/Developer/Xcode/DerivedData/ModuleCache.noindex/Session.modulevalidation -fmodules-validate-once-per-build-session -Wnon-modular-include-in-framework-module -Werror\=non-modular-include-in-framework-module -Wno-trigraphs -Wno-missing-field-initializers -Wno-missing-prototypes -Wno-return-type -Wno-implicit-atomic-properties -Wno-objc-interface-ivars -Wno-arc-repeated-use-of-weak -Wno-missing-braces -Wparentheses -Wswitch -Wno-unused-function -Wno-unused-label -Wno-unused-parameter -Wno-unused-variable -Wunused-value -Wno-empty-body -Wno-uninitialized -Wno-unknown-pragmas -w -Wno-shadow -Wno-four-char-constants -Wno-conversion -Wno-constant-conversion -Wno-int-conversion -Wno-bool-conversion -Wno-enum-conversion -Wno-float-conversion -Wno-non-literal-null-conversion -Wno-objc-literal-conversion -Wshorten-64-to-32 -Wpointer-sign -Wno-newline-eof -Wno-selector -Wno-strict-selector-match -Wno-undeclared-selector -Wno-deprecated-implementations -Wno-implicit-fallthrough -fstrict-aliasing -Wprotocol -Wdeprecated-declarations -Wno-sign-conversion -Wno-infinite-recursion -Wno-comma -Wno-block-capture-autoreleasing -Wno-strict-prototypes -Wno-semicolon-before-method-body -index-store-path /Users/nataliewhipps/Library/Developer/Xcode/DerivedData/Prompt28-cgmmkisguitsyibyvnemfqvywbnv/Index.noindex/DataStore @/Users/nataliewhipps/Library/Developer/Xcode/DerivedData/Prompt28-cgmmkisguitsyibyvnemfqvywbnv/Build/Intermediates.noindex/GoogleSignIn.build/Debug-iphonesimulator/GoogleSignIn.build/Objects-normal/x86_64/e6072d4f65d7061329687fe24e3d63a7-common-args.resp -include /Users/nataliewhipps/Library/Developer/Xcode/DerivedData/Prompt28-cgmmkisguitsyibyvnemfqvywbnv/Build/Intermediates.noindex/GoogleSignIn.build/Debug-iphonesimulator/GoogleSignIn.build/DerivedSources/resource_bundle_accessor.h -MMD -MT dependencies -MF /Users/nataliewhipps/Library/Developer/Xcode/DerivedData/Prompt28-cgmmkisguitsyibyvnemfqvywbnv/Build/Intermediates.noindex/GoogleSignIn.build/Debug-iphonesimulator/GoogleSignIn.build/Objects-normal/x86_64/GIDTimedLoader.d --serialize-diagnostics /Users/nataliewhipps/Library/Developer/Xcode/DerivedData/Prompt28-cgmmkisguitsyibyvnemfqvywbnv/Build/Intermediates.noindex/GoogleSignIn.build/Debug-iphonesimulator/GoogleSignIn.build/Objects-normal/x86_64/GIDTimedLoader.dia -c /Users/nataliewhipps/Library/Developer/Xcode/DerivedData/Prompt28-cgmmkisguitsyibyvnemfqvywbnv/SourcePackages/checkouts/GoogleSignIn-iOS/GoogleSignIn/Sources/GIDTimedLoader/GIDTimedLoader.m -o /Users/nataliewhipps/Library/Developer/Xcode/DerivedData/Prompt28-cgmmkisguitsyibyvnemfqvywbnv/Build/Intermediates.noindex/GoogleSignIn.build/Debug-iphonesimulator/GoogleSignIn.build/Objects-normal/x86_64/GIDTimedLoader.o -index-unit-output-path /GoogleSignIn.build/Debug-iphonesimulator/GoogleSignIn.build/Objects-normal/x86_64/GIDTimedLoader.o

SwiftDriverJobDiscovery normal x86_64 Compiling KeychainAttribute.swift (in target 'GTMAppAuth' from project 'GTMAppAuth')

ScanDependencies /Users/nataliewhipps/Library/Developer/Xcode/DerivedData/Prompt28-cgmmkisguitsyibyvnemfqvywbnv/Build/Intermediates.noindex/GoogleSignIn.build/Debug-iphonesimulator/GoogleSignIn.build/Objects-normal/x86_64/GIDSignInStrings.o /Users/nataliewhipps/Library/Developer/Xcode/DerivedData/Prompt28-cgmmkisguitsyibyvnemfqvywbnv/SourcePackages/checkouts/GoogleSignIn-iOS/GoogleSignIn/Sources/GIDSignInStrings.m normal x86_64 objective-c com.apple.compilers.llvm.clang.1_0.compiler (in target 'GoogleSignIn' from project 'GoogleSignIn')
    cd /Users/nataliewhipps/Desktop/Prompt28/Prompt28.xcodeproj
    
    Using response file: /Users/nataliewhipps/Library/Developer/Xcode/DerivedData/Prompt28-cgmmkisguitsyibyvnemfqvywbnv/Build/Intermediates.noindex/GoogleSignIn.build/Debug-iphonesimulator/GoogleSignIn.build/Objects-normal/x86_64/e6072d4f65d7061329687fe24e3d63a7-common-args.resp
    
    builtin-ScanDependencies -o /Users/nataliewhipps/Library/Developer/Xcode/DerivedData/Prompt28-cgmmkisguitsyibyvnemfqvywbnv/Build/Intermediates.noindex/GoogleSignIn.build/Debug-iphonesimulator/GoogleSignIn.build/Objects-normal/x86_64/GIDSignInStrings.o.scan -- /Applications/Xcode.app/Contents/Developer/Toolchains/XcodeDefault.xctoolchain/usr/bin/clang -x objective-c -ivfsstatcache /Users/nataliewhipps/Library/Developer/Xcode/DerivedData/SDKStatCaches.noindex/iphonesimulator26.2-23C57-7d00a8b37fbd7999ea79df8ebc024bf0.sdkstatcache -fmessage-length\=0 -fdiagnostics-show-note-include-stack -fmacro-backtrace-limit\=0 -fno-color-diagnostics -fmodules-prune-interval\=86400 -fmodules-prune-after\=345600 -fbuild-session-file\=/Users/nataliewhipps/Library/Developer/Xcode/DerivedData/ModuleCache.noindex/Session.modulevalidation -fmodules-validate-once-per-build-session -Wnon-modular-include-in-framework-module -Werror\=non-modular-include-in-framework-module -Wno-trigraphs -Wno-missing-field-initializers -Wno-missing-prototypes -Wno-return-type -Wno-implicit-atomic-properties -Wno-objc-interface-ivars -Wno-arc-repeated-use-of-weak -Wno-missing-braces -Wparentheses -Wswitch -Wno-unused-function -Wno-unused-label -Wno-unused-parameter -Wno-unused-variable -Wunused-value -Wno-empty-body -Wno-uninitialized -Wno-unknown-pragmas -w -Wno-shadow -Wno-four-char-constants -Wno-conversion -Wno-constant-conversion -Wno-int-conversion -Wno-bool-conversion -Wno-enum-conversion -Wno-float-conversion -Wno-non-literal-null-conversion -Wno-objc-literal-conversion -Wshorten-64-to-32 -Wpointer-sign -Wno-newline-eof -Wno-selector -Wno-strict-selector-match -Wno-undeclared-selector -Wno-deprecated-implementations -Wno-implicit-fallthrough -fstrict-aliasing -Wprotocol -Wdeprecated-declarations -Wno-sign-conversion -Wno-infinite-recursion -Wno-comma -Wno-block-capture-autoreleasing -Wno-strict-prototypes -Wno-semicolon-before-method-body -index-store-path /Users/nataliewhipps/Library/Developer/Xcode/DerivedData/Prompt28-cgmmkisguitsyibyvnemfqvywbnv/Index.noindex/DataStore @/Users/nataliewhipps/Library/Developer/Xcode/DerivedData/Prompt28-cgmmkisguitsyibyvnemfqvywbnv/Build/Intermediates.noindex/GoogleSignIn.build/Debug-iphonesimulator/GoogleSignIn.build/Objects-normal/x86_64/e6072d4f65d7061329687fe24e3d63a7-common-args.resp -include /Users/nataliewhipps/Library/Developer/Xcode/DerivedData/Prompt28-cgmmkisguitsyibyvnemfqvywbnv/Build/Intermediates.noindex/GoogleSignIn.build/Debug-iphonesimulator/GoogleSignIn.build/DerivedSources/resource_bundle_accessor.h -MMD -MT dependencies -MF /Users/nataliewhipps/Library/Developer/Xcode/DerivedData/Prompt28-cgmmkisguitsyibyvnemfqvywbnv/Build/Intermediates.noindex/GoogleSignIn.build/Debug-iphonesimulator/GoogleSignIn.build/Objects-normal/x86_64/GIDSignInStrings.d --serialize-diagnostics /Users/nataliewhipps/Library/Developer/Xcode/DerivedData/Prompt28-cgmmkisguitsyibyvnemfqvywbnv/Build/Intermediates.noindex/GoogleSignIn.build/Debug-iphonesimulator/GoogleSignIn.build/Objects-normal/x86_64/GIDSignInStrings.dia -c /Users/nataliewhipps/Library/Developer/Xcode/DerivedData/Prompt28-cgmmkisguitsyibyvnemfqvywbnv/SourcePackages/checkouts/GoogleSignIn-iOS/GoogleSignIn/Sources/GIDSignInStrings.m -o /Users/nataliewhipps/Library/Developer/Xcode/DerivedData/Prompt28-cgmmkisguitsyibyvnemfqvywbnv/Build/Intermediates.noindex/GoogleSignIn.build/Debug-iphonesimulator/GoogleSignIn.build/Objects-normal/x86_64/GIDSignInStrings.o -index-unit-output-path /GoogleSignIn.build/Debug-iphonesimulator/GoogleSignIn.build/Objects-normal/x86_64/GIDSignInStrings.o

SwiftDriverJobDiscovery normal x86_64 Compiling KeychainHelper.swift (in target 'GTMAppAuth' from project 'GTMAppAuth')

ScanDependencies /Users/nataliewhipps/Library/Developer/Xcode/DerivedData/Prompt28-cgmmkisguitsyibyvnemfqvywbnv/Build/Intermediates.noindex/GoogleSignIn.build/Debug-iphonesimulator/GoogleSignIn.build/Objects-normal/x86_64/GIDSignInResult.o /Users/nataliewhipps/Library/Developer/Xcode/DerivedData/Prompt28-cgmmkisguitsyibyvnemfqvywbnv/SourcePackages/checkouts/GoogleSignIn-iOS/GoogleSignIn/Sources/GIDSignInResult.m normal x86_64 objective-c com.apple.compilers.llvm.clang.1_0.compiler (in target 'GoogleSignIn' from project 'GoogleSignIn')
    cd /Users/nataliewhipps/Desktop/Prompt28/Prompt28.xcodeproj
    
    Using response file: /Users/nataliewhipps/Library/Developer/Xcode/DerivedData/Prompt28-cgmmkisguitsyibyvnemfqvywbnv/Build/Intermediates.noindex/GoogleSignIn.build/Debug-iphonesimulator/GoogleSignIn.build/Objects-normal/x86_64/e6072d4f65d7061329687fe24e3d63a7-common-args.resp
    
    builtin-ScanDependencies -o /Users/nataliewhipps/Library/Developer/Xcode/DerivedData/Prompt28-cgmmkisguitsyibyvnemfqvywbnv/Build/Intermediates.noindex/GoogleSignIn.build/Debug-iphonesimulator/GoogleSignIn.build/Objects-normal/x86_64/GIDSignInResult.o.scan -- /Applications/Xcode.app/Contents/Developer/Toolchains/XcodeDefault.xctoolchain/usr/bin/clang -x objective-c -ivfsstatcache /Users/nataliewhipps/Library/Developer/Xcode/DerivedData/SDKStatCaches.noindex/iphonesimulator26.2-23C57-7d00a8b37fbd7999ea79df8ebc024bf0.sdkstatcache -fmessage-length\=0 -fdiagnostics-show-note-include-stack -fmacro-backtrace-limit\=0 -fno-color-diagnostics -fmodules-prune-interval\=86400 -fmodules-prune-after\=345600 -fbuild-session-file\=/Users/nataliewhipps/Library/Developer/Xcode/DerivedData/ModuleCache.noindex/Session.modulevalidation -fmodules-validate-once-per-build-session -Wnon-modular-include-in-framework-module -Werror\=non-modular-include-in-framework-module -Wno-trigraphs -Wno-missing-field-initializers -Wno-missing-prototypes -Wno-return-type -Wno-implicit-atomic-properties -Wno-objc-interface-ivars -Wno-arc-repeated-use-of-weak -Wno-missing-braces -Wparentheses -Wswitch -Wno-unused-function -Wno-unused-label -Wno-unused-parameter -Wno-unused-variable -Wunused-value -Wno-empty-body -Wno-uninitialized -Wno-unknown-pragmas -w -Wno-shadow -Wno-four-char-constants -Wno-conversion -Wno-constant-conversion -Wno-int-conversion -Wno-bool-conversion -Wno-enum-conversion -Wno-float-conversion -Wno-non-literal-null-conversion -Wno-objc-literal-conversion -Wshorten-64-to-32 -Wpointer-sign -Wno-newline-eof -Wno-selector -Wno-strict-selector-match -Wno-undeclared-selector -Wno-deprecated-implementations -Wno-implicit-fallthrough -fstrict-aliasing -Wprotocol -Wdeprecated-declarations -Wno-sign-conversion -Wno-infinite-recursion -Wno-comma -Wno-block-capture-autoreleasing -Wno-strict-prototypes -Wno-semicolon-before-method-body -index-store-path /Users/nataliewhipps/Library/Developer/Xcode/DerivedData/Prompt28-cgmmkisguitsyibyvnemfqvywbnv/Index.noindex/DataStore @/Users/nataliewhipps/Library/Developer/Xcode/DerivedData/Prompt28-cgmmkisguitsyibyvnemfqvywbnv/Build/Intermediates.noindex/GoogleSignIn.build/Debug-iphonesimulator/GoogleSignIn.build/Objects-normal/x86_64/e6072d4f65d7061329687fe24e3d63a7-common-args.resp -include /Users/nataliewhipps/Library/Developer/Xcode/DerivedData/Prompt28-cgmmkisguitsyibyvnemfqvywbnv/Build/Intermediates.noindex/GoogleSignIn.build/Debug-iphonesimulator/GoogleSignIn.build/DerivedSources/resource_bundle_accessor.h -MMD -MT dependencies -MF /Users/nataliewhipps/Library/Developer/Xcode/DerivedData/Prompt28-cgmmkisguitsyibyvnemfqvywbnv/Build/Intermediates.noindex/GoogleSignIn.build/Debug-iphonesimulator/GoogleSignIn.build/Objects-normal/x86_64/GIDSignInResult.d --serialize-diagnostics /Users/nataliewhipps/Library/Developer/Xcode/DerivedData/Prompt28-cgmmkisguitsyibyvnemfqvywbnv/Build/Intermediates.noindex/GoogleSignIn.build/Debug-iphonesimulator/GoogleSignIn.build/Objects-normal/x86_64/GIDSignInResult.dia -c /Users/nataliewhipps/Library/Developer/Xcode/DerivedData/Prompt28-cgmmkisguitsyibyvnemfqvywbnv/SourcePackages/checkouts/GoogleSignIn-iOS/GoogleSignIn/Sources/GIDSignInResult.m -o /Users/nataliewhipps/Library/Developer/Xcode/DerivedData/Prompt28-cgmmkisguitsyibyvnemfqvywbnv/Build/Intermediates.noindex/GoogleSignIn.build/Debug-iphonesimulator/GoogleSignIn.build/Objects-normal/x86_64/GIDSignInResult.o -index-unit-output-path /GoogleSignIn.build/Debug-iphonesimulator/GoogleSignIn.build/Objects-normal/x86_64/GIDSignInResult.o

ScanDependencies /Users/nataliewhipps/Library/Developer/Xcode/DerivedData/Prompt28-cgmmkisguitsyibyvnemfqvywbnv/Build/Intermediates.noindex/GoogleSignIn.build/Debug-iphonesimulator/GoogleSignIn.build/Objects-normal/x86_64/GIDSignInPreferences.o /Users/nataliewhipps/Library/Developer/Xcode/DerivedData/Prompt28-cgmmkisguitsyibyvnemfqvywbnv/SourcePackages/checkouts/GoogleSignIn-iOS/GoogleSignIn/Sources/GIDSignInPreferences.m normal x86_64 objective-c com.apple.compilers.llvm.clang.1_0.compiler (in target 'GoogleSignIn' from project 'GoogleSignIn')
    cd /Users/nataliewhipps/Desktop/Prompt28/Prompt28.xcodeproj
    
    Using response file: /Users/nataliewhipps/Library/Developer/Xcode/DerivedData/Prompt28-cgmmkisguitsyibyvnemfqvywbnv/Build/Intermediates.noindex/GoogleSignIn.build/Debug-iphonesimulator/GoogleSignIn.build/Objects-normal/x86_64/e6072d4f65d7061329687fe24e3d63a7-common-args.resp
    
    builtin-ScanDependencies -o /Users/nataliewhipps/Library/Developer/Xcode/DerivedData/Prompt28-cgmmkisguitsyibyvnemfqvywbnv/Build/Intermediates.noindex/GoogleSignIn.build/Debug-iphonesimulator/GoogleSignIn.build/Objects-normal/x86_64/GIDSignInPreferences.o.scan -- /Applications/Xcode.app/Contents/Developer/Toolchains/XcodeDefault.xctoolchain/usr/bin/clang -x objective-c -ivfsstatcache /Users/nataliewhipps/Library/Developer/Xcode/DerivedData/SDKStatCaches.noindex/iphonesimulator26.2-23C57-7d00a8b37fbd7999ea79df8ebc024bf0.sdkstatcache -fmessage-length\=0 -fdiagnostics-show-note-include-stack -fmacro-backtrace-limit\=0 -fno-color-diagnostics -fmodules-prune-interval\=86400 -fmodules-prune-after\=345600 -fbuild-session-file\=/Users/nataliewhipps/Library/Developer/Xcode/DerivedData/ModuleCache.noindex/Session.modulevalidation -fmodules-validate-once-per-build-session -Wnon-modular-include-in-framework-module -Werror\=non-modular-include-in-framework-module -Wno-trigraphs -Wno-missing-field-initializers -Wno-missing-prototypes -Wno-return-type -Wno-implicit-atomic-properties -Wno-objc-interface-ivars -Wno-arc-repeated-use-of-weak -Wno-missing-braces -Wparentheses -Wswitch -Wno-unused-function -Wno-unused-label -Wno-unused-parameter -Wno-unused-variable -Wunused-value -Wno-empty-body -Wno-uninitialized -Wno-unknown-pragmas -w -Wno-shadow -Wno-four-char-constants -Wno-conversion -Wno-constant-conversion -Wno-int-conversion -Wno-bool-conversion -Wno-enum-conversion -Wno-float-conversion -Wno-non-literal-null-conversion -Wno-objc-literal-conversion -Wshorten-64-to-32 -Wpointer-sign -Wno-newline-eof -Wno-selector -Wno-strict-selector-match -Wno-undeclared-selector -Wno-deprecated-implementations -Wno-implicit-fallthrough -fstrict-aliasing -Wprotocol -Wdeprecated-declarations -Wno-sign-conversion -Wno-infinite-recursion -Wno-comma -Wno-block-capture-autoreleasing -Wno-strict-prototypes -Wno-semicolon-before-method-body -index-store-path /Users/nataliewhipps/Library/Developer/Xcode/DerivedData/Prompt28-cgmmkisguitsyibyvnemfqvywbnv/Index.noindex/DataStore @/Users/nataliewhipps/Library/Developer/Xcode/DerivedData/Prompt28-cgmmkisguitsyibyvnemfqvywbnv/Build/Intermediates.noindex/GoogleSignIn.build/Debug-iphonesimulator/GoogleSignIn.build/Objects-normal/x86_64/e6072d4f65d7061329687fe24e3d63a7-common-args.resp -include /Users/nataliewhipps/Library/Developer/Xcode/DerivedData/Prompt28-cgmmkisguitsyibyvnemfqvywbnv/Build/Intermediates.noindex/GoogleSignIn.build/Debug-iphonesimulator/GoogleSignIn.build/DerivedSources/resource_bundle_accessor.h -MMD -MT dependencies -MF /Users/nataliewhipps/Library/Developer/Xcode/DerivedData/Prompt28-cgmmkisguitsyibyvnemfqvywbnv/Build/Intermediates.noindex/GoogleSignIn.build/Debug-iphonesimulator/GoogleSignIn.build/Objects-normal/x86_64/GIDSignInPreferences.d --serialize-diagnostics /Users/nataliewhipps/Library/Developer/Xcode/DerivedData/Prompt28-cgmmkisguitsyibyvnemfqvywbnv/Build/Intermediates.noindex/GoogleSignIn.build/Debug-iphonesimulator/GoogleSignIn.build/Objects-normal/x86_64/GIDSignInPreferences.dia -c /Users/nataliewhipps/Library/Developer/Xcode/DerivedData/Prompt28-cgmmkisguitsyibyvnemfqvywbnv/SourcePackages/checkouts/GoogleSignIn-iOS/GoogleSignIn/Sources/GIDSignInPreferences.m -o /Users/nataliewhipps/Library/Developer/Xcode/DerivedData/Prompt28-cgmmkisguitsyibyvnemfqvywbnv/Build/Intermediates.noindex/GoogleSignIn.build/Debug-iphonesimulator/GoogleSignIn.build/Objects-normal/x86_64/GIDSignInPreferences.o -index-unit-output-path /GoogleSignIn.build/Debug-iphonesimulator/GoogleSignIn.build/Objects-normal/x86_64/GIDSignInPreferences.o

ScanDependencies /Users/nataliewhipps/Library/Developer/Xcode/DerivedData/Prompt28-cgmmkisguitsyibyvnemfqvywbnv/Build/Intermediates.noindex/GoogleSignIn.build/Debug-iphonesimulator/GoogleSignIn.build/Objects-normal/x86_64/GIDSignInInternalOptions.o /Users/nataliewhipps/Library/Developer/Xcode/DerivedData/Prompt28-cgmmkisguitsyibyvnemfqvywbnv/SourcePackages/checkouts/GoogleSignIn-iOS/GoogleSignIn/Sources/GIDSignInInternalOptions.m normal x86_64 objective-c com.apple.compilers.llvm.clang.1_0.compiler (in target 'GoogleSignIn' from project 'GoogleSignIn')
    cd /Users/nataliewhipps/Desktop/Prompt28/Prompt28.xcodeproj
    
    Using response file: /Users/nataliewhipps/Library/Developer/Xcode/DerivedData/Prompt28-cgmmkisguitsyibyvnemfqvywbnv/Build/Intermediates.noindex/GoogleSignIn.build/Debug-iphonesimulator/GoogleSignIn.build/Objects-normal/x86_64/e6072d4f65d7061329687fe24e3d63a7-common-args.resp
    
    builtin-ScanDependencies -o /Users/nataliewhipps/Library/Developer/Xcode/DerivedData/Prompt28-cgmmkisguitsyibyvnemfqvywbnv/Build/Intermediates.noindex/GoogleSignIn.build/Debug-iphonesimulator/GoogleSignIn.build/Objects-normal/x86_64/GIDSignInInternalOptions.o.scan -- /Applications/Xcode.app/Contents/Developer/Toolchains/XcodeDefault.xctoolchain/usr/bin/clang -x objective-c -ivfsstatcache /Users/nataliewhipps/Library/Developer/Xcode/DerivedData/SDKStatCaches.noindex/iphonesimulator26.2-23C57-7d00a8b37fbd7999ea79df8ebc024bf0.sdkstatcache -fmessage-length\=0 -fdiagnostics-show-note-include-stack -fmacro-backtrace-limit\=0 -fno-color-diagnostics -fmodules-prune-interval\=86400 -fmodules-prune-after\=345600 -fbuild-session-file\=/Users/nataliewhipps/Library/Developer/Xcode/DerivedData/ModuleCache.noindex/Session.modulevalidation -fmodules-validate-once-per-build-session -Wnon-modular-include-in-framework-module -Werror\=non-modular-include-in-framework-module -Wno-trigraphs -Wno-missing-field-initializers -Wno-missing-prototypes -Wno-return-type -Wno-implicit-atomic-properties -Wno-objc-interface-ivars -Wno-arc-repeated-use-of-weak -Wno-missing-braces -Wparentheses -Wswitch -Wno-unused-function -Wno-unused-label -Wno-unused-parameter -Wno-unused-variable -Wunused-value -Wno-empty-body -Wno-uninitialized -Wno-unknown-pragmas -w -Wno-shadow -Wno-four-char-constants -Wno-conversion -Wno-constant-conversion -Wno-int-conversion -Wno-bool-conversion -Wno-enum-conversion -Wno-float-conversion -Wno-non-literal-null-conversion -Wno-objc-literal-conversion -Wshorten-64-to-32 -Wpointer-sign -Wno-newline-eof -Wno-selector -Wno-strict-selector-match -Wno-undeclared-selector -Wno-deprecated-implementations -Wno-implicit-fallthrough -fstrict-aliasing -Wprotocol -Wdeprecated-declarations -Wno-sign-conversion -Wno-infinite-recursion -Wno-comma -Wno-block-capture-autoreleasing -Wno-strict-prototypes -Wno-semicolon-before-method-body -index-store-path /Users/nataliewhipps/Library/Developer/Xcode/DerivedData/Prompt28-cgmmkisguitsyibyvnemfqvywbnv/Index.noindex/DataStore @/Users/nataliewhipps/Library/Developer/Xcode/DerivedData/Prompt28-cgmmkisguitsyibyvnemfqvywbnv/Build/Intermediates.noindex/GoogleSignIn.build/Debug-iphonesimulator/GoogleSignIn.build/Objects-normal/x86_64/e6072d4f65d7061329687fe24e3d63a7-common-args.resp -include /Users/nataliewhipps/Library/Developer/Xcode/DerivedData/Prompt28-cgmmkisguitsyibyvnemfqvywbnv/Build/Intermediates.noindex/GoogleSignIn.build/Debug-iphonesimulator/GoogleSignIn.build/DerivedSources/resource_bundle_accessor.h -MMD -MT dependencies -MF /Users/nataliewhipps/Library/Developer/Xcode/DerivedData/Prompt28-cgmmkisguitsyibyvnemfqvywbnv/Build/Intermediates.noindex/GoogleSignIn.build/Debug-iphonesimulator/GoogleSignIn.build/Objects-normal/x86_64/GIDSignInInternalOptions.d --serialize-diagnostics /Users/nataliewhipps/Library/Developer/Xcode/DerivedData/Prompt28-cgmmkisguitsyibyvnemfqvywbnv/Build/Intermediates.noindex/GoogleSignIn.build/Debug-iphonesimulator/GoogleSignIn.build/Objects-normal/x86_64/GIDSignInInternalOptions.dia -c /Users/nataliewhipps/Library/Developer/Xcode/DerivedData/Prompt28-cgmmkisguitsyibyvnemfqvywbnv/SourcePackages/checkouts/GoogleSignIn-iOS/GoogleSignIn/Sources/GIDSignInInternalOptions.m -o /Users/nataliewhipps/Library/Developer/Xcode/DerivedData/Prompt28-cgmmkisguitsyibyvnemfqvywbnv/Build/Intermediates.noindex/GoogleSignIn.build/Debug-iphonesimulator/GoogleSignIn.build/Objects-normal/x86_64/GIDSignInInternalOptions.o -index-unit-output-path /GoogleSignIn.build/Debug-iphonesimulator/GoogleSignIn.build/Objects-normal/x86_64/GIDSignInInternalOptions.o

PrecompileModule /Users/nataliewhipps/Library/Developer/Xcode/DerivedData/Prompt28-cgmmkisguitsyibyvnemfqvywbnv/Build/Intermediates.noindex/ExplicitPrecompiledModules/_Builtin_stddef-TEGCU0CAK84BNV6WX1PPJ82M.scan
    cd /
    builtin-precompileModule /Users/nataliewhipps/Library/Developer/Xcode/DerivedData/Prompt28-cgmmkisguitsyibyvnemfqvywbnv/Build/Intermediates.noindex/ExplicitPrecompiledModules/_Builtin_stddef-TEGCU0CAK84BNV6WX1PPJ82M.scan

PrecompileModule /Users/nataliewhipps/Library/Developer/Xcode/DerivedData/Prompt28-cgmmkisguitsyibyvnemfqvywbnv/Build/Intermediates.noindex/ExplicitPrecompiledModules/_AvailabilityInternal-5OJMJOL2Z50KUUD4EJ7G2W1YO.scan
    cd /
    builtin-precompileModule /Users/nataliewhipps/Library/Developer/Xcode/DerivedData/Prompt28-cgmmkisguitsyibyvnemfqvywbnv/Build/Intermediates.noindex/ExplicitPrecompiledModules/_AvailabilityInternal-5OJMJOL2Z50KUUD4EJ7G2W1YO.scan

PrecompileModule /Users/nataliewhipps/Library/Developer/Xcode/DerivedData/Prompt28-cgmmkisguitsyibyvnemfqvywbnv/Build/Intermediates.noindex/ExplicitPrecompiledModules/ptrauth-ATBGAABZXRTSXCZXAGYEZK91U.scan
    cd /
    builtin-precompileModule /Users/nataliewhipps/Library/Developer/Xcode/DerivedData/Prompt28-cgmmkisguitsyibyvnemfqvywbnv/Build/Intermediates.noindex/ExplicitPrecompiledModules/ptrauth-ATBGAABZXRTSXCZXAGYEZK91U.scan

PrecompileModule /Users/nataliewhipps/Library/Developer/Xcode/DerivedData/Prompt28-cgmmkisguitsyibyvnemfqvywbnv/Build/Intermediates.noindex/ExplicitPrecompiledModules/ptrcheck-C7LN3QP7XYB4O6WNJ97DRIPPA.scan
    cd /
    builtin-precompileModule /Users/nataliewhipps/Library/Developer/Xcode/DerivedData/Prompt28-cgmmkisguitsyibyvnemfqvywbnv/Build/Intermediates.noindex/ExplicitPrecompiledModules/ptrcheck-C7LN3QP7XYB4O6WNJ97DRIPPA.scan

PrecompileModule /Users/nataliewhipps/Library/Developer/Xcode/DerivedData/Prompt28-cgmmkisguitsyibyvnemfqvywbnv/Build/Intermediates.noindex/ExplicitPrecompiledModules/_Builtin_stdarg-6MOCYDZSA38DZ7A9J6KM7FSAD.scan
    cd /
    builtin-precompileModule /Users/nataliewhipps/Library/Developer/Xcode/DerivedData/Prompt28-cgmmkisguitsyibyvnemfqvywbnv/Build/Intermediates.noindex/ExplicitPrecompiledModules/_Builtin_stdarg-6MOCYDZSA38DZ7A9J6KM7FSAD.scan

PrecompileModule /Users/nataliewhipps/Library/Developer/Xcode/DerivedData/Prompt28-cgmmkisguitsyibyvnemfqvywbnv/Build/Intermediates.noindex/ExplicitPrecompiledModules/_Builtin_float-7A6SI4M23LDG6ON9A9PS1C91Y.scan
    cd /
    builtin-precompileModule /Users/nataliewhipps/Library/Developer/Xcode/DerivedData/Prompt28-cgmmkisguitsyibyvnemfqvywbnv/Build/Intermediates.noindex/ExplicitPrecompiledModules/_Builtin_float-7A6SI4M23LDG6ON9A9PS1C91Y.scan

PrecompileModule /Users/nataliewhipps/Library/Developer/Xcode/DerivedData/Prompt28-cgmmkisguitsyibyvnemfqvywbnv/Build/Intermediates.noindex/ExplicitPrecompiledModules/_Builtin_stdbool-9W1JS1631HQTI251VBVCKZ91C.scan
    cd /
    builtin-precompileModule /Users/nataliewhipps/Library/Developer/Xcode/DerivedData/Prompt28-cgmmkisguitsyibyvnemfqvywbnv/Build/Intermediates.noindex/ExplicitPrecompiledModules/_Builtin_stdbool-9W1JS1631HQTI251VBVCKZ91C.scan

PrecompileModule /Users/nataliewhipps/Library/Developer/Xcode/DerivedData/Prompt28-cgmmkisguitsyibyvnemfqvywbnv/Build/Intermediates.noindex/ExplicitPrecompiledModules/_DarwinFoundation1-9HE5WAD43BKR49KJ4K4KIVU83.scan
    cd /
    builtin-precompileModule /Users/nataliewhipps/Library/Developer/Xcode/DerivedData/Prompt28-cgmmkisguitsyibyvnemfqvywbnv/Build/Intermediates.noindex/ExplicitPrecompiledModules/_DarwinFoundation1-9HE5WAD43BKR49KJ4K4KIVU83.scan

ScanDependencies /Users/nataliewhipps/Library/Developer/Xcode/DerivedData/Prompt28-cgmmkisguitsyibyvnemfqvywbnv/Build/Intermediates.noindex/GoogleSignIn.build/Debug-iphonesimulator/GoogleSignIn.build/Objects-normal/x86_64/GIDSignInCallbackSchemes.o /Users/nataliewhipps/Library/Developer/Xcode/DerivedData/Prompt28-cgmmkisguitsyibyvnemfqvywbnv/SourcePackages/checkouts/GoogleSignIn-iOS/GoogleSignIn/Sources/GIDSignInCallbackSchemes.m normal x86_64 objective-c com.apple.compilers.llvm.clang.1_0.compiler (in target 'GoogleSignIn' from project 'GoogleSignIn')
    cd /Users/nataliewhipps/Desktop/Prompt28/Prompt28.xcodeproj
    
    Using response file: /Users/nataliewhipps/Library/Developer/Xcode/DerivedData/Prompt28-cgmmkisguitsyibyvnemfqvywbnv/Build/Intermediates.noindex/GoogleSignIn.build/Debug-iphonesimulator/GoogleSignIn.build/Objects-normal/x86_64/e6072d4f65d7061329687fe24e3d63a7-common-args.resp
    
    builtin-ScanDependencies -o /Users/nataliewhipps/Library/Developer/Xcode/DerivedData/Prompt28-cgmmkisguitsyibyvnemfqvywbnv/Build/Intermediates.noindex/GoogleSignIn.build/Debug-iphonesimulator/GoogleSignIn.build/Objects-normal/x86_64/GIDSignInCallbackSchemes.o.scan -- /Applications/Xcode.app/Contents/Developer/Toolchains/XcodeDefault.xctoolchain/usr/bin/clang -x objective-c -ivfsstatcache /Users/nataliewhipps/Library/Developer/Xcode/DerivedData/SDKStatCaches.noindex/iphonesimulator26.2-23C57-7d00a8b37fbd7999ea79df8ebc024bf0.sdkstatcache -fmessage-length\=0 -fdiagnostics-show-note-include-stack -fmacro-backtrace-limit\=0 -fno-color-diagnostics -fmodules-prune-interval\=86400 -fmodules-prune-after\=345600 -fbuild-session-file\=/Users/nataliewhipps/Library/Developer/Xcode/DerivedData/ModuleCache.noindex/Session.modulevalidation -fmodules-validate-once-per-build-session -Wnon-modular-include-in-framework-module -Werror\=non-modular-include-in-framework-module -Wno-trigraphs -Wno-missing-field-initializers -Wno-missing-prototypes -Wno-return-type -Wno-implicit-atomic-properties -Wno-objc-interface-ivars -Wno-arc-repeated-use-of-weak -Wno-missing-braces -Wparentheses -Wswitch -Wno-unused-function -Wno-unused-label -Wno-unused-parameter -Wno-unused-variable -Wunused-value -Wno-empty-body -Wno-uninitialized -Wno-unknown-pragmas -w -Wno-shadow -Wno-four-char-constants -Wno-conversion -Wno-constant-conversion -Wno-int-conversion -Wno-bool-conversion -Wno-enum-conversion -Wno-float-conversion -Wno-non-literal-null-conversion -Wno-objc-literal-conversion -Wshorten-64-to-32 -Wpointer-sign -Wno-newline-eof -Wno-selector -Wno-strict-selector-match -Wno-undeclared-selector -Wno-deprecated-implementations -Wno-implicit-fallthrough -fstrict-aliasing -Wprotocol -Wdeprecated-declarations -Wno-sign-conversion -Wno-infinite-recursion -Wno-comma -Wno-block-capture-autoreleasing -Wno-strict-prototypes -Wno-semicolon-before-method-body -index-store-path /Users/nataliewhipps/Library/Developer/Xcode/DerivedData/Prompt28-cgmmkisguitsyibyvnemfqvywbnv/Index.noindex/DataStore @/Users/nataliewhipps/Library/Developer/Xcode/DerivedData/Prompt28-cgmmkisguitsyibyvnemfqvywbnv/Build/Intermediates.noindex/GoogleSignIn.build/Debug-iphonesimulator/GoogleSignIn.build/Objects-normal/x86_64/e6072d4f65d7061329687fe24e3d63a7-common-args.resp -include /Users/nataliewhipps/Library/Developer/Xcode/DerivedData/Prompt28-cgmmkisguitsyibyvnemfqvywbnv/Build/Intermediates.noindex/GoogleSignIn.build/Debug-iphonesimulator/GoogleSignIn.build/DerivedSources/resource_bundle_accessor.h -MMD -MT dependencies -MF /Users/nataliewhipps/Library/Developer/Xcode/DerivedData/Prompt28-cgmmkisguitsyibyvnemfqvywbnv/Build/Intermediates.noindex/GoogleSignIn.build/Debug-iphonesimulator/GoogleSignIn.build/Objects-normal/x86_64/GIDSignInCallbackSchemes.d --serialize-diagnostics /Users/nataliewhipps/Library/Developer/Xcode/DerivedData/Prompt28-cgmmkisguitsyibyvnemfqvywbnv/Build/Intermediates.noindex/GoogleSignIn.build/Debug-iphonesimulator/GoogleSignIn.build/Objects-normal/x86_64/GIDSignInCallbackSchemes.dia -c /Users/nataliewhipps/Library/Developer/Xcode/DerivedData/Prompt28-cgmmkisguitsyibyvnemfqvywbnv/SourcePackages/checkouts/GoogleSignIn-iOS/GoogleSignIn/Sources/GIDSignInCallbackSchemes.m -o /Users/nataliewhipps/Library/Developer/Xcode/DerivedData/Prompt28-cgmmkisguitsyibyvnemfqvywbnv/Build/Intermediates.noindex/GoogleSignIn.build/Debug-iphonesimulator/GoogleSignIn.build/Objects-normal/x86_64/GIDSignInCallbackSchemes.o -index-unit-output-path /GoogleSignIn.build/Debug-iphonesimulator/GoogleSignIn.build/Objects-normal/x86_64/GIDSignInCallbackSchemes.o

ScanDependencies /Users/nataliewhipps/Library/Developer/Xcode/DerivedData/Prompt28-cgmmkisguitsyibyvnemfqvywbnv/Build/Intermediates.noindex/GoogleSignIn.build/Debug-iphonesimulator/GoogleSignIn.build/Objects-normal/x86_64/GIDSignIn.o /Users/nataliewhipps/Library/Developer/Xcode/DerivedData/Prompt28-cgmmkisguitsyibyvnemfqvywbnv/SourcePackages/checkouts/GoogleSignIn-iOS/GoogleSignIn/Sources/GIDSignIn.m normal x86_64 objective-c com.apple.compilers.llvm.clang.1_0.compiler (in target 'GoogleSignIn' from project 'GoogleSignIn')
    cd /Users/nataliewhipps/Desktop/Prompt28/Prompt28.xcodeproj
    
    Using response file: /Users/nataliewhipps/Library/Developer/Xcode/DerivedData/Prompt28-cgmmkisguitsyibyvnemfqvywbnv/Build/Intermediates.noindex/GoogleSignIn.build/Debug-iphonesimulator/GoogleSignIn.build/Objects-normal/x86_64/e6072d4f65d7061329687fe24e3d63a7-common-args.resp
    
    builtin-ScanDependencies -o /Users/nataliewhipps/Library/Developer/Xcode/DerivedData/Prompt28-cgmmkisguitsyibyvnemfqvywbnv/Build/Intermediates.noindex/GoogleSignIn.build/Debug-iphonesimulator/GoogleSignIn.build/Objects-normal/x86_64/GIDSignIn.o.scan -- /Applications/Xcode.app/Contents/Developer/Toolchains/XcodeDefault.xctoolchain/usr/bin/clang -x objective-c -ivfsstatcache /Users/nataliewhipps/Library/Developer/Xcode/DerivedData/SDKStatCaches.noindex/iphonesimulator26.2-23C57-7d00a8b37fbd7999ea79df8ebc024bf0.sdkstatcache -fmessage-length\=0 -fdiagnostics-show-note-include-stack -fmacro-backtrace-limit\=0 -fno-color-diagnostics -fmodules-prune-interval\=86400 -fmodules-prune-after\=345600 -fbuild-session-file\=/Users/nataliewhipps/Library/Developer/Xcode/DerivedData/ModuleCache.noindex/Session.modulevalidation -fmodules-validate-once-per-build-session -Wnon-modular-include-in-framework-module -Werror\=non-modular-include-in-framework-module -Wno-trigraphs -Wno-missing-field-initializers -Wno-missing-prototypes -Wno-return-type -Wno-implicit-atomic-properties -Wno-objc-interface-ivars -Wno-arc-repeated-use-of-weak -Wno-missing-braces -Wparentheses -Wswitch -Wno-unused-function -Wno-unused-label -Wno-unused-parameter -Wno-unused-variable -Wunused-value -Wno-empty-body -Wno-uninitialized -Wno-unknown-pragmas -w -Wno-shadow -Wno-four-char-constants -Wno-conversion -Wno-constant-conversion -Wno-int-conversion -Wno-bool-conversion -Wno-enum-conversion -Wno-float-conversion -Wno-non-literal-null-conversion -Wno-objc-literal-conversion -Wshorten-64-to-32 -Wpointer-sign -Wno-newline-eof -Wno-selector -Wno-strict-selector-match -Wno-undeclared-selector -Wno-deprecated-implementations -Wno-implicit-fallthrough -fstrict-aliasing -Wprotocol -Wdeprecated-declarations -Wno-sign-conversion -Wno-infinite-recursion -Wno-comma -Wno-block-capture-autoreleasing -Wno-strict-prototypes -Wno-semicolon-before-method-body -index-store-path /Users/nataliewhipps/Library/Developer/Xcode/DerivedData/Prompt28-cgmmkisguitsyibyvnemfqvywbnv/Index.noindex/DataStore @/Users/nataliewhipps/Library/Developer/Xcode/DerivedData/Prompt28-cgmmkisguitsyibyvnemfqvywbnv/Build/Intermediates.noindex/GoogleSignIn.build/Debug-iphonesimulator/GoogleSignIn.build/Objects-normal/x86_64/e6072d4f65d7061329687fe24e3d63a7-common-args.resp -include /Users/nataliewhipps/Library/Developer/Xcode/DerivedData/Prompt28-cgmmkisguitsyibyvnemfqvywbnv/Build/Intermediates.noindex/GoogleSignIn.build/Debug-iphonesimulator/GoogleSignIn.build/DerivedSources/resource_bundle_accessor.h -MMD -MT dependencies -MF /Users/nataliewhipps/Library/Developer/Xcode/DerivedData/Prompt28-cgmmkisguitsyibyvnemfqvywbnv/Build/Intermediates.noindex/GoogleSignIn.build/Debug-iphonesimulator/GoogleSignIn.build/Objects-normal/x86_64/GIDSignIn.d --serialize-diagnostics /Users/nataliewhipps/Library/Developer/Xcode/DerivedData/Prompt28-cgmmkisguitsyibyvnemfqvywbnv/Build/Intermediates.noindex/GoogleSignIn.build/Debug-iphonesimulator/GoogleSignIn.build/Objects-normal/x86_64/GIDSignIn.dia -c /Users/nataliewhipps/Library/Developer/Xcode/DerivedData/Prompt28-cgmmkisguitsyibyvnemfqvywbnv/SourcePackages/checkouts/GoogleSignIn-iOS/GoogleSignIn/Sources/GIDSignIn.m -o /Users/nataliewhipps/Library/Developer/Xcode/DerivedData/Prompt28-cgmmkisguitsyibyvnemfqvywbnv/Build/Intermediates.noindex/GoogleSignIn.build/Debug-iphonesimulator/GoogleSignIn.build/Objects-normal/x86_64/GIDSignIn.o -index-unit-output-path /GoogleSignIn.build/Debug-iphonesimulator/GoogleSignIn.build/Objects-normal/x86_64/GIDSignIn.o

ScanDependencies /Users/nataliewhipps/Library/Developer/Xcode/DerivedData/Prompt28-cgmmkisguitsyibyvnemfqvywbnv/Build/Intermediates.noindex/GoogleSignIn.build/Debug-iphonesimulator/GoogleSignIn.build/Objects-normal/x86_64/GIDSignInButton.o /Users/nataliewhipps/Library/Developer/Xcode/DerivedData/Prompt28-cgmmkisguitsyibyvnemfqvywbnv/SourcePackages/checkouts/GoogleSignIn-iOS/GoogleSignIn/Sources/GIDSignInButton.m normal x86_64 objective-c com.apple.compilers.llvm.clang.1_0.compiler (in target 'GoogleSignIn' from project 'GoogleSignIn')
    cd /Users/nataliewhipps/Desktop/Prompt28/Prompt28.xcodeproj
    
    Using response file: /Users/nataliewhipps/Library/Developer/Xcode/DerivedData/Prompt28-cgmmkisguitsyibyvnemfqvywbnv/Build/Intermediates.noindex/GoogleSignIn.build/Debug-iphonesimulator/GoogleSignIn.build/Objects-normal/x86_64/e6072d4f65d7061329687fe24e3d63a7-common-args.resp
    
    builtin-ScanDependencies -o /Users/nataliewhipps/Library/Developer/Xcode/DerivedData/Prompt28-cgmmkisguitsyibyvnemfqvywbnv/Build/Intermediates.noindex/GoogleSignIn.build/Debug-iphonesimulator/GoogleSignIn.build/Objects-normal/x86_64/GIDSignInButton.o.scan -- /Applications/Xcode.app/Contents/Developer/Toolchains/XcodeDefault.xctoolchain/usr/bin/clang -x objective-c -ivfsstatcache /Users/nataliewhipps/Library/Developer/Xcode/DerivedData/SDKStatCaches.noindex/iphonesimulator26.2-23C57-7d00a8b37fbd7999ea79df8ebc024bf0.sdkstatcache -fmessage-length\=0 -fdiagnostics-show-note-include-stack -fmacro-backtrace-limit\=0 -fno-color-diagnostics -fmodules-prune-interval\=86400 -fmodules-prune-after\=345600 -fbuild-session-file\=/Users/nataliewhipps/Library/Developer/Xcode/DerivedData/ModuleCache.noindex/Session.modulevalidation -fmodules-validate-once-per-build-session -Wnon-modular-include-in-framework-module -Werror\=non-modular-include-in-framework-module -Wno-trigraphs -Wno-missing-field-initializers -Wno-missing-prototypes -Wno-return-type -Wno-implicit-atomic-properties -Wno-objc-interface-ivars -Wno-arc-repeated-use-of-weak -Wno-missing-braces -Wparentheses -Wswitch -Wno-unused-function -Wno-unused-label -Wno-unused-parameter -Wno-unused-variable -Wunused-value -Wno-empty-body -Wno-uninitialized -Wno-unknown-pragmas -w -Wno-shadow -Wno-four-char-constants -Wno-conversion -Wno-constant-conversion -Wno-int-conversion -Wno-bool-conversion -Wno-enum-conversion -Wno-float-conversion -Wno-non-literal-null-conversion -Wno-objc-literal-conversion -Wshorten-64-to-32 -Wpointer-sign -Wno-newline-eof -Wno-selector -Wno-strict-selector-match -Wno-undeclared-selector -Wno-deprecated-implementations -Wno-implicit-fallthrough -fstrict-aliasing -Wprotocol -Wdeprecated-declarations -Wno-sign-conversion -Wno-infinite-recursion -Wno-comma -Wno-block-capture-autoreleasing -Wno-strict-prototypes -Wno-semicolon-before-method-body -index-store-path /Users/nataliewhipps/Library/Developer/Xcode/DerivedData/Prompt28-cgmmkisguitsyibyvnemfqvywbnv/Index.noindex/DataStore @/Users/nataliewhipps/Library/Developer/Xcode/DerivedData/Prompt28-cgmmkisguitsyibyvnemfqvywbnv/Build/Intermediates.noindex/GoogleSignIn.build/Debug-iphonesimulator/GoogleSignIn.build/Objects-normal/x86_64/e6072d4f65d7061329687fe24e3d63a7-common-args.resp -include /Users/nataliewhipps/Library/Developer/Xcode/DerivedData/Prompt28-cgmmkisguitsyibyvnemfqvywbnv/Build/Intermediates.noindex/GoogleSignIn.build/Debug-iphonesimulator/GoogleSignIn.build/DerivedSources/resource_bundle_accessor.h -MMD -MT dependencies -MF /Users/nataliewhipps/Library/Developer/Xcode/DerivedData/Prompt28-cgmmkisguitsyibyvnemfqvywbnv/Build/Intermediates.noindex/GoogleSignIn.build/Debug-iphonesimulator/GoogleSignIn.build/Objects-normal/x86_64/GIDSignInButton.d --serialize-diagnostics /Users/nataliewhipps/Library/Developer/Xcode/DerivedData/Prompt28-cgmmkisguitsyibyvnemfqvywbnv/Build/Intermediates.noindex/GoogleSignIn.build/Debug-iphonesimulator/GoogleSignIn.build/Objects-normal/x86_64/GIDSignInButton.dia -c /Users/nataliewhipps/Library/Developer/Xcode/DerivedData/Prompt28-cgmmkisguitsyibyvnemfqvywbnv/SourcePackages/checkouts/GoogleSignIn-iOS/GoogleSignIn/Sources/GIDSignInButton.m -o /Users/nataliewhipps/Library/Developer/Xcode/DerivedData/Prompt28-cgmmkisguitsyibyvnemfqvywbnv/Build/Intermediates.noindex/GoogleSignIn.build/Debug-iphonesimulator/GoogleSignIn.build/Objects-normal/x86_64/GIDSignInButton.o -index-unit-output-path /GoogleSignIn.build/Debug-iphonesimulator/GoogleSignIn.build/Objects-normal/x86_64/GIDSignInButton.o

ScanDependencies /Users/nataliewhipps/Library/Developer/Xcode/DerivedData/Prompt28-cgmmkisguitsyibyvnemfqvywbnv/Build/Intermediates.noindex/GoogleSignIn.build/Debug-iphonesimulator/GoogleSignIn.build/Objects-normal/x86_64/GIDScopes.o /Users/nataliewhipps/Library/Developer/Xcode/DerivedData/Prompt28-cgmmkisguitsyibyvnemfqvywbnv/SourcePackages/checkouts/GoogleSignIn-iOS/GoogleSignIn/Sources/GIDScopes.m normal x86_64 objective-c com.apple.compilers.llvm.clang.1_0.compiler (in target 'GoogleSignIn' from project 'GoogleSignIn')
    cd /Users/nataliewhipps/Desktop/Prompt28/Prompt28.xcodeproj
    
    Using response file: /Users/nataliewhipps/Library/Developer/Xcode/DerivedData/Prompt28-cgmmkisguitsyibyvnemfqvywbnv/Build/Intermediates.noindex/GoogleSignIn.build/Debug-iphonesimulator/GoogleSignIn.build/Objects-normal/x86_64/e6072d4f65d7061329687fe24e3d63a7-common-args.resp
    
    builtin-ScanDependencies -o /Users/nataliewhipps/Library/Developer/Xcode/DerivedData/Prompt28-cgmmkisguitsyibyvnemfqvywbnv/Build/Intermediates.noindex/GoogleSignIn.build/Debug-iphonesimulator/GoogleSignIn.build/Objects-normal/x86_64/GIDScopes.o.scan -- /Applications/Xcode.app/Contents/Developer/Toolchains/XcodeDefault.xctoolchain/usr/bin/clang -x objective-c -ivfsstatcache /Users/nataliewhipps/Library/Developer/Xcode/DerivedData/SDKStatCaches.noindex/iphonesimulator26.2-23C57-7d00a8b37fbd7999ea79df8ebc024bf0.sdkstatcache -fmessage-length\=0 -fdiagnostics-show-note-include-stack -fmacro-backtrace-limit\=0 -fno-color-diagnostics -fmodules-prune-interval\=86400 -fmodules-prune-after\=345600 -fbuild-session-file\=/Users/nataliewhipps/Library/Developer/Xcode/DerivedData/ModuleCache.noindex/Session.modulevalidation -fmodules-validate-once-per-build-session -Wnon-modular-include-in-framework-module -Werror\=non-modular-include-in-framework-module -Wno-trigraphs -Wno-missing-field-initializers -Wno-missing-prototypes -Wno-return-type -Wno-implicit-atomic-properties -Wno-objc-interface-ivars -Wno-arc-repeated-use-of-weak -Wno-missing-braces -Wparentheses -Wswitch -Wno-unused-function -Wno-unused-label -Wno-unused-parameter -Wno-unused-variable -Wunused-value -Wno-empty-body -Wno-uninitialized -Wno-unknown-pragmas -w -Wno-shadow -Wno-four-char-constants -Wno-conversion -Wno-constant-conversion -Wno-int-conversion -Wno-bool-conversion -Wno-enum-conversion -Wno-float-conversion -Wno-non-literal-null-conversion -Wno-objc-literal-conversion -Wshorten-64-to-32 -Wpointer-sign -Wno-newline-eof -Wno-selector -Wno-strict-selector-match -Wno-undeclared-selector -Wno-deprecated-implementations -Wno-implicit-fallthrough -fstrict-aliasing -Wprotocol -Wdeprecated-declarations -Wno-sign-conversion -Wno-infinite-recursion -Wno-comma -Wno-block-capture-autoreleasing -Wno-strict-prototypes -Wno-semicolon-before-method-body -index-store-path /Users/nataliewhipps/Library/Developer/Xcode/DerivedData/Prompt28-cgmmkisguitsyibyvnemfqvywbnv/Index.noindex/DataStore @/Users/nataliewhipps/Library/Developer/Xcode/DerivedData/Prompt28-cgmmkisguitsyibyvnemfqvywbnv/Build/Intermediates.noindex/GoogleSignIn.build/Debug-iphonesimulator/GoogleSignIn.build/Objects-normal/x86_64/e6072d4f65d7061329687fe24e3d63a7-common-args.resp -include /Users/nataliewhipps/Library/Developer/Xcode/DerivedData/Prompt28-cgmmkisguitsyibyvnemfqvywbnv/Build/Intermediates.noindex/GoogleSignIn.build/Debug-iphonesimulator/GoogleSignIn.build/DerivedSources/resource_bundle_accessor.h -MMD -MT dependencies -MF /Users/nataliewhipps/Library/Developer/Xcode/DerivedData/Prompt28-cgmmkisguitsyibyvnemfqvywbnv/Build/Intermediates.noindex/GoogleSignIn.build/Debug-iphonesimulator/GoogleSignIn.build/Objects-normal/x86_64/GIDScopes.d --serialize-diagnostics /Users/nataliewhipps/Library/Developer/Xcode/DerivedData/Prompt28-cgmmkisguitsyibyvnemfqvywbnv/Build/Intermediates.noindex/GoogleSignIn.build/Debug-iphonesimulator/GoogleSignIn.build/Objects-normal/x86_64/GIDScopes.dia -c /Users/nataliewhipps/Library/Developer/Xcode/DerivedData/Prompt28-cgmmkisguitsyibyvnemfqvywbnv/SourcePackages/checkouts/GoogleSignIn-iOS/GoogleSignIn/Sources/GIDScopes.m -o /Users/nataliewhipps/Library/Developer/Xcode/DerivedData/Prompt28-cgmmkisguitsyibyvnemfqvywbnv/Build/Intermediates.noindex/GoogleSignIn.build/Debug-iphonesimulator/GoogleSignIn.build/Objects-normal/x86_64/GIDScopes.o -index-unit-output-path /GoogleSignIn.build/Debug-iphonesimulator/GoogleSignIn.build/Objects-normal/x86_64/GIDScopes.o

ScanDependencies /Users/nataliewhipps/Library/Developer/Xcode/DerivedData/Prompt28-cgmmkisguitsyibyvnemfqvywbnv/Build/Intermediates.noindex/GoogleSignIn.build/Debug-iphonesimulator/GoogleSignIn.build/Objects-normal/x86_64/GIDProfileData.o /Users/nataliewhipps/Library/Developer/Xcode/DerivedData/Prompt28-cgmmkisguitsyibyvnemfqvywbnv/SourcePackages/checkouts/GoogleSignIn-iOS/GoogleSignIn/Sources/GIDProfileData.m normal x86_64 objective-c com.apple.compilers.llvm.clang.1_0.compiler (in target 'GoogleSignIn' from project 'GoogleSignIn')
    cd /Users/nataliewhipps/Desktop/Prompt28/Prompt28.xcodeproj
    
    Using response file: /Users/nataliewhipps/Library/Developer/Xcode/DerivedData/Prompt28-cgmmkisguitsyibyvnemfqvywbnv/Build/Intermediates.noindex/GoogleSignIn.build/Debug-iphonesimulator/GoogleSignIn.build/Objects-normal/x86_64/e6072d4f65d7061329687fe24e3d63a7-common-args.resp
    
    builtin-ScanDependencies -o /Users/nataliewhipps/Library/Developer/Xcode/DerivedData/Prompt28-cgmmkisguitsyibyvnemfqvywbnv/Build/Intermediates.noindex/GoogleSignIn.build/Debug-iphonesimulator/GoogleSignIn.build/Objects-normal/x86_64/GIDProfileData.o.scan -- /Applications/Xcode.app/Contents/Developer/Toolchains/XcodeDefault.xctoolchain/usr/bin/clang -x objective-c -ivfsstatcache /Users/nataliewhipps/Library/Developer/Xcode/DerivedData/SDKStatCaches.noindex/iphonesimulator26.2-23C57-7d00a8b37fbd7999ea79df8ebc024bf0.sdkstatcache -fmessage-length\=0 -fdiagnostics-show-note-include-stack -fmacro-backtrace-limit\=0 -fno-color-diagnostics -fmodules-prune-interval\=86400 -fmodules-prune-after\=345600 -fbuild-session-file\=/Users/nataliewhipps/Library/Developer/Xcode/DerivedData/ModuleCache.noindex/Session.modulevalidation -fmodules-validate-once-per-build-session -Wnon-modular-include-in-framework-module -Werror\=non-modular-include-in-framework-module -Wno-trigraphs -Wno-missing-field-initializers -Wno-missing-prototypes -Wno-return-type -Wno-implicit-atomic-properties -Wno-objc-interface-ivars -Wno-arc-repeated-use-of-weak -Wno-missing-braces -Wparentheses -Wswitch -Wno-unused-function -Wno-unused-label -Wno-unused-parameter -Wno-unused-variable -Wunused-value -Wno-empty-body -Wno-uninitialized -Wno-unknown-pragmas -w -Wno-shadow -Wno-four-char-constants -Wno-conversion -Wno-constant-conversion -Wno-int-conversion -Wno-bool-conversion -Wno-enum-conversion -Wno-float-conversion -Wno-non-literal-null-conversion -Wno-objc-literal-conversion -Wshorten-64-to-32 -Wpointer-sign -Wno-newline-eof -Wno-selector -Wno-strict-selector-match -Wno-undeclared-selector -Wno-deprecated-implementations -Wno-implicit-fallthrough -fstrict-aliasing -Wprotocol -Wdeprecated-declarations -Wno-sign-conversion -Wno-infinite-recursion -Wno-comma -Wno-block-capture-autoreleasing -Wno-strict-prototypes -Wno-semicolon-before-method-body -index-store-path /Users/nataliewhipps/Library/Developer/Xcode/DerivedData/Prompt28-cgmmkisguitsyibyvnemfqvywbnv/Index.noindex/DataStore @/Users/nataliewhipps/Library/Developer/Xcode/DerivedData/Prompt28-cgmmkisguitsyibyvnemfqvywbnv/Build/Intermediates.noindex/GoogleSignIn.build/Debug-iphonesimulator/GoogleSignIn.build/Objects-normal/x86_64/e6072d4f65d7061329687fe24e3d63a7-common-args.resp -include /Users/nataliewhipps/Library/Developer/Xcode/DerivedData/Prompt28-cgmmkisguitsyibyvnemfqvywbnv/Build/Intermediates.noindex/GoogleSignIn.build/Debug-iphonesimulator/GoogleSignIn.build/DerivedSources/resource_bundle_accessor.h -MMD -MT dependencies -MF /Users/nataliewhipps/Library/Developer/Xcode/DerivedData/Prompt28-cgmmkisguitsyibyvnemfqvywbnv/Build/Intermediates.noindex/GoogleSignIn.build/Debug-iphonesimulator/GoogleSignIn.build/Objects-normal/x86_64/GIDProfileData.d --serialize-diagnostics /Users/nataliewhipps/Library/Developer/Xcode/DerivedData/Prompt28-cgmmkisguitsyibyvnemfqvywbnv/Build/Intermediates.noindex/GoogleSignIn.build/Debug-iphonesimulator/GoogleSignIn.build/Objects-normal/x86_64/GIDProfileData.dia -c /Users/nataliewhipps/Library/Developer/Xcode/DerivedData/Prompt28-cgmmkisguitsyibyvnemfqvywbnv/SourcePackages/checkouts/GoogleSignIn-iOS/GoogleSignIn/Sources/GIDProfileData.m -o /Users/nataliewhipps/Library/Developer/Xcode/DerivedData/Prompt28-cgmmkisguitsyibyvnemfqvywbnv/Build/Intermediates.noindex/GoogleSignIn.build/Debug-iphonesimulator/GoogleSignIn.build/Objects-normal/x86_64/GIDProfileData.o -index-unit-output-path /GoogleSignIn.build/Debug-iphonesimulator/GoogleSignIn.build/Objects-normal/x86_64/GIDProfileData.o

ScanDependencies /Users/nataliewhipps/Library/Developer/Xcode/DerivedData/Prompt28-cgmmkisguitsyibyvnemfqvywbnv/Build/Intermediates.noindex/GoogleSignIn.build/Debug-iphonesimulator/GoogleSignIn.build/Objects-normal/x86_64/GIDMDMPasscodeState.o /Users/nataliewhipps/Library/Developer/Xcode/DerivedData/Prompt28-cgmmkisguitsyibyvnemfqvywbnv/SourcePackages/checkouts/GoogleSignIn-iOS/GoogleSignIn/Sources/GIDMDMPasscodeState.m normal x86_64 objective-c com.apple.compilers.llvm.clang.1_0.compiler (in target 'GoogleSignIn' from project 'GoogleSignIn')
    cd /Users/nataliewhipps/Desktop/Prompt28/Prompt28.xcodeproj
    
    Using response file: /Users/nataliewhipps/Library/Developer/Xcode/DerivedData/Prompt28-cgmmkisguitsyibyvnemfqvywbnv/Build/Intermediates.noindex/GoogleSignIn.build/Debug-iphonesimulator/GoogleSignIn.build/Objects-normal/x86_64/e6072d4f65d7061329687fe24e3d63a7-common-args.resp
    
    builtin-ScanDependencies -o /Users/nataliewhipps/Library/Developer/Xcode/DerivedData/Prompt28-cgmmkisguitsyibyvnemfqvywbnv/Build/Intermediates.noindex/GoogleSignIn.build/Debug-iphonesimulator/GoogleSignIn.build/Objects-normal/x86_64/GIDMDMPasscodeState.o.scan -- /Applications/Xcode.app/Contents/Developer/Toolchains/XcodeDefault.xctoolchain/usr/bin/clang -x objective-c -ivfsstatcache /Users/nataliewhipps/Library/Developer/Xcode/DerivedData/SDKStatCaches.noindex/iphonesimulator26.2-23C57-7d00a8b37fbd7999ea79df8ebc024bf0.sdkstatcache -fmessage-length\=0 -fdiagnostics-show-note-include-stack -fmacro-backtrace-limit\=0 -fno-color-diagnostics -fmodules-prune-interval\=86400 -fmodules-prune-after\=345600 -fbuild-session-file\=/Users/nataliewhipps/Library/Developer/Xcode/DerivedData/ModuleCache.noindex/Session.modulevalidation -fmodules-validate-once-per-build-session -Wnon-modular-include-in-framework-module -Werror\=non-modular-include-in-framework-module -Wno-trigraphs -Wno-missing-field-initializers -Wno-missing-prototypes -Wno-return-type -Wno-implicit-atomic-properties -Wno-objc-interface-ivars -Wno-arc-repeated-use-of-weak -Wno-missing-braces -Wparentheses -Wswitch -Wno-unused-function -Wno-unused-label -Wno-unused-parameter -Wno-unused-variable -Wunused-value -Wno-empty-body -Wno-uninitialized -Wno-unknown-pragmas -w -Wno-shadow -Wno-four-char-constants -Wno-conversion -Wno-constant-conversion -Wno-int-conversion -Wno-bool-conversion -Wno-enum-conversion -Wno-float-conversion -Wno-non-literal-null-conversion -Wno-objc-literal-conversion -Wshorten-64-to-32 -Wpointer-sign -Wno-newline-eof -Wno-selector -Wno-strict-selector-match -Wno-undeclared-selector -Wno-deprecated-implementations -Wno-implicit-fallthrough -fstrict-aliasing -Wprotocol -Wdeprecated-declarations -Wno-sign-conversion -Wno-infinite-recursion -Wno-comma -Wno-block-capture-autoreleasing -Wno-strict-prototypes -Wno-semicolon-before-method-body -index-store-path /Users/nataliewhipps/Library/Developer/Xcode/DerivedData/Prompt28-cgmmkisguitsyibyvnemfqvywbnv/Index.noindex/DataStore @/Users/nataliewhipps/Library/Developer/Xcode/DerivedData/Prompt28-cgmmkisguitsyibyvnemfqvywbnv/Build/Intermediates.noindex/GoogleSignIn.build/Debug-iphonesimulator/GoogleSignIn.build/Objects-normal/x86_64/e6072d4f65d7061329687fe24e3d63a7-common-args.resp -include /Users/nataliewhipps/Library/Developer/Xcode/DerivedData/Prompt28-cgmmkisguitsyibyvnemfqvywbnv/Build/Intermediates.noindex/GoogleSignIn.build/Debug-iphonesimulator/GoogleSignIn.build/DerivedSources/resource_bundle_accessor.h -MMD -MT dependencies -MF /Users/nataliewhipps/Library/Developer/Xcode/DerivedData/Prompt28-cgmmkisguitsyibyvnemfqvywbnv/Build/Intermediates.noindex/GoogleSignIn.build/Debug-iphonesimulator/GoogleSignIn.build/Objects-normal/x86_64/GIDMDMPasscodeState.d --serialize-diagnostics /Users/nataliewhipps/Library/Developer/Xcode/DerivedData/Prompt28-cgmmkisguitsyibyvnemfqvywbnv/Build/Intermediates.noindex/GoogleSignIn.build/Debug-iphonesimulator/GoogleSignIn.build/Objects-normal/x86_64/GIDMDMPasscodeState.dia -c /Users/nataliewhipps/Library/Developer/Xcode/DerivedData/Prompt28-cgmmkisguitsyibyvnemfqvywbnv/SourcePackages/checkouts/GoogleSignIn-iOS/GoogleSignIn/Sources/GIDMDMPasscodeState.m -o /Users/nataliewhipps/Library/Developer/Xcode/DerivedData/Prompt28-cgmmkisguitsyibyvnemfqvywbnv/Build/Intermediates.noindex/GoogleSignIn.build/Debug-iphonesimulator/GoogleSignIn.build/Objects-normal/x86_64/GIDMDMPasscodeState.o -index-unit-output-path /GoogleSignIn.build/Debug-iphonesimulator/GoogleSignIn.build/Objects-normal/x86_64/GIDMDMPasscodeState.o

ScanDependencies /Users/nataliewhipps/Library/Developer/Xcode/DerivedData/Prompt28-cgmmkisguitsyibyvnemfqvywbnv/Build/Intermediates.noindex/GoogleSignIn.build/Debug-iphonesimulator/GoogleSignIn.build/Objects-normal/x86_64/GIDMDMPasscodeCache.o /Users/nataliewhipps/Library/Developer/Xcode/DerivedData/Prompt28-cgmmkisguitsyibyvnemfqvywbnv/SourcePackages/checkouts/GoogleSignIn-iOS/GoogleSignIn/Sources/GIDMDMPasscodeCache.m normal x86_64 objective-c com.apple.compilers.llvm.clang.1_0.compiler (in target 'GoogleSignIn' from project 'GoogleSignIn')
    cd /Users/nataliewhipps/Desktop/Prompt28/Prompt28.xcodeproj
    
    Using response file: /Users/nataliewhipps/Library/Developer/Xcode/DerivedData/Prompt28-cgmmkisguitsyibyvnemfqvywbnv/Build/Intermediates.noindex/GoogleSignIn.build/Debug-iphonesimulator/GoogleSignIn.build/Objects-normal/x86_64/e6072d4f65d7061329687fe24e3d63a7-common-args.resp
    
    builtin-ScanDependencies -o /Users/nataliewhipps/Library/Developer/Xcode/DerivedData/Prompt28-cgmmkisguitsyibyvnemfqvywbnv/Build/Intermediates.noindex/GoogleSignIn.build/Debug-iphonesimulator/GoogleSignIn.build/Objects-normal/x86_64/GIDMDMPasscodeCache.o.scan -- /Applications/Xcode.app/Contents/Developer/Toolchains/XcodeDefault.xctoolchain/usr/bin/clang -x objective-c -ivfsstatcache /Users/nataliewhipps/Library/Developer/Xcode/DerivedData/SDKStatCaches.noindex/iphonesimulator26.2-23C57-7d00a8b37fbd7999ea79df8ebc024bf0.sdkstatcache -fmessage-length\=0 -fdiagnostics-show-note-include-stack -fmacro-backtrace-limit\=0 -fno-color-diagnostics -fmodules-prune-interval\=86400 -fmodules-prune-after\=345600 -fbuild-session-file\=/Users/nataliewhipps/Library/Developer/Xcode/DerivedData/ModuleCache.noindex/Session.modulevalidation -fmodules-validate-once-per-build-session -Wnon-modular-include-in-framework-module -Werror\=non-modular-include-in-framework-module -Wno-trigraphs -Wno-missing-field-initializers -Wno-missing-prototypes -Wno-return-type -Wno-implicit-atomic-properties -Wno-objc-interface-ivars -Wno-arc-repeated-use-of-weak -Wno-missing-braces -Wparentheses -Wswitch -Wno-unused-function -Wno-unused-label -Wno-unused-parameter -Wno-unused-variable -Wunused-value -Wno-empty-body -Wno-uninitialized -Wno-unknown-pragmas -w -Wno-shadow -Wno-four-char-constants -Wno-conversion -Wno-constant-conversion -Wno-int-conversion -Wno-bool-conversion -Wno-enum-conversion -Wno-float-conversion -Wno-non-literal-null-conversion -Wno-objc-literal-conversion -Wshorten-64-to-32 -Wpointer-sign -Wno-newline-eof -Wno-selector -Wno-strict-selector-match -Wno-undeclared-selector -Wno-deprecated-implementations -Wno-implicit-fallthrough -fstrict-aliasing -Wprotocol -Wdeprecated-declarations -Wno-sign-conversion -Wno-infinite-recursion -Wno-comma -Wno-block-capture-autoreleasing -Wno-strict-prototypes -Wno-semicolon-before-method-body -index-store-path /Users/nataliewhipps/Library/Developer/Xcode/DerivedData/Prompt28-cgmmkisguitsyibyvnemfqvywbnv/Index.noindex/DataStore @/Users/nataliewhipps/Library/Developer/Xcode/DerivedData/Prompt28-cgmmkisguitsyibyvnemfqvywbnv/Build/Intermediates.noindex/GoogleSignIn.build/Debug-iphonesimulator/GoogleSignIn.build/Objects-normal/x86_64/e6072d4f65d7061329687fe24e3d63a7-common-args.resp -include /Users/nataliewhipps/Library/Developer/Xcode/DerivedData/Prompt28-cgmmkisguitsyibyvnemfqvywbnv/Build/Intermediates.noindex/GoogleSignIn.build/Debug-iphonesimulator/GoogleSignIn.build/DerivedSources/resource_bundle_accessor.h -MMD -MT dependencies -MF /Users/nataliewhipps/Library/Developer/Xcode/DerivedData/Prompt28-cgmmkisguitsyibyvnemfqvywbnv/Build/Intermediates.noindex/GoogleSignIn.build/Debug-iphonesimulator/GoogleSignIn.build/Objects-normal/x86_64/GIDMDMPasscodeCache.d --serialize-diagnostics /Users/nataliewhipps/Library/Developer/Xcode/DerivedData/Prompt28-cgmmkisguitsyibyvnemfqvywbnv/Build/Intermediates.noindex/GoogleSignIn.build/Debug-iphonesimulator/GoogleSignIn.build/Objects-normal/x86_64/GIDMDMPasscodeCache.dia -c /Users/nataliewhipps/Library/Developer/Xcode/DerivedData/Prompt28-cgmmkisguitsyibyvnemfqvywbnv/SourcePackages/checkouts/GoogleSignIn-iOS/GoogleSignIn/Sources/GIDMDMPasscodeCache.m -o /Users/nataliewhipps/Library/Developer/Xcode/DerivedData/Prompt28-cgmmkisguitsyibyvnemfqvywbnv/Build/Intermediates.noindex/GoogleSignIn.build/Debug-iphonesimulator/GoogleSignIn.build/Objects-normal/x86_64/GIDMDMPasscodeCache.o -index-unit-output-path /GoogleSignIn.build/Debug-iphonesimulator/GoogleSignIn.build/Objects-normal/x86_64/GIDMDMPasscodeCache.o

ScanDependencies /Users/nataliewhipps/Library/Developer/Xcode/DerivedData/Prompt28-cgmmkisguitsyibyvnemfqvywbnv/Build/Intermediates.noindex/GoogleSignIn.build/Debug-iphonesimulator/GoogleSignIn.build/Objects-normal/x86_64/GIDJSONSerializerImpl.o /Users/nataliewhipps/Library/Developer/Xcode/DerivedData/Prompt28-cgmmkisguitsyibyvnemfqvywbnv/SourcePackages/checkouts/GoogleSignIn-iOS/GoogleSignIn/Sources/GIDJSONSerializer/Implementation/GIDJSONSerializerImpl.m normal x86_64 objective-c com.apple.compilers.llvm.clang.1_0.compiler (in target 'GoogleSignIn' from project 'GoogleSignIn')
    cd /Users/nataliewhipps/Desktop/Prompt28/Prompt28.xcodeproj
    
    Using response file: /Users/nataliewhipps/Library/Developer/Xcode/DerivedData/Prompt28-cgmmkisguitsyibyvnemfqvywbnv/Build/Intermediates.noindex/GoogleSignIn.build/Debug-iphonesimulator/GoogleSignIn.build/Objects-normal/x86_64/e6072d4f65d7061329687fe24e3d63a7-common-args.resp
    
    builtin-ScanDependencies -o /Users/nataliewhipps/Library/Developer/Xcode/DerivedData/Prompt28-cgmmkisguitsyibyvnemfqvywbnv/Build/Intermediates.noindex/GoogleSignIn.build/Debug-iphonesimulator/GoogleSignIn.build/Objects-normal/x86_64/GIDJSONSerializerImpl.o.scan -- /Applications/Xcode.app/Contents/Developer/Toolchains/XcodeDefault.xctoolchain/usr/bin/clang -x objective-c -ivfsstatcache /Users/nataliewhipps/Library/Developer/Xcode/DerivedData/SDKStatCaches.noindex/iphonesimulator26.2-23C57-7d00a8b37fbd7999ea79df8ebc024bf0.sdkstatcache -fmessage-length\=0 -fdiagnostics-show-note-include-stack -fmacro-backtrace-limit\=0 -fno-color-diagnostics -fmodules-prune-interval\=86400 -fmodules-prune-after\=345600 -fbuild-session-file\=/Users/nataliewhipps/Library/Developer/Xcode/DerivedData/ModuleCache.noindex/Session.modulevalidation -fmodules-validate-once-per-build-session -Wnon-modular-include-in-framework-module -Werror\=non-modular-include-in-framework-module -Wno-trigraphs -Wno-missing-field-initializers -Wno-missing-prototypes -Wno-return-type -Wno-implicit-atomic-properties -Wno-objc-interface-ivars -Wno-arc-repeated-use-of-weak -Wno-missing-braces -Wparentheses -Wswitch -Wno-unused-function -Wno-unused-label -Wno-unused-parameter -Wno-unused-variable -Wunused-value -Wno-empty-body -Wno-uninitialized -Wno-unknown-pragmas -w -Wno-shadow -Wno-four-char-constants -Wno-conversion -Wno-constant-conversion -Wno-int-conversion -Wno-bool-conversion -Wno-enum-conversion -Wno-float-conversion -Wno-non-literal-null-conversion -Wno-objc-literal-conversion -Wshorten-64-to-32 -Wpointer-sign -Wno-newline-eof -Wno-selector -Wno-strict-selector-match -Wno-undeclared-selector -Wno-deprecated-implementations -Wno-implicit-fallthrough -fstrict-aliasing -Wprotocol -Wdeprecated-declarations -Wno-sign-conversion -Wno-infinite-recursion -Wno-comma -Wno-block-capture-autoreleasing -Wno-strict-prototypes -Wno-semicolon-before-method-body -index-store-path /Users/nataliewhipps/Library/Developer/Xcode/DerivedData/Prompt28-cgmmkisguitsyibyvnemfqvywbnv/Index.noindex/DataStore @/Users/nataliewhipps/Library/Developer/Xcode/DerivedData/Prompt28-cgmmkisguitsyibyvnemfqvywbnv/Build/Intermediates.noindex/GoogleSignIn.build/Debug-iphonesimulator/GoogleSignIn.build/Objects-normal/x86_64/e6072d4f65d7061329687fe24e3d63a7-common-args.resp -include /Users/nataliewhipps/Library/Developer/Xcode/DerivedData/Prompt28-cgmmkisguitsyibyvnemfqvywbnv/Build/Intermediates.noindex/GoogleSignIn.build/Debug-iphonesimulator/GoogleSignIn.build/DerivedSources/resource_bundle_accessor.h -MMD -MT dependencies -MF /Users/nataliewhipps/Library/Developer/Xcode/DerivedData/Prompt28-cgmmkisguitsyibyvnemfqvywbnv/Build/Intermediates.noindex/GoogleSignIn.build/Debug-iphonesimulator/GoogleSignIn.build/Objects-normal/x86_64/GIDJSONSerializerImpl.d --serialize-diagnostics /Users/nataliewhipps/Library/Developer/Xcode/DerivedData/Prompt28-cgmmkisguitsyibyvnemfqvywbnv/Build/Intermediates.noindex/GoogleSignIn.build/Debug-iphonesimulator/GoogleSignIn.build/Objects-normal/x86_64/GIDJSONSerializerImpl.dia -c /Users/nataliewhipps/Library/Developer/Xcode/DerivedData/Prompt28-cgmmkisguitsyibyvnemfqvywbnv/SourcePackages/checkouts/GoogleSignIn-iOS/GoogleSignIn/Sources/GIDJSONSerializer/Implementation/GIDJSONSerializerImpl.m -o /Users/nataliewhipps/Library/Developer/Xcode/DerivedData/Prompt28-cgmmkisguitsyibyvnemfqvywbnv/Build/Intermediates.noindex/GoogleSignIn.build/Debug-iphonesimulator/GoogleSignIn.build/Objects-normal/x86_64/GIDJSONSerializerImpl.o -index-unit-output-path /GoogleSignIn.build/Debug-iphonesimulator/GoogleSignIn.build/Objects-normal/x86_64/GIDJSONSerializerImpl.o

ScanDependencies /Users/nataliewhipps/Library/Developer/Xcode/DerivedData/Prompt28-cgmmkisguitsyibyvnemfqvywbnv/Build/Intermediates.noindex/GoogleSignIn.build/Debug-iphonesimulator/GoogleSignIn.build/Objects-normal/x86_64/GIDGoogleUser.o /Users/nataliewhipps/Library/Developer/Xcode/DerivedData/Prompt28-cgmmkisguitsyibyvnemfqvywbnv/SourcePackages/checkouts/GoogleSignIn-iOS/GoogleSignIn/Sources/GIDGoogleUser.m normal x86_64 objective-c com.apple.compilers.llvm.clang.1_0.compiler (in target 'GoogleSignIn' from project 'GoogleSignIn')
    cd /Users/nataliewhipps/Desktop/Prompt28/Prompt28.xcodeproj
    
    Using response file: /Users/nataliewhipps/Library/Developer/Xcode/DerivedData/Prompt28-cgmmkisguitsyibyvnemfqvywbnv/Build/Intermediates.noindex/GoogleSignIn.build/Debug-iphonesimulator/GoogleSignIn.build/Objects-normal/x86_64/e6072d4f65d7061329687fe24e3d63a7-common-args.resp
    
    builtin-ScanDependencies -o /Users/nataliewhipps/Library/Developer/Xcode/DerivedData/Prompt28-cgmmkisguitsyibyvnemfqvywbnv/Build/Intermediates.noindex/GoogleSignIn.build/Debug-iphonesimulator/GoogleSignIn.build/Objects-normal/x86_64/GIDGoogleUser.o.scan -- /Applications/Xcode.app/Contents/Developer/Toolchains/XcodeDefault.xctoolchain/usr/bin/clang -x objective-c -ivfsstatcache /Users/nataliewhipps/Library/Developer/Xcode/DerivedData/SDKStatCaches.noindex/iphonesimulator26.2-23C57-7d00a8b37fbd7999ea79df8ebc024bf0.sdkstatcache -fmessage-length\=0 -fdiagnostics-show-note-include-stack -fmacro-backtrace-limit\=0 -fno-color-diagnostics -fmodules-prune-interval\=86400 -fmodules-prune-after\=345600 -fbuild-session-file\=/Users/nataliewhipps/Library/Developer/Xcode/DerivedData/ModuleCache.noindex/Session.modulevalidation -fmodules-validate-once-per-build-session -Wnon-modular-include-in-framework-module -Werror\=non-modular-include-in-framework-module -Wno-trigraphs -Wno-missing-field-initializers -Wno-missing-prototypes -Wno-return-type -Wno-implicit-atomic-properties -Wno-objc-interface-ivars -Wno-arc-repeated-use-of-weak -Wno-missing-braces -Wparentheses -Wswitch -Wno-unused-function -Wno-unused-label -Wno-unused-parameter -Wno-unused-variable -Wunused-value -Wno-empty-body -Wno-uninitialized -Wno-unknown-pragmas -w -Wno-shadow -Wno-four-char-constants -Wno-conversion -Wno-constant-conversion -Wno-int-conversion -Wno-bool-conversion -Wno-enum-conversion -Wno-float-conversion -Wno-non-literal-null-conversion -Wno-objc-literal-conversion -Wshorten-64-to-32 -Wpointer-sign -Wno-newline-eof -Wno-selector -Wno-strict-selector-match -Wno-undeclared-selector -Wno-deprecated-implementations -Wno-implicit-fallthrough -fstrict-aliasing -Wprotocol -Wdeprecated-declarations -Wno-sign-conversion -Wno-infinite-recursion -Wno-comma -Wno-block-capture-autoreleasing -Wno-strict-prototypes -Wno-semicolon-before-method-body -index-store-path /Users/nataliewhipps/Library/Developer/Xcode/DerivedData/Prompt28-cgmmkisguitsyibyvnemfqvywbnv/Index.noindex/DataStore @/Users/nataliewhipps/Library/Developer/Xcode/DerivedData/Prompt28-cgmmkisguitsyibyvnemfqvywbnv/Build/Intermediates.noindex/GoogleSignIn.build/Debug-iphonesimulator/GoogleSignIn.build/Objects-normal/x86_64/e6072d4f65d7061329687fe24e3d63a7-common-args.resp -include /Users/nataliewhipps/Library/Developer/Xcode/DerivedData/Prompt28-cgmmkisguitsyibyvnemfqvywbnv/Build/Intermediates.noindex/GoogleSignIn.build/Debug-iphonesimulator/GoogleSignIn.build/DerivedSources/resource_bundle_accessor.h -MMD -MT dependencies -MF /Users/nataliewhipps/Library/Developer/Xcode/DerivedData/Prompt28-cgmmkisguitsyibyvnemfqvywbnv/Build/Intermediates.noindex/GoogleSignIn.build/Debug-iphonesimulator/GoogleSignIn.build/Objects-normal/x86_64/GIDGoogleUser.d --serialize-diagnostics /Users/nataliewhipps/Library/Developer/Xcode/DerivedData/Prompt28-cgmmkisguitsyibyvnemfqvywbnv/Build/Intermediates.noindex/GoogleSignIn.build/Debug-iphonesimulator/GoogleSignIn.build/Objects-normal/x86_64/GIDGoogleUser.dia -c /Users/nataliewhipps/Library/Developer/Xcode/DerivedData/Prompt28-cgmmkisguitsyibyvnemfqvywbnv/SourcePackages/checkouts/GoogleSignIn-iOS/GoogleSignIn/Sources/GIDGoogleUser.m -o /Users/nataliewhipps/Library/Developer/Xcode/DerivedData/Prompt28-cgmmkisguitsyibyvnemfqvywbnv/Build/Intermediates.noindex/GoogleSignIn.build/Debug-iphonesimulator/GoogleSignIn.build/Objects-normal/x86_64/GIDGoogleUser.o -index-unit-output-path /GoogleSignIn.build/Debug-iphonesimulator/GoogleSignIn.build/Objects-normal/x86_64/GIDGoogleUser.o

ScanDependencies /Users/nataliewhipps/Library/Developer/Xcode/DerivedData/Prompt28-cgmmkisguitsyibyvnemfqvywbnv/Build/Intermediates.noindex/GoogleSignIn.build/Debug-iphonesimulator/GoogleSignIn.build/Objects-normal/x86_64/GIDFakeJSONSerializerImpl.o /Users/nataliewhipps/Library/Developer/Xcode/DerivedData/Prompt28-cgmmkisguitsyibyvnemfqvywbnv/SourcePackages/checkouts/GoogleSignIn-iOS/GoogleSignIn/Sources/GIDJSONSerializer/Fake/GIDFakeJSONSerializerImpl.m normal x86_64 objective-c com.apple.compilers.llvm.clang.1_0.compiler (in target 'GoogleSignIn' from project 'GoogleSignIn')
    cd /Users/nataliewhipps/Desktop/Prompt28/Prompt28.xcodeproj
    
    Using response file: /Users/nataliewhipps/Library/Developer/Xcode/DerivedData/Prompt28-cgmmkisguitsyibyvnemfqvywbnv/Build/Intermediates.noindex/GoogleSignIn.build/Debug-iphonesimulator/GoogleSignIn.build/Objects-normal/x86_64/e6072d4f65d7061329687fe24e3d63a7-common-args.resp
    
    builtin-ScanDependencies -o /Users/nataliewhipps/Library/Developer/Xcode/DerivedData/Prompt28-cgmmkisguitsyibyvnemfqvywbnv/Build/Intermediates.noindex/GoogleSignIn.build/Debug-iphonesimulator/GoogleSignIn.build/Objects-normal/x86_64/GIDFakeJSONSerializerImpl.o.scan -- /Applications/Xcode.app/Contents/Developer/Toolchains/XcodeDefault.xctoolchain/usr/bin/clang -x objective-c -ivfsstatcache /Users/nataliewhipps/Library/Developer/Xcode/DerivedData/SDKStatCaches.noindex/iphonesimulator26.2-23C57-7d00a8b37fbd7999ea79df8ebc024bf0.sdkstatcache -fmessage-length\=0 -fdiagnostics-show-note-include-stack -fmacro-backtrace-limit\=0 -fno-color-diagnostics -fmodules-prune-interval\=86400 -fmodules-prune-after\=345600 -fbuild-session-file\=/Users/nataliewhipps/Library/Developer/Xcode/DerivedData/ModuleCache.noindex/Session.modulevalidation -fmodules-validate-once-per-build-session -Wnon-modular-include-in-framework-module -Werror\=non-modular-include-in-framework-module -Wno-trigraphs -Wno-missing-field-initializers -Wno-missing-prototypes -Wno-return-type -Wno-implicit-atomic-properties -Wno-objc-interface-ivars -Wno-arc-repeated-use-of-weak -Wno-missing-braces -Wparentheses -Wswitch -Wno-unused-function -Wno-unused-label -Wno-unused-parameter -Wno-unused-variable -Wunused-value -Wno-empty-body -Wno-uninitialized -Wno-unknown-pragmas -w -Wno-shadow -Wno-four-char-constants -Wno-conversion -Wno-constant-conversion -Wno-int-conversion -Wno-bool-conversion -Wno-enum-conversion -Wno-float-conversion -Wno-non-literal-null-conversion -Wno-objc-literal-conversion -Wshorten-64-to-32 -Wpointer-sign -Wno-newline-eof -Wno-selector -Wno-strict-selector-match -Wno-undeclared-selector -Wno-deprecated-implementations -Wno-implicit-fallthrough -fstrict-aliasing -Wprotocol -Wdeprecated-declarations -Wno-sign-conversion -Wno-infinite-recursion -Wno-comma -Wno-block-capture-autoreleasing -Wno-strict-prototypes -Wno-semicolon-before-method-body -index-store-path /Users/nataliewhipps/Library/Developer/Xcode/DerivedData/Prompt28-cgmmkisguitsyibyvnemfqvywbnv/Index.noindex/DataStore @/Users/nataliewhipps/Library/Developer/Xcode/DerivedData/Prompt28-cgmmkisguitsyibyvnemfqvywbnv/Build/Intermediates.noindex/GoogleSignIn.build/Debug-iphonesimulator/GoogleSignIn.build/Objects-normal/x86_64/e6072d4f65d7061329687fe24e3d63a7-common-args.resp -include /Users/nataliewhipps/Library/Developer/Xcode/DerivedData/Prompt28-cgmmkisguitsyibyvnemfqvywbnv/Build/Intermediates.noindex/GoogleSignIn.build/Debug-iphonesimulator/GoogleSignIn.build/DerivedSources/resource_bundle_accessor.h -MMD -MT dependencies -MF /Users/nataliewhipps/Library/Developer/Xcode/DerivedData/Prompt28-cgmmkisguitsyibyvnemfqvywbnv/Build/Intermediates.noindex/GoogleSignIn.build/Debug-iphonesimulator/GoogleSignIn.build/Objects-normal/x86_64/GIDFakeJSONSerializerImpl.d --serialize-diagnostics /Users/nataliewhipps/Library/Developer/Xcode/DerivedData/Prompt28-cgmmkisguitsyibyvnemfqvywbnv/Build/Intermediates.noindex/GoogleSignIn.build/Debug-iphonesimulator/GoogleSignIn.build/Objects-normal/x86_64/GIDFakeJSONSerializerImpl.dia -c /Users/nataliewhipps/Library/Developer/Xcode/DerivedData/Prompt28-cgmmkisguitsyibyvnemfqvywbnv/SourcePackages/checkouts/GoogleSignIn-iOS/GoogleSignIn/Sources/GIDJSONSerializer/Fake/GIDFakeJSONSerializerImpl.m -o /Users/nataliewhipps/Library/Developer/Xcode/DerivedData/Prompt28-cgmmkisguitsyibyvnemfqvywbnv/Build/Intermediates.noindex/GoogleSignIn.build/Debug-iphonesimulator/GoogleSignIn.build/Objects-normal/x86_64/GIDFakeJSONSerializerImpl.o -index-unit-output-path /GoogleSignIn.build/Debug-iphonesimulator/GoogleSignIn.build/Objects-normal/x86_64/GIDFakeJSONSerializerImpl.o

PrecompileModule /Users/nataliewhipps/Library/Developer/Xcode/DerivedData/Prompt28-cgmmkisguitsyibyvnemfqvywbnv/Build/Intermediates.noindex/ExplicitPrecompiledModules/_DarwinFoundation2-36UMLAFGEAKWVOW7WZBXFTAWV.scan
    cd /
    builtin-precompileModule /Users/nataliewhipps/Library/Developer/Xcode/DerivedData/Prompt28-cgmmkisguitsyibyvnemfqvywbnv/Build/Intermediates.noindex/ExplicitPrecompiledModules/_DarwinFoundation2-36UMLAFGEAKWVOW7WZBXFTAWV.scan

PrecompileModule /Users/nataliewhipps/Library/Developer/Xcode/DerivedData/Prompt28-cgmmkisguitsyibyvnemfqvywbnv/Build/Intermediates.noindex/ExplicitPrecompiledModules/_Builtin_limits-96MFFNVDWXRHULYRG3BBY0ZX5.scan
    cd /
    builtin-precompileModule /Users/nataliewhipps/Library/Developer/Xcode/DerivedData/Prompt28-cgmmkisguitsyibyvnemfqvywbnv/Build/Intermediates.noindex/ExplicitPrecompiledModules/_Builtin_limits-96MFFNVDWXRHULYRG3BBY0ZX5.scan

ScanDependencies /Users/nataliewhipps/Library/Developer/Xcode/DerivedData/Prompt28-cgmmkisguitsyibyvnemfqvywbnv/Build/Intermediates.noindex/GoogleSignIn.build/Debug-iphonesimulator/GoogleSignIn.build/Objects-normal/x86_64/GIDFakeAuthStateMigration.o /Users/nataliewhipps/Library/Developer/Xcode/DerivedData/Prompt28-cgmmkisguitsyibyvnemfqvywbnv/SourcePackages/checkouts/GoogleSignIn-iOS/GoogleSignIn/Sources/GIDAuthStateMigration/Fake/GIDFakeAuthStateMigration.m normal x86_64 objective-c com.apple.compilers.llvm.clang.1_0.compiler (in target 'GoogleSignIn' from project 'GoogleSignIn')
    cd /Users/nataliewhipps/Desktop/Prompt28/Prompt28.xcodeproj
    
    Using response file: /Users/nataliewhipps/Library/Developer/Xcode/DerivedData/Prompt28-cgmmkisguitsyibyvnemfqvywbnv/Build/Intermediates.noindex/GoogleSignIn.build/Debug-iphonesimulator/GoogleSignIn.build/Objects-normal/x86_64/e6072d4f65d7061329687fe24e3d63a7-common-args.resp
    
    builtin-ScanDependencies -o /Users/nataliewhipps/Library/Developer/Xcode/DerivedData/Prompt28-cgmmkisguitsyibyvnemfqvywbnv/Build/Intermediates.noindex/GoogleSignIn.build/Debug-iphonesimulator/GoogleSignIn.build/Objects-normal/x86_64/GIDFakeAuthStateMigration.o.scan -- /Applications/Xcode.app/Contents/Developer/Toolchains/XcodeDefault.xctoolchain/usr/bin/clang -x objective-c -ivfsstatcache /Users/nataliewhipps/Library/Developer/Xcode/DerivedData/SDKStatCaches.noindex/iphonesimulator26.2-23C57-7d00a8b37fbd7999ea79df8ebc024bf0.sdkstatcache -fmessage-length\=0 -fdiagnostics-show-note-include-stack -fmacro-backtrace-limit\=0 -fno-color-diagnostics -fmodules-prune-interval\=86400 -fmodules-prune-after\=345600 -fbuild-session-file\=/Users/nataliewhipps/Library/Developer/Xcode/DerivedData/ModuleCache.noindex/Session.modulevalidation -fmodules-validate-once-per-build-session -Wnon-modular-include-in-framework-module -Werror\=non-modular-include-in-framework-module -Wno-trigraphs -Wno-missing-field-initializers -Wno-missing-prototypes -Wno-return-type -Wno-implicit-atomic-properties -Wno-objc-interface-ivars -Wno-arc-repeated-use-of-weak -Wno-missing-braces -Wparentheses -Wswitch -Wno-unused-function -Wno-unused-label -Wno-unused-parameter -Wno-unused-variable -Wunused-value -Wno-empty-body -Wno-uninitialized -Wno-unknown-pragmas -w -Wno-shadow -Wno-four-char-constants -Wno-conversion -Wno-constant-conversion -Wno-int-conversion -Wno-bool-conversion -Wno-enum-conversion -Wno-float-conversion -Wno-non-literal-null-conversion -Wno-objc-literal-conversion -Wshorten-64-to-32 -Wpointer-sign -Wno-newline-eof -Wno-selector -Wno-strict-selector-match -Wno-undeclared-selector -Wno-deprecated-implementations -Wno-implicit-fallthrough -fstrict-aliasing -Wprotocol -Wdeprecated-declarations -Wno-sign-conversion -Wno-infinite-recursion -Wno-comma -Wno-block-capture-autoreleasing -Wno-strict-prototypes -Wno-semicolon-before-method-body -index-store-path /Users/nataliewhipps/Library/Developer/Xcode/DerivedData/Prompt28-cgmmkisguitsyibyvnemfqvywbnv/Index.noindex/DataStore @/Users/nataliewhipps/Library/Developer/Xcode/DerivedData/Prompt28-cgmmkisguitsyibyvnemfqvywbnv/Build/Intermediates.noindex/GoogleSignIn.build/Debug-iphonesimulator/GoogleSignIn.build/Objects-normal/x86_64/e6072d4f65d7061329687fe24e3d63a7-common-args.resp -include /Users/nataliewhipps/Library/Developer/Xcode/DerivedData/Prompt28-cgmmkisguitsyibyvnemfqvywbnv/Build/Intermediates.noindex/GoogleSignIn.build/Debug-iphonesimulator/GoogleSignIn.build/DerivedSources/resource_bundle_accessor.h -MMD -MT dependencies -MF /Users/nataliewhipps/Library/Developer/Xcode/DerivedData/Prompt28-cgmmkisguitsyibyvnemfqvywbnv/Build/Intermediates.noindex/GoogleSignIn.build/Debug-iphonesimulator/GoogleSignIn.build/Objects-normal/x86_64/GIDFakeAuthStateMigration.d --serialize-diagnostics /Users/nataliewhipps/Library/Developer/Xcode/DerivedData/Prompt28-cgmmkisguitsyibyvnemfqvywbnv/Build/Intermediates.noindex/GoogleSignIn.build/Debug-iphonesimulator/GoogleSignIn.build/Objects-normal/x86_64/GIDFakeAuthStateMigration.dia -c /Users/nataliewhipps/Library/Developer/Xcode/DerivedData/Prompt28-cgmmkisguitsyibyvnemfqvywbnv/SourcePackages/checkouts/GoogleSignIn-iOS/GoogleSignIn/Sources/GIDAuthStateMigration/Fake/GIDFakeAuthStateMigration.m -o /Users/nataliewhipps/Library/Developer/Xcode/DerivedData/Prompt28-cgmmkisguitsyibyvnemfqvywbnv/Build/Intermediates.noindex/GoogleSignIn.build/Debug-iphonesimulator/GoogleSignIn.build/Objects-normal/x86_64/GIDFakeAuthStateMigration.o -index-unit-output-path /GoogleSignIn.build/Debug-iphonesimulator/GoogleSignIn.build/Objects-normal/x86_64/GIDFakeAuthStateMigration.o

ScanDependencies /Users/nataliewhipps/Library/Developer/Xcode/DerivedData/Prompt28-cgmmkisguitsyibyvnemfqvywbnv/Build/Intermediates.noindex/GoogleSignIn.build/Debug-iphonesimulator/GoogleSignIn.build/Objects-normal/x86_64/GIDEMMSupport.o /Users/nataliewhipps/Library/Developer/Xcode/DerivedData/Prompt28-cgmmkisguitsyibyvnemfqvywbnv/SourcePackages/checkouts/GoogleSignIn-iOS/GoogleSignIn/Sources/GIDEMMSupport.m normal x86_64 objective-c com.apple.compilers.llvm.clang.1_0.compiler (in target 'GoogleSignIn' from project 'GoogleSignIn')
    cd /Users/nataliewhipps/Desktop/Prompt28/Prompt28.xcodeproj
    
    Using response file: /Users/nataliewhipps/Library/Developer/Xcode/DerivedData/Prompt28-cgmmkisguitsyibyvnemfqvywbnv/Build/Intermediates.noindex/GoogleSignIn.build/Debug-iphonesimulator/GoogleSignIn.build/Objects-normal/x86_64/e6072d4f65d7061329687fe24e3d63a7-common-args.resp
    
    builtin-ScanDependencies -o /Users/nataliewhipps/Library/Developer/Xcode/DerivedData/Prompt28-cgmmkisguitsyibyvnemfqvywbnv/Build/Intermediates.noindex/GoogleSignIn.build/Debug-iphonesimulator/GoogleSignIn.build/Objects-normal/x86_64/GIDEMMSupport.o.scan -- /Applications/Xcode.app/Contents/Developer/Toolchains/XcodeDefault.xctoolchain/usr/bin/clang -x objective-c -ivfsstatcache /Users/nataliewhipps/Library/Developer/Xcode/DerivedData/SDKStatCaches.noindex/iphonesimulator26.2-23C57-7d00a8b37fbd7999ea79df8ebc024bf0.sdkstatcache -fmessage-length\=0 -fdiagnostics-show-note-include-stack -fmacro-backtrace-limit\=0 -fno-color-diagnostics -fmodules-prune-interval\=86400 -fmodules-prune-after\=345600 -fbuild-session-file\=/Users/nataliewhipps/Library/Developer/Xcode/DerivedData/ModuleCache.noindex/Session.modulevalidation -fmodules-validate-once-per-build-session -Wnon-modular-include-in-framework-module -Werror\=non-modular-include-in-framework-module -Wno-trigraphs -Wno-missing-field-initializers -Wno-missing-prototypes -Wno-return-type -Wno-implicit-atomic-properties -Wno-objc-interface-ivars -Wno-arc-repeated-use-of-weak -Wno-missing-braces -Wparentheses -Wswitch -Wno-unused-function -Wno-unused-label -Wno-unused-parameter -Wno-unused-variable -Wunused-value -Wno-empty-body -Wno-uninitialized -Wno-unknown-pragmas -w -Wno-shadow -Wno-four-char-constants -Wno-conversion -Wno-constant-conversion -Wno-int-conversion -Wno-bool-conversion -Wno-enum-conversion -Wno-float-conversion -Wno-non-literal-null-conversion -Wno-objc-literal-conversion -Wshorten-64-to-32 -Wpointer-sign -Wno-newline-eof -Wno-selector -Wno-strict-selector-match -Wno-undeclared-selector -Wno-deprecated-implementations -Wno-implicit-fallthrough -fstrict-aliasing -Wprotocol -Wdeprecated-declarations -Wno-sign-conversion -Wno-infinite-recursion -Wno-comma -Wno-block-capture-autoreleasing -Wno-strict-prototypes -Wno-semicolon-before-method-body -index-store-path /Users/nataliewhipps/Library/Developer/Xcode/DerivedData/Prompt28-cgmmkisguitsyibyvnemfqvywbnv/Index.noindex/DataStore @/Users/nataliewhipps/Library/Developer/Xcode/DerivedData/Prompt28-cgmmkisguitsyibyvnemfqvywbnv/Build/Intermediates.noindex/GoogleSignIn.build/Debug-iphonesimulator/GoogleSignIn.build/Objects-normal/x86_64/e6072d4f65d7061329687fe24e3d63a7-common-args.resp -include /Users/nataliewhipps/Library/Developer/Xcode/DerivedData/Prompt28-cgmmkisguitsyibyvnemfqvywbnv/Build/Intermediates.noindex/GoogleSignIn.build/Debug-iphonesimulator/GoogleSignIn.build/DerivedSources/resource_bundle_accessor.h -MMD -MT dependencies -MF /Users/nataliewhipps/Library/Developer/Xcode/DerivedData/Prompt28-cgmmkisguitsyibyvnemfqvywbnv/Build/Intermediates.noindex/GoogleSignIn.build/Debug-iphonesimulator/GoogleSignIn.build/Objects-normal/x86_64/GIDEMMSupport.d --serialize-diagnostics /Users/nataliewhipps/Library/Developer/Xcode/DerivedData/Prompt28-cgmmkisguitsyibyvnemfqvywbnv/Build/Intermediates.noindex/GoogleSignIn.build/Debug-iphonesimulator/GoogleSignIn.build/Objects-normal/x86_64/GIDEMMSupport.dia -c /Users/nataliewhipps/Library/Developer/Xcode/DerivedData/Prompt28-cgmmkisguitsyibyvnemfqvywbnv/SourcePackages/checkouts/GoogleSignIn-iOS/GoogleSignIn/Sources/GIDEMMSupport.m -o /Users/nataliewhipps/Library/Developer/Xcode/DerivedData/Prompt28-cgmmkisguitsyibyvnemfqvywbnv/Build/Intermediates.noindex/GoogleSignIn.build/Debug-iphonesimulator/GoogleSignIn.build/Objects-normal/x86_64/GIDEMMSupport.o -index-unit-output-path /GoogleSignIn.build/Debug-iphonesimulator/GoogleSignIn.build/Objects-normal/x86_64/GIDEMMSupport.o

ScanDependencies /Users/nataliewhipps/Library/Developer/Xcode/DerivedData/Prompt28-cgmmkisguitsyibyvnemfqvywbnv/Build/Intermediates.noindex/GoogleSignIn.build/Debug-iphonesimulator/GoogleSignIn.build/Objects-normal/x86_64/GIDEMMErrorHandler.o /Users/nataliewhipps/Library/Developer/Xcode/DerivedData/Prompt28-cgmmkisguitsyibyvnemfqvywbnv/SourcePackages/checkouts/GoogleSignIn-iOS/GoogleSignIn/Sources/GIDEMMErrorHandler.m normal x86_64 objective-c com.apple.compilers.llvm.clang.1_0.compiler (in target 'GoogleSignIn' from project 'GoogleSignIn')
    cd /Users/nataliewhipps/Desktop/Prompt28/Prompt28.xcodeproj
    
    Using response file: /Users/nataliewhipps/Library/Developer/Xcode/DerivedData/Prompt28-cgmmkisguitsyibyvnemfqvywbnv/Build/Intermediates.noindex/GoogleSignIn.build/Debug-iphonesimulator/GoogleSignIn.build/Objects-normal/x86_64/e6072d4f65d7061329687fe24e3d63a7-common-args.resp
    
    builtin-ScanDependencies -o /Users/nataliewhipps/Library/Developer/Xcode/DerivedData/Prompt28-cgmmkisguitsyibyvnemfqvywbnv/Build/Intermediates.noindex/GoogleSignIn.build/Debug-iphonesimulator/GoogleSignIn.build/Objects-normal/x86_64/GIDEMMErrorHandler.o.scan -- /Applications/Xcode.app/Contents/Developer/Toolchains/XcodeDefault.xctoolchain/usr/bin/clang -x objective-c -ivfsstatcache /Users/nataliewhipps/Library/Developer/Xcode/DerivedData/SDKStatCaches.noindex/iphonesimulator26.2-23C57-7d00a8b37fbd7999ea79df8ebc024bf0.sdkstatcache -fmessage-length\=0 -fdiagnostics-show-note-include-stack -fmacro-backtrace-limit\=0 -fno-color-diagnostics -fmodules-prune-interval\=86400 -fmodules-prune-after\=345600 -fbuild-session-file\=/Users/nataliewhipps/Library/Developer/Xcode/DerivedData/ModuleCache.noindex/Session.modulevalidation -fmodules-validate-once-per-build-session -Wnon-modular-include-in-framework-module -Werror\=non-modular-include-in-framework-module -Wno-trigraphs -Wno-missing-field-initializers -Wno-missing-prototypes -Wno-return-type -Wno-implicit-atomic-properties -Wno-objc-interface-ivars -Wno-arc-repeated-use-of-weak -Wno-missing-braces -Wparentheses -Wswitch -Wno-unused-function -Wno-unused-label -Wno-unused-parameter -Wno-unused-variable -Wunused-value -Wno-empty-body -Wno-uninitialized -Wno-unknown-pragmas -w -Wno-shadow -Wno-four-char-constants -Wno-conversion -Wno-constant-conversion -Wno-int-conversion -Wno-bool-conversion -Wno-enum-conversion -Wno-float-conversion -Wno-non-literal-null-conversion -Wno-objc-literal-conversion -Wshorten-64-to-32 -Wpointer-sign -Wno-newline-eof -Wno-selector -Wno-strict-selector-match -Wno-undeclared-selector -Wno-deprecated-implementations -Wno-implicit-fallthrough -fstrict-aliasing -Wprotocol -Wdeprecated-declarations -Wno-sign-conversion -Wno-infinite-recursion -Wno-comma -Wno-block-capture-autoreleasing -Wno-strict-prototypes -Wno-semicolon-before-method-body -index-store-path /Users/nataliewhipps/Library/Developer/Xcode/DerivedData/Prompt28-cgmmkisguitsyibyvnemfqvywbnv/Index.noindex/DataStore @/Users/nataliewhipps/Library/Developer/Xcode/DerivedData/Prompt28-cgmmkisguitsyibyvnemfqvywbnv/Build/Intermediates.noindex/GoogleSignIn.build/Debug-iphonesimulator/GoogleSignIn.build/Objects-normal/x86_64/e6072d4f65d7061329687fe24e3d63a7-common-args.resp -include /Users/nataliewhipps/Library/Developer/Xcode/DerivedData/Prompt28-cgmmkisguitsyibyvnemfqvywbnv/Build/Intermediates.noindex/GoogleSignIn.build/Debug-iphonesimulator/GoogleSignIn.build/DerivedSources/resource_bundle_accessor.h -MMD -MT dependencies -MF /Users/nataliewhipps/Library/Developer/Xcode/DerivedData/Prompt28-cgmmkisguitsyibyvnemfqvywbnv/Build/Intermediates.noindex/GoogleSignIn.build/Debug-iphonesimulator/GoogleSignIn.build/Objects-normal/x86_64/GIDEMMErrorHandler.d --serialize-diagnostics /Users/nataliewhipps/Library/Developer/Xcode/DerivedData/Prompt28-cgmmkisguitsyibyvnemfqvywbnv/Build/Intermediates.noindex/GoogleSignIn.build/Debug-iphonesimulator/GoogleSignIn.build/Objects-normal/x86_64/GIDEMMErrorHandler.dia -c /Users/nataliewhipps/Library/Developer/Xcode/DerivedData/Prompt28-cgmmkisguitsyibyvnemfqvywbnv/SourcePackages/checkouts/GoogleSignIn-iOS/GoogleSignIn/Sources/GIDEMMErrorHandler.m -o /Users/nataliewhipps/Library/Developer/Xcode/DerivedData/Prompt28-cgmmkisguitsyibyvnemfqvywbnv/Build/Intermediates.noindex/GoogleSignIn.build/Debug-iphonesimulator/GoogleSignIn.build/Objects-normal/x86_64/GIDEMMErrorHandler.o -index-unit-output-path /GoogleSignIn.build/Debug-iphonesimulator/GoogleSignIn.build/Objects-normal/x86_64/GIDEMMErrorHandler.o

ScanDependencies /Users/nataliewhipps/Library/Developer/Xcode/DerivedData/Prompt28-cgmmkisguitsyibyvnemfqvywbnv/Build/Intermediates.noindex/GoogleSignIn.build/Debug-iphonesimulator/GoogleSignIn.build/Objects-normal/x86_64/GIDConfiguration.o /Users/nataliewhipps/Library/Developer/Xcode/DerivedData/Prompt28-cgmmkisguitsyibyvnemfqvywbnv/SourcePackages/checkouts/GoogleSignIn-iOS/GoogleSignIn/Sources/GIDConfiguration.m normal x86_64 objective-c com.apple.compilers.llvm.clang.1_0.compiler (in target 'GoogleSignIn' from project 'GoogleSignIn')
    cd /Users/nataliewhipps/Desktop/Prompt28/Prompt28.xcodeproj
    
    Using response file: /Users/nataliewhipps/Library/Developer/Xcode/DerivedData/Prompt28-cgmmkisguitsyibyvnemfqvywbnv/Build/Intermediates.noindex/GoogleSignIn.build/Debug-iphonesimulator/GoogleSignIn.build/Objects-normal/x86_64/e6072d4f65d7061329687fe24e3d63a7-common-args.resp
    
    builtin-ScanDependencies -o /Users/nataliewhipps/Library/Developer/Xcode/DerivedData/Prompt28-cgmmkisguitsyibyvnemfqvywbnv/Build/Intermediates.noindex/GoogleSignIn.build/Debug-iphonesimulator/GoogleSignIn.build/Objects-normal/x86_64/GIDConfiguration.o.scan -- /Applications/Xcode.app/Contents/Developer/Toolchains/XcodeDefault.xctoolchain/usr/bin/clang -x objective-c -ivfsstatcache /Users/nataliewhipps/Library/Developer/Xcode/DerivedData/SDKStatCaches.noindex/iphonesimulator26.2-23C57-7d00a8b37fbd7999ea79df8ebc024bf0.sdkstatcache -fmessage-length\=0 -fdiagnostics-show-note-include-stack -fmacro-backtrace-limit\=0 -fno-color-diagnostics -fmodules-prune-interval\=86400 -fmodules-prune-after\=345600 -fbuild-session-file\=/Users/nataliewhipps/Library/Developer/Xcode/DerivedData/ModuleCache.noindex/Session.modulevalidation -fmodules-validate-once-per-build-session -Wnon-modular-include-in-framework-module -Werror\=non-modular-include-in-framework-module -Wno-trigraphs -Wno-missing-field-initializers -Wno-missing-prototypes -Wno-return-type -Wno-implicit-atomic-properties -Wno-objc-interface-ivars -Wno-arc-repeated-use-of-weak -Wno-missing-braces -Wparentheses -Wswitch -Wno-unused-function -Wno-unused-label -Wno-unused-parameter -Wno-unused-variable -Wunused-value -Wno-empty-body -Wno-uninitialized -Wno-unknown-pragmas -w -Wno-shadow -Wno-four-char-constants -Wno-conversion -Wno-constant-conversion -Wno-int-conversion -Wno-bool-conversion -Wno-enum-conversion -Wno-float-conversion -Wno-non-literal-null-conversion -Wno-objc-literal-conversion -Wshorten-64-to-32 -Wpointer-sign -Wno-newline-eof -Wno-selector -Wno-strict-selector-match -Wno-undeclared-selector -Wno-deprecated-implementations -Wno-implicit-fallthrough -fstrict-aliasing -Wprotocol -Wdeprecated-declarations -Wno-sign-conversion -Wno-infinite-recursion -Wno-comma -Wno-block-capture-autoreleasing -Wno-strict-prototypes -Wno-semicolon-before-method-body -index-store-path /Users/nataliewhipps/Library/Developer/Xcode/DerivedData/Prompt28-cgmmkisguitsyibyvnemfqvywbnv/Index.noindex/DataStore @/Users/nataliewhipps/Library/Developer/Xcode/DerivedData/Prompt28-cgmmkisguitsyibyvnemfqvywbnv/Build/Intermediates.noindex/GoogleSignIn.build/Debug-iphonesimulator/GoogleSignIn.build/Objects-normal/x86_64/e6072d4f65d7061329687fe24e3d63a7-common-args.resp -include /Users/nataliewhipps/Library/Developer/Xcode/DerivedData/Prompt28-cgmmkisguitsyibyvnemfqvywbnv/Build/Intermediates.noindex/GoogleSignIn.build/Debug-iphonesimulator/GoogleSignIn.build/DerivedSources/resource_bundle_accessor.h -MMD -MT dependencies -MF /Users/nataliewhipps/Library/Developer/Xcode/DerivedData/Prompt28-cgmmkisguitsyibyvnemfqvywbnv/Build/Intermediates.noindex/GoogleSignIn.build/Debug-iphonesimulator/GoogleSignIn.build/Objects-normal/x86_64/GIDConfiguration.d --serialize-diagnostics /Users/nataliewhipps/Library/Developer/Xcode/DerivedData/Prompt28-cgmmkisguitsyibyvnemfqvywbnv/Build/Intermediates.noindex/GoogleSignIn.build/Debug-iphonesimulator/GoogleSignIn.build/Objects-normal/x86_64/GIDConfiguration.dia -c /Users/nataliewhipps/Library/Developer/Xcode/DerivedData/Prompt28-cgmmkisguitsyibyvnemfqvywbnv/SourcePackages/checkouts/GoogleSignIn-iOS/GoogleSignIn/Sources/GIDConfiguration.m -o /Users/nataliewhipps/Library/Developer/Xcode/DerivedData/Prompt28-cgmmkisguitsyibyvnemfqvywbnv/Build/Intermediates.noindex/GoogleSignIn.build/Debug-iphonesimulator/GoogleSignIn.build/Objects-normal/x86_64/GIDConfiguration.o -index-unit-output-path /GoogleSignIn.build/Debug-iphonesimulator/GoogleSignIn.build/Objects-normal/x86_64/GIDConfiguration.o

ScanDependencies /Users/nataliewhipps/Library/Developer/Xcode/DerivedData/Prompt28-cgmmkisguitsyibyvnemfqvywbnv/Build/Intermediates.noindex/GoogleSignIn.build/Debug-iphonesimulator/GoogleSignIn.build/Objects-normal/x86_64/GIDClaimsInternalOptions.o /Users/nataliewhipps/Library/Developer/Xcode/DerivedData/Prompt28-cgmmkisguitsyibyvnemfqvywbnv/SourcePackages/checkouts/GoogleSignIn-iOS/GoogleSignIn/Sources/GIDClaimsInternalOptions.m normal x86_64 objective-c com.apple.compilers.llvm.clang.1_0.compiler (in target 'GoogleSignIn' from project 'GoogleSignIn')
    cd /Users/nataliewhipps/Desktop/Prompt28/Prompt28.xcodeproj
    
    Using response file: /Users/nataliewhipps/Library/Developer/Xcode/DerivedData/Prompt28-cgmmkisguitsyibyvnemfqvywbnv/Build/Intermediates.noindex/GoogleSignIn.build/Debug-iphonesimulator/GoogleSignIn.build/Objects-normal/x86_64/e6072d4f65d7061329687fe24e3d63a7-common-args.resp
    
    builtin-ScanDependencies -o /Users/nataliewhipps/Library/Developer/Xcode/DerivedData/Prompt28-cgmmkisguitsyibyvnemfqvywbnv/Build/Intermediates.noindex/GoogleSignIn.build/Debug-iphonesimulator/GoogleSignIn.build/Objects-normal/x86_64/GIDClaimsInternalOptions.o.scan -- /Applications/Xcode.app/Contents/Developer/Toolchains/XcodeDefault.xctoolchain/usr/bin/clang -x objective-c -ivfsstatcache /Users/nataliewhipps/Library/Developer/Xcode/DerivedData/SDKStatCaches.noindex/iphonesimulator26.2-23C57-7d00a8b37fbd7999ea79df8ebc024bf0.sdkstatcache -fmessage-length\=0 -fdiagnostics-show-note-include-stack -fmacro-backtrace-limit\=0 -fno-color-diagnostics -fmodules-prune-interval\=86400 -fmodules-prune-after\=345600 -fbuild-session-file\=/Users/nataliewhipps/Library/Developer/Xcode/DerivedData/ModuleCache.noindex/Session.modulevalidation -fmodules-validate-once-per-build-session -Wnon-modular-include-in-framework-module -Werror\=non-modular-include-in-framework-module -Wno-trigraphs -Wno-missing-field-initializers -Wno-missing-prototypes -Wno-return-type -Wno-implicit-atomic-properties -Wno-objc-interface-ivars -Wno-arc-repeated-use-of-weak -Wno-missing-braces -Wparentheses -Wswitch -Wno-unused-function -Wno-unused-label -Wno-unused-parameter -Wno-unused-variable -Wunused-value -Wno-empty-body -Wno-uninitialized -Wno-unknown-pragmas -w -Wno-shadow -Wno-four-char-constants -Wno-conversion -Wno-constant-conversion -Wno-int-conversion -Wno-bool-conversion -Wno-enum-conversion -Wno-float-conversion -Wno-non-literal-null-conversion -Wno-objc-literal-conversion -Wshorten-64-to-32 -Wpointer-sign -Wno-newline-eof -Wno-selector -Wno-strict-selector-match -Wno-undeclared-selector -Wno-deprecated-implementations -Wno-implicit-fallthrough -fstrict-aliasing -Wprotocol -Wdeprecated-declarations -Wno-sign-conversion -Wno-infinite-recursion -Wno-comma -Wno-block-capture-autoreleasing -Wno-strict-prototypes -Wno-semicolon-before-method-body -index-store-path /Users/nataliewhipps/Library/Developer/Xcode/DerivedData/Prompt28-cgmmkisguitsyibyvnemfqvywbnv/Index.noindex/DataStore @/Users/nataliewhipps/Library/Developer/Xcode/DerivedData/Prompt28-cgmmkisguitsyibyvnemfqvywbnv/Build/Intermediates.noindex/GoogleSignIn.build/Debug-iphonesimulator/GoogleSignIn.build/Objects-normal/x86_64/e6072d4f65d7061329687fe24e3d63a7-common-args.resp -include /Users/nataliewhipps/Library/Developer/Xcode/DerivedData/Prompt28-cgmmkisguitsyibyvnemfqvywbnv/Build/Intermediates.noindex/GoogleSignIn.build/Debug-iphonesimulator/GoogleSignIn.build/DerivedSources/resource_bundle_accessor.h -MMD -MT dependencies -MF /Users/nataliewhipps/Library/Developer/Xcode/DerivedData/Prompt28-cgmmkisguitsyibyvnemfqvywbnv/Build/Intermediates.noindex/GoogleSignIn.build/Debug-iphonesimulator/GoogleSignIn.build/Objects-normal/x86_64/GIDClaimsInternalOptions.d --serialize-diagnostics /Users/nataliewhipps/Library/Developer/Xcode/DerivedData/Prompt28-cgmmkisguitsyibyvnemfqvywbnv/Build/Intermediates.noindex/GoogleSignIn.build/Debug-iphonesimulator/GoogleSignIn.build/Objects-normal/x86_64/GIDClaimsInternalOptions.dia -c /Users/nataliewhipps/Library/Developer/Xcode/DerivedData/Prompt28-cgmmkisguitsyibyvnemfqvywbnv/SourcePackages/checkouts/GoogleSignIn-iOS/GoogleSignIn/Sources/GIDClaimsInternalOptions.m -o /Users/nataliewhipps/Library/Developer/Xcode/DerivedData/Prompt28-cgmmkisguitsyibyvnemfqvywbnv/Build/Intermediates.noindex/GoogleSignIn.build/Debug-iphonesimulator/GoogleSignIn.build/Objects-normal/x86_64/GIDClaimsInternalOptions.o -index-unit-output-path /GoogleSignIn.build/Debug-iphonesimulator/GoogleSignIn.build/Objects-normal/x86_64/GIDClaimsInternalOptions.o

ScanDependencies /Users/nataliewhipps/Library/Developer/Xcode/DerivedData/Prompt28-cgmmkisguitsyibyvnemfqvywbnv/Build/Intermediates.noindex/GoogleSignIn.build/Debug-iphonesimulator/GoogleSignIn.build/Objects-normal/x86_64/GIDClaim.o /Users/nataliewhipps/Library/Developer/Xcode/DerivedData/Prompt28-cgmmkisguitsyibyvnemfqvywbnv/SourcePackages/checkouts/GoogleSignIn-iOS/GoogleSignIn/Sources/GIDClaim.m normal x86_64 objective-c com.apple.compilers.llvm.clang.1_0.compiler (in target 'GoogleSignIn' from project 'GoogleSignIn')
    cd /Users/nataliewhipps/Desktop/Prompt28/Prompt28.xcodeproj
    
    Using response file: /Users/nataliewhipps/Library/Developer/Xcode/DerivedData/Prompt28-cgmmkisguitsyibyvnemfqvywbnv/Build/Intermediates.noindex/GoogleSignIn.build/Debug-iphonesimulator/GoogleSignIn.build/Objects-normal/x86_64/e6072d4f65d7061329687fe24e3d63a7-common-args.resp
    
    builtin-ScanDependencies -o /Users/nataliewhipps/Library/Developer/Xcode/DerivedData/Prompt28-cgmmkisguitsyibyvnemfqvywbnv/Build/Intermediates.noindex/GoogleSignIn.build/Debug-iphonesimulator/GoogleSignIn.build/Objects-normal/x86_64/GIDClaim.o.scan -- /Applications/Xcode.app/Contents/Developer/Toolchains/XcodeDefault.xctoolchain/usr/bin/clang -x objective-c -ivfsstatcache /Users/nataliewhipps/Library/Developer/Xcode/DerivedData/SDKStatCaches.noindex/iphonesimulator26.2-23C57-7d00a8b37fbd7999ea79df8ebc024bf0.sdkstatcache -fmessage-length\=0 -fdiagnostics-show-note-include-stack -fmacro-backtrace-limit\=0 -fno-color-diagnostics -fmodules-prune-interval\=86400 -fmodules-prune-after\=345600 -fbuild-session-file\=/Users/nataliewhipps/Library/Developer/Xcode/DerivedData/ModuleCache.noindex/Session.modulevalidation -fmodules-validate-once-per-build-session -Wnon-modular-include-in-framework-module -Werror\=non-modular-include-in-framework-module -Wno-trigraphs -Wno-missing-field-initializers -Wno-missing-prototypes -Wno-return-type -Wno-implicit-atomic-properties -Wno-objc-interface-ivars -Wno-arc-repeated-use-of-weak -Wno-missing-braces -Wparentheses -Wswitch -Wno-unused-function -Wno-unused-label -Wno-unused-parameter -Wno-unused-variable -Wunused-value -Wno-empty-body -Wno-uninitialized -Wno-unknown-pragmas -w -Wno-shadow -Wno-four-char-constants -Wno-conversion -Wno-constant-conversion -Wno-int-conversion -Wno-bool-conversion -Wno-enum-conversion -Wno-float-conversion -Wno-non-literal-null-conversion -Wno-objc-literal-conversion -Wshorten-64-to-32 -Wpointer-sign -Wno-newline-eof -Wno-selector -Wno-strict-selector-match -Wno-undeclared-selector -Wno-deprecated-implementations -Wno-implicit-fallthrough -fstrict-aliasing -Wprotocol -Wdeprecated-declarations -Wno-sign-conversion -Wno-infinite-recursion -Wno-comma -Wno-block-capture-autoreleasing -Wno-strict-prototypes -Wno-semicolon-before-method-body -index-store-path /Users/nataliewhipps/Library/Developer/Xcode/DerivedData/Prompt28-cgmmkisguitsyibyvnemfqvywbnv/Index.noindex/DataStore @/Users/nataliewhipps/Library/Developer/Xcode/DerivedData/Prompt28-cgmmkisguitsyibyvnemfqvywbnv/Build/Intermediates.noindex/GoogleSignIn.build/Debug-iphonesimulator/GoogleSignIn.build/Objects-normal/x86_64/e6072d4f65d7061329687fe24e3d63a7-common-args.resp -include /Users/nataliewhipps/Library/Developer/Xcode/DerivedData/Prompt28-cgmmkisguitsyibyvnemfqvywbnv/Build/Intermediates.noindex/GoogleSignIn.build/Debug-iphonesimulator/GoogleSignIn.build/DerivedSources/resource_bundle_accessor.h -MMD -MT dependencies -MF /Users/nataliewhipps/Library/Developer/Xcode/DerivedData/Prompt28-cgmmkisguitsyibyvnemfqvywbnv/Build/Intermediates.noindex/GoogleSignIn.build/Debug-iphonesimulator/GoogleSignIn.build/Objects-normal/x86_64/GIDClaim.d --serialize-diagnostics /Users/nataliewhipps/Library/Developer/Xcode/DerivedData/Prompt28-cgmmkisguitsyibyvnemfqvywbnv/Build/Intermediates.noindex/GoogleSignIn.build/Debug-iphonesimulator/GoogleSignIn.build/Objects-normal/x86_64/GIDClaim.dia -c /Users/nataliewhipps/Library/Developer/Xcode/DerivedData/Prompt28-cgmmkisguitsyibyvnemfqvywbnv/SourcePackages/checkouts/GoogleSignIn-iOS/GoogleSignIn/Sources/GIDClaim.m -o /Users/nataliewhipps/Library/Developer/Xcode/DerivedData/Prompt28-cgmmkisguitsyibyvnemfqvywbnv/Build/Intermediates.noindex/GoogleSignIn.build/Debug-iphonesimulator/GoogleSignIn.build/Objects-normal/x86_64/GIDClaim.o -index-unit-output-path /GoogleSignIn.build/Debug-iphonesimulator/GoogleSignIn.build/Objects-normal/x86_64/GIDClaim.o

ScanDependencies /Users/nataliewhipps/Library/Developer/Xcode/DerivedData/Prompt28-cgmmkisguitsyibyvnemfqvywbnv/Build/Intermediates.noindex/GoogleSignIn.build/Debug-iphonesimulator/GoogleSignIn.build/Objects-normal/x86_64/GIDCallbackQueue.o /Users/nataliewhipps/Library/Developer/Xcode/DerivedData/Prompt28-cgmmkisguitsyibyvnemfqvywbnv/SourcePackages/checkouts/GoogleSignIn-iOS/GoogleSignIn/Sources/GIDCallbackQueue.m normal x86_64 objective-c com.apple.compilers.llvm.clang.1_0.compiler (in target 'GoogleSignIn' from project 'GoogleSignIn')
    cd /Users/nataliewhipps/Desktop/Prompt28/Prompt28.xcodeproj
    
    Using response file: /Users/nataliewhipps/Library/Developer/Xcode/DerivedData/Prompt28-cgmmkisguitsyibyvnemfqvywbnv/Build/Intermediates.noindex/GoogleSignIn.build/Debug-iphonesimulator/GoogleSignIn.build/Objects-normal/x86_64/e6072d4f65d7061329687fe24e3d63a7-common-args.resp
    
    builtin-ScanDependencies -o /Users/nataliewhipps/Library/Developer/Xcode/DerivedData/Prompt28-cgmmkisguitsyibyvnemfqvywbnv/Build/Intermediates.noindex/GoogleSignIn.build/Debug-iphonesimulator/GoogleSignIn.build/Objects-normal/x86_64/GIDCallbackQueue.o.scan -- /Applications/Xcode.app/Contents/Developer/Toolchains/XcodeDefault.xctoolchain/usr/bin/clang -x objective-c -ivfsstatcache /Users/nataliewhipps/Library/Developer/Xcode/DerivedData/SDKStatCaches.noindex/iphonesimulator26.2-23C57-7d00a8b37fbd7999ea79df8ebc024bf0.sdkstatcache -fmessage-length\=0 -fdiagnostics-show-note-include-stack -fmacro-backtrace-limit\=0 -fno-color-diagnostics -fmodules-prune-interval\=86400 -fmodules-prune-after\=345600 -fbuild-session-file\=/Users/nataliewhipps/Library/Developer/Xcode/DerivedData/ModuleCache.noindex/Session.modulevalidation -fmodules-validate-once-per-build-session -Wnon-modular-include-in-framework-module -Werror\=non-modular-include-in-framework-module -Wno-trigraphs -Wno-missing-field-initializers -Wno-missing-prototypes -Wno-return-type -Wno-implicit-atomic-properties -Wno-objc-interface-ivars -Wno-arc-repeated-use-of-weak -Wno-missing-braces -Wparentheses -Wswitch -Wno-unused-function -Wno-unused-label -Wno-unused-parameter -Wno-unused-variable -Wunused-value -Wno-empty-body -Wno-uninitialized -Wno-unknown-pragmas -w -Wno-shadow -Wno-four-char-constants -Wno-conversion -Wno-constant-conversion -Wno-int-conversion -Wno-bool-conversion -Wno-enum-conversion -Wno-float-conversion -Wno-non-literal-null-conversion -Wno-objc-literal-conversion -Wshorten-64-to-32 -Wpointer-sign -Wno-newline-eof -Wno-selector -Wno-strict-selector-match -Wno-undeclared-selector -Wno-deprecated-implementations -Wno-implicit-fallthrough -fstrict-aliasing -Wprotocol -Wdeprecated-declarations -Wno-sign-conversion -Wno-infinite-recursion -Wno-comma -Wno-block-capture-autoreleasing -Wno-strict-prototypes -Wno-semicolon-before-method-body -index-store-path /Users/nataliewhipps/Library/Developer/Xcode/DerivedData/Prompt28-cgmmkisguitsyibyvnemfqvywbnv/Index.noindex/DataStore @/Users/nataliewhipps/Library/Developer/Xcode/DerivedData/Prompt28-cgmmkisguitsyibyvnemfqvywbnv/Build/Intermediates.noindex/GoogleSignIn.build/Debug-iphonesimulator/GoogleSignIn.build/Objects-normal/x86_64/e6072d4f65d7061329687fe24e3d63a7-common-args.resp -include /Users/nataliewhipps/Library/Developer/Xcode/DerivedData/Prompt28-cgmmkisguitsyibyvnemfqvywbnv/Build/Intermediates.noindex/GoogleSignIn.build/Debug-iphonesimulator/GoogleSignIn.build/DerivedSources/resource_bundle_accessor.h -MMD -MT dependencies -MF /Users/nataliewhipps/Library/Developer/Xcode/DerivedData/Prompt28-cgmmkisguitsyibyvnemfqvywbnv/Build/Intermediates.noindex/GoogleSignIn.build/Debug-iphonesimulator/GoogleSignIn.build/Objects-normal/x86_64/GIDCallbackQueue.d --serialize-diagnostics /Users/nataliewhipps/Library/Developer/Xcode/DerivedData/Prompt28-cgmmkisguitsyibyvnemfqvywbnv/Build/Intermediates.noindex/GoogleSignIn.build/Debug-iphonesimulator/GoogleSignIn.build/Objects-normal/x86_64/GIDCallbackQueue.dia -c /Users/nataliewhipps/Library/Developer/Xcode/DerivedData/Prompt28-cgmmkisguitsyibyvnemfqvywbnv/SourcePackages/checkouts/GoogleSignIn-iOS/GoogleSignIn/Sources/GIDCallbackQueue.m -o /Users/nataliewhipps/Library/Developer/Xcode/DerivedData/Prompt28-cgmmkisguitsyibyvnemfqvywbnv/Build/Intermediates.noindex/GoogleSignIn.build/Debug-iphonesimulator/GoogleSignIn.build/Objects-normal/x86_64/GIDCallbackQueue.o -index-unit-output-path /GoogleSignIn.build/Debug-iphonesimulator/GoogleSignIn.build/Objects-normal/x86_64/GIDCallbackQueue.o

ScanDependencies /Users/nataliewhipps/Library/Developer/Xcode/DerivedData/Prompt28-cgmmkisguitsyibyvnemfqvywbnv/Build/Intermediates.noindex/GoogleSignIn.build/Debug-iphonesimulator/GoogleSignIn.build/Objects-normal/x86_64/GIDAuthentication.o /Users/nataliewhipps/Library/Developer/Xcode/DerivedData/Prompt28-cgmmkisguitsyibyvnemfqvywbnv/SourcePackages/checkouts/GoogleSignIn-iOS/GoogleSignIn/Sources/GIDAuthentication.m normal x86_64 objective-c com.apple.compilers.llvm.clang.1_0.compiler (in target 'GoogleSignIn' from project 'GoogleSignIn')
    cd /Users/nataliewhipps/Desktop/Prompt28/Prompt28.xcodeproj
    
    Using response file: /Users/nataliewhipps/Library/Developer/Xcode/DerivedData/Prompt28-cgmmkisguitsyibyvnemfqvywbnv/Build/Intermediates.noindex/GoogleSignIn.build/Debug-iphonesimulator/GoogleSignIn.build/Objects-normal/x86_64/e6072d4f65d7061329687fe24e3d63a7-common-args.resp
    
    builtin-ScanDependencies -o /Users/nataliewhipps/Library/Developer/Xcode/DerivedData/Prompt28-cgmmkisguitsyibyvnemfqvywbnv/Build/Intermediates.noindex/GoogleSignIn.build/Debug-iphonesimulator/GoogleSignIn.build/Objects-normal/x86_64/GIDAuthentication.o.scan -- /Applications/Xcode.app/Contents/Developer/Toolchains/XcodeDefault.xctoolchain/usr/bin/clang -x objective-c -ivfsstatcache /Users/nataliewhipps/Library/Developer/Xcode/DerivedData/SDKStatCaches.noindex/iphonesimulator26.2-23C57-7d00a8b37fbd7999ea79df8ebc024bf0.sdkstatcache -fmessage-length\=0 -fdiagnostics-show-note-include-stack -fmacro-backtrace-limit\=0 -fno-color-diagnostics -fmodules-prune-interval\=86400 -fmodules-prune-after\=345600 -fbuild-session-file\=/Users/nataliewhipps/Library/Developer/Xcode/DerivedData/ModuleCache.noindex/Session.modulevalidation -fmodules-validate-once-per-build-session -Wnon-modular-include-in-framework-module -Werror\=non-modular-include-in-framework-module -Wno-trigraphs -Wno-missing-field-initializers -Wno-missing-prototypes -Wno-return-type -Wno-implicit-atomic-properties -Wno-objc-interface-ivars -Wno-arc-repeated-use-of-weak -Wno-missing-braces -Wparentheses -Wswitch -Wno-unused-function -Wno-unused-label -Wno-unused-parameter -Wno-unused-variable -Wunused-value -Wno-empty-body -Wno-uninitialized -Wno-unknown-pragmas -w -Wno-shadow -Wno-four-char-constants -Wno-conversion -Wno-constant-conversion -Wno-int-conversion -Wno-bool-conversion -Wno-enum-conversion -Wno-float-conversion -Wno-non-literal-null-conversion -Wno-objc-literal-conversion -Wshorten-64-to-32 -Wpointer-sign -Wno-newline-eof -Wno-selector -Wno-strict-selector-match -Wno-undeclared-selector -Wno-deprecated-implementations -Wno-implicit-fallthrough -fstrict-aliasing -Wprotocol -Wdeprecated-declarations -Wno-sign-conversion -Wno-infinite-recursion -Wno-comma -Wno-block-capture-autoreleasing -Wno-strict-prototypes -Wno-semicolon-before-method-body -index-store-path /Users/nataliewhipps/Library/Developer/Xcode/DerivedData/Prompt28-cgmmkisguitsyibyvnemfqvywbnv/Index.noindex/DataStore @/Users/nataliewhipps/Library/Developer/Xcode/DerivedData/Prompt28-cgmmkisguitsyibyvnemfqvywbnv/Build/Intermediates.noindex/GoogleSignIn.build/Debug-iphonesimulator/GoogleSignIn.build/Objects-normal/x86_64/e6072d4f65d7061329687fe24e3d63a7-common-args.resp -include /Users/nataliewhipps/Library/Developer/Xcode/DerivedData/Prompt28-cgmmkisguitsyibyvnemfqvywbnv/Build/Intermediates.noindex/GoogleSignIn.build/Debug-iphonesimulator/GoogleSignIn.build/DerivedSources/resource_bundle_accessor.h -MMD -MT dependencies -MF /Users/nataliewhipps/Library/Developer/Xcode/DerivedData/Prompt28-cgmmkisguitsyibyvnemfqvywbnv/Build/Intermediates.noindex/GoogleSignIn.build/Debug-iphonesimulator/GoogleSignIn.build/Objects-normal/x86_64/GIDAuthentication.d --serialize-diagnostics /Users/nataliewhipps/Library/Developer/Xcode/DerivedData/Prompt28-cgmmkisguitsyibyvnemfqvywbnv/Build/Intermediates.noindex/GoogleSignIn.build/Debug-iphonesimulator/GoogleSignIn.build/Objects-normal/x86_64/GIDAuthentication.dia -c /Users/nataliewhipps/Library/Developer/Xcode/DerivedData/Prompt28-cgmmkisguitsyibyvnemfqvywbnv/SourcePackages/checkouts/GoogleSignIn-iOS/GoogleSignIn/Sources/GIDAuthentication.m -o /Users/nataliewhipps/Library/Developer/Xcode/DerivedData/Prompt28-cgmmkisguitsyibyvnemfqvywbnv/Build/Intermediates.noindex/GoogleSignIn.build/Debug-iphonesimulator/GoogleSignIn.build/Objects-normal/x86_64/GIDAuthentication.o -index-unit-output-path /GoogleSignIn.build/Debug-iphonesimulator/GoogleSignIn.build/Objects-normal/x86_64/GIDAuthentication.o

PrecompileModule /Users/nataliewhipps/Library/Developer/Xcode/DerivedData/Prompt28-cgmmkisguitsyibyvnemfqvywbnv/Build/Intermediates.noindex/ExplicitPrecompiledModules/_Builtin_stdint-BRG1S8W36UGBPQJE4V8PFYEJF.scan
    cd /
    builtin-precompileModule /Users/nataliewhipps/Library/Developer/Xcode/DerivedData/Prompt28-cgmmkisguitsyibyvnemfqvywbnv/Build/Intermediates.noindex/ExplicitPrecompiledModules/_Builtin_stdint-BRG1S8W36UGBPQJE4V8PFYEJF.scan

ScanDependencies /Users/nataliewhipps/Library/Developer/Xcode/DerivedData/Prompt28-cgmmkisguitsyibyvnemfqvywbnv/Build/Intermediates.noindex/GoogleSignIn.build/Debug-iphonesimulator/GoogleSignIn.build/Objects-normal/x86_64/GIDAuthStateMigration.o /Users/nataliewhipps/Library/Developer/Xcode/DerivedData/Prompt28-cgmmkisguitsyibyvnemfqvywbnv/SourcePackages/checkouts/GoogleSignIn-iOS/GoogleSignIn/Sources/GIDAuthStateMigration/Implementation/GIDAuthStateMigration.m normal x86_64 objective-c com.apple.compilers.llvm.clang.1_0.compiler (in target 'GoogleSignIn' from project 'GoogleSignIn')
    cd /Users/nataliewhipps/Desktop/Prompt28/Prompt28.xcodeproj
    
    Using response file: /Users/nataliewhipps/Library/Developer/Xcode/DerivedData/Prompt28-cgmmkisguitsyibyvnemfqvywbnv/Build/Intermediates.noindex/GoogleSignIn.build/Debug-iphonesimulator/GoogleSignIn.build/Objects-normal/x86_64/e6072d4f65d7061329687fe24e3d63a7-common-args.resp
    
    builtin-ScanDependencies -o /Users/nataliewhipps/Library/Developer/Xcode/DerivedData/Prompt28-cgmmkisguitsyibyvnemfqvywbnv/Build/Intermediates.noindex/GoogleSignIn.build/Debug-iphonesimulator/GoogleSignIn.build/Objects-normal/x86_64/GIDAuthStateMigration.o.scan -- /Applications/Xcode.app/Contents/Developer/Toolchains/XcodeDefault.xctoolchain/usr/bin/clang -x objective-c -ivfsstatcache /Users/nataliewhipps/Library/Developer/Xcode/DerivedData/SDKStatCaches.noindex/iphonesimulator26.2-23C57-7d00a8b37fbd7999ea79df8ebc024bf0.sdkstatcache -fmessage-length\=0 -fdiagnostics-show-note-include-stack -fmacro-backtrace-limit\=0 -fno-color-diagnostics -fmodules-prune-interval\=86400 -fmodules-prune-after\=345600 -fbuild-session-file\=/Users/nataliewhipps/Library/Developer/Xcode/DerivedData/ModuleCache.noindex/Session.modulevalidation -fmodules-validate-once-per-build-session -Wnon-modular-include-in-framework-module -Werror\=non-modular-include-in-framework-module -Wno-trigraphs -Wno-missing-field-initializers -Wno-missing-prototypes -Wno-return-type -Wno-implicit-atomic-properties -Wno-objc-interface-ivars -Wno-arc-repeated-use-of-weak -Wno-missing-braces -Wparentheses -Wswitch -Wno-unused-function -Wno-unused-label -Wno-unused-parameter -Wno-unused-variable -Wunused-value -Wno-empty-body -Wno-uninitialized -Wno-unknown-pragmas -w -Wno-shadow -Wno-four-char-constants -Wno-conversion -Wno-constant-conversion -Wno-int-conversion -Wno-bool-conversion -Wno-enum-conversion -Wno-float-conversion -Wno-non-literal-null-conversion -Wno-objc-literal-conversion -Wshorten-64-to-32 -Wpointer-sign -Wno-newline-eof -Wno-selector -Wno-strict-selector-match -Wno-undeclared-selector -Wno-deprecated-implementations -Wno-implicit-fallthrough -fstrict-aliasing -Wprotocol -Wdeprecated-declarations -Wno-sign-conversion -Wno-infinite-recursion -Wno-comma -Wno-block-capture-autoreleasing -Wno-strict-prototypes -Wno-semicolon-before-method-body -index-store-path /Users/nataliewhipps/Library/Developer/Xcode/DerivedData/Prompt28-cgmmkisguitsyibyvnemfqvywbnv/Index.noindex/DataStore @/Users/nataliewhipps/Library/Developer/Xcode/DerivedData/Prompt28-cgmmkisguitsyibyvnemfqvywbnv/Build/Intermediates.noindex/GoogleSignIn.build/Debug-iphonesimulator/GoogleSignIn.build/Objects-normal/x86_64/e6072d4f65d7061329687fe24e3d63a7-common-args.resp -include /Users/nataliewhipps/Library/Developer/Xcode/DerivedData/Prompt28-cgmmkisguitsyibyvnemfqvywbnv/Build/Intermediates.noindex/GoogleSignIn.build/Debug-iphonesimulator/GoogleSignIn.build/DerivedSources/resource_bundle_accessor.h -MMD -MT dependencies -MF /Users/nataliewhipps/Library/Developer/Xcode/DerivedData/Prompt28-cgmmkisguitsyibyvnemfqvywbnv/Build/Intermediates.noindex/GoogleSignIn.build/Debug-iphonesimulator/GoogleSignIn.build/Objects-normal/x86_64/GIDAuthStateMigration.d --serialize-diagnostics /Users/nataliewhipps/Library/Developer/Xcode/DerivedData/Prompt28-cgmmkisguitsyibyvnemfqvywbnv/Build/Intermediates.noindex/GoogleSignIn.build/Debug-iphonesimulator/GoogleSignIn.build/Objects-normal/x86_64/GIDAuthStateMigration.dia -c /Users/nataliewhipps/Library/Developer/Xcode/DerivedData/Prompt28-cgmmkisguitsyibyvnemfqvywbnv/SourcePackages/checkouts/GoogleSignIn-iOS/GoogleSignIn/Sources/GIDAuthStateMigration/Implementation/GIDAuthStateMigration.m -o /Users/nataliewhipps/Library/Developer/Xcode/DerivedData/Prompt28-cgmmkisguitsyibyvnemfqvywbnv/Build/Intermediates.noindex/GoogleSignIn.build/Debug-iphonesimulator/GoogleSignIn.build/Objects-normal/x86_64/GIDAuthStateMigration.o -index-unit-output-path /GoogleSignIn.build/Debug-iphonesimulator/GoogleSignIn.build/Objects-normal/x86_64/GIDAuthStateMigration.o

ScanDependencies /Users/nataliewhipps/Library/Developer/Xcode/DerivedData/Prompt28-cgmmkisguitsyibyvnemfqvywbnv/Build/Intermediates.noindex/GoogleSignIn.build/Debug-iphonesimulator/GoogleSignIn.build/Objects-normal/x86_64/GIDAppCheckProviderFake.o /Users/nataliewhipps/Library/Developer/Xcode/DerivedData/Prompt28-cgmmkisguitsyibyvnemfqvywbnv/SourcePackages/checkouts/GoogleSignIn-iOS/GoogleSignIn/Sources/GIDAppCheck/Implementations/Fake/GIDAppCheckProviderFake.m normal x86_64 objective-c com.apple.compilers.llvm.clang.1_0.compiler (in target 'GoogleSignIn' from project 'GoogleSignIn')
    cd /Users/nataliewhipps/Desktop/Prompt28/Prompt28.xcodeproj
    
    Using response file: /Users/nataliewhipps/Library/Developer/Xcode/DerivedData/Prompt28-cgmmkisguitsyibyvnemfqvywbnv/Build/Intermediates.noindex/GoogleSignIn.build/Debug-iphonesimulator/GoogleSignIn.build/Objects-normal/x86_64/e6072d4f65d7061329687fe24e3d63a7-common-args.resp
    
    builtin-ScanDependencies -o /Users/nataliewhipps/Library/Developer/Xcode/DerivedData/Prompt28-cgmmkisguitsyibyvnemfqvywbnv/Build/Intermediates.noindex/GoogleSignIn.build/Debug-iphonesimulator/GoogleSignIn.build/Objects-normal/x86_64/GIDAppCheckProviderFake.o.scan -- /Applications/Xcode.app/Contents/Developer/Toolchains/XcodeDefault.xctoolchain/usr/bin/clang -x objective-c -ivfsstatcache /Users/nataliewhipps/Library/Developer/Xcode/DerivedData/SDKStatCaches.noindex/iphonesimulator26.2-23C57-7d00a8b37fbd7999ea79df8ebc024bf0.sdkstatcache -fmessage-length\=0 -fdiagnostics-show-note-include-stack -fmacro-backtrace-limit\=0 -fno-color-diagnostics -fmodules-prune-interval\=86400 -fmodules-prune-after\=345600 -fbuild-session-file\=/Users/nataliewhipps/Library/Developer/Xcode/DerivedData/ModuleCache.noindex/Session.modulevalidation -fmodules-validate-once-per-build-session -Wnon-modular-include-in-framework-module -Werror\=non-modular-include-in-framework-module -Wno-trigraphs -Wno-missing-field-initializers -Wno-missing-prototypes -Wno-return-type -Wno-implicit-atomic-properties -Wno-objc-interface-ivars -Wno-arc-repeated-use-of-weak -Wno-missing-braces -Wparentheses -Wswitch -Wno-unused-function -Wno-unused-label -Wno-unused-parameter -Wno-unused-variable -Wunused-value -Wno-empty-body -Wno-uninitialized -Wno-unknown-pragmas -w -Wno-shadow -Wno-four-char-constants -Wno-conversion -Wno-constant-conversion -Wno-int-conversion -Wno-bool-conversion -Wno-enum-conversion -Wno-float-conversion -Wno-non-literal-null-conversion -Wno-objc-literal-conversion -Wshorten-64-to-32 -Wpointer-sign -Wno-newline-eof -Wno-selector -Wno-strict-selector-match -Wno-undeclared-selector -Wno-deprecated-implementations -Wno-implicit-fallthrough -fstrict-aliasing -Wprotocol -Wdeprecated-declarations -Wno-sign-conversion -Wno-infinite-recursion -Wno-comma -Wno-block-capture-autoreleasing -Wno-strict-prototypes -Wno-semicolon-before-method-body -index-store-path /Users/nataliewhipps/Library/Developer/Xcode/DerivedData/Prompt28-cgmmkisguitsyibyvnemfqvywbnv/Index.noindex/DataStore @/Users/nataliewhipps/Library/Developer/Xcode/DerivedData/Prompt28-cgmmkisguitsyibyvnemfqvywbnv/Build/Intermediates.noindex/GoogleSignIn.build/Debug-iphonesimulator/GoogleSignIn.build/Objects-normal/x86_64/e6072d4f65d7061329687fe24e3d63a7-common-args.resp -include /Users/nataliewhipps/Library/Developer/Xcode/DerivedData/Prompt28-cgmmkisguitsyibyvnemfqvywbnv/Build/Intermediates.noindex/GoogleSignIn.build/Debug-iphonesimulator/GoogleSignIn.build/DerivedSources/resource_bundle_accessor.h -MMD -MT dependencies -MF /Users/nataliewhipps/Library/Developer/Xcode/DerivedData/Prompt28-cgmmkisguitsyibyvnemfqvywbnv/Build/Intermediates.noindex/GoogleSignIn.build/Debug-iphonesimulator/GoogleSignIn.build/Objects-normal/x86_64/GIDAppCheckProviderFake.d --serialize-diagnostics /Users/nataliewhipps/Library/Developer/Xcode/DerivedData/Prompt28-cgmmkisguitsyibyvnemfqvywbnv/Build/Intermediates.noindex/GoogleSignIn.build/Debug-iphonesimulator/GoogleSignIn.build/Objects-normal/x86_64/GIDAppCheckProviderFake.dia -c /Users/nataliewhipps/Library/Developer/Xcode/DerivedData/Prompt28-cgmmkisguitsyibyvnemfqvywbnv/SourcePackages/checkouts/GoogleSignIn-iOS/GoogleSignIn/Sources/GIDAppCheck/Implementations/Fake/GIDAppCheckProviderFake.m -o /Users/nataliewhipps/Library/Developer/Xcode/DerivedData/Prompt28-cgmmkisguitsyibyvnemfqvywbnv/Build/Intermediates.noindex/GoogleSignIn.build/Debug-iphonesimulator/GoogleSignIn.build/Objects-normal/x86_64/GIDAppCheckProviderFake.o -index-unit-output-path /GoogleSignIn.build/Debug-iphonesimulator/GoogleSignIn.build/Objects-normal/x86_64/GIDAppCheckProviderFake.o

ScanDependencies /Users/nataliewhipps/Library/Developer/Xcode/DerivedData/Prompt28-cgmmkisguitsyibyvnemfqvywbnv/Build/Intermediates.noindex/GoogleSignIn.build/Debug-iphonesimulator/GoogleSignIn.build/Objects-normal/x86_64/GIDAppCheck.o /Users/nataliewhipps/Library/Developer/Xcode/DerivedData/Prompt28-cgmmkisguitsyibyvnemfqvywbnv/SourcePackages/checkouts/GoogleSignIn-iOS/GoogleSignIn/Sources/GIDAppCheck/Implementations/GIDAppCheck.m normal x86_64 objective-c com.apple.compilers.llvm.clang.1_0.compiler (in target 'GoogleSignIn' from project 'GoogleSignIn')
    cd /Users/nataliewhipps/Desktop/Prompt28/Prompt28.xcodeproj
    
    Using response file: /Users/nataliewhipps/Library/Developer/Xcode/DerivedData/Prompt28-cgmmkisguitsyibyvnemfqvywbnv/Build/Intermediates.noindex/GoogleSignIn.build/Debug-iphonesimulator/GoogleSignIn.build/Objects-normal/x86_64/e6072d4f65d7061329687fe24e3d63a7-common-args.resp
    
    builtin-ScanDependencies -o /Users/nataliewhipps/Library/Developer/Xcode/DerivedData/Prompt28-cgmmkisguitsyibyvnemfqvywbnv/Build/Intermediates.noindex/GoogleSignIn.build/Debug-iphonesimulator/GoogleSignIn.build/Objects-normal/x86_64/GIDAppCheck.o.scan -- /Applications/Xcode.app/Contents/Developer/Toolchains/XcodeDefault.xctoolchain/usr/bin/clang -x objective-c -ivfsstatcache /Users/nataliewhipps/Library/Developer/Xcode/DerivedData/SDKStatCaches.noindex/iphonesimulator26.2-23C57-7d00a8b37fbd7999ea79df8ebc024bf0.sdkstatcache -fmessage-length\=0 -fdiagnostics-show-note-include-stack -fmacro-backtrace-limit\=0 -fno-color-diagnostics -fmodules-prune-interval\=86400 -fmodules-prune-after\=345600 -fbuild-session-file\=/Users/nataliewhipps/Library/Developer/Xcode/DerivedData/ModuleCache.noindex/Session.modulevalidation -fmodules-validate-once-per-build-session -Wnon-modular-include-in-framework-module -Werror\=non-modular-include-in-framework-module -Wno-trigraphs -Wno-missing-field-initializers -Wno-missing-prototypes -Wno-return-type -Wno-implicit-atomic-properties -Wno-objc-interface-ivars -Wno-arc-repeated-use-of-weak -Wno-missing-braces -Wparentheses -Wswitch -Wno-unused-function -Wno-unused-label -Wno-unused-parameter -Wno-unused-variable -Wunused-value -Wno-empty-body -Wno-uninitialized -Wno-unknown-pragmas -w -Wno-shadow -Wno-four-char-constants -Wno-conversion -Wno-constant-conversion -Wno-int-conversion -Wno-bool-conversion -Wno-enum-conversion -Wno-float-conversion -Wno-non-literal-null-conversion -Wno-objc-literal-conversion -Wshorten-64-to-32 -Wpointer-sign -Wno-newline-eof -Wno-selector -Wno-strict-selector-match -Wno-undeclared-selector -Wno-deprecated-implementations -Wno-implicit-fallthrough -fstrict-aliasing -Wprotocol -Wdeprecated-declarations -Wno-sign-conversion -Wno-infinite-recursion -Wno-comma -Wno-block-capture-autoreleasing -Wno-strict-prototypes -Wno-semicolon-before-method-body -index-store-path /Users/nataliewhipps/Library/Developer/Xcode/DerivedData/Prompt28-cgmmkisguitsyibyvnemfqvywbnv/Index.noindex/DataStore @/Users/nataliewhipps/Library/Developer/Xcode/DerivedData/Prompt28-cgmmkisguitsyibyvnemfqvywbnv/Build/Intermediates.noindex/GoogleSignIn.build/Debug-iphonesimulator/GoogleSignIn.build/Objects-normal/x86_64/e6072d4f65d7061329687fe24e3d63a7-common-args.resp -include /Users/nataliewhipps/Library/Developer/Xcode/DerivedData/Prompt28-cgmmkisguitsyibyvnemfqvywbnv/Build/Intermediates.noindex/GoogleSignIn.build/Debug-iphonesimulator/GoogleSignIn.build/DerivedSources/resource_bundle_accessor.h -MMD -MT dependencies -MF /Users/nataliewhipps/Library/Developer/Xcode/DerivedData/Prompt28-cgmmkisguitsyibyvnemfqvywbnv/Build/Intermediates.noindex/GoogleSignIn.build/Debug-iphonesimulator/GoogleSignIn.build/Objects-normal/x86_64/GIDAppCheck.d --serialize-diagnostics /Users/nataliewhipps/Library/Developer/Xcode/DerivedData/Prompt28-cgmmkisguitsyibyvnemfqvywbnv/Build/Intermediates.noindex/GoogleSignIn.build/Debug-iphonesimulator/GoogleSignIn.build/Objects-normal/x86_64/GIDAppCheck.dia -c /Users/nataliewhipps/Library/Developer/Xcode/DerivedData/Prompt28-cgmmkisguitsyibyvnemfqvywbnv/SourcePackages/checkouts/GoogleSignIn-iOS/GoogleSignIn/Sources/GIDAppCheck/Implementations/GIDAppCheck.m -o /Users/nataliewhipps/Library/Developer/Xcode/DerivedData/Prompt28-cgmmkisguitsyibyvnemfqvywbnv/Build/Intermediates.noindex/GoogleSignIn.build/Debug-iphonesimulator/GoogleSignIn.build/Objects-normal/x86_64/GIDAppCheck.o -index-unit-output-path /GoogleSignIn.build/Debug-iphonesimulator/GoogleSignIn.build/Objects-normal/x86_64/GIDAppCheck.o

ScanDependencies /Users/nataliewhipps/Library/Developer/Xcode/DerivedData/Prompt28-cgmmkisguitsyibyvnemfqvywbnv/Build/Intermediates.noindex/GoogleSignIn.build/Debug-iphonesimulator/GoogleSignIn.build/Objects-normal/x86_64/GIDActivityIndicatorViewController.o /Users/nataliewhipps/Library/Developer/Xcode/DerivedData/Prompt28-cgmmkisguitsyibyvnemfqvywbnv/SourcePackages/checkouts/GoogleSignIn-iOS/GoogleSignIn/Sources/GIDAppCheck/UI/GIDActivityIndicatorViewController.m normal x86_64 objective-c com.apple.compilers.llvm.clang.1_0.compiler (in target 'GoogleSignIn' from project 'GoogleSignIn')
    cd /Users/nataliewhipps/Desktop/Prompt28/Prompt28.xcodeproj
    
    Using response file: /Users/nataliewhipps/Library/Developer/Xcode/DerivedData/Prompt28-cgmmkisguitsyibyvnemfqvywbnv/Build/Intermediates.noindex/GoogleSignIn.build/Debug-iphonesimulator/GoogleSignIn.build/Objects-normal/x86_64/e6072d4f65d7061329687fe24e3d63a7-common-args.resp
    
    builtin-ScanDependencies -o /Users/nataliewhipps/Library/Developer/Xcode/DerivedData/Prompt28-cgmmkisguitsyibyvnemfqvywbnv/Build/Intermediates.noindex/GoogleSignIn.build/Debug-iphonesimulator/GoogleSignIn.build/Objects-normal/x86_64/GIDActivityIndicatorViewController.o.scan -- /Applications/Xcode.app/Contents/Developer/Toolchains/XcodeDefault.xctoolchain/usr/bin/clang -x objective-c -ivfsstatcache /Users/nataliewhipps/Library/Developer/Xcode/DerivedData/SDKStatCaches.noindex/iphonesimulator26.2-23C57-7d00a8b37fbd7999ea79df8ebc024bf0.sdkstatcache -fmessage-length\=0 -fdiagnostics-show-note-include-stack -fmacro-backtrace-limit\=0 -fno-color-diagnostics -fmodules-prune-interval\=86400 -fmodules-prune-after\=345600 -fbuild-session-file\=/Users/nataliewhipps/Library/Developer/Xcode/DerivedData/ModuleCache.noindex/Session.modulevalidation -fmodules-validate-once-per-build-session -Wnon-modular-include-in-framework-module -Werror\=non-modular-include-in-framework-module -Wno-trigraphs -Wno-missing-field-initializers -Wno-missing-prototypes -Wno-return-type -Wno-implicit-atomic-properties -Wno-objc-interface-ivars -Wno-arc-repeated-use-of-weak -Wno-missing-braces -Wparentheses -Wswitch -Wno-unused-function -Wno-unused-label -Wno-unused-parameter -Wno-unused-variable -Wunused-value -Wno-empty-body -Wno-uninitialized -Wno-unknown-pragmas -w -Wno-shadow -Wno-four-char-constants -Wno-conversion -Wno-constant-conversion -Wno-int-conversion -Wno-bool-conversion -Wno-enum-conversion -Wno-float-conversion -Wno-non-literal-null-conversion -Wno-objc-literal-conversion -Wshorten-64-to-32 -Wpointer-sign -Wno-newline-eof -Wno-selector -Wno-strict-selector-match -Wno-undeclared-selector -Wno-deprecated-implementations -Wno-implicit-fallthrough -fstrict-aliasing -Wprotocol -Wdeprecated-declarations -Wno-sign-conversion -Wno-infinite-recursion -Wno-comma -Wno-block-capture-autoreleasing -Wno-strict-prototypes -Wno-semicolon-before-method-body -index-store-path /Users/nataliewhipps/Library/Developer/Xcode/DerivedData/Prompt28-cgmmkisguitsyibyvnemfqvywbnv/Index.noindex/DataStore @/Users/nataliewhipps/Library/Developer/Xcode/DerivedData/Prompt28-cgmmkisguitsyibyvnemfqvywbnv/Build/Intermediates.noindex/GoogleSignIn.build/Debug-iphonesimulator/GoogleSignIn.build/Objects-normal/x86_64/e6072d4f65d7061329687fe24e3d63a7-common-args.resp -include /Users/nataliewhipps/Library/Developer/Xcode/DerivedData/Prompt28-cgmmkisguitsyibyvnemfqvywbnv/Build/Intermediates.noindex/GoogleSignIn.build/Debug-iphonesimulator/GoogleSignIn.build/DerivedSources/resource_bundle_accessor.h -MMD -MT dependencies -MF /Users/nataliewhipps/Library/Developer/Xcode/DerivedData/Prompt28-cgmmkisguitsyibyvnemfqvywbnv/Build/Intermediates.noindex/GoogleSignIn.build/Debug-iphonesimulator/GoogleSignIn.build/Objects-normal/x86_64/GIDActivityIndicatorViewController.d --serialize-diagnostics /Users/nataliewhipps/Library/Developer/Xcode/DerivedData/Prompt28-cgmmkisguitsyibyvnemfqvywbnv/Build/Intermediates.noindex/GoogleSignIn.build/Debug-iphonesimulator/GoogleSignIn.build/Objects-normal/x86_64/GIDActivityIndicatorViewController.dia -c /Users/nataliewhipps/Library/Developer/Xcode/DerivedData/Prompt28-cgmmkisguitsyibyvnemfqvywbnv/SourcePackages/checkouts/GoogleSignIn-iOS/GoogleSignIn/Sources/GIDAppCheck/UI/GIDActivityIndicatorViewController.m -o /Users/nataliewhipps/Library/Developer/Xcode/DerivedData/Prompt28-cgmmkisguitsyibyvnemfqvywbnv/Build/Intermediates.noindex/GoogleSignIn.build/Debug-iphonesimulator/GoogleSignIn.build/Objects-normal/x86_64/GIDActivityIndicatorViewController.o -index-unit-output-path /GoogleSignIn.build/Debug-iphonesimulator/GoogleSignIn.build/Objects-normal/x86_64/GIDActivityIndicatorViewController.o

PrecompileModule /Users/nataliewhipps/Library/Developer/Xcode/DerivedData/Prompt28-cgmmkisguitsyibyvnemfqvywbnv/Build/Intermediates.noindex/ExplicitPrecompiledModules/_DarwinFoundation3-9GH2MI9BWD6U2QBVLIVSCKBHA.scan
    cd /
    builtin-precompileModule /Users/nataliewhipps/Library/Developer/Xcode/DerivedData/Prompt28-cgmmkisguitsyibyvnemfqvywbnv/Build/Intermediates.noindex/ExplicitPrecompiledModules/_DarwinFoundation3-9GH2MI9BWD6U2QBVLIVSCKBHA.scan

SwiftDriverJobDiscovery normal x86_64 Compiling GTMOAuth2Compatibility.swift (in target 'GTMAppAuth' from project 'GTMAppAuth')

SwiftDriverJobDiscovery normal x86_64 Compiling KeychainStore.swift (in target 'GTMAppAuth' from project 'GTMAppAuth')

SwiftDriver GoogleSignInSwift normal x86_64 com.apple.xcode.tools.swift.compiler (in target 'GoogleSignInSwift' from project 'GoogleSignIn')
    cd /Users/nataliewhipps/Desktop/Prompt28/Prompt28.xcodeproj
    builtin-SwiftDriver -- /Applications/Xcode.app/Contents/Developer/Toolchains/XcodeDefault.xctoolchain/usr/bin/swiftc -module-name GoogleSignInSwift -Onone -enforce-exclusivity\=checked @/Users/nataliewhipps/Library/Developer/Xcode/DerivedData/Prompt28-cgmmkisguitsyibyvnemfqvywbnv/Build/Intermediates.noindex/GoogleSignIn.build/Debug-iphonesimulator/GoogleSignInSwift.build/Objects-normal/x86_64/GoogleSignInSwift.SwiftFileList -DSWIFT_PACKAGE -DDEBUG -DSWIFT_MODULE_RESOURCE_BUNDLE_AVAILABLE -Xcc -fmodule-map-file\=/Users/nataliewhipps/Library/Developer/Xcode/DerivedData/Prompt28-cgmmkisguitsyibyvnemfqvywbnv/Build/Intermediates.noindex/GeneratedModuleMaps-iphonesimulator/AppAuth.modulemap -Xcc -fmodule-map-file\=/Users/nataliewhipps/Library/Developer/Xcode/DerivedData/Prompt28-cgmmkisguitsyibyvnemfqvywbnv/Build/Intermediates.noindex/GeneratedModuleMaps-iphonesimulator/AppAuthCore.modulemap -Xcc -fmodule-map-file\=/Users/nataliewhipps/Library/Developer/Xcode/DerivedData/Prompt28-cgmmkisguitsyibyvnemfqvywbnv/Build/Intermediates.noindex/GeneratedModuleMaps-iphonesimulator/GoogleUtilities-Logger.modulemap -Xcc -fmodule-map-file\=/Users/nataliewhipps/Library/Developer/Xcode/DerivedData/Prompt28-cgmmkisguitsyibyvnemfqvywbnv/Build/Intermediates.noindex/GeneratedModuleMaps-iphonesimulator/GoogleUtilities-Environment.modulemap -Xcc -fmodule-map-file\=/Users/nataliewhipps/Library/Developer/Xcode/DerivedData/Prompt28-cgmmkisguitsyibyvnemfqvywbnv/Build/Intermediates.noindex/GeneratedModuleMaps-iphonesimulator/third-party-IsAppEncrypted.modulemap -Xcc -fmodule-map-file\=/Users/nataliewhipps/Library/Developer/Xcode/DerivedData/Prompt28-cgmmkisguitsyibyvnemfqvywbnv/Build/Intermediates.noindex/GeneratedModuleMaps-iphonesimulator/GoogleUtilities-UserDefaults.modulemap -Xcc -fmodule-map-file\=/Users/nataliewhipps/Library/Developer/Xcode/DerivedData/Prompt28-cgmmkisguitsyibyvnemfqvywbnv/Build/Intermediates.noindex/GeneratedModuleMaps-iphonesimulator/AppCheckCore.modulemap -Xcc -fmodule-map-file\=/Users/nataliewhipps/Library/Developer/Xcode/DerivedData/Prompt28-cgmmkisguitsyibyvnemfqvywbnv/Build/Intermediates.noindex/GeneratedModuleMaps-iphonesimulator/GTMSessionFetcherCore.modulemap -Xcc -fmodule-map-file\=/Users/nataliewhipps/Library/Developer/Xcode/DerivedData/Prompt28-cgmmkisguitsyibyvnemfqvywbnv/Build/Intermediates.noindex/GeneratedModuleMaps-iphonesimulator/GoogleSignIn.modulemap -DXcode -plugin-path /Applications/Xcode.app/Contents/Developer/Toolchains/XcodeDefault.xctoolchain/usr/lib/swift/host/plugins/testing -enable-experimental-feature DebugDescriptionMacro -sdk /Applications/Xcode.app/Contents/Developer/Platforms/iPhoneSimulator.platform/Developer/SDKs/iPhoneSimulator26.2.sdk -target x86_64-apple-ios12.0-simulator -g -module-cache-path /Users/nataliewhipps/Library/Developer/Xcode/DerivedData/ModuleCache.noindex -Xfrontend -serialize-debugging-options -profile-coverage-mapping -profile-generate -enable-testing -suppress-warnings -index-store-path /Users/nataliewhipps/Library/Developer/Xcode/DerivedData/Prompt28-cgmmkisguitsyibyvnemfqvywbnv/Index.noindex/DataStore -Xcc -D_LIBCPP_HARDENING_MODE\=_LIBCPP_HARDENING_MODE_DEBUG -swift-version 6 -I /Users/nataliewhipps/Library/Developer/Xcode/DerivedData/Prompt28-cgmmkisguitsyibyvnemfqvywbnv/Build/Products/Debug-iphonesimulator -Isystem /Applications/Xcode.app/Contents/Developer/Platforms/iPhoneSimulator.platform/Developer/usr/lib -F /Users/nataliewhipps/Library/Developer/Xcode/DerivedData/Prompt28-cgmmkisguitsyibyvnemfqvywbnv/Build/Products/Debug-iphonesimulator/PackageFrameworks -F /Users/nataliewhipps/Library/Developer/Xcode/DerivedData/Prompt28-cgmmkisguitsyibyvnemfqvywbnv/Build/Products/Debug-iphonesimulator/PackageFrameworks -F /Users/nataliewhipps/Library/Developer/Xcode/DerivedData/Prompt28-cgmmkisguitsyibyvnemfqvywbnv/Build/Products/Debug-iphonesimulator/PackageFrameworks -F /Users/nataliewhipps/Library/Developer/Xcode/DerivedData/Prompt28-cgmmkisguitsyibyvnemfqvywbnv/Build/Products/Debug-iphonesimulator/PackageFrameworks -F /Users/nataliewhipps/Library/Developer/Xcode/DerivedData/Prompt28-cgmmkisguitsyibyvnemfqvywbnv/Build/Products/Debug-iphonesimulator/PackageFrameworks -F /Users/nataliewhipps/Library/Developer/Xcode/DerivedData/Prompt28-cgmmkisguitsyibyvnemfqvywbnv/Build/Products/Debug-iphonesimulator/PackageFrameworks -F /Users/nataliewhipps/Library/Developer/Xcode/DerivedData/Prompt28-cgmmkisguitsyibyvnemfqvywbnv/Build/Products/Debug-iphonesimulator/PackageFrameworks -F /Users/nataliewhipps/Library/Developer/Xcode/DerivedData/Prompt28-cgmmkisguitsyibyvnemfqvywbnv/Build/Products/Debug-iphonesimulator/PackageFrameworks -F /Users/nataliewhipps/Library/Developer/Xcode/DerivedData/Prompt28-cgmmkisguitsyibyvnemfqvywbnv/Build/Products/Debug-iphonesimulator/PackageFrameworks -F /Users/nataliewhipps/Library/Developer/Xcode/DerivedData/Prompt28-cgmmkisguitsyibyvnemfqvywbnv/Build/Products/Debug-iphonesimulator/PackageFrameworks -F /Users/nataliewhipps/Library/Developer/Xcode/DerivedData/Prompt28-cgmmkisguitsyibyvnemfqvywbnv/Build/Products/Debug-iphonesimulator/PackageFrameworks -F /Users/nataliewhipps/Library/Developer/Xcode/DerivedData/Prompt28-cgmmkisguitsyibyvnemfqvywbnv/Build/Products/Debug-iphonesimulator -F /Applications/Xcode.app/Contents/Developer/Platforms/iPhoneSimulator.platform/Developer/Library/Frameworks -F /Applications/Xcode.app/Contents/Developer/Platforms/iPhoneSimulator.platform/Developer/SDKs/iPhoneSimulator26.2.sdk/Developer/Library/Frameworks -emit-localized-strings -emit-localized-strings-path /Users/nataliewhipps/Library/Developer/Xcode/DerivedData/Prompt28-cgmmkisguitsyibyvnemfqvywbnv/Build/Intermediates.noindex/GoogleSignIn.build/Debug-iphonesimulator/GoogleSignInSwift.build/Objects-normal/x86_64 -c -j8 -enable-batch-mode -incremental -Xcc -ivfsstatcache -Xcc /Users/nataliewhipps/Library/Developer/Xcode/DerivedData/SDKStatCaches.noindex/iphonesimulator26.2-23C57-7d00a8b37fbd7999ea79df8ebc024bf0.sdkstatcache -output-file-map /Users/nataliewhipps/Library/Developer/Xcode/DerivedData/Prompt28-cgmmkisguitsyibyvnemfqvywbnv/Build/Intermediates.noindex/GoogleSignIn.build/Debug-iphonesimulator/GoogleSignInSwift.build/Objects-normal/x86_64/GoogleSignInSwift-OutputFileMap.json -use-frontend-parseable-output -save-temps -no-color-diagnostics -explicit-module-build -module-cache-path /Users/nataliewhipps/Library/Developer/Xcode/DerivedData/Prompt28-cgmmkisguitsyibyvnemfqvywbnv/Build/Intermediates.noindex/SwiftExplicitPrecompiledModules -clang-scanner-module-cache-path /Users/nataliewhipps/Library/Developer/Xcode/DerivedData/ModuleCache.noindex -sdk-module-cache-path /Users/nataliewhipps/Library/Developer/Xcode/DerivedData/ModuleCache.noindex -serialize-diagnostics -emit-dependencies -emit-module -emit-module-path /Users/nataliewhipps/Library/Developer/Xcode/DerivedData/Prompt28-cgmmkisguitsyibyvnemfqvywbnv/Build/Intermediates.noindex/GoogleSignIn.build/Debug-iphonesimulator/GoogleSignInSwift.build/Objects-normal/x86_64/GoogleSignInSwift.swiftmodule -user-module-version 9.1.0 -validate-clang-modules-once -clang-build-session-file /Users/nataliewhipps/Library/Developer/Xcode/DerivedData/ModuleCache.noindex/Session.modulevalidation -package-name googlesignin_ios -Xcc -I/Users/nataliewhipps/Library/Developer/Xcode/DerivedData/Prompt28-cgmmkisguitsyibyvnemfqvywbnv/Build/Intermediates.noindex/GoogleSignIn.build/Debug-iphonesimulator/GoogleSignInSwift.build/swift-overrides.hmap -emit-const-values -Xfrontend -const-gather-protocols-file -Xfrontend /Users/nataliewhipps/Library/Developer/Xcode/DerivedData/Prompt28-cgmmkisguitsyibyvnemfqvywbnv/Build/Intermediates.noindex/GoogleSignIn.build/Debug-iphonesimulator/GoogleSignInSwift.build/Objects-normal/x86_64/GoogleSignInSwift_const_extract_protocols.json -Xcc -I/Users/nataliewhipps/Library/Developer/Xcode/DerivedData/Prompt28-cgmmkisguitsyibyvnemfqvywbnv/SourcePackages/checkouts/AppAuth-iOS/Sources/AppAuth -Xcc -I/Users/nataliewhipps/Library/Developer/Xcode/DerivedData/Prompt28-cgmmkisguitsyibyvnemfqvywbnv/SourcePackages/checkouts/AppAuth-iOS/Sources/AppAuthCore -Xcc -I/Users/nataliewhipps/Library/Developer/Xcode/DerivedData/Prompt28-cgmmkisguitsyibyvnemfqvywbnv/SourcePackages/checkouts/promises/Sources/FBLPromises/include -Xcc -I/Users/nataliewhipps/Library/Developer/Xcode/DerivedData/Prompt28-cgmmkisguitsyibyvnemfqvywbnv/SourcePackages/checkouts/GoogleUtilities/GoogleUtilities/Logger/Public -Xcc -I/Users/nataliewhipps/Library/Developer/Xcode/DerivedData/Prompt28-cgmmkisguitsyibyvnemfqvywbnv/SourcePackages/checkouts/GoogleUtilities/GoogleUtilities/Environment/Public -Xcc -I/Users/nataliewhipps/Library/Developer/Xcode/DerivedData/Prompt28-cgmmkisguitsyibyvnemfqvywbnv/SourcePackages/checkouts/GoogleUtilities/third_party/IsAppEncrypted/Public -Xcc -I/Users/nataliewhipps/Library/Developer/Xcode/DerivedData/Prompt28-cgmmkisguitsyibyvnemfqvywbnv/SourcePackages/checkouts/GoogleUtilities/GoogleUtilities/UserDefaults/Public -Xcc -I/Users/nataliewhipps/Library/Developer/Xcode/DerivedData/Prompt28-cgmmkisguitsyibyvnemfqvywbnv/SourcePackages/checkouts/app-check/AppCheckCore/Sources/Public -Xcc -I/Users/nataliewhipps/Library/Developer/Xcode/DerivedData/Prompt28-cgmmkisguitsyibyvnemfqvywbnv/SourcePackages/checkouts/gtm-session-fetcher/Sources/Core/Public -Xcc -I/Users/nataliewhipps/Library/Developer/Xcode/DerivedData/Prompt28-cgmmkisguitsyibyvnemfqvywbnv/SourcePackages/checkouts/GoogleSignIn-iOS/GoogleSignIn/Sources/Public -Xcc -I/Users/nataliewhipps/Library/Developer/Xcode/DerivedData/Prompt28-cgmmkisguitsyibyvnemfqvywbnv/Build/Products/Debug-iphonesimulator/include -Xcc -I/Users/nataliewhipps/Library/Developer/Xcode/DerivedData/Prompt28-cgmmkisguitsyibyvnemfqvywbnv/Build/Intermediates.noindex/GoogleSignIn.build/Debug-iphonesimulator/GoogleSignInSwift.build/DerivedSources-normal/x86_64 -Xcc -I/Users/nataliewhipps/Library/Developer/Xcode/DerivedData/Prompt28-cgmmkisguitsyibyvnemfqvywbnv/Build/Intermediates.noindex/GoogleSignIn.build/Debug-iphonesimulator/GoogleSignInSwift.build/DerivedSources/x86_64 -Xcc -I/Users/nataliewhipps/Library/Developer/Xcode/DerivedData/Prompt28-cgmmkisguitsyibyvnemfqvywbnv/Build/Intermediates.noindex/GoogleSignIn.build/Debug-iphonesimulator/GoogleSignInSwift.build/DerivedSources -Xcc -DSWIFT_PACKAGE -Xcc -DDEBUG\=1 -emit-objc-header -emit-objc-header-path /Users/nataliewhipps/Library/Developer/Xcode/DerivedData/Prompt28-cgmmkisguitsyibyvnemfqvywbnv/Build/Intermediates.noindex/GoogleSignIn.build/Debug-iphonesimulator/GoogleSignInSwift.build/Objects-normal/x86_64/GoogleSignInSwift-Swift.h -working-directory /Users/nataliewhipps/Desktop/Prompt28/Prompt28.xcodeproj -experimental-emit-module-separately -disable-cmo

PrecompileModule /Users/nataliewhipps/Library/Developer/Xcode/DerivedData/Prompt28-cgmmkisguitsyibyvnemfqvywbnv/Build/Intermediates.noindex/ExplicitPrecompiledModules/_Builtin_inttypes-8SLMLGGXQFJPRNI6QKI2Z533X.scan
    cd /
    builtin-precompileModule /Users/nataliewhipps/Library/Developer/Xcode/DerivedData/Prompt28-cgmmkisguitsyibyvnemfqvywbnv/Build/Intermediates.noindex/ExplicitPrecompiledModules/_Builtin_inttypes-8SLMLGGXQFJPRNI6QKI2Z533X.scan

PrecompileModule /Users/nataliewhipps/Library/Developer/Xcode/DerivedData/Prompt28-cgmmkisguitsyibyvnemfqvywbnv/Build/Intermediates.noindex/ExplicitPrecompiledModules/Darwin-CU6OYK8NHJ3UCUV1T6NGN9PPS.scan
    cd /
    builtin-precompileModule /Users/nataliewhipps/Library/Developer/Xcode/DerivedData/Prompt28-cgmmkisguitsyibyvnemfqvywbnv/Build/Intermediates.noindex/ExplicitPrecompiledModules/Darwin-CU6OYK8NHJ3UCUV1T6NGN9PPS.scan

SwiftDriverJobDiscovery normal x86_64 Compiling AuthSession.swift (in target 'GTMAppAuth' from project 'GTMAppAuth')

SwiftDriver\ Compilation GTMAppAuth normal x86_64 com.apple.xcode.tools.swift.compiler (in target 'GTMAppAuth' from project 'GTMAppAuth')
    cd /Users/nataliewhipps/Desktop/Prompt28/Prompt28.xcodeproj
    builtin-Swift-Compilation -- /Applications/Xcode.app/Contents/Developer/Toolchains/XcodeDefault.xctoolchain/usr/bin/swiftc -module-name GTMAppAuth -Onone -enforce-exclusivity\=checked @/Users/nataliewhipps/Library/Developer/Xcode/DerivedData/Prompt28-cgmmkisguitsyibyvnemfqvywbnv/Build/Intermediates.noindex/GTMAppAuth.build/Debug-iphonesimulator/GTMAppAuth.build/Objects-normal/x86_64/GTMAppAuth.SwiftFileList -DSWIFT_PACKAGE -DDEBUG -DSWIFT_MODULE_RESOURCE_BUNDLE_AVAILABLE -Xcc -fmodule-map-file\=/Users/nataliewhipps/Library/Developer/Xcode/DerivedData/Prompt28-cgmmkisguitsyibyvnemfqvywbnv/Build/Intermediates.noindex/GeneratedModuleMaps-iphonesimulator/GTMSessionFetcherCore.modulemap -Xcc -fmodule-map-file\=/Users/nataliewhipps/Library/Developer/Xcode/DerivedData/Prompt28-cgmmkisguitsyibyvnemfqvywbnv/Build/Intermediates.noindex/GeneratedModuleMaps-iphonesimulator/AppAuthCore.modulemap -DXcode -plugin-path /Applications/Xcode.app/Contents/Developer/Toolchains/XcodeDefault.xctoolchain/usr/lib/swift/host/plugins/testing -enable-experimental-feature DebugDescriptionMacro -sdk /Applications/Xcode.app/Contents/Developer/Platforms/iPhoneSimulator.platform/Developer/SDKs/iPhoneSimulator26.2.sdk -target x86_64-apple-ios12.0-simulator -g -module-cache-path /Users/nataliewhipps/Library/Developer/Xcode/DerivedData/ModuleCache.noindex -Xfrontend -serialize-debugging-options -profile-coverage-mapping -profile-generate -enable-testing -suppress-warnings -index-store-path /Users/nataliewhipps/Library/Developer/Xcode/DerivedData/Prompt28-cgmmkisguitsyibyvnemfqvywbnv/Index.noindex/DataStore -Xcc -D_LIBCPP_HARDENING_MODE\=_LIBCPP_HARDENING_MODE_DEBUG -swift-version 5 -I /Users/nataliewhipps/Library/Developer/Xcode/DerivedData/Prompt28-cgmmkisguitsyibyvnemfqvywbnv/Build/Products/Debug-iphonesimulator -Isystem /Applications/Xcode.app/Contents/Developer/Platforms/iPhoneSimulator.platform/Developer/usr/lib -F /Users/nataliewhipps/Library/Developer/Xcode/DerivedData/Prompt28-cgmmkisguitsyibyvnemfqvywbnv/Build/Products/Debug-iphonesimulator/PackageFrameworks -F /Users/nataliewhipps/Library/Developer/Xcode/DerivedData/Prompt28-cgmmkisguitsyibyvnemfqvywbnv/Build/Products/Debug-iphonesimulator/PackageFrameworks -F /Users/nataliewhipps/Library/Developer/Xcode/DerivedData/Prompt28-cgmmkisguitsyibyvnemfqvywbnv/Build/Products/Debug-iphonesimulator -F /Applications/Xcode.app/Contents/Developer/Platforms/iPhoneSimulator.platform/Developer/Library/Frameworks -F /Applications/Xcode.app/Contents/Developer/Platforms/iPhoneSimulator.platform/Developer/SDKs/iPhoneSimulator26.2.sdk/Developer/Library/Frameworks -c -j8 -enable-batch-mode -incremental -Xcc -ivfsstatcache -Xcc /Users/nataliewhipps/Library/Developer/Xcode/DerivedData/SDKStatCaches.noindex/iphonesimulator26.2-23C57-7d00a8b37fbd7999ea79df8ebc024bf0.sdkstatcache -output-file-map /Users/nataliewhipps/Library/Developer/Xcode/DerivedData/Prompt28-cgmmkisguitsyibyvnemfqvywbnv/Build/Intermediates.noindex/GTMAppAuth.build/Debug-iphonesimulator/GTMAppAuth.build/Objects-normal/x86_64/GTMAppAuth-OutputFileMap.json -use-frontend-parseable-output -save-temps -no-color-diagnostics -explicit-module-build -module-cache-path /Users/nataliewhipps/Library/Developer/Xcode/DerivedData/Prompt28-cgmmkisguitsyibyvnemfqvywbnv/Build/Intermediates.noindex/SwiftExplicitPrecompiledModules -clang-scanner-module-cache-path /Users/nataliewhipps/Library/Developer/Xcode/DerivedData/ModuleCache.noindex -sdk-module-cache-path /Users/nataliewhipps/Library/Developer/Xcode/DerivedData/ModuleCache.noindex -serialize-diagnostics -emit-dependencies -emit-module -emit-module-path /Users/nataliewhipps/Library/Developer/Xcode/DerivedData/Prompt28-cgmmkisguitsyibyvnemfqvywbnv/Build/Intermediates.noindex/GTMAppAuth.build/Debug-iphonesimulator/GTMAppAuth.build/Objects-normal/x86_64/GTMAppAuth.swiftmodule -validate-clang-modules-once -clang-build-session-file /Users/nataliewhipps/Library/Developer/Xcode/DerivedData/ModuleCache.noindex/Session.modulevalidation -Xcc -I/Users/nataliewhipps/Library/Developer/Xcode/DerivedData/Prompt28-cgmmkisguitsyibyvnemfqvywbnv/Build/Intermediates.noindex/GTMAppAuth.build/Debug-iphonesimulator/GTMAppAuth.build/swift-overrides.hmap -emit-const-values -Xfrontend -const-gather-protocols-file -Xfrontend /Users/nataliewhipps/Library/Developer/Xcode/DerivedData/Prompt28-cgmmkisguitsyibyvnemfqvywbnv/Build/Intermediates.noindex/GTMAppAuth.build/Debug-iphonesimulator/GTMAppAuth.build/Objects-normal/x86_64/GTMAppAuth_const_extract_protocols.json -Xcc -I/Users/nataliewhipps/Library/Developer/Xcode/DerivedData/Prompt28-cgmmkisguitsyibyvnemfqvywbnv/SourcePackages/checkouts/gtm-session-fetcher/Sources/Core/Public -Xcc -I/Users/nataliewhipps/Library/Developer/Xcode/DerivedData/Prompt28-cgmmkisguitsyibyvnemfqvywbnv/SourcePackages/checkouts/AppAuth-iOS/Sources/AppAuthCore -Xcc -I/Users/nataliewhipps/Library/Developer/Xcode/DerivedData/Prompt28-cgmmkisguitsyibyvnemfqvywbnv/Build/Products/Debug-iphonesimulator/include -Xcc -I/Users/nataliewhipps/Library/Developer/Xcode/DerivedData/Prompt28-cgmmkisguitsyibyvnemfqvywbnv/Build/Intermediates.noindex/GTMAppAuth.build/Debug-iphonesimulator/GTMAppAuth.build/DerivedSources-normal/x86_64 -Xcc -I/Users/nataliewhipps/Library/Developer/Xcode/DerivedData/Prompt28-cgmmkisguitsyibyvnemfqvywbnv/Build/Intermediates.noindex/GTMAppAuth.build/Debug-iphonesimulator/GTMAppAuth.build/DerivedSources/x86_64 -Xcc -I/Users/nataliewhipps/Library/Developer/Xcode/DerivedData/Prompt28-cgmmkisguitsyibyvnemfqvywbnv/Build/Intermediates.noindex/GTMAppAuth.build/Debug-iphonesimulator/GTMAppAuth.build/DerivedSources -Xcc -DSWIFT_PACKAGE -Xcc -DDEBUG\=1 -emit-objc-header -emit-objc-header-path /Users/nataliewhipps/Library/Developer/Xcode/DerivedData/Prompt28-cgmmkisguitsyibyvnemfqvywbnv/Build/Intermediates.noindex/GTMAppAuth.build/Debug-iphonesimulator/GTMAppAuth.build/Objects-normal/x86_64/GTMAppAuth-Swift.h -working-directory /Users/nataliewhipps/Desktop/Prompt28/Prompt28.xcodeproj -experimental-emit-module-separately -disable-cmo

Ld /Users/nataliewhipps/Library/Developer/Xcode/DerivedData/Prompt28-cgmmkisguitsyibyvnemfqvywbnv/Build/Products/Debug-iphonesimulator/GTMAppAuth.o normal (in target 'GTMAppAuth' from project 'GTMAppAuth')
    cd /Users/nataliewhipps/Library/Developer/Xcode/DerivedData/Prompt28-cgmmkisguitsyibyvnemfqvywbnv/SourcePackages/checkouts/GTMAppAuth
    /Applications/Xcode.app/Contents/Developer/Toolchains/XcodeDefault.xctoolchain/usr/bin/clang -Xlinker -reproducible -target x86_64-apple-ios12.0-simulator -r -isysroot /Applications/Xcode.app/Contents/Developer/Platforms/iPhoneSimulator.platform/Developer/SDKs/iPhoneSimulator26.2.sdk -O0 -w -L/Users/nataliewhipps/Library/Developer/Xcode/DerivedData/Prompt28-cgmmkisguitsyibyvnemfqvywbnv/Build/Intermediates.noindex/EagerLinkingTBDs/Debug-iphonesimulator -L/Users/nataliewhipps/Library/Developer/Xcode/DerivedData/Prompt28-cgmmkisguitsyibyvnemfqvywbnv/Build/Products/Debug-iphonesimulator -L/Applications/Xcode.app/Contents/Developer/Platforms/iPhoneSimulator.platform/Developer/usr/lib -F/Users/nataliewhipps/Library/Developer/Xcode/DerivedData/Prompt28-cgmmkisguitsyibyvnemfqvywbnv/Build/Intermediates.noindex/EagerLinkingTBDs/Debug-iphonesimulator -F/Users/nataliewhipps/Library/Developer/Xcode/DerivedData/Prompt28-cgmmkisguitsyibyvnemfqvywbnv/Build/Products/Debug-iphonesimulator/PackageFrameworks -F/Users/nataliewhipps/Library/Developer/Xcode/DerivedData/Prompt28-cgmmkisguitsyibyvnemfqvywbnv/Build/Products/Debug-iphonesimulator/PackageFrameworks -F/Users/nataliewhipps/Library/Developer/Xcode/DerivedData/Prompt28-cgmmkisguitsyibyvnemfqvywbnv/Build/Products/Debug-iphonesimulator -iframework /Applications/Xcode.app/Contents/Developer/Platforms/iPhoneSimulator.platform/Developer/Library/Frameworks -iframework /Applications/Xcode.app/Contents/Developer/Platforms/iPhoneSimulator.platform/Developer/SDKs/iPhoneSimulator26.2.sdk/Developer/Library/Frameworks -filelist /Users/nataliewhipps/Library/Developer/Xcode/DerivedData/Prompt28-cgmmkisguitsyibyvnemfqvywbnv/Build/Intermediates.noindex/GTMAppAuth.build/Debug-iphonesimulator/GTMAppAuth.build/Objects-normal/x86_64/GTMAppAuth.LinkFileList -nostdlib -Xlinker -object_path_lto -Xlinker /Users/nataliewhipps/Library/Developer/Xcode/DerivedData/Prompt28-cgmmkisguitsyibyvnemfqvywbnv/Build/Intermediates.noindex/GTMAppAuth.build/Debug-iphonesimulator/GTMAppAuth.build/Objects-normal/x86_64/GTMAppAuth_lto.o -rdynamic -Xlinker -no_deduplicate -Xlinker -objc_abi_version -Xlinker 2 -Xlinker -debug_variant -Xlinker -dependency_info -Xlinker /Users/nataliewhipps/Library/Developer/Xcode/DerivedData/Prompt28-cgmmkisguitsyibyvnemfqvywbnv/Build/Intermediates.noindex/GTMAppAuth.build/Debug-iphonesimulator/GTMAppAuth.build/Objects-normal/x86_64/GTMAppAuth_dependency_info.dat -fobjc-link-runtime -L/Applications/Xcode.app/Contents/Developer/Toolchains/XcodeDefault.xctoolchain/usr/lib/swift/iphonesimulator -L/usr/lib/swift -Xlinker -add_ast_path -Xlinker /Users/nataliewhipps/Library/Developer/Xcode/DerivedData/Prompt28-cgmmkisguitsyibyvnemfqvywbnv/Build/Intermediates.noindex/GTMAppAuth.build/Debug-iphonesimulator/GTMAppAuth.build/Objects-normal/x86_64/GTMAppAuth.swiftmodule @/Users/nataliewhipps/Library/Developer/Xcode/DerivedData/Prompt28-cgmmkisguitsyibyvnemfqvywbnv/Build/Intermediates.noindex/GTMAppAuth.build/Debug-iphonesimulator/GTMAppAuth.build/Objects-normal/x86_64/GTMAppAuth-linker-args.resp -o /Users/nataliewhipps/Library/Developer/Xcode/DerivedData/Prompt28-cgmmkisguitsyibyvnemfqvywbnv/Build/Products/Debug-iphonesimulator/GTMAppAuth.o

ExtractAppIntentsMetadata (in target 'GTMAppAuth' from project 'GTMAppAuth')
    cd /Users/nataliewhipps/Library/Developer/Xcode/DerivedData/Prompt28-cgmmkisguitsyibyvnemfqvywbnv/SourcePackages/checkouts/GTMAppAuth
    /Applications/Xcode.app/Contents/Developer/Toolchains/XcodeDefault.xctoolchain/usr/bin/appintentsmetadataprocessor --toolchain-dir /Applications/Xcode.app/Contents/Developer/Toolchains/XcodeDefault.xctoolchain --module-name GTMAppAuth --sdk-root /Applications/Xcode.app/Contents/Developer/Platforms/iPhoneSimulator.platform/Developer/SDKs/iPhoneSimulator26.2.sdk --xcode-version 17C529 --platform-family iOS --deployment-target 12.0 --bundle-identifier gtmappauth.GTMAppAuth --output /Users/nataliewhipps/Library/Developer/Xcode/DerivedData/Prompt28-cgmmkisguitsyibyvnemfqvywbnv/Build/Products/Debug-iphonesimulator/GTMAppAuth.appintents --target-triple x86_64-apple-ios12.0-simulator --binary-file /Users/nataliewhipps/Library/Developer/Xcode/DerivedData/Prompt28-cgmmkisguitsyibyvnemfqvywbnv/Build/Products/Debug-iphonesimulator/GTMAppAuth.o --dependency-file /Users/nataliewhipps/Library/Developer/Xcode/DerivedData/Prompt28-cgmmkisguitsyibyvnemfqvywbnv/Build/Intermediates.noindex/GTMAppAuth.build/Debug-iphonesimulator/GTMAppAuth.build/Objects-normal/x86_64/GTMAppAuth_dependency_info.dat --stringsdata-file /Users/nataliewhipps/Library/Developer/Xcode/DerivedData/Prompt28-cgmmkisguitsyibyvnemfqvywbnv/Build/Intermediates.noindex/GTMAppAuth.build/Debug-iphonesimulator/GTMAppAuth.build/Objects-normal/x86_64/ExtractedAppShortcutsMetadata.stringsdata --source-file-list /Users/nataliewhipps/Library/Developer/Xcode/DerivedData/Prompt28-cgmmkisguitsyibyvnemfqvywbnv/Build/Intermediates.noindex/GTMAppAuth.build/Debug-iphonesimulator/GTMAppAuth.build/Objects-normal/x86_64/GTMAppAuth.SwiftFileList --metadata-file-list /Users/nataliewhipps/Library/Developer/Xcode/DerivedData/Prompt28-cgmmkisguitsyibyvnemfqvywbnv/Build/Intermediates.noindex/GTMAppAuth.build/Debug-iphonesimulator/GTMAppAuth.build/GTMAppAuth.DependencyMetadataFileList --static-metadata-file-list /Users/nataliewhipps/Library/Developer/Xcode/DerivedData/Prompt28-cgmmkisguitsyibyvnemfqvywbnv/Build/Intermediates.noindex/GTMAppAuth.build/Debug-iphonesimulator/GTMAppAuth.build/GTMAppAuth.DependencyStaticMetadataFileList --swift-const-vals-list /Users/nataliewhipps/Library/Developer/Xcode/DerivedData/Prompt28-cgmmkisguitsyibyvnemfqvywbnv/Build/Intermediates.noindex/GTMAppAuth.build/Debug-iphonesimulator/GTMAppAuth.build/Objects-normal/x86_64/GTMAppAuth.SwiftConstValuesFileList --force --compile-time-extraction --deployment-aware-processing --validate-assistant-intents --no-app-shortcuts-localization
2026-03-14 18:34:16.291 appintentsmetadataprocessor[28929:3272282] Starting appintentsmetadataprocessor export
2026-03-14 18:34:18.034 appintentsmetadataprocessor[28929:3272282] Extracted no relevant App Intents symbols, skipping writing output

PrecompileModule /Users/nataliewhipps/Library/Developer/Xcode/DerivedData/Prompt28-cgmmkisguitsyibyvnemfqvywbnv/Build/Intermediates.noindex/ExplicitPrecompiledModules/ObjectiveC-555VHF99SESIV3BT0GCXPX55I.scan
    cd /
    builtin-precompileModule /Users/nataliewhipps/Library/Developer/Xcode/DerivedData/Prompt28-cgmmkisguitsyibyvnemfqvywbnv/Build/Intermediates.noindex/ExplicitPrecompiledModules/ObjectiveC-555VHF99SESIV3BT0GCXPX55I.scan

PrecompileModule /Users/nataliewhipps/Library/Developer/Xcode/DerivedData/Prompt28-cgmmkisguitsyibyvnemfqvywbnv/Build/Intermediates.noindex/ExplicitPrecompiledModules/os_object-49WQUE650POVZC8W8UE6J11CQ.scan
    cd /
    builtin-precompileModule /Users/nataliewhipps/Library/Developer/Xcode/DerivedData/Prompt28-cgmmkisguitsyibyvnemfqvywbnv/Build/Intermediates.noindex/ExplicitPrecompiledModules/os_object-49WQUE650POVZC8W8UE6J11CQ.scan

PrecompileModule /Users/nataliewhipps/Library/Developer/Xcode/DerivedData/Prompt28-cgmmkisguitsyibyvnemfqvywbnv/Build/Intermediates.noindex/ExplicitPrecompiledModules/os_workgroup-CD4JKNOCIFBOF8ESJUSGSYSOI.scan
    cd /
    builtin-precompileModule /Users/nataliewhipps/Library/Developer/Xcode/DerivedData/Prompt28-cgmmkisguitsyibyvnemfqvywbnv/Build/Intermediates.noindex/ExplicitPrecompiledModules/os_workgroup-CD4JKNOCIFBOF8ESJUSGSYSOI.scan

PrecompileModule /Users/nataliewhipps/Library/Developer/Xcode/DerivedData/Prompt28-cgmmkisguitsyibyvnemfqvywbnv/Build/Intermediates.noindex/ExplicitPrecompiledModules/Dispatch-EHM0V47WXJCUVIOOC2XYDD39N.scan
    cd /
    builtin-precompileModule /Users/nataliewhipps/Library/Developer/Xcode/DerivedData/Prompt28-cgmmkisguitsyibyvnemfqvywbnv/Build/Intermediates.noindex/ExplicitPrecompiledModules/Dispatch-EHM0V47WXJCUVIOOC2XYDD39N.scan

PrecompileModule /Users/nataliewhipps/Library/Developer/Xcode/DerivedData/Prompt28-cgmmkisguitsyibyvnemfqvywbnv/Build/Intermediates.noindex/ExplicitPrecompiledModules/CoreFoundation-2RV80RL0GTH81M657MB0VL8N6.scan
    cd /
    builtin-precompileModule /Users/nataliewhipps/Library/Developer/Xcode/DerivedData/Prompt28-cgmmkisguitsyibyvnemfqvywbnv/Build/Intermediates.noindex/ExplicitPrecompiledModules/CoreFoundation-2RV80RL0GTH81M657MB0VL8N6.scan

PrecompileModule /Users/nataliewhipps/Library/Developer/Xcode/DerivedData/Prompt28-cgmmkisguitsyibyvnemfqvywbnv/Build/Intermediates.noindex/ExplicitPrecompiledModules/XPC-9HTP4FQ6S2U42KWLIV65RPRBI.scan
    cd /
    builtin-precompileModule /Users/nataliewhipps/Library/Developer/Xcode/DerivedData/Prompt28-cgmmkisguitsyibyvnemfqvywbnv/Build/Intermediates.noindex/ExplicitPrecompiledModules/XPC-9HTP4FQ6S2U42KWLIV65RPRBI.scan

SwiftExplicitDependencyGeneratePcm x86_64 /Users/nataliewhipps/Library/Developer/Xcode/DerivedData/ModuleCache.noindex/_Builtin_stddef-DOG9OL90EO6CS5FB5VQ22VW1U.pcm

SwiftExplicitDependencyGeneratePcm x86_64 /Users/nataliewhipps/Library/Developer/Xcode/DerivedData/ModuleCache.noindex/_SwiftConcurrencyShims-B2HL1OUZNP4ZXGDR4U12BYK9K.pcm

SwiftExplicitDependencyGeneratePcm x86_64 /Users/nataliewhipps/Library/Developer/Xcode/DerivedData/ModuleCache.noindex/_Builtin_float-9DNI6XS37UGRBE6WG7XU11D96.pcm

SwiftExplicitDependencyGeneratePcm x86_64 /Users/nataliewhipps/Library/Developer/Xcode/DerivedData/ModuleCache.noindex/SwiftShims-DNAT9OHGGPQ07B3M4F5FHQKR8.pcm

SwiftExplicitDependencyGeneratePcm x86_64 /Users/nataliewhipps/Library/Developer/Xcode/DerivedData/ModuleCache.noindex/_Builtin_stdbool-C4ABPA633CJ8OW258SAMZ3GJL.pcm

SwiftExplicitDependencyGeneratePcm x86_64 /Users/nataliewhipps/Library/Developer/Xcode/DerivedData/ModuleCache.noindex/DeveloperToolsSupport-3DIFA2K2XE82W60HTMKT1O2IG.pcm

SwiftExplicitDependencyGeneratePcm x86_64 /Users/nataliewhipps/Library/Developer/Xcode/DerivedData/ModuleCache.noindex/ptrauth-2ACDWMITY41SREB8QO20QLTI0.pcm

SwiftExplicitDependencyGeneratePcm x86_64 /Users/nataliewhipps/Library/Developer/Xcode/DerivedData/ModuleCache.noindex/ptrcheck-DGQZ3XDTX1I350YT99CVVXU4X.pcm

SwiftExplicitDependencyGeneratePcm x86_64 /Users/nataliewhipps/Library/Developer/Xcode/DerivedData/ModuleCache.noindex/_AvailabilityInternal-2DBNU7UY2TM9BCCFUKP4T8MW7.pcm

SwiftExplicitDependencyGeneratePcm x86_64 /Users/nataliewhipps/Library/Developer/Xcode/DerivedData/ModuleCache.noindex/_Builtin_stdarg-9SXZJGKEHCQHWK0X40JY17SJM.pcm

PrecompileModule /Users/nataliewhipps/Library/Developer/Xcode/DerivedData/Prompt28-cgmmkisguitsyibyvnemfqvywbnv/Build/Intermediates.noindex/ExplicitPrecompiledModules/CoreAudioTypes-443SH9CSV36ZBS3Q2T60RZ2DQ.scan
    cd /
    builtin-precompileModule /Users/nataliewhipps/Library/Developer/Xcode/DerivedData/Prompt28-cgmmkisguitsyibyvnemfqvywbnv/Build/Intermediates.noindex/ExplicitPrecompiledModules/CoreAudioTypes-443SH9CSV36ZBS3Q2T60RZ2DQ.scan

PrecompileModule /Users/nataliewhipps/Library/Developer/Xcode/DerivedData/Prompt28-cgmmkisguitsyibyvnemfqvywbnv/Build/Intermediates.noindex/ExplicitPrecompiledModules/Security-DU2JTZ1C0Z5VKSGIJM74PE9TP.scan
    cd /
    builtin-precompileModule /Users/nataliewhipps/Library/Developer/Xcode/DerivedData/Prompt28-cgmmkisguitsyibyvnemfqvywbnv/Build/Intermediates.noindex/ExplicitPrecompiledModules/Security-DU2JTZ1C0Z5VKSGIJM74PE9TP.scan

PrecompileModule /Users/nataliewhipps/Library/Developer/Xcode/DerivedData/Prompt28-cgmmkisguitsyibyvnemfqvywbnv/Build/Intermediates.noindex/ExplicitPrecompiledModules/CoreGraphics-6YFEKYTO0XD81PX8X7X6Z900O.scan
    cd /
    builtin-precompileModule /Users/nataliewhipps/Library/Developer/Xcode/DerivedData/Prompt28-cgmmkisguitsyibyvnemfqvywbnv/Build/Intermediates.noindex/ExplicitPrecompiledModules/CoreGraphics-6YFEKYTO0XD81PX8X7X6Z900O.scan

PrecompileModule /Users/nataliewhipps/Library/Developer/Xcode/DerivedData/Prompt28-cgmmkisguitsyibyvnemfqvywbnv/Build/Intermediates.noindex/ExplicitPrecompiledModules/CFNetwork-5ODKXA60R5JCJOKUON0XWWOKT.scan
    cd /
    builtin-precompileModule /Users/nataliewhipps/Library/Developer/Xcode/DerivedData/Prompt28-cgmmkisguitsyibyvnemfqvywbnv/Build/Intermediates.noindex/ExplicitPrecompiledModules/CFNetwork-5ODKXA60R5JCJOKUON0XWWOKT.scan

PrecompileModule /Users/nataliewhipps/Library/Developer/Xcode/DerivedData/Prompt28-cgmmkisguitsyibyvnemfqvywbnv/Build/Intermediates.noindex/ExplicitPrecompiledModules/CoreAudio-EFDVN4R1DNPW46C723RN1W601.scan
    cd /
    builtin-precompileModule /Users/nataliewhipps/Library/Developer/Xcode/DerivedData/Prompt28-cgmmkisguitsyibyvnemfqvywbnv/Build/Intermediates.noindex/ExplicitPrecompiledModules/CoreAudio-EFDVN4R1DNPW46C723RN1W601.scan

SwiftExplicitDependencyGeneratePcm x86_64 /Users/nataliewhipps/Library/Developer/Xcode/DerivedData/ModuleCache.noindex/_DarwinFoundation1-9R42FP7LV6QWLZF53E0TK198D.pcm

RegisterExecutionPolicyException /Users/nataliewhipps/Library/Developer/Xcode/DerivedData/Prompt28-cgmmkisguitsyibyvnemfqvywbnv/Build/Products/Debug-iphonesimulator/GTMAppAuth.o (in target 'GTMAppAuth' from project 'GTMAppAuth')
    cd /Users/nataliewhipps/Library/Developer/Xcode/DerivedData/Prompt28-cgmmkisguitsyibyvnemfqvywbnv/SourcePackages/checkouts/GTMAppAuth
    builtin-RegisterExecutionPolicyException /Users/nataliewhipps/Library/Developer/Xcode/DerivedData/Prompt28-cgmmkisguitsyibyvnemfqvywbnv/Build/Products/Debug-iphonesimulator/GTMAppAuth.o

PrecompileModule /Users/nataliewhipps/Library/Developer/Xcode/DerivedData/Prompt28-cgmmkisguitsyibyvnemfqvywbnv/Build/Intermediates.noindex/ExplicitPrecompiledModules/Foundation-15B5OP82WSSV5UUCGCV8JV5YJ.scan
    cd /
    builtin-precompileModule /Users/nataliewhipps/Library/Developer/Xcode/DerivedData/Prompt28-cgmmkisguitsyibyvnemfqvywbnv/Build/Intermediates.noindex/ExplicitPrecompiledModules/Foundation-15B5OP82WSSV5UUCGCV8JV5YJ.scan

PrecompileModule /Users/nataliewhipps/Library/Developer/Xcode/DerivedData/Prompt28-cgmmkisguitsyibyvnemfqvywbnv/Build/Intermediates.noindex/ExplicitPrecompiledModules/ImageIO-AM4VLAK4CWC42EBG9RZHLJJM0.scan
    cd /
    builtin-precompileModule /Users/nataliewhipps/Library/Developer/Xcode/DerivedData/Prompt28-cgmmkisguitsyibyvnemfqvywbnv/Build/Intermediates.noindex/ExplicitPrecompiledModules/ImageIO-AM4VLAK4CWC42EBG9RZHLJJM0.scan

PrecompileModule /Users/nataliewhipps/Library/Developer/Xcode/DerivedData/Prompt28-cgmmkisguitsyibyvnemfqvywbnv/Build/Intermediates.noindex/ExplicitPrecompiledModules/CoreText-1GO4JFFT69UDNV0O6D7AJ4979.scan
    cd /
    builtin-precompileModule /Users/nataliewhipps/Library/Developer/Xcode/DerivedData/Prompt28-cgmmkisguitsyibyvnemfqvywbnv/Build/Intermediates.noindex/ExplicitPrecompiledModules/CoreText-1GO4JFFT69UDNV0O6D7AJ4979.scan

SwiftExplicitDependencyGeneratePcm x86_64 /Users/nataliewhipps/Library/Developer/Xcode/DerivedData/ModuleCache.noindex/_Builtin_limits-AH6KONTVR3IQE2GDMV067CVWU.pcm

SwiftExplicitDependencyGeneratePcm x86_64 /Users/nataliewhipps/Library/Developer/Xcode/DerivedData/ModuleCache.noindex/_DarwinFoundation2-8N16Q35NTG9C2O7TNRVOZ4FDE.pcm

SwiftExplicitDependencyGeneratePcm x86_64 /Users/nataliewhipps/Library/Developer/Xcode/DerivedData/ModuleCache.noindex/_Builtin_tgmath-A0E2M8B2KOL4D1Y6D92XBQ6KC.pcm

SwiftExplicitDependencyGeneratePcm x86_64 /Users/nataliewhipps/Library/Developer/Xcode/DerivedData/ModuleCache.noindex/sys_types-9WIICREL36LK5EDXIF77ESHT5.pcm

SwiftExplicitDependencyGeneratePcm x86_64 /Users/nataliewhipps/Library/Developer/Xcode/DerivedData/ModuleCache.noindex/_Builtin_stdint-EB9DA302E3PKDVU6L950QMDYH.pcm

SwiftExplicitDependencyGeneratePcm x86_64 /Users/nataliewhipps/Library/Developer/Xcode/DerivedData/ModuleCache.noindex/_DarwinFoundation3-90JXQ8864QYXYOK6S8NMS2Q1T.pcm

SwiftExplicitDependencyGeneratePcm x86_64 /Users/nataliewhipps/Library/Developer/Xcode/DerivedData/ModuleCache.noindex/_Builtin_stdatomic-1N41I58N6ORSPT7C7B0JFO9F5.pcm

CompileC /Users/nataliewhipps/Library/Developer/Xcode/DerivedData/Prompt28-cgmmkisguitsyibyvnemfqvywbnv/Build/Intermediates.noindex/GoogleSignIn.build/Debug-iphonesimulator/GoogleSignIn.build/Objects-normal/x86_64/GIDConfiguration.o /Users/nataliewhipps/Library/Developer/Xcode/DerivedData/Prompt28-cgmmkisguitsyibyvnemfqvywbnv/SourcePackages/checkouts/GoogleSignIn-iOS/GoogleSignIn/Sources/GIDConfiguration.m normal x86_64 objective-c com.apple.compilers.llvm.clang.1_0.compiler (in target 'GoogleSignIn' from project 'GoogleSignIn')
    cd /Users/nataliewhipps/Desktop/Prompt28/Prompt28.xcodeproj
    
    Using response file: /Users/nataliewhipps/Library/Developer/Xcode/DerivedData/Prompt28-cgmmkisguitsyibyvnemfqvywbnv/Build/Intermediates.noindex/GoogleSignIn.build/Debug-iphonesimulator/GoogleSignIn.build/Objects-normal/x86_64/e6072d4f65d7061329687fe24e3d63a7-common-args.resp
    
    /Applications/Xcode.app/Contents/Developer/Toolchains/XcodeDefault.xctoolchain/usr/bin/clang -x objective-c -ivfsstatcache /Users/nataliewhipps/Library/Developer/Xcode/DerivedData/SDKStatCaches.noindex/iphonesimulator26.2-23C57-7d00a8b37fbd7999ea79df8ebc024bf0.sdkstatcache -fmessage-length\=0 -fdiagnostics-show-note-include-stack -fmacro-backtrace-limit\=0 -fno-color-diagnostics -fmodules-prune-interval\=86400 -fmodules-prune-after\=345600 -fbuild-session-file\=/Users/nataliewhipps/Library/Developer/Xcode/DerivedData/ModuleCache.noindex/Session.modulevalidation -fmodules-validate-once-per-build-session -Wnon-modular-include-in-framework-module -Werror\=non-modular-include-in-framework-module -Wno-trigraphs -Wno-missing-field-initializers -Wno-missing-prototypes -Wno-return-type -Wno-implicit-atomic-properties -Wno-objc-interface-ivars -Wno-arc-repeated-use-of-weak -Wno-missing-braces -Wparentheses -Wswitch -Wno-unused-function -Wno-unused-label -Wno-unused-parameter -Wno-unused-variable -Wunused-value -Wno-empty-body -Wno-uninitialized -Wno-unknown-pragmas -w -Wno-shadow -Wno-four-char-constants -Wno-conversion -Wno-constant-conversion -Wno-int-conversion -Wno-bool-conversion -Wno-enum-conversion -Wno-float-conversion -Wno-non-literal-null-conversion -Wno-objc-literal-conversion -Wshorten-64-to-32 -Wpointer-sign -Wno-newline-eof -Wno-selector -Wno-strict-selector-match -Wno-undeclared-selector -Wno-deprecated-implementations -Wno-implicit-fallthrough -fstrict-aliasing -Wprotocol -Wdeprecated-declarations -Wno-sign-conversion -Wno-infinite-recursion -Wno-comma -Wno-block-capture-autoreleasing -Wno-strict-prototypes -Wno-semicolon-before-method-body -index-store-path /Users/nataliewhipps/Library/Developer/Xcode/DerivedData/Prompt28-cgmmkisguitsyibyvnemfqvywbnv/Index.noindex/DataStore @/Users/nataliewhipps/Library/Developer/Xcode/DerivedData/Prompt28-cgmmkisguitsyibyvnemfqvywbnv/Build/Intermediates.noindex/GoogleSignIn.build/Debug-iphonesimulator/GoogleSignIn.build/Objects-normal/x86_64/e6072d4f65d7061329687fe24e3d63a7-common-args.resp -include /Users/nataliewhipps/Library/Developer/Xcode/DerivedData/Prompt28-cgmmkisguitsyibyvnemfqvywbnv/Build/Intermediates.noindex/GoogleSignIn.build/Debug-iphonesimulator/GoogleSignIn.build/DerivedSources/resource_bundle_accessor.h -MMD -MT dependencies -MF /Users/nataliewhipps/Library/Developer/Xcode/DerivedData/Prompt28-cgmmkisguitsyibyvnemfqvywbnv/Build/Intermediates.noindex/GoogleSignIn.build/Debug-iphonesimulator/GoogleSignIn.build/Objects-normal/x86_64/GIDConfiguration.d --serialize-diagnostics /Users/nataliewhipps/Library/Developer/Xcode/DerivedData/Prompt28-cgmmkisguitsyibyvnemfqvywbnv/Build/Intermediates.noindex/GoogleSignIn.build/Debug-iphonesimulator/GoogleSignIn.build/Objects-normal/x86_64/GIDConfiguration.dia -c /Users/nataliewhipps/Library/Developer/Xcode/DerivedData/Prompt28-cgmmkisguitsyibyvnemfqvywbnv/SourcePackages/checkouts/GoogleSignIn-iOS/GoogleSignIn/Sources/GIDConfiguration.m -o /Users/nataliewhipps/Library/Developer/Xcode/DerivedData/Prompt28-cgmmkisguitsyibyvnemfqvywbnv/Build/Intermediates.noindex/GoogleSignIn.build/Debug-iphonesimulator/GoogleSignIn.build/Objects-normal/x86_64/GIDConfiguration.o -index-unit-output-path /GoogleSignIn.build/Debug-iphonesimulator/GoogleSignIn.build/Objects-normal/x86_64/GIDConfiguration.o

CompileC /Users/nataliewhipps/Library/Developer/Xcode/DerivedData/Prompt28-cgmmkisguitsyibyvnemfqvywbnv/Build/Intermediates.noindex/GoogleSignIn.build/Debug-iphonesimulator/GoogleSignIn.build/Objects-normal/x86_64/GIDClaim.o /Users/nataliewhipps/Library/Developer/Xcode/DerivedData/Prompt28-cgmmkisguitsyibyvnemfqvywbnv/SourcePackages/checkouts/GoogleSignIn-iOS/GoogleSignIn/Sources/GIDClaim.m normal x86_64 objective-c com.apple.compilers.llvm.clang.1_0.compiler (in target 'GoogleSignIn' from project 'GoogleSignIn')
    cd /Users/nataliewhipps/Desktop/Prompt28/Prompt28.xcodeproj
    
    Using response file: /Users/nataliewhipps/Library/Developer/Xcode/DerivedData/Prompt28-cgmmkisguitsyibyvnemfqvywbnv/Build/Intermediates.noindex/GoogleSignIn.build/Debug-iphonesimulator/GoogleSignIn.build/Objects-normal/x86_64/e6072d4f65d7061329687fe24e3d63a7-common-args.resp
    
    /Applications/Xcode.app/Contents/Developer/Toolchains/XcodeDefault.xctoolchain/usr/bin/clang -x objective-c -ivfsstatcache /Users/nataliewhipps/Library/Developer/Xcode/DerivedData/SDKStatCaches.noindex/iphonesimulator26.2-23C57-7d00a8b37fbd7999ea79df8ebc024bf0.sdkstatcache -fmessage-length\=0 -fdiagnostics-show-note-include-stack -fmacro-backtrace-limit\=0 -fno-color-diagnostics -fmodules-prune-interval\=86400 -fmodules-prune-after\=345600 -fbuild-session-file\=/Users/nataliewhipps/Library/Developer/Xcode/DerivedData/ModuleCache.noindex/Session.modulevalidation -fmodules-validate-once-per-build-session -Wnon-modular-include-in-framework-module -Werror\=non-modular-include-in-framework-module -Wno-trigraphs -Wno-missing-field-initializers -Wno-missing-prototypes -Wno-return-type -Wno-implicit-atomic-properties -Wno-objc-interface-ivars -Wno-arc-repeated-use-of-weak -Wno-missing-braces -Wparentheses -Wswitch -Wno-unused-function -Wno-unused-label -Wno-unused-parameter -Wno-unused-variable -Wunused-value -Wno-empty-body -Wno-uninitialized -Wno-unknown-pragmas -w -Wno-shadow -Wno-four-char-constants -Wno-conversion -Wno-constant-conversion -Wno-int-conversion -Wno-bool-conversion -Wno-enum-conversion -Wno-float-conversion -Wno-non-literal-null-conversion -Wno-objc-literal-conversion -Wshorten-64-to-32 -Wpointer-sign -Wno-newline-eof -Wno-selector -Wno-strict-selector-match -Wno-undeclared-selector -Wno-deprecated-implementations -Wno-implicit-fallthrough -fstrict-aliasing -Wprotocol -Wdeprecated-declarations -Wno-sign-conversion -Wno-infinite-recursion -Wno-comma -Wno-block-capture-autoreleasing -Wno-strict-prototypes -Wno-semicolon-before-method-body -index-store-path /Users/nataliewhipps/Library/Developer/Xcode/DerivedData/Prompt28-cgmmkisguitsyibyvnemfqvywbnv/Index.noindex/DataStore @/Users/nataliewhipps/Library/Developer/Xcode/DerivedData/Prompt28-cgmmkisguitsyibyvnemfqvywbnv/Build/Intermediates.noindex/GoogleSignIn.build/Debug-iphonesimulator/GoogleSignIn.build/Objects-normal/x86_64/e6072d4f65d7061329687fe24e3d63a7-common-args.resp -include /Users/nataliewhipps/Library/Developer/Xcode/DerivedData/Prompt28-cgmmkisguitsyibyvnemfqvywbnv/Build/Intermediates.noindex/GoogleSignIn.build/Debug-iphonesimulator/GoogleSignIn.build/DerivedSources/resource_bundle_accessor.h -MMD -MT dependencies -MF /Users/nataliewhipps/Library/Developer/Xcode/DerivedData/Prompt28-cgmmkisguitsyibyvnemfqvywbnv/Build/Intermediates.noindex/GoogleSignIn.build/Debug-iphonesimulator/GoogleSignIn.build/Objects-normal/x86_64/GIDClaim.d --serialize-diagnostics /Users/nataliewhipps/Library/Developer/Xcode/DerivedData/Prompt28-cgmmkisguitsyibyvnemfqvywbnv/Build/Intermediates.noindex/GoogleSignIn.build/Debug-iphonesimulator/GoogleSignIn.build/Objects-normal/x86_64/GIDClaim.dia -c /Users/nataliewhipps/Library/Developer/Xcode/DerivedData/Prompt28-cgmmkisguitsyibyvnemfqvywbnv/SourcePackages/checkouts/GoogleSignIn-iOS/GoogleSignIn/Sources/GIDClaim.m -o /Users/nataliewhipps/Library/Developer/Xcode/DerivedData/Prompt28-cgmmkisguitsyibyvnemfqvywbnv/Build/Intermediates.noindex/GoogleSignIn.build/Debug-iphonesimulator/GoogleSignIn.build/Objects-normal/x86_64/GIDClaim.o -index-unit-output-path /GoogleSignIn.build/Debug-iphonesimulator/GoogleSignIn.build/Objects-normal/x86_64/GIDClaim.o

CompileC /Users/nataliewhipps/Library/Developer/Xcode/DerivedData/Prompt28-cgmmkisguitsyibyvnemfqvywbnv/Build/Intermediates.noindex/GoogleSignIn.build/Debug-iphonesimulator/GoogleSignIn.build/Objects-normal/x86_64/GIDCallbackQueue.o /Users/nataliewhipps/Library/Developer/Xcode/DerivedData/Prompt28-cgmmkisguitsyibyvnemfqvywbnv/SourcePackages/checkouts/GoogleSignIn-iOS/GoogleSignIn/Sources/GIDCallbackQueue.m normal x86_64 objective-c com.apple.compilers.llvm.clang.1_0.compiler (in target 'GoogleSignIn' from project 'GoogleSignIn')
    cd /Users/nataliewhipps/Desktop/Prompt28/Prompt28.xcodeproj
    
    Using response file: /Users/nataliewhipps/Library/Developer/Xcode/DerivedData/Prompt28-cgmmkisguitsyibyvnemfqvywbnv/Build/Intermediates.noindex/GoogleSignIn.build/Debug-iphonesimulator/GoogleSignIn.build/Objects-normal/x86_64/e6072d4f65d7061329687fe24e3d63a7-common-args.resp
    
    /Applications/Xcode.app/Contents/Developer/Toolchains/XcodeDefault.xctoolchain/usr/bin/clang -x objective-c -ivfsstatcache /Users/nataliewhipps/Library/Developer/Xcode/DerivedData/SDKStatCaches.noindex/iphonesimulator26.2-23C57-7d00a8b37fbd7999ea79df8ebc024bf0.sdkstatcache -fmessage-length\=0 -fdiagnostics-show-note-include-stack -fmacro-backtrace-limit\=0 -fno-color-diagnostics -fmodules-prune-interval\=86400 -fmodules-prune-after\=345600 -fbuild-session-file\=/Users/nataliewhipps/Library/Developer/Xcode/DerivedData/ModuleCache.noindex/Session.modulevalidation -fmodules-validate-once-per-build-session -Wnon-modular-include-in-framework-module -Werror\=non-modular-include-in-framework-module -Wno-trigraphs -Wno-missing-field-initializers -Wno-missing-prototypes -Wno-return-type -Wno-implicit-atomic-properties -Wno-objc-interface-ivars -Wno-arc-repeated-use-of-weak -Wno-missing-braces -Wparentheses -Wswitch -Wno-unused-function -Wno-unused-label -Wno-unused-parameter -Wno-unused-variable -Wunused-value -Wno-empty-body -Wno-uninitialized -Wno-unknown-pragmas -w -Wno-shadow -Wno-four-char-constants -Wno-conversion -Wno-constant-conversion -Wno-int-conversion -Wno-bool-conversion -Wno-enum-conversion -Wno-float-conversion -Wno-non-literal-null-conversion -Wno-objc-literal-conversion -Wshorten-64-to-32 -Wpointer-sign -Wno-newline-eof -Wno-selector -Wno-strict-selector-match -Wno-undeclared-selector -Wno-deprecated-implementations -Wno-implicit-fallthrough -fstrict-aliasing -Wprotocol -Wdeprecated-declarations -Wno-sign-conversion -Wno-infinite-recursion -Wno-comma -Wno-block-capture-autoreleasing -Wno-strict-prototypes -Wno-semicolon-before-method-body -index-store-path /Users/nataliewhipps/Library/Developer/Xcode/DerivedData/Prompt28-cgmmkisguitsyibyvnemfqvywbnv/Index.noindex/DataStore @/Users/nataliewhipps/Library/Developer/Xcode/DerivedData/Prompt28-cgmmkisguitsyibyvnemfqvywbnv/Build/Intermediates.noindex/GoogleSignIn.build/Debug-iphonesimulator/GoogleSignIn.build/Objects-normal/x86_64/e6072d4f65d7061329687fe24e3d63a7-common-args.resp -include /Users/nataliewhipps/Library/Developer/Xcode/DerivedData/Prompt28-cgmmkisguitsyibyvnemfqvywbnv/Build/Intermediates.noindex/GoogleSignIn.build/Debug-iphonesimulator/GoogleSignIn.build/DerivedSources/resource_bundle_accessor.h -MMD -MT dependencies -MF /Users/nataliewhipps/Library/Developer/Xcode/DerivedData/Prompt28-cgmmkisguitsyibyvnemfqvywbnv/Build/Intermediates.noindex/GoogleSignIn.build/Debug-iphonesimulator/GoogleSignIn.build/Objects-normal/x86_64/GIDCallbackQueue.d --serialize-diagnostics /Users/nataliewhipps/Library/Developer/Xcode/DerivedData/Prompt28-cgmmkisguitsyibyvnemfqvywbnv/Build/Intermediates.noindex/GoogleSignIn.build/Debug-iphonesimulator/GoogleSignIn.build/Objects-normal/x86_64/GIDCallbackQueue.dia -c /Users/nataliewhipps/Library/Developer/Xcode/DerivedData/Prompt28-cgmmkisguitsyibyvnemfqvywbnv/SourcePackages/checkouts/GoogleSignIn-iOS/GoogleSignIn/Sources/GIDCallbackQueue.m -o /Users/nataliewhipps/Library/Developer/Xcode/DerivedData/Prompt28-cgmmkisguitsyibyvnemfqvywbnv/Build/Intermediates.noindex/GoogleSignIn.build/Debug-iphonesimulator/GoogleSignIn.build/Objects-normal/x86_64/GIDCallbackQueue.o -index-unit-output-path /GoogleSignIn.build/Debug-iphonesimulator/GoogleSignIn.build/Objects-normal/x86_64/GIDCallbackQueue.o

CompileC /Users/nataliewhipps/Library/Developer/Xcode/DerivedData/Prompt28-cgmmkisguitsyibyvnemfqvywbnv/Build/Intermediates.noindex/GoogleSignIn.build/Debug-iphonesimulator/GoogleSignIn.build/Objects-normal/x86_64/GIDFakeAuthStateMigration.o /Users/nataliewhipps/Library/Developer/Xcode/DerivedData/Prompt28-cgmmkisguitsyibyvnemfqvywbnv/SourcePackages/checkouts/GoogleSignIn-iOS/GoogleSignIn/Sources/GIDAuthStateMigration/Fake/GIDFakeAuthStateMigration.m normal x86_64 objective-c com.apple.compilers.llvm.clang.1_0.compiler (in target 'GoogleSignIn' from project 'GoogleSignIn')
    cd /Users/nataliewhipps/Desktop/Prompt28/Prompt28.xcodeproj
    
    Using response file: /Users/nataliewhipps/Library/Developer/Xcode/DerivedData/Prompt28-cgmmkisguitsyibyvnemfqvywbnv/Build/Intermediates.noindex/GoogleSignIn.build/Debug-iphonesimulator/GoogleSignIn.build/Objects-normal/x86_64/e6072d4f65d7061329687fe24e3d63a7-common-args.resp
    
    /Applications/Xcode.app/Contents/Developer/Toolchains/XcodeDefault.xctoolchain/usr/bin/clang -x objective-c -ivfsstatcache /Users/nataliewhipps/Library/Developer/Xcode/DerivedData/SDKStatCaches.noindex/iphonesimulator26.2-23C57-7d00a8b37fbd7999ea79df8ebc024bf0.sdkstatcache -fmessage-length\=0 -fdiagnostics-show-note-include-stack -fmacro-backtrace-limit\=0 -fno-color-diagnostics -fmodules-prune-interval\=86400 -fmodules-prune-after\=345600 -fbuild-session-file\=/Users/nataliewhipps/Library/Developer/Xcode/DerivedData/ModuleCache.noindex/Session.modulevalidation -fmodules-validate-once-per-build-session -Wnon-modular-include-in-framework-module -Werror\=non-modular-include-in-framework-module -Wno-trigraphs -Wno-missing-field-initializers -Wno-missing-prototypes -Wno-return-type -Wno-implicit-atomic-properties -Wno-objc-interface-ivars -Wno-arc-repeated-use-of-weak -Wno-missing-braces -Wparentheses -Wswitch -Wno-unused-function -Wno-unused-label -Wno-unused-parameter -Wno-unused-variable -Wunused-value -Wno-empty-body -Wno-uninitialized -Wno-unknown-pragmas -w -Wno-shadow -Wno-four-char-constants -Wno-conversion -Wno-constant-conversion -Wno-int-conversion -Wno-bool-conversion -Wno-enum-conversion -Wno-float-conversion -Wno-non-literal-null-conversion -Wno-objc-literal-conversion -Wshorten-64-to-32 -Wpointer-sign -Wno-newline-eof -Wno-selector -Wno-strict-selector-match -Wno-undeclared-selector -Wno-deprecated-implementations -Wno-implicit-fallthrough -fstrict-aliasing -Wprotocol -Wdeprecated-declarations -Wno-sign-conversion -Wno-infinite-recursion -Wno-comma -Wno-block-capture-autoreleasing -Wno-strict-prototypes -Wno-semicolon-before-method-body -index-store-path /Users/nataliewhipps/Library/Developer/Xcode/DerivedData/Prompt28-cgmmkisguitsyibyvnemfqvywbnv/Index.noindex/DataStore @/Users/nataliewhipps/Library/Developer/Xcode/DerivedData/Prompt28-cgmmkisguitsyibyvnemfqvywbnv/Build/Intermediates.noindex/GoogleSignIn.build/Debug-iphonesimulator/GoogleSignIn.build/Objects-normal/x86_64/e6072d4f65d7061329687fe24e3d63a7-common-args.resp -include /Users/nataliewhipps/Library/Developer/Xcode/DerivedData/Prompt28-cgmmkisguitsyibyvnemfqvywbnv/Build/Intermediates.noindex/GoogleSignIn.build/Debug-iphonesimulator/GoogleSignIn.build/DerivedSources/resource_bundle_accessor.h -MMD -MT dependencies -MF /Users/nataliewhipps/Library/Developer/Xcode/DerivedData/Prompt28-cgmmkisguitsyibyvnemfqvywbnv/Build/Intermediates.noindex/GoogleSignIn.build/Debug-iphonesimulator/GoogleSignIn.build/Objects-normal/x86_64/GIDFakeAuthStateMigration.d --serialize-diagnostics /Users/nataliewhipps/Library/Developer/Xcode/DerivedData/Prompt28-cgmmkisguitsyibyvnemfqvywbnv/Build/Intermediates.noindex/GoogleSignIn.build/Debug-iphonesimulator/GoogleSignIn.build/Objects-normal/x86_64/GIDFakeAuthStateMigration.dia -c /Users/nataliewhipps/Library/Developer/Xcode/DerivedData/Prompt28-cgmmkisguitsyibyvnemfqvywbnv/SourcePackages/checkouts/GoogleSignIn-iOS/GoogleSignIn/Sources/GIDAuthStateMigration/Fake/GIDFakeAuthStateMigration.m -o /Users/nataliewhipps/Library/Developer/Xcode/DerivedData/Prompt28-cgmmkisguitsyibyvnemfqvywbnv/Build/Intermediates.noindex/GoogleSignIn.build/Debug-iphonesimulator/GoogleSignIn.build/Objects-normal/x86_64/GIDFakeAuthStateMigration.o -index-unit-output-path /GoogleSignIn.build/Debug-iphonesimulator/GoogleSignIn.build/Objects-normal/x86_64/GIDFakeAuthStateMigration.o

CompileC /Users/nataliewhipps/Library/Developer/Xcode/DerivedData/Prompt28-cgmmkisguitsyibyvnemfqvywbnv/Build/Intermediates.noindex/GoogleSignIn.build/Debug-iphonesimulator/GoogleSignIn.build/Objects-normal/x86_64/GIDToken.o /Users/nataliewhipps/Library/Developer/Xcode/DerivedData/Prompt28-cgmmkisguitsyibyvnemfqvywbnv/SourcePackages/checkouts/GoogleSignIn-iOS/GoogleSignIn/Sources/GIDToken.m normal x86_64 objective-c com.apple.compilers.llvm.clang.1_0.compiler (in target 'GoogleSignIn' from project 'GoogleSignIn')
    cd /Users/nataliewhipps/Desktop/Prompt28/Prompt28.xcodeproj
    
    Using response file: /Users/nataliewhipps/Library/Developer/Xcode/DerivedData/Prompt28-cgmmkisguitsyibyvnemfqvywbnv/Build/Intermediates.noindex/GoogleSignIn.build/Debug-iphonesimulator/GoogleSignIn.build/Objects-normal/x86_64/e6072d4f65d7061329687fe24e3d63a7-common-args.resp
    
    /Applications/Xcode.app/Contents/Developer/Toolchains/XcodeDefault.xctoolchain/usr/bin/clang -x objective-c -ivfsstatcache /Users/nataliewhipps/Library/Developer/Xcode/DerivedData/SDKStatCaches.noindex/iphonesimulator26.2-23C57-7d00a8b37fbd7999ea79df8ebc024bf0.sdkstatcache -fmessage-length\=0 -fdiagnostics-show-note-include-stack -fmacro-backtrace-limit\=0 -fno-color-diagnostics -fmodules-prune-interval\=86400 -fmodules-prune-after\=345600 -fbuild-session-file\=/Users/nataliewhipps/Library/Developer/Xcode/DerivedData/ModuleCache.noindex/Session.modulevalidation -fmodules-validate-once-per-build-session -Wnon-modular-include-in-framework-module -Werror\=non-modular-include-in-framework-module -Wno-trigraphs -Wno-missing-field-initializers -Wno-missing-prototypes -Wno-return-type -Wno-implicit-atomic-properties -Wno-objc-interface-ivars -Wno-arc-repeated-use-of-weak -Wno-missing-braces -Wparentheses -Wswitch -Wno-unused-function -Wno-unused-label -Wno-unused-parameter -Wno-unused-variable -Wunused-value -Wno-empty-body -Wno-uninitialized -Wno-unknown-pragmas -w -Wno-shadow -Wno-four-char-constants -Wno-conversion -Wno-constant-conversion -Wno-int-conversion -Wno-bool-conversion -Wno-enum-conversion -Wno-float-conversion -Wno-non-literal-null-conversion -Wno-objc-literal-conversion -Wshorten-64-to-32 -Wpointer-sign -Wno-newline-eof -Wno-selector -Wno-strict-selector-match -Wno-undeclared-selector -Wno-deprecated-implementations -Wno-implicit-fallthrough -fstrict-aliasing -Wprotocol -Wdeprecated-declarations -Wno-sign-conversion -Wno-infinite-recursion -Wno-comma -Wno-block-capture-autoreleasing -Wno-strict-prototypes -Wno-semicolon-before-method-body -index-store-path /Users/nataliewhipps/Library/Developer/Xcode/DerivedData/Prompt28-cgmmkisguitsyibyvnemfqvywbnv/Index.noindex/DataStore @/Users/nataliewhipps/Library/Developer/Xcode/DerivedData/Prompt28-cgmmkisguitsyibyvnemfqvywbnv/Build/Intermediates.noindex/GoogleSignIn.build/Debug-iphonesimulator/GoogleSignIn.build/Objects-normal/x86_64/e6072d4f65d7061329687fe24e3d63a7-common-args.resp -include /Users/nataliewhipps/Library/Developer/Xcode/DerivedData/Prompt28-cgmmkisguitsyibyvnemfqvywbnv/Build/Intermediates.noindex/GoogleSignIn.build/Debug-iphonesimulator/GoogleSignIn.build/DerivedSources/resource_bundle_accessor.h -MMD -MT dependencies -MF /Users/nataliewhipps/Library/Developer/Xcode/DerivedData/Prompt28-cgmmkisguitsyibyvnemfqvywbnv/Build/Intermediates.noindex/GoogleSignIn.build/Debug-iphonesimulator/GoogleSignIn.build/Objects-normal/x86_64/GIDToken.d --serialize-diagnostics /Users/nataliewhipps/Library/Developer/Xcode/DerivedData/Prompt28-cgmmkisguitsyibyvnemfqvywbnv/Build/Intermediates.noindex/GoogleSignIn.build/Debug-iphonesimulator/GoogleSignIn.build/Objects-normal/x86_64/GIDToken.dia -c /Users/nataliewhipps/Library/Developer/Xcode/DerivedData/Prompt28-cgmmkisguitsyibyvnemfqvywbnv/SourcePackages/checkouts/GoogleSignIn-iOS/GoogleSignIn/Sources/GIDToken.m -o /Users/nataliewhipps/Library/Developer/Xcode/DerivedData/Prompt28-cgmmkisguitsyibyvnemfqvywbnv/Build/Intermediates.noindex/GoogleSignIn.build/Debug-iphonesimulator/GoogleSignIn.build/Objects-normal/x86_64/GIDToken.o -index-unit-output-path /GoogleSignIn.build/Debug-iphonesimulator/GoogleSignIn.build/Objects-normal/x86_64/GIDToken.o

CompileC /Users/nataliewhipps/Library/Developer/Xcode/DerivedData/Prompt28-cgmmkisguitsyibyvnemfqvywbnv/Build/Intermediates.noindex/GoogleSignIn.build/Debug-iphonesimulator/GoogleSignIn.build/Objects-normal/x86_64/resource_bundle_accessor.o /Users/nataliewhipps/Library/Developer/Xcode/DerivedData/Prompt28-cgmmkisguitsyibyvnemfqvywbnv/Build/Intermediates.noindex/GoogleSignIn.build/Debug-iphonesimulator/GoogleSignIn.build/DerivedSources/resource_bundle_accessor.m normal x86_64 objective-c com.apple.compilers.llvm.clang.1_0.compiler (in target 'GoogleSignIn' from project 'GoogleSignIn')
    cd /Users/nataliewhipps/Desktop/Prompt28/Prompt28.xcodeproj
    
    Using response file: /Users/nataliewhipps/Library/Developer/Xcode/DerivedData/Prompt28-cgmmkisguitsyibyvnemfqvywbnv/Build/Intermediates.noindex/GoogleSignIn.build/Debug-iphonesimulator/GoogleSignIn.build/Objects-normal/x86_64/e6072d4f65d7061329687fe24e3d63a7-common-args.resp
    
    /Applications/Xcode.app/Contents/Developer/Toolchains/XcodeDefault.xctoolchain/usr/bin/clang -x objective-c -ivfsstatcache /Users/nataliewhipps/Library/Developer/Xcode/DerivedData/SDKStatCaches.noindex/iphonesimulator26.2-23C57-7d00a8b37fbd7999ea79df8ebc024bf0.sdkstatcache -fmessage-length\=0 -fdiagnostics-show-note-include-stack -fmacro-backtrace-limit\=0 -fno-color-diagnostics -fmodules-prune-interval\=86400 -fmodules-prune-after\=345600 -fbuild-session-file\=/Users/nataliewhipps/Library/Developer/Xcode/DerivedData/ModuleCache.noindex/Session.modulevalidation -fmodules-validate-once-per-build-session -Wnon-modular-include-in-framework-module -Werror\=non-modular-include-in-framework-module -Wno-trigraphs -Wno-missing-field-initializers -Wno-missing-prototypes -Wno-return-type -Wno-implicit-atomic-properties -Wno-objc-interface-ivars -Wno-arc-repeated-use-of-weak -Wno-missing-braces -Wparentheses -Wswitch -Wno-unused-function -Wno-unused-label -Wno-unused-parameter -Wno-unused-variable -Wunused-value -Wno-empty-body -Wno-uninitialized -Wno-unknown-pragmas -w -Wno-shadow -Wno-four-char-constants -Wno-conversion -Wno-constant-conversion -Wno-int-conversion -Wno-bool-conversion -Wno-enum-conversion -Wno-float-conversion -Wno-non-literal-null-conversion -Wno-objc-literal-conversion -Wshorten-64-to-32 -Wpointer-sign -Wno-newline-eof -Wno-selector -Wno-strict-selector-match -Wno-undeclared-selector -Wno-deprecated-implementations -Wno-implicit-fallthrough -fstrict-aliasing -Wprotocol -Wdeprecated-declarations -Wno-sign-conversion -Wno-infinite-recursion -Wno-comma -Wno-block-capture-autoreleasing -Wno-strict-prototypes -Wno-semicolon-before-method-body -index-store-path /Users/nataliewhipps/Library/Developer/Xcode/DerivedData/Prompt28-cgmmkisguitsyibyvnemfqvywbnv/Index.noindex/DataStore @/Users/nataliewhipps/Library/Developer/Xcode/DerivedData/Prompt28-cgmmkisguitsyibyvnemfqvywbnv/Build/Intermediates.noindex/GoogleSignIn.build/Debug-iphonesimulator/GoogleSignIn.build/Objects-normal/x86_64/e6072d4f65d7061329687fe24e3d63a7-common-args.resp -include /Users/nataliewhipps/Library/Developer/Xcode/DerivedData/Prompt28-cgmmkisguitsyibyvnemfqvywbnv/Build/Intermediates.noindex/GoogleSignIn.build/Debug-iphonesimulator/GoogleSignIn.build/DerivedSources/resource_bundle_accessor.h -MMD -MT dependencies -MF /Users/nataliewhipps/Library/Developer/Xcode/DerivedData/Prompt28-cgmmkisguitsyibyvnemfqvywbnv/Build/Intermediates.noindex/GoogleSignIn.build/Debug-iphonesimulator/GoogleSignIn.build/Objects-normal/x86_64/resource_bundle_accessor.d --serialize-diagnostics /Users/nataliewhipps/Library/Developer/Xcode/DerivedData/Prompt28-cgmmkisguitsyibyvnemfqvywbnv/Build/Intermediates.noindex/GoogleSignIn.build/Debug-iphonesimulator/GoogleSignIn.build/Objects-normal/x86_64/resource_bundle_accessor.dia -c /Users/nataliewhipps/Library/Developer/Xcode/DerivedData/Prompt28-cgmmkisguitsyibyvnemfqvywbnv/Build/Intermediates.noindex/GoogleSignIn.build/Debug-iphonesimulator/GoogleSignIn.build/DerivedSources/resource_bundle_accessor.m -o /Users/nataliewhipps/Library/Developer/Xcode/DerivedData/Prompt28-cgmmkisguitsyibyvnemfqvywbnv/Build/Intermediates.noindex/GoogleSignIn.build/Debug-iphonesimulator/GoogleSignIn.build/Objects-normal/x86_64/resource_bundle_accessor.o -index-unit-output-path /GoogleSignIn.build/Debug-iphonesimulator/GoogleSignIn.build/Objects-normal/x86_64/resource_bundle_accessor.o

CompileC /Users/nataliewhipps/Library/Developer/Xcode/DerivedData/Prompt28-cgmmkisguitsyibyvnemfqvywbnv/Build/Intermediates.noindex/GoogleSignIn.build/Debug-iphonesimulator/GoogleSignIn.build/Objects-normal/x86_64/GIDSignInCallbackSchemes.o /Users/nataliewhipps/Library/Developer/Xcode/DerivedData/Prompt28-cgmmkisguitsyibyvnemfqvywbnv/SourcePackages/checkouts/GoogleSignIn-iOS/GoogleSignIn/Sources/GIDSignInCallbackSchemes.m normal x86_64 objective-c com.apple.compilers.llvm.clang.1_0.compiler (in target 'GoogleSignIn' from project 'GoogleSignIn')
    cd /Users/nataliewhipps/Desktop/Prompt28/Prompt28.xcodeproj
    
    Using response file: /Users/nataliewhipps/Library/Developer/Xcode/DerivedData/Prompt28-cgmmkisguitsyibyvnemfqvywbnv/Build/Intermediates.noindex/GoogleSignIn.build/Debug-iphonesimulator/GoogleSignIn.build/Objects-normal/x86_64/e6072d4f65d7061329687fe24e3d63a7-common-args.resp
    
    /Applications/Xcode.app/Contents/Developer/Toolchains/XcodeDefault.xctoolchain/usr/bin/clang -x objective-c -ivfsstatcache /Users/nataliewhipps/Library/Developer/Xcode/DerivedData/SDKStatCaches.noindex/iphonesimulator26.2-23C57-7d00a8b37fbd7999ea79df8ebc024bf0.sdkstatcache -fmessage-length\=0 -fdiagnostics-show-note-include-stack -fmacro-backtrace-limit\=0 -fno-color-diagnostics -fmodules-prune-interval\=86400 -fmodules-prune-after\=345600 -fbuild-session-file\=/Users/nataliewhipps/Library/Developer/Xcode/DerivedData/ModuleCache.noindex/Session.modulevalidation -fmodules-validate-once-per-build-session -Wnon-modular-include-in-framework-module -Werror\=non-modular-include-in-framework-module -Wno-trigraphs -Wno-missing-field-initializers -Wno-missing-prototypes -Wno-return-type -Wno-implicit-atomic-properties -Wno-objc-interface-ivars -Wno-arc-repeated-use-of-weak -Wno-missing-braces -Wparentheses -Wswitch -Wno-unused-function -Wno-unused-label -Wno-unused-parameter -Wno-unused-variable -Wunused-value -Wno-empty-body -Wno-uninitialized -Wno-unknown-pragmas -w -Wno-shadow -Wno-four-char-constants -Wno-conversion -Wno-constant-conversion -Wno-int-conversion -Wno-bool-conversion -Wno-enum-conversion -Wno-float-conversion -Wno-non-literal-null-conversion -Wno-objc-literal-conversion -Wshorten-64-to-32 -Wpointer-sign -Wno-newline-eof -Wno-selector -Wno-strict-selector-match -Wno-undeclared-selector -Wno-deprecated-implementations -Wno-implicit-fallthrough -fstrict-aliasing -Wprotocol -Wdeprecated-declarations -Wno-sign-conversion -Wno-infinite-recursion -Wno-comma -Wno-block-capture-autoreleasing -Wno-strict-prototypes -Wno-semicolon-before-method-body -index-store-path /Users/nataliewhipps/Library/Developer/Xcode/DerivedData/Prompt28-cgmmkisguitsyibyvnemfqvywbnv/Index.noindex/DataStore @/Users/nataliewhipps/Library/Developer/Xcode/DerivedData/Prompt28-cgmmkisguitsyibyvnemfqvywbnv/Build/Intermediates.noindex/GoogleSignIn.build/Debug-iphonesimulator/GoogleSignIn.build/Objects-normal/x86_64/e6072d4f65d7061329687fe24e3d63a7-common-args.resp -include /Users/nataliewhipps/Library/Developer/Xcode/DerivedData/Prompt28-cgmmkisguitsyibyvnemfqvywbnv/Build/Intermediates.noindex/GoogleSignIn.build/Debug-iphonesimulator/GoogleSignIn.build/DerivedSources/resource_bundle_accessor.h -MMD -MT dependencies -MF /Users/nataliewhipps/Library/Developer/Xcode/DerivedData/Prompt28-cgmmkisguitsyibyvnemfqvywbnv/Build/Intermediates.noindex/GoogleSignIn.build/Debug-iphonesimulator/GoogleSignIn.build/Objects-normal/x86_64/GIDSignInCallbackSchemes.d --serialize-diagnostics /Users/nataliewhipps/Library/Developer/Xcode/DerivedData/Prompt28-cgmmkisguitsyibyvnemfqvywbnv/Build/Intermediates.noindex/GoogleSignIn.build/Debug-iphonesimulator/GoogleSignIn.build/Objects-normal/x86_64/GIDSignInCallbackSchemes.dia -c /Users/nataliewhipps/Library/Developer/Xcode/DerivedData/Prompt28-cgmmkisguitsyibyvnemfqvywbnv/SourcePackages/checkouts/GoogleSignIn-iOS/GoogleSignIn/Sources/GIDSignInCallbackSchemes.m -o /Users/nataliewhipps/Library/Developer/Xcode/DerivedData/Prompt28-cgmmkisguitsyibyvnemfqvywbnv/Build/Intermediates.noindex/GoogleSignIn.build/Debug-iphonesimulator/GoogleSignIn.build/Objects-normal/x86_64/GIDSignInCallbackSchemes.o -index-unit-output-path /GoogleSignIn.build/Debug-iphonesimulator/GoogleSignIn.build/Objects-normal/x86_64/GIDSignInCallbackSchemes.o

CompileC /Users/nataliewhipps/Library/Developer/Xcode/DerivedData/Prompt28-cgmmkisguitsyibyvnemfqvywbnv/Build/Intermediates.noindex/GoogleSignIn.build/Debug-iphonesimulator/GoogleSignIn.build/Objects-normal/x86_64/GIDSignInStrings.o /Users/nataliewhipps/Library/Developer/Xcode/DerivedData/Prompt28-cgmmkisguitsyibyvnemfqvywbnv/SourcePackages/checkouts/GoogleSignIn-iOS/GoogleSignIn/Sources/GIDSignInStrings.m normal x86_64 objective-c com.apple.compilers.llvm.clang.1_0.compiler (in target 'GoogleSignIn' from project 'GoogleSignIn')
    cd /Users/nataliewhipps/Desktop/Prompt28/Prompt28.xcodeproj
    
    Using response file: /Users/nataliewhipps/Library/Developer/Xcode/DerivedData/Prompt28-cgmmkisguitsyibyvnemfqvywbnv/Build/Intermediates.noindex/GoogleSignIn.build/Debug-iphonesimulator/GoogleSignIn.build/Objects-normal/x86_64/e6072d4f65d7061329687fe24e3d63a7-common-args.resp
    
    /Applications/Xcode.app/Contents/Developer/Toolchains/XcodeDefault.xctoolchain/usr/bin/clang -x objective-c -ivfsstatcache /Users/nataliewhipps/Library/Developer/Xcode/DerivedData/SDKStatCaches.noindex/iphonesimulator26.2-23C57-7d00a8b37fbd7999ea79df8ebc024bf0.sdkstatcache -fmessage-length\=0 -fdiagnostics-show-note-include-stack -fmacro-backtrace-limit\=0 -fno-color-diagnostics -fmodules-prune-interval\=86400 -fmodules-prune-after\=345600 -fbuild-session-file\=/Users/nataliewhipps/Library/Developer/Xcode/DerivedData/ModuleCache.noindex/Session.modulevalidation -fmodules-validate-once-per-build-session -Wnon-modular-include-in-framework-module -Werror\=non-modular-include-in-framework-module -Wno-trigraphs -Wno-missing-field-initializers -Wno-missing-prototypes -Wno-return-type -Wno-implicit-atomic-properties -Wno-objc-interface-ivars -Wno-arc-repeated-use-of-weak -Wno-missing-braces -Wparentheses -Wswitch -Wno-unused-function -Wno-unused-label -Wno-unused-parameter -Wno-unused-variable -Wunused-value -Wno-empty-body -Wno-uninitialized -Wno-unknown-pragmas -w -Wno-shadow -Wno-four-char-constants -Wno-conversion -Wno-constant-conversion -Wno-int-conversion -Wno-bool-conversion -Wno-enum-conversion -Wno-float-conversion -Wno-non-literal-null-conversion -Wno-objc-literal-conversion -Wshorten-64-to-32 -Wpointer-sign -Wno-newline-eof -Wno-selector -Wno-strict-selector-match -Wno-undeclared-selector -Wno-deprecated-implementations -Wno-implicit-fallthrough -fstrict-aliasing -Wprotocol -Wdeprecated-declarations -Wno-sign-conversion -Wno-infinite-recursion -Wno-comma -Wno-block-capture-autoreleasing -Wno-strict-prototypes -Wno-semicolon-before-method-body -index-store-path /Users/nataliewhipps/Library/Developer/Xcode/DerivedData/Prompt28-cgmmkisguitsyibyvnemfqvywbnv/Index.noindex/DataStore @/Users/nataliewhipps/Library/Developer/Xcode/DerivedData/Prompt28-cgmmkisguitsyibyvnemfqvywbnv/Build/Intermediates.noindex/GoogleSignIn.build/Debug-iphonesimulator/GoogleSignIn.build/Objects-normal/x86_64/e6072d4f65d7061329687fe24e3d63a7-common-args.resp -include /Users/nataliewhipps/Library/Developer/Xcode/DerivedData/Prompt28-cgmmkisguitsyibyvnemfqvywbnv/Build/Intermediates.noindex/GoogleSignIn.build/Debug-iphonesimulator/GoogleSignIn.build/DerivedSources/resource_bundle_accessor.h -MMD -MT dependencies -MF /Users/nataliewhipps/Library/Developer/Xcode/DerivedData/Prompt28-cgmmkisguitsyibyvnemfqvywbnv/Build/Intermediates.noindex/GoogleSignIn.build/Debug-iphonesimulator/GoogleSignIn.build/Objects-normal/x86_64/GIDSignInStrings.d --serialize-diagnostics /Users/nataliewhipps/Library/Developer/Xcode/DerivedData/Prompt28-cgmmkisguitsyibyvnemfqvywbnv/Build/Intermediates.noindex/GoogleSignIn.build/Debug-iphonesimulator/GoogleSignIn.build/Objects-normal/x86_64/GIDSignInStrings.dia -c /Users/nataliewhipps/Library/Developer/Xcode/DerivedData/Prompt28-cgmmkisguitsyibyvnemfqvywbnv/SourcePackages/checkouts/GoogleSignIn-iOS/GoogleSignIn/Sources/GIDSignInStrings.m -o /Users/nataliewhipps/Library/Developer/Xcode/DerivedData/Prompt28-cgmmkisguitsyibyvnemfqvywbnv/Build/Intermediates.noindex/GoogleSignIn.build/Debug-iphonesimulator/GoogleSignIn.build/Objects-normal/x86_64/GIDSignInStrings.o -index-unit-output-path /GoogleSignIn.build/Debug-iphonesimulator/GoogleSignIn.build/Objects-normal/x86_64/GIDSignInStrings.o

CompileC /Users/nataliewhipps/Library/Developer/Xcode/DerivedData/Prompt28-cgmmkisguitsyibyvnemfqvywbnv/Build/Intermediates.noindex/GoogleSignIn.build/Debug-iphonesimulator/GoogleSignIn.build/Objects-normal/x86_64/GIDSignInPreferences.o /Users/nataliewhipps/Library/Developer/Xcode/DerivedData/Prompt28-cgmmkisguitsyibyvnemfqvywbnv/SourcePackages/checkouts/GoogleSignIn-iOS/GoogleSignIn/Sources/GIDSignInPreferences.m normal x86_64 objective-c com.apple.compilers.llvm.clang.1_0.compiler (in target 'GoogleSignIn' from project 'GoogleSignIn')
    cd /Users/nataliewhipps/Desktop/Prompt28/Prompt28.xcodeproj
    
    Using response file: /Users/nataliewhipps/Library/Developer/Xcode/DerivedData/Prompt28-cgmmkisguitsyibyvnemfqvywbnv/Build/Intermediates.noindex/GoogleSignIn.build/Debug-iphonesimulator/GoogleSignIn.build/Objects-normal/x86_64/e6072d4f65d7061329687fe24e3d63a7-common-args.resp
    
    /Applications/Xcode.app/Contents/Developer/Toolchains/XcodeDefault.xctoolchain/usr/bin/clang -x objective-c -ivfsstatcache /Users/nataliewhipps/Library/Developer/Xcode/DerivedData/SDKStatCaches.noindex/iphonesimulator26.2-23C57-7d00a8b37fbd7999ea79df8ebc024bf0.sdkstatcache -fmessage-length\=0 -fdiagnostics-show-note-include-stack -fmacro-backtrace-limit\=0 -fno-color-diagnostics -fmodules-prune-interval\=86400 -fmodules-prune-after\=345600 -fbuild-session-file\=/Users/nataliewhipps/Library/Developer/Xcode/DerivedData/ModuleCache.noindex/Session.modulevalidation -fmodules-validate-once-per-build-session -Wnon-modular-include-in-framework-module -Werror\=non-modular-include-in-framework-module -Wno-trigraphs -Wno-missing-field-initializers -Wno-missing-prototypes -Wno-return-type -Wno-implicit-atomic-properties -Wno-objc-interface-ivars -Wno-arc-repeated-use-of-weak -Wno-missing-braces -Wparentheses -Wswitch -Wno-unused-function -Wno-unused-label -Wno-unused-parameter -Wno-unused-variable -Wunused-value -Wno-empty-body -Wno-uninitialized -Wno-unknown-pragmas -w -Wno-shadow -Wno-four-char-constants -Wno-conversion -Wno-constant-conversion -Wno-int-conversion -Wno-bool-conversion -Wno-enum-conversion -Wno-float-conversion -Wno-non-literal-null-conversion -Wno-objc-literal-conversion -Wshorten-64-to-32 -Wpointer-sign -Wno-newline-eof -Wno-selector -Wno-strict-selector-match -Wno-undeclared-selector -Wno-deprecated-implementations -Wno-implicit-fallthrough -fstrict-aliasing -Wprotocol -Wdeprecated-declarations -Wno-sign-conversion -Wno-infinite-recursion -Wno-comma -Wno-block-capture-autoreleasing -Wno-strict-prototypes -Wno-semicolon-before-method-body -index-store-path /Users/nataliewhipps/Library/Developer/Xcode/DerivedData/Prompt28-cgmmkisguitsyibyvnemfqvywbnv/Index.noindex/DataStore @/Users/nataliewhipps/Library/Developer/Xcode/DerivedData/Prompt28-cgmmkisguitsyibyvnemfqvywbnv/Build/Intermediates.noindex/GoogleSignIn.build/Debug-iphonesimulator/GoogleSignIn.build/Objects-normal/x86_64/e6072d4f65d7061329687fe24e3d63a7-common-args.resp -include /Users/nataliewhipps/Library/Developer/Xcode/DerivedData/Prompt28-cgmmkisguitsyibyvnemfqvywbnv/Build/Intermediates.noindex/GoogleSignIn.build/Debug-iphonesimulator/GoogleSignIn.build/DerivedSources/resource_bundle_accessor.h -MMD -MT dependencies -MF /Users/nataliewhipps/Library/Developer/Xcode/DerivedData/Prompt28-cgmmkisguitsyibyvnemfqvywbnv/Build/Intermediates.noindex/GoogleSignIn.build/Debug-iphonesimulator/GoogleSignIn.build/Objects-normal/x86_64/GIDSignInPreferences.d --serialize-diagnostics /Users/nataliewhipps/Library/Developer/Xcode/DerivedData/Prompt28-cgmmkisguitsyibyvnemfqvywbnv/Build/Intermediates.noindex/GoogleSignIn.build/Debug-iphonesimulator/GoogleSignIn.build/Objects-normal/x86_64/GIDSignInPreferences.dia -c /Users/nataliewhipps/Library/Developer/Xcode/DerivedData/Prompt28-cgmmkisguitsyibyvnemfqvywbnv/SourcePackages/checkouts/GoogleSignIn-iOS/GoogleSignIn/Sources/GIDSignInPreferences.m -o /Users/nataliewhipps/Library/Developer/Xcode/DerivedData/Prompt28-cgmmkisguitsyibyvnemfqvywbnv/Build/Intermediates.noindex/GoogleSignIn.build/Debug-iphonesimulator/GoogleSignIn.build/Objects-normal/x86_64/GIDSignInPreferences.o -index-unit-output-path /GoogleSignIn.build/Debug-iphonesimulator/GoogleSignIn.build/Objects-normal/x86_64/GIDSignInPreferences.o

CompileC /Users/nataliewhipps/Library/Developer/Xcode/DerivedData/Prompt28-cgmmkisguitsyibyvnemfqvywbnv/Build/Intermediates.noindex/GoogleSignIn.build/Debug-iphonesimulator/GoogleSignIn.build/Objects-normal/x86_64/GIDScopes.o /Users/nataliewhipps/Library/Developer/Xcode/DerivedData/Prompt28-cgmmkisguitsyibyvnemfqvywbnv/SourcePackages/checkouts/GoogleSignIn-iOS/GoogleSignIn/Sources/GIDScopes.m normal x86_64 objective-c com.apple.compilers.llvm.clang.1_0.compiler (in target 'GoogleSignIn' from project 'GoogleSignIn')
    cd /Users/nataliewhipps/Desktop/Prompt28/Prompt28.xcodeproj
    
    Using response file: /Users/nataliewhipps/Library/Developer/Xcode/DerivedData/Prompt28-cgmmkisguitsyibyvnemfqvywbnv/Build/Intermediates.noindex/GoogleSignIn.build/Debug-iphonesimulator/GoogleSignIn.build/Objects-normal/x86_64/e6072d4f65d7061329687fe24e3d63a7-common-args.resp
    
    /Applications/Xcode.app/Contents/Developer/Toolchains/XcodeDefault.xctoolchain/usr/bin/clang -x objective-c -ivfsstatcache /Users/nataliewhipps/Library/Developer/Xcode/DerivedData/SDKStatCaches.noindex/iphonesimulator26.2-23C57-7d00a8b37fbd7999ea79df8ebc024bf0.sdkstatcache -fmessage-length\=0 -fdiagnostics-show-note-include-stack -fmacro-backtrace-limit\=0 -fno-color-diagnostics -fmodules-prune-interval\=86400 -fmodules-prune-after\=345600 -fbuild-session-file\=/Users/nataliewhipps/Library/Developer/Xcode/DerivedData/ModuleCache.noindex/Session.modulevalidation -fmodules-validate-once-per-build-session -Wnon-modular-include-in-framework-module -Werror\=non-modular-include-in-framework-module -Wno-trigraphs -Wno-missing-field-initializers -Wno-missing-prototypes -Wno-return-type -Wno-implicit-atomic-properties -Wno-objc-interface-ivars -Wno-arc-repeated-use-of-weak -Wno-missing-braces -Wparentheses -Wswitch -Wno-unused-function -Wno-unused-label -Wno-unused-parameter -Wno-unused-variable -Wunused-value -Wno-empty-body -Wno-uninitialized -Wno-unknown-pragmas -w -Wno-shadow -Wno-four-char-constants -Wno-conversion -Wno-constant-conversion -Wno-int-conversion -Wno-bool-conversion -Wno-enum-conversion -Wno-float-conversion -Wno-non-literal-null-conversion -Wno-objc-literal-conversion -Wshorten-64-to-32 -Wpointer-sign -Wno-newline-eof -Wno-selector -Wno-strict-selector-match -Wno-undeclared-selector -Wno-deprecated-implementations -Wno-implicit-fallthrough -fstrict-aliasing -Wprotocol -Wdeprecated-declarations -Wno-sign-conversion -Wno-infinite-recursion -Wno-comma -Wno-block-capture-autoreleasing -Wno-strict-prototypes -Wno-semicolon-before-method-body -index-store-path /Users/nataliewhipps/Library/Developer/Xcode/DerivedData/Prompt28-cgmmkisguitsyibyvnemfqvywbnv/Index.noindex/DataStore @/Users/nataliewhipps/Library/Developer/Xcode/DerivedData/Prompt28-cgmmkisguitsyibyvnemfqvywbnv/Build/Intermediates.noindex/GoogleSignIn.build/Debug-iphonesimulator/GoogleSignIn.build/Objects-normal/x86_64/e6072d4f65d7061329687fe24e3d63a7-common-args.resp -include /Users/nataliewhipps/Library/Developer/Xcode/DerivedData/Prompt28-cgmmkisguitsyibyvnemfqvywbnv/Build/Intermediates.noindex/GoogleSignIn.build/Debug-iphonesimulator/GoogleSignIn.build/DerivedSources/resource_bundle_accessor.h -MMD -MT dependencies -MF /Users/nataliewhipps/Library/Developer/Xcode/DerivedData/Prompt28-cgmmkisguitsyibyvnemfqvywbnv/Build/Intermediates.noindex/GoogleSignIn.build/Debug-iphonesimulator/GoogleSignIn.build/Objects-normal/x86_64/GIDScopes.d --serialize-diagnostics /Users/nataliewhipps/Library/Developer/Xcode/DerivedData/Prompt28-cgmmkisguitsyibyvnemfqvywbnv/Build/Intermediates.noindex/GoogleSignIn.build/Debug-iphonesimulator/GoogleSignIn.build/Objects-normal/x86_64/GIDScopes.dia -c /Users/nataliewhipps/Library/Developer/Xcode/DerivedData/Prompt28-cgmmkisguitsyibyvnemfqvywbnv/SourcePackages/checkouts/GoogleSignIn-iOS/GoogleSignIn/Sources/GIDScopes.m -o /Users/nataliewhipps/Library/Developer/Xcode/DerivedData/Prompt28-cgmmkisguitsyibyvnemfqvywbnv/Build/Intermediates.noindex/GoogleSignIn.build/Debug-iphonesimulator/GoogleSignIn.build/Objects-normal/x86_64/GIDScopes.o -index-unit-output-path /GoogleSignIn.build/Debug-iphonesimulator/GoogleSignIn.build/Objects-normal/x86_64/GIDScopes.o

CompileC /Users/nataliewhipps/Library/Developer/Xcode/DerivedData/Prompt28-cgmmkisguitsyibyvnemfqvywbnv/Build/Intermediates.noindex/GoogleSignIn.build/Debug-iphonesimulator/GoogleSignIn.build/Objects-normal/x86_64/GIDProfileData.o /Users/nataliewhipps/Library/Developer/Xcode/DerivedData/Prompt28-cgmmkisguitsyibyvnemfqvywbnv/SourcePackages/checkouts/GoogleSignIn-iOS/GoogleSignIn/Sources/GIDProfileData.m normal x86_64 objective-c com.apple.compilers.llvm.clang.1_0.compiler (in target 'GoogleSignIn' from project 'GoogleSignIn')
    cd /Users/nataliewhipps/Desktop/Prompt28/Prompt28.xcodeproj
    
    Using response file: /Users/nataliewhipps/Library/Developer/Xcode/DerivedData/Prompt28-cgmmkisguitsyibyvnemfqvywbnv/Build/Intermediates.noindex/GoogleSignIn.build/Debug-iphonesimulator/GoogleSignIn.build/Objects-normal/x86_64/e6072d4f65d7061329687fe24e3d63a7-common-args.resp
    
    /Applications/Xcode.app/Contents/Developer/Toolchains/XcodeDefault.xctoolchain/usr/bin/clang -x objective-c -ivfsstatcache /Users/nataliewhipps/Library/Developer/Xcode/DerivedData/SDKStatCaches.noindex/iphonesimulator26.2-23C57-7d00a8b37fbd7999ea79df8ebc024bf0.sdkstatcache -fmessage-length\=0 -fdiagnostics-show-note-include-stack -fmacro-backtrace-limit\=0 -fno-color-diagnostics -fmodules-prune-interval\=86400 -fmodules-prune-after\=345600 -fbuild-session-file\=/Users/nataliewhipps/Library/Developer/Xcode/DerivedData/ModuleCache.noindex/Session.modulevalidation -fmodules-validate-once-per-build-session -Wnon-modular-include-in-framework-module -Werror\=non-modular-include-in-framework-module -Wno-trigraphs -Wno-missing-field-initializers -Wno-missing-prototypes -Wno-return-type -Wno-implicit-atomic-properties -Wno-objc-interface-ivars -Wno-arc-repeated-use-of-weak -Wno-missing-braces -Wparentheses -Wswitch -Wno-unused-function -Wno-unused-label -Wno-unused-parameter -Wno-unused-variable -Wunused-value -Wno-empty-body -Wno-uninitialized -Wno-unknown-pragmas -w -Wno-shadow -Wno-four-char-constants -Wno-conversion -Wno-constant-conversion -Wno-int-conversion -Wno-bool-conversion -Wno-enum-conversion -Wno-float-conversion -Wno-non-literal-null-conversion -Wno-objc-literal-conversion -Wshorten-64-to-32 -Wpointer-sign -Wno-newline-eof -Wno-selector -Wno-strict-selector-match -Wno-undeclared-selector -Wno-deprecated-implementations -Wno-implicit-fallthrough -fstrict-aliasing -Wprotocol -Wdeprecated-declarations -Wno-sign-conversion -Wno-infinite-recursion -Wno-comma -Wno-block-capture-autoreleasing -Wno-strict-prototypes -Wno-semicolon-before-method-body -index-store-path /Users/nataliewhipps/Library/Developer/Xcode/DerivedData/Prompt28-cgmmkisguitsyibyvnemfqvywbnv/Index.noindex/DataStore @/Users/nataliewhipps/Library/Developer/Xcode/DerivedData/Prompt28-cgmmkisguitsyibyvnemfqvywbnv/Build/Intermediates.noindex/GoogleSignIn.build/Debug-iphonesimulator/GoogleSignIn.build/Objects-normal/x86_64/e6072d4f65d7061329687fe24e3d63a7-common-args.resp -include /Users/nataliewhipps/Library/Developer/Xcode/DerivedData/Prompt28-cgmmkisguitsyibyvnemfqvywbnv/Build/Intermediates.noindex/GoogleSignIn.build/Debug-iphonesimulator/GoogleSignIn.build/DerivedSources/resource_bundle_accessor.h -MMD -MT dependencies -MF /Users/nataliewhipps/Library/Developer/Xcode/DerivedData/Prompt28-cgmmkisguitsyibyvnemfqvywbnv/Build/Intermediates.noindex/GoogleSignIn.build/Debug-iphonesimulator/GoogleSignIn.build/Objects-normal/x86_64/GIDProfileData.d --serialize-diagnostics /Users/nataliewhipps/Library/Developer/Xcode/DerivedData/Prompt28-cgmmkisguitsyibyvnemfqvywbnv/Build/Intermediates.noindex/GoogleSignIn.build/Debug-iphonesimulator/GoogleSignIn.build/Objects-normal/x86_64/GIDProfileData.dia -c /Users/nataliewhipps/Library/Developer/Xcode/DerivedData/Prompt28-cgmmkisguitsyibyvnemfqvywbnv/SourcePackages/checkouts/GoogleSignIn-iOS/GoogleSignIn/Sources/GIDProfileData.m -o /Users/nataliewhipps/Library/Developer/Xcode/DerivedData/Prompt28-cgmmkisguitsyibyvnemfqvywbnv/Build/Intermediates.noindex/GoogleSignIn.build/Debug-iphonesimulator/GoogleSignIn.build/Objects-normal/x86_64/GIDProfileData.o -index-unit-output-path /GoogleSignIn.build/Debug-iphonesimulator/GoogleSignIn.build/Objects-normal/x86_64/GIDProfileData.o

CompileC /Users/nataliewhipps/Library/Developer/Xcode/DerivedData/Prompt28-cgmmkisguitsyibyvnemfqvywbnv/Build/Intermediates.noindex/GoogleSignIn.build/Debug-iphonesimulator/GoogleSignIn.build/Objects-normal/x86_64/GIDMDMPasscodeState.o /Users/nataliewhipps/Library/Developer/Xcode/DerivedData/Prompt28-cgmmkisguitsyibyvnemfqvywbnv/SourcePackages/checkouts/GoogleSignIn-iOS/GoogleSignIn/Sources/GIDMDMPasscodeState.m normal x86_64 objective-c com.apple.compilers.llvm.clang.1_0.compiler (in target 'GoogleSignIn' from project 'GoogleSignIn')
    cd /Users/nataliewhipps/Desktop/Prompt28/Prompt28.xcodeproj
    
    Using response file: /Users/nataliewhipps/Library/Developer/Xcode/DerivedData/Prompt28-cgmmkisguitsyibyvnemfqvywbnv/Build/Intermediates.noindex/GoogleSignIn.build/Debug-iphonesimulator/GoogleSignIn.build/Objects-normal/x86_64/e6072d4f65d7061329687fe24e3d63a7-common-args.resp
    
    /Applications/Xcode.app/Contents/Developer/Toolchains/XcodeDefault.xctoolchain/usr/bin/clang -x objective-c -ivfsstatcache /Users/nataliewhipps/Library/Developer/Xcode/DerivedData/SDKStatCaches.noindex/iphonesimulator26.2-23C57-7d00a8b37fbd7999ea79df8ebc024bf0.sdkstatcache -fmessage-length\=0 -fdiagnostics-show-note-include-stack -fmacro-backtrace-limit\=0 -fno-color-diagnostics -fmodules-prune-interval\=86400 -fmodules-prune-after\=345600 -fbuild-session-file\=/Users/nataliewhipps/Library/Developer/Xcode/DerivedData/ModuleCache.noindex/Session.modulevalidation -fmodules-validate-once-per-build-session -Wnon-modular-include-in-framework-module -Werror\=non-modular-include-in-framework-module -Wno-trigraphs -Wno-missing-field-initializers -Wno-missing-prototypes -Wno-return-type -Wno-implicit-atomic-properties -Wno-objc-interface-ivars -Wno-arc-repeated-use-of-weak -Wno-missing-braces -Wparentheses -Wswitch -Wno-unused-function -Wno-unused-label -Wno-unused-parameter -Wno-unused-variable -Wunused-value -Wno-empty-body -Wno-uninitialized -Wno-unknown-pragmas -w -Wno-shadow -Wno-four-char-constants -Wno-conversion -Wno-constant-conversion -Wno-int-conversion -Wno-bool-conversion -Wno-enum-conversion -Wno-float-conversion -Wno-non-literal-null-conversion -Wno-objc-literal-conversion -Wshorten-64-to-32 -Wpointer-sign -Wno-newline-eof -Wno-selector -Wno-strict-selector-match -Wno-undeclared-selector -Wno-deprecated-implementations -Wno-implicit-fallthrough -fstrict-aliasing -Wprotocol -Wdeprecated-declarations -Wno-sign-conversion -Wno-infinite-recursion -Wno-comma -Wno-block-capture-autoreleasing -Wno-strict-prototypes -Wno-semicolon-before-method-body -index-store-path /Users/nataliewhipps/Library/Developer/Xcode/DerivedData/Prompt28-cgmmkisguitsyibyvnemfqvywbnv/Index.noindex/DataStore @/Users/nataliewhipps/Library/Developer/Xcode/DerivedData/Prompt28-cgmmkisguitsyibyvnemfqvywbnv/Build/Intermediates.noindex/GoogleSignIn.build/Debug-iphonesimulator/GoogleSignIn.build/Objects-normal/x86_64/e6072d4f65d7061329687fe24e3d63a7-common-args.resp -include /Users/nataliewhipps/Library/Developer/Xcode/DerivedData/Prompt28-cgmmkisguitsyibyvnemfqvywbnv/Build/Intermediates.noindex/GoogleSignIn.build/Debug-iphonesimulator/GoogleSignIn.build/DerivedSources/resource_bundle_accessor.h -MMD -MT dependencies -MF /Users/nataliewhipps/Library/Developer/Xcode/DerivedData/Prompt28-cgmmkisguitsyibyvnemfqvywbnv/Build/Intermediates.noindex/GoogleSignIn.build/Debug-iphonesimulator/GoogleSignIn.build/Objects-normal/x86_64/GIDMDMPasscodeState.d --serialize-diagnostics /Users/nataliewhipps/Library/Developer/Xcode/DerivedData/Prompt28-cgmmkisguitsyibyvnemfqvywbnv/Build/Intermediates.noindex/GoogleSignIn.build/Debug-iphonesimulator/GoogleSignIn.build/Objects-normal/x86_64/GIDMDMPasscodeState.dia -c /Users/nataliewhipps/Library/Developer/Xcode/DerivedData/Prompt28-cgmmkisguitsyibyvnemfqvywbnv/SourcePackages/checkouts/GoogleSignIn-iOS/GoogleSignIn/Sources/GIDMDMPasscodeState.m -o /Users/nataliewhipps/Library/Developer/Xcode/DerivedData/Prompt28-cgmmkisguitsyibyvnemfqvywbnv/Build/Intermediates.noindex/GoogleSignIn.build/Debug-iphonesimulator/GoogleSignIn.build/Objects-normal/x86_64/GIDMDMPasscodeState.o -index-unit-output-path /GoogleSignIn.build/Debug-iphonesimulator/GoogleSignIn.build/Objects-normal/x86_64/GIDMDMPasscodeState.o

PrecompileModule /Users/nataliewhipps/Library/Developer/Xcode/DerivedData/Prompt28-cgmmkisguitsyibyvnemfqvywbnv/Build/Intermediates.noindex/ExplicitPrecompiledModules/UIUtilities-33VP6VS8RCAAR4293NSXF4NKG.scan
    cd /
    builtin-precompileModule /Users/nataliewhipps/Library/Developer/Xcode/DerivedData/Prompt28-cgmmkisguitsyibyvnemfqvywbnv/Build/Intermediates.noindex/ExplicitPrecompiledModules/UIUtilities-33VP6VS8RCAAR4293NSXF4NKG.scan

PrecompileModule /Users/nataliewhipps/Library/Developer/Xcode/DerivedData/Prompt28-cgmmkisguitsyibyvnemfqvywbnv/Build/Intermediates.noindex/ExplicitPrecompiledModules/AppCheckCore-EJFGZJJD0BM4JC9G85GFYDEAS.scan
    cd /
    builtin-precompileModule /Users/nataliewhipps/Library/Developer/Xcode/DerivedData/Prompt28-cgmmkisguitsyibyvnemfqvywbnv/Build/Intermediates.noindex/ExplicitPrecompiledModules/AppCheckCore-EJFGZJJD0BM4JC9G85GFYDEAS.scan

PrecompileModule /Users/nataliewhipps/Library/Developer/Xcode/DerivedData/Prompt28-cgmmkisguitsyibyvnemfqvywbnv/Build/Intermediates.noindex/ExplicitPrecompiledModules/LocalAuthentication-DSUJ101I2PJ4X7NUZBGZ5I0WY.scan
    cd /
    builtin-precompileModule /Users/nataliewhipps/Library/Developer/Xcode/DerivedData/Prompt28-cgmmkisguitsyibyvnemfqvywbnv/Build/Intermediates.noindex/ExplicitPrecompiledModules/LocalAuthentication-DSUJ101I2PJ4X7NUZBGZ5I0WY.scan

PrecompileModule /Users/nataliewhipps/Library/Developer/Xcode/DerivedData/Prompt28-cgmmkisguitsyibyvnemfqvywbnv/Build/Intermediates.noindex/ExplicitPrecompiledModules/Symbols-1MGUS7XC7CT5BA5LO6OO6D7LJ.scan
    cd /
    builtin-precompileModule /Users/nataliewhipps/Library/Developer/Xcode/DerivedData/Prompt28-cgmmkisguitsyibyvnemfqvywbnv/Build/Intermediates.noindex/ExplicitPrecompiledModules/Symbols-1MGUS7XC7CT5BA5LO6OO6D7LJ.scan

PrecompileModule /Users/nataliewhipps/Library/Developer/Xcode/DerivedData/Prompt28-cgmmkisguitsyibyvnemfqvywbnv/Build/Intermediates.noindex/ExplicitPrecompiledModules/AppAuthCore-4QKBM9SWF8EQIVPQDJIZ8IHYD.scan
    cd /
    builtin-precompileModule /Users/nataliewhipps/Library/Developer/Xcode/DerivedData/Prompt28-cgmmkisguitsyibyvnemfqvywbnv/Build/Intermediates.noindex/ExplicitPrecompiledModules/AppAuthCore-4QKBM9SWF8EQIVPQDJIZ8IHYD.scan

PrecompileModule /Users/nataliewhipps/Library/Developer/Xcode/DerivedData/Prompt28-cgmmkisguitsyibyvnemfqvywbnv/Build/Intermediates.noindex/ExplicitPrecompiledModules/FileProvider-225G8W9JMZW9TASBXKGXJB6RO.scan
    cd /
    builtin-precompileModule /Users/nataliewhipps/Library/Developer/Xcode/DerivedData/Prompt28-cgmmkisguitsyibyvnemfqvywbnv/Build/Intermediates.noindex/ExplicitPrecompiledModules/FileProvider-225G8W9JMZW9TASBXKGXJB6RO.scan

PrecompileModule /Users/nataliewhipps/Library/Developer/Xcode/DerivedData/Prompt28-cgmmkisguitsyibyvnemfqvywbnv/Build/Intermediates.noindex/ExplicitPrecompiledModules/OpenGLES-ASFIH58FHMSGTPIDEEW39F7NL.scan
    cd /
    builtin-precompileModule /Users/nataliewhipps/Library/Developer/Xcode/DerivedData/Prompt28-cgmmkisguitsyibyvnemfqvywbnv/Build/Intermediates.noindex/ExplicitPrecompiledModules/OpenGLES-ASFIH58FHMSGTPIDEEW39F7NL.scan

PrecompileModule /Users/nataliewhipps/Library/Developer/Xcode/DerivedData/Prompt28-cgmmkisguitsyibyvnemfqvywbnv/Build/Intermediates.noindex/ExplicitPrecompiledModules/IOSurface-CK1LS4IJBUC55ZBKUYN0K4GB4.scan
    cd /
    builtin-precompileModule /Users/nataliewhipps/Library/Developer/Xcode/DerivedData/Prompt28-cgmmkisguitsyibyvnemfqvywbnv/Build/Intermediates.noindex/ExplicitPrecompiledModules/IOSurface-CK1LS4IJBUC55ZBKUYN0K4GB4.scan

CompileC /Users/nataliewhipps/Library/Developer/Xcode/DerivedData/Prompt28-cgmmkisguitsyibyvnemfqvywbnv/Build/Intermediates.noindex/GoogleSignIn.build/Debug-iphonesimulator/GoogleSignIn.build/Objects-normal/x86_64/GIDAppCheckProviderFake.o /Users/nataliewhipps/Library/Developer/Xcode/DerivedData/Prompt28-cgmmkisguitsyibyvnemfqvywbnv/SourcePackages/checkouts/GoogleSignIn-iOS/GoogleSignIn/Sources/GIDAppCheck/Implementations/Fake/GIDAppCheckProviderFake.m normal x86_64 objective-c com.apple.compilers.llvm.clang.1_0.compiler (in target 'GoogleSignIn' from project 'GoogleSignIn')
    cd /Users/nataliewhipps/Desktop/Prompt28/Prompt28.xcodeproj
    
    Using response file: /Users/nataliewhipps/Library/Developer/Xcode/DerivedData/Prompt28-cgmmkisguitsyibyvnemfqvywbnv/Build/Intermediates.noindex/GoogleSignIn.build/Debug-iphonesimulator/GoogleSignIn.build/Objects-normal/x86_64/e6072d4f65d7061329687fe24e3d63a7-common-args.resp
    
    /Applications/Xcode.app/Contents/Developer/Toolchains/XcodeDefault.xctoolchain/usr/bin/clang -x objective-c -ivfsstatcache /Users/nataliewhipps/Library/Developer/Xcode/DerivedData/SDKStatCaches.noindex/iphonesimulator26.2-23C57-7d00a8b37fbd7999ea79df8ebc024bf0.sdkstatcache -fmessage-length\=0 -fdiagnostics-show-note-include-stack -fmacro-backtrace-limit\=0 -fno-color-diagnostics -fmodules-prune-interval\=86400 -fmodules-prune-after\=345600 -fbuild-session-file\=/Users/nataliewhipps/Library/Developer/Xcode/DerivedData/ModuleCache.noindex/Session.modulevalidation -fmodules-validate-once-per-build-session -Wnon-modular-include-in-framework-module -Werror\=non-modular-include-in-framework-module -Wno-trigraphs -Wno-missing-field-initializers -Wno-missing-prototypes -Wno-return-type -Wno-implicit-atomic-properties -Wno-objc-interface-ivars -Wno-arc-repeated-use-of-weak -Wno-missing-braces -Wparentheses -Wswitch -Wno-unused-function -Wno-unused-label -Wno-unused-parameter -Wno-unused-variable -Wunused-value -Wno-empty-body -Wno-uninitialized -Wno-unknown-pragmas -w -Wno-shadow -Wno-four-char-constants -Wno-conversion -Wno-constant-conversion -Wno-int-conversion -Wno-bool-conversion -Wno-enum-conversion -Wno-float-conversion -Wno-non-literal-null-conversion -Wno-objc-literal-conversion -Wshorten-64-to-32 -Wpointer-sign -Wno-newline-eof -Wno-selector -Wno-strict-selector-match -Wno-undeclared-selector -Wno-deprecated-implementations -Wno-implicit-fallthrough -fstrict-aliasing -Wprotocol -Wdeprecated-declarations -Wno-sign-conversion -Wno-infinite-recursion -Wno-comma -Wno-block-capture-autoreleasing -Wno-strict-prototypes -Wno-semicolon-before-method-body -index-store-path /Users/nataliewhipps/Library/Developer/Xcode/DerivedData/Prompt28-cgmmkisguitsyibyvnemfqvywbnv/Index.noindex/DataStore @/Users/nataliewhipps/Library/Developer/Xcode/DerivedData/Prompt28-cgmmkisguitsyibyvnemfqvywbnv/Build/Intermediates.noindex/GoogleSignIn.build/Debug-iphonesimulator/GoogleSignIn.build/Objects-normal/x86_64/e6072d4f65d7061329687fe24e3d63a7-common-args.resp -include /Users/nataliewhipps/Library/Developer/Xcode/DerivedData/Prompt28-cgmmkisguitsyibyvnemfqvywbnv/Build/Intermediates.noindex/GoogleSignIn.build/Debug-iphonesimulator/GoogleSignIn.build/DerivedSources/resource_bundle_accessor.h -MMD -MT dependencies -MF /Users/nataliewhipps/Library/Developer/Xcode/DerivedData/Prompt28-cgmmkisguitsyibyvnemfqvywbnv/Build/Intermediates.noindex/GoogleSignIn.build/Debug-iphonesimulator/GoogleSignIn.build/Objects-normal/x86_64/GIDAppCheckProviderFake.d --serialize-diagnostics /Users/nataliewhipps/Library/Developer/Xcode/DerivedData/Prompt28-cgmmkisguitsyibyvnemfqvywbnv/Build/Intermediates.noindex/GoogleSignIn.build/Debug-iphonesimulator/GoogleSignIn.build/Objects-normal/x86_64/GIDAppCheckProviderFake.dia -c /Users/nataliewhipps/Library/Developer/Xcode/DerivedData/Prompt28-cgmmkisguitsyibyvnemfqvywbnv/SourcePackages/checkouts/GoogleSignIn-iOS/GoogleSignIn/Sources/GIDAppCheck/Implementations/Fake/GIDAppCheckProviderFake.m -o /Users/nataliewhipps/Library/Developer/Xcode/DerivedData/Prompt28-cgmmkisguitsyibyvnemfqvywbnv/Build/Intermediates.noindex/GoogleSignIn.build/Debug-iphonesimulator/GoogleSignIn.build/Objects-normal/x86_64/GIDAppCheckProviderFake.o -index-unit-output-path /GoogleSignIn.build/Debug-iphonesimulator/GoogleSignIn.build/Objects-normal/x86_64/GIDAppCheckProviderFake.o

SwiftExplicitDependencyGeneratePcm x86_64 /Users/nataliewhipps/Library/Developer/Xcode/DerivedData/ModuleCache.noindex/_Builtin_intrinsics-96JKGQVOSY19O8GGM91P7LG81.pcm

SwiftExplicitDependencyGeneratePcm x86_64 /Users/nataliewhipps/Library/Developer/Xcode/DerivedData/ModuleCache.noindex/_Builtin_inttypes-7EYYUNFSPWXWO4Z8QTS7NBLH2.pcm

PrecompileModule /Users/nataliewhipps/Library/Developer/Xcode/DerivedData/Prompt28-cgmmkisguitsyibyvnemfqvywbnv/Build/Intermediates.noindex/ExplicitPrecompiledModules/UserNotifications-12B3AQ94M85OW7UJZTAAITJQJ.scan
    cd /
    builtin-precompileModule /Users/nataliewhipps/Library/Developer/Xcode/DerivedData/Prompt28-cgmmkisguitsyibyvnemfqvywbnv/Build/Intermediates.noindex/ExplicitPrecompiledModules/UserNotifications-12B3AQ94M85OW7UJZTAAITJQJ.scan

PrecompileModule /Users/nataliewhipps/Library/Developer/Xcode/DerivedData/Prompt28-cgmmkisguitsyibyvnemfqvywbnv/Build/Intermediates.noindex/ExplicitPrecompiledModules/Metal-2QV2XCL3JWJ81S5OSEDCHOBTQ.scan
    cd /
    builtin-precompileModule /Users/nataliewhipps/Library/Developer/Xcode/DerivedData/Prompt28-cgmmkisguitsyibyvnemfqvywbnv/Build/Intermediates.noindex/ExplicitPrecompiledModules/Metal-2QV2XCL3JWJ81S5OSEDCHOBTQ.scan

SwiftExplicitDependencyGeneratePcm x86_64 /Users/nataliewhipps/Library/Developer/Xcode/DerivedData/ModuleCache.noindex/Darwin-1P0XJVICVY3N1NPVSQE8DK5YD.pcm

PrecompileModule /Users/nataliewhipps/Library/Developer/Xcode/DerivedData/Prompt28-cgmmkisguitsyibyvnemfqvywbnv/Build/Intermediates.noindex/ExplicitPrecompiledModules/CoreVideo-E19IA7PDVWHR5SZ6RMVX89ATU.scan
    cd /
    builtin-precompileModule /Users/nataliewhipps/Library/Developer/Xcode/DerivedData/Prompt28-cgmmkisguitsyibyvnemfqvywbnv/Build/Intermediates.noindex/ExplicitPrecompiledModules/CoreVideo-E19IA7PDVWHR5SZ6RMVX89ATU.scan

PrecompileModule /Users/nataliewhipps/Library/Developer/Xcode/DerivedData/Prompt28-cgmmkisguitsyibyvnemfqvywbnv/Build/Intermediates.noindex/ExplicitPrecompiledModules/CoreMedia-DLMT72ZKK5R1QCL3UMAG18T1C.scan
    cd /
    builtin-precompileModule /Users/nataliewhipps/Library/Developer/Xcode/DerivedData/Prompt28-cgmmkisguitsyibyvnemfqvywbnv/Build/Intermediates.noindex/ExplicitPrecompiledModules/CoreMedia-DLMT72ZKK5R1QCL3UMAG18T1C.scan

PrecompileModule /Users/nataliewhipps/Library/Developer/Xcode/DerivedData/Prompt28-cgmmkisguitsyibyvnemfqvywbnv/Build/Intermediates.noindex/ExplicitPrecompiledModules/QuartzCore-2R9FPWB804F8ZAY347A9B4SML.scan
    cd /
    builtin-precompileModule /Users/nataliewhipps/Library/Developer/Xcode/DerivedData/Prompt28-cgmmkisguitsyibyvnemfqvywbnv/Build/Intermediates.noindex/ExplicitPrecompiledModules/QuartzCore-2R9FPWB804F8ZAY347A9B4SML.scan

PrecompileModule /Users/nataliewhipps/Library/Developer/Xcode/DerivedData/Prompt28-cgmmkisguitsyibyvnemfqvywbnv/Build/Intermediates.noindex/ExplicitPrecompiledModules/CoreImage-29S13F3G4CZEVBS2QFC1FZXZ4.scan
    cd /
    builtin-precompileModule /Users/nataliewhipps/Library/Developer/Xcode/DerivedData/Prompt28-cgmmkisguitsyibyvnemfqvywbnv/Build/Intermediates.noindex/ExplicitPrecompiledModules/CoreImage-29S13F3G4CZEVBS2QFC1FZXZ4.scan

PrecompileModule /Users/nataliewhipps/Library/Developer/Xcode/DerivedData/Prompt28-cgmmkisguitsyibyvnemfqvywbnv/Build/Intermediates.noindex/ExplicitPrecompiledModules/UIKit-DORI7KBVNKXV1928DC34APEMG.scan
    cd /
    builtin-precompileModule /Users/nataliewhipps/Library/Developer/Xcode/DerivedData/Prompt28-cgmmkisguitsyibyvnemfqvywbnv/Build/Intermediates.noindex/ExplicitPrecompiledModules/UIKit-DORI7KBVNKXV1928DC34APEMG.scan

SwiftExplicitDependencyGeneratePcm x86_64 /Users/nataliewhipps/Library/Developer/Xcode/DerivedData/ModuleCache.noindex/ObjectiveC-AQITLFQL9M34IC2HTB59DYSPN.pcm

SwiftExplicitDependencyGeneratePcm x86_64 /Users/nataliewhipps/Library/Developer/Xcode/DerivedData/ModuleCache.noindex/MachO-B78Q8G3VBJEUG15BF2NAZXFMA.pcm

SwiftExplicitDependencyGeneratePcm x86_64 /Users/nataliewhipps/Library/Developer/Xcode/DerivedData/ModuleCache.noindex/os_object-6HSIFD2QALBI66HROLDATMFQZ.pcm

SwiftExplicitDependencyGeneratePcm x86_64 /Users/nataliewhipps/Library/Developer/Xcode/DerivedData/ModuleCache.noindex/os_workgroup-EDSETCIOHR567AO0RKNHQ0WJW.pcm

SwiftExplicitDependencyGeneratePcm x86_64 /Users/nataliewhipps/Library/Developer/Xcode/DerivedData/ModuleCache.noindex/simd-8A11BICOAO4W12UKVBXICYJHJ.pcm

SwiftExplicitDependencyGeneratePcm x86_64 /Users/nataliewhipps/Library/Developer/Xcode/DerivedData/ModuleCache.noindex/Dispatch-CMGQKZVJRE33ET2WAIK3NJMI6.pcm

SwiftExplicitDependencyGeneratePcm x86_64 /Users/nataliewhipps/Library/Developer/Xcode/DerivedData/ModuleCache.noindex/XPC-ETJ7AH8K2636CWNIVH8E7UJ4X.pcm

SwiftExplicitDependencyGeneratePcm x86_64 /Users/nataliewhipps/Library/Developer/Xcode/DerivedData/ModuleCache.noindex/CoreFoundation-8V1RHIHO1S01OXL15P1X3898V.pcm

SwiftExplicitDependencyGeneratePcm x86_64 /Users/nataliewhipps/Library/Developer/Xcode/DerivedData/ModuleCache.noindex/os-3XXGR1FC6J18CDI0A00YHCF5Y.pcm

SwiftExplicitDependencyGeneratePcm x86_64 /Users/nataliewhipps/Library/Developer/Xcode/DerivedData/ModuleCache.noindex/CoreGraphics-P9BHG9NZ5NBYPN2HAB6CA7LC.pcm

SwiftExplicitDependencyGeneratePcm x86_64 /Users/nataliewhipps/Library/Developer/Xcode/DerivedData/ModuleCache.noindex/CFNetwork-8O07OCMK2BF9P98OPDASDTJMO.pcm

SwiftExplicitDependencyGeneratePcm x86_64 /Users/nataliewhipps/Library/Developer/Xcode/DerivedData/ModuleCache.noindex/Security-A2J9E1B22CNO8H7402UROQ0C3.pcm

CompileC /Users/nataliewhipps/Library/Developer/Xcode/DerivedData/Prompt28-cgmmkisguitsyibyvnemfqvywbnv/Build/Intermediates.noindex/GoogleSignIn.build/Debug-iphonesimulator/GoogleSignIn.build/Objects-normal/x86_64/GIDTimedLoader.o /Users/nataliewhipps/Library/Developer/Xcode/DerivedData/Prompt28-cgmmkisguitsyibyvnemfqvywbnv/SourcePackages/checkouts/GoogleSignIn-iOS/GoogleSignIn/Sources/GIDTimedLoader/GIDTimedLoader.m normal x86_64 objective-c com.apple.compilers.llvm.clang.1_0.compiler (in target 'GoogleSignIn' from project 'GoogleSignIn')
    cd /Users/nataliewhipps/Desktop/Prompt28/Prompt28.xcodeproj
    
    Using response file: /Users/nataliewhipps/Library/Developer/Xcode/DerivedData/Prompt28-cgmmkisguitsyibyvnemfqvywbnv/Build/Intermediates.noindex/GoogleSignIn.build/Debug-iphonesimulator/GoogleSignIn.build/Objects-normal/x86_64/e6072d4f65d7061329687fe24e3d63a7-common-args.resp
    
    /Applications/Xcode.app/Contents/Developer/Toolchains/XcodeDefault.xctoolchain/usr/bin/clang -x objective-c -ivfsstatcache /Users/nataliewhipps/Library/Developer/Xcode/DerivedData/SDKStatCaches.noindex/iphonesimulator26.2-23C57-7d00a8b37fbd7999ea79df8ebc024bf0.sdkstatcache -fmessage-length\=0 -fdiagnostics-show-note-include-stack -fmacro-backtrace-limit\=0 -fno-color-diagnostics -fmodules-prune-interval\=86400 -fmodules-prune-after\=345600 -fbuild-session-file\=/Users/nataliewhipps/Library/Developer/Xcode/DerivedData/ModuleCache.noindex/Session.modulevalidation -fmodules-validate-once-per-build-session -Wnon-modular-include-in-framework-module -Werror\=non-modular-include-in-framework-module -Wno-trigraphs -Wno-missing-field-initializers -Wno-missing-prototypes -Wno-return-type -Wno-implicit-atomic-properties -Wno-objc-interface-ivars -Wno-arc-repeated-use-of-weak -Wno-missing-braces -Wparentheses -Wswitch -Wno-unused-function -Wno-unused-label -Wno-unused-parameter -Wno-unused-variable -Wunused-value -Wno-empty-body -Wno-uninitialized -Wno-unknown-pragmas -w -Wno-shadow -Wno-four-char-constants -Wno-conversion -Wno-constant-conversion -Wno-int-conversion -Wno-bool-conversion -Wno-enum-conversion -Wno-float-conversion -Wno-non-literal-null-conversion -Wno-objc-literal-conversion -Wshorten-64-to-32 -Wpointer-sign -Wno-newline-eof -Wno-selector -Wno-strict-selector-match -Wno-undeclared-selector -Wno-deprecated-implementations -Wno-implicit-fallthrough -fstrict-aliasing -Wprotocol -Wdeprecated-declarations -Wno-sign-conversion -Wno-infinite-recursion -Wno-comma -Wno-block-capture-autoreleasing -Wno-strict-prototypes -Wno-semicolon-before-method-body -index-store-path /Users/nataliewhipps/Library/Developer/Xcode/DerivedData/Prompt28-cgmmkisguitsyibyvnemfqvywbnv/Index.noindex/DataStore @/Users/nataliewhipps/Library/Developer/Xcode/DerivedData/Prompt28-cgmmkisguitsyibyvnemfqvywbnv/Build/Intermediates.noindex/GoogleSignIn.build/Debug-iphonesimulator/GoogleSignIn.build/Objects-normal/x86_64/e6072d4f65d7061329687fe24e3d63a7-common-args.resp -include /Users/nataliewhipps/Library/Developer/Xcode/DerivedData/Prompt28-cgmmkisguitsyibyvnemfqvywbnv/Build/Intermediates.noindex/GoogleSignIn.build/Debug-iphonesimulator/GoogleSignIn.build/DerivedSources/resource_bundle_accessor.h -MMD -MT dependencies -MF /Users/nataliewhipps/Library/Developer/Xcode/DerivedData/Prompt28-cgmmkisguitsyibyvnemfqvywbnv/Build/Intermediates.noindex/GoogleSignIn.build/Debug-iphonesimulator/GoogleSignIn.build/Objects-normal/x86_64/GIDTimedLoader.d --serialize-diagnostics /Users/nataliewhipps/Library/Developer/Xcode/DerivedData/Prompt28-cgmmkisguitsyibyvnemfqvywbnv/Build/Intermediates.noindex/GoogleSignIn.build/Debug-iphonesimulator/GoogleSignIn.build/Objects-normal/x86_64/GIDTimedLoader.dia -c /Users/nataliewhipps/Library/Developer/Xcode/DerivedData/Prompt28-cgmmkisguitsyibyvnemfqvywbnv/SourcePackages/checkouts/GoogleSignIn-iOS/GoogleSignIn/Sources/GIDTimedLoader/GIDTimedLoader.m -o /Users/nataliewhipps/Library/Developer/Xcode/DerivedData/Prompt28-cgmmkisguitsyibyvnemfqvywbnv/Build/Intermediates.noindex/GoogleSignIn.build/Debug-iphonesimulator/GoogleSignIn.build/Objects-normal/x86_64/GIDTimedLoader.o -index-unit-output-path /GoogleSignIn.build/Debug-iphonesimulator/GoogleSignIn.build/Objects-normal/x86_64/GIDTimedLoader.o

CompileC /Users/nataliewhipps/Library/Developer/Xcode/DerivedData/Prompt28-cgmmkisguitsyibyvnemfqvywbnv/Build/Intermediates.noindex/GoogleSignIn.build/Debug-iphonesimulator/GoogleSignIn.build/Objects-normal/x86_64/GIDFakeJSONSerializerImpl.o /Users/nataliewhipps/Library/Developer/Xcode/DerivedData/Prompt28-cgmmkisguitsyibyvnemfqvywbnv/SourcePackages/checkouts/GoogleSignIn-iOS/GoogleSignIn/Sources/GIDJSONSerializer/Fake/GIDFakeJSONSerializerImpl.m normal x86_64 objective-c com.apple.compilers.llvm.clang.1_0.compiler (in target 'GoogleSignIn' from project 'GoogleSignIn')
    cd /Users/nataliewhipps/Desktop/Prompt28/Prompt28.xcodeproj
    
    Using response file: /Users/nataliewhipps/Library/Developer/Xcode/DerivedData/Prompt28-cgmmkisguitsyibyvnemfqvywbnv/Build/Intermediates.noindex/GoogleSignIn.build/Debug-iphonesimulator/GoogleSignIn.build/Objects-normal/x86_64/e6072d4f65d7061329687fe24e3d63a7-common-args.resp
    
    /Applications/Xcode.app/Contents/Developer/Toolchains/XcodeDefault.xctoolchain/usr/bin/clang -x objective-c -ivfsstatcache /Users/nataliewhipps/Library/Developer/Xcode/DerivedData/SDKStatCaches.noindex/iphonesimulator26.2-23C57-7d00a8b37fbd7999ea79df8ebc024bf0.sdkstatcache -fmessage-length\=0 -fdiagnostics-show-note-include-stack -fmacro-backtrace-limit\=0 -fno-color-diagnostics -fmodules-prune-interval\=86400 -fmodules-prune-after\=345600 -fbuild-session-file\=/Users/nataliewhipps/Library/Developer/Xcode/DerivedData/ModuleCache.noindex/Session.modulevalidation -fmodules-validate-once-per-build-session -Wnon-modular-include-in-framework-module -Werror\=non-modular-include-in-framework-module -Wno-trigraphs -Wno-missing-field-initializers -Wno-missing-prototypes -Wno-return-type -Wno-implicit-atomic-properties -Wno-objc-interface-ivars -Wno-arc-repeated-use-of-weak -Wno-missing-braces -Wparentheses -Wswitch -Wno-unused-function -Wno-unused-label -Wno-unused-parameter -Wno-unused-variable -Wunused-value -Wno-empty-body -Wno-uninitialized -Wno-unknown-pragmas -w -Wno-shadow -Wno-four-char-constants -Wno-conversion -Wno-constant-conversion -Wno-int-conversion -Wno-bool-conversion -Wno-enum-conversion -Wno-float-conversion -Wno-non-literal-null-conversion -Wno-objc-literal-conversion -Wshorten-64-to-32 -Wpointer-sign -Wno-newline-eof -Wno-selector -Wno-strict-selector-match -Wno-undeclared-selector -Wno-deprecated-implementations -Wno-implicit-fallthrough -fstrict-aliasing -Wprotocol -Wdeprecated-declarations -Wno-sign-conversion -Wno-infinite-recursion -Wno-comma -Wno-block-capture-autoreleasing -Wno-strict-prototypes -Wno-semicolon-before-method-body -index-store-path /Users/nataliewhipps/Library/Developer/Xcode/DerivedData/Prompt28-cgmmkisguitsyibyvnemfqvywbnv/Index.noindex/DataStore @/Users/nataliewhipps/Library/Developer/Xcode/DerivedData/Prompt28-cgmmkisguitsyibyvnemfqvywbnv/Build/Intermediates.noindex/GoogleSignIn.build/Debug-iphonesimulator/GoogleSignIn.build/Objects-normal/x86_64/e6072d4f65d7061329687fe24e3d63a7-common-args.resp -include /Users/nataliewhipps/Library/Developer/Xcode/DerivedData/Prompt28-cgmmkisguitsyibyvnemfqvywbnv/Build/Intermediates.noindex/GoogleSignIn.build/Debug-iphonesimulator/GoogleSignIn.build/DerivedSources/resource_bundle_accessor.h -MMD -MT dependencies -MF /Users/nataliewhipps/Library/Developer/Xcode/DerivedData/Prompt28-cgmmkisguitsyibyvnemfqvywbnv/Build/Intermediates.noindex/GoogleSignIn.build/Debug-iphonesimulator/GoogleSignIn.build/Objects-normal/x86_64/GIDFakeJSONSerializerImpl.d --serialize-diagnostics /Users/nataliewhipps/Library/Developer/Xcode/DerivedData/Prompt28-cgmmkisguitsyibyvnemfqvywbnv/Build/Intermediates.noindex/GoogleSignIn.build/Debug-iphonesimulator/GoogleSignIn.build/Objects-normal/x86_64/GIDFakeJSONSerializerImpl.dia -c /Users/nataliewhipps/Library/Developer/Xcode/DerivedData/Prompt28-cgmmkisguitsyibyvnemfqvywbnv/SourcePackages/checkouts/GoogleSignIn-iOS/GoogleSignIn/Sources/GIDJSONSerializer/Fake/GIDFakeJSONSerializerImpl.m -o /Users/nataliewhipps/Library/Developer/Xcode/DerivedData/Prompt28-cgmmkisguitsyibyvnemfqvywbnv/Build/Intermediates.noindex/GoogleSignIn.build/Debug-iphonesimulator/GoogleSignIn.build/Objects-normal/x86_64/GIDFakeJSONSerializerImpl.o -index-unit-output-path /GoogleSignIn.build/Debug-iphonesimulator/GoogleSignIn.build/Objects-normal/x86_64/GIDFakeJSONSerializerImpl.o

CompileC /Users/nataliewhipps/Library/Developer/Xcode/DerivedData/Prompt28-cgmmkisguitsyibyvnemfqvywbnv/Build/Intermediates.noindex/GoogleSignIn.build/Debug-iphonesimulator/GoogleSignIn.build/Objects-normal/x86_64/GIDMDMPasscodeCache.o /Users/nataliewhipps/Library/Developer/Xcode/DerivedData/Prompt28-cgmmkisguitsyibyvnemfqvywbnv/SourcePackages/checkouts/GoogleSignIn-iOS/GoogleSignIn/Sources/GIDMDMPasscodeCache.m normal x86_64 objective-c com.apple.compilers.llvm.clang.1_0.compiler (in target 'GoogleSignIn' from project 'GoogleSignIn')
    cd /Users/nataliewhipps/Desktop/Prompt28/Prompt28.xcodeproj
    
    Using response file: /Users/nataliewhipps/Library/Developer/Xcode/DerivedData/Prompt28-cgmmkisguitsyibyvnemfqvywbnv/Build/Intermediates.noindex/GoogleSignIn.build/Debug-iphonesimulator/GoogleSignIn.build/Objects-normal/x86_64/e6072d4f65d7061329687fe24e3d63a7-common-args.resp
    
    /Applications/Xcode.app/Contents/Developer/Toolchains/XcodeDefault.xctoolchain/usr/bin/clang -x objective-c -ivfsstatcache /Users/nataliewhipps/Library/Developer/Xcode/DerivedData/SDKStatCaches.noindex/iphonesimulator26.2-23C57-7d00a8b37fbd7999ea79df8ebc024bf0.sdkstatcache -fmessage-length\=0 -fdiagnostics-show-note-include-stack -fmacro-backtrace-limit\=0 -fno-color-diagnostics -fmodules-prune-interval\=86400 -fmodules-prune-after\=345600 -fbuild-session-file\=/Users/nataliewhipps/Library/Developer/Xcode/DerivedData/ModuleCache.noindex/Session.modulevalidation -fmodules-validate-once-per-build-session -Wnon-modular-include-in-framework-module -Werror\=non-modular-include-in-framework-module -Wno-trigraphs -Wno-missing-field-initializers -Wno-missing-prototypes -Wno-return-type -Wno-implicit-atomic-properties -Wno-objc-interface-ivars -Wno-arc-repeated-use-of-weak -Wno-missing-braces -Wparentheses -Wswitch -Wno-unused-function -Wno-unused-label -Wno-unused-parameter -Wno-unused-variable -Wunused-value -Wno-empty-body -Wno-uninitialized -Wno-unknown-pragmas -w -Wno-shadow -Wno-four-char-constants -Wno-conversion -Wno-constant-conversion -Wno-int-conversion -Wno-bool-conversion -Wno-enum-conversion -Wno-float-conversion -Wno-non-literal-null-conversion -Wno-objc-literal-conversion -Wshorten-64-to-32 -Wpointer-sign -Wno-newline-eof -Wno-selector -Wno-strict-selector-match -Wno-undeclared-selector -Wno-deprecated-implementations -Wno-implicit-fallthrough -fstrict-aliasing -Wprotocol -Wdeprecated-declarations -Wno-sign-conversion -Wno-infinite-recursion -Wno-comma -Wno-block-capture-autoreleasing -Wno-strict-prototypes -Wno-semicolon-before-method-body -index-store-path /Users/nataliewhipps/Library/Developer/Xcode/DerivedData/Prompt28-cgmmkisguitsyibyvnemfqvywbnv/Index.noindex/DataStore @/Users/nataliewhipps/Library/Developer/Xcode/DerivedData/Prompt28-cgmmkisguitsyibyvnemfqvywbnv/Build/Intermediates.noindex/GoogleSignIn.build/Debug-iphonesimulator/GoogleSignIn.build/Objects-normal/x86_64/e6072d4f65d7061329687fe24e3d63a7-common-args.resp -include /Users/nataliewhipps/Library/Developer/Xcode/DerivedData/Prompt28-cgmmkisguitsyibyvnemfqvywbnv/Build/Intermediates.noindex/GoogleSignIn.build/Debug-iphonesimulator/GoogleSignIn.build/DerivedSources/resource_bundle_accessor.h -MMD -MT dependencies -MF /Users/nataliewhipps/Library/Developer/Xcode/DerivedData/Prompt28-cgmmkisguitsyibyvnemfqvywbnv/Build/Intermediates.noindex/GoogleSignIn.build/Debug-iphonesimulator/GoogleSignIn.build/Objects-normal/x86_64/GIDMDMPasscodeCache.d --serialize-diagnostics /Users/nataliewhipps/Library/Developer/Xcode/DerivedData/Prompt28-cgmmkisguitsyibyvnemfqvywbnv/Build/Intermediates.noindex/GoogleSignIn.build/Debug-iphonesimulator/GoogleSignIn.build/Objects-normal/x86_64/GIDMDMPasscodeCache.dia -c /Users/nataliewhipps/Library/Developer/Xcode/DerivedData/Prompt28-cgmmkisguitsyibyvnemfqvywbnv/SourcePackages/checkouts/GoogleSignIn-iOS/GoogleSignIn/Sources/GIDMDMPasscodeCache.m -o /Users/nataliewhipps/Library/Developer/Xcode/DerivedData/Prompt28-cgmmkisguitsyibyvnemfqvywbnv/Build/Intermediates.noindex/GoogleSignIn.build/Debug-iphonesimulator/GoogleSignIn.build/Objects-normal/x86_64/GIDMDMPasscodeCache.o -index-unit-output-path /GoogleSignIn.build/Debug-iphonesimulator/GoogleSignIn.build/Objects-normal/x86_64/GIDMDMPasscodeCache.o

CompileC /Users/nataliewhipps/Library/Developer/Xcode/DerivedData/Prompt28-cgmmkisguitsyibyvnemfqvywbnv/Build/Intermediates.noindex/GoogleSignIn.build/Debug-iphonesimulator/GoogleSignIn.build/Objects-normal/x86_64/GIDSignInButton.o /Users/nataliewhipps/Library/Developer/Xcode/DerivedData/Prompt28-cgmmkisguitsyibyvnemfqvywbnv/SourcePackages/checkouts/GoogleSignIn-iOS/GoogleSignIn/Sources/GIDSignInButton.m normal x86_64 objective-c com.apple.compilers.llvm.clang.1_0.compiler (in target 'GoogleSignIn' from project 'GoogleSignIn')
    cd /Users/nataliewhipps/Desktop/Prompt28/Prompt28.xcodeproj
    
    Using response file: /Users/nataliewhipps/Library/Developer/Xcode/DerivedData/Prompt28-cgmmkisguitsyibyvnemfqvywbnv/Build/Intermediates.noindex/GoogleSignIn.build/Debug-iphonesimulator/GoogleSignIn.build/Objects-normal/x86_64/e6072d4f65d7061329687fe24e3d63a7-common-args.resp
    
    /Applications/Xcode.app/Contents/Developer/Toolchains/XcodeDefault.xctoolchain/usr/bin/clang -x objective-c -ivfsstatcache /Users/nataliewhipps/Library/Developer/Xcode/DerivedData/SDKStatCaches.noindex/iphonesimulator26.2-23C57-7d00a8b37fbd7999ea79df8ebc024bf0.sdkstatcache -fmessage-length\=0 -fdiagnostics-show-note-include-stack -fmacro-backtrace-limit\=0 -fno-color-diagnostics -fmodules-prune-interval\=86400 -fmodules-prune-after\=345600 -fbuild-session-file\=/Users/nataliewhipps/Library/Developer/Xcode/DerivedData/ModuleCache.noindex/Session.modulevalidation -fmodules-validate-once-per-build-session -Wnon-modular-include-in-framework-module -Werror\=non-modular-include-in-framework-module -Wno-trigraphs -Wno-missing-field-initializers -Wno-missing-prototypes -Wno-return-type -Wno-implicit-atomic-properties -Wno-objc-interface-ivars -Wno-arc-repeated-use-of-weak -Wno-missing-braces -Wparentheses -Wswitch -Wno-unused-function -Wno-unused-label -Wno-unused-parameter -Wno-unused-variable -Wunused-value -Wno-empty-body -Wno-uninitialized -Wno-unknown-pragmas -w -Wno-shadow -Wno-four-char-constants -Wno-conversion -Wno-constant-conversion -Wno-int-conversion -Wno-bool-conversion -Wno-enum-conversion -Wno-float-conversion -Wno-non-literal-null-conversion -Wno-objc-literal-conversion -Wshorten-64-to-32 -Wpointer-sign -Wno-newline-eof -Wno-selector -Wno-strict-selector-match -Wno-undeclared-selector -Wno-deprecated-implementations -Wno-implicit-fallthrough -fstrict-aliasing -Wprotocol -Wdeprecated-declarations -Wno-sign-conversion -Wno-infinite-recursion -Wno-comma -Wno-block-capture-autoreleasing -Wno-strict-prototypes -Wno-semicolon-before-method-body -index-store-path /Users/nataliewhipps/Library/Developer/Xcode/DerivedData/Prompt28-cgmmkisguitsyibyvnemfqvywbnv/Index.noindex/DataStore @/Users/nataliewhipps/Library/Developer/Xcode/DerivedData/Prompt28-cgmmkisguitsyibyvnemfqvywbnv/Build/Intermediates.noindex/GoogleSignIn.build/Debug-iphonesimulator/GoogleSignIn.build/Objects-normal/x86_64/e6072d4f65d7061329687fe24e3d63a7-common-args.resp -include /Users/nataliewhipps/Library/Developer/Xcode/DerivedData/Prompt28-cgmmkisguitsyibyvnemfqvywbnv/Build/Intermediates.noindex/GoogleSignIn.build/Debug-iphonesimulator/GoogleSignIn.build/DerivedSources/resource_bundle_accessor.h -MMD -MT dependencies -MF /Users/nataliewhipps/Library/Developer/Xcode/DerivedData/Prompt28-cgmmkisguitsyibyvnemfqvywbnv/Build/Intermediates.noindex/GoogleSignIn.build/Debug-iphonesimulator/GoogleSignIn.build/Objects-normal/x86_64/GIDSignInButton.d --serialize-diagnostics /Users/nataliewhipps/Library/Developer/Xcode/DerivedData/Prompt28-cgmmkisguitsyibyvnemfqvywbnv/Build/Intermediates.noindex/GoogleSignIn.build/Debug-iphonesimulator/GoogleSignIn.build/Objects-normal/x86_64/GIDSignInButton.dia -c /Users/nataliewhipps/Library/Developer/Xcode/DerivedData/Prompt28-cgmmkisguitsyibyvnemfqvywbnv/SourcePackages/checkouts/GoogleSignIn-iOS/GoogleSignIn/Sources/GIDSignInButton.m -o /Users/nataliewhipps/Library/Developer/Xcode/DerivedData/Prompt28-cgmmkisguitsyibyvnemfqvywbnv/Build/Intermediates.noindex/GoogleSignIn.build/Debug-iphonesimulator/GoogleSignIn.build/Objects-normal/x86_64/GIDSignInButton.o -index-unit-output-path /GoogleSignIn.build/Debug-iphonesimulator/GoogleSignIn.build/Objects-normal/x86_64/GIDSignInButton.o

CompileC /Users/nataliewhipps/Library/Developer/Xcode/DerivedData/Prompt28-cgmmkisguitsyibyvnemfqvywbnv/Build/Intermediates.noindex/GoogleSignIn.build/Debug-iphonesimulator/GoogleSignIn.build/Objects-normal/x86_64/NSBundle+GID3PAdditions.o /Users/nataliewhipps/Library/Developer/Xcode/DerivedData/Prompt28-cgmmkisguitsyibyvnemfqvywbnv/SourcePackages/checkouts/GoogleSignIn-iOS/GoogleSignIn/Sources/NSBundle+GID3PAdditions.m normal x86_64 objective-c com.apple.compilers.llvm.clang.1_0.compiler (in target 'GoogleSignIn' from project 'GoogleSignIn')
    cd /Users/nataliewhipps/Desktop/Prompt28/Prompt28.xcodeproj
    
    Using response file: /Users/nataliewhipps/Library/Developer/Xcode/DerivedData/Prompt28-cgmmkisguitsyibyvnemfqvywbnv/Build/Intermediates.noindex/GoogleSignIn.build/Debug-iphonesimulator/GoogleSignIn.build/Objects-normal/x86_64/e6072d4f65d7061329687fe24e3d63a7-common-args.resp
    
    /Applications/Xcode.app/Contents/Developer/Toolchains/XcodeDefault.xctoolchain/usr/bin/clang -x objective-c -ivfsstatcache /Users/nataliewhipps/Library/Developer/Xcode/DerivedData/SDKStatCaches.noindex/iphonesimulator26.2-23C57-7d00a8b37fbd7999ea79df8ebc024bf0.sdkstatcache -fmessage-length\=0 -fdiagnostics-show-note-include-stack -fmacro-backtrace-limit\=0 -fno-color-diagnostics -fmodules-prune-interval\=86400 -fmodules-prune-after\=345600 -fbuild-session-file\=/Users/nataliewhipps/Library/Developer/Xcode/DerivedData/ModuleCache.noindex/Session.modulevalidation -fmodules-validate-once-per-build-session -Wnon-modular-include-in-framework-module -Werror\=non-modular-include-in-framework-module -Wno-trigraphs -Wno-missing-field-initializers -Wno-missing-prototypes -Wno-return-type -Wno-implicit-atomic-properties -Wno-objc-interface-ivars -Wno-arc-repeated-use-of-weak -Wno-missing-braces -Wparentheses -Wswitch -Wno-unused-function -Wno-unused-label -Wno-unused-parameter -Wno-unused-variable -Wunused-value -Wno-empty-body -Wno-uninitialized -Wno-unknown-pragmas -w -Wno-shadow -Wno-four-char-constants -Wno-conversion -Wno-constant-conversion -Wno-int-conversion -Wno-bool-conversion -Wno-enum-conversion -Wno-float-conversion -Wno-non-literal-null-conversion -Wno-objc-literal-conversion -Wshorten-64-to-32 -Wpointer-sign -Wno-newline-eof -Wno-selector -Wno-strict-selector-match -Wno-undeclared-selector -Wno-deprecated-implementations -Wno-implicit-fallthrough -fstrict-aliasing -Wprotocol -Wdeprecated-declarations -Wno-sign-conversion -Wno-infinite-recursion -Wno-comma -Wno-block-capture-autoreleasing -Wno-strict-prototypes -Wno-semicolon-before-method-body -index-store-path /Users/nataliewhipps/Library/Developer/Xcode/DerivedData/Prompt28-cgmmkisguitsyibyvnemfqvywbnv/Index.noindex/DataStore @/Users/nataliewhipps/Library/Developer/Xcode/DerivedData/Prompt28-cgmmkisguitsyibyvnemfqvywbnv/Build/Intermediates.noindex/GoogleSignIn.build/Debug-iphonesimulator/GoogleSignIn.build/Objects-normal/x86_64/e6072d4f65d7061329687fe24e3d63a7-common-args.resp -include /Users/nataliewhipps/Library/Developer/Xcode/DerivedData/Prompt28-cgmmkisguitsyibyvnemfqvywbnv/Build/Intermediates.noindex/GoogleSignIn.build/Debug-iphonesimulator/GoogleSignIn.build/DerivedSources/resource_bundle_accessor.h -MMD -MT dependencies -MF /Users/nataliewhipps/Library/Developer/Xcode/DerivedData/Prompt28-cgmmkisguitsyibyvnemfqvywbnv/Build/Intermediates.noindex/GoogleSignIn.build/Debug-iphonesimulator/GoogleSignIn.build/Objects-normal/x86_64/NSBundle+GID3PAdditions.d --serialize-diagnostics /Users/nataliewhipps/Library/Developer/Xcode/DerivedData/Prompt28-cgmmkisguitsyibyvnemfqvywbnv/Build/Intermediates.noindex/GoogleSignIn.build/Debug-iphonesimulator/GoogleSignIn.build/Objects-normal/x86_64/NSBundle+GID3PAdditions.dia -c /Users/nataliewhipps/Library/Developer/Xcode/DerivedData/Prompt28-cgmmkisguitsyibyvnemfqvywbnv/SourcePackages/checkouts/GoogleSignIn-iOS/GoogleSignIn/Sources/NSBundle+GID3PAdditions.m -o /Users/nataliewhipps/Library/Developer/Xcode/DerivedData/Prompt28-cgmmkisguitsyibyvnemfqvywbnv/Build/Intermediates.noindex/GoogleSignIn.build/Debug-iphonesimulator/GoogleSignIn.build/Objects-normal/x86_64/NSBundle+GID3PAdditions.o -index-unit-output-path /GoogleSignIn.build/Debug-iphonesimulator/GoogleSignIn.build/Objects-normal/x86_64/NSBundle+GID3PAdditions.o

CompileC /Users/nataliewhipps/Library/Developer/Xcode/DerivedData/Prompt28-cgmmkisguitsyibyvnemfqvywbnv/Build/Intermediates.noindex/GoogleSignIn.build/Debug-iphonesimulator/GoogleSignIn.build/Objects-normal/x86_64/GIDSignInInternalOptions.o /Users/nataliewhipps/Library/Developer/Xcode/DerivedData/Prompt28-cgmmkisguitsyibyvnemfqvywbnv/SourcePackages/checkouts/GoogleSignIn-iOS/GoogleSignIn/Sources/GIDSignInInternalOptions.m normal x86_64 objective-c com.apple.compilers.llvm.clang.1_0.compiler (in target 'GoogleSignIn' from project 'GoogleSignIn')
    cd /Users/nataliewhipps/Desktop/Prompt28/Prompt28.xcodeproj
    
    Using response file: /Users/nataliewhipps/Library/Developer/Xcode/DerivedData/Prompt28-cgmmkisguitsyibyvnemfqvywbnv/Build/Intermediates.noindex/GoogleSignIn.build/Debug-iphonesimulator/GoogleSignIn.build/Objects-normal/x86_64/e6072d4f65d7061329687fe24e3d63a7-common-args.resp
    
    /Applications/Xcode.app/Contents/Developer/Toolchains/XcodeDefault.xctoolchain/usr/bin/clang -x objective-c -ivfsstatcache /Users/nataliewhipps/Library/Developer/Xcode/DerivedData/SDKStatCaches.noindex/iphonesimulator26.2-23C57-7d00a8b37fbd7999ea79df8ebc024bf0.sdkstatcache -fmessage-length\=0 -fdiagnostics-show-note-include-stack -fmacro-backtrace-limit\=0 -fno-color-diagnostics -fmodules-prune-interval\=86400 -fmodules-prune-after\=345600 -fbuild-session-file\=/Users/nataliewhipps/Library/Developer/Xcode/DerivedData/ModuleCache.noindex/Session.modulevalidation -fmodules-validate-once-per-build-session -Wnon-modular-include-in-framework-module -Werror\=non-modular-include-in-framework-module -Wno-trigraphs -Wno-missing-field-initializers -Wno-missing-prototypes -Wno-return-type -Wno-implicit-atomic-properties -Wno-objc-interface-ivars -Wno-arc-repeated-use-of-weak -Wno-missing-braces -Wparentheses -Wswitch -Wno-unused-function -Wno-unused-label -Wno-unused-parameter -Wno-unused-variable -Wunused-value -Wno-empty-body -Wno-uninitialized -Wno-unknown-pragmas -w -Wno-shadow -Wno-four-char-constants -Wno-conversion -Wno-constant-conversion -Wno-int-conversion -Wno-bool-conversion -Wno-enum-conversion -Wno-float-conversion -Wno-non-literal-null-conversion -Wno-objc-literal-conversion -Wshorten-64-to-32 -Wpointer-sign -Wno-newline-eof -Wno-selector -Wno-strict-selector-match -Wno-undeclared-selector -Wno-deprecated-implementations -Wno-implicit-fallthrough -fstrict-aliasing -Wprotocol -Wdeprecated-declarations -Wno-sign-conversion -Wno-infinite-recursion -Wno-comma -Wno-block-capture-autoreleasing -Wno-strict-prototypes -Wno-semicolon-before-method-body -index-store-path /Users/nataliewhipps/Library/Developer/Xcode/DerivedData/Prompt28-cgmmkisguitsyibyvnemfqvywbnv/Index.noindex/DataStore @/Users/nataliewhipps/Library/Developer/Xcode/DerivedData/Prompt28-cgmmkisguitsyibyvnemfqvywbnv/Build/Intermediates.noindex/GoogleSignIn.build/Debug-iphonesimulator/GoogleSignIn.build/Objects-normal/x86_64/e6072d4f65d7061329687fe24e3d63a7-common-args.resp -include /Users/nataliewhipps/Library/Developer/Xcode/DerivedData/Prompt28-cgmmkisguitsyibyvnemfqvywbnv/Build/Intermediates.noindex/GoogleSignIn.build/Debug-iphonesimulator/GoogleSignIn.build/DerivedSources/resource_bundle_accessor.h -MMD -MT dependencies -MF /Users/nataliewhipps/Library/Developer/Xcode/DerivedData/Prompt28-cgmmkisguitsyibyvnemfqvywbnv/Build/Intermediates.noindex/GoogleSignIn.build/Debug-iphonesimulator/GoogleSignIn.build/Objects-normal/x86_64/GIDSignInInternalOptions.d --serialize-diagnostics /Users/nataliewhipps/Library/Developer/Xcode/DerivedData/Prompt28-cgmmkisguitsyibyvnemfqvywbnv/Build/Intermediates.noindex/GoogleSignIn.build/Debug-iphonesimulator/GoogleSignIn.build/Objects-normal/x86_64/GIDSignInInternalOptions.dia -c /Users/nataliewhipps/Library/Developer/Xcode/DerivedData/Prompt28-cgmmkisguitsyibyvnemfqvywbnv/SourcePackages/checkouts/GoogleSignIn-iOS/GoogleSignIn/Sources/GIDSignInInternalOptions.m -o /Users/nataliewhipps/Library/Developer/Xcode/DerivedData/Prompt28-cgmmkisguitsyibyvnemfqvywbnv/Build/Intermediates.noindex/GoogleSignIn.build/Debug-iphonesimulator/GoogleSignIn.build/Objects-normal/x86_64/GIDSignInInternalOptions.o -index-unit-output-path /GoogleSignIn.build/Debug-iphonesimulator/GoogleSignIn.build/Objects-normal/x86_64/GIDSignInInternalOptions.o

SwiftExplicitDependencyGeneratePcm x86_64 /Users/nataliewhipps/Library/Developer/Xcode/DerivedData/ModuleCache.noindex/Foundation-I0OLMSY725FVICZABWRATBEX.pcm

CompileC /Users/nataliewhipps/Library/Developer/Xcode/DerivedData/Prompt28-cgmmkisguitsyibyvnemfqvywbnv/Build/Intermediates.noindex/GoogleSignIn.build/Debug-iphonesimulator/GoogleSignIn.build/Objects-normal/x86_64/GIDJSONSerializerImpl.o /Users/nataliewhipps/Library/Developer/Xcode/DerivedData/Prompt28-cgmmkisguitsyibyvnemfqvywbnv/SourcePackages/checkouts/GoogleSignIn-iOS/GoogleSignIn/Sources/GIDJSONSerializer/Implementation/GIDJSONSerializerImpl.m normal x86_64 objective-c com.apple.compilers.llvm.clang.1_0.compiler (in target 'GoogleSignIn' from project 'GoogleSignIn')
    cd /Users/nataliewhipps/Desktop/Prompt28/Prompt28.xcodeproj
    
    Using response file: /Users/nataliewhipps/Library/Developer/Xcode/DerivedData/Prompt28-cgmmkisguitsyibyvnemfqvywbnv/Build/Intermediates.noindex/GoogleSignIn.build/Debug-iphonesimulator/GoogleSignIn.build/Objects-normal/x86_64/e6072d4f65d7061329687fe24e3d63a7-common-args.resp
    
    /Applications/Xcode.app/Contents/Developer/Toolchains/XcodeDefault.xctoolchain/usr/bin/clang -x objective-c -ivfsstatcache /Users/nataliewhipps/Library/Developer/Xcode/DerivedData/SDKStatCaches.noindex/iphonesimulator26.2-23C57-7d00a8b37fbd7999ea79df8ebc024bf0.sdkstatcache -fmessage-length\=0 -fdiagnostics-show-note-include-stack -fmacro-backtrace-limit\=0 -fno-color-diagnostics -fmodules-prune-interval\=86400 -fmodules-prune-after\=345600 -fbuild-session-file\=/Users/nataliewhipps/Library/Developer/Xcode/DerivedData/ModuleCache.noindex/Session.modulevalidation -fmodules-validate-once-per-build-session -Wnon-modular-include-in-framework-module -Werror\=non-modular-include-in-framework-module -Wno-trigraphs -Wno-missing-field-initializers -Wno-missing-prototypes -Wno-return-type -Wno-implicit-atomic-properties -Wno-objc-interface-ivars -Wno-arc-repeated-use-of-weak -Wno-missing-braces -Wparentheses -Wswitch -Wno-unused-function -Wno-unused-label -Wno-unused-parameter -Wno-unused-variable -Wunused-value -Wno-empty-body -Wno-uninitialized -Wno-unknown-pragmas -w -Wno-shadow -Wno-four-char-constants -Wno-conversion -Wno-constant-conversion -Wno-int-conversion -Wno-bool-conversion -Wno-enum-conversion -Wno-float-conversion -Wno-non-literal-null-conversion -Wno-objc-literal-conversion -Wshorten-64-to-32 -Wpointer-sign -Wno-newline-eof -Wno-selector -Wno-strict-selector-match -Wno-undeclared-selector -Wno-deprecated-implementations -Wno-implicit-fallthrough -fstrict-aliasing -Wprotocol -Wdeprecated-declarations -Wno-sign-conversion -Wno-infinite-recursion -Wno-comma -Wno-block-capture-autoreleasing -Wno-strict-prototypes -Wno-semicolon-before-method-body -index-store-path /Users/nataliewhipps/Library/Developer/Xcode/DerivedData/Prompt28-cgmmkisguitsyibyvnemfqvywbnv/Index.noindex/DataStore @/Users/nataliewhipps/Library/Developer/Xcode/DerivedData/Prompt28-cgmmkisguitsyibyvnemfqvywbnv/Build/Intermediates.noindex/GoogleSignIn.build/Debug-iphonesimulator/GoogleSignIn.build/Objects-normal/x86_64/e6072d4f65d7061329687fe24e3d63a7-common-args.resp -include /Users/nataliewhipps/Library/Developer/Xcode/DerivedData/Prompt28-cgmmkisguitsyibyvnemfqvywbnv/Build/Intermediates.noindex/GoogleSignIn.build/Debug-iphonesimulator/GoogleSignIn.build/DerivedSources/resource_bundle_accessor.h -MMD -MT dependencies -MF /Users/nataliewhipps/Library/Developer/Xcode/DerivedData/Prompt28-cgmmkisguitsyibyvnemfqvywbnv/Build/Intermediates.noindex/GoogleSignIn.build/Debug-iphonesimulator/GoogleSignIn.build/Objects-normal/x86_64/GIDJSONSerializerImpl.d --serialize-diagnostics /Users/nataliewhipps/Library/Developer/Xcode/DerivedData/Prompt28-cgmmkisguitsyibyvnemfqvywbnv/Build/Intermediates.noindex/GoogleSignIn.build/Debug-iphonesimulator/GoogleSignIn.build/Objects-normal/x86_64/GIDJSONSerializerImpl.dia -c /Users/nataliewhipps/Library/Developer/Xcode/DerivedData/Prompt28-cgmmkisguitsyibyvnemfqvywbnv/SourcePackages/checkouts/GoogleSignIn-iOS/GoogleSignIn/Sources/GIDJSONSerializer/Implementation/GIDJSONSerializerImpl.m -o /Users/nataliewhipps/Library/Developer/Xcode/DerivedData/Prompt28-cgmmkisguitsyibyvnemfqvywbnv/Build/Intermediates.noindex/GoogleSignIn.build/Debug-iphonesimulator/GoogleSignIn.build/Objects-normal/x86_64/GIDJSONSerializerImpl.o -index-unit-output-path /GoogleSignIn.build/Debug-iphonesimulator/GoogleSignIn.build/Objects-normal/x86_64/GIDJSONSerializerImpl.o

CompileC /Users/nataliewhipps/Library/Developer/Xcode/DerivedData/Prompt28-cgmmkisguitsyibyvnemfqvywbnv/Build/Intermediates.noindex/GoogleSignIn.build/Debug-iphonesimulator/GoogleSignIn.build/Objects-normal/x86_64/GIDEMMErrorHandler.o /Users/nataliewhipps/Library/Developer/Xcode/DerivedData/Prompt28-cgmmkisguitsyibyvnemfqvywbnv/SourcePackages/checkouts/GoogleSignIn-iOS/GoogleSignIn/Sources/GIDEMMErrorHandler.m normal x86_64 objective-c com.apple.compilers.llvm.clang.1_0.compiler (in target 'GoogleSignIn' from project 'GoogleSignIn')
    cd /Users/nataliewhipps/Desktop/Prompt28/Prompt28.xcodeproj
    
    Using response file: /Users/nataliewhipps/Library/Developer/Xcode/DerivedData/Prompt28-cgmmkisguitsyibyvnemfqvywbnv/Build/Intermediates.noindex/GoogleSignIn.build/Debug-iphonesimulator/GoogleSignIn.build/Objects-normal/x86_64/e6072d4f65d7061329687fe24e3d63a7-common-args.resp
    
    /Applications/Xcode.app/Contents/Developer/Toolchains/XcodeDefault.xctoolchain/usr/bin/clang -x objective-c -ivfsstatcache /Users/nataliewhipps/Library/Developer/Xcode/DerivedData/SDKStatCaches.noindex/iphonesimulator26.2-23C57-7d00a8b37fbd7999ea79df8ebc024bf0.sdkstatcache -fmessage-length\=0 -fdiagnostics-show-note-include-stack -fmacro-backtrace-limit\=0 -fno-color-diagnostics -fmodules-prune-interval\=86400 -fmodules-prune-after\=345600 -fbuild-session-file\=/Users/nataliewhipps/Library/Developer/Xcode/DerivedData/ModuleCache.noindex/Session.modulevalidation -fmodules-validate-once-per-build-session -Wnon-modular-include-in-framework-module -Werror\=non-modular-include-in-framework-module -Wno-trigraphs -Wno-missing-field-initializers -Wno-missing-prototypes -Wno-return-type -Wno-implicit-atomic-properties -Wno-objc-interface-ivars -Wno-arc-repeated-use-of-weak -Wno-missing-braces -Wparentheses -Wswitch -Wno-unused-function -Wno-unused-label -Wno-unused-parameter -Wno-unused-variable -Wunused-value -Wno-empty-body -Wno-uninitialized -Wno-unknown-pragmas -w -Wno-shadow -Wno-four-char-constants -Wno-conversion -Wno-constant-conversion -Wno-int-conversion -Wno-bool-conversion -Wno-enum-conversion -Wno-float-conversion -Wno-non-literal-null-conversion -Wno-objc-literal-conversion -Wshorten-64-to-32 -Wpointer-sign -Wno-newline-eof -Wno-selector -Wno-strict-selector-match -Wno-undeclared-selector -Wno-deprecated-implementations -Wno-implicit-fallthrough -fstrict-aliasing -Wprotocol -Wdeprecated-declarations -Wno-sign-conversion -Wno-infinite-recursion -Wno-comma -Wno-block-capture-autoreleasing -Wno-strict-prototypes -Wno-semicolon-before-method-body -index-store-path /Users/nataliewhipps/Library/Developer/Xcode/DerivedData/Prompt28-cgmmkisguitsyibyvnemfqvywbnv/Index.noindex/DataStore @/Users/nataliewhipps/Library/Developer/Xcode/DerivedData/Prompt28-cgmmkisguitsyibyvnemfqvywbnv/Build/Intermediates.noindex/GoogleSignIn.build/Debug-iphonesimulator/GoogleSignIn.build/Objects-normal/x86_64/e6072d4f65d7061329687fe24e3d63a7-common-args.resp -include /Users/nataliewhipps/Library/Developer/Xcode/DerivedData/Prompt28-cgmmkisguitsyibyvnemfqvywbnv/Build/Intermediates.noindex/GoogleSignIn.build/Debug-iphonesimulator/GoogleSignIn.build/DerivedSources/resource_bundle_accessor.h -MMD -MT dependencies -MF /Users/nataliewhipps/Library/Developer/Xcode/DerivedData/Prompt28-cgmmkisguitsyibyvnemfqvywbnv/Build/Intermediates.noindex/GoogleSignIn.build/Debug-iphonesimulator/GoogleSignIn.build/Objects-normal/x86_64/GIDEMMErrorHandler.d --serialize-diagnostics /Users/nataliewhipps/Library/Developer/Xcode/DerivedData/Prompt28-cgmmkisguitsyibyvnemfqvywbnv/Build/Intermediates.noindex/GoogleSignIn.build/Debug-iphonesimulator/GoogleSignIn.build/Objects-normal/x86_64/GIDEMMErrorHandler.dia -c /Users/nataliewhipps/Library/Developer/Xcode/DerivedData/Prompt28-cgmmkisguitsyibyvnemfqvywbnv/SourcePackages/checkouts/GoogleSignIn-iOS/GoogleSignIn/Sources/GIDEMMErrorHandler.m -o /Users/nataliewhipps/Library/Developer/Xcode/DerivedData/Prompt28-cgmmkisguitsyibyvnemfqvywbnv/Build/Intermediates.noindex/GoogleSignIn.build/Debug-iphonesimulator/GoogleSignIn.build/Objects-normal/x86_64/GIDEMMErrorHandler.o -index-unit-output-path /GoogleSignIn.build/Debug-iphonesimulator/GoogleSignIn.build/Objects-normal/x86_64/GIDEMMErrorHandler.o

SwiftExplicitDependencyGeneratePcm x86_64 /Users/nataliewhipps/Library/Developer/Xcode/DerivedData/ModuleCache.noindex/ImageIO-EG1LP4VXHZ2OJ5LF57OHNCWKR.pcm

SwiftExplicitDependencyGeneratePcm x86_64 /Users/nataliewhipps/Library/Developer/Xcode/DerivedData/ModuleCache.noindex/CoreText-4LIJ2CWI6RF6P805V041KCADK.pcm

CompileC /Users/nataliewhipps/Library/Developer/Xcode/DerivedData/Prompt28-cgmmkisguitsyibyvnemfqvywbnv/Build/Intermediates.noindex/GoogleSignIn.build/Debug-iphonesimulator/GoogleSignIn.build/Objects-normal/x86_64/GIDClaimsInternalOptions.o /Users/nataliewhipps/Library/Developer/Xcode/DerivedData/Prompt28-cgmmkisguitsyibyvnemfqvywbnv/SourcePackages/checkouts/GoogleSignIn-iOS/GoogleSignIn/Sources/GIDClaimsInternalOptions.m normal x86_64 objective-c com.apple.compilers.llvm.clang.1_0.compiler (in target 'GoogleSignIn' from project 'GoogleSignIn')
    cd /Users/nataliewhipps/Desktop/Prompt28/Prompt28.xcodeproj
    
    Using response file: /Users/nataliewhipps/Library/Developer/Xcode/DerivedData/Prompt28-cgmmkisguitsyibyvnemfqvywbnv/Build/Intermediates.noindex/GoogleSignIn.build/Debug-iphonesimulator/GoogleSignIn.build/Objects-normal/x86_64/e6072d4f65d7061329687fe24e3d63a7-common-args.resp
    
    /Applications/Xcode.app/Contents/Developer/Toolchains/XcodeDefault.xctoolchain/usr/bin/clang -x objective-c -ivfsstatcache /Users/nataliewhipps/Library/Developer/Xcode/DerivedData/SDKStatCaches.noindex/iphonesimulator26.2-23C57-7d00a8b37fbd7999ea79df8ebc024bf0.sdkstatcache -fmessage-length\=0 -fdiagnostics-show-note-include-stack -fmacro-backtrace-limit\=0 -fno-color-diagnostics -fmodules-prune-interval\=86400 -fmodules-prune-after\=345600 -fbuild-session-file\=/Users/nataliewhipps/Library/Developer/Xcode/DerivedData/ModuleCache.noindex/Session.modulevalidation -fmodules-validate-once-per-build-session -Wnon-modular-include-in-framework-module -Werror\=non-modular-include-in-framework-module -Wno-trigraphs -Wno-missing-field-initializers -Wno-missing-prototypes -Wno-return-type -Wno-implicit-atomic-properties -Wno-objc-interface-ivars -Wno-arc-repeated-use-of-weak -Wno-missing-braces -Wparentheses -Wswitch -Wno-unused-function -Wno-unused-label -Wno-unused-parameter -Wno-unused-variable -Wunused-value -Wno-empty-body -Wno-uninitialized -Wno-unknown-pragmas -w -Wno-shadow -Wno-four-char-constants -Wno-conversion -Wno-constant-conversion -Wno-int-conversion -Wno-bool-conversion -Wno-enum-conversion -Wno-float-conversion -Wno-non-literal-null-conversion -Wno-objc-literal-conversion -Wshorten-64-to-32 -Wpointer-sign -Wno-newline-eof -Wno-selector -Wno-strict-selector-match -Wno-undeclared-selector -Wno-deprecated-implementations -Wno-implicit-fallthrough -fstrict-aliasing -Wprotocol -Wdeprecated-declarations -Wno-sign-conversion -Wno-infinite-recursion -Wno-comma -Wno-block-capture-autoreleasing -Wno-strict-prototypes -Wno-semicolon-before-method-body -index-store-path /Users/nataliewhipps/Library/Developer/Xcode/DerivedData/Prompt28-cgmmkisguitsyibyvnemfqvywbnv/Index.noindex/DataStore @/Users/nataliewhipps/Library/Developer/Xcode/DerivedData/Prompt28-cgmmkisguitsyibyvnemfqvywbnv/Build/Intermediates.noindex/GoogleSignIn.build/Debug-iphonesimulator/GoogleSignIn.build/Objects-normal/x86_64/e6072d4f65d7061329687fe24e3d63a7-common-args.resp -include /Users/nataliewhipps/Library/Developer/Xcode/DerivedData/Prompt28-cgmmkisguitsyibyvnemfqvywbnv/Build/Intermediates.noindex/GoogleSignIn.build/Debug-iphonesimulator/GoogleSignIn.build/DerivedSources/resource_bundle_accessor.h -MMD -MT dependencies -MF /Users/nataliewhipps/Library/Developer/Xcode/DerivedData/Prompt28-cgmmkisguitsyibyvnemfqvywbnv/Build/Intermediates.noindex/GoogleSignIn.build/Debug-iphonesimulator/GoogleSignIn.build/Objects-normal/x86_64/GIDClaimsInternalOptions.d --serialize-diagnostics /Users/nataliewhipps/Library/Developer/Xcode/DerivedData/Prompt28-cgmmkisguitsyibyvnemfqvywbnv/Build/Intermediates.noindex/GoogleSignIn.build/Debug-iphonesimulator/GoogleSignIn.build/Objects-normal/x86_64/GIDClaimsInternalOptions.dia -c /Users/nataliewhipps/Library/Developer/Xcode/DerivedData/Prompt28-cgmmkisguitsyibyvnemfqvywbnv/SourcePackages/checkouts/GoogleSignIn-iOS/GoogleSignIn/Sources/GIDClaimsInternalOptions.m -o /Users/nataliewhipps/Library/Developer/Xcode/DerivedData/Prompt28-cgmmkisguitsyibyvnemfqvywbnv/Build/Intermediates.noindex/GoogleSignIn.build/Debug-iphonesimulator/GoogleSignIn.build/Objects-normal/x86_64/GIDClaimsInternalOptions.o -index-unit-output-path /GoogleSignIn.build/Debug-iphonesimulator/GoogleSignIn.build/Objects-normal/x86_64/GIDClaimsInternalOptions.o

CompileC /Users/nataliewhipps/Library/Developer/Xcode/DerivedData/Prompt28-cgmmkisguitsyibyvnemfqvywbnv/Build/Intermediates.noindex/GoogleSignIn.build/Debug-iphonesimulator/GoogleSignIn.build/Objects-normal/x86_64/GIDAppCheck.o /Users/nataliewhipps/Library/Developer/Xcode/DerivedData/Prompt28-cgmmkisguitsyibyvnemfqvywbnv/SourcePackages/checkouts/GoogleSignIn-iOS/GoogleSignIn/Sources/GIDAppCheck/Implementations/GIDAppCheck.m normal x86_64 objective-c com.apple.compilers.llvm.clang.1_0.compiler (in target 'GoogleSignIn' from project 'GoogleSignIn')
    cd /Users/nataliewhipps/Desktop/Prompt28/Prompt28.xcodeproj
    
    Using response file: /Users/nataliewhipps/Library/Developer/Xcode/DerivedData/Prompt28-cgmmkisguitsyibyvnemfqvywbnv/Build/Intermediates.noindex/GoogleSignIn.build/Debug-iphonesimulator/GoogleSignIn.build/Objects-normal/x86_64/e6072d4f65d7061329687fe24e3d63a7-common-args.resp
    
    /Applications/Xcode.app/Contents/Developer/Toolchains/XcodeDefault.xctoolchain/usr/bin/clang -x objective-c -ivfsstatcache /Users/nataliewhipps/Library/Developer/Xcode/DerivedData/SDKStatCaches.noindex/iphonesimulator26.2-23C57-7d00a8b37fbd7999ea79df8ebc024bf0.sdkstatcache -fmessage-length\=0 -fdiagnostics-show-note-include-stack -fmacro-backtrace-limit\=0 -fno-color-diagnostics -fmodules-prune-interval\=86400 -fmodules-prune-after\=345600 -fbuild-session-file\=/Users/nataliewhipps/Library/Developer/Xcode/DerivedData/ModuleCache.noindex/Session.modulevalidation -fmodules-validate-once-per-build-session -Wnon-modular-include-in-framework-module -Werror\=non-modular-include-in-framework-module -Wno-trigraphs -Wno-missing-field-initializers -Wno-missing-prototypes -Wno-return-type -Wno-implicit-atomic-properties -Wno-objc-interface-ivars -Wno-arc-repeated-use-of-weak -Wno-missing-braces -Wparentheses -Wswitch -Wno-unused-function -Wno-unused-label -Wno-unused-parameter -Wno-unused-variable -Wunused-value -Wno-empty-body -Wno-uninitialized -Wno-unknown-pragmas -w -Wno-shadow -Wno-four-char-constants -Wno-conversion -Wno-constant-conversion -Wno-int-conversion -Wno-bool-conversion -Wno-enum-conversion -Wno-float-conversion -Wno-non-literal-null-conversion -Wno-objc-literal-conversion -Wshorten-64-to-32 -Wpointer-sign -Wno-newline-eof -Wno-selector -Wno-strict-selector-match -Wno-undeclared-selector -Wno-deprecated-implementations -Wno-implicit-fallthrough -fstrict-aliasing -Wprotocol -Wdeprecated-declarations -Wno-sign-conversion -Wno-infinite-recursion -Wno-comma -Wno-block-capture-autoreleasing -Wno-strict-prototypes -Wno-semicolon-before-method-body -index-store-path /Users/nataliewhipps/Library/Developer/Xcode/DerivedData/Prompt28-cgmmkisguitsyibyvnemfqvywbnv/Index.noindex/DataStore @/Users/nataliewhipps/Library/Developer/Xcode/DerivedData/Prompt28-cgmmkisguitsyibyvnemfqvywbnv/Build/Intermediates.noindex/GoogleSignIn.build/Debug-iphonesimulator/GoogleSignIn.build/Objects-normal/x86_64/e6072d4f65d7061329687fe24e3d63a7-common-args.resp -include /Users/nataliewhipps/Library/Developer/Xcode/DerivedData/Prompt28-cgmmkisguitsyibyvnemfqvywbnv/Build/Intermediates.noindex/GoogleSignIn.build/Debug-iphonesimulator/GoogleSignIn.build/DerivedSources/resource_bundle_accessor.h -MMD -MT dependencies -MF /Users/nataliewhipps/Library/Developer/Xcode/DerivedData/Prompt28-cgmmkisguitsyibyvnemfqvywbnv/Build/Intermediates.noindex/GoogleSignIn.build/Debug-iphonesimulator/GoogleSignIn.build/Objects-normal/x86_64/GIDAppCheck.d --serialize-diagnostics /Users/nataliewhipps/Library/Developer/Xcode/DerivedData/Prompt28-cgmmkisguitsyibyvnemfqvywbnv/Build/Intermediates.noindex/GoogleSignIn.build/Debug-iphonesimulator/GoogleSignIn.build/Objects-normal/x86_64/GIDAppCheck.dia -c /Users/nataliewhipps/Library/Developer/Xcode/DerivedData/Prompt28-cgmmkisguitsyibyvnemfqvywbnv/SourcePackages/checkouts/GoogleSignIn-iOS/GoogleSignIn/Sources/GIDAppCheck/Implementations/GIDAppCheck.m -o /Users/nataliewhipps/Library/Developer/Xcode/DerivedData/Prompt28-cgmmkisguitsyibyvnemfqvywbnv/Build/Intermediates.noindex/GoogleSignIn.build/Debug-iphonesimulator/GoogleSignIn.build/Objects-normal/x86_64/GIDAppCheck.o -index-unit-output-path /GoogleSignIn.build/Debug-iphonesimulator/GoogleSignIn.build/Objects-normal/x86_64/GIDAppCheck.o

CompileC /Users/nataliewhipps/Library/Developer/Xcode/DerivedData/Prompt28-cgmmkisguitsyibyvnemfqvywbnv/Build/Intermediates.noindex/GoogleSignIn.build/Debug-iphonesimulator/GoogleSignIn.build/Objects-normal/x86_64/GIDActivityIndicatorViewController.o /Users/nataliewhipps/Library/Developer/Xcode/DerivedData/Prompt28-cgmmkisguitsyibyvnemfqvywbnv/SourcePackages/checkouts/GoogleSignIn-iOS/GoogleSignIn/Sources/GIDAppCheck/UI/GIDActivityIndicatorViewController.m normal x86_64 objective-c com.apple.compilers.llvm.clang.1_0.compiler (in target 'GoogleSignIn' from project 'GoogleSignIn')
    cd /Users/nataliewhipps/Desktop/Prompt28/Prompt28.xcodeproj
    
    Using response file: /Users/nataliewhipps/Library/Developer/Xcode/DerivedData/Prompt28-cgmmkisguitsyibyvnemfqvywbnv/Build/Intermediates.noindex/GoogleSignIn.build/Debug-iphonesimulator/GoogleSignIn.build/Objects-normal/x86_64/e6072d4f65d7061329687fe24e3d63a7-common-args.resp
    
    /Applications/Xcode.app/Contents/Developer/Toolchains/XcodeDefault.xctoolchain/usr/bin/clang -x objective-c -ivfsstatcache /Users/nataliewhipps/Library/Developer/Xcode/DerivedData/SDKStatCaches.noindex/iphonesimulator26.2-23C57-7d00a8b37fbd7999ea79df8ebc024bf0.sdkstatcache -fmessage-length\=0 -fdiagnostics-show-note-include-stack -fmacro-backtrace-limit\=0 -fno-color-diagnostics -fmodules-prune-interval\=86400 -fmodules-prune-after\=345600 -fbuild-session-file\=/Users/nataliewhipps/Library/Developer/Xcode/DerivedData/ModuleCache.noindex/Session.modulevalidation -fmodules-validate-once-per-build-session -Wnon-modular-include-in-framework-module -Werror\=non-modular-include-in-framework-module -Wno-trigraphs -Wno-missing-field-initializers -Wno-missing-prototypes -Wno-return-type -Wno-implicit-atomic-properties -Wno-objc-interface-ivars -Wno-arc-repeated-use-of-weak -Wno-missing-braces -Wparentheses -Wswitch -Wno-unused-function -Wno-unused-label -Wno-unused-parameter -Wno-unused-variable -Wunused-value -Wno-empty-body -Wno-uninitialized -Wno-unknown-pragmas -w -Wno-shadow -Wno-four-char-constants -Wno-conversion -Wno-constant-conversion -Wno-int-conversion -Wno-bool-conversion -Wno-enum-conversion -Wno-float-conversion -Wno-non-literal-null-conversion -Wno-objc-literal-conversion -Wshorten-64-to-32 -Wpointer-sign -Wno-newline-eof -Wno-selector -Wno-strict-selector-match -Wno-undeclared-selector -Wno-deprecated-implementations -Wno-implicit-fallthrough -fstrict-aliasing -Wprotocol -Wdeprecated-declarations -Wno-sign-conversion -Wno-infinite-recursion -Wno-comma -Wno-block-capture-autoreleasing -Wno-strict-prototypes -Wno-semicolon-before-method-body -index-store-path /Users/nataliewhipps/Library/Developer/Xcode/DerivedData/Prompt28-cgmmkisguitsyibyvnemfqvywbnv/Index.noindex/DataStore @/Users/nataliewhipps/Library/Developer/Xcode/DerivedData/Prompt28-cgmmkisguitsyibyvnemfqvywbnv/Build/Intermediates.noindex/GoogleSignIn.build/Debug-iphonesimulator/GoogleSignIn.build/Objects-normal/x86_64/e6072d4f65d7061329687fe24e3d63a7-common-args.resp -include /Users/nataliewhipps/Library/Developer/Xcode/DerivedData/Prompt28-cgmmkisguitsyibyvnemfqvywbnv/Build/Intermediates.noindex/GoogleSignIn.build/Debug-iphonesimulator/GoogleSignIn.build/DerivedSources/resource_bundle_accessor.h -MMD -MT dependencies -MF /Users/nataliewhipps/Library/Developer/Xcode/DerivedData/Prompt28-cgmmkisguitsyibyvnemfqvywbnv/Build/Intermediates.noindex/GoogleSignIn.build/Debug-iphonesimulator/GoogleSignIn.build/Objects-normal/x86_64/GIDActivityIndicatorViewController.d --serialize-diagnostics /Users/nataliewhipps/Library/Developer/Xcode/DerivedData/Prompt28-cgmmkisguitsyibyvnemfqvywbnv/Build/Intermediates.noindex/GoogleSignIn.build/Debug-iphonesimulator/GoogleSignIn.build/Objects-normal/x86_64/GIDActivityIndicatorViewController.dia -c /Users/nataliewhipps/Library/Developer/Xcode/DerivedData/Prompt28-cgmmkisguitsyibyvnemfqvywbnv/SourcePackages/checkouts/GoogleSignIn-iOS/GoogleSignIn/Sources/GIDAppCheck/UI/GIDActivityIndicatorViewController.m -o /Users/nataliewhipps/Library/Developer/Xcode/DerivedData/Prompt28-cgmmkisguitsyibyvnemfqvywbnv/Build/Intermediates.noindex/GoogleSignIn.build/Debug-iphonesimulator/GoogleSignIn.build/Objects-normal/x86_64/GIDActivityIndicatorViewController.o -index-unit-output-path /GoogleSignIn.build/Debug-iphonesimulator/GoogleSignIn.build/Objects-normal/x86_64/GIDActivityIndicatorViewController.o

PrecompileModule /Users/nataliewhipps/Library/Developer/Xcode/DerivedData/Prompt28-cgmmkisguitsyibyvnemfqvywbnv/Build/Intermediates.noindex/ExplicitPrecompiledModules/AppAuth-7G56X9YH07RWZ35WOPCVR92W6.scan
    cd /
    builtin-precompileModule /Users/nataliewhipps/Library/Developer/Xcode/DerivedData/Prompt28-cgmmkisguitsyibyvnemfqvywbnv/Build/Intermediates.noindex/ExplicitPrecompiledModules/AppAuth-7G56X9YH07RWZ35WOPCVR92W6.scan

PrecompileModule /Users/nataliewhipps/Library/Developer/Xcode/DerivedData/Prompt28-cgmmkisguitsyibyvnemfqvywbnv/Build/Intermediates.noindex/ExplicitPrecompiledModules/GTMSessionFetcherCore-AVHHMEK655ZNDRV94KA938MND.scan
    cd /
    builtin-precompileModule /Users/nataliewhipps/Library/Developer/Xcode/DerivedData/Prompt28-cgmmkisguitsyibyvnemfqvywbnv/Build/Intermediates.noindex/ExplicitPrecompiledModules/GTMSessionFetcherCore-AVHHMEK655ZNDRV94KA938MND.scan

CompileC /Users/nataliewhipps/Library/Developer/Xcode/DerivedData/Prompt28-cgmmkisguitsyibyvnemfqvywbnv/Build/Intermediates.noindex/GoogleSignIn.build/Debug-iphonesimulator/GoogleSignIn.build/Objects-normal/x86_64/GIDAuthentication.o /Users/nataliewhipps/Library/Developer/Xcode/DerivedData/Prompt28-cgmmkisguitsyibyvnemfqvywbnv/SourcePackages/checkouts/GoogleSignIn-iOS/GoogleSignIn/Sources/GIDAuthentication.m normal x86_64 objective-c com.apple.compilers.llvm.clang.1_0.compiler (in target 'GoogleSignIn' from project 'GoogleSignIn')
    cd /Users/nataliewhipps/Desktop/Prompt28/Prompt28.xcodeproj
    
    Using response file: /Users/nataliewhipps/Library/Developer/Xcode/DerivedData/Prompt28-cgmmkisguitsyibyvnemfqvywbnv/Build/Intermediates.noindex/GoogleSignIn.build/Debug-iphonesimulator/GoogleSignIn.build/Objects-normal/x86_64/e6072d4f65d7061329687fe24e3d63a7-common-args.resp
    
    /Applications/Xcode.app/Contents/Developer/Toolchains/XcodeDefault.xctoolchain/usr/bin/clang -x objective-c -ivfsstatcache /Users/nataliewhipps/Library/Developer/Xcode/DerivedData/SDKStatCaches.noindex/iphonesimulator26.2-23C57-7d00a8b37fbd7999ea79df8ebc024bf0.sdkstatcache -fmessage-length\=0 -fdiagnostics-show-note-include-stack -fmacro-backtrace-limit\=0 -fno-color-diagnostics -fmodules-prune-interval\=86400 -fmodules-prune-after\=345600 -fbuild-session-file\=/Users/nataliewhipps/Library/Developer/Xcode/DerivedData/ModuleCache.noindex/Session.modulevalidation -fmodules-validate-once-per-build-session -Wnon-modular-include-in-framework-module -Werror\=non-modular-include-in-framework-module -Wno-trigraphs -Wno-missing-field-initializers -Wno-missing-prototypes -Wno-return-type -Wno-implicit-atomic-properties -Wno-objc-interface-ivars -Wno-arc-repeated-use-of-weak -Wno-missing-braces -Wparentheses -Wswitch -Wno-unused-function -Wno-unused-label -Wno-unused-parameter -Wno-unused-variable -Wunused-value -Wno-empty-body -Wno-uninitialized -Wno-unknown-pragmas -w -Wno-shadow -Wno-four-char-constants -Wno-conversion -Wno-constant-conversion -Wno-int-conversion -Wno-bool-conversion -Wno-enum-conversion -Wno-float-conversion -Wno-non-literal-null-conversion -Wno-objc-literal-conversion -Wshorten-64-to-32 -Wpointer-sign -Wno-newline-eof -Wno-selector -Wno-strict-selector-match -Wno-undeclared-selector -Wno-deprecated-implementations -Wno-implicit-fallthrough -fstrict-aliasing -Wprotocol -Wdeprecated-declarations -Wno-sign-conversion -Wno-infinite-recursion -Wno-comma -Wno-block-capture-autoreleasing -Wno-strict-prototypes -Wno-semicolon-before-method-body -index-store-path /Users/nataliewhipps/Library/Developer/Xcode/DerivedData/Prompt28-cgmmkisguitsyibyvnemfqvywbnv/Index.noindex/DataStore @/Users/nataliewhipps/Library/Developer/Xcode/DerivedData/Prompt28-cgmmkisguitsyibyvnemfqvywbnv/Build/Intermediates.noindex/GoogleSignIn.build/Debug-iphonesimulator/GoogleSignIn.build/Objects-normal/x86_64/e6072d4f65d7061329687fe24e3d63a7-common-args.resp -include /Users/nataliewhipps/Library/Developer/Xcode/DerivedData/Prompt28-cgmmkisguitsyibyvnemfqvywbnv/Build/Intermediates.noindex/GoogleSignIn.build/Debug-iphonesimulator/GoogleSignIn.build/DerivedSources/resource_bundle_accessor.h -MMD -MT dependencies -MF /Users/nataliewhipps/Library/Developer/Xcode/DerivedData/Prompt28-cgmmkisguitsyibyvnemfqvywbnv/Build/Intermediates.noindex/GoogleSignIn.build/Debug-iphonesimulator/GoogleSignIn.build/Objects-normal/x86_64/GIDAuthentication.d --serialize-diagnostics /Users/nataliewhipps/Library/Developer/Xcode/DerivedData/Prompt28-cgmmkisguitsyibyvnemfqvywbnv/Build/Intermediates.noindex/GoogleSignIn.build/Debug-iphonesimulator/GoogleSignIn.build/Objects-normal/x86_64/GIDAuthentication.dia -c /Users/nataliewhipps/Library/Developer/Xcode/DerivedData/Prompt28-cgmmkisguitsyibyvnemfqvywbnv/SourcePackages/checkouts/GoogleSignIn-iOS/GoogleSignIn/Sources/GIDAuthentication.m -o /Users/nataliewhipps/Library/Developer/Xcode/DerivedData/Prompt28-cgmmkisguitsyibyvnemfqvywbnv/Build/Intermediates.noindex/GoogleSignIn.build/Debug-iphonesimulator/GoogleSignIn.build/Objects-normal/x86_64/GIDAuthentication.o -index-unit-output-path /GoogleSignIn.build/Debug-iphonesimulator/GoogleSignIn.build/Objects-normal/x86_64/GIDAuthentication.o

PrecompileModule /Users/nataliewhipps/Library/Developer/Xcode/DerivedData/Prompt28-cgmmkisguitsyibyvnemfqvywbnv/Build/Intermediates.noindex/ExplicitPrecompiledModules/GTMAppAuth-EUE81QYPJAMFPNQW4A2IPARAZ.scan
    cd /
    builtin-precompileModule /Users/nataliewhipps/Library/Developer/Xcode/DerivedData/Prompt28-cgmmkisguitsyibyvnemfqvywbnv/Build/Intermediates.noindex/ExplicitPrecompiledModules/GTMAppAuth-EUE81QYPJAMFPNQW4A2IPARAZ.scan

CompileC /Users/nataliewhipps/Library/Developer/Xcode/DerivedData/Prompt28-cgmmkisguitsyibyvnemfqvywbnv/Build/Intermediates.noindex/GoogleSignIn.build/Debug-iphonesimulator/GoogleSignIn.build/Objects-normal/x86_64/GIDSignInResult.o /Users/nataliewhipps/Library/Developer/Xcode/DerivedData/Prompt28-cgmmkisguitsyibyvnemfqvywbnv/SourcePackages/checkouts/GoogleSignIn-iOS/GoogleSignIn/Sources/GIDSignInResult.m normal x86_64 objective-c com.apple.compilers.llvm.clang.1_0.compiler (in target 'GoogleSignIn' from project 'GoogleSignIn')
    cd /Users/nataliewhipps/Desktop/Prompt28/Prompt28.xcodeproj
    
    Using response file: /Users/nataliewhipps/Library/Developer/Xcode/DerivedData/Prompt28-cgmmkisguitsyibyvnemfqvywbnv/Build/Intermediates.noindex/GoogleSignIn.build/Debug-iphonesimulator/GoogleSignIn.build/Objects-normal/x86_64/e6072d4f65d7061329687fe24e3d63a7-common-args.resp
    
    /Applications/Xcode.app/Contents/Developer/Toolchains/XcodeDefault.xctoolchain/usr/bin/clang -x objective-c -ivfsstatcache /Users/nataliewhipps/Library/Developer/Xcode/DerivedData/SDKStatCaches.noindex/iphonesimulator26.2-23C57-7d00a8b37fbd7999ea79df8ebc024bf0.sdkstatcache -fmessage-length\=0 -fdiagnostics-show-note-include-stack -fmacro-backtrace-limit\=0 -fno-color-diagnostics -fmodules-prune-interval\=86400 -fmodules-prune-after\=345600 -fbuild-session-file\=/Users/nataliewhipps/Library/Developer/Xcode/DerivedData/ModuleCache.noindex/Session.modulevalidation -fmodules-validate-once-per-build-session -Wnon-modular-include-in-framework-module -Werror\=non-modular-include-in-framework-module -Wno-trigraphs -Wno-missing-field-initializers -Wno-missing-prototypes -Wno-return-type -Wno-implicit-atomic-properties -Wno-objc-interface-ivars -Wno-arc-repeated-use-of-weak -Wno-missing-braces -Wparentheses -Wswitch -Wno-unused-function -Wno-unused-label -Wno-unused-parameter -Wno-unused-variable -Wunused-value -Wno-empty-body -Wno-uninitialized -Wno-unknown-pragmas -w -Wno-shadow -Wno-four-char-constants -Wno-conversion -Wno-constant-conversion -Wno-int-conversion -Wno-bool-conversion -Wno-enum-conversion -Wno-float-conversion -Wno-non-literal-null-conversion -Wno-objc-literal-conversion -Wshorten-64-to-32 -Wpointer-sign -Wno-newline-eof -Wno-selector -Wno-strict-selector-match -Wno-undeclared-selector -Wno-deprecated-implementations -Wno-implicit-fallthrough -fstrict-aliasing -Wprotocol -Wdeprecated-declarations -Wno-sign-conversion -Wno-infinite-recursion -Wno-comma -Wno-block-capture-autoreleasing -Wno-strict-prototypes -Wno-semicolon-before-method-body -index-store-path /Users/nataliewhipps/Library/Developer/Xcode/DerivedData/Prompt28-cgmmkisguitsyibyvnemfqvywbnv/Index.noindex/DataStore @/Users/nataliewhipps/Library/Developer/Xcode/DerivedData/Prompt28-cgmmkisguitsyibyvnemfqvywbnv/Build/Intermediates.noindex/GoogleSignIn.build/Debug-iphonesimulator/GoogleSignIn.build/Objects-normal/x86_64/e6072d4f65d7061329687fe24e3d63a7-common-args.resp -include /Users/nataliewhipps/Library/Developer/Xcode/DerivedData/Prompt28-cgmmkisguitsyibyvnemfqvywbnv/Build/Intermediates.noindex/GoogleSignIn.build/Debug-iphonesimulator/GoogleSignIn.build/DerivedSources/resource_bundle_accessor.h -MMD -MT dependencies -MF /Users/nataliewhipps/Library/Developer/Xcode/DerivedData/Prompt28-cgmmkisguitsyibyvnemfqvywbnv/Build/Intermediates.noindex/GoogleSignIn.build/Debug-iphonesimulator/GoogleSignIn.build/Objects-normal/x86_64/GIDSignInResult.d --serialize-diagnostics /Users/nataliewhipps/Library/Developer/Xcode/DerivedData/Prompt28-cgmmkisguitsyibyvnemfqvywbnv/Build/Intermediates.noindex/GoogleSignIn.build/Debug-iphonesimulator/GoogleSignIn.build/Objects-normal/x86_64/GIDSignInResult.dia -c /Users/nataliewhipps/Library/Developer/Xcode/DerivedData/Prompt28-cgmmkisguitsyibyvnemfqvywbnv/SourcePackages/checkouts/GoogleSignIn-iOS/GoogleSignIn/Sources/GIDSignInResult.m -o /Users/nataliewhipps/Library/Developer/Xcode/DerivedData/Prompt28-cgmmkisguitsyibyvnemfqvywbnv/Build/Intermediates.noindex/GoogleSignIn.build/Debug-iphonesimulator/GoogleSignIn.build/Objects-normal/x86_64/GIDSignInResult.o -index-unit-output-path /GoogleSignIn.build/Debug-iphonesimulator/GoogleSignIn.build/Objects-normal/x86_64/GIDSignInResult.o

CompileC /Users/nataliewhipps/Library/Developer/Xcode/DerivedData/Prompt28-cgmmkisguitsyibyvnemfqvywbnv/Build/Intermediates.noindex/GoogleSignIn.build/Debug-iphonesimulator/GoogleSignIn.build/Objects-normal/x86_64/GIDEMMSupport.o /Users/nataliewhipps/Library/Developer/Xcode/DerivedData/Prompt28-cgmmkisguitsyibyvnemfqvywbnv/SourcePackages/checkouts/GoogleSignIn-iOS/GoogleSignIn/Sources/GIDEMMSupport.m normal x86_64 objective-c com.apple.compilers.llvm.clang.1_0.compiler (in target 'GoogleSignIn' from project 'GoogleSignIn')
    cd /Users/nataliewhipps/Desktop/Prompt28/Prompt28.xcodeproj
    
    Using response file: /Users/nataliewhipps/Library/Developer/Xcode/DerivedData/Prompt28-cgmmkisguitsyibyvnemfqvywbnv/Build/Intermediates.noindex/GoogleSignIn.build/Debug-iphonesimulator/GoogleSignIn.build/Objects-normal/x86_64/e6072d4f65d7061329687fe24e3d63a7-common-args.resp
    
    /Applications/Xcode.app/Contents/Developer/Toolchains/XcodeDefault.xctoolchain/usr/bin/clang -x objective-c -ivfsstatcache /Users/nataliewhipps/Library/Developer/Xcode/DerivedData/SDKStatCaches.noindex/iphonesimulator26.2-23C57-7d00a8b37fbd7999ea79df8ebc024bf0.sdkstatcache -fmessage-length\=0 -fdiagnostics-show-note-include-stack -fmacro-backtrace-limit\=0 -fno-color-diagnostics -fmodules-prune-interval\=86400 -fmodules-prune-after\=345600 -fbuild-session-file\=/Users/nataliewhipps/Library/Developer/Xcode/DerivedData/ModuleCache.noindex/Session.modulevalidation -fmodules-validate-once-per-build-session -Wnon-modular-include-in-framework-module -Werror\=non-modular-include-in-framework-module -Wno-trigraphs -Wno-missing-field-initializers -Wno-missing-prototypes -Wno-return-type -Wno-implicit-atomic-properties -Wno-objc-interface-ivars -Wno-arc-repeated-use-of-weak -Wno-missing-braces -Wparentheses -Wswitch -Wno-unused-function -Wno-unused-label -Wno-unused-parameter -Wno-unused-variable -Wunused-value -Wno-empty-body -Wno-uninitialized -Wno-unknown-pragmas -w -Wno-shadow -Wno-four-char-constants -Wno-conversion -Wno-constant-conversion -Wno-int-conversion -Wno-bool-conversion -Wno-enum-conversion -Wno-float-conversion -Wno-non-literal-null-conversion -Wno-objc-literal-conversion -Wshorten-64-to-32 -Wpointer-sign -Wno-newline-eof -Wno-selector -Wno-strict-selector-match -Wno-undeclared-selector -Wno-deprecated-implementations -Wno-implicit-fallthrough -fstrict-aliasing -Wprotocol -Wdeprecated-declarations -Wno-sign-conversion -Wno-infinite-recursion -Wno-comma -Wno-block-capture-autoreleasing -Wno-strict-prototypes -Wno-semicolon-before-method-body -index-store-path /Users/nataliewhipps/Library/Developer/Xcode/DerivedData/Prompt28-cgmmkisguitsyibyvnemfqvywbnv/Index.noindex/DataStore @/Users/nataliewhipps/Library/Developer/Xcode/DerivedData/Prompt28-cgmmkisguitsyibyvnemfqvywbnv/Build/Intermediates.noindex/GoogleSignIn.build/Debug-iphonesimulator/GoogleSignIn.build/Objects-normal/x86_64/e6072d4f65d7061329687fe24e3d63a7-common-args.resp -include /Users/nataliewhipps/Library/Developer/Xcode/DerivedData/Prompt28-cgmmkisguitsyibyvnemfqvywbnv/Build/Intermediates.noindex/GoogleSignIn.build/Debug-iphonesimulator/GoogleSignIn.build/DerivedSources/resource_bundle_accessor.h -MMD -MT dependencies -MF /Users/nataliewhipps/Library/Developer/Xcode/DerivedData/Prompt28-cgmmkisguitsyibyvnemfqvywbnv/Build/Intermediates.noindex/GoogleSignIn.build/Debug-iphonesimulator/GoogleSignIn.build/Objects-normal/x86_64/GIDEMMSupport.d --serialize-diagnostics /Users/nataliewhipps/Library/Developer/Xcode/DerivedData/Prompt28-cgmmkisguitsyibyvnemfqvywbnv/Build/Intermediates.noindex/GoogleSignIn.build/Debug-iphonesimulator/GoogleSignIn.build/Objects-normal/x86_64/GIDEMMSupport.dia -c /Users/nataliewhipps/Library/Developer/Xcode/DerivedData/Prompt28-cgmmkisguitsyibyvnemfqvywbnv/SourcePackages/checkouts/GoogleSignIn-iOS/GoogleSignIn/Sources/GIDEMMSupport.m -o /Users/nataliewhipps/Library/Developer/Xcode/DerivedData/Prompt28-cgmmkisguitsyibyvnemfqvywbnv/Build/Intermediates.noindex/GoogleSignIn.build/Debug-iphonesimulator/GoogleSignIn.build/Objects-normal/x86_64/GIDEMMSupport.o -index-unit-output-path /GoogleSignIn.build/Debug-iphonesimulator/GoogleSignIn.build/Objects-normal/x86_64/GIDEMMSupport.o

CompileC /Users/nataliewhipps/Library/Developer/Xcode/DerivedData/Prompt28-cgmmkisguitsyibyvnemfqvywbnv/Build/Intermediates.noindex/GoogleSignIn.build/Debug-iphonesimulator/GoogleSignIn.build/Objects-normal/x86_64/GIDSignIn.o /Users/nataliewhipps/Library/Developer/Xcode/DerivedData/Prompt28-cgmmkisguitsyibyvnemfqvywbnv/SourcePackages/checkouts/GoogleSignIn-iOS/GoogleSignIn/Sources/GIDSignIn.m normal x86_64 objective-c com.apple.compilers.llvm.clang.1_0.compiler (in target 'GoogleSignIn' from project 'GoogleSignIn')
    cd /Users/nataliewhipps/Desktop/Prompt28/Prompt28.xcodeproj
    
    Using response file: /Users/nataliewhipps/Library/Developer/Xcode/DerivedData/Prompt28-cgmmkisguitsyibyvnemfqvywbnv/Build/Intermediates.noindex/GoogleSignIn.build/Debug-iphonesimulator/GoogleSignIn.build/Objects-normal/x86_64/e6072d4f65d7061329687fe24e3d63a7-common-args.resp
    
    /Applications/Xcode.app/Contents/Developer/Toolchains/XcodeDefault.xctoolchain/usr/bin/clang -x objective-c -ivfsstatcache /Users/nataliewhipps/Library/Developer/Xcode/DerivedData/SDKStatCaches.noindex/iphonesimulator26.2-23C57-7d00a8b37fbd7999ea79df8ebc024bf0.sdkstatcache -fmessage-length\=0 -fdiagnostics-show-note-include-stack -fmacro-backtrace-limit\=0 -fno-color-diagnostics -fmodules-prune-interval\=86400 -fmodules-prune-after\=345600 -fbuild-session-file\=/Users/nataliewhipps/Library/Developer/Xcode/DerivedData/ModuleCache.noindex/Session.modulevalidation -fmodules-validate-once-per-build-session -Wnon-modular-include-in-framework-module -Werror\=non-modular-include-in-framework-module -Wno-trigraphs -Wno-missing-field-initializers -Wno-missing-prototypes -Wno-return-type -Wno-implicit-atomic-properties -Wno-objc-interface-ivars -Wno-arc-repeated-use-of-weak -Wno-missing-braces -Wparentheses -Wswitch -Wno-unused-function -Wno-unused-label -Wno-unused-parameter -Wno-unused-variable -Wunused-value -Wno-empty-body -Wno-uninitialized -Wno-unknown-pragmas -w -Wno-shadow -Wno-four-char-constants -Wno-conversion -Wno-constant-conversion -Wno-int-conversion -Wno-bool-conversion -Wno-enum-conversion -Wno-float-conversion -Wno-non-literal-null-conversion -Wno-objc-literal-conversion -Wshorten-64-to-32 -Wpointer-sign -Wno-newline-eof -Wno-selector -Wno-strict-selector-match -Wno-undeclared-selector -Wno-deprecated-implementations -Wno-implicit-fallthrough -fstrict-aliasing -Wprotocol -Wdeprecated-declarations -Wno-sign-conversion -Wno-infinite-recursion -Wno-comma -Wno-block-capture-autoreleasing -Wno-strict-prototypes -Wno-semicolon-before-method-body -index-store-path /Users/nataliewhipps/Library/Developer/Xcode/DerivedData/Prompt28-cgmmkisguitsyibyvnemfqvywbnv/Index.noindex/DataStore @/Users/nataliewhipps/Library/Developer/Xcode/DerivedData/Prompt28-cgmmkisguitsyibyvnemfqvywbnv/Build/Intermediates.noindex/GoogleSignIn.build/Debug-iphonesimulator/GoogleSignIn.build/Objects-normal/x86_64/e6072d4f65d7061329687fe24e3d63a7-common-args.resp -include /Users/nataliewhipps/Library/Developer/Xcode/DerivedData/Prompt28-cgmmkisguitsyibyvnemfqvywbnv/Build/Intermediates.noindex/GoogleSignIn.build/Debug-iphonesimulator/GoogleSignIn.build/DerivedSources/resource_bundle_accessor.h -MMD -MT dependencies -MF /Users/nataliewhipps/Library/Developer/Xcode/DerivedData/Prompt28-cgmmkisguitsyibyvnemfqvywbnv/Build/Intermediates.noindex/GoogleSignIn.build/Debug-iphonesimulator/GoogleSignIn.build/Objects-normal/x86_64/GIDSignIn.d --serialize-diagnostics /Users/nataliewhipps/Library/Developer/Xcode/DerivedData/Prompt28-cgmmkisguitsyibyvnemfqvywbnv/Build/Intermediates.noindex/GoogleSignIn.build/Debug-iphonesimulator/GoogleSignIn.build/Objects-normal/x86_64/GIDSignIn.dia -c /Users/nataliewhipps/Library/Developer/Xcode/DerivedData/Prompt28-cgmmkisguitsyibyvnemfqvywbnv/SourcePackages/checkouts/GoogleSignIn-iOS/GoogleSignIn/Sources/GIDSignIn.m -o /Users/nataliewhipps/Library/Developer/Xcode/DerivedData/Prompt28-cgmmkisguitsyibyvnemfqvywbnv/Build/Intermediates.noindex/GoogleSignIn.build/Debug-iphonesimulator/GoogleSignIn.build/Objects-normal/x86_64/GIDSignIn.o -index-unit-output-path /GoogleSignIn.build/Debug-iphonesimulator/GoogleSignIn.build/Objects-normal/x86_64/GIDSignIn.o

CompileC /Users/nataliewhipps/Library/Developer/Xcode/DerivedData/Prompt28-cgmmkisguitsyibyvnemfqvywbnv/Build/Intermediates.noindex/GoogleSignIn.build/Debug-iphonesimulator/GoogleSignIn.build/Objects-normal/x86_64/GIDGoogleUser.o /Users/nataliewhipps/Library/Developer/Xcode/DerivedData/Prompt28-cgmmkisguitsyibyvnemfqvywbnv/SourcePackages/checkouts/GoogleSignIn-iOS/GoogleSignIn/Sources/GIDGoogleUser.m normal x86_64 objective-c com.apple.compilers.llvm.clang.1_0.compiler (in target 'GoogleSignIn' from project 'GoogleSignIn')
    cd /Users/nataliewhipps/Desktop/Prompt28/Prompt28.xcodeproj
    
    Using response file: /Users/nataliewhipps/Library/Developer/Xcode/DerivedData/Prompt28-cgmmkisguitsyibyvnemfqvywbnv/Build/Intermediates.noindex/GoogleSignIn.build/Debug-iphonesimulator/GoogleSignIn.build/Objects-normal/x86_64/e6072d4f65d7061329687fe24e3d63a7-common-args.resp
    
    /Applications/Xcode.app/Contents/Developer/Toolchains/XcodeDefault.xctoolchain/usr/bin/clang -x objective-c -ivfsstatcache /Users/nataliewhipps/Library/Developer/Xcode/DerivedData/SDKStatCaches.noindex/iphonesimulator26.2-23C57-7d00a8b37fbd7999ea79df8ebc024bf0.sdkstatcache -fmessage-length\=0 -fdiagnostics-show-note-include-stack -fmacro-backtrace-limit\=0 -fno-color-diagnostics -fmodules-prune-interval\=86400 -fmodules-prune-after\=345600 -fbuild-session-file\=/Users/nataliewhipps/Library/Developer/Xcode/DerivedData/ModuleCache.noindex/Session.modulevalidation -fmodules-validate-once-per-build-session -Wnon-modular-include-in-framework-module -Werror\=non-modular-include-in-framework-module -Wno-trigraphs -Wno-missing-field-initializers -Wno-missing-prototypes -Wno-return-type -Wno-implicit-atomic-properties -Wno-objc-interface-ivars -Wno-arc-repeated-use-of-weak -Wno-missing-braces -Wparentheses -Wswitch -Wno-unused-function -Wno-unused-label -Wno-unused-parameter -Wno-unused-variable -Wunused-value -Wno-empty-body -Wno-uninitialized -Wno-unknown-pragmas -w -Wno-shadow -Wno-four-char-constants -Wno-conversion -Wno-constant-conversion -Wno-int-conversion -Wno-bool-conversion -Wno-enum-conversion -Wno-float-conversion -Wno-non-literal-null-conversion -Wno-objc-literal-conversion -Wshorten-64-to-32 -Wpointer-sign -Wno-newline-eof -Wno-selector -Wno-strict-selector-match -Wno-undeclared-selector -Wno-deprecated-implementations -Wno-implicit-fallthrough -fstrict-aliasing -Wprotocol -Wdeprecated-declarations -Wno-sign-conversion -Wno-infinite-recursion -Wno-comma -Wno-block-capture-autoreleasing -Wno-strict-prototypes -Wno-semicolon-before-method-body -index-store-path /Users/nataliewhipps/Library/Developer/Xcode/DerivedData/Prompt28-cgmmkisguitsyibyvnemfqvywbnv/Index.noindex/DataStore @/Users/nataliewhipps/Library/Developer/Xcode/DerivedData/Prompt28-cgmmkisguitsyibyvnemfqvywbnv/Build/Intermediates.noindex/GoogleSignIn.build/Debug-iphonesimulator/GoogleSignIn.build/Objects-normal/x86_64/e6072d4f65d7061329687fe24e3d63a7-common-args.resp -include /Users/nataliewhipps/Library/Developer/Xcode/DerivedData/Prompt28-cgmmkisguitsyibyvnemfqvywbnv/Build/Intermediates.noindex/GoogleSignIn.build/Debug-iphonesimulator/GoogleSignIn.build/DerivedSources/resource_bundle_accessor.h -MMD -MT dependencies -MF /Users/nataliewhipps/Library/Developer/Xcode/DerivedData/Prompt28-cgmmkisguitsyibyvnemfqvywbnv/Build/Intermediates.noindex/GoogleSignIn.build/Debug-iphonesimulator/GoogleSignIn.build/Objects-normal/x86_64/GIDGoogleUser.d --serialize-diagnostics /Users/nataliewhipps/Library/Developer/Xcode/DerivedData/Prompt28-cgmmkisguitsyibyvnemfqvywbnv/Build/Intermediates.noindex/GoogleSignIn.build/Debug-iphonesimulator/GoogleSignIn.build/Objects-normal/x86_64/GIDGoogleUser.dia -c /Users/nataliewhipps/Library/Developer/Xcode/DerivedData/Prompt28-cgmmkisguitsyibyvnemfqvywbnv/SourcePackages/checkouts/GoogleSignIn-iOS/GoogleSignIn/Sources/GIDGoogleUser.m -o /Users/nataliewhipps/Library/Developer/Xcode/DerivedData/Prompt28-cgmmkisguitsyibyvnemfqvywbnv/Build/Intermediates.noindex/GoogleSignIn.build/Debug-iphonesimulator/GoogleSignIn.build/Objects-normal/x86_64/GIDGoogleUser.o -index-unit-output-path /GoogleSignIn.build/Debug-iphonesimulator/GoogleSignIn.build/Objects-normal/x86_64/GIDGoogleUser.o

CompileC /Users/nataliewhipps/Library/Developer/Xcode/DerivedData/Prompt28-cgmmkisguitsyibyvnemfqvywbnv/Build/Intermediates.noindex/GoogleSignIn.build/Debug-iphonesimulator/GoogleSignIn.build/Objects-normal/x86_64/GIDAuthStateMigration.o /Users/nataliewhipps/Library/Developer/Xcode/DerivedData/Prompt28-cgmmkisguitsyibyvnemfqvywbnv/SourcePackages/checkouts/GoogleSignIn-iOS/GoogleSignIn/Sources/GIDAuthStateMigration/Implementation/GIDAuthStateMigration.m normal x86_64 objective-c com.apple.compilers.llvm.clang.1_0.compiler (in target 'GoogleSignIn' from project 'GoogleSignIn')
    cd /Users/nataliewhipps/Desktop/Prompt28/Prompt28.xcodeproj
    
    Using response file: /Users/nataliewhipps/Library/Developer/Xcode/DerivedData/Prompt28-cgmmkisguitsyibyvnemfqvywbnv/Build/Intermediates.noindex/GoogleSignIn.build/Debug-iphonesimulator/GoogleSignIn.build/Objects-normal/x86_64/e6072d4f65d7061329687fe24e3d63a7-common-args.resp
    
    /Applications/Xcode.app/Contents/Developer/Toolchains/XcodeDefault.xctoolchain/usr/bin/clang -x objective-c -ivfsstatcache /Users/nataliewhipps/Library/Developer/Xcode/DerivedData/SDKStatCaches.noindex/iphonesimulator26.2-23C57-7d00a8b37fbd7999ea79df8ebc024bf0.sdkstatcache -fmessage-length\=0 -fdiagnostics-show-note-include-stack -fmacro-backtrace-limit\=0 -fno-color-diagnostics -fmodules-prune-interval\=86400 -fmodules-prune-after\=345600 -fbuild-session-file\=/Users/nataliewhipps/Library/Developer/Xcode/DerivedData/ModuleCache.noindex/Session.modulevalidation -fmodules-validate-once-per-build-session -Wnon-modular-include-in-framework-module -Werror\=non-modular-include-in-framework-module -Wno-trigraphs -Wno-missing-field-initializers -Wno-missing-prototypes -Wno-return-type -Wno-implicit-atomic-properties -Wno-objc-interface-ivars -Wno-arc-repeated-use-of-weak -Wno-missing-braces -Wparentheses -Wswitch -Wno-unused-function -Wno-unused-label -Wno-unused-parameter -Wno-unused-variable -Wunused-value -Wno-empty-body -Wno-uninitialized -Wno-unknown-pragmas -w -Wno-shadow -Wno-four-char-constants -Wno-conversion -Wno-constant-conversion -Wno-int-conversion -Wno-bool-conversion -Wno-enum-conversion -Wno-float-conversion -Wno-non-literal-null-conversion -Wno-objc-literal-conversion -Wshorten-64-to-32 -Wpointer-sign -Wno-newline-eof -Wno-selector -Wno-strict-selector-match -Wno-undeclared-selector -Wno-deprecated-implementations -Wno-implicit-fallthrough -fstrict-aliasing -Wprotocol -Wdeprecated-declarations -Wno-sign-conversion -Wno-infinite-recursion -Wno-comma -Wno-block-capture-autoreleasing -Wno-strict-prototypes -Wno-semicolon-before-method-body -index-store-path /Users/nataliewhipps/Library/Developer/Xcode/DerivedData/Prompt28-cgmmkisguitsyibyvnemfqvywbnv/Index.noindex/DataStore @/Users/nataliewhipps/Library/Developer/Xcode/DerivedData/Prompt28-cgmmkisguitsyibyvnemfqvywbnv/Build/Intermediates.noindex/GoogleSignIn.build/Debug-iphonesimulator/GoogleSignIn.build/Objects-normal/x86_64/e6072d4f65d7061329687fe24e3d63a7-common-args.resp -include /Users/nataliewhipps/Library/Developer/Xcode/DerivedData/Prompt28-cgmmkisguitsyibyvnemfqvywbnv/Build/Intermediates.noindex/GoogleSignIn.build/Debug-iphonesimulator/GoogleSignIn.build/DerivedSources/resource_bundle_accessor.h -MMD -MT dependencies -MF /Users/nataliewhipps/Library/Developer/Xcode/DerivedData/Prompt28-cgmmkisguitsyibyvnemfqvywbnv/Build/Intermediates.noindex/GoogleSignIn.build/Debug-iphonesimulator/GoogleSignIn.build/Objects-normal/x86_64/GIDAuthStateMigration.d --serialize-diagnostics /Users/nataliewhipps/Library/Developer/Xcode/DerivedData/Prompt28-cgmmkisguitsyibyvnemfqvywbnv/Build/Intermediates.noindex/GoogleSignIn.build/Debug-iphonesimulator/GoogleSignIn.build/Objects-normal/x86_64/GIDAuthStateMigration.dia -c /Users/nataliewhipps/Library/Developer/Xcode/DerivedData/Prompt28-cgmmkisguitsyibyvnemfqvywbnv/SourcePackages/checkouts/GoogleSignIn-iOS/GoogleSignIn/Sources/GIDAuthStateMigration/Implementation/GIDAuthStateMigration.m -o /Users/nataliewhipps/Library/Developer/Xcode/DerivedData/Prompt28-cgmmkisguitsyibyvnemfqvywbnv/Build/Intermediates.noindex/GoogleSignIn.build/Debug-iphonesimulator/GoogleSignIn.build/Objects-normal/x86_64/GIDAuthStateMigration.o -index-unit-output-path /GoogleSignIn.build/Debug-iphonesimulator/GoogleSignIn.build/Objects-normal/x86_64/GIDAuthStateMigration.o

Ld /Users/nataliewhipps/Library/Developer/Xcode/DerivedData/Prompt28-cgmmkisguitsyibyvnemfqvywbnv/Build/Products/Debug-iphonesimulator/GoogleSignIn.o normal (in target 'GoogleSignIn' from project 'GoogleSignIn')
    cd /Users/nataliewhipps/Library/Developer/Xcode/DerivedData/Prompt28-cgmmkisguitsyibyvnemfqvywbnv/SourcePackages/checkouts/GoogleSignIn-iOS
    /Applications/Xcode.app/Contents/Developer/Toolchains/XcodeDefault.xctoolchain/usr/bin/clang -Xlinker -reproducible -target x86_64-apple-ios12.0-simulator -r -isysroot /Applications/Xcode.app/Contents/Developer/Platforms/iPhoneSimulator.platform/Developer/SDKs/iPhoneSimulator26.2.sdk -O0 -w -L/Users/nataliewhipps/Library/Developer/Xcode/DerivedData/Prompt28-cgmmkisguitsyibyvnemfqvywbnv/Build/Intermediates.noindex/EagerLinkingTBDs/Debug-iphonesimulator -L/Users/nataliewhipps/Library/Developer/Xcode/DerivedData/Prompt28-cgmmkisguitsyibyvnemfqvywbnv/Build/Products/Debug-iphonesimulator -L/Applications/Xcode.app/Contents/Developer/Platforms/iPhoneSimulator.platform/Developer/usr/lib -F/Users/nataliewhipps/Library/Developer/Xcode/DerivedData/Prompt28-cgmmkisguitsyibyvnemfqvywbnv/Build/Intermediates.noindex/EagerLinkingTBDs/Debug-iphonesimulator -F/Users/nataliewhipps/Library/Developer/Xcode/DerivedData/Prompt28-cgmmkisguitsyibyvnemfqvywbnv/Build/Products/Debug-iphonesimulator/PackageFrameworks -F/Users/nataliewhipps/Library/Developer/Xcode/DerivedData/Prompt28-cgmmkisguitsyibyvnemfqvywbnv/Build/Products/Debug-iphonesimulator/PackageFrameworks -F/Users/nataliewhipps/Library/Developer/Xcode/DerivedData/Prompt28-cgmmkisguitsyibyvnemfqvywbnv/Build/Products/Debug-iphonesimulator/PackageFrameworks -F/Users/nataliewhipps/Library/Developer/Xcode/DerivedData/Prompt28-cgmmkisguitsyibyvnemfqvywbnv/Build/Products/Debug-iphonesimulator/PackageFrameworks -F/Users/nataliewhipps/Library/Developer/Xcode/DerivedData/Prompt28-cgmmkisguitsyibyvnemfqvywbnv/Build/Products/Debug-iphonesimulator/PackageFrameworks -F/Users/nataliewhipps/Library/Developer/Xcode/DerivedData/Prompt28-cgmmkisguitsyibyvnemfqvywbnv/Build/Products/Debug-iphonesimulator/PackageFrameworks -F/Users/nataliewhipps/Library/Developer/Xcode/DerivedData/Prompt28-cgmmkisguitsyibyvnemfqvywbnv/Build/Products/Debug-iphonesimulator/PackageFrameworks -F/Users/nataliewhipps/Library/Developer/Xcode/DerivedData/Prompt28-cgmmkisguitsyibyvnemfqvywbnv/Build/Products/Debug-iphonesimulator/PackageFrameworks -F/Users/nataliewhipps/Library/Developer/Xcode/DerivedData/Prompt28-cgmmkisguitsyibyvnemfqvywbnv/Build/Products/Debug-iphonesimulator/PackageFrameworks -F/Users/nataliewhipps/Library/Developer/Xcode/DerivedData/Prompt28-cgmmkisguitsyibyvnemfqvywbnv/Build/Products/Debug-iphonesimulator/PackageFrameworks -F/Users/nataliewhipps/Library/Developer/Xcode/DerivedData/Prompt28-cgmmkisguitsyibyvnemfqvywbnv/Build/Products/Debug-iphonesimulator -iframework /Applications/Xcode.app/Contents/Developer/Platforms/iPhoneSimulator.platform/Developer/Library/Frameworks -iframework /Applications/Xcode.app/Contents/Developer/Platforms/iPhoneSimulator.platform/Developer/SDKs/iPhoneSimulator26.2.sdk/Developer/Library/Frameworks -filelist /Users/nataliewhipps/Library/Developer/Xcode/DerivedData/Prompt28-cgmmkisguitsyibyvnemfqvywbnv/Build/Intermediates.noindex/GoogleSignIn.build/Debug-iphonesimulator/GoogleSignIn.build/Objects-normal/x86_64/GoogleSignIn.LinkFileList -nostdlib -Xlinker -object_path_lto -Xlinker /Users/nataliewhipps/Library/Developer/Xcode/DerivedData/Prompt28-cgmmkisguitsyibyvnemfqvywbnv/Build/Intermediates.noindex/GoogleSignIn.build/Debug-iphonesimulator/GoogleSignIn.build/Objects-normal/x86_64/GoogleSignIn_lto.o -rdynamic -Xlinker -no_deduplicate -Xlinker -objc_abi_version -Xlinker 2 -Xlinker -debug_variant -Xlinker -dependency_info -Xlinker /Users/nataliewhipps/Library/Developer/Xcode/DerivedData/Prompt28-cgmmkisguitsyibyvnemfqvywbnv/Build/Intermediates.noindex/GoogleSignIn.build/Debug-iphonesimulator/GoogleSignIn.build/Objects-normal/x86_64/GoogleSignIn_dependency_info.dat -fobjc-arc -fobjc-link-runtime -o /Users/nataliewhipps/Library/Developer/Xcode/DerivedData/Prompt28-cgmmkisguitsyibyvnemfqvywbnv/Build/Products/Debug-iphonesimulator/GoogleSignIn.o

RegisterExecutionPolicyException /Users/nataliewhipps/Library/Developer/Xcode/DerivedData/Prompt28-cgmmkisguitsyibyvnemfqvywbnv/Build/Products/Debug-iphonesimulator/GoogleSignIn.o (in target 'GoogleSignIn' from project 'GoogleSignIn')
    cd /Users/nataliewhipps/Library/Developer/Xcode/DerivedData/Prompt28-cgmmkisguitsyibyvnemfqvywbnv/SourcePackages/checkouts/GoogleSignIn-iOS
    builtin-RegisterExecutionPolicyException /Users/nataliewhipps/Library/Developer/Xcode/DerivedData/Prompt28-cgmmkisguitsyibyvnemfqvywbnv/Build/Products/Debug-iphonesimulator/GoogleSignIn.o

SwiftExplicitDependencyGeneratePcm x86_64 /Users/nataliewhipps/Library/Developer/Xcode/DerivedData/ModuleCache.noindex/Spatial-4KR1GBI3I0JWS4ULOITA844S4.pcm

SwiftExplicitDependencyGeneratePcm x86_64 /Users/nataliewhipps/Library/Developer/Xcode/DerivedData/ModuleCache.noindex/DataDetection-91YEPBFZ4L54B5OG7CJ5M99OA.pcm

SwiftExplicitDependencyGeneratePcm x86_64 /Users/nataliewhipps/Library/Developer/Xcode/DerivedData/ModuleCache.noindex/UIUtilities-44YK4CGDGPK9TE5O1R7WQ6Z9Y.pcm

SwiftExplicitDependencyGeneratePcm x86_64 /Users/nataliewhipps/Library/Developer/Xcode/DerivedData/ModuleCache.noindex/Accessibility-94INTD41T4187B68XJU645UL6.pcm

SwiftExplicitDependencyGeneratePcm x86_64 /Users/nataliewhipps/Library/Developer/Xcode/DerivedData/ModuleCache.noindex/CoreData-2G8BKCS97O1NCQHLNLCAMC54N.pcm

SwiftExplicitDependencyGeneratePcm x86_64 /Users/nataliewhipps/Library/Developer/Xcode/DerivedData/ModuleCache.noindex/CoreTransferable-9RW64K62SX9QTYP4YMAXT5EGF.pcm

SwiftExplicitDependencyGeneratePcm x86_64 /Users/nataliewhipps/Library/Developer/Xcode/DerivedData/ModuleCache.noindex/FileProvider-15GYTENMJFPYDOE8LMSZNLRSK.pcm

SwiftExplicitDependencyGeneratePcm x86_64 /Users/nataliewhipps/Library/Developer/Xcode/DerivedData/ModuleCache.noindex/OpenGLES-3NGVR72J7MFR0I54W7HHV4WHI.pcm

SwiftExplicitDependencyGeneratePcm x86_64 /Users/nataliewhipps/Library/Developer/Xcode/DerivedData/ModuleCache.noindex/UniformTypeIdentifiers-1EMQL82SPC69I1G8BBBXR0A52.pcm

SwiftExplicitDependencyGeneratePcm x86_64 /Users/nataliewhipps/Library/Developer/Xcode/DerivedData/ModuleCache.noindex/IOSurface-9CEAQ02BTQER60F5JSHQYAX19.pcm

SwiftExplicitDependencyGeneratePcm x86_64 /Users/nataliewhipps/Library/Developer/Xcode/DerivedData/ModuleCache.noindex/Symbols-77CDRUE2ZXYR3C6AIMN5WKDR2.pcm

SwiftExplicitDependencyGeneratePcm x86_64 /Users/nataliewhipps/Library/Developer/Xcode/DerivedData/ModuleCache.noindex/OSLog-3PQKIWDJ6BXKL52YDBZ632G0E.pcm

SwiftExplicitDependencyGeneratePcm x86_64 /Users/nataliewhipps/Library/Developer/Xcode/DerivedData/ModuleCache.noindex/UserNotifications-AYQW30ODEPP9Y74P0W4PFZDY7.pcm

SwiftExplicitDependencyGeneratePcm x86_64 /Users/nataliewhipps/Library/Developer/Xcode/DerivedData/ModuleCache.noindex/Metal-A8N650CTFWEYQOUQPVKICBPVJ.pcm

SwiftExplicitDependencyGeneratePcm x86_64 /Users/nataliewhipps/Library/Developer/Xcode/DerivedData/ModuleCache.noindex/CoreVideo-6G16PPGJ479CWAKQ6VKMOCGSE.pcm

SwiftExplicitDependencyGeneratePcm x86_64 /Users/nataliewhipps/Library/Developer/Xcode/DerivedData/ModuleCache.noindex/CoreImage-DAOR0G7RSF97I29SYPC4SJVF1.pcm

SwiftExplicitDependencyGeneratePcm x86_64 /Users/nataliewhipps/Library/Developer/Xcode/DerivedData/ModuleCache.noindex/QuartzCore-AU8HGDDXUEMAIIK8E724AQ6HS.pcm

SwiftExplicitDependencyGeneratePcm x86_64 /Users/nataliewhipps/Library/Developer/Xcode/DerivedData/ModuleCache.noindex/SwiftUICore-1PUI2ZPY4D78A137XLXRWLLS7.pcm

SwiftExplicitDependencyGeneratePcm x86_64 /Users/nataliewhipps/Library/Developer/Xcode/DerivedData/ModuleCache.noindex/UIKit-2I8DZEY2PNLD4JV5SE11PHKYG.pcm

SwiftExplicitDependencyGeneratePcm x86_64 /Users/nataliewhipps/Library/Developer/Xcode/DerivedData/Prompt28-cgmmkisguitsyibyvnemfqvywbnv/Build/Intermediates.noindex/SwiftExplicitPrecompiledModules/GTMSessionFetcherCore-F0U0Q5BNFLEUBT9XHLS9YRDOR.pcm

SwiftExplicitDependencyGeneratePcm x86_64 /Users/nataliewhipps/Library/Developer/Xcode/DerivedData/ModuleCache.noindex/SwiftUI-BYCS0UOQ5WWWOE5GCMAN4OS92.pcm

SwiftExplicitDependencyGeneratePcm x86_64 /Users/nataliewhipps/Library/Developer/Xcode/DerivedData/Prompt28-cgmmkisguitsyibyvnemfqvywbnv/Build/Intermediates.noindex/SwiftExplicitPrecompiledModules/GoogleSignIn-2TAGE8M5M0F8C0F60ZZ4JPO0H.pcm

SwiftCompile normal x86_64 Compiling\ GoogleSignInButtonViewModel.swift /Users/nataliewhipps/Library/Developer/Xcode/DerivedData/Prompt28-cgmmkisguitsyibyvnemfqvywbnv/SourcePackages/checkouts/GoogleSignIn-iOS/GoogleSignInSwift/Sources/GoogleSignInButtonViewModel.swift (in target 'GoogleSignInSwift' from project 'GoogleSignIn')

SwiftCompile normal x86_64 /Users/nataliewhipps/Library/Developer/Xcode/DerivedData/Prompt28-cgmmkisguitsyibyvnemfqvywbnv/SourcePackages/checkouts/GoogleSignIn-iOS/GoogleSignInSwift/Sources/GoogleSignInButtonViewModel.swift (in target 'GoogleSignInSwift' from project 'GoogleSignIn')
    cd /Users/nataliewhipps/Desktop/Prompt28/Prompt28.xcodeproj
    

SwiftCompile normal x86_64 Compiling\ GoogleSignInButtonStyling.swift /Users/nataliewhipps/Library/Developer/Xcode/DerivedData/Prompt28-cgmmkisguitsyibyvnemfqvywbnv/SourcePackages/checkouts/GoogleSignIn-iOS/GoogleSignInSwift/Sources/GoogleSignInButtonStyling.swift (in target 'GoogleSignInSwift' from project 'GoogleSignIn')
SwiftCompile normal x86_64 /Users/nataliewhipps/Library/Developer/Xcode/DerivedData/Prompt28-cgmmkisguitsyibyvnemfqvywbnv/SourcePackages/checkouts/GoogleSignIn-iOS/GoogleSignInSwift/Sources/GoogleSignInButtonStyling.swift (in target 'GoogleSignInSwift' from project 'GoogleSignIn')
    cd /Users/nataliewhipps/Desktop/Prompt28/Prompt28.xcodeproj
    

SwiftCompile normal x86_64 Compiling\ GoogleSignInButtonStrings.swift /Users/nataliewhipps/Library/Developer/Xcode/DerivedData/Prompt28-cgmmkisguitsyibyvnemfqvywbnv/SourcePackages/checkouts/GoogleSignIn-iOS/GoogleSignInSwift/Sources/GoogleSignInButtonStrings.swift (in target 'GoogleSignInSwift' from project 'GoogleSignIn')

SwiftCompile normal x86_64 /Users/nataliewhipps/Library/Developer/Xcode/DerivedData/Prompt28-cgmmkisguitsyibyvnemfqvywbnv/SourcePackages/checkouts/GoogleSignIn-iOS/GoogleSignInSwift/Sources/GoogleSignInButtonStrings.swift (in target 'GoogleSignInSwift' from project 'GoogleSignIn')
    cd /Users/nataliewhipps/Desktop/Prompt28/Prompt28.xcodeproj
    

SwiftEmitModule normal x86_64 Emitting\ module\ for\ GoogleSignInSwift (in target 'GoogleSignInSwift' from project 'GoogleSignIn')

EmitSwiftModule normal x86_64 (in target 'GoogleSignInSwift' from project 'GoogleSignIn')
    cd /Users/nataliewhipps/Desktop/Prompt28/Prompt28.xcodeproj
    

SwiftCompile normal x86_64 Compiling\ resource_bundle_accessor.swift /Users/nataliewhipps/Library/Developer/Xcode/DerivedData/Prompt28-cgmmkisguitsyibyvnemfqvywbnv/Build/Intermediates.noindex/GoogleSignIn.build/Debug-iphonesimulator/GoogleSignInSwift.build/DerivedSources/resource_bundle_accessor.swift (in target 'GoogleSignInSwift' from project 'GoogleSignIn')

SwiftCompile normal x86_64 /Users/nataliewhipps/Library/Developer/Xcode/DerivedData/Prompt28-cgmmkisguitsyibyvnemfqvywbnv/Build/Intermediates.noindex/GoogleSignIn.build/Debug-iphonesimulator/GoogleSignInSwift.build/DerivedSources/resource_bundle_accessor.swift (in target 'GoogleSignInSwift' from project 'GoogleSignIn')
    cd /Users/nataliewhipps/Desktop/Prompt28/Prompt28.xcodeproj
    

SwiftCompile normal x86_64 Compiling\ GoogleSignInButton.swift /Users/nataliewhipps/Library/Developer/Xcode/DerivedData/Prompt28-cgmmkisguitsyibyvnemfqvywbnv/SourcePackages/checkouts/GoogleSignIn-iOS/GoogleSignInSwift/Sources/GoogleSignInButton.swift (in target 'GoogleSignInSwift' from project 'GoogleSignIn')
SwiftCompile normal x86_64 /Users/nataliewhipps/Library/Developer/Xcode/DerivedData/Prompt28-cgmmkisguitsyibyvnemfqvywbnv/SourcePackages/checkouts/GoogleSignIn-iOS/GoogleSignInSwift/Sources/GoogleSignInButton.swift (in target 'GoogleSignInSwift' from project 'GoogleSignIn')
    cd /Users/nataliewhipps/Desktop/Prompt28/Prompt28.xcodeproj
    

SwiftCompile normal x86_64 Compiling\ GoogleSignInButtonBundleExtensions.swift /Users/nataliewhipps/Library/Developer/Xcode/DerivedData/Prompt28-cgmmkisguitsyibyvnemfqvywbnv/SourcePackages/checkouts/GoogleSignIn-iOS/GoogleSignInSwift/Sources/GoogleSignInButtonBundleExtensions.swift (in target 'GoogleSignInSwift' from project 'GoogleSignIn')

SwiftCompile normal x86_64 /Users/nataliewhipps/Library/Developer/Xcode/DerivedData/Prompt28-cgmmkisguitsyibyvnemfqvywbnv/SourcePackages/checkouts/GoogleSignIn-iOS/GoogleSignInSwift/Sources/GoogleSignInButtonBundleExtensions.swift (in target 'GoogleSignInSwift' from project 'GoogleSignIn')
    cd /Users/nataliewhipps/Desktop/Prompt28/Prompt28.xcodeproj
    

SwiftDriverJobDiscovery normal x86_64 Emitting module for GoogleSignInSwift (in target 'GoogleSignInSwift' from project 'GoogleSignIn')

SwiftDriver\ Compilation\ Requirements GoogleSignInSwift normal x86_64 com.apple.xcode.tools.swift.compiler (in target 'GoogleSignInSwift' from project 'GoogleSignIn')
    cd /Users/nataliewhipps/Desktop/Prompt28/Prompt28.xcodeproj
    builtin-Swift-Compilation-Requirements -- /Applications/Xcode.app/Contents/Developer/Toolchains/XcodeDefault.xctoolchain/usr/bin/swiftc -module-name GoogleSignInSwift -Onone -enforce-exclusivity\=checked @/Users/nataliewhipps/Library/Developer/Xcode/DerivedData/Prompt28-cgmmkisguitsyibyvnemfqvywbnv/Build/Intermediates.noindex/GoogleSignIn.build/Debug-iphonesimulator/GoogleSignInSwift.build/Objects-normal/x86_64/GoogleSignInSwift.SwiftFileList -DSWIFT_PACKAGE -DDEBUG -DSWIFT_MODULE_RESOURCE_BUNDLE_AVAILABLE -Xcc -fmodule-map-file\=/Users/nataliewhipps/Library/Developer/Xcode/DerivedData/Prompt28-cgmmkisguitsyibyvnemfqvywbnv/Build/Intermediates.noindex/GeneratedModuleMaps-iphonesimulator/AppAuth.modulemap -Xcc -fmodule-map-file\=/Users/nataliewhipps/Library/Developer/Xcode/DerivedData/Prompt28-cgmmkisguitsyibyvnemfqvywbnv/Build/Intermediates.noindex/GeneratedModuleMaps-iphonesimulator/AppAuthCore.modulemap -Xcc -fmodule-map-file\=/Users/nataliewhipps/Library/Developer/Xcode/DerivedData/Prompt28-cgmmkisguitsyibyvnemfqvywbnv/Build/Intermediates.noindex/GeneratedModuleMaps-iphonesimulator/GoogleUtilities-Logger.modulemap -Xcc -fmodule-map-file\=/Users/nataliewhipps/Library/Developer/Xcode/DerivedData/Prompt28-cgmmkisguitsyibyvnemfqvywbnv/Build/Intermediates.noindex/GeneratedModuleMaps-iphonesimulator/GoogleUtilities-Environment.modulemap -Xcc -fmodule-map-file\=/Users/nataliewhipps/Library/Developer/Xcode/DerivedData/Prompt28-cgmmkisguitsyibyvnemfqvywbnv/Build/Intermediates.noindex/GeneratedModuleMaps-iphonesimulator/third-party-IsAppEncrypted.modulemap -Xcc -fmodule-map-file\=/Users/nataliewhipps/Library/Developer/Xcode/DerivedData/Prompt28-cgmmkisguitsyibyvnemfqvywbnv/Build/Intermediates.noindex/GeneratedModuleMaps-iphonesimulator/GoogleUtilities-UserDefaults.modulemap -Xcc -fmodule-map-file\=/Users/nataliewhipps/Library/Developer/Xcode/DerivedData/Prompt28-cgmmkisguitsyibyvnemfqvywbnv/Build/Intermediates.noindex/GeneratedModuleMaps-iphonesimulator/AppCheckCore.modulemap -Xcc -fmodule-map-file\=/Users/nataliewhipps/Library/Developer/Xcode/DerivedData/Prompt28-cgmmkisguitsyibyvnemfqvywbnv/Build/Intermediates.noindex/GeneratedModuleMaps-iphonesimulator/GTMSessionFetcherCore.modulemap -Xcc -fmodule-map-file\=/Users/nataliewhipps/Library/Developer/Xcode/DerivedData/Prompt28-cgmmkisguitsyibyvnemfqvywbnv/Build/Intermediates.noindex/GeneratedModuleMaps-iphonesimulator/GoogleSignIn.modulemap -DXcode -plugin-path /Applications/Xcode.app/Contents/Developer/Toolchains/XcodeDefault.xctoolchain/usr/lib/swift/host/plugins/testing -enable-experimental-feature DebugDescriptionMacro -sdk /Applications/Xcode.app/Contents/Developer/Platforms/iPhoneSimulator.platform/Developer/SDKs/iPhoneSimulator26.2.sdk -target x86_64-apple-ios12.0-simulator -g -module-cache-path /Users/nataliewhipps/Library/Developer/Xcode/DerivedData/ModuleCache.noindex -Xfrontend -serialize-debugging-options -profile-coverage-mapping -profile-generate -enable-testing -suppress-warnings -index-store-path /Users/nataliewhipps/Library/Developer/Xcode/DerivedData/Prompt28-cgmmkisguitsyibyvnemfqvywbnv/Index.noindex/DataStore -Xcc -D_LIBCPP_HARDENING_MODE\=_LIBCPP_HARDENING_MODE_DEBUG -swift-version 6 -I /Users/nataliewhipps/Library/Developer/Xcode/DerivedData/Prompt28-cgmmkisguitsyibyvnemfqvywbnv/Build/Products/Debug-iphonesimulator -Isystem /Applications/Xcode.app/Contents/Developer/Platforms/iPhoneSimulator.platform/Developer/usr/lib -F /Users/nataliewhipps/Library/Developer/Xcode/DerivedData/Prompt28-cgmmkisguitsyibyvnemfqvywbnv/Build/Products/Debug-iphonesimulator/PackageFrameworks -F /Users/nataliewhipps/Library/Developer/Xcode/DerivedData/Prompt28-cgmmkisguitsyibyvnemfqvywbnv/Build/Products/Debug-iphonesimulator/PackageFrameworks -F /Users/nataliewhipps/Library/Developer/Xcode/DerivedData/Prompt28-cgmmkisguitsyibyvnemfqvywbnv/Build/Products/Debug-iphonesimulator/PackageFrameworks -F /Users/nataliewhipps/Library/Developer/Xcode/DerivedData/Prompt28-cgmmkisguitsyibyvnemfqvywbnv/Build/Products/Debug-iphonesimulator/PackageFrameworks -F /Users/nataliewhipps/Library/Developer/Xcode/DerivedData/Prompt28-cgmmkisguitsyibyvnemfqvywbnv/Build/Products/Debug-iphonesimulator/PackageFrameworks -F /Users/nataliewhipps/Library/Developer/Xcode/DerivedData/Prompt28-cgmmkisguitsyibyvnemfqvywbnv/Build/Products/Debug-iphonesimulator/PackageFrameworks -F /Users/nataliewhipps/Library/Developer/Xcode/DerivedData/Prompt28-cgmmkisguitsyibyvnemfqvywbnv/Build/Products/Debug-iphonesimulator/PackageFrameworks -F /Users/nataliewhipps/Library/Developer/Xcode/DerivedData/Prompt28-cgmmkisguitsyibyvnemfqvywbnv/Build/Products/Debug-iphonesimulator/PackageFrameworks -F /Users/nataliewhipps/Library/Developer/Xcode/DerivedData/Prompt28-cgmmkisguitsyibyvnemfqvywbnv/Build/Products/Debug-iphonesimulator/PackageFrameworks -F /Users/nataliewhipps/Library/Developer/Xcode/DerivedData/Prompt28-cgmmkisguitsyibyvnemfqvywbnv/Build/Products/Debug-iphonesimulator/PackageFrameworks -F /Users/nataliewhipps/Library/Developer/Xcode/DerivedData/Prompt28-cgmmkisguitsyibyvnemfqvywbnv/Build/Products/Debug-iphonesimulator/PackageFrameworks -F /Users/nataliewhipps/Library/Developer/Xcode/DerivedData/Prompt28-cgmmkisguitsyibyvnemfqvywbnv/Build/Products/Debug-iphonesimulator -F /Applications/Xcode.app/Contents/Developer/Platforms/iPhoneSimulator.platform/Developer/Library/Frameworks -F /Applications/Xcode.app/Contents/Developer/Platforms/iPhoneSimulator.platform/Developer/SDKs/iPhoneSimulator26.2.sdk/Developer/Library/Frameworks -emit-localized-strings -emit-localized-strings-path /Users/nataliewhipps/Library/Developer/Xcode/DerivedData/Prompt28-cgmmkisguitsyibyvnemfqvywbnv/Build/Intermediates.noindex/GoogleSignIn.build/Debug-iphonesimulator/GoogleSignInSwift.build/Objects-normal/x86_64 -c -j8 -enable-batch-mode -incremental -Xcc -ivfsstatcache -Xcc /Users/nataliewhipps/Library/Developer/Xcode/DerivedData/SDKStatCaches.noindex/iphonesimulator26.2-23C57-7d00a8b37fbd7999ea79df8ebc024bf0.sdkstatcache -output-file-map /Users/nataliewhipps/Library/Developer/Xcode/DerivedData/Prompt28-cgmmkisguitsyibyvnemfqvywbnv/Build/Intermediates.noindex/GoogleSignIn.build/Debug-iphonesimulator/GoogleSignInSwift.build/Objects-normal/x86_64/GoogleSignInSwift-OutputFileMap.json -use-frontend-parseable-output -save-temps -no-color-diagnostics -explicit-module-build -module-cache-path /Users/nataliewhipps/Library/Developer/Xcode/DerivedData/Prompt28-cgmmkisguitsyibyvnemfqvywbnv/Build/Intermediates.noindex/SwiftExplicitPrecompiledModules -clang-scanner-module-cache-path /Users/nataliewhipps/Library/Developer/Xcode/DerivedData/ModuleCache.noindex -sdk-module-cache-path /Users/nataliewhipps/Library/Developer/Xcode/DerivedData/ModuleCache.noindex -serialize-diagnostics -emit-dependencies -emit-module -emit-module-path /Users/nataliewhipps/Library/Developer/Xcode/DerivedData/Prompt28-cgmmkisguitsyibyvnemfqvywbnv/Build/Intermediates.noindex/GoogleSignIn.build/Debug-iphonesimulator/GoogleSignInSwift.build/Objects-normal/x86_64/GoogleSignInSwift.swiftmodule -user-module-version 9.1.0 -validate-clang-modules-once -clang-build-session-file /Users/nataliewhipps/Library/Developer/Xcode/DerivedData/ModuleCache.noindex/Session.modulevalidation -package-name googlesignin_ios -Xcc -I/Users/nataliewhipps/Library/Developer/Xcode/DerivedData/Prompt28-cgmmkisguitsyibyvnemfqvywbnv/Build/Intermediates.noindex/GoogleSignIn.build/Debug-iphonesimulator/GoogleSignInSwift.build/swift-overrides.hmap -emit-const-values -Xfrontend -const-gather-protocols-file -Xfrontend /Users/nataliewhipps/Library/Developer/Xcode/DerivedData/Prompt28-cgmmkisguitsyibyvnemfqvywbnv/Build/Intermediates.noindex/GoogleSignIn.build/Debug-iphonesimulator/GoogleSignInSwift.build/Objects-normal/x86_64/GoogleSignInSwift_const_extract_protocols.json -Xcc -I/Users/nataliewhipps/Library/Developer/Xcode/DerivedData/Prompt28-cgmmkisguitsyibyvnemfqvywbnv/SourcePackages/checkouts/AppAuth-iOS/Sources/AppAuth -Xcc -I/Users/nataliewhipps/Library/Developer/Xcode/DerivedData/Prompt28-cgmmkisguitsyibyvnemfqvywbnv/SourcePackages/checkouts/AppAuth-iOS/Sources/AppAuthCore -Xcc -I/Users/nataliewhipps/Library/Developer/Xcode/DerivedData/Prompt28-cgmmkisguitsyibyvnemfqvywbnv/SourcePackages/checkouts/promises/Sources/FBLPromises/include -Xcc -I/Users/nataliewhipps/Library/Developer/Xcode/DerivedData/Prompt28-cgmmkisguitsyibyvnemfqvywbnv/SourcePackages/checkouts/GoogleUtilities/GoogleUtilities/Logger/Public -Xcc -I/Users/nataliewhipps/Library/Developer/Xcode/DerivedData/Prompt28-cgmmkisguitsyibyvnemfqvywbnv/SourcePackages/checkouts/GoogleUtilities/GoogleUtilities/Environment/Public -Xcc -I/Users/nataliewhipps/Library/Developer/Xcode/DerivedData/Prompt28-cgmmkisguitsyibyvnemfqvywbnv/SourcePackages/checkouts/GoogleUtilities/third_party/IsAppEncrypted/Public -Xcc -I/Users/nataliewhipps/Library/Developer/Xcode/DerivedData/Prompt28-cgmmkisguitsyibyvnemfqvywbnv/SourcePackages/checkouts/GoogleUtilities/GoogleUtilities/UserDefaults/Public -Xcc -I/Users/nataliewhipps/Library/Developer/Xcode/DerivedData/Prompt28-cgmmkisguitsyibyvnemfqvywbnv/SourcePackages/checkouts/app-check/AppCheckCore/Sources/Public -Xcc -I/Users/nataliewhipps/Library/Developer/Xcode/DerivedData/Prompt28-cgmmkisguitsyibyvnemfqvywbnv/SourcePackages/checkouts/gtm-session-fetcher/Sources/Core/Public -Xcc -I/Users/nataliewhipps/Library/Developer/Xcode/DerivedData/Prompt28-cgmmkisguitsyibyvnemfqvywbnv/SourcePackages/checkouts/GoogleSignIn-iOS/GoogleSignIn/Sources/Public -Xcc -I/Users/nataliewhipps/Library/Developer/Xcode/DerivedData/Prompt28-cgmmkisguitsyibyvnemfqvywbnv/Build/Products/Debug-iphonesimulator/include -Xcc -I/Users/nataliewhipps/Library/Developer/Xcode/DerivedData/Prompt28-cgmmkisguitsyibyvnemfqvywbnv/Build/Intermediates.noindex/GoogleSignIn.build/Debug-iphonesimulator/GoogleSignInSwift.build/DerivedSources-normal/x86_64 -Xcc -I/Users/nataliewhipps/Library/Developer/Xcode/DerivedData/Prompt28-cgmmkisguitsyibyvnemfqvywbnv/Build/Intermediates.noindex/GoogleSignIn.build/Debug-iphonesimulator/GoogleSignInSwift.build/DerivedSources/x86_64 -Xcc -I/Users/nataliewhipps/Library/Developer/Xcode/DerivedData/Prompt28-cgmmkisguitsyibyvnemfqvywbnv/Build/Intermediates.noindex/GoogleSignIn.build/Debug-iphonesimulator/GoogleSignInSwift.build/DerivedSources -Xcc -DSWIFT_PACKAGE -Xcc -DDEBUG\=1 -emit-objc-header -emit-objc-header-path /Users/nataliewhipps/Library/Developer/Xcode/DerivedData/Prompt28-cgmmkisguitsyibyvnemfqvywbnv/Build/Intermediates.noindex/GoogleSignIn.build/Debug-iphonesimulator/GoogleSignInSwift.build/Objects-normal/x86_64/GoogleSignInSwift-Swift.h -working-directory /Users/nataliewhipps/Desktop/Prompt28/Prompt28.xcodeproj -experimental-emit-module-separately -disable-cmo

SwiftMergeGeneratedHeaders /Users/nataliewhipps/Library/Developer/Xcode/DerivedData/Prompt28-cgmmkisguitsyibyvnemfqvywbnv/Build/Intermediates.noindex/GeneratedModuleMaps-iphonesimulator/GoogleSignInSwift-Swift.h /Users/nataliewhipps/Library/Developer/Xcode/DerivedData/Prompt28-cgmmkisguitsyibyvnemfqvywbnv/Build/Intermediates.noindex/GoogleSignIn.build/Debug-iphonesimulator/GoogleSignInSwift.build/Objects-normal/x86_64/GoogleSignInSwift-Swift.h (in target 'GoogleSignInSwift' from project 'GoogleSignIn')
    cd /Users/nataliewhipps/Library/Developer/Xcode/DerivedData/Prompt28-cgmmkisguitsyibyvnemfqvywbnv/SourcePackages/checkouts/GoogleSignIn-iOS
    builtin-swiftHeaderTool -arch x86_64 /Users/nataliewhipps/Library/Developer/Xcode/DerivedData/Prompt28-cgmmkisguitsyibyvnemfqvywbnv/Build/Intermediates.noindex/GoogleSignIn.build/Debug-iphonesimulator/GoogleSignInSwift.build/Objects-normal/x86_64/GoogleSignInSwift-Swift.h -o /Users/nataliewhipps/Library/Developer/Xcode/DerivedData/Prompt28-cgmmkisguitsyibyvnemfqvywbnv/Build/Intermediates.noindex/GeneratedModuleMaps-iphonesimulator/GoogleSignInSwift-Swift.h

Copy /Users/nataliewhipps/Library/Developer/Xcode/DerivedData/Prompt28-cgmmkisguitsyibyvnemfqvywbnv/Build/Products/Debug-iphonesimulator/GoogleSignInSwift.swiftmodule/x86_64-apple-ios-simulator.swiftmodule /Users/nataliewhipps/Library/Developer/Xcode/DerivedData/Prompt28-cgmmkisguitsyibyvnemfqvywbnv/Build/Intermediates.noindex/GoogleSignIn.build/Debug-iphonesimulator/GoogleSignInSwift.build/Objects-normal/x86_64/GoogleSignInSwift.swiftmodule (in target 'GoogleSignInSwift' from project 'GoogleSignIn')
    cd /Users/nataliewhipps/Library/Developer/Xcode/DerivedData/Prompt28-cgmmkisguitsyibyvnemfqvywbnv/SourcePackages/checkouts/GoogleSignIn-iOS
    builtin-copy -exclude .DS_Store -exclude CVS -exclude .svn -exclude .git -exclude .hg -resolve-src-symlinks -rename /Users/nataliewhipps/Library/Developer/Xcode/DerivedData/Prompt28-cgmmkisguitsyibyvnemfqvywbnv/Build/Intermediates.noindex/GoogleSignIn.build/Debug-iphonesimulator/GoogleSignInSwift.build/Objects-normal/x86_64/GoogleSignInSwift.swiftmodule /Users/nataliewhipps/Library/Developer/Xcode/DerivedData/Prompt28-cgmmkisguitsyibyvnemfqvywbnv/Build/Products/Debug-iphonesimulator/GoogleSignInSwift.swiftmodule/x86_64-apple-ios-simulator.swiftmodule

Copy /Users/nataliewhipps/Library/Developer/Xcode/DerivedData/Prompt28-cgmmkisguitsyibyvnemfqvywbnv/Build/Products/Debug-iphonesimulator/GoogleSignInSwift.swiftmodule/x86_64-apple-ios-simulator.swiftdoc /Users/nataliewhipps/Library/Developer/Xcode/DerivedData/Prompt28-cgmmkisguitsyibyvnemfqvywbnv/Build/Intermediates.noindex/GoogleSignIn.build/Debug-iphonesimulator/GoogleSignInSwift.build/Objects-normal/x86_64/GoogleSignInSwift.swiftdoc (in target 'GoogleSignInSwift' from project 'GoogleSignIn')
    cd /Users/nataliewhipps/Library/Developer/Xcode/DerivedData/Prompt28-cgmmkisguitsyibyvnemfqvywbnv/SourcePackages/checkouts/GoogleSignIn-iOS
    builtin-copy -exclude .DS_Store -exclude CVS -exclude .svn -exclude .git -exclude .hg -resolve-src-symlinks -rename /Users/nataliewhipps/Library/Developer/Xcode/DerivedData/Prompt28-cgmmkisguitsyibyvnemfqvywbnv/Build/Intermediates.noindex/GoogleSignIn.build/Debug-iphonesimulator/GoogleSignInSwift.build/Objects-normal/x86_64/GoogleSignInSwift.swiftdoc /Users/nataliewhipps/Library/Developer/Xcode/DerivedData/Prompt28-cgmmkisguitsyibyvnemfqvywbnv/Build/Products/Debug-iphonesimulator/GoogleSignInSwift.swiftmodule/x86_64-apple-ios-simulator.swiftdoc

Copy /Users/nataliewhipps/Library/Developer/Xcode/DerivedData/Prompt28-cgmmkisguitsyibyvnemfqvywbnv/Build/Products/Debug-iphonesimulator/GoogleSignInSwift.swiftmodule/x86_64-apple-ios-simulator.abi.json /Users/nataliewhipps/Library/Developer/Xcode/DerivedData/Prompt28-cgmmkisguitsyibyvnemfqvywbnv/Build/Intermediates.noindex/GoogleSignIn.build/Debug-iphonesimulator/GoogleSignInSwift.build/Objects-normal/x86_64/GoogleSignInSwift.abi.json (in target 'GoogleSignInSwift' from project 'GoogleSignIn')
    cd /Users/nataliewhipps/Library/Developer/Xcode/DerivedData/Prompt28-cgmmkisguitsyibyvnemfqvywbnv/SourcePackages/checkouts/GoogleSignIn-iOS
    builtin-copy -exclude .DS_Store -exclude CVS -exclude .svn -exclude .git -exclude .hg -resolve-src-symlinks -rename /Users/nataliewhipps/Library/Developer/Xcode/DerivedData/Prompt28-cgmmkisguitsyibyvnemfqvywbnv/Build/Intermediates.noindex/GoogleSignIn.build/Debug-iphonesimulator/GoogleSignInSwift.build/Objects-normal/x86_64/GoogleSignInSwift.abi.json /Users/nataliewhipps/Library/Developer/Xcode/DerivedData/Prompt28-cgmmkisguitsyibyvnemfqvywbnv/Build/Products/Debug-iphonesimulator/GoogleSignInSwift.swiftmodule/x86_64-apple-ios-simulator.abi.json

Copy /Users/nataliewhipps/Library/Developer/Xcode/DerivedData/Prompt28-cgmmkisguitsyibyvnemfqvywbnv/Build/Products/Debug-iphonesimulator/GoogleSignInSwift.swiftmodule/Project/x86_64-apple-ios-simulator.swiftsourceinfo /Users/nataliewhipps/Library/Developer/Xcode/DerivedData/Prompt28-cgmmkisguitsyibyvnemfqvywbnv/Build/Intermediates.noindex/GoogleSignIn.build/Debug-iphonesimulator/GoogleSignInSwift.build/Objects-normal/x86_64/GoogleSignInSwift.swiftsourceinfo (in target 'GoogleSignInSwift' from project 'GoogleSignIn')
    cd /Users/nataliewhipps/Library/Developer/Xcode/DerivedData/Prompt28-cgmmkisguitsyibyvnemfqvywbnv/SourcePackages/checkouts/GoogleSignIn-iOS
    builtin-copy -exclude .DS_Store -exclude CVS -exclude .svn -exclude .git -exclude .hg -resolve-src-symlinks -rename /Users/nataliewhipps/Library/Developer/Xcode/DerivedData/Prompt28-cgmmkisguitsyibyvnemfqvywbnv/Build/Intermediates.noindex/GoogleSignIn.build/Debug-iphonesimulator/GoogleSignInSwift.build/Objects-normal/x86_64/GoogleSignInSwift.swiftsourceinfo /Users/nataliewhipps/Library/Developer/Xcode/DerivedData/Prompt28-cgmmkisguitsyibyvnemfqvywbnv/Build/Products/Debug-iphonesimulator/GoogleSignInSwift.swiftmodule/Project/x86_64-apple-ios-simulator.swiftsourceinfo

ProcessProductPackaging /Users/nataliewhipps/Desktop/Prompt28/Prompt28/Prompt28.entitlements /Users/nataliewhipps/Library/Developer/Xcode/DerivedData/Prompt28-cgmmkisguitsyibyvnemfqvywbnv/Build/Intermediates.noindex/Prompt28.build/Debug-iphonesimulator/Prompt28.build/Prompt28.app.xcent (in target 'Prompt28' from project 'Prompt28')
    cd /Users/nataliewhipps/Desktop/Prompt28
    
    Entitlements:
    
    {
}
    
    builtin-productPackagingUtility /Users/nataliewhipps/Desktop/Prompt28/Prompt28/Prompt28.entitlements -entitlements -format xml -o /Users/nataliewhipps/Library/Developer/Xcode/DerivedData/Prompt28-cgmmkisguitsyibyvnemfqvywbnv/Build/Intermediates.noindex/Prompt28.build/Debug-iphonesimulator/Prompt28.build/Prompt28.app.xcent

ProcessProductPackaging /Users/nataliewhipps/Desktop/Prompt28/Prompt28/Prompt28.entitlements /Users/nataliewhipps/Library/Developer/Xcode/DerivedData/Prompt28-cgmmkisguitsyibyvnemfqvywbnv/Build/Intermediates.noindex/Prompt28.build/Debug-iphonesimulator/Prompt28.build/Prompt28.app-Simulated.xcent (in target 'Prompt28' from project 'Prompt28')
    cd /Users/nataliewhipps/Desktop/Prompt28
    
    Entitlements:
    
    {
    "application-identifier" = "A2295U45FN.com.prompt28.prompt28";
    "com.apple.developer.applesignin" =     (
        Default
    );
}
    
    builtin-productPackagingUtility /Users/nataliewhipps/Desktop/Prompt28/Prompt28/Prompt28.entitlements -entitlements -format xml -o /Users/nataliewhipps/Library/Developer/Xcode/DerivedData/Prompt28-cgmmkisguitsyibyvnemfqvywbnv/Build/Intermediates.noindex/Prompt28.build/Debug-iphonesimulator/Prompt28.build/Prompt28.app-Simulated.xcent

ProcessProductPackagingDER /Users/nataliewhipps/Library/Developer/Xcode/DerivedData/Prompt28-cgmmkisguitsyibyvnemfqvywbnv/Build/Intermediates.noindex/Prompt28.build/Debug-iphonesimulator/Prompt28.build/Prompt28.app.xcent /Users/nataliewhipps/Library/Developer/Xcode/DerivedData/Prompt28-cgmmkisguitsyibyvnemfqvywbnv/Build/Intermediates.noindex/Prompt28.build/Debug-iphonesimulator/Prompt28.build/Prompt28.app.xcent.der (in target 'Prompt28' from project 'Prompt28')
    cd /Users/nataliewhipps/Desktop/Prompt28
    /usr/bin/derq query -f xml -i /Users/nataliewhipps/Library/Developer/Xcode/DerivedData/Prompt28-cgmmkisguitsyibyvnemfqvywbnv/Build/Intermediates.noindex/Prompt28.build/Debug-iphonesimulator/Prompt28.build/Prompt28.app.xcent -o /Users/nataliewhipps/Library/Developer/Xcode/DerivedData/Prompt28-cgmmkisguitsyibyvnemfqvywbnv/Build/Intermediates.noindex/Prompt28.build/Debug-iphonesimulator/Prompt28.build/Prompt28.app.xcent.der --raw

ProcessProductPackagingDER /Users/nataliewhipps/Library/Developer/Xcode/DerivedData/Prompt28-cgmmkisguitsyibyvnemfqvywbnv/Build/Intermediates.noindex/Prompt28.build/Debug-iphonesimulator/Prompt28.build/Prompt28.app-Simulated.xcent /Users/nataliewhipps/Library/Developer/Xcode/DerivedData/Prompt28-cgmmkisguitsyibyvnemfqvywbnv/Build/Intermediates.noindex/Prompt28.build/Debug-iphonesimulator/Prompt28.build/Prompt28.app-Simulated.xcent.der (in target 'Prompt28' from project 'Prompt28')
    cd /Users/nataliewhipps/Desktop/Prompt28
    /usr/bin/derq query -f xml -i /Users/nataliewhipps/Library/Developer/Xcode/DerivedData/Prompt28-cgmmkisguitsyibyvnemfqvywbnv/Build/Intermediates.noindex/Prompt28.build/Debug-iphonesimulator/Prompt28.build/Prompt28.app-Simulated.xcent -o /Users/nataliewhipps/Library/Developer/Xcode/DerivedData/Prompt28-cgmmkisguitsyibyvnemfqvywbnv/Build/Intermediates.noindex/Prompt28.build/Debug-iphonesimulator/Prompt28.build/Prompt28.app-Simulated.xcent.der --raw

SwiftDriver Prompt28 normal x86_64 com.apple.xcode.tools.swift.compiler (in target 'Prompt28' from project 'Prompt28')
    cd /Users/nataliewhipps/Desktop/Prompt28
    builtin-SwiftDriver -- /Applications/Xcode.app/Contents/Developer/Toolchains/XcodeDefault.xctoolchain/usr/bin/swiftc -module-name Prompt28 -Onone -enforce-exclusivity\=checked @/Users/nataliewhipps/Library/Developer/Xcode/DerivedData/Prompt28-cgmmkisguitsyibyvnemfqvywbnv/Build/Intermediates.noindex/Prompt28.build/Debug-iphonesimulator/Prompt28.build/Objects-normal/x86_64/Prompt28.SwiftFileList -DDEBUG -Xcc -fmodule-map-file\=/Users/nataliewhipps/Library/Developer/Xcode/DerivedData/Prompt28-cgmmkisguitsyibyvnemfqvywbnv/Build/Intermediates.noindex/GeneratedModuleMaps-iphonesimulator/AppAuth.modulemap -Xcc -fmodule-map-file\=/Users/nataliewhipps/Library/Developer/Xcode/DerivedData/Prompt28-cgmmkisguitsyibyvnemfqvywbnv/Build/Intermediates.noindex/GeneratedModuleMaps-iphonesimulator/AppAuthCore.modulemap -Xcc -fmodule-map-file\=/Users/nataliewhipps/Library/Developer/Xcode/DerivedData/Prompt28-cgmmkisguitsyibyvnemfqvywbnv/Build/Intermediates.noindex/GeneratedModuleMaps-iphonesimulator/GoogleUtilities-Logger.modulemap -Xcc -fmodule-map-file\=/Users/nataliewhipps/Library/Developer/Xcode/DerivedData/Prompt28-cgmmkisguitsyibyvnemfqvywbnv/Build/Intermediates.noindex/GeneratedModuleMaps-iphonesimulator/GoogleUtilities-Environment.modulemap -Xcc -fmodule-map-file\=/Users/nataliewhipps/Library/Developer/Xcode/DerivedData/Prompt28-cgmmkisguitsyibyvnemfqvywbnv/Build/Intermediates.noindex/GeneratedModuleMaps-iphonesimulator/third-party-IsAppEncrypted.modulemap -Xcc -fmodule-map-file\=/Users/nataliewhipps/Library/Developer/Xcode/DerivedData/Prompt28-cgmmkisguitsyibyvnemfqvywbnv/Build/Intermediates.noindex/GeneratedModuleMaps-iphonesimulator/GoogleUtilities-UserDefaults.modulemap -Xcc -fmodule-map-file\=/Users/nataliewhipps/Library/Developer/Xcode/DerivedData/Prompt28-cgmmkisguitsyibyvnemfqvywbnv/Build/Intermediates.noindex/GeneratedModuleMaps-iphonesimulator/AppCheckCore.modulemap -Xcc -fmodule-map-file\=/Users/nataliewhipps/Library/Developer/Xcode/DerivedData/Prompt28-cgmmkisguitsyibyvnemfqvywbnv/Build/Intermediates.noindex/GeneratedModuleMaps-iphonesimulator/GTMSessionFetcherCore.modulemap -Xcc -fmodule-map-file\=/Users/nataliewhipps/Library/Developer/Xcode/DerivedData/Prompt28-cgmmkisguitsyibyvnemfqvywbnv/Build/Intermediates.noindex/GeneratedModuleMaps-iphonesimulator/GoogleSignIn.modulemap -default-isolation\=MainActor -enable-bare-slash-regex -enable-upcoming-feature DisableOutwardActorInference -enable-upcoming-feature InferSendableFromCaptures -enable-upcoming-feature GlobalActorIsolatedTypesUsability -enable-upcoming-feature MemberImportVisibility -enable-upcoming-feature InferIsolatedConformances -enable-upcoming-feature NonisolatedNonsendingByDefault -enable-experimental-feature DebugDescriptionMacro -sdk /Applications/Xcode.app/Contents/Developer/Platforms/iPhoneSimulator.platform/Developer/SDKs/iPhoneSimulator26.2.sdk -target x86_64-apple-ios26.2-simulator -g -module-cache-path /Users/nataliewhipps/Library/Developer/Xcode/DerivedData/ModuleCache.noindex -Xfrontend -serialize-debugging-options -profile-coverage-mapping -profile-generate -enable-testing -index-store-path /Users/nataliewhipps/Library/Developer/Xcode/DerivedData/Prompt28-cgmmkisguitsyibyvnemfqvywbnv/Index.noindex/DataStore -Xcc -D_LIBCPP_HARDENING_MODE\=_LIBCPP_HARDENING_MODE_DEBUG -swift-version 5 -I /Users/nataliewhipps/Library/Developer/Xcode/DerivedData/Prompt28-cgmmkisguitsyibyvnemfqvywbnv/Build/Products/Debug-iphonesimulator -F /Users/nataliewhipps/Library/Developer/Xcode/DerivedData/Prompt28-cgmmkisguitsyibyvnemfqvywbnv/Build/Products/Debug-iphonesimulator/PackageFrameworks -F /Users/nataliewhipps/Library/Developer/Xcode/DerivedData/Prompt28-cgmmkisguitsyibyvnemfqvywbnv/Build/Products/Debug-iphonesimulator/PackageFrameworks -F /Users/nataliewhipps/Library/Developer/Xcode/DerivedData/Prompt28-cgmmkisguitsyibyvnemfqvywbnv/Build/Products/Debug-iphonesimulator/PackageFrameworks -F /Users/nataliewhipps/Library/Developer/Xcode/DerivedData/Prompt28-cgmmkisguitsyibyvnemfqvywbnv/Build/Products/Debug-iphonesimulator/PackageFrameworks -F /Users/nataliewhipps/Library/Developer/Xcode/DerivedData/Prompt28-cgmmkisguitsyibyvnemfqvywbnv/Build/Products/Debug-iphonesimulator/PackageFrameworks -F /Users/nataliewhipps/Library/Developer/Xcode/DerivedData/Prompt28-cgmmkisguitsyibyvnemfqvywbnv/Build/Products/Debug-iphonesimulator/PackageFrameworks -F /Users/nataliewhipps/Library/Developer/Xcode/DerivedData/Prompt28-cgmmkisguitsyibyvnemfqvywbnv/Build/Products/Debug-iphonesimulator/PackageFrameworks -F /Users/nataliewhipps/Library/Developer/Xcode/DerivedData/Prompt28-cgmmkisguitsyibyvnemfqvywbnv/Build/Products/Debug-iphonesimulator/PackageFrameworks -F /Users/nataliewhipps/Library/Developer/Xcode/DerivedData/Prompt28-cgmmkisguitsyibyvnemfqvywbnv/Build/Products/Debug-iphonesimulator/PackageFrameworks -F /Users/nataliewhipps/Library/Developer/Xcode/DerivedData/Prompt28-cgmmkisguitsyibyvnemfqvywbnv/Build/Products/Debug-iphonesimulator/PackageFrameworks -F /Users/nataliewhipps/Library/Developer/Xcode/DerivedData/Prompt28-cgmmkisguitsyibyvnemfqvywbnv/Build/Products/Debug-iphonesimulator/PackageFrameworks -F /Users/nataliewhipps/Library/Developer/Xcode/DerivedData/Prompt28-cgmmkisguitsyibyvnemfqvywbnv/Build/Products/Debug-iphonesimulator/PackageFrameworks -F /Users/nataliewhipps/Library/Developer/Xcode/DerivedData/Prompt28-cgmmkisguitsyibyvnemfqvywbnv/Build/Products/Debug-iphonesimulator -emit-localized-strings -emit-localized-strings-path /Users/nataliewhipps/Library/Developer/Xcode/DerivedData/Prompt28-cgmmkisguitsyibyvnemfqvywbnv/Build/Intermediates.noindex/Prompt28.build/Debug-iphonesimulator/Prompt28.build/Objects-normal/x86_64 -c -j8 -enable-batch-mode -incremental -Xcc -ivfsstatcache -Xcc /Users/nataliewhipps/Library/Developer/Xcode/DerivedData/SDKStatCaches.noindex/iphonesimulator26.2-23C57-7d00a8b37fbd7999ea79df8ebc024bf0.sdkstatcache -output-file-map /Users/nataliewhipps/Library/Developer/Xcode/DerivedData/Prompt28-cgmmkisguitsyibyvnemfqvywbnv/Build/Intermediates.noindex/Prompt28.build/Debug-iphonesimulator/Prompt28.build/Objects-normal/x86_64/Prompt28-OutputFileMap.json -use-frontend-parseable-output -save-temps -no-color-diagnostics -explicit-module-build -module-cache-path /Users/nataliewhipps/Library/Developer/Xcode/DerivedData/Prompt28-cgmmkisguitsyibyvnemfqvywbnv/Build/Intermediates.noindex/SwiftExplicitPrecompiledModules -clang-scanner-module-cache-path /Users/nataliewhipps/Library/Developer/Xcode/DerivedData/ModuleCache.noindex -sdk-module-cache-path /Users/nataliewhipps/Library/Developer/Xcode/DerivedData/ModuleCache.noindex -serialize-diagnostics -emit-dependencies -emit-module -emit-module-path /Users/nataliewhipps/Library/Developer/Xcode/DerivedData/Prompt28-cgmmkisguitsyibyvnemfqvywbnv/Build/Intermediates.noindex/Prompt28.build/Debug-iphonesimulator/Prompt28.build/Objects-normal/x86_64/Prompt28.swiftmodule -validate-clang-modules-once -clang-build-session-file /Users/nataliewhipps/Library/Developer/Xcode/DerivedData/ModuleCache.noindex/Session.modulevalidation -Xcc -I/Users/nataliewhipps/Library/Developer/Xcode/DerivedData/Prompt28-cgmmkisguitsyibyvnemfqvywbnv/Build/Intermediates.noindex/Prompt28.build/Debug-iphonesimulator/Prompt28.build/swift-overrides.hmap -emit-const-values -Xfrontend -const-gather-protocols-file -Xfrontend /Users/nataliewhipps/Library/Developer/Xcode/DerivedData/Prompt28-cgmmkisguitsyibyvnemfqvywbnv/Build/Intermediates.noindex/Prompt28.build/Debug-iphonesimulator/Prompt28.build/Objects-normal/x86_64/Prompt28_const_extract_protocols.json -Xcc -iquote -Xcc /Users/nataliewhipps/Library/Developer/Xcode/DerivedData/Prompt28-cgmmkisguitsyibyvnemfqvywbnv/Build/Intermediates.noindex/Prompt28.build/Debug-iphonesimulator/Prompt28.build/Prompt28-generated-files.hmap -Xcc -I/Users/nataliewhipps/Library/Developer/Xcode/DerivedData/Prompt28-cgmmkisguitsyibyvnemfqvywbnv/Build/Intermediates.noindex/Prompt28.build/Debug-iphonesimulator/Prompt28.build/Prompt28-own-target-headers.hmap -Xcc -I/Users/nataliewhipps/Library/Developer/Xcode/DerivedData/Prompt28-cgmmkisguitsyibyvnemfqvywbnv/Build/Intermediates.noindex/Prompt28.build/Debug-iphonesimulator/Prompt28.build/Prompt28-all-non-framework-target-headers.hmap -Xcc -ivfsoverlay -Xcc /Users/nataliewhipps/Library/Developer/Xcode/DerivedData/Prompt28-cgmmkisguitsyibyvnemfqvywbnv/Build/Intermediates.noindex/Prompt28.build/Debug-iphonesimulator/Prompt28-ac916911077456fe79090a1a0a914592-VFS-iphonesimulator/all-product-headers.yaml -Xcc -iquote -Xcc /Users/nataliewhipps/Library/Developer/Xcode/DerivedData/Prompt28-cgmmkisguitsyibyvnemfqvywbnv/Build/Intermediates.noindex/Prompt28.build/Debug-iphonesimulator/Prompt28.build/Prompt28-project-headers.hmap -Xcc -I/Users/nataliewhipps/Library/Developer/Xcode/DerivedData/Prompt28-cgmmkisguitsyibyvnemfqvywbnv/SourcePackages/checkouts/AppAuth-iOS/Sources/AppAuth -Xcc -I/Users/nataliewhipps/Library/Developer/Xcode/DerivedData/Prompt28-cgmmkisguitsyibyvnemfqvywbnv/SourcePackages/checkouts/AppAuth-iOS/Sources/AppAuthCore -Xcc -I/Users/nataliewhipps/Library/Developer/Xcode/DerivedData/Prompt28-cgmmkisguitsyibyvnemfqvywbnv/SourcePackages/checkouts/promises/Sources/FBLPromises/include -Xcc -I/Users/nataliewhipps/Library/Developer/Xcode/DerivedData/Prompt28-cgmmkisguitsyibyvnemfqvywbnv/SourcePackages/checkouts/GoogleUtilities/GoogleUtilities/Logger/Public -Xcc -I/Users/nataliewhipps/Library/Developer/Xcode/DerivedData/Prompt28-cgmmkisguitsyibyvnemfqvywbnv/SourcePackages/checkouts/GoogleUtilities/GoogleUtilities/Environment/Public -Xcc -I/Users/nataliewhipps/Library/Developer/Xcode/DerivedData/Prompt28-cgmmkisguitsyibyvnemfqvywbnv/SourcePackages/checkouts/GoogleUtilities/third_party/IsAppEncrypted/Public -Xcc -I/Users/nataliewhipps/Library/Developer/Xcode/DerivedData/Prompt28-cgmmkisguitsyibyvnemfqvywbnv/SourcePackages/checkouts/GoogleUtilities/GoogleUtilities/UserDefaults/Public -Xcc -I/Users/nataliewhipps/Library/Developer/Xcode/DerivedData/Prompt28-cgmmkisguitsyibyvnemfqvywbnv/SourcePackages/checkouts/app-check/AppCheckCore/Sources/Public -Xcc -I/Users/nataliewhipps/Library/Developer/Xcode/DerivedData/Prompt28-cgmmkisguitsyibyvnemfqvywbnv/SourcePackages/checkouts/gtm-session-fetcher/Sources/Core/Public -Xcc -I/Users/nataliewhipps/Library/Developer/Xcode/DerivedData/Prompt28-cgmmkisguitsyibyvnemfqvywbnv/SourcePackages/checkouts/GoogleSignIn-iOS/GoogleSignIn/Sources/Public -Xcc -I/Users/nataliewhipps/Library/Developer/Xcode/DerivedData/Prompt28-cgmmkisguitsyibyvnemfqvywbnv/Build/Products/Debug-iphonesimulator/include -Xcc -I/Users/nataliewhipps/Library/Developer/Xcode/DerivedData/Prompt28-cgmmkisguitsyibyvnemfqvywbnv/Build/Intermediates.noindex/Prompt28.build/Debug-iphonesimulator/Prompt28.build/DerivedSources-normal/x86_64 -Xcc -I/Users/nataliewhipps/Library/Developer/Xcode/DerivedData/Prompt28-cgmmkisguitsyibyvnemfqvywbnv/Build/Intermediates.noindex/Prompt28.build/Debug-iphonesimulator/Prompt28.build/DerivedSources/x86_64 -Xcc -I/Users/nataliewhipps/Library/Developer/Xcode/DerivedData/Prompt28-cgmmkisguitsyibyvnemfqvywbnv/Build/Intermediates.noindex/Prompt28.build/Debug-iphonesimulator/Prompt28.build/DerivedSources -Xcc -DDEBUG\=1 -emit-objc-header -emit-objc-header-path /Users/nataliewhipps/Library/Developer/Xcode/DerivedData/Prompt28-cgmmkisguitsyibyvnemfqvywbnv/Build/Intermediates.noindex/Prompt28.build/Debug-iphonesimulator/Prompt28.build/Objects-normal/x86_64/Prompt28-Swift.h -working-directory /Users/nataliewhipps/Desktop/Prompt28 -experimental-emit-module-separately -disable-cmo

SwiftDriverJobDiscovery normal x86_64 Compiling GoogleSignInButtonStrings.swift (in target 'GoogleSignInSwift' from project 'GoogleSignIn')

SwiftDriverJobDiscovery normal x86_64 Compiling GoogleSignInButtonViewModel.swift (in target 'GoogleSignInSwift' from project 'GoogleSignIn')

SwiftDriverJobDiscovery normal x86_64 Compiling resource_bundle_accessor.swift (in target 'GoogleSignInSwift' from project 'GoogleSignIn')

SwiftExplicitDependencyGeneratePcm x86_64 /Users/nataliewhipps/Library/Developer/Xcode/DerivedData/ModuleCache.noindex/DeveloperToolsSupport-7JCGY2ZLCJNCOIKHTDG64W17P.pcm

SwiftExplicitDependencyGeneratePcm x86_64 /Users/nataliewhipps/Library/Developer/Xcode/DerivedData/ModuleCache.noindex/ptrcheck-DWM99GP414FSOYHX5H1BRAFL6.pcm

SwiftExplicitDependencyGeneratePcm x86_64 /Users/nataliewhipps/Library/Developer/Xcode/DerivedData/ModuleCache.noindex/_Builtin_stdarg-BP32F32HEF5G379U308JAUAH6.pcm

SwiftExplicitDependencyGeneratePcm x86_64 /Users/nataliewhipps/Library/Developer/Xcode/DerivedData/ModuleCache.noindex/_AvailabilityInternal-8BG4LSG0LORLEICYYJ6Q76AAF.pcm

SwiftExplicitDependencyGeneratePcm x86_64 /Users/nataliewhipps/Library/Developer/Xcode/DerivedData/ModuleCache.noindex/_Builtin_stddef-43BOWBUDSR3UPV43KEDOB8NN5.pcm

SwiftExplicitDependencyGeneratePcm x86_64 /Users/nataliewhipps/Library/Developer/Xcode/DerivedData/ModuleCache.noindex/_SwiftConcurrencyShims-2UB2CRCKBSE4ILV0RU3S9P1K8.pcm

SwiftDriverJobDiscovery normal x86_64 Compiling GoogleSignInButtonBundleExtensions.swift (in target 'GoogleSignInSwift' from project 'GoogleSignIn')

SwiftExplicitDependencyGeneratePcm x86_64 /Users/nataliewhipps/Library/Developer/Xcode/DerivedData/ModuleCache.noindex/ptrauth-5M1JFSEL6D1OWZDM1FBH16A13.pcm

SwiftExplicitDependencyGeneratePcm x86_64 /Users/nataliewhipps/Library/Developer/Xcode/DerivedData/ModuleCache.noindex/SwiftShims-5DRJMND5ZN8EEW8Z76Z5Y4MFB.pcm

SwiftExplicitDependencyGeneratePcm x86_64 /Users/nataliewhipps/Library/Developer/Xcode/DerivedData/ModuleCache.noindex/_StoreKit_SwiftUI-BZTE8E4ZQQNO368RAYEYB1QKH.pcm

SwiftExplicitDependencyGeneratePcm x86_64 /Users/nataliewhipps/Library/Developer/Xcode/DerivedData/ModuleCache.noindex/_Builtin_float-B89SU5FBKZKLIGZ5JAG3U3RNO.pcm

SwiftExplicitDependencyGeneratePcm x86_64 /Users/nataliewhipps/Library/Developer/Xcode/DerivedData/ModuleCache.noindex/_Builtin_stdbool-989QAUR6TYAY6OJABZPCGTFDB.pcm

SwiftExplicitDependencyGeneratePcm x86_64 /Users/nataliewhipps/Library/Developer/Xcode/DerivedData/ModuleCache.noindex/_DarwinFoundation1-5WU8HJJ7UBDS0REBGLC150X7C.pcm

SwiftExplicitDependencyGeneratePcm x86_64 /Users/nataliewhipps/Library/Developer/Xcode/DerivedData/ModuleCache.noindex/_DarwinFoundation2-5GRABOEKW0WH8ARBI85O9AMS9.pcm

SwiftExplicitDependencyGeneratePcm x86_64 /Users/nataliewhipps/Library/Developer/Xcode/DerivedData/ModuleCache.noindex/ExtensionFoundation-8TZID0TZVG24H39AXK8ZG7RQR.pcm

SwiftExplicitDependencyGeneratePcm x86_64 /Users/nataliewhipps/Library/Developer/Xcode/DerivedData/ModuleCache.noindex/_Builtin_limits-E3DJ0BWSRBUETOWUD56QZF1NQ.pcm

SwiftExplicitDependencyGeneratePcm x86_64 /Users/nataliewhipps/Library/Developer/Xcode/DerivedData/ModuleCache.noindex/sys_types-AIWPGBI66C04K06R0TZ325FCF.pcm

SwiftExplicitDependencyGeneratePcm x86_64 /Users/nataliewhipps/Library/Developer/Xcode/DerivedData/ModuleCache.noindex/_Builtin_stdint-DVQH51CPP9PE8QBMW6GJA6UK9.pcm

SwiftExplicitDependencyGeneratePcm x86_64 /Users/nataliewhipps/Library/Developer/Xcode/DerivedData/ModuleCache.noindex/_Builtin_tgmath-6Z2037AVZIOA1ES2KSC2X4N84.pcm

SwiftExplicitDependencyGeneratePcm x86_64 /Users/nataliewhipps/Library/Developer/Xcode/DerivedData/ModuleCache.noindex/_DarwinFoundation3-78P1J0UCYHU2L7C3YPUN2UQCK.pcm

SwiftExplicitDependencyGeneratePcm x86_64 /Users/nataliewhipps/Library/Developer/Xcode/DerivedData/ModuleCache.noindex/_Builtin_stdatomic-7FMCSO2POMPMFOOUNEHQE9VPY.pcm

SwiftExplicitDependencyGeneratePcm x86_64 /Users/nataliewhipps/Library/Developer/Xcode/DerivedData/ModuleCache.noindex/_Builtin_inttypes-6S1948RG2JN7RKLOMMNVB5RKU.pcm

SwiftExplicitDependencyGeneratePcm x86_64 /Users/nataliewhipps/Library/Developer/Xcode/DerivedData/ModuleCache.noindex/_Builtin_intrinsics-3PEAMQ7VFW0HDJL5JCOKHIX56.pcm

SwiftExplicitDependencyGeneratePcm x86_64 /Users/nataliewhipps/Library/Developer/Xcode/DerivedData/ModuleCache.noindex/Darwin-2628R38JFCCCFV1DHE65PXNBV.pcm

SwiftExplicitDependencyGeneratePcm x86_64 /Users/nataliewhipps/Library/Developer/Xcode/DerivedData/ModuleCache.noindex/MachO-EEUPGON6R0ZZV2YJV9A3CBMTM.pcm

SwiftExplicitDependencyGeneratePcm x86_64 /Users/nataliewhipps/Library/Developer/Xcode/DerivedData/ModuleCache.noindex/ObjectiveC-5NZ8G1PJND30341KAGW21VKN3.pcm

SwiftExplicitDependencyGeneratePcm x86_64 /Users/nataliewhipps/Library/Developer/Xcode/DerivedData/ModuleCache.noindex/os_object-153N9ZVJ84DUIJW90PQKCKW47.pcm

SwiftExplicitDependencyGeneratePcm x86_64 /Users/nataliewhipps/Library/Developer/Xcode/DerivedData/ModuleCache.noindex/os_workgroup-6QLX0B5E9PMVP1NE0J8UQOCY2.pcm

SwiftExplicitDependencyGeneratePcm x86_64 /Users/nataliewhipps/Library/Developer/Xcode/DerivedData/ModuleCache.noindex/Dispatch-4M6TRQN4UL639SNQ3M5XPVDZK.pcm

SwiftExplicitDependencyGeneratePcm x86_64 /Users/nataliewhipps/Library/Developer/Xcode/DerivedData/ModuleCache.noindex/simd-40BVKLQXUXASB6BIE9A8SWWOQ.pcm

SwiftExplicitDependencyGeneratePcm x86_64 /Users/nataliewhipps/Library/Developer/Xcode/DerivedData/ModuleCache.noindex/XPC-AKFS1RY027QJ1XDFLRXWBB9E2.pcm

SwiftExplicitDependencyGeneratePcm x86_64 /Users/nataliewhipps/Library/Developer/Xcode/DerivedData/ModuleCache.noindex/dnssd-14M73YIW7VH3M08B4AIOQ74PR.pcm

SwiftExplicitDependencyGeneratePcm x86_64 /Users/nataliewhipps/Library/Developer/Xcode/DerivedData/ModuleCache.noindex/CoreFoundation-209T7TP6XTQKED2KXAR1SR506.pcm

SwiftExplicitDependencyGeneratePcm x86_64 /Users/nataliewhipps/Library/Developer/Xcode/DerivedData/ModuleCache.noindex/os-5CE3T5WI50ZWTGKMXX61HIZ8L.pcm

SwiftExplicitDependencyGeneratePcm x86_64 /Users/nataliewhipps/Library/Developer/Xcode/DerivedData/ModuleCache.noindex/CFNetwork-97EGMDWVRGLSOTVPTSTGW9VAG.pcm

SwiftExplicitDependencyGeneratePcm x86_64 /Users/nataliewhipps/Library/Developer/Xcode/DerivedData/ModuleCache.noindex/Security-856SQ9ZF30DH35VZKQKZALKQF.pcm

SwiftExplicitDependencyGeneratePcm x86_64 /Users/nataliewhipps/Library/Developer/Xcode/DerivedData/ModuleCache.noindex/CoreGraphics-5U1NGI0JE22P2QA2PSQR5BD0R.pcm

SwiftExplicitDependencyGeneratePcm x86_64 /Users/nataliewhipps/Library/Developer/Xcode/DerivedData/ModuleCache.noindex/CoreAudioTypes-7ND39A2OM5K4AWB37Z24UI85N.pcm

SwiftExplicitDependencyGeneratePcm x86_64 /Users/nataliewhipps/Library/Developer/Xcode/DerivedData/ModuleCache.noindex/CoreAudio-26ATWUPW2N6Z19SNV9NQ4F8K1.pcm

SwiftExplicitDependencyGeneratePcm x86_64 /Users/nataliewhipps/Library/Developer/Xcode/DerivedData/ModuleCache.noindex/Foundation-21DI1ZZFIPAE3Q14RXT6SNXZI.pcm

SwiftExplicitDependencyGeneratePcm x86_64 /Users/nataliewhipps/Library/Developer/Xcode/DerivedData/ModuleCache.noindex/CoreText-5FTKMXOAYD9XQKDLPMREFI0JZ.pcm

SwiftExplicitDependencyGeneratePcm x86_64 /Users/nataliewhipps/Library/Developer/Xcode/DerivedData/ModuleCache.noindex/ImageIO-9OCNXO22K9BWSMWTZ4EZNQ0UN.pcm

SwiftExplicitDependencyGeneratePcm x86_64 /Users/nataliewhipps/Library/Developer/Xcode/DerivedData/ModuleCache.noindex/CoreData-5FAJ12SXJRMJUQKB4DQ8RIANI.pcm

SwiftExplicitDependencyGeneratePcm x86_64 /Users/nataliewhipps/Library/Developer/Xcode/DerivedData/ModuleCache.noindex/DataDetection-8ZPJYAY7IFD69PWI4FSGNFU0J.pcm

SwiftExplicitDependencyGeneratePcm x86_64 /Users/nataliewhipps/Library/Developer/Xcode/DerivedData/ModuleCache.noindex/Network-62NS0VU3SEJPD9UVKL0SHUWPK.pcm

SwiftExplicitDependencyGeneratePcm x86_64 /Users/nataliewhipps/Library/Developer/Xcode/DerivedData/ModuleCache.noindex/Accessibility-475ACMJIBO33S7KP7XMG5EBO1.pcm

SwiftExplicitDependencyGeneratePcm x86_64 /Users/nataliewhipps/Library/Developer/Xcode/DerivedData/ModuleCache.noindex/CoreTransferable-B3EWAPVQXN6QJ8PMBNHU499WC.pcm

SwiftExplicitDependencyGeneratePcm x86_64 /Users/nataliewhipps/Library/Developer/Xcode/DerivedData/ModuleCache.noindex/UIUtilities-3Y1HBWLZIJ93JIHAUFABV82XR.pcm

SwiftExplicitDependencyGeneratePcm x86_64 /Users/nataliewhipps/Library/Developer/Xcode/DerivedData/ModuleCache.noindex/OpenGLES-9BZKJOJJB5VF17G8GGK0D2D5C.pcm

SwiftExplicitDependencyGeneratePcm x86_64 /Users/nataliewhipps/Library/Developer/Xcode/DerivedData/ModuleCache.noindex/BackgroundAssets-4E6B4IEE7KCENT1KXL67AC16L.pcm

SwiftExplicitDependencyGeneratePcm x86_64 /Users/nataliewhipps/Library/Developer/Xcode/DerivedData/ModuleCache.noindex/CoreMIDI-7N8QD8LIF53KM6ECCZMG42MR5.pcm

SwiftExplicitDependencyGeneratePcm x86_64 /Users/nataliewhipps/Library/Developer/Xcode/DerivedData/ModuleCache.noindex/OSLog-5C308I9G9HSQ413MX5CF5BZYH.pcm

SwiftExplicitDependencyGeneratePcm x86_64 /Users/nataliewhipps/Library/Developer/Xcode/DerivedData/ModuleCache.noindex/Spatial-6R85O9JAKQ67MBWSKO8F6MLNI.pcm

SwiftExplicitDependencyGeneratePcm x86_64 /Users/nataliewhipps/Library/Developer/Xcode/DerivedData/ModuleCache.noindex/FileProvider-9U0JWYELE2NAB14VMAUMR8ELG.pcm

SwiftExplicitDependencyGeneratePcm x86_64 /Users/nataliewhipps/Library/Developer/Xcode/DerivedData/ModuleCache.noindex/UniformTypeIdentifiers-14K22OEFVQ0L414V01X0WCR7Y.pcm

SwiftExplicitDependencyGeneratePcm x86_64 /Users/nataliewhipps/Library/Developer/Xcode/DerivedData/ModuleCache.noindex/UserNotifications-1CN864XKJX3DW2TCSY14FG679.pcm

SwiftExplicitDependencyGeneratePcm x86_64 /Users/nataliewhipps/Library/Developer/Xcode/DerivedData/ModuleCache.noindex/LocalAuthentication-CI0CJNTGO4PTYCIGSZZV8UDW7.pcm

SwiftExplicitDependencyGeneratePcm x86_64 /Users/nataliewhipps/Library/Developer/Xcode/DerivedData/ModuleCache.noindex/Symbols-1FBX8NPWSZPFYTCWLNXDH1BOA.pcm

SwiftExplicitDependencyGeneratePcm x86_64 /Users/nataliewhipps/Library/Developer/Xcode/DerivedData/ModuleCache.noindex/AudioToolbox-E9TY9EXS5PAJLS3AYKS2MYQZG.pcm

SwiftExplicitDependencyGeneratePcm x86_64 /Users/nataliewhipps/Library/Developer/Xcode/DerivedData/ModuleCache.noindex/IOSurface-DTGJP0JOHOEGS0JQBCHIK11GE.pcm

SwiftExplicitDependencyGeneratePcm x86_64 /Users/nataliewhipps/Library/Developer/Xcode/DerivedData/ModuleCache.noindex/AVRouting-1YEF8T70QIT2TYOVAXUHSKFDP.pcm

SwiftExplicitDependencyGeneratePcm x86_64 /Users/nataliewhipps/Library/Developer/Xcode/DerivedData/ModuleCache.noindex/Metal-1C9PKLZQ6F2UTJAO0UL3MBJR2.pcm

SwiftDriverJobDiscovery normal x86_64 Compiling GoogleSignInButtonStyling.swift (in target 'GoogleSignInSwift' from project 'GoogleSignIn')

SwiftDriverJobDiscovery normal x86_64 Compiling GoogleSignInButton.swift (in target 'GoogleSignInSwift' from project 'GoogleSignIn')

SwiftDriver\ Compilation GoogleSignInSwift normal x86_64 com.apple.xcode.tools.swift.compiler (in target 'GoogleSignInSwift' from project 'GoogleSignIn')
    cd /Users/nataliewhipps/Desktop/Prompt28/Prompt28.xcodeproj
    builtin-Swift-Compilation -- /Applications/Xcode.app/Contents/Developer/Toolchains/XcodeDefault.xctoolchain/usr/bin/swiftc -module-name GoogleSignInSwift -Onone -enforce-exclusivity\=checked @/Users/nataliewhipps/Library/Developer/Xcode/DerivedData/Prompt28-cgmmkisguitsyibyvnemfqvywbnv/Build/Intermediates.noindex/GoogleSignIn.build/Debug-iphonesimulator/GoogleSignInSwift.build/Objects-normal/x86_64/GoogleSignInSwift.SwiftFileList -DSWIFT_PACKAGE -DDEBUG -DSWIFT_MODULE_RESOURCE_BUNDLE_AVAILABLE -Xcc -fmodule-map-file\=/Users/nataliewhipps/Library/Developer/Xcode/DerivedData/Prompt28-cgmmkisguitsyibyvnemfqvywbnv/Build/Intermediates.noindex/GeneratedModuleMaps-iphonesimulator/AppAuth.modulemap -Xcc -fmodule-map-file\=/Users/nataliewhipps/Library/Developer/Xcode/DerivedData/Prompt28-cgmmkisguitsyibyvnemfqvywbnv/Build/Intermediates.noindex/GeneratedModuleMaps-iphonesimulator/AppAuthCore.modulemap -Xcc -fmodule-map-file\=/Users/nataliewhipps/Library/Developer/Xcode/DerivedData/Prompt28-cgmmkisguitsyibyvnemfqvywbnv/Build/Intermediates.noindex/GeneratedModuleMaps-iphonesimulator/GoogleUtilities-Logger.modulemap -Xcc -fmodule-map-file\=/Users/nataliewhipps/Library/Developer/Xcode/DerivedData/Prompt28-cgmmkisguitsyibyvnemfqvywbnv/Build/Intermediates.noindex/GeneratedModuleMaps-iphonesimulator/GoogleUtilities-Environment.modulemap -Xcc -fmodule-map-file\=/Users/nataliewhipps/Library/Developer/Xcode/DerivedData/Prompt28-cgmmkisguitsyibyvnemfqvywbnv/Build/Intermediates.noindex/GeneratedModuleMaps-iphonesimulator/third-party-IsAppEncrypted.modulemap -Xcc -fmodule-map-file\=/Users/nataliewhipps/Library/Developer/Xcode/DerivedData/Prompt28-cgmmkisguitsyibyvnemfqvywbnv/Build/Intermediates.noindex/GeneratedModuleMaps-iphonesimulator/GoogleUtilities-UserDefaults.modulemap -Xcc -fmodule-map-file\=/Users/nataliewhipps/Library/Developer/Xcode/DerivedData/Prompt28-cgmmkisguitsyibyvnemfqvywbnv/Build/Intermediates.noindex/GeneratedModuleMaps-iphonesimulator/AppCheckCore.modulemap -Xcc -fmodule-map-file\=/Users/nataliewhipps/Library/Developer/Xcode/DerivedData/Prompt28-cgmmkisguitsyibyvnemfqvywbnv/Build/Intermediates.noindex/GeneratedModuleMaps-iphonesimulator/GTMSessionFetcherCore.modulemap -Xcc -fmodule-map-file\=/Users/nataliewhipps/Library/Developer/Xcode/DerivedData/Prompt28-cgmmkisguitsyibyvnemfqvywbnv/Build/Intermediates.noindex/GeneratedModuleMaps-iphonesimulator/GoogleSignIn.modulemap -DXcode -plugin-path /Applications/Xcode.app/Contents/Developer/Toolchains/XcodeDefault.xctoolchain/usr/lib/swift/host/plugins/testing -enable-experimental-feature DebugDescriptionMacro -sdk /Applications/Xcode.app/Contents/Developer/Platforms/iPhoneSimulator.platform/Developer/SDKs/iPhoneSimulator26.2.sdk -target x86_64-apple-ios12.0-simulator -g -module-cache-path /Users/nataliewhipps/Library/Developer/Xcode/DerivedData/ModuleCache.noindex -Xfrontend -serialize-debugging-options -profile-coverage-mapping -profile-generate -enable-testing -suppress-warnings -index-store-path /Users/nataliewhipps/Library/Developer/Xcode/DerivedData/Prompt28-cgmmkisguitsyibyvnemfqvywbnv/Index.noindex/DataStore -Xcc -D_LIBCPP_HARDENING_MODE\=_LIBCPP_HARDENING_MODE_DEBUG -swift-version 6 -I /Users/nataliewhipps/Library/Developer/Xcode/DerivedData/Prompt28-cgmmkisguitsyibyvnemfqvywbnv/Build/Products/Debug-iphonesimulator -Isystem /Applications/Xcode.app/Contents/Developer/Platforms/iPhoneSimulator.platform/Developer/usr/lib -F /Users/nataliewhipps/Library/Developer/Xcode/DerivedData/Prompt28-cgmmkisguitsyibyvnemfqvywbnv/Build/Products/Debug-iphonesimulator/PackageFrameworks -F /Users/nataliewhipps/Library/Developer/Xcode/DerivedData/Prompt28-cgmmkisguitsyibyvnemfqvywbnv/Build/Products/Debug-iphonesimulator/PackageFrameworks -F /Users/nataliewhipps/Library/Developer/Xcode/DerivedData/Prompt28-cgmmkisguitsyibyvnemfqvywbnv/Build/Products/Debug-iphonesimulator/PackageFrameworks -F /Users/nataliewhipps/Library/Developer/Xcode/DerivedData/Prompt28-cgmmkisguitsyibyvnemfqvywbnv/Build/Products/Debug-iphonesimulator/PackageFrameworks -F /Users/nataliewhipps/Library/Developer/Xcode/DerivedData/Prompt28-cgmmkisguitsyibyvnemfqvywbnv/Build/Products/Debug-iphonesimulator/PackageFrameworks -F /Users/nataliewhipps/Library/Developer/Xcode/DerivedData/Prompt28-cgmmkisguitsyibyvnemfqvywbnv/Build/Products/Debug-iphonesimulator/PackageFrameworks -F /Users/nataliewhipps/Library/Developer/Xcode/DerivedData/Prompt28-cgmmkisguitsyibyvnemfqvywbnv/Build/Products/Debug-iphonesimulator/PackageFrameworks -F /Users/nataliewhipps/Library/Developer/Xcode/DerivedData/Prompt28-cgmmkisguitsyibyvnemfqvywbnv/Build/Products/Debug-iphonesimulator/PackageFrameworks -F /Users/nataliewhipps/Library/Developer/Xcode/DerivedData/Prompt28-cgmmkisguitsyibyvnemfqvywbnv/Build/Products/Debug-iphonesimulator/PackageFrameworks -F /Users/nataliewhipps/Library/Developer/Xcode/DerivedData/Prompt28-cgmmkisguitsyibyvnemfqvywbnv/Build/Products/Debug-iphonesimulator/PackageFrameworks -F /Users/nataliewhipps/Library/Developer/Xcode/DerivedData/Prompt28-cgmmkisguitsyibyvnemfqvywbnv/Build/Products/Debug-iphonesimulator/PackageFrameworks -F /Users/nataliewhipps/Library/Developer/Xcode/DerivedData/Prompt28-cgmmkisguitsyibyvnemfqvywbnv/Build/Products/Debug-iphonesimulator -F /Applications/Xcode.app/Contents/Developer/Platforms/iPhoneSimulator.platform/Developer/Library/Frameworks -F /Applications/Xcode.app/Contents/Developer/Platforms/iPhoneSimulator.platform/Developer/SDKs/iPhoneSimulator26.2.sdk/Developer/Library/Frameworks -emit-localized-strings -emit-localized-strings-path /Users/nataliewhipps/Library/Developer/Xcode/DerivedData/Prompt28-cgmmkisguitsyibyvnemfqvywbnv/Build/Intermediates.noindex/GoogleSignIn.build/Debug-iphonesimulator/GoogleSignInSwift.build/Objects-normal/x86_64 -c -j8 -enable-batch-mode -incremental -Xcc -ivfsstatcache -Xcc /Users/nataliewhipps/Library/Developer/Xcode/DerivedData/SDKStatCaches.noindex/iphonesimulator26.2-23C57-7d00a8b37fbd7999ea79df8ebc024bf0.sdkstatcache -output-file-map /Users/nataliewhipps/Library/Developer/Xcode/DerivedData/Prompt28-cgmmkisguitsyibyvnemfqvywbnv/Build/Intermediates.noindex/GoogleSignIn.build/Debug-iphonesimulator/GoogleSignInSwift.build/Objects-normal/x86_64/GoogleSignInSwift-OutputFileMap.json -use-frontend-parseable-output -save-temps -no-color-diagnostics -explicit-module-build -module-cache-path /Users/nataliewhipps/Library/Developer/Xcode/DerivedData/Prompt28-cgmmkisguitsyibyvnemfqvywbnv/Build/Intermediates.noindex/SwiftExplicitPrecompiledModules -clang-scanner-module-cache-path /Users/nataliewhipps/Library/Developer/Xcode/DerivedData/ModuleCache.noindex -sdk-module-cache-path /Users/nataliewhipps/Library/Developer/Xcode/DerivedData/ModuleCache.noindex -serialize-diagnostics -emit-dependencies -emit-module -emit-module-path /Users/nataliewhipps/Library/Developer/Xcode/DerivedData/Prompt28-cgmmkisguitsyibyvnemfqvywbnv/Build/Intermediates.noindex/GoogleSignIn.build/Debug-iphonesimulator/GoogleSignInSwift.build/Objects-normal/x86_64/GoogleSignInSwift.swiftmodule -user-module-version 9.1.0 -validate-clang-modules-once -clang-build-session-file /Users/nataliewhipps/Library/Developer/Xcode/DerivedData/ModuleCache.noindex/Session.modulevalidation -package-name googlesignin_ios -Xcc -I/Users/nataliewhipps/Library/Developer/Xcode/DerivedData/Prompt28-cgmmkisguitsyibyvnemfqvywbnv/Build/Intermediates.noindex/GoogleSignIn.build/Debug-iphonesimulator/GoogleSignInSwift.build/swift-overrides.hmap -emit-const-values -Xfrontend -const-gather-protocols-file -Xfrontend /Users/nataliewhipps/Library/Developer/Xcode/DerivedData/Prompt28-cgmmkisguitsyibyvnemfqvywbnv/Build/Intermediates.noindex/GoogleSignIn.build/Debug-iphonesimulator/GoogleSignInSwift.build/Objects-normal/x86_64/GoogleSignInSwift_const_extract_protocols.json -Xcc -I/Users/nataliewhipps/Library/Developer/Xcode/DerivedData/Prompt28-cgmmkisguitsyibyvnemfqvywbnv/SourcePackages/checkouts/AppAuth-iOS/Sources/AppAuth -Xcc -I/Users/nataliewhipps/Library/Developer/Xcode/DerivedData/Prompt28-cgmmkisguitsyibyvnemfqvywbnv/SourcePackages/checkouts/AppAuth-iOS/Sources/AppAuthCore -Xcc -I/Users/nataliewhipps/Library/Developer/Xcode/DerivedData/Prompt28-cgmmkisguitsyibyvnemfqvywbnv/SourcePackages/checkouts/promises/Sources/FBLPromises/include -Xcc -I/Users/nataliewhipps/Library/Developer/Xcode/DerivedData/Prompt28-cgmmkisguitsyibyvnemfqvywbnv/SourcePackages/checkouts/GoogleUtilities/GoogleUtilities/Logger/Public -Xcc -I/Users/nataliewhipps/Library/Developer/Xcode/DerivedData/Prompt28-cgmmkisguitsyibyvnemfqvywbnv/SourcePackages/checkouts/GoogleUtilities/GoogleUtilities/Environment/Public -Xcc -I/Users/nataliewhipps/Library/Developer/Xcode/DerivedData/Prompt28-cgmmkisguitsyibyvnemfqvywbnv/SourcePackages/checkouts/GoogleUtilities/third_party/IsAppEncrypted/Public -Xcc -I/Users/nataliewhipps/Library/Developer/Xcode/DerivedData/Prompt28-cgmmkisguitsyibyvnemfqvywbnv/SourcePackages/checkouts/GoogleUtilities/GoogleUtilities/UserDefaults/Public -Xcc -I/Users/nataliewhipps/Library/Developer/Xcode/DerivedData/Prompt28-cgmmkisguitsyibyvnemfqvywbnv/SourcePackages/checkouts/app-check/AppCheckCore/Sources/Public -Xcc -I/Users/nataliewhipps/Library/Developer/Xcode/DerivedData/Prompt28-cgmmkisguitsyibyvnemfqvywbnv/SourcePackages/checkouts/gtm-session-fetcher/Sources/Core/Public -Xcc -I/Users/nataliewhipps/Library/Developer/Xcode/DerivedData/Prompt28-cgmmkisguitsyibyvnemfqvywbnv/SourcePackages/checkouts/GoogleSignIn-iOS/GoogleSignIn/Sources/Public -Xcc -I/Users/nataliewhipps/Library/Developer/Xcode/DerivedData/Prompt28-cgmmkisguitsyibyvnemfqvywbnv/Build/Products/Debug-iphonesimulator/include -Xcc -I/Users/nataliewhipps/Library/Developer/Xcode/DerivedData/Prompt28-cgmmkisguitsyibyvnemfqvywbnv/Build/Intermediates.noindex/GoogleSignIn.build/Debug-iphonesimulator/GoogleSignInSwift.build/DerivedSources-normal/x86_64 -Xcc -I/Users/nataliewhipps/Library/Developer/Xcode/DerivedData/Prompt28-cgmmkisguitsyibyvnemfqvywbnv/Build/Intermediates.noindex/GoogleSignIn.build/Debug-iphonesimulator/GoogleSignInSwift.build/DerivedSources/x86_64 -Xcc -I/Users/nataliewhipps/Library/Developer/Xcode/DerivedData/Prompt28-cgmmkisguitsyibyvnemfqvywbnv/Build/Intermediates.noindex/GoogleSignIn.build/Debug-iphonesimulator/GoogleSignInSwift.build/DerivedSources -Xcc -DSWIFT_PACKAGE -Xcc -DDEBUG\=1 -emit-objc-header -emit-objc-header-path /Users/nataliewhipps/Library/Developer/Xcode/DerivedData/Prompt28-cgmmkisguitsyibyvnemfqvywbnv/Build/Intermediates.noindex/GoogleSignIn.build/Debug-iphonesimulator/GoogleSignInSwift.build/Objects-normal/x86_64/GoogleSignInSwift-Swift.h -working-directory /Users/nataliewhipps/Desktop/Prompt28/Prompt28.xcodeproj -experimental-emit-module-separately -disable-cmo

Ld /Users/nataliewhipps/Library/Developer/Xcode/DerivedData/Prompt28-cgmmkisguitsyibyvnemfqvywbnv/Build/Products/Debug-iphonesimulator/GoogleSignInSwift.o normal (in target 'GoogleSignInSwift' from project 'GoogleSignIn')
    cd /Users/nataliewhipps/Library/Developer/Xcode/DerivedData/Prompt28-cgmmkisguitsyibyvnemfqvywbnv/SourcePackages/checkouts/GoogleSignIn-iOS
    /Applications/Xcode.app/Contents/Developer/Toolchains/XcodeDefault.xctoolchain/usr/bin/clang -Xlinker -reproducible -target x86_64-apple-ios12.0-simulator -r -isysroot /Applications/Xcode.app/Contents/Developer/Platforms/iPhoneSimulator.platform/Developer/SDKs/iPhoneSimulator26.2.sdk -O0 -w -L/Users/nataliewhipps/Library/Developer/Xcode/DerivedData/Prompt28-cgmmkisguitsyibyvnemfqvywbnv/Build/Intermediates.noindex/EagerLinkingTBDs/Debug-iphonesimulator -L/Users/nataliewhipps/Library/Developer/Xcode/DerivedData/Prompt28-cgmmkisguitsyibyvnemfqvywbnv/Build/Products/Debug-iphonesimulator -L/Applications/Xcode.app/Contents/Developer/Platforms/iPhoneSimulator.platform/Developer/usr/lib -F/Users/nataliewhipps/Library/Developer/Xcode/DerivedData/Prompt28-cgmmkisguitsyibyvnemfqvywbnv/Build/Intermediates.noindex/EagerLinkingTBDs/Debug-iphonesimulator -F/Users/nataliewhipps/Library/Developer/Xcode/DerivedData/Prompt28-cgmmkisguitsyibyvnemfqvywbnv/Build/Products/Debug-iphonesimulator/PackageFrameworks -F/Users/nataliewhipps/Library/Developer/Xcode/DerivedData/Prompt28-cgmmkisguitsyibyvnemfqvywbnv/Build/Products/Debug-iphonesimulator/PackageFrameworks -F/Users/nataliewhipps/Library/Developer/Xcode/DerivedData/Prompt28-cgmmkisguitsyibyvnemfqvywbnv/Build/Products/Debug-iphonesimulator/PackageFrameworks -F/Users/nataliewhipps/Library/Developer/Xcode/DerivedData/Prompt28-cgmmkisguitsyibyvnemfqvywbnv/Build/Products/Debug-iphonesimulator/PackageFrameworks -F/Users/nataliewhipps/Library/Developer/Xcode/DerivedData/Prompt28-cgmmkisguitsyibyvnemfqvywbnv/Build/Products/Debug-iphonesimulator/PackageFrameworks -F/Users/nataliewhipps/Library/Developer/Xcode/DerivedData/Prompt28-cgmmkisguitsyibyvnemfqvywbnv/Build/Products/Debug-iphonesimulator/PackageFrameworks -F/Users/nataliewhipps/Library/Developer/Xcode/DerivedData/Prompt28-cgmmkisguitsyibyvnemfqvywbnv/Build/Products/Debug-iphonesimulator/PackageFrameworks -F/Users/nataliewhipps/Library/Developer/Xcode/DerivedData/Prompt28-cgmmkisguitsyibyvnemfqvywbnv/Build/Products/Debug-iphonesimulator/PackageFrameworks -F/Users/nataliewhipps/Library/Developer/Xcode/DerivedData/Prompt28-cgmmkisguitsyibyvnemfqvywbnv/Build/Products/Debug-iphonesimulator/PackageFrameworks -F/Users/nataliewhipps/Library/Developer/Xcode/DerivedData/Prompt28-cgmmkisguitsyibyvnemfqvywbnv/Build/Products/Debug-iphonesimulator/PackageFrameworks -F/Users/nataliewhipps/Library/Developer/Xcode/DerivedData/Prompt28-cgmmkisguitsyibyvnemfqvywbnv/Build/Products/Debug-iphonesimulator/PackageFrameworks -F/Users/nataliewhipps/Library/Developer/Xcode/DerivedData/Prompt28-cgmmkisguitsyibyvnemfqvywbnv/Build/Products/Debug-iphonesimulator -iframework /Applications/Xcode.app/Contents/Developer/Platforms/iPhoneSimulator.platform/Developer/Library/Frameworks -iframework /Applications/Xcode.app/Contents/Developer/Platforms/iPhoneSimulator.platform/Developer/SDKs/iPhoneSimulator26.2.sdk/Developer/Library/Frameworks -filelist /Users/nataliewhipps/Library/Developer/Xcode/DerivedData/Prompt28-cgmmkisguitsyibyvnemfqvywbnv/Build/Intermediates.noindex/GoogleSignIn.build/Debug-iphonesimulator/GoogleSignInSwift.build/Objects-normal/x86_64/GoogleSignInSwift.LinkFileList -nostdlib -Xlinker -object_path_lto -Xlinker /Users/nataliewhipps/Library/Developer/Xcode/DerivedData/Prompt28-cgmmkisguitsyibyvnemfqvywbnv/Build/Intermediates.noindex/GoogleSignIn.build/Debug-iphonesimulator/GoogleSignInSwift.build/Objects-normal/x86_64/GoogleSignInSwift_lto.o -rdynamic -Xlinker -no_deduplicate -Xlinker -objc_abi_version -Xlinker 2 -Xlinker -debug_variant -Xlinker -dependency_info -Xlinker /Users/nataliewhipps/Library/Developer/Xcode/DerivedData/Prompt28-cgmmkisguitsyibyvnemfqvywbnv/Build/Intermediates.noindex/GoogleSignIn.build/Debug-iphonesimulator/GoogleSignInSwift.build/Objects-normal/x86_64/GoogleSignInSwift_dependency_info.dat -fobjc-link-runtime -L/Applications/Xcode.app/Contents/Developer/Toolchains/XcodeDefault.xctoolchain/usr/lib/swift/iphonesimulator -L/usr/lib/swift -Xlinker -add_ast_path -Xlinker /Users/nataliewhipps/Library/Developer/Xcode/DerivedData/Prompt28-cgmmkisguitsyibyvnemfqvywbnv/Build/Intermediates.noindex/GoogleSignIn.build/Debug-iphonesimulator/GoogleSignInSwift.build/Objects-normal/x86_64/GoogleSignInSwift.swiftmodule @/Users/nataliewhipps/Library/Developer/Xcode/DerivedData/Prompt28-cgmmkisguitsyibyvnemfqvywbnv/Build/Intermediates.noindex/GoogleSignIn.build/Debug-iphonesimulator/GoogleSignInSwift.build/Objects-normal/x86_64/GoogleSignInSwift-linker-args.resp -o /Users/nataliewhipps/Library/Developer/Xcode/DerivedData/Prompt28-cgmmkisguitsyibyvnemfqvywbnv/Build/Products/Debug-iphonesimulator/GoogleSignInSwift.o

SwiftExplicitDependencyGeneratePcm x86_64 /Users/nataliewhipps/Library/Developer/Xcode/DerivedData/ModuleCache.noindex/CoreVideo-ZEW4GQGTDX8AMLV07X6K1TB9.pcm

ExtractAppIntentsMetadata (in target 'GoogleSignInSwift' from project 'GoogleSignIn')
    cd /Users/nataliewhipps/Library/Developer/Xcode/DerivedData/Prompt28-cgmmkisguitsyibyvnemfqvywbnv/SourcePackages/checkouts/GoogleSignIn-iOS
    /Applications/Xcode.app/Contents/Developer/Toolchains/XcodeDefault.xctoolchain/usr/bin/appintentsmetadataprocessor --toolchain-dir /Applications/Xcode.app/Contents/Developer/Toolchains/XcodeDefault.xctoolchain --module-name GoogleSignInSwift --sdk-root /Applications/Xcode.app/Contents/Developer/Platforms/iPhoneSimulator.platform/Developer/SDKs/iPhoneSimulator26.2.sdk --xcode-version 17C529 --platform-family iOS --deployment-target 12.0 --bundle-identifier googlesignin-ios.GoogleSignInSwift --output /Users/nataliewhipps/Library/Developer/Xcode/DerivedData/Prompt28-cgmmkisguitsyibyvnemfqvywbnv/Build/Products/Debug-iphonesimulator/GoogleSignInSwift.appintents --target-triple x86_64-apple-ios12.0-simulator --binary-file /Users/nataliewhipps/Library/Developer/Xcode/DerivedData/Prompt28-cgmmkisguitsyibyvnemfqvywbnv/Build/Products/Debug-iphonesimulator/GoogleSignInSwift.o --dependency-file /Users/nataliewhipps/Library/Developer/Xcode/DerivedData/Prompt28-cgmmkisguitsyibyvnemfqvywbnv/Build/Intermediates.noindex/GoogleSignIn.build/Debug-iphonesimulator/GoogleSignInSwift.build/Objects-normal/x86_64/GoogleSignInSwift_dependency_info.dat --stringsdata-file /Users/nataliewhipps/Library/Developer/Xcode/DerivedData/Prompt28-cgmmkisguitsyibyvnemfqvywbnv/Build/Intermediates.noindex/GoogleSignIn.build/Debug-iphonesimulator/GoogleSignInSwift.build/Objects-normal/x86_64/ExtractedAppShortcutsMetadata.stringsdata --source-file-list /Users/nataliewhipps/Library/Developer/Xcode/DerivedData/Prompt28-cgmmkisguitsyibyvnemfqvywbnv/Build/Intermediates.noindex/GoogleSignIn.build/Debug-iphonesimulator/GoogleSignInSwift.build/Objects-normal/x86_64/GoogleSignInSwift.SwiftFileList --metadata-file-list /Users/nataliewhipps/Library/Developer/Xcode/DerivedData/Prompt28-cgmmkisguitsyibyvnemfqvywbnv/Build/Intermediates.noindex/GoogleSignIn.build/Debug-iphonesimulator/GoogleSignInSwift.build/GoogleSignInSwift.DependencyMetadataFileList --static-metadata-file-list /Users/nataliewhipps/Library/Developer/Xcode/DerivedData/Prompt28-cgmmkisguitsyibyvnemfqvywbnv/Build/Intermediates.noindex/GoogleSignIn.build/Debug-iphonesimulator/GoogleSignInSwift.build/GoogleSignInSwift.DependencyStaticMetadataFileList --swift-const-vals-list /Users/nataliewhipps/Library/Developer/Xcode/DerivedData/Prompt28-cgmmkisguitsyibyvnemfqvywbnv/Build/Intermediates.noindex/GoogleSignIn.build/Debug-iphonesimulator/GoogleSignInSwift.build/Objects-normal/x86_64/GoogleSignInSwift.SwiftConstValuesFileList --force --compile-time-extraction --deployment-aware-processing --validate-assistant-intents --no-app-shortcuts-localization
2026-03-14 18:35:18.829 appintentsmetadataprocessor[29190:3275037] Starting appintentsmetadataprocessor export
2026-03-14 18:35:21.680 appintentsmetadataprocessor[29190:3275037] Extracted no relevant App Intents symbols, skipping writing output

SwiftExplicitDependencyGeneratePcm x86_64 /Users/nataliewhipps/Library/Developer/Xcode/DerivedData/ModuleCache.noindex/CoreImage-6GO3TTJ3JVOE20A88YB2HWH44.pcm

SwiftExplicitDependencyGeneratePcm x86_64 /Users/nataliewhipps/Library/Developer/Xcode/DerivedData/ModuleCache.noindex/QuartzCore-EIBGIBZFX25RSG8IDHIPI0GDJ.pcm

SwiftExplicitDependencyGeneratePcm x86_64 /Users/nataliewhipps/Library/Developer/Xcode/DerivedData/ModuleCache.noindex/CoreMedia-4BQUTX81FSPK23PXMPOKW9AI4.pcm

SwiftExplicitDependencyGeneratePcm x86_64 /Users/nataliewhipps/Library/Developer/Xcode/DerivedData/ModuleCache.noindex/SwiftUICore-74FB0NLRFPHVPWDT92LT4D7Q1.pcm

SwiftExplicitDependencyGeneratePcm x86_64 /Users/nataliewhipps/Library/Developer/Xcode/DerivedData/ModuleCache.noindex/UIKit-6T7VZPVV30F0G9D7V713IG2WS.pcm

SwiftExplicitDependencyGeneratePcm x86_64 /Users/nataliewhipps/Library/Developer/Xcode/DerivedData/ModuleCache.noindex/MediaToolbox-ASFPFHELLE6IE43VQ6ESNRYIE.pcm

SwiftExplicitDependencyGeneratePcm x86_64 /Users/nataliewhipps/Library/Developer/Xcode/DerivedData/ModuleCache.noindex/AVFAudio-D6WEQXKPVHJ5HN369XQ9TW64V.pcm

SwiftExplicitDependencyGeneratePcm x86_64 /Users/nataliewhipps/Library/Developer/Xcode/DerivedData/ModuleCache.noindex/AVFoundation-44KSIQBY545PFXIT7YDH9LEWM.pcm

RegisterExecutionPolicyException /Users/nataliewhipps/Library/Developer/Xcode/DerivedData/Prompt28-cgmmkisguitsyibyvnemfqvywbnv/Build/Products/Debug-iphonesimulator/GoogleSignInSwift.o (in target 'GoogleSignInSwift' from project 'GoogleSignIn')
    cd /Users/nataliewhipps/Library/Developer/Xcode/DerivedData/Prompt28-cgmmkisguitsyibyvnemfqvywbnv/SourcePackages/checkouts/GoogleSignIn-iOS
    builtin-RegisterExecutionPolicyException /Users/nataliewhipps/Library/Developer/Xcode/DerivedData/Prompt28-cgmmkisguitsyibyvnemfqvywbnv/Build/Products/Debug-iphonesimulator/GoogleSignInSwift.o

CpResource /Users/nataliewhipps/Library/Developer/Xcode/DerivedData/Prompt28-cgmmkisguitsyibyvnemfqvywbnv/Build/Products/Debug-iphonesimulator/Prompt28.app/PrivacyInfo.xcprivacy /Users/nataliewhipps/Desktop/Prompt28/PromptMeNative_Blueprint/PrivacyInfo.xcprivacy (in target 'Prompt28' from project 'Prompt28')
    cd /Users/nataliewhipps/Desktop/Prompt28
    builtin-copy -exclude .DS_Store -exclude CVS -exclude .svn -exclude .git -exclude .hg -resolve-src-symlinks /Users/nataliewhipps/Desktop/Prompt28/PromptMeNative_Blueprint/PrivacyInfo.xcprivacy /Users/nataliewhipps/Library/Developer/Xcode/DerivedData/Prompt28-cgmmkisguitsyibyvnemfqvywbnv/Build/Products/Debug-iphonesimulator/Prompt28.app

Copy /Users/nataliewhipps/Library/Developer/Xcode/DerivedData/Prompt28-cgmmkisguitsyibyvnemfqvywbnv/Build/Products/Debug-iphonesimulator/Prompt28.app/Promises_FBLPromises.bundle /Users/nataliewhipps/Library/Developer/Xcode/DerivedData/Prompt28-cgmmkisguitsyibyvnemfqvywbnv/Build/Products/Debug-iphonesimulator/Promises_FBLPromises.bundle (in target 'Prompt28' from project 'Prompt28')
    cd /Users/nataliewhipps/Desktop/Prompt28
    builtin-copy -exclude .DS_Store -exclude CVS -exclude .svn -exclude .git -exclude .hg -resolve-src-symlinks /Users/nataliewhipps/Library/Developer/Xcode/DerivedData/Prompt28-cgmmkisguitsyibyvnemfqvywbnv/Build/Products/Debug-iphonesimulator/Promises_FBLPromises.bundle /Users/nataliewhipps/Library/Developer/Xcode/DerivedData/Prompt28-cgmmkisguitsyibyvnemfqvywbnv/Build/Products/Debug-iphonesimulator/Prompt28.app

Copy /Users/nataliewhipps/Library/Developer/Xcode/DerivedData/Prompt28-cgmmkisguitsyibyvnemfqvywbnv/Build/Products/Debug-iphonesimulator/Prompt28.app/GoogleUtilities_GoogleUtilities-UserDefaults.bundle /Users/nataliewhipps/Library/Developer/Xcode/DerivedData/Prompt28-cgmmkisguitsyibyvnemfqvywbnv/Build/Products/Debug-iphonesimulator/GoogleUtilities_GoogleUtilities-UserDefaults.bundle (in target 'Prompt28' from project 'Prompt28')
    cd /Users/nataliewhipps/Desktop/Prompt28
    builtin-copy -exclude .DS_Store -exclude CVS -exclude .svn -exclude .git -exclude .hg -resolve-src-symlinks /Users/nataliewhipps/Library/Developer/Xcode/DerivedData/Prompt28-cgmmkisguitsyibyvnemfqvywbnv/Build/Products/Debug-iphonesimulator/GoogleUtilities_GoogleUtilities-UserDefaults.bundle /Users/nataliewhipps/Library/Developer/Xcode/DerivedData/Prompt28-cgmmkisguitsyibyvnemfqvywbnv/Build/Products/Debug-iphonesimulator/Prompt28.app

Copy /Users/nataliewhipps/Library/Developer/Xcode/DerivedData/Prompt28-cgmmkisguitsyibyvnemfqvywbnv/Build/Products/Debug-iphonesimulator/Prompt28.app/GoogleSignIn_GoogleSignInSwift.bundle /Users/nataliewhipps/Library/Developer/Xcode/DerivedData/Prompt28-cgmmkisguitsyibyvnemfqvywbnv/Build/Products/Debug-iphonesimulator/GoogleSignIn_GoogleSignInSwift.bundle (in target 'Prompt28' from project 'Prompt28')
    cd /Users/nataliewhipps/Desktop/Prompt28
    builtin-copy -exclude .DS_Store -exclude CVS -exclude .svn -exclude .git -exclude .hg -resolve-src-symlinks /Users/nataliewhipps/Library/Developer/Xcode/DerivedData/Prompt28-cgmmkisguitsyibyvnemfqvywbnv/Build/Products/Debug-iphonesimulator/GoogleSignIn_GoogleSignInSwift.bundle /Users/nataliewhipps/Library/Developer/Xcode/DerivedData/Prompt28-cgmmkisguitsyibyvnemfqvywbnv/Build/Products/Debug-iphonesimulator/Prompt28.app

Copy /Users/nataliewhipps/Library/Developer/Xcode/DerivedData/Prompt28-cgmmkisguitsyibyvnemfqvywbnv/Build/Products/Debug-iphonesimulator/Prompt28.app/GoogleUtilities_GoogleUtilities-Logger.bundle /Users/nataliewhipps/Library/Developer/Xcode/DerivedData/Prompt28-cgmmkisguitsyibyvnemfqvywbnv/Build/Products/Debug-iphonesimulator/GoogleUtilities_GoogleUtilities-Logger.bundle (in target 'Prompt28' from project 'Prompt28')
    cd /Users/nataliewhipps/Desktop/Prompt28
    builtin-copy -exclude .DS_Store -exclude CVS -exclude .svn -exclude .git -exclude .hg -resolve-src-symlinks /Users/nataliewhipps/Library/Developer/Xcode/DerivedData/Prompt28-cgmmkisguitsyibyvnemfqvywbnv/Build/Products/Debug-iphonesimulator/GoogleUtilities_GoogleUtilities-Logger.bundle /Users/nataliewhipps/Library/Developer/Xcode/DerivedData/Prompt28-cgmmkisguitsyibyvnemfqvywbnv/Build/Products/Debug-iphonesimulator/Prompt28.app

Copy /Users/nataliewhipps/Library/Developer/Xcode/DerivedData/Prompt28-cgmmkisguitsyibyvnemfqvywbnv/Build/Products/Debug-iphonesimulator/Prompt28.app/GoogleUtilities_GoogleUtilities-Environment.bundle /Users/nataliewhipps/Library/Developer/Xcode/DerivedData/Prompt28-cgmmkisguitsyibyvnemfqvywbnv/Build/Products/Debug-iphonesimulator/GoogleUtilities_GoogleUtilities-Environment.bundle (in target 'Prompt28' from project 'Prompt28')
    cd /Users/nataliewhipps/Desktop/Prompt28
    builtin-copy -exclude .DS_Store -exclude CVS -exclude .svn -exclude .git -exclude .hg -resolve-src-symlinks /Users/nataliewhipps/Library/Developer/Xcode/DerivedData/Prompt28-cgmmkisguitsyibyvnemfqvywbnv/Build/Products/Debug-iphonesimulator/GoogleUtilities_GoogleUtilities-Environment.bundle /Users/nataliewhipps/Library/Developer/Xcode/DerivedData/Prompt28-cgmmkisguitsyibyvnemfqvywbnv/Build/Products/Debug-iphonesimulator/Prompt28.app

Ld /Users/nataliewhipps/Library/Developer/Xcode/DerivedData/Prompt28-cgmmkisguitsyibyvnemfqvywbnv/Build/Products/Debug-iphonesimulator/Prompt28.app/__preview.dylib normal (in target 'Prompt28' from project 'Prompt28')
    cd /Users/nataliewhipps/Desktop/Prompt28
    /Applications/Xcode.app/Contents/Developer/Toolchains/XcodeDefault.xctoolchain/usr/bin/clang -Xlinker -reproducible -target x86_64-apple-ios26.2-simulator -dynamiclib -isysroot /Applications/Xcode.app/Contents/Developer/Platforms/iPhoneSimulator.platform/Developer/SDKs/iPhoneSimulator26.2.sdk -O0 -L/Users/nataliewhipps/Library/Developer/Xcode/DerivedData/Prompt28-cgmmkisguitsyibyvnemfqvywbnv/Build/Products/Debug-iphonesimulator -F/Users/nataliewhipps/Library/Developer/Xcode/DerivedData/Prompt28-cgmmkisguitsyibyvnemfqvywbnv/Build/Products/Debug-iphonesimulator/PackageFrameworks -F/Users/nataliewhipps/Library/Developer/Xcode/DerivedData/Prompt28-cgmmkisguitsyibyvnemfqvywbnv/Build/Products/Debug-iphonesimulator/PackageFrameworks -F/Users/nataliewhipps/Library/Developer/Xcode/DerivedData/Prompt28-cgmmkisguitsyibyvnemfqvywbnv/Build/Products/Debug-iphonesimulator/PackageFrameworks -F/Users/nataliewhipps/Library/Developer/Xcode/DerivedData/Prompt28-cgmmkisguitsyibyvnemfqvywbnv/Build/Products/Debug-iphonesimulator/PackageFrameworks -F/Users/nataliewhipps/Library/Developer/Xcode/DerivedData/Prompt28-cgmmkisguitsyibyvnemfqvywbnv/Build/Products/Debug-iphonesimulator/PackageFrameworks -F/Users/nataliewhipps/Library/Developer/Xcode/DerivedData/Prompt28-cgmmkisguitsyibyvnemfqvywbnv/Build/Products/Debug-iphonesimulator/PackageFrameworks -F/Users/nataliewhipps/Library/Developer/Xcode/DerivedData/Prompt28-cgmmkisguitsyibyvnemfqvywbnv/Build/Products/Debug-iphonesimulator/PackageFrameworks -F/Users/nataliewhipps/Library/Developer/Xcode/DerivedData/Prompt28-cgmmkisguitsyibyvnemfqvywbnv/Build/Products/Debug-iphonesimulator/PackageFrameworks -F/Users/nataliewhipps/Library/Developer/Xcode/DerivedData/Prompt28-cgmmkisguitsyibyvnemfqvywbnv/Build/Products/Debug-iphonesimulator/PackageFrameworks -F/Users/nataliewhipps/Library/Developer/Xcode/DerivedData/Prompt28-cgmmkisguitsyibyvnemfqvywbnv/Build/Products/Debug-iphonesimulator/PackageFrameworks -F/Users/nataliewhipps/Library/Developer/Xcode/DerivedData/Prompt28-cgmmkisguitsyibyvnemfqvywbnv/Build/Products/Debug-iphonesimulator/PackageFrameworks -F/Users/nataliewhipps/Library/Developer/Xcode/DerivedData/Prompt28-cgmmkisguitsyibyvnemfqvywbnv/Build/Products/Debug-iphonesimulator/PackageFrameworks -F/Users/nataliewhipps/Library/Developer/Xcode/DerivedData/Prompt28-cgmmkisguitsyibyvnemfqvywbnv/Build/Products/Debug-iphonesimulator -install_name @rpath/Prompt28.debug.dylib -dead_strip -rdynamic -Xlinker -no_deduplicate -Xlinker -objc_abi_version -Xlinker 2 -Xlinker -debug_variant -Xlinker -dependency_info -Xlinker /Users/nataliewhipps/Library/Developer/Xcode/DerivedData/Prompt28-cgmmkisguitsyibyvnemfqvywbnv/Build/Intermediates.noindex/Prompt28.build/Debug-iphonesimulator/Prompt28.build/Objects-normal/x86_64/Prompt28_dependency_info.dat -Xlinker -sectcreate -Xlinker __TEXT -Xlinker __entitlements -Xlinker /Users/nataliewhipps/Library/Developer/Xcode/DerivedData/Prompt28-cgmmkisguitsyibyvnemfqvywbnv/Build/Intermediates.noindex/Prompt28.build/Debug-iphonesimulator/Prompt28.build/Prompt28.app-Simulated.xcent -Xlinker -sectcreate -Xlinker __TEXT -Xlinker __ents_der -Xlinker /Users/nataliewhipps/Library/Developer/Xcode/DerivedData/Prompt28-cgmmkisguitsyibyvnemfqvywbnv/Build/Intermediates.noindex/Prompt28.build/Debug-iphonesimulator/Prompt28.build/Prompt28.app-Simulated.xcent.der -Xlinker -no_adhoc_codesign -o /Users/nataliewhipps/Library/Developer/Xcode/DerivedData/Prompt28-cgmmkisguitsyibyvnemfqvywbnv/Build/Products/Debug-iphonesimulator/Prompt28.app/__preview.dylib

Copy /Users/nataliewhipps/Library/Developer/Xcode/DerivedData/Prompt28-cgmmkisguitsyibyvnemfqvywbnv/Build/Products/Debug-iphonesimulator/Prompt28.app/GoogleSignIn_GoogleSignIn.bundle /Users/nataliewhipps/Library/Developer/Xcode/DerivedData/Prompt28-cgmmkisguitsyibyvnemfqvywbnv/Build/Products/Debug-iphonesimulator/GoogleSignIn_GoogleSignIn.bundle (in target 'Prompt28' from project 'Prompt28')
    cd /Users/nataliewhipps/Desktop/Prompt28
    builtin-copy -exclude .DS_Store -exclude CVS -exclude .svn -exclude .git -exclude .hg -resolve-src-symlinks /Users/nataliewhipps/Library/Developer/Xcode/DerivedData/Prompt28-cgmmkisguitsyibyvnemfqvywbnv/Build/Products/Debug-iphonesimulator/GoogleSignIn_GoogleSignIn.bundle /Users/nataliewhipps/Library/Developer/Xcode/DerivedData/Prompt28-cgmmkisguitsyibyvnemfqvywbnv/Build/Products/Debug-iphonesimulator/Prompt28.app

Copy /Users/nataliewhipps/Library/Developer/Xcode/DerivedData/Prompt28-cgmmkisguitsyibyvnemfqvywbnv/Build/Products/Debug-iphonesimulator/Prompt28.app/GTMSessionFetcher_GTMSessionFetcherCore.bundle /Users/nataliewhipps/Library/Developer/Xcode/DerivedData/Prompt28-cgmmkisguitsyibyvnemfqvywbnv/Build/Products/Debug-iphonesimulator/GTMSessionFetcher_GTMSessionFetcherCore.bundle (in target 'Prompt28' from project 'Prompt28')
    cd /Users/nataliewhipps/Desktop/Prompt28
    builtin-copy -exclude .DS_Store -exclude CVS -exclude .svn -exclude .git -exclude .hg -resolve-src-symlinks /Users/nataliewhipps/Library/Developer/Xcode/DerivedData/Prompt28-cgmmkisguitsyibyvnemfqvywbnv/Build/Products/Debug-iphonesimulator/GTMSessionFetcher_GTMSessionFetcherCore.bundle /Users/nataliewhipps/Library/Developer/Xcode/DerivedData/Prompt28-cgmmkisguitsyibyvnemfqvywbnv/Build/Products/Debug-iphonesimulator/Prompt28.app

Copy /Users/nataliewhipps/Library/Developer/Xcode/DerivedData/Prompt28-cgmmkisguitsyibyvnemfqvywbnv/Build/Products/Debug-iphonesimulator/Prompt28.app/GTMAppAuth_GTMAppAuth.bundle /Users/nataliewhipps/Library/Developer/Xcode/DerivedData/Prompt28-cgmmkisguitsyibyvnemfqvywbnv/Build/Products/Debug-iphonesimulator/GTMAppAuth_GTMAppAuth.bundle (in target 'Prompt28' from project 'Prompt28')
    cd /Users/nataliewhipps/Desktop/Prompt28
    builtin-copy -exclude .DS_Store -exclude CVS -exclude .svn -exclude .git -exclude .hg -resolve-src-symlinks /Users/nataliewhipps/Library/Developer/Xcode/DerivedData/Prompt28-cgmmkisguitsyibyvnemfqvywbnv/Build/Products/Debug-iphonesimulator/GTMAppAuth_GTMAppAuth.bundle /Users/nataliewhipps/Library/Developer/Xcode/DerivedData/Prompt28-cgmmkisguitsyibyvnemfqvywbnv/Build/Products/Debug-iphonesimulator/Prompt28.app

Copy /Users/nataliewhipps/Library/Developer/Xcode/DerivedData/Prompt28-cgmmkisguitsyibyvnemfqvywbnv/Build/Products/Debug-iphonesimulator/Prompt28.app/AppAuth_AppAuthCore.bundle /Users/nataliewhipps/Library/Developer/Xcode/DerivedData/Prompt28-cgmmkisguitsyibyvnemfqvywbnv/Build/Products/Debug-iphonesimulator/AppAuth_AppAuthCore.bundle (in target 'Prompt28' from project 'Prompt28')
    cd /Users/nataliewhipps/Desktop/Prompt28
    builtin-copy -exclude .DS_Store -exclude CVS -exclude .svn -exclude .git -exclude .hg -resolve-src-symlinks /Users/nataliewhipps/Library/Developer/Xcode/DerivedData/Prompt28-cgmmkisguitsyibyvnemfqvywbnv/Build/Products/Debug-iphonesimulator/AppAuth_AppAuthCore.bundle /Users/nataliewhipps/Library/Developer/Xcode/DerivedData/Prompt28-cgmmkisguitsyibyvnemfqvywbnv/Build/Products/Debug-iphonesimulator/Prompt28.app

Copy /Users/nataliewhipps/Library/Developer/Xcode/DerivedData/Prompt28-cgmmkisguitsyibyvnemfqvywbnv/Build/Products/Debug-iphonesimulator/Prompt28.app/AppAuth_AppAuth.bundle /Users/nataliewhipps/Library/Developer/Xcode/DerivedData/Prompt28-cgmmkisguitsyibyvnemfqvywbnv/Build/Products/Debug-iphonesimulator/AppAuth_AppAuth.bundle (in target 'Prompt28' from project 'Prompt28')
    cd /Users/nataliewhipps/Desktop/Prompt28
    builtin-copy -exclude .DS_Store -exclude CVS -exclude .svn -exclude .git -exclude .hg -resolve-src-symlinks /Users/nataliewhipps/Library/Developer/Xcode/DerivedData/Prompt28-cgmmkisguitsyibyvnemfqvywbnv/Build/Products/Debug-iphonesimulator/AppAuth_AppAuth.bundle /Users/nataliewhipps/Library/Developer/Xcode/DerivedData/Prompt28-cgmmkisguitsyibyvnemfqvywbnv/Build/Products/Debug-iphonesimulator/Prompt28.app

ProcessInfoPlistFile /Users/nataliewhipps/Library/Developer/Xcode/DerivedData/Prompt28-cgmmkisguitsyibyvnemfqvywbnv/Build/Products/Debug-iphonesimulator/Prompt28.app/Info.plist /Users/nataliewhipps/Desktop/Prompt28/Prompt28/Info.plist (in target 'Prompt28' from project 'Prompt28')
    cd /Users/nataliewhipps/Desktop/Prompt28
    builtin-infoPlistUtility /Users/nataliewhipps/Desktop/Prompt28/Prompt28/Info.plist -producttype com.apple.product-type.application -genpkginfo /Users/nataliewhipps/Library/Developer/Xcode/DerivedData/Prompt28-cgmmkisguitsyibyvnemfqvywbnv/Build/Products/Debug-iphonesimulator/Prompt28.app/PkgInfo -expandbuildsettings -format binary -platform iphonesimulator -scanforprivacyfile /Users/nataliewhipps/Library/Developer/Xcode/DerivedData/Prompt28-cgmmkisguitsyibyvnemfqvywbnv/Build/Products/Debug-iphonesimulator/Prompt28.app/AppAuth_AppAuth.bundle -scanforprivacyfile /Users/nataliewhipps/Library/Developer/Xcode/DerivedData/Prompt28-cgmmkisguitsyibyvnemfqvywbnv/Build/Products/Debug-iphonesimulator/Prompt28.app/AppAuth_AppAuthCore.bundle -scanforprivacyfile /Users/nataliewhipps/Library/Developer/Xcode/DerivedData/Prompt28-cgmmkisguitsyibyvnemfqvywbnv/Build/Products/Debug-iphonesimulator/Prompt28.app/GTMAppAuth_GTMAppAuth.bundle -scanforprivacyfile /Users/nataliewhipps/Library/Developer/Xcode/DerivedData/Prompt28-cgmmkisguitsyibyvnemfqvywbnv/Build/Products/Debug-iphonesimulator/Prompt28.app/GTMSessionFetcher_GTMSessionFetcherCore.bundle -scanforprivacyfile /Users/nataliewhipps/Library/Developer/Xcode/DerivedData/Prompt28-cgmmkisguitsyibyvnemfqvywbnv/Build/Products/Debug-iphonesimulator/Prompt28.app/GoogleSignIn_GoogleSignIn.bundle -scanforprivacyfile /Users/nataliewhipps/Library/Developer/Xcode/DerivedData/Prompt28-cgmmkisguitsyibyvnemfqvywbnv/Build/Products/Debug-iphonesimulator/Prompt28.app/GoogleSignIn_GoogleSignInSwift.bundle -scanforprivacyfile /Users/nataliewhipps/Library/Developer/Xcode/DerivedData/Prompt28-cgmmkisguitsyibyvnemfqvywbnv/Build/Products/Debug-iphonesimulator/Prompt28.app/GoogleUtilities_GoogleUtilities-Environment.bundle -scanforprivacyfile /Users/nataliewhipps/Library/Developer/Xcode/DerivedData/Prompt28-cgmmkisguitsyibyvnemfqvywbnv/Build/Products/Debug-iphonesimulator/Prompt28.app/GoogleUtilities_GoogleUtilities-Logger.bundle -scanforprivacyfile /Users/nataliewhipps/Library/Developer/Xcode/DerivedData/Prompt28-cgmmkisguitsyibyvnemfqvywbnv/Build/Products/Debug-iphonesimulator/Prompt28.app/GoogleUtilities_GoogleUtilities-UserDefaults.bundle -scanforprivacyfile /Users/nataliewhipps/Library/Developer/Xcode/DerivedData/Prompt28-cgmmkisguitsyibyvnemfqvywbnv/Build/Products/Debug-iphonesimulator/Prompt28.app/Promises_FBLPromises.bundle -o /Users/nataliewhipps/Library/Developer/Xcode/DerivedData/Prompt28-cgmmkisguitsyibyvnemfqvywbnv/Build/Products/Debug-iphonesimulator/Prompt28.app/Info.plist

SwiftExplicitDependencyGeneratePcm x86_64 /Users/nataliewhipps/Library/Developer/Xcode/DerivedData/ModuleCache.noindex/Speech-CIKP1Y1EW6Z8C5I18WFLJF3YU.pcm

SwiftExplicitDependencyGeneratePcm x86_64 /Users/nataliewhipps/Library/Developer/Xcode/DerivedData/ModuleCache.noindex/SwiftUI-2UEN6D1MZ8ZZFLVDODKOZXUI1.pcm

SwiftExplicitDependencyGeneratePcm x86_64 /Users/nataliewhipps/Library/Developer/Xcode/DerivedData/ModuleCache.noindex/StoreKit-CXYVUYT9FY5E3LN0B8XB5BOPU.pcm

SwiftExplicitDependencyGeneratePcm x86_64 /Users/nataliewhipps/Library/Developer/Xcode/DerivedData/Prompt28-cgmmkisguitsyibyvnemfqvywbnv/Build/Intermediates.noindex/SwiftExplicitPrecompiledModules/GTMSessionFetcherCore-4IV1LZTBGY4KGGK732IJX036C.pcm

SwiftExplicitDependencyGeneratePcm x86_64 /Users/nataliewhipps/Library/Developer/Xcode/DerivedData/ModuleCache.noindex/AuthenticationServices-5GWQZ7N9FT8W77D4B9MBRTFA1.pcm

SwiftExplicitDependencyGeneratePcm x86_64 /Users/nataliewhipps/Library/Developer/Xcode/DerivedData/Prompt28-cgmmkisguitsyibyvnemfqvywbnv/Build/Intermediates.noindex/SwiftExplicitPrecompiledModules/GoogleSignIn-BEGLYADGRJ32E3V9U4WDQY3SB.pcm

SwiftEmitModule normal x86_64 Emitting\ module\ for\ Prompt28 (in target 'Prompt28' from project 'Prompt28')

EmitSwiftModule normal x86_64 (in target 'Prompt28' from project 'Prompt28')
    cd /Users/nataliewhipps/Desktop/Prompt28
    

SwiftCompile normal x86_64 Compiling\ AppPreferences.swift,\ ResultView.swift,\ TrendingViewModel.swift,\ OrbEngine.swift,\ OrbView.swift,\ AdminCategoriesView.swift,\ KeychainService.swift,\ PromptHistoryItem.swift /Users/nataliewhipps/Desktop/Prompt28/PromptMeNative_Blueprint/Models/Local/AppPreferences.swift /Users/nataliewhipps/Desktop/Prompt28/PromptMeNative_Blueprint/Features/Home/Views/ResultView.swift /Users/nataliewhipps/Desktop/Prompt28/PromptMeNative_Blueprint/Features/Trending/ViewModels/TrendingViewModel.swift /Users/nataliewhipps/Desktop/Prompt28/PromptMeNative_Blueprint/Core/Audio/OrbEngine.swift /Users/nataliewhipps/Desktop/Prompt28/PromptMeNative_Blueprint/Features/Home/Views/OrbView.swift /Users/nataliewhipps/Desktop/Prompt28/PromptMeNative_Blueprint/Features/Admin/Views/AdminCategoriesView.swift /Users/nataliewhipps/Desktop/Prompt28/PromptMeNative_Blueprint/Core/Auth/KeychainService.swift /Users/nataliewhipps/Desktop/Prompt28/PromptMeNative_Blueprint/Models/Local/PromptHistoryItem.swift (in target 'Prompt28' from project 'Prompt28')
SwiftCompile normal x86_64 /Users/nataliewhipps/Desktop/Prompt28/PromptMeNative_Blueprint/Models/Local/AppPreferences.swift (in target 'Prompt28' from project 'Prompt28')
    cd /Users/nataliewhipps/Desktop/Prompt28
    

SwiftCompile normal x86_64 /Users/nataliewhipps/Desktop/Prompt28/PromptMeNative_Blueprint/Features/Home/Views/ResultView.swift (in target 'Prompt28' from project 'Prompt28')
    cd /Users/nataliewhipps/Desktop/Prompt28
    

SwiftCompile normal x86_64 /Users/nataliewhipps/Desktop/Prompt28/PromptMeNative_Blueprint/Features/Trending/ViewModels/TrendingViewModel.swift (in target 'Prompt28' from project 'Prompt28')
    cd /Users/nataliewhipps/Desktop/Prompt28
    

SwiftCompile normal x86_64 /Users/nataliewhipps/Desktop/Prompt28/PromptMeNative_Blueprint/Core/Audio/OrbEngine.swift (in target 'Prompt28' from project 'Prompt28')
    cd /Users/nataliewhipps/Desktop/Prompt28
    

SwiftCompile normal x86_64 /Users/nataliewhipps/Desktop/Prompt28/PromptMeNative_Blueprint/Features/Home/Views/OrbView.swift (in target 'Prompt28' from project 'Prompt28')
    cd /Users/nataliewhipps/Desktop/Prompt28
    

SwiftCompile normal x86_64 /Users/nataliewhipps/Desktop/Prompt28/PromptMeNative_Blueprint/Features/Admin/Views/AdminCategoriesView.swift (in target 'Prompt28' from project 'Prompt28')
    cd /Users/nataliewhipps/Desktop/Prompt28
    

SwiftCompile normal x86_64 /Users/nataliewhipps/Desktop/Prompt28/PromptMeNative_Blueprint/Core/Auth/KeychainService.swift (in target 'Prompt28' from project 'Prompt28')
    cd /Users/nataliewhipps/Desktop/Prompt28
    

SwiftCompile normal x86_64 /Users/nataliewhipps/Desktop/Prompt28/PromptMeNative_Blueprint/Models/Local/PromptHistoryItem.swift (in target 'Prompt28' from project 'Prompt28')
    cd /Users/nataliewhipps/Desktop/Prompt28
    

SwiftCompile normal x86_64 Compiling\ NetworkError.swift,\ GenerateModels.swift,\ HistoryViewModel.swift,\ PromptMeNativeApp.swift,\ OAuthCoordinator.swift,\ AuthModels.swift,\ SpeechRecognizerService.swift,\ EmailAuthView.swift /Users/nataliewhipps/Desktop/Prompt28/PromptMeNative_Blueprint/Core/Networking/NetworkError.swift /Users/nataliewhipps/Desktop/Prompt28/PromptMeNative_Blueprint/Models/API/GenerateModels.swift /Users/nataliewhipps/Desktop/Prompt28/PromptMeNative_Blueprint/Features/History/ViewModels/HistoryViewModel.swift /Users/nataliewhipps/Desktop/Prompt28/PromptMeNative_Blueprint/PromptMeNativeApp.swift /Users/nataliewhipps/Desktop/Prompt28/PromptMeNative_Blueprint/Core/Auth/OAuthCoordinator.swift /Users/nataliewhipps/Desktop/Prompt28/PromptMeNative_Blueprint/Models/API/AuthModels.swift /Users/nataliewhipps/Desktop/Prompt28/PromptMeNative_Blueprint/Core/Audio/SpeechRecognizerService.swift /Users/nataliewhipps/Desktop/Prompt28/PromptMeNative_Blueprint/Features/Auth/Views/EmailAuthView.swift (in target 'Prompt28' from project 'Prompt28')

SwiftCompile normal x86_64 /Users/nataliewhipps/Desktop/Prompt28/PromptMeNative_Blueprint/Core/Networking/NetworkError.swift (in target 'Prompt28' from project 'Prompt28')
    cd /Users/nataliewhipps/Desktop/Prompt28
    

SwiftCompile normal x86_64 /Users/nataliewhipps/Desktop/Prompt28/PromptMeNative_Blueprint/Models/API/GenerateModels.swift (in target 'Prompt28' from project 'Prompt28')
    cd /Users/nataliewhipps/Desktop/Prompt28
    

SwiftCompile normal x86_64 /Users/nataliewhipps/Desktop/Prompt28/PromptMeNative_Blueprint/Features/History/ViewModels/HistoryViewModel.swift (in target 'Prompt28' from project 'Prompt28')
    cd /Users/nataliewhipps/Desktop/Prompt28
    

SwiftCompile normal x86_64 /Users/nataliewhipps/Desktop/Prompt28/PromptMeNative_Blueprint/PromptMeNativeApp.swift (in target 'Prompt28' from project 'Prompt28')
    cd /Users/nataliewhipps/Desktop/Prompt28
    

SwiftCompile normal x86_64 /Users/nataliewhipps/Desktop/Prompt28/PromptMeNative_Blueprint/Core/Auth/OAuthCoordinator.swift (in target 'Prompt28' from project 'Prompt28')
    cd /Users/nataliewhipps/Desktop/Prompt28
    

SwiftCompile normal x86_64 /Users/nataliewhipps/Desktop/Prompt28/PromptMeNative_Blueprint/Models/API/AuthModels.swift (in target 'Prompt28' from project 'Prompt28')
    cd /Users/nataliewhipps/Desktop/Prompt28
    

SwiftCompile normal x86_64 /Users/nataliewhipps/Desktop/Prompt28/PromptMeNative_Blueprint/Core/Audio/SpeechRecognizerService.swift (in target 'Prompt28' from project 'Prompt28')
    cd /Users/nataliewhipps/Desktop/Prompt28
    

SwiftCompile normal x86_64 /Users/nataliewhipps/Desktop/Prompt28/PromptMeNative_Blueprint/Features/Auth/Views/EmailAuthView.swift (in target 'Prompt28' from project 'Prompt28')
    cd /Users/nataliewhipps/Desktop/Prompt28
    

SwiftCompile normal x86_64 Compiling\ AnalyticsService.swift,\ OnboardingView.swift,\ StoreConfig.swift,\ StoreManager.swift,\ UsageTracker.swift,\ NotificationService.swift,\ PrivacyConsentView.swift /Users/nataliewhipps/Desktop/Prompt28/PromptMeNative_Blueprint/Core/Utils/AnalyticsService.swift /Users/nataliewhipps/Desktop/Prompt28/PromptMeNative_Blueprint/Features/Onboarding/Views/OnboardingView.swift /Users/nataliewhipps/Desktop/Prompt28/PromptMeNative_Blueprint/Core/Store/StoreConfig.swift /Users/nataliewhipps/Desktop/Prompt28/PromptMeNative_Blueprint/Core/Store/StoreManager.swift /Users/nataliewhipps/Desktop/Prompt28/PromptMeNative_Blueprint/Core/Store/UsageTracker.swift /Users/nataliewhipps/Desktop/Prompt28/PromptMeNative_Blueprint/Core/Notifications/NotificationService.swift /Users/nataliewhipps/Desktop/Prompt28/PromptMeNative_Blueprint/Features/Privacy/PrivacyConsentView.swift (in target 'Prompt28' from project 'Prompt28')

SwiftCompile normal x86_64 /Users/nataliewhipps/Desktop/Prompt28/PromptMeNative_Blueprint/Core/Utils/AnalyticsService.swift (in target 'Prompt28' from project 'Prompt28')
    cd /Users/nataliewhipps/Desktop/Prompt28
    

SwiftCompile normal x86_64 /Users/nataliewhipps/Desktop/Prompt28/PromptMeNative_Blueprint/Features/Onboarding/Views/OnboardingView.swift (in target 'Prompt28' from project 'Prompt28')
    cd /Users/nataliewhipps/Desktop/Prompt28
    

SwiftCompile normal x86_64 /Users/nataliewhipps/Desktop/Prompt28/PromptMeNative_Blueprint/Core/Store/StoreConfig.swift (in target 'Prompt28' from project 'Prompt28')
    cd /Users/nataliewhipps/Desktop/Prompt28
    

SwiftCompile normal x86_64 /Users/nataliewhipps/Desktop/Prompt28/PromptMeNative_Blueprint/Core/Store/StoreManager.swift (in target 'Prompt28' from project 'Prompt28')
    cd /Users/nataliewhipps/Desktop/Prompt28
    

SwiftCompile normal x86_64 /Users/nataliewhipps/Desktop/Prompt28/PromptMeNative_Blueprint/Core/Store/UsageTracker.swift (in target 'Prompt28' from project 'Prompt28')
    cd /Users/nataliewhipps/Desktop/Prompt28
    

SwiftCompile normal x86_64 /Users/nataliewhipps/Desktop/Prompt28/PromptMeNative_Blueprint/Core/Notifications/NotificationService.swift (in target 'Prompt28' from project 'Prompt28')
    cd /Users/nataliewhipps/Desktop/Prompt28
    

SwiftCompile normal x86_64 /Users/nataliewhipps/Desktop/Prompt28/PromptMeNative_Blueprint/Features/Privacy/PrivacyConsentView.swift (in target 'Prompt28' from project 'Prompt28')
    cd /Users/nataliewhipps/Desktop/Prompt28
    

SwiftCompile normal x86_64 Compiling\ AppEnvironment.swift,\ AuthManager.swift,\ AdminTextSettingsView.swift,\ AdminPromptsView.swift,\ RootView.swift,\ AdminDashboardView.swift,\ SettingsModels.swift,\ Date+Extensions.swift /Users/nataliewhipps/Desktop/Prompt28/PromptMeNative_Blueprint/App/AppEnvironment.swift /Users/nataliewhipps/Desktop/Prompt28/PromptMeNative_Blueprint/Core/Auth/AuthManager.swift /Users/nataliewhipps/Desktop/Prompt28/PromptMeNative_Blueprint/Features/Admin/Views/AdminTextSettingsView.swift /Users/nataliewhipps/Desktop/Prompt28/PromptMeNative_Blueprint/Features/Admin/Views/AdminPromptsView.swift /Users/nataliewhipps/Desktop/Prompt28/PromptMeNative_Blueprint/App/RootView.swift /Users/nataliewhipps/Desktop/Prompt28/PromptMeNative_Blueprint/Features/Admin/Views/AdminDashboardView.swift /Users/nataliewhipps/Desktop/Prompt28/PromptMeNative_Blueprint/Models/API/SettingsModels.swift /Users/nataliewhipps/Desktop/Prompt28/PromptMeNative_Blueprint/Core/Utils/Date+Extensions.swift (in target 'Prompt28' from project 'Prompt28')

SwiftCompile normal x86_64 /Users/nataliewhipps/Desktop/Prompt28/PromptMeNative_Blueprint/App/AppEnvironment.swift (in target 'Prompt28' from project 'Prompt28')
    cd /Users/nataliewhipps/Desktop/Prompt28
    

SwiftCompile normal x86_64 /Users/nataliewhipps/Desktop/Prompt28/PromptMeNative_Blueprint/Core/Auth/AuthManager.swift (in target 'Prompt28' from project 'Prompt28')
    cd /Users/nataliewhipps/Desktop/Prompt28
    

SwiftCompile normal x86_64 /Users/nataliewhipps/Desktop/Prompt28/PromptMeNative_Blueprint/Features/Admin/Views/AdminTextSettingsView.swift (in target 'Prompt28' from project 'Prompt28')
    cd /Users/nataliewhipps/Desktop/Prompt28
    

SwiftCompile normal x86_64 /Users/nataliewhipps/Desktop/Prompt28/PromptMeNative_Blueprint/Features/Admin/Views/AdminPromptsView.swift (in target 'Prompt28' from project 'Prompt28')
    cd /Users/nataliewhipps/Desktop/Prompt28
    

SwiftCompile normal x86_64 /Users/nataliewhipps/Desktop/Prompt28/PromptMeNative_Blueprint/App/RootView.swift (in target 'Prompt28' from project 'Prompt28')
    cd /Users/nataliewhipps/Desktop/Prompt28
    

SwiftCompile normal x86_64 /Users/nataliewhipps/Desktop/Prompt28/PromptMeNative_Blueprint/Features/Admin/Views/AdminDashboardView.swift (in target 'Prompt28' from project 'Prompt28')
    cd /Users/nataliewhipps/Desktop/Prompt28
    

SwiftCompile normal x86_64 /Users/nataliewhipps/Desktop/Prompt28/PromptMeNative_Blueprint/Models/API/SettingsModels.swift (in target 'Prompt28' from project 'Prompt28')
    cd /Users/nataliewhipps/Desktop/Prompt28
    

SwiftCompile normal x86_64 /Users/nataliewhipps/Desktop/Prompt28/PromptMeNative_Blueprint/Core/Utils/Date+Extensions.swift (in target 'Prompt28' from project 'Prompt28')
    cd /Users/nataliewhipps/Desktop/Prompt28
    

SwiftCompile normal x86_64 Compiling\ User.swift,\ SecureStore.swift,\ APIClient.swift,\ AdminViewModel.swift,\ JSONCoding.swift,\ PreferencesStore.swift,\ AppRouter.swift,\ SettingsViewModel.swift /Users/nataliewhipps/Desktop/Prompt28/PromptMeNative_Blueprint/Models/API/User.swift /Users/nataliewhipps/Desktop/Prompt28/PromptMeNative_Blueprint/Core/Storage/SecureStore.swift /Users/nataliewhipps/Desktop/Prompt28/PromptMeNative_Blueprint/Core/Networking/APIClient.swift /Users/nataliewhipps/Desktop/Prompt28/PromptMeNative_Blueprint/Features/Admin/ViewModels/AdminViewModel.swift /Users/nataliewhipps/Desktop/Prompt28/PromptMeNative_Blueprint/Core/Utils/JSONCoding.swift /Users/nataliewhipps/Desktop/Prompt28/PromptMeNative_Blueprint/Core/Storage/PreferencesStore.swift /Users/nataliewhipps/Desktop/Prompt28/PromptMeNative_Blueprint/App/Routing/AppRouter.swift /Users/nataliewhipps/Desktop/Prompt28/PromptMeNative_Blueprint/Features/Settings/ViewModels/SettingsViewModel.swift (in target 'Prompt28' from project 'Prompt28')

SwiftCompile normal x86_64 /Users/nataliewhipps/Desktop/Prompt28/PromptMeNative_Blueprint/Models/API/User.swift (in target 'Prompt28' from project 'Prompt28')
    cd /Users/nataliewhipps/Desktop/Prompt28
    

SwiftCompile normal x86_64 /Users/nataliewhipps/Desktop/Prompt28/PromptMeNative_Blueprint/Core/Storage/SecureStore.swift (in target 'Prompt28' from project 'Prompt28')
    cd /Users/nataliewhipps/Desktop/Prompt28
    

SwiftCompile normal x86_64 /Users/nataliewhipps/Desktop/Prompt28/PromptMeNative_Blueprint/Core/Networking/APIClient.swift (in target 'Prompt28' from project 'Prompt28')
    cd /Users/nataliewhipps/Desktop/Prompt28
    

SwiftCompile normal x86_64 /Users/nataliewhipps/Desktop/Prompt28/PromptMeNative_Blueprint/Features/Admin/ViewModels/AdminViewModel.swift (in target 'Prompt28' from project 'Prompt28')
    cd /Users/nataliewhipps/Desktop/Prompt28
    

SwiftCompile normal x86_64 /Users/nataliewhipps/Desktop/Prompt28/PromptMeNative_Blueprint/Core/Utils/JSONCoding.swift (in target 'Prompt28' from project 'Prompt28')
    cd /Users/nataliewhipps/Desktop/Prompt28
    

SwiftCompile normal x86_64 /Users/nataliewhipps/Desktop/Prompt28/PromptMeNative_Blueprint/Core/Storage/PreferencesStore.swift (in target 'Prompt28' from project 'Prompt28')
    cd /Users/nataliewhipps/Desktop/Prompt28
    

SwiftCompile normal x86_64 /Users/nataliewhipps/Desktop/Prompt28/PromptMeNative_Blueprint/App/Routing/AppRouter.swift (in target 'Prompt28' from project 'Prompt28')
    cd /Users/nataliewhipps/Desktop/Prompt28
    

SwiftCompile normal x86_64 /Users/nataliewhipps/Desktop/Prompt28/PromptMeNative_Blueprint/Features/Settings/ViewModels/SettingsViewModel.swift (in target 'Prompt28' from project 'Prompt28')
    cd /Users/nataliewhipps/Desktop/Prompt28
    

SwiftCompile normal x86_64 Compiling\ AdminPromptEditorSheet.swift,\ GenerateViewModel.swift,\ SettingsView.swift,\ TrendingView.swift,\ HomeView.swift,\ AppUI.swift,\ HomeViewModel.swift,\ HapticService.swift /Users/nataliewhipps/Desktop/Prompt28/PromptMeNative_Blueprint/Features/Admin/Views/AdminPromptEditorSheet.swift /Users/nataliewhipps/Desktop/Prompt28/PromptMeNative_Blueprint/Features/Home/ViewModels/GenerateViewModel.swift /Users/nataliewhipps/Desktop/Prompt28/PromptMeNative_Blueprint/Features/Settings/Views/SettingsView.swift /Users/nataliewhipps/Desktop/Prompt28/PromptMeNative_Blueprint/Features/Trending/Views/TrendingView.swift /Users/nataliewhipps/Desktop/Prompt28/PromptMeNative_Blueprint/Features/Home/Views/HomeView.swift /Users/nataliewhipps/Desktop/Prompt28/PromptMeNative_Blueprint/App/AppUI.swift /Users/nataliewhipps/Desktop/Prompt28/PromptMeNative_Blueprint/Features/Home/ViewModels/HomeViewModel.swift /Users/nataliewhipps/Desktop/Prompt28/PromptMeNative_Blueprint/Core/Utils/HapticService.swift (in target 'Prompt28' from project 'Prompt28')
SwiftCompile normal x86_64 /Users/nataliewhipps/Desktop/Prompt28/PromptMeNative_Blueprint/Features/Admin/Views/AdminPromptEditorSheet.swift (in target 'Prompt28' from project 'Prompt28')
    cd /Users/nataliewhipps/Desktop/Prompt28
    

SwiftCompile normal x86_64 /Users/nataliewhipps/Desktop/Prompt28/PromptMeNative_Blueprint/Features/Home/ViewModels/GenerateViewModel.swift (in target 'Prompt28' from project 'Prompt28')
    cd /Users/nataliewhipps/Desktop/Prompt28
    

SwiftCompile normal x86_64 /Users/nataliewhipps/Desktop/Prompt28/PromptMeNative_Blueprint/Features/Settings/Views/SettingsView.swift (in target 'Prompt28' from project 'Prompt28')
    cd /Users/nataliewhipps/Desktop/Prompt28
    

SwiftCompile normal x86_64 /Users/nataliewhipps/Desktop/Prompt28/PromptMeNative_Blueprint/Features/Trending/Views/TrendingView.swift (in target 'Prompt28' from project 'Prompt28')
    cd /Users/nataliewhipps/Desktop/Prompt28
    

SwiftCompile normal x86_64 /Users/nataliewhipps/Desktop/Prompt28/PromptMeNative_Blueprint/Features/Home/Views/HomeView.swift (in target 'Prompt28' from project 'Prompt28')
    cd /Users/nataliewhipps/Desktop/Prompt28
    

SwiftCompile normal x86_64 /Users/nataliewhipps/Desktop/Prompt28/PromptMeNative_Blueprint/App/AppUI.swift (in target 'Prompt28' from project 'Prompt28')
    cd /Users/nataliewhipps/Desktop/Prompt28
    

SwiftCompile normal x86_64 /Users/nataliewhipps/Desktop/Prompt28/PromptMeNative_Blueprint/Features/Home/ViewModels/HomeViewModel.swift (in target 'Prompt28' from project 'Prompt28')
    cd /Users/nataliewhipps/Desktop/Prompt28
    

SwiftCompile normal x86_64 /Users/nataliewhipps/Desktop/Prompt28/PromptMeNative_Blueprint/Core/Utils/HapticService.swift (in target 'Prompt28' from project 'Prompt28')
    cd /Users/nataliewhipps/Desktop/Prompt28
    

SwiftCompile normal x86_64 Compiling\ AuthViewModel.swift,\ AuthFlowView.swift,\ APIEndpoint.swift,\ PromptCatalogModels.swift,\ PromptDetailView.swift,\ AdminUnlockView.swift,\ HistoryStore.swift,\ RequestBuilder.swift /Users/nataliewhipps/Desktop/Prompt28/PromptMeNative_Blueprint/Features/Auth/ViewModels/AuthViewModel.swift /Users/nataliewhipps/Desktop/Prompt28/PromptMeNative_Blueprint/Features/Auth/Views/AuthFlowView.swift /Users/nataliewhipps/Desktop/Prompt28/PromptMeNative_Blueprint/Core/Networking/APIEndpoint.swift /Users/nataliewhipps/Desktop/Prompt28/PromptMeNative_Blueprint/Models/API/PromptCatalogModels.swift /Users/nataliewhipps/Desktop/Prompt28/PromptMeNative_Blueprint/Features/Trending/Views/PromptDetailView.swift /Users/nataliewhipps/Desktop/Prompt28/PromptMeNative_Blueprint/Features/Admin/Views/AdminUnlockView.swift /Users/nataliewhipps/Desktop/Prompt28/PromptMeNative_Blueprint/Core/Storage/HistoryStore.swift /Users/nataliewhipps/Desktop/Prompt28/PromptMeNative_Blueprint/Core/Networking/RequestBuilder.swift (in target 'Prompt28' from project 'Prompt28')

SwiftCompile normal x86_64 /Users/nataliewhipps/Desktop/Prompt28/PromptMeNative_Blueprint/Features/Auth/ViewModels/AuthViewModel.swift (in target 'Prompt28' from project 'Prompt28')
    cd /Users/nataliewhipps/Desktop/Prompt28
    

SwiftCompile normal x86_64 /Users/nataliewhipps/Desktop/Prompt28/PromptMeNative_Blueprint/Features/Auth/Views/AuthFlowView.swift (in target 'Prompt28' from project 'Prompt28')
    cd /Users/nataliewhipps/Desktop/Prompt28
    

SwiftCompile normal x86_64 /Users/nataliewhipps/Desktop/Prompt28/PromptMeNative_Blueprint/Core/Networking/APIEndpoint.swift (in target 'Prompt28' from project 'Prompt28')
    cd /Users/nataliewhipps/Desktop/Prompt28
    

SwiftCompile normal x86_64 /Users/nataliewhipps/Desktop/Prompt28/PromptMeNative_Blueprint/Models/API/PromptCatalogModels.swift (in target 'Prompt28' from project 'Prompt28')
    cd /Users/nataliewhipps/Desktop/Prompt28
    

SwiftCompile normal x86_64 /Users/nataliewhipps/Desktop/Prompt28/PromptMeNative_Blueprint/Features/Trending/Views/PromptDetailView.swift (in target 'Prompt28' from project 'Prompt28')
    cd /Users/nataliewhipps/Desktop/Prompt28
    

SwiftCompile normal x86_64 /Users/nataliewhipps/Desktop/Prompt28/PromptMeNative_Blueprint/Features/Admin/Views/AdminUnlockView.swift (in target 'Prompt28' from project 'Prompt28')
    cd /Users/nataliewhipps/Desktop/Prompt28
    

SwiftCompile normal x86_64 /Users/nataliewhipps/Desktop/Prompt28/PromptMeNative_Blueprint/Core/Storage/HistoryStore.swift (in target 'Prompt28' from project 'Prompt28')
    cd /Users/nataliewhipps/Desktop/Prompt28
    

SwiftCompile normal x86_64 /Users/nataliewhipps/Desktop/Prompt28/PromptMeNative_Blueprint/Core/Networking/RequestBuilder.swift (in target 'Prompt28' from project 'Prompt28')
    cd /Users/nataliewhipps/Desktop/Prompt28
    

SwiftCompile normal x86_64 Compiling\ PremiumTabScreen.swift,\ ShareCardFileStore.swift,\ ShareCardRenderer.swift,\ ShareCardView.swift,\ TypePromptView.swift,\ HistoryView.swift,\ FavoritesView.swift,\ UpgradeView.swift /Users/nataliewhipps/Desktop/Prompt28/PromptMeNative_Blueprint/App/PremiumTabScreen.swift /Users/nataliewhipps/Desktop/Prompt28/PromptMeNative_Blueprint/Features/Home/Views/ShareCardFileStore.swift /Users/nataliewhipps/Desktop/Prompt28/PromptMeNative_Blueprint/Features/Home/Views/ShareCardRenderer.swift /Users/nataliewhipps/Desktop/Prompt28/PromptMeNative_Blueprint/Features/Home/Views/ShareCardView.swift /Users/nataliewhipps/Desktop/Prompt28/PromptMeNative_Blueprint/Features/Home/Views/TypePromptView.swift /Users/nataliewhipps/Desktop/Prompt28/PromptMeNative_Blueprint/Features/History/Views/HistoryView.swift /Users/nataliewhipps/Desktop/Prompt28/PromptMeNative_Blueprint/Features/History/Views/FavoritesView.swift /Users/nataliewhipps/Desktop/Prompt28/PromptMeNative_Blueprint/Features/Settings/Views/UpgradeView.swift (in target 'Prompt28' from project 'Prompt28')

SwiftCompile normal x86_64 /Users/nataliewhipps/Desktop/Prompt28/PromptMeNative_Blueprint/App/PremiumTabScreen.swift (in target 'Prompt28' from project 'Prompt28')
    cd /Users/nataliewhipps/Desktop/Prompt28
    

SwiftCompile normal x86_64 /Users/nataliewhipps/Desktop/Prompt28/PromptMeNative_Blueprint/Features/Home/Views/ShareCardFileStore.swift (in target 'Prompt28' from project 'Prompt28')
    cd /Users/nataliewhipps/Desktop/Prompt28
    

SwiftCompile normal x86_64 /Users/nataliewhipps/Desktop/Prompt28/PromptMeNative_Blueprint/Features/Home/Views/ShareCardRenderer.swift (in target 'Prompt28' from project 'Prompt28')
    cd /Users/nataliewhipps/Desktop/Prompt28
    

SwiftCompile normal x86_64 /Users/nataliewhipps/Desktop/Prompt28/PromptMeNative_Blueprint/Features/Home/Views/ShareCardView.swift (in target 'Prompt28' from project 'Prompt28')
    cd /Users/nataliewhipps/Desktop/Prompt28
    

SwiftCompile normal x86_64 /Users/nataliewhipps/Desktop/Prompt28/PromptMeNative_Blueprint/Features/Home/Views/TypePromptView.swift (in target 'Prompt28' from project 'Prompt28')
    cd /Users/nataliewhipps/Desktop/Prompt28
    

SwiftCompile normal x86_64 /Users/nataliewhipps/Desktop/Prompt28/PromptMeNative_Blueprint/Features/History/Views/HistoryView.swift (in target 'Prompt28' from project 'Prompt28')
    cd /Users/nataliewhipps/Desktop/Prompt28
    

SwiftCompile normal x86_64 /Users/nataliewhipps/Desktop/Prompt28/PromptMeNative_Blueprint/Features/History/Views/FavoritesView.swift (in target 'Prompt28' from project 'Prompt28')
    cd /Users/nataliewhipps/Desktop/Prompt28
    

SwiftCompile normal x86_64 /Users/nataliewhipps/Desktop/Prompt28/PromptMeNative_Blueprint/Features/Settings/Views/UpgradeView.swift (in target 'Prompt28' from project 'Prompt28')
    cd /Users/nataliewhipps/Desktop/Prompt28
    

SwiftDriverJobDiscovery normal x86_64 Emitting module for Prompt28 (in target 'Prompt28' from project 'Prompt28')

SwiftDriverJobDiscovery normal x86_64 Compiling User.swift, SecureStore.swift, APIClient.swift, AdminViewModel.swift, JSONCoding.swift, PreferencesStore.swift, AppRouter.swift, SettingsViewModel.swift (in target 'Prompt28' from project 'Prompt28')

SwiftDriver\ Compilation\ Requirements Prompt28 normal x86_64 com.apple.xcode.tools.swift.compiler (in target 'Prompt28' from project 'Prompt28')
    cd /Users/nataliewhipps/Desktop/Prompt28
    builtin-Swift-Compilation-Requirements -- /Applications/Xcode.app/Contents/Developer/Toolchains/XcodeDefault.xctoolchain/usr/bin/swiftc -module-name Prompt28 -Onone -enforce-exclusivity\=checked @/Users/nataliewhipps/Library/Developer/Xcode/DerivedData/Prompt28-cgmmkisguitsyibyvnemfqvywbnv/Build/Intermediates.noindex/Prompt28.build/Debug-iphonesimulator/Prompt28.build/Objects-normal/x86_64/Prompt28.SwiftFileList -DDEBUG -Xcc -fmodule-map-file\=/Users/nataliewhipps/Library/Developer/Xcode/DerivedData/Prompt28-cgmmkisguitsyibyvnemfqvywbnv/Build/Intermediates.noindex/GeneratedModuleMaps-iphonesimulator/AppAuth.modulemap -Xcc -fmodule-map-file\=/Users/nataliewhipps/Library/Developer/Xcode/DerivedData/Prompt28-cgmmkisguitsyibyvnemfqvywbnv/Build/Intermediates.noindex/GeneratedModuleMaps-iphonesimulator/AppAuthCore.modulemap -Xcc -fmodule-map-file\=/Users/nataliewhipps/Library/Developer/Xcode/DerivedData/Prompt28-cgmmkisguitsyibyvnemfqvywbnv/Build/Intermediates.noindex/GeneratedModuleMaps-iphonesimulator/GoogleUtilities-Logger.modulemap -Xcc -fmodule-map-file\=/Users/nataliewhipps/Library/Developer/Xcode/DerivedData/Prompt28-cgmmkisguitsyibyvnemfqvywbnv/Build/Intermediates.noindex/GeneratedModuleMaps-iphonesimulator/GoogleUtilities-Environment.modulemap -Xcc -fmodule-map-file\=/Users/nataliewhipps/Library/Developer/Xcode/DerivedData/Prompt28-cgmmkisguitsyibyvnemfqvywbnv/Build/Intermediates.noindex/GeneratedModuleMaps-iphonesimulator/third-party-IsAppEncrypted.modulemap -Xcc -fmodule-map-file\=/Users/nataliewhipps/Library/Developer/Xcode/DerivedData/Prompt28-cgmmkisguitsyibyvnemfqvywbnv/Build/Intermediates.noindex/GeneratedModuleMaps-iphonesimulator/GoogleUtilities-UserDefaults.modulemap -Xcc -fmodule-map-file\=/Users/nataliewhipps/Library/Developer/Xcode/DerivedData/Prompt28-cgmmkisguitsyibyvnemfqvywbnv/Build/Intermediates.noindex/GeneratedModuleMaps-iphonesimulator/AppCheckCore.modulemap -Xcc -fmodule-map-file\=/Users/nataliewhipps/Library/Developer/Xcode/DerivedData/Prompt28-cgmmkisguitsyibyvnemfqvywbnv/Build/Intermediates.noindex/GeneratedModuleMaps-iphonesimulator/GTMSessionFetcherCore.modulemap -Xcc -fmodule-map-file\=/Users/nataliewhipps/Library/Developer/Xcode/DerivedData/Prompt28-cgmmkisguitsyibyvnemfqvywbnv/Build/Intermediates.noindex/GeneratedModuleMaps-iphonesimulator/GoogleSignIn.modulemap -default-isolation\=MainActor -enable-bare-slash-regex -enable-upcoming-feature DisableOutwardActorInference -enable-upcoming-feature InferSendableFromCaptures -enable-upcoming-feature GlobalActorIsolatedTypesUsability -enable-upcoming-feature MemberImportVisibility -enable-upcoming-feature InferIsolatedConformances -enable-upcoming-feature NonisolatedNonsendingByDefault -enable-experimental-feature DebugDescriptionMacro -sdk /Applications/Xcode.app/Contents/Developer/Platforms/iPhoneSimulator.platform/Developer/SDKs/iPhoneSimulator26.2.sdk -target x86_64-apple-ios26.2-simulator -g -module-cache-path /Users/nataliewhipps/Library/Developer/Xcode/DerivedData/ModuleCache.noindex -Xfrontend -serialize-debugging-options -profile-coverage-mapping -profile-generate -enable-testing -index-store-path /Users/nataliewhipps/Library/Developer/Xcode/DerivedData/Prompt28-cgmmkisguitsyibyvnemfqvywbnv/Index.noindex/DataStore -Xcc -D_LIBCPP_HARDENING_MODE\=_LIBCPP_HARDENING_MODE_DEBUG -swift-version 5 -I /Users/nataliewhipps/Library/Developer/Xcode/DerivedData/Prompt28-cgmmkisguitsyibyvnemfqvywbnv/Build/Products/Debug-iphonesimulator -F /Users/nataliewhipps/Library/Developer/Xcode/DerivedData/Prompt28-cgmmkisguitsyibyvnemfqvywbnv/Build/Products/Debug-iphonesimulator/PackageFrameworks -F /Users/nataliewhipps/Library/Developer/Xcode/DerivedData/Prompt28-cgmmkisguitsyibyvnemfqvywbnv/Build/Products/Debug-iphonesimulator/PackageFrameworks -F /Users/nataliewhipps/Library/Developer/Xcode/DerivedData/Prompt28-cgmmkisguitsyibyvnemfqvywbnv/Build/Products/Debug-iphonesimulator/PackageFrameworks -F /Users/nataliewhipps/Library/Developer/Xcode/DerivedData/Prompt28-cgmmkisguitsyibyvnemfqvywbnv/Build/Products/Debug-iphonesimulator/PackageFrameworks -F /Users/nataliewhipps/Library/Developer/Xcode/DerivedData/Prompt28-cgmmkisguitsyibyvnemfqvywbnv/Build/Products/Debug-iphonesimulator/PackageFrameworks -F /Users/nataliewhipps/Library/Developer/Xcode/DerivedData/Prompt28-cgmmkisguitsyibyvnemfqvywbnv/Build/Products/Debug-iphonesimulator/PackageFrameworks -F /Users/nataliewhipps/Library/Developer/Xcode/DerivedData/Prompt28-cgmmkisguitsyibyvnemfqvywbnv/Build/Products/Debug-iphonesimulator/PackageFrameworks -F /Users/nataliewhipps/Library/Developer/Xcode/DerivedData/Prompt28-cgmmkisguitsyibyvnemfqvywbnv/Build/Products/Debug-iphonesimulator/PackageFrameworks -F /Users/nataliewhipps/Library/Developer/Xcode/DerivedData/Prompt28-cgmmkisguitsyibyvnemfqvywbnv/Build/Products/Debug-iphonesimulator/PackageFrameworks -F /Users/nataliewhipps/Library/Developer/Xcode/DerivedData/Prompt28-cgmmkisguitsyibyvnemfqvywbnv/Build/Products/Debug-iphonesimulator/PackageFrameworks -F /Users/nataliewhipps/Library/Developer/Xcode/DerivedData/Prompt28-cgmmkisguitsyibyvnemfqvywbnv/Build/Products/Debug-iphonesimulator/PackageFrameworks -F /Users/nataliewhipps/Library/Developer/Xcode/DerivedData/Prompt28-cgmmkisguitsyibyvnemfqvywbnv/Build/Products/Debug-iphonesimulator/PackageFrameworks -F /Users/nataliewhipps/Library/Developer/Xcode/DerivedData/Prompt28-cgmmkisguitsyibyvnemfqvywbnv/Build/Products/Debug-iphonesimulator -emit-localized-strings -emit-localized-strings-path /Users/nataliewhipps/Library/Developer/Xcode/DerivedData/Prompt28-cgmmkisguitsyibyvnemfqvywbnv/Build/Intermediates.noindex/Prompt28.build/Debug-iphonesimulator/Prompt28.build/Objects-normal/x86_64 -c -j8 -enable-batch-mode -incremental -Xcc -ivfsstatcache -Xcc /Users/nataliewhipps/Library/Developer/Xcode/DerivedData/SDKStatCaches.noindex/iphonesimulator26.2-23C57-7d00a8b37fbd7999ea79df8ebc024bf0.sdkstatcache -output-file-map /Users/nataliewhipps/Library/Developer/Xcode/DerivedData/Prompt28-cgmmkisguitsyibyvnemfqvywbnv/Build/Intermediates.noindex/Prompt28.build/Debug-iphonesimulator/Prompt28.build/Objects-normal/x86_64/Prompt28-OutputFileMap.json -use-frontend-parseable-output -save-temps -no-color-diagnostics -explicit-module-build -module-cache-path /Users/nataliewhipps/Library/Developer/Xcode/DerivedData/Prompt28-cgmmkisguitsyibyvnemfqvywbnv/Build/Intermediates.noindex/SwiftExplicitPrecompiledModules -clang-scanner-module-cache-path /Users/nataliewhipps/Library/Developer/Xcode/DerivedData/ModuleCache.noindex -sdk-module-cache-path /Users/nataliewhipps/Library/Developer/Xcode/DerivedData/ModuleCache.noindex -serialize-diagnostics -emit-dependencies -emit-module -emit-module-path /Users/nataliewhipps/Library/Developer/Xcode/DerivedData/Prompt28-cgmmkisguitsyibyvnemfqvywbnv/Build/Intermediates.noindex/Prompt28.build/Debug-iphonesimulator/Prompt28.build/Objects-normal/x86_64/Prompt28.swiftmodule -validate-clang-modules-once -clang-build-session-file /Users/nataliewhipps/Library/Developer/Xcode/DerivedData/ModuleCache.noindex/Session.modulevalidation -Xcc -I/Users/nataliewhipps/Library/Developer/Xcode/DerivedData/Prompt28-cgmmkisguitsyibyvnemfqvywbnv/Build/Intermediates.noindex/Prompt28.build/Debug-iphonesimulator/Prompt28.build/swift-overrides.hmap -emit-const-values -Xfrontend -const-gather-protocols-file -Xfrontend /Users/nataliewhipps/Library/Developer/Xcode/DerivedData/Prompt28-cgmmkisguitsyibyvnemfqvywbnv/Build/Intermediates.noindex/Prompt28.build/Debug-iphonesimulator/Prompt28.build/Objects-normal/x86_64/Prompt28_const_extract_protocols.json -Xcc -iquote -Xcc /Users/nataliewhipps/Library/Developer/Xcode/DerivedData/Prompt28-cgmmkisguitsyibyvnemfqvywbnv/Build/Intermediates.noindex/Prompt28.build/Debug-iphonesimulator/Prompt28.build/Prompt28-generated-files.hmap -Xcc -I/Users/nataliewhipps/Library/Developer/Xcode/DerivedData/Prompt28-cgmmkisguitsyibyvnemfqvywbnv/Build/Intermediates.noindex/Prompt28.build/Debug-iphonesimulator/Prompt28.build/Prompt28-own-target-headers.hmap -Xcc -I/Users/nataliewhipps/Library/Developer/Xcode/DerivedData/Prompt28-cgmmkisguitsyibyvnemfqvywbnv/Build/Intermediates.noindex/Prompt28.build/Debug-iphonesimulator/Prompt28.build/Prompt28-all-non-framework-target-headers.hmap -Xcc -ivfsoverlay -Xcc /Users/nataliewhipps/Library/Developer/Xcode/DerivedData/Prompt28-cgmmkisguitsyibyvnemfqvywbnv/Build/Intermediates.noindex/Prompt28.build/Debug-iphonesimulator/Prompt28-ac916911077456fe79090a1a0a914592-VFS-iphonesimulator/all-product-headers.yaml -Xcc -iquote -Xcc /Users/nataliewhipps/Library/Developer/Xcode/DerivedData/Prompt28-cgmmkisguitsyibyvnemfqvywbnv/Build/Intermediates.noindex/Prompt28.build/Debug-iphonesimulator/Prompt28.build/Prompt28-project-headers.hmap -Xcc -I/Users/nataliewhipps/Library/Developer/Xcode/DerivedData/Prompt28-cgmmkisguitsyibyvnemfqvywbnv/SourcePackages/checkouts/AppAuth-iOS/Sources/AppAuth -Xcc -I/Users/nataliewhipps/Library/Developer/Xcode/DerivedData/Prompt28-cgmmkisguitsyibyvnemfqvywbnv/SourcePackages/checkouts/AppAuth-iOS/Sources/AppAuthCore -Xcc -I/Users/nataliewhipps/Library/Developer/Xcode/DerivedData/Prompt28-cgmmkisguitsyibyvnemfqvywbnv/SourcePackages/checkouts/promises/Sources/FBLPromises/include -Xcc -I/Users/nataliewhipps/Library/Developer/Xcode/DerivedData/Prompt28-cgmmkisguitsyibyvnemfqvywbnv/SourcePackages/checkouts/GoogleUtilities/GoogleUtilities/Logger/Public -Xcc -I/Users/nataliewhipps/Library/Developer/Xcode/DerivedData/Prompt28-cgmmkisguitsyibyvnemfqvywbnv/SourcePackages/checkouts/GoogleUtilities/GoogleUtilities/Environment/Public -Xcc -I/Users/nataliewhipps/Library/Developer/Xcode/DerivedData/Prompt28-cgmmkisguitsyibyvnemfqvywbnv/SourcePackages/checkouts/GoogleUtilities/third_party/IsAppEncrypted/Public -Xcc -I/Users/nataliewhipps/Library/Developer/Xcode/DerivedData/Prompt28-cgmmkisguitsyibyvnemfqvywbnv/SourcePackages/checkouts/GoogleUtilities/GoogleUtilities/UserDefaults/Public -Xcc -I/Users/nataliewhipps/Library/Developer/Xcode/DerivedData/Prompt28-cgmmkisguitsyibyvnemfqvywbnv/SourcePackages/checkouts/app-check/AppCheckCore/Sources/Public -Xcc -I/Users/nataliewhipps/Library/Developer/Xcode/DerivedData/Prompt28-cgmmkisguitsyibyvnemfqvywbnv/SourcePackages/checkouts/gtm-session-fetcher/Sources/Core/Public -Xcc -I/Users/nataliewhipps/Library/Developer/Xcode/DerivedData/Prompt28-cgmmkisguitsyibyvnemfqvywbnv/SourcePackages/checkouts/GoogleSignIn-iOS/GoogleSignIn/Sources/Public -Xcc -I/Users/nataliewhipps/Library/Developer/Xcode/DerivedData/Prompt28-cgmmkisguitsyibyvnemfqvywbnv/Build/Products/Debug-iphonesimulator/include -Xcc -I/Users/nataliewhipps/Library/Developer/Xcode/DerivedData/Prompt28-cgmmkisguitsyibyvnemfqvywbnv/Build/Intermediates.noindex/Prompt28.build/Debug-iphonesimulator/Prompt28.build/DerivedSources-normal/x86_64 -Xcc -I/Users/nataliewhipps/Library/Developer/Xcode/DerivedData/Prompt28-cgmmkisguitsyibyvnemfqvywbnv/Build/Intermediates.noindex/Prompt28.build/Debug-iphonesimulator/Prompt28.build/DerivedSources/x86_64 -Xcc -I/Users/nataliewhipps/Library/Developer/Xcode/DerivedData/Prompt28-cgmmkisguitsyibyvnemfqvywbnv/Build/Intermediates.noindex/Prompt28.build/Debug-iphonesimulator/Prompt28.build/DerivedSources -Xcc -DDEBUG\=1 -emit-objc-header -emit-objc-header-path /Users/nataliewhipps/Library/Developer/Xcode/DerivedData/Prompt28-cgmmkisguitsyibyvnemfqvywbnv/Build/Intermediates.noindex/Prompt28.build/Debug-iphonesimulator/Prompt28.build/Objects-normal/x86_64/Prompt28-Swift.h -working-directory /Users/nataliewhipps/Desktop/Prompt28 -experimental-emit-module-separately -disable-cmo

SwiftMergeGeneratedHeaders /Users/nataliewhipps/Library/Developer/Xcode/DerivedData/Prompt28-cgmmkisguitsyibyvnemfqvywbnv/Build/Intermediates.noindex/Prompt28.build/Debug-iphonesimulator/Prompt28.build/DerivedSources/Prompt28-Swift.h /Users/nataliewhipps/Library/Developer/Xcode/DerivedData/Prompt28-cgmmkisguitsyibyvnemfqvywbnv/Build/Intermediates.noindex/Prompt28.build/Debug-iphonesimulator/Prompt28.build/Objects-normal/x86_64/Prompt28-Swift.h (in target 'Prompt28' from project 'Prompt28')
    cd /Users/nataliewhipps/Desktop/Prompt28
    builtin-swiftHeaderTool -arch x86_64 /Users/nataliewhipps/Library/Developer/Xcode/DerivedData/Prompt28-cgmmkisguitsyibyvnemfqvywbnv/Build/Intermediates.noindex/Prompt28.build/Debug-iphonesimulator/Prompt28.build/Objects-normal/x86_64/Prompt28-Swift.h -o /Users/nataliewhipps/Library/Developer/Xcode/DerivedData/Prompt28-cgmmkisguitsyibyvnemfqvywbnv/Build/Intermediates.noindex/Prompt28.build/Debug-iphonesimulator/Prompt28.build/DerivedSources/Prompt28-Swift.h

Copy /Users/nataliewhipps/Library/Developer/Xcode/DerivedData/Prompt28-cgmmkisguitsyibyvnemfqvywbnv/Build/Products/Debug-iphonesimulator/Prompt28.swiftmodule/x86_64-apple-ios-simulator.swiftmodule /Users/nataliewhipps/Library/Developer/Xcode/DerivedData/Prompt28-cgmmkisguitsyibyvnemfqvywbnv/Build/Intermediates.noindex/Prompt28.build/Debug-iphonesimulator/Prompt28.build/Objects-normal/x86_64/Prompt28.swiftmodule (in target 'Prompt28' from project 'Prompt28')
    cd /Users/nataliewhipps/Desktop/Prompt28
    builtin-copy -exclude .DS_Store -exclude CVS -exclude .svn -exclude .git -exclude .hg -resolve-src-symlinks -rename /Users/nataliewhipps/Library/Developer/Xcode/DerivedData/Prompt28-cgmmkisguitsyibyvnemfqvywbnv/Build/Intermediates.noindex/Prompt28.build/Debug-iphonesimulator/Prompt28.build/Objects-normal/x86_64/Prompt28.swiftmodule /Users/nataliewhipps/Library/Developer/Xcode/DerivedData/Prompt28-cgmmkisguitsyibyvnemfqvywbnv/Build/Products/Debug-iphonesimulator/Prompt28.swiftmodule/x86_64-apple-ios-simulator.swiftmodule

Copy /Users/nataliewhipps/Library/Developer/Xcode/DerivedData/Prompt28-cgmmkisguitsyibyvnemfqvywbnv/Build/Products/Debug-iphonesimulator/Prompt28.swiftmodule/x86_64-apple-ios-simulator.swiftdoc /Users/nataliewhipps/Library/Developer/Xcode/DerivedData/Prompt28-cgmmkisguitsyibyvnemfqvywbnv/Build/Intermediates.noindex/Prompt28.build/Debug-iphonesimulator/Prompt28.build/Objects-normal/x86_64/Prompt28.swiftdoc (in target 'Prompt28' from project 'Prompt28')
    cd /Users/nataliewhipps/Desktop/Prompt28
    builtin-copy -exclude .DS_Store -exclude CVS -exclude .svn -exclude .git -exclude .hg -resolve-src-symlinks -rename /Users/nataliewhipps/Library/Developer/Xcode/DerivedData/Prompt28-cgmmkisguitsyibyvnemfqvywbnv/Build/Intermediates.noindex/Prompt28.build/Debug-iphonesimulator/Prompt28.build/Objects-normal/x86_64/Prompt28.swiftdoc /Users/nataliewhipps/Library/Developer/Xcode/DerivedData/Prompt28-cgmmkisguitsyibyvnemfqvywbnv/Build/Products/Debug-iphonesimulator/Prompt28.swiftmodule/x86_64-apple-ios-simulator.swiftdoc

Copy /Users/nataliewhipps/Library/Developer/Xcode/DerivedData/Prompt28-cgmmkisguitsyibyvnemfqvywbnv/Build/Products/Debug-iphonesimulator/Prompt28.swiftmodule/x86_64-apple-ios-simulator.abi.json /Users/nataliewhipps/Library/Developer/Xcode/DerivedData/Prompt28-cgmmkisguitsyibyvnemfqvywbnv/Build/Intermediates.noindex/Prompt28.build/Debug-iphonesimulator/Prompt28.build/Objects-normal/x86_64/Prompt28.abi.json (in target 'Prompt28' from project 'Prompt28')
    cd /Users/nataliewhipps/Desktop/Prompt28
    builtin-copy -exclude .DS_Store -exclude CVS -exclude .svn -exclude .git -exclude .hg -resolve-src-symlinks -rename /Users/nataliewhipps/Library/Developer/Xcode/DerivedData/Prompt28-cgmmkisguitsyibyvnemfqvywbnv/Build/Intermediates.noindex/Prompt28.build/Debug-iphonesimulator/Prompt28.build/Objects-normal/x86_64/Prompt28.abi.json /Users/nataliewhipps/Library/Developer/Xcode/DerivedData/Prompt28-cgmmkisguitsyibyvnemfqvywbnv/Build/Products/Debug-iphonesimulator/Prompt28.swiftmodule/x86_64-apple-ios-simulator.abi.json

Copy /Users/nataliewhipps/Library/Developer/Xcode/DerivedData/Prompt28-cgmmkisguitsyibyvnemfqvywbnv/Build/Products/Debug-iphonesimulator/Prompt28.swiftmodule/Project/x86_64-apple-ios-simulator.swiftsourceinfo /Users/nataliewhipps/Library/Developer/Xcode/DerivedData/Prompt28-cgmmkisguitsyibyvnemfqvywbnv/Build/Intermediates.noindex/Prompt28.build/Debug-iphonesimulator/Prompt28.build/Objects-normal/x86_64/Prompt28.swiftsourceinfo (in target 'Prompt28' from project 'Prompt28')
    cd /Users/nataliewhipps/Desktop/Prompt28
    builtin-copy -exclude .DS_Store -exclude CVS -exclude .svn -exclude .git -exclude .hg -resolve-src-symlinks -rename /Users/nataliewhipps/Library/Developer/Xcode/DerivedData/Prompt28-cgmmkisguitsyibyvnemfqvywbnv/Build/Intermediates.noindex/Prompt28.build/Debug-iphonesimulator/Prompt28.build/Objects-normal/x86_64/Prompt28.swiftsourceinfo /Users/nataliewhipps/Library/Developer/Xcode/DerivedData/Prompt28-cgmmkisguitsyibyvnemfqvywbnv/Build/Products/Debug-iphonesimulator/Prompt28.swiftmodule/Project/x86_64-apple-ios-simulator.swiftsourceinfo

SwiftDriverJobDiscovery normal x86_64 Compiling AnalyticsService.swift, OnboardingView.swift, StoreConfig.swift, StoreManager.swift, UsageTracker.swift, NotificationService.swift, PrivacyConsentView.swift (in target 'Prompt28' from project 'Prompt28')

SwiftDriverJobDiscovery normal x86_64 Compiling NetworkError.swift, GenerateModels.swift, HistoryViewModel.swift, PromptMeNativeApp.swift, OAuthCoordinator.swift, AuthModels.swift, SpeechRecognizerService.swift, EmailAuthView.swift (in target 'Prompt28' from project 'Prompt28')

SwiftDriverJobDiscovery normal x86_64 Compiling AppEnvironment.swift, AuthManager.swift, AdminTextSettingsView.swift, AdminPromptsView.swift, RootView.swift, AdminDashboardView.swift, SettingsModels.swift, Date+Extensions.swift (in target 'Prompt28' from project 'Prompt28')

SwiftDriverJobDiscovery normal x86_64 Compiling AppPreferences.swift, ResultView.swift, TrendingViewModel.swift, OrbEngine.swift, OrbView.swift, AdminCategoriesView.swift, KeychainService.swift, PromptHistoryItem.swift (in target 'Prompt28' from project 'Prompt28')

SwiftDriverJobDiscovery normal x86_64 Compiling AuthViewModel.swift, AuthFlowView.swift, APIEndpoint.swift, PromptCatalogModels.swift, PromptDetailView.swift, AdminUnlockView.swift, HistoryStore.swift, RequestBuilder.swift (in target 'Prompt28' from project 'Prompt28')

SwiftDriverJobDiscovery normal x86_64 Compiling PremiumTabScreen.swift, ShareCardFileStore.swift, ShareCardRenderer.swift, ShareCardView.swift, TypePromptView.swift, HistoryView.swift, FavoritesView.swift, UpgradeView.swift (in target 'Prompt28' from project 'Prompt28')

SwiftDriverJobDiscovery normal x86_64 Compiling AdminPromptEditorSheet.swift, GenerateViewModel.swift, SettingsView.swift, TrendingView.swift, HomeView.swift, AppUI.swift, HomeViewModel.swift, HapticService.swift (in target 'Prompt28' from project 'Prompt28')

SwiftDriver\ Compilation Prompt28 normal x86_64 com.apple.xcode.tools.swift.compiler (in target 'Prompt28' from project 'Prompt28')
    cd /Users/nataliewhipps/Desktop/Prompt28
    builtin-Swift-Compilation -- /Applications/Xcode.app/Contents/Developer/Toolchains/XcodeDefault.xctoolchain/usr/bin/swiftc -module-name Prompt28 -Onone -enforce-exclusivity\=checked @/Users/nataliewhipps/Library/Developer/Xcode/DerivedData/Prompt28-cgmmkisguitsyibyvnemfqvywbnv/Build/Intermediates.noindex/Prompt28.build/Debug-iphonesimulator/Prompt28.build/Objects-normal/x86_64/Prompt28.SwiftFileList -DDEBUG -Xcc -fmodule-map-file\=/Users/nataliewhipps/Library/Developer/Xcode/DerivedData/Prompt28-cgmmkisguitsyibyvnemfqvywbnv/Build/Intermediates.noindex/GeneratedModuleMaps-iphonesimulator/AppAuth.modulemap -Xcc -fmodule-map-file\=/Users/nataliewhipps/Library/Developer/Xcode/DerivedData/Prompt28-cgmmkisguitsyibyvnemfqvywbnv/Build/Intermediates.noindex/GeneratedModuleMaps-iphonesimulator/AppAuthCore.modulemap -Xcc -fmodule-map-file\=/Users/nataliewhipps/Library/Developer/Xcode/DerivedData/Prompt28-cgmmkisguitsyibyvnemfqvywbnv/Build/Intermediates.noindex/GeneratedModuleMaps-iphonesimulator/GoogleUtilities-Logger.modulemap -Xcc -fmodule-map-file\=/Users/nataliewhipps/Library/Developer/Xcode/DerivedData/Prompt28-cgmmkisguitsyibyvnemfqvywbnv/Build/Intermediates.noindex/GeneratedModuleMaps-iphonesimulator/GoogleUtilities-Environment.modulemap -Xcc -fmodule-map-file\=/Users/nataliewhipps/Library/Developer/Xcode/DerivedData/Prompt28-cgmmkisguitsyibyvnemfqvywbnv/Build/Intermediates.noindex/GeneratedModuleMaps-iphonesimulator/third-party-IsAppEncrypted.modulemap -Xcc -fmodule-map-file\=/Users/nataliewhipps/Library/Developer/Xcode/DerivedData/Prompt28-cgmmkisguitsyibyvnemfqvywbnv/Build/Intermediates.noindex/GeneratedModuleMaps-iphonesimulator/GoogleUtilities-UserDefaults.modulemap -Xcc -fmodule-map-file\=/Users/nataliewhipps/Library/Developer/Xcode/DerivedData/Prompt28-cgmmkisguitsyibyvnemfqvywbnv/Build/Intermediates.noindex/GeneratedModuleMaps-iphonesimulator/AppCheckCore.modulemap -Xcc -fmodule-map-file\=/Users/nataliewhipps/Library/Developer/Xcode/DerivedData/Prompt28-cgmmkisguitsyibyvnemfqvywbnv/Build/Intermediates.noindex/GeneratedModuleMaps-iphonesimulator/GTMSessionFetcherCore.modulemap -Xcc -fmodule-map-file\=/Users/nataliewhipps/Library/Developer/Xcode/DerivedData/Prompt28-cgmmkisguitsyibyvnemfqvywbnv/Build/Intermediates.noindex/GeneratedModuleMaps-iphonesimulator/GoogleSignIn.modulemap -default-isolation\=MainActor -enable-bare-slash-regex -enable-upcoming-feature DisableOutwardActorInference -enable-upcoming-feature InferSendableFromCaptures -enable-upcoming-feature GlobalActorIsolatedTypesUsability -enable-upcoming-feature MemberImportVisibility -enable-upcoming-feature InferIsolatedConformances -enable-upcoming-feature NonisolatedNonsendingByDefault -enable-experimental-feature DebugDescriptionMacro -sdk /Applications/Xcode.app/Contents/Developer/Platforms/iPhoneSimulator.platform/Developer/SDKs/iPhoneSimulator26.2.sdk -target x86_64-apple-ios26.2-simulator -g -module-cache-path /Users/nataliewhipps/Library/Developer/Xcode/DerivedData/ModuleCache.noindex -Xfrontend -serialize-debugging-options -profile-coverage-mapping -profile-generate -enable-testing -index-store-path /Users/nataliewhipps/Library/Developer/Xcode/DerivedData/Prompt28-cgmmkisguitsyibyvnemfqvywbnv/Index.noindex/DataStore -Xcc -D_LIBCPP_HARDENING_MODE\=_LIBCPP_HARDENING_MODE_DEBUG -swift-version 5 -I /Users/nataliewhipps/Library/Developer/Xcode/DerivedData/Prompt28-cgmmkisguitsyibyvnemfqvywbnv/Build/Products/Debug-iphonesimulator -F /Users/nataliewhipps/Library/Developer/Xcode/DerivedData/Prompt28-cgmmkisguitsyibyvnemfqvywbnv/Build/Products/Debug-iphonesimulator/PackageFrameworks -F /Users/nataliewhipps/Library/Developer/Xcode/DerivedData/Prompt28-cgmmkisguitsyibyvnemfqvywbnv/Build/Products/Debug-iphonesimulator/PackageFrameworks -F /Users/nataliewhipps/Library/Developer/Xcode/DerivedData/Prompt28-cgmmkisguitsyibyvnemfqvywbnv/Build/Products/Debug-iphonesimulator/PackageFrameworks -F /Users/nataliewhipps/Library/Developer/Xcode/DerivedData/Prompt28-cgmmkisguitsyibyvnemfqvywbnv/Build/Products/Debug-iphonesimulator/PackageFrameworks -F /Users/nataliewhipps/Library/Developer/Xcode/DerivedData/Prompt28-cgmmkisguitsyibyvnemfqvywbnv/Build/Products/Debug-iphonesimulator/PackageFrameworks -F /Users/nataliewhipps/Library/Developer/Xcode/DerivedData/Prompt28-cgmmkisguitsyibyvnemfqvywbnv/Build/Products/Debug-iphonesimulator/PackageFrameworks -F /Users/nataliewhipps/Library/Developer/Xcode/DerivedData/Prompt28-cgmmkisguitsyibyvnemfqvywbnv/Build/Products/Debug-iphonesimulator/PackageFrameworks -F /Users/nataliewhipps/Library/Developer/Xcode/DerivedData/Prompt28-cgmmkisguitsyibyvnemfqvywbnv/Build/Products/Debug-iphonesimulator/PackageFrameworks -F /Users/nataliewhipps/Library/Developer/Xcode/DerivedData/Prompt28-cgmmkisguitsyibyvnemfqvywbnv/Build/Products/Debug-iphonesimulator/PackageFrameworks -F /Users/nataliewhipps/Library/Developer/Xcode/DerivedData/Prompt28-cgmmkisguitsyibyvnemfqvywbnv/Build/Products/Debug-iphonesimulator/PackageFrameworks -F /Users/nataliewhipps/Library/Developer/Xcode/DerivedData/Prompt28-cgmmkisguitsyibyvnemfqvywbnv/Build/Products/Debug-iphonesimulator/PackageFrameworks -F /Users/nataliewhipps/Library/Developer/Xcode/DerivedData/Prompt28-cgmmkisguitsyibyvnemfqvywbnv/Build/Products/Debug-iphonesimulator/PackageFrameworks -F /Users/nataliewhipps/Library/Developer/Xcode/DerivedData/Prompt28-cgmmkisguitsyibyvnemfqvywbnv/Build/Products/Debug-iphonesimulator -emit-localized-strings -emit-localized-strings-path /Users/nataliewhipps/Library/Developer/Xcode/DerivedData/Prompt28-cgmmkisguitsyibyvnemfqvywbnv/Build/Intermediates.noindex/Prompt28.build/Debug-iphonesimulator/Prompt28.build/Objects-normal/x86_64 -c -j8 -enable-batch-mode -incremental -Xcc -ivfsstatcache -Xcc /Users/nataliewhipps/Library/Developer/Xcode/DerivedData/SDKStatCaches.noindex/iphonesimulator26.2-23C57-7d00a8b37fbd7999ea79df8ebc024bf0.sdkstatcache -output-file-map /Users/nataliewhipps/Library/Developer/Xcode/DerivedData/Prompt28-cgmmkisguitsyibyvnemfqvywbnv/Build/Intermediates.noindex/Prompt28.build/Debug-iphonesimulator/Prompt28.build/Objects-normal/x86_64/Prompt28-OutputFileMap.json -use-frontend-parseable-output -save-temps -no-color-diagnostics -explicit-module-build -module-cache-path /Users/nataliewhipps/Library/Developer/Xcode/DerivedData/Prompt28-cgmmkisguitsyibyvnemfqvywbnv/Build/Intermediates.noindex/SwiftExplicitPrecompiledModules -clang-scanner-module-cache-path /Users/nataliewhipps/Library/Developer/Xcode/DerivedData/ModuleCache.noindex -sdk-module-cache-path /Users/nataliewhipps/Library/Developer/Xcode/DerivedData/ModuleCache.noindex -serialize-diagnostics -emit-dependencies -emit-module -emit-module-path /Users/nataliewhipps/Library/Developer/Xcode/DerivedData/Prompt28-cgmmkisguitsyibyvnemfqvywbnv/Build/Intermediates.noindex/Prompt28.build/Debug-iphonesimulator/Prompt28.build/Objects-normal/x86_64/Prompt28.swiftmodule -validate-clang-modules-once -clang-build-session-file /Users/nataliewhipps/Library/Developer/Xcode/DerivedData/ModuleCache.noindex/Session.modulevalidation -Xcc -I/Users/nataliewhipps/Library/Developer/Xcode/DerivedData/Prompt28-cgmmkisguitsyibyvnemfqvywbnv/Build/Intermediates.noindex/Prompt28.build/Debug-iphonesimulator/Prompt28.build/swift-overrides.hmap -emit-const-values -Xfrontend -const-gather-protocols-file -Xfrontend /Users/nataliewhipps/Library/Developer/Xcode/DerivedData/Prompt28-cgmmkisguitsyibyvnemfqvywbnv/Build/Intermediates.noindex/Prompt28.build/Debug-iphonesimulator/Prompt28.build/Objects-normal/x86_64/Prompt28_const_extract_protocols.json -Xcc -iquote -Xcc /Users/nataliewhipps/Library/Developer/Xcode/DerivedData/Prompt28-cgmmkisguitsyibyvnemfqvywbnv/Build/Intermediates.noindex/Prompt28.build/Debug-iphonesimulator/Prompt28.build/Prompt28-generated-files.hmap -Xcc -I/Users/nataliewhipps/Library/Developer/Xcode/DerivedData/Prompt28-cgmmkisguitsyibyvnemfqvywbnv/Build/Intermediates.noindex/Prompt28.build/Debug-iphonesimulator/Prompt28.build/Prompt28-own-target-headers.hmap -Xcc -I/Users/nataliewhipps/Library/Developer/Xcode/DerivedData/Prompt28-cgmmkisguitsyibyvnemfqvywbnv/Build/Intermediates.noindex/Prompt28.build/Debug-iphonesimulator/Prompt28.build/Prompt28-all-non-framework-target-headers.hmap -Xcc -ivfsoverlay -Xcc /Users/nataliewhipps/Library/Developer/Xcode/DerivedData/Prompt28-cgmmkisguitsyibyvnemfqvywbnv/Build/Intermediates.noindex/Prompt28.build/Debug-iphonesimulator/Prompt28-ac916911077456fe79090a1a0a914592-VFS-iphonesimulator/all-product-headers.yaml -Xcc -iquote -Xcc /Users/nataliewhipps/Library/Developer/Xcode/DerivedData/Prompt28-cgmmkisguitsyibyvnemfqvywbnv/Build/Intermediates.noindex/Prompt28.build/Debug-iphonesimulator/Prompt28.build/Prompt28-project-headers.hmap -Xcc -I/Users/nataliewhipps/Library/Developer/Xcode/DerivedData/Prompt28-cgmmkisguitsyibyvnemfqvywbnv/SourcePackages/checkouts/AppAuth-iOS/Sources/AppAuth -Xcc -I/Users/nataliewhipps/Library/Developer/Xcode/DerivedData/Prompt28-cgmmkisguitsyibyvnemfqvywbnv/SourcePackages/checkouts/AppAuth-iOS/Sources/AppAuthCore -Xcc -I/Users/nataliewhipps/Library/Developer/Xcode/DerivedData/Prompt28-cgmmkisguitsyibyvnemfqvywbnv/SourcePackages/checkouts/promises/Sources/FBLPromises/include -Xcc -I/Users/nataliewhipps/Library/Developer/Xcode/DerivedData/Prompt28-cgmmkisguitsyibyvnemfqvywbnv/SourcePackages/checkouts/GoogleUtilities/GoogleUtilities/Logger/Public -Xcc -I/Users/nataliewhipps/Library/Developer/Xcode/DerivedData/Prompt28-cgmmkisguitsyibyvnemfqvywbnv/SourcePackages/checkouts/GoogleUtilities/GoogleUtilities/Environment/Public -Xcc -I/Users/nataliewhipps/Library/Developer/Xcode/DerivedData/Prompt28-cgmmkisguitsyibyvnemfqvywbnv/SourcePackages/checkouts/GoogleUtilities/third_party/IsAppEncrypted/Public -Xcc -I/Users/nataliewhipps/Library/Developer/Xcode/DerivedData/Prompt28-cgmmkisguitsyibyvnemfqvywbnv/SourcePackages/checkouts/GoogleUtilities/GoogleUtilities/UserDefaults/Public -Xcc -I/Users/nataliewhipps/Library/Developer/Xcode/DerivedData/Prompt28-cgmmkisguitsyibyvnemfqvywbnv/SourcePackages/checkouts/app-check/AppCheckCore/Sources/Public -Xcc -I/Users/nataliewhipps/Library/Developer/Xcode/DerivedData/Prompt28-cgmmkisguitsyibyvnemfqvywbnv/SourcePackages/checkouts/gtm-session-fetcher/Sources/Core/Public -Xcc -I/Users/nataliewhipps/Library/Developer/Xcode/DerivedData/Prompt28-cgmmkisguitsyibyvnemfqvywbnv/SourcePackages/checkouts/GoogleSignIn-iOS/GoogleSignIn/Sources/Public -Xcc -I/Users/nataliewhipps/Library/Developer/Xcode/DerivedData/Prompt28-cgmmkisguitsyibyvnemfqvywbnv/Build/Products/Debug-iphonesimulator/include -Xcc -I/Users/nataliewhipps/Library/Developer/Xcode/DerivedData/Prompt28-cgmmkisguitsyibyvnemfqvywbnv/Build/Intermediates.noindex/Prompt28.build/Debug-iphonesimulator/Prompt28.build/DerivedSources-normal/x86_64 -Xcc -I/Users/nataliewhipps/Library/Developer/Xcode/DerivedData/Prompt28-cgmmkisguitsyibyvnemfqvywbnv/Build/Intermediates.noindex/Prompt28.build/Debug-iphonesimulator/Prompt28.build/DerivedSources/x86_64 -Xcc -I/Users/nataliewhipps/Library/Developer/Xcode/DerivedData/Prompt28-cgmmkisguitsyibyvnemfqvywbnv/Build/Intermediates.noindex/Prompt28.build/Debug-iphonesimulator/Prompt28.build/DerivedSources -Xcc -DDEBUG\=1 -emit-objc-header -emit-objc-header-path /Users/nataliewhipps/Library/Developer/Xcode/DerivedData/Prompt28-cgmmkisguitsyibyvnemfqvywbnv/Build/Intermediates.noindex/Prompt28.build/Debug-iphonesimulator/Prompt28.build/Objects-normal/x86_64/Prompt28-Swift.h -working-directory /Users/nataliewhipps/Desktop/Prompt28 -experimental-emit-module-separately -disable-cmo

Ld /Users/nataliewhipps/Library/Developer/Xcode/DerivedData/Prompt28-cgmmkisguitsyibyvnemfqvywbnv/Build/Products/Debug-iphonesimulator/Prompt28.app/Prompt28.debug.dylib normal (in target 'Prompt28' from project 'Prompt28')
    cd /Users/nataliewhipps/Desktop/Prompt28
    /Applications/Xcode.app/Contents/Developer/Toolchains/XcodeDefault.xctoolchain/usr/bin/clang -Xlinker -reproducible -target x86_64-apple-ios26.2-simulator -dynamiclib -isysroot /Applications/Xcode.app/Contents/Developer/Platforms/iPhoneSimulator.platform/Developer/SDKs/iPhoneSimulator26.2.sdk -O0 -L/Users/nataliewhipps/Library/Developer/Xcode/DerivedData/Prompt28-cgmmkisguitsyibyvnemfqvywbnv/Build/Intermediates.noindex/EagerLinkingTBDs/Debug-iphonesimulator -L/Users/nataliewhipps/Library/Developer/Xcode/DerivedData/Prompt28-cgmmkisguitsyibyvnemfqvywbnv/Build/Products/Debug-iphonesimulator -F/Users/nataliewhipps/Library/Developer/Xcode/DerivedData/Prompt28-cgmmkisguitsyibyvnemfqvywbnv/Build/Intermediates.noindex/EagerLinkingTBDs/Debug-iphonesimulator -F/Users/nataliewhipps/Library/Developer/Xcode/DerivedData/Prompt28-cgmmkisguitsyibyvnemfqvywbnv/Build/Products/Debug-iphonesimulator/PackageFrameworks -F/Users/nataliewhipps/Library/Developer/Xcode/DerivedData/Prompt28-cgmmkisguitsyibyvnemfqvywbnv/Build/Products/Debug-iphonesimulator/PackageFrameworks -F/Users/nataliewhipps/Library/Developer/Xcode/DerivedData/Prompt28-cgmmkisguitsyibyvnemfqvywbnv/Build/Products/Debug-iphonesimulator/PackageFrameworks -F/Users/nataliewhipps/Library/Developer/Xcode/DerivedData/Prompt28-cgmmkisguitsyibyvnemfqvywbnv/Build/Products/Debug-iphonesimulator/PackageFrameworks -F/Users/nataliewhipps/Library/Developer/Xcode/DerivedData/Prompt28-cgmmkisguitsyibyvnemfqvywbnv/Build/Products/Debug-iphonesimulator/PackageFrameworks -F/Users/nataliewhipps/Library/Developer/Xcode/DerivedData/Prompt28-cgmmkisguitsyibyvnemfqvywbnv/Build/Products/Debug-iphonesimulator/PackageFrameworks -F/Users/nataliewhipps/Library/Developer/Xcode/DerivedData/Prompt28-cgmmkisguitsyibyvnemfqvywbnv/Build/Products/Debug-iphonesimulator/PackageFrameworks -F/Users/nataliewhipps/Library/Developer/Xcode/DerivedData/Prompt28-cgmmkisguitsyibyvnemfqvywbnv/Build/Products/Debug-iphonesimulator/PackageFrameworks -F/Users/nataliewhipps/Library/Developer/Xcode/DerivedData/Prompt28-cgmmkisguitsyibyvnemfqvywbnv/Build/Products/Debug-iphonesimulator/PackageFrameworks -F/Users/nataliewhipps/Library/Developer/Xcode/DerivedData/Prompt28-cgmmkisguitsyibyvnemfqvywbnv/Build/Products/Debug-iphonesimulator/PackageFrameworks -F/Users/nataliewhipps/Library/Developer/Xcode/DerivedData/Prompt28-cgmmkisguitsyibyvnemfqvywbnv/Build/Products/Debug-iphonesimulator/PackageFrameworks -F/Users/nataliewhipps/Library/Developer/Xcode/DerivedData/Prompt28-cgmmkisguitsyibyvnemfqvywbnv/Build/Products/Debug-iphonesimulator/PackageFrameworks -F/Users/nataliewhipps/Library/Developer/Xcode/DerivedData/Prompt28-cgmmkisguitsyibyvnemfqvywbnv/Build/Products/Debug-iphonesimulator -filelist /Users/nataliewhipps/Library/Developer/Xcode/DerivedData/Prompt28-cgmmkisguitsyibyvnemfqvywbnv/Build/Intermediates.noindex/Prompt28.build/Debug-iphonesimulator/Prompt28.build/Objects-normal/x86_64/Prompt28.LinkFileList -install_name @rpath/Prompt28.debug.dylib -Xlinker -rpath -Xlinker /Users/nataliewhipps/Library/Developer/Xcode/DerivedData/Prompt28-cgmmkisguitsyibyvnemfqvywbnv/Build/Products/Debug-iphonesimulator/PackageFrameworks -Xlinker -rpath -Xlinker @executable_path/Frameworks -dead_strip -Xlinker -object_path_lto -Xlinker /Users/nataliewhipps/Library/Developer/Xcode/DerivedData/Prompt28-cgmmkisguitsyibyvnemfqvywbnv/Build/Intermediates.noindex/Prompt28.build/Debug-iphonesimulator/Prompt28.build/Objects-normal/x86_64/Prompt28_lto.o -rdynamic -Xlinker -no_deduplicate -Xlinker -objc_abi_version -Xlinker 2 -Xlinker -debug_variant -Xlinker -dependency_info -Xlinker /Users/nataliewhipps/Library/Developer/Xcode/DerivedData/Prompt28-cgmmkisguitsyibyvnemfqvywbnv/Build/Intermediates.noindex/Prompt28.build/Debug-iphonesimulator/Prompt28.build/Objects-normal/x86_64/Prompt28_dependency_info.dat -fobjc-link-runtime -fprofile-instr-generate -L/Applications/Xcode.app/Contents/Developer/Toolchains/XcodeDefault.xctoolchain/usr/lib/swift/iphonesimulator -L/usr/lib/swift -Xlinker -add_ast_path -Xlinker /Users/nataliewhipps/Library/Developer/Xcode/DerivedData/Prompt28-cgmmkisguitsyibyvnemfqvywbnv/Build/Intermediates.noindex/Prompt28.build/Debug-iphonesimulator/Prompt28.build/Objects-normal/x86_64/Prompt28.swiftmodule @/Users/nataliewhipps/Library/Developer/Xcode/DerivedData/Prompt28-cgmmkisguitsyibyvnemfqvywbnv/Build/Intermediates.noindex/Prompt28.build/Debug-iphonesimulator/Prompt28.build/Objects-normal/x86_64/Prompt28-linker-args.resp -Wl,-no_warn_duplicate_libraries -Wl,-no_warn_duplicate_libraries -Wl,-no_warn_duplicate_libraries -Wl,-no_warn_duplicate_libraries -Wl,-no_warn_duplicate_libraries -Wl,-no_warn_duplicate_libraries -Wl,-no_warn_duplicate_libraries -Wl,-no_warn_duplicate_libraries -Wl,-no_warn_duplicate_libraries -Wl,-no_warn_duplicate_libraries -Wl,-no_warn_duplicate_libraries -Wl,-no_warn_duplicate_libraries -framework CoreGraphics -framework CoreText -framework Foundation -framework LocalAuthentication -framework Security -framework UIKit -framework Security -framework DeviceCheck -Xlinker -alias -Xlinker _main -Xlinker ___debug_main_executable_dylib_entry_point -Xlinker -no_adhoc_codesign -o /Users/nataliewhipps/Library/Developer/Xcode/DerivedData/Prompt28-cgmmkisguitsyibyvnemfqvywbnv/Build/Products/Debug-iphonesimulator/Prompt28.app/Prompt28.debug.dylib -Xlinker -add_ast_path -Xlinker /Users/nataliewhipps/Library/Developer/Xcode/DerivedData/Prompt28-cgmmkisguitsyibyvnemfqvywbnv/Build/Intermediates.noindex/GTMAppAuth.build/Debug-iphonesimulator/GTMAppAuth.build/Objects-normal/x86_64/GTMAppAuth.swiftmodule @/Users/nataliewhipps/Library/Developer/Xcode/DerivedData/Prompt28-cgmmkisguitsyibyvnemfqvywbnv/Build/Intermediates.noindex/GTMAppAuth.build/Debug-iphonesimulator/GTMAppAuth.build/Objects-normal/x86_64/GTMAppAuth-linker-args.resp -Xlinker -add_ast_path -Xlinker /Users/nataliewhipps/Library/Developer/Xcode/DerivedData/Prompt28-cgmmkisguitsyibyvnemfqvywbnv/Build/Intermediates.noindex/GoogleSignIn.build/Debug-iphonesimulator/GoogleSignInSwift.build/Objects-normal/x86_64/GoogleSignInSwift.swiftmodule @/Users/nataliewhipps/Library/Developer/Xcode/DerivedData/Prompt28-cgmmkisguitsyibyvnemfqvywbnv/Build/Intermediates.noindex/GoogleSignIn.build/Debug-iphonesimulator/GoogleSignInSwift.build/Objects-normal/x86_64/GoogleSignInSwift-linker-args.resp

ConstructStubExecutorLinkFileList /Users/nataliewhipps/Library/Developer/Xcode/DerivedData/Prompt28-cgmmkisguitsyibyvnemfqvywbnv/Build/Intermediates.noindex/Prompt28.build/Debug-iphonesimulator/Prompt28.build/Prompt28-ExecutorLinkFileList-normal-x86_64.txt (in target 'Prompt28' from project 'Prompt28')
    cd /Users/nataliewhipps/Desktop/Prompt28
    construct-stub-executor-link-file-list /Users/nataliewhipps/Library/Developer/Xcode/DerivedData/Prompt28-cgmmkisguitsyibyvnemfqvywbnv/Build/Products/Debug-iphonesimulator/Prompt28.app/Prompt28.debug.dylib /Applications/Xcode.app/Contents/Developer/Platforms/iPhoneSimulator.platform/Developer/usr/lib/libPreviewsJITStubExecutor_no_swift_entry_point.a /Applications/Xcode.app/Contents/Developer/Platforms/iPhoneSimulator.platform/Developer/usr/lib/libPreviewsJITStubExecutor.a --output /Users/nataliewhipps/Library/Developer/Xcode/DerivedData/Prompt28-cgmmkisguitsyibyvnemfqvywbnv/Build/Intermediates.noindex/Prompt28.build/Debug-iphonesimulator/Prompt28.build/Prompt28-ExecutorLinkFileList-normal-x86_64.txt
note: Using stub executor library with Swift entry point. (in target 'Prompt28' from project 'Prompt28')

Ld /Users/nataliewhipps/Library/Developer/Xcode/DerivedData/Prompt28-cgmmkisguitsyibyvnemfqvywbnv/Build/Products/Debug-iphonesimulator/Prompt28.app/Prompt28 normal (in target 'Prompt28' from project 'Prompt28')
    cd /Users/nataliewhipps/Desktop/Prompt28
    /Applications/Xcode.app/Contents/Developer/Toolchains/XcodeDefault.xctoolchain/usr/bin/clang -Xlinker -reproducible -target x86_64-apple-ios26.2-simulator -isysroot /Applications/Xcode.app/Contents/Developer/Platforms/iPhoneSimulator.platform/Developer/SDKs/iPhoneSimulator26.2.sdk -O0 -L/Users/nataliewhipps/Library/Developer/Xcode/DerivedData/Prompt28-cgmmkisguitsyibyvnemfqvywbnv/Build/Products/Debug-iphonesimulator -F/Users/nataliewhipps/Library/Developer/Xcode/DerivedData/Prompt28-cgmmkisguitsyibyvnemfqvywbnv/Build/Products/Debug-iphonesimulator/PackageFrameworks -F/Users/nataliewhipps/Library/Developer/Xcode/DerivedData/Prompt28-cgmmkisguitsyibyvnemfqvywbnv/Build/Products/Debug-iphonesimulator/PackageFrameworks -F/Users/nataliewhipps/Library/Developer/Xcode/DerivedData/Prompt28-cgmmkisguitsyibyvnemfqvywbnv/Build/Products/Debug-iphonesimulator/PackageFrameworks -F/Users/nataliewhipps/Library/Developer/Xcode/DerivedData/Prompt28-cgmmkisguitsyibyvnemfqvywbnv/Build/Products/Debug-iphonesimulator/PackageFrameworks -F/Users/nataliewhipps/Library/Developer/Xcode/DerivedData/Prompt28-cgmmkisguitsyibyvnemfqvywbnv/Build/Products/Debug-iphonesimulator/PackageFrameworks -F/Users/nataliewhipps/Library/Developer/Xcode/DerivedData/Prompt28-cgmmkisguitsyibyvnemfqvywbnv/Build/Products/Debug-iphonesimulator/PackageFrameworks -F/Users/nataliewhipps/Library/Developer/Xcode/DerivedData/Prompt28-cgmmkisguitsyibyvnemfqvywbnv/Build/Products/Debug-iphonesimulator/PackageFrameworks -F/Users/nataliewhipps/Library/Developer/Xcode/DerivedData/Prompt28-cgmmkisguitsyibyvnemfqvywbnv/Build/Products/Debug-iphonesimulator/PackageFrameworks -F/Users/nataliewhipps/Library/Developer/Xcode/DerivedData/Prompt28-cgmmkisguitsyibyvnemfqvywbnv/Build/Products/Debug-iphonesimulator/PackageFrameworks -F/Users/nataliewhipps/Library/Developer/Xcode/DerivedData/Prompt28-cgmmkisguitsyibyvnemfqvywbnv/Build/Products/Debug-iphonesimulator/PackageFrameworks -F/Users/nataliewhipps/Library/Developer/Xcode/DerivedData/Prompt28-cgmmkisguitsyibyvnemfqvywbnv/Build/Products/Debug-iphonesimulator/PackageFrameworks -F/Users/nataliewhipps/Library/Developer/Xcode/DerivedData/Prompt28-cgmmkisguitsyibyvnemfqvywbnv/Build/Products/Debug-iphonesimulator/PackageFrameworks -F/Users/nataliewhipps/Library/Developer/Xcode/DerivedData/Prompt28-cgmmkisguitsyibyvnemfqvywbnv/Build/Products/Debug-iphonesimulator -Xlinker -rpath -Xlinker @executable_path -Xlinker -rpath -Xlinker /Users/nataliewhipps/Library/Developer/Xcode/DerivedData/Prompt28-cgmmkisguitsyibyvnemfqvywbnv/Build/Products/Debug-iphonesimulator/PackageFrameworks -Xlinker -rpath -Xlinker @executable_path/Frameworks -rdynamic -Xlinker -no_deduplicate -Xlinker -objc_abi_version -Xlinker 2 -Xlinker -debug_variant -e ___debug_blank_executor_main -Xlinker -sectcreate -Xlinker __TEXT -Xlinker __debug_dylib -Xlinker /Users/nataliewhipps/Library/Developer/Xcode/DerivedData/Prompt28-cgmmkisguitsyibyvnemfqvywbnv/Build/Intermediates.noindex/Prompt28.build/Debug-iphonesimulator/Prompt28.build/Prompt28-DebugDylibPath-normal-x86_64.txt -Xlinker -sectcreate -Xlinker __TEXT -Xlinker __debug_instlnm -Xlinker /Users/nataliewhipps/Library/Developer/Xcode/DerivedData/Prompt28-cgmmkisguitsyibyvnemfqvywbnv/Build/Intermediates.noindex/Prompt28.build/Debug-iphonesimulator/Prompt28.build/Prompt28-DebugDylibInstallName-normal-x86_64.txt -Xlinker -filelist -Xlinker /Users/nataliewhipps/Library/Developer/Xcode/DerivedData/Prompt28-cgmmkisguitsyibyvnemfqvywbnv/Build/Intermediates.noindex/Prompt28.build/Debug-iphonesimulator/Prompt28.build/Prompt28-ExecutorLinkFileList-normal-x86_64.txt -Xlinker -sectcreate -Xlinker __TEXT -Xlinker __entitlements -Xlinker /Users/nataliewhipps/Library/Developer/Xcode/DerivedData/Prompt28-cgmmkisguitsyibyvnemfqvywbnv/Build/Intermediates.noindex/Prompt28.build/Debug-iphonesimulator/Prompt28.build/Prompt28.app-Simulated.xcent -Xlinker -sectcreate -Xlinker __TEXT -Xlinker __ents_der -Xlinker /Users/nataliewhipps/Library/Developer/Xcode/DerivedData/Prompt28-cgmmkisguitsyibyvnemfqvywbnv/Build/Intermediates.noindex/Prompt28.build/Debug-iphonesimulator/Prompt28.build/Prompt28.app-Simulated.xcent.der /Users/nataliewhipps/Library/Developer/Xcode/DerivedData/Prompt28-cgmmkisguitsyibyvnemfqvywbnv/Build/Products/Debug-iphonesimulator/Prompt28.app/Prompt28.debug.dylib -Xlinker -no_adhoc_codesign -o /Users/nataliewhipps/Library/Developer/Xcode/DerivedData/Prompt28-cgmmkisguitsyibyvnemfqvywbnv/Build/Products/Debug-iphonesimulator/Prompt28.app/Prompt28

CopySwiftLibs /Users/nataliewhipps/Library/Developer/Xcode/DerivedData/Prompt28-cgmmkisguitsyibyvnemfqvywbnv/Build/Products/Debug-iphonesimulator/Prompt28.app (in target 'Prompt28' from project 'Prompt28')
    cd /Users/nataliewhipps/Desktop/Prompt28
    builtin-swiftStdLibTool --copy --verbose --sign - --scan-executable /Users/nataliewhipps/Library/Developer/Xcode/DerivedData/Prompt28-cgmmkisguitsyibyvnemfqvywbnv/Build/Products/Debug-iphonesimulator/Prompt28.app/Prompt28.debug.dylib --scan-folder /Users/nataliewhipps/Library/Developer/Xcode/DerivedData/Prompt28-cgmmkisguitsyibyvnemfqvywbnv/Build/Products/Debug-iphonesimulator/Prompt28.app/Frameworks --scan-folder /Users/nataliewhipps/Library/Developer/Xcode/DerivedData/Prompt28-cgmmkisguitsyibyvnemfqvywbnv/Build/Products/Debug-iphonesimulator/Prompt28.app/PlugIns --scan-folder /Users/nataliewhipps/Library/Developer/Xcode/DerivedData/Prompt28-cgmmkisguitsyibyvnemfqvywbnv/Build/Products/Debug-iphonesimulator/Prompt28.app/SystemExtensions --scan-folder /Users/nataliewhipps/Library/Developer/Xcode/DerivedData/Prompt28-cgmmkisguitsyibyvnemfqvywbnv/Build/Products/Debug-iphonesimulator/Prompt28.app/Extensions --platform iphonesimulator --toolchain /Applications/Xcode.app/Contents/Developer/Toolchains/XcodeDefault.xctoolchain --destination /Users/nataliewhipps/Library/Developer/Xcode/DerivedData/Prompt28-cgmmkisguitsyibyvnemfqvywbnv/Build/Products/Debug-iphonesimulator/Prompt28.app/Frameworks --strip-bitcode --strip-bitcode-tool /Applications/Xcode.app/Contents/Developer/Toolchains/XcodeDefault.xctoolchain/usr/bin/bitcode_strip --emit-dependency-info /Users/nataliewhipps/Library/Developer/Xcode/DerivedData/Prompt28-cgmmkisguitsyibyvnemfqvywbnv/Build/Intermediates.noindex/Prompt28.build/Debug-iphonesimulator/Prompt28.build/SwiftStdLibToolInputDependencies.dep --filter-for-swift-os

ExtractAppIntentsMetadata (in target 'Prompt28' from project 'Prompt28')
    cd /Users/nataliewhipps/Desktop/Prompt28
    /Applications/Xcode.app/Contents/Developer/Toolchains/XcodeDefault.xctoolchain/usr/bin/appintentsmetadataprocessor --toolchain-dir /Applications/Xcode.app/Contents/Developer/Toolchains/XcodeDefault.xctoolchain --module-name Prompt28 --sdk-root /Applications/Xcode.app/Contents/Developer/Platforms/iPhoneSimulator.platform/Developer/SDKs/iPhoneSimulator26.2.sdk --xcode-version 17C529 --platform-family iOS --deployment-target 26.2 --bundle-identifier com.prompt28.prompt28 --output /Users/nataliewhipps/Library/Developer/Xcode/DerivedData/Prompt28-cgmmkisguitsyibyvnemfqvywbnv/Build/Products/Debug-iphonesimulator/Prompt28.app --target-triple x86_64-apple-ios26.2-simulator --binary-file /Users/nataliewhipps/Library/Developer/Xcode/DerivedData/Prompt28-cgmmkisguitsyibyvnemfqvywbnv/Build/Products/Debug-iphonesimulator/Prompt28.app/Prompt28 --dependency-file /Users/nataliewhipps/Library/Developer/Xcode/DerivedData/Prompt28-cgmmkisguitsyibyvnemfqvywbnv/Build/Intermediates.noindex/Prompt28.build/Debug-iphonesimulator/Prompt28.build/Objects-normal/x86_64/Prompt28_dependency_info.dat --stringsdata-file /Users/nataliewhipps/Library/Developer/Xcode/DerivedData/Prompt28-cgmmkisguitsyibyvnemfqvywbnv/Build/Intermediates.noindex/Prompt28.build/Debug-iphonesimulator/Prompt28.build/Objects-normal/x86_64/ExtractedAppShortcutsMetadata.stringsdata --source-file-list /Users/nataliewhipps/Library/Developer/Xcode/DerivedData/Prompt28-cgmmkisguitsyibyvnemfqvywbnv/Build/Intermediates.noindex/Prompt28.build/Debug-iphonesimulator/Prompt28.build/Objects-normal/x86_64/Prompt28.SwiftFileList --metadata-file-list /Users/nataliewhipps/Library/Developer/Xcode/DerivedData/Prompt28-cgmmkisguitsyibyvnemfqvywbnv/Build/Intermediates.noindex/Prompt28.build/Debug-iphonesimulator/Prompt28.build/Prompt28.DependencyMetadataFileList --static-metadata-file-list /Users/nataliewhipps/Library/Developer/Xcode/DerivedData/Prompt28-cgmmkisguitsyibyvnemfqvywbnv/Build/Intermediates.noindex/Prompt28.build/Debug-iphonesimulator/Prompt28.build/Prompt28.DependencyStaticMetadataFileList --swift-const-vals-list /Users/nataliewhipps/Library/Developer/Xcode/DerivedData/Prompt28-cgmmkisguitsyibyvnemfqvywbnv/Build/Intermediates.noindex/Prompt28.build/Debug-iphonesimulator/Prompt28.build/Objects-normal/x86_64/Prompt28.SwiftConstValuesFileList --compile-time-extraction --deployment-aware-processing --validate-assistant-intents --no-app-shortcuts-localization
2026-03-14 18:37:27.492 appintentsmetadataprocessor[29518:3279376] Starting appintentsmetadataprocessor export
2026-03-14 18:37:27.517 appintentsmetadataprocessor[29518:3279376] warning: Metadata extraction skipped. No AppIntents.framework dependency found.

AppIntentsSSUTraining (in target 'Prompt28' from project 'Prompt28')
    cd /Users/nataliewhipps/Desktop/Prompt28
    /Applications/Xcode.app/Contents/Developer/Toolchains/XcodeDefault.xctoolchain/usr/bin/appintentsnltrainingprocessor --infoplist-path /Users/nataliewhipps/Library/Developer/Xcode/DerivedData/Prompt28-cgmmkisguitsyibyvnemfqvywbnv/Build/Products/Debug-iphonesimulator/Prompt28.app/Info.plist --temp-dir-path /Users/nataliewhipps/Library/Developer/Xcode/DerivedData/Prompt28-cgmmkisguitsyibyvnemfqvywbnv/Build/Intermediates.noindex/Prompt28.build/Debug-iphonesimulator/Prompt28.build/ssu --bundle-id com.prompt28.prompt28 --product-path /Users/nataliewhipps/Library/Developer/Xcode/DerivedData/Prompt28-cgmmkisguitsyibyvnemfqvywbnv/Build/Products/Debug-iphonesimulator/Prompt28.app --extracted-metadata-path /Users/nataliewhipps/Library/Developer/Xcode/DerivedData/Prompt28-cgmmkisguitsyibyvnemfqvywbnv/Build/Products/Debug-iphonesimulator/Prompt28.app/Metadata.appintents --metadata-file-list /Users/nataliewhipps/Library/Developer/Xcode/DerivedData/Prompt28-cgmmkisguitsyibyvnemfqvywbnv/Build/Intermediates.noindex/Prompt28.build/Debug-iphonesimulator/Prompt28.build/Prompt28.DependencyMetadataFileList --archive-ssu-assets
2026-03-14 18:37:27.606 appintentsnltrainingprocessor[29519:3279395] Parsing options for appintentsnltrainingprocessor
2026-03-14 18:37:27.608 appintentsnltrainingprocessor[29519:3279395] No AppShortcuts found - Skipping.

CodeSign /Users/nataliewhipps/Library/Developer/Xcode/DerivedData/Prompt28-cgmmkisguitsyibyvnemfqvywbnv/Build/Products/Debug-iphonesimulator/Prompt28.app/Prompt28.debug.dylib (in target 'Prompt28' from project 'Prompt28')
    cd /Users/nataliewhipps/Desktop/Prompt28
    
    Signing Identity:     "Sign to Run Locally"
    
    /usr/bin/codesign --force --sign - --timestamp\=none --generate-entitlement-der /Users/nataliewhipps/Library/Developer/Xcode/DerivedData/Prompt28-cgmmkisguitsyibyvnemfqvywbnv/Build/Products/Debug-iphonesimulator/Prompt28.app/Prompt28.debug.dylib

CodeSign /Users/nataliewhipps/Library/Developer/Xcode/DerivedData/Prompt28-cgmmkisguitsyibyvnemfqvywbnv/Build/Products/Debug-iphonesimulator/Prompt28.app/__preview.dylib (in target 'Prompt28' from project 'Prompt28')
    cd /Users/nataliewhipps/Desktop/Prompt28
    
    Signing Identity:     "Sign to Run Locally"
    
    /usr/bin/codesign --force --sign - --timestamp\=none --generate-entitlement-der /Users/nataliewhipps/Library/Developer/Xcode/DerivedData/Prompt28-cgmmkisguitsyibyvnemfqvywbnv/Build/Products/Debug-iphonesimulator/Prompt28.app/__preview.dylib

CodeSign /Users/nataliewhipps/Library/Developer/Xcode/DerivedData/Prompt28-cgmmkisguitsyibyvnemfqvywbnv/Build/Products/Debug-iphonesimulator/Prompt28.app (in target 'Prompt28' from project 'Prompt28')
    cd /Users/nataliewhipps/Desktop/Prompt28
    
    Signing Identity:     "Sign to Run Locally"
    
    /usr/bin/codesign --force --sign - --entitlements /Users/nataliewhipps/Library/Developer/Xcode/DerivedData/Prompt28-cgmmkisguitsyibyvnemfqvywbnv/Build/Intermediates.noindex/Prompt28.build/Debug-iphonesimulator/Prompt28.build/Prompt28.app.xcent --timestamp\=none --generate-entitlement-der /Users/nataliewhipps/Library/Developer/Xcode/DerivedData/Prompt28-cgmmkisguitsyibyvnemfqvywbnv/Build/Products/Debug-iphonesimulator/Prompt28.app

RegisterExecutionPolicyException /Users/nataliewhipps/Library/Developer/Xcode/DerivedData/Prompt28-cgmmkisguitsyibyvnemfqvywbnv/Build/Products/Debug-iphonesimulator/Prompt28.app (in target 'Prompt28' from project 'Prompt28')
    cd /Users/nataliewhipps/Desktop/Prompt28
    builtin-RegisterExecutionPolicyException /Users/nataliewhipps/Library/Developer/Xcode/DerivedData/Prompt28-cgmmkisguitsyibyvnemfqvywbnv/Build/Products/Debug-iphonesimulator/Prompt28.app

Validate /Users/nataliewhipps/Library/Developer/Xcode/DerivedData/Prompt28-cgmmkisguitsyibyvnemfqvywbnv/Build/Products/Debug-iphonesimulator/Prompt28.app (in target 'Prompt28' from project 'Prompt28')
    cd /Users/nataliewhipps/Desktop/Prompt28
    builtin-validationUtility /Users/nataliewhipps/Library/Developer/Xcode/DerivedData/Prompt28-cgmmkisguitsyibyvnemfqvywbnv/Build/Products/Debug-iphonesimulator/Prompt28.app -shallow-bundle -infoplist-subpath Info.plist

Touch /Users/nataliewhipps/Library/Developer/Xcode/DerivedData/Prompt28-cgmmkisguitsyibyvnemfqvywbnv/Build/Products/Debug-iphonesimulator/Prompt28.app (in target 'Prompt28' from project 'Prompt28')
    cd /Users/nataliewhipps/Desktop/Prompt28
    /usr/bin/touch -c /Users/nataliewhipps/Library/Developer/Xcode/DerivedData/Prompt28-cgmmkisguitsyibyvnemfqvywbnv/Build/Products/Debug-iphonesimulator/Prompt28.app

note: Disabling hardened runtime with ad-hoc codesigning. (in target 'Prompt28' from project 'Prompt28')
** BUILD SUCCEEDED **

